# run: F_normal_scalar
# firmware: role=analyzer git=705f120 version=0.4.0
# started: 2026-10-09T08:39:43
>> SEQ DIAG off
OK SEQ DIAG off
>> SEQ start profile=TonalPulseScalar tries=30 mode=detail when=all verbose=1
OK SEQ
SEQ remote claim: send=6846ms ack=6852ms wait=6ms status=ok
SEQ rebase: start=6853ms end=6953ms elapsed=100ms
AUDIO stats reset
SEQ start test=default startup_delay_ms=1000 report_settle_ms=500 loopDelayMs=0 logStress=0
SEQ start source=I2S probe=AMP profile=TonalPulseScalar source=ScalarTransient detector=ScalarTransient freq_min_duration_ms=60 freq_release_debounce_ms=30 freq_cooldown_ms=0 scalar_observed_stream=FrequencyTarget scalar_onset_threshold=2000.0 scalar_release_threshold=1500.0 scalar_cooldown_ms=50 scalar_min_duration_ms=85 scalar_max_duration_ms=200 scalar_min_peak_strength=3000.0 scalar_release_debounce_ms=10 scalar_require_carrier_quality=1 scalar_min_release_coverage_ms=80 scalar_min_longest_island_ms=20 scalar_max_gap_ms=20 history.bin_ms=1 history.capacity_bins=256 history.coverage_ms=256 history.stream=amp aggregation=mean_abs+rms+peak_abs history.stream=freq_target aggregation=fresh_only history.stream=freq_contrast aggregation=fresh_only mode=SEQ test=default startup_delay_ms=1000 report_settle_ms=500 loopDelayMs=0 logStress=0 quiet=0 tries=30 period_ms=2500 window_start_ms=0 window_end_ms=2200 freq_hz=3200 dur_ms=100
SEQ scalar: observed_stream=FrequencyTarget onset_threshold=2000.0 release_threshold=1500.0 cooldown_ms=50 min_duration_ms=85 max_duration_ms=200 min_peak_strength=3000.0 release_debounce_ms=10 carrier_quality_required=1 min_strength_required=1 min_strength=0.0 min_release_coverage_ms=80 min_longest_island_ms=20 max_gap_ms=20
FREQBAND runtime: freq.window_samples=64 freq.window_ms=4.00 freq.update_every_samples=4 freq.update_period_ms=0.250 freq.target_hz=3200 freq.produced_fresh_packet=0 freq.packet_age_samples=0 freq.packet_age_ms=0.000
SEQ running

#1 ----------------
SEQ_HISTDBG trial=1 incomplete_total=0 new=0 out_of_order_total=2 i2s_backsteps=2 i2s_max_backstep_us=10728 i2s_overflows=0 clock_corrections=3 clock_max_correction_us=10728
SEQ_TRIAL trial=1 result=expected stage=analyzer reject_reason=result_in_expected_window source_selection=selected_occurrence source_reason=none dt=3ms duration_ms=109 contrast_class=medium amp_class=strong coverage_ms=109 island_max_ms=109 gap_max_ms=0 source_strength=12632.0 verdict_confidence=1.00 dup=0 src_total=1 src_acc=1 src_rej=0 buffer_overrun=0 profile=TonalPulseScalar

#2 ----------------
SEQ_HISTDBG trial=2 incomplete_total=0 new=0 out_of_order_total=2 i2s_backsteps=3 i2s_max_backstep_us=10728 i2s_overflows=0 clock_corrections=6 clock_max_correction_us=32000
SEQ_TRIAL trial=2 result=unexpected stage=source reject_reason=missing_pipeline_result source_selection=none source_reason=none dt=-1ms contrast_class=unknown amp_class=unknown source_strength=0.0 verdict_confidence=0.00 dup=0 src_total=0 src_acc=0 src_rej=0 buffer_overrun=0 profile=TonalPulseScalar

#3 ----------------
SEQ_HISTDBG trial=3 incomplete_total=0 new=0 out_of_order_total=2 i2s_backsteps=3 i2s_max_backstep_us=10728 i2s_overflows=0 clock_corrections=9 clock_max_correction_us=32000
SEQ_TRIAL trial=3 result=unexpected stage=source reject_reason=missing_pipeline_result source_selection=none source_reason=none dt=-1ms contrast_class=unknown amp_class=unknown source_strength=0.0 verdict_confidence=0.00 dup=0 src_total=0 src_acc=0 src_rej=0 buffer_overrun=0 profile=TonalPulseScalar

#4 ----------------
SEQ_HISTDBG trial=4 incomplete_total=0 new=0 out_of_order_total=2 i2s_backsteps=4 i2s_max_backstep_us=10728 i2s_overflows=0 clock_corrections=13 clock_max_correction_us=32000
SEQ_TRIAL trial=4 result=unexpected stage=source reject_reason=missing_pipeline_result source_selection=none source_reason=none dt=-1ms contrast_class=unknown amp_class=unknown source_strength=0.0 verdict_confidence=0.00 dup=0 src_total=0 src_acc=0 src_rej=0 buffer_overrun=0 profile=TonalPulseScalar

#5 ----------------
SEQ_HISTDBG trial=5 incomplete_total=0 new=0 out_of_order_total=2 i2s_backsteps=5 i2s_max_backstep_us=10728 i2s_overflows=0 clock_corrections=16 clock_max_correction_us=32000
SEQ_TRIAL trial=5 result=unexpected stage=source reject_reason=missing_pipeline_result source_selection=none source_reason=none dt=-1ms contrast_class=unknown amp_class=unknown source_strength=0.0 verdict_confidence=0.00 dup=0 src_total=0 src_acc=0 src_rej=0 buffer_overrun=0 profile=TonalPulseScalar

#6 ----------------
SEQ_HISTDBG trial=6 incomplete_total=0 new=0 out_of_order_total=2 i2s_backsteps=5 i2s_max_backstep_us=10728 i2s_overflows=0 clock_corrections=19 clock_max_correction_us=32000
SEQ_TRIAL trial=6 result=unexpected stage=source reject_reason=missing_pipeline_result source_selection=none source_reason=none dt=-1ms contrast_class=unknown amp_class=unknown source_strength=0.0 verdict_confidence=0.00 dup=0 src_total=0 src_acc=0 src_rej=0 buffer_overrun=0 profile=TonalPulseScalar

#7 ----------------
SEQ_HISTDBG trial=7 incomplete_total=0 new=0 out_of_order_total=2 i2s_backsteps=6 i2s_max_backstep_us=10728 i2s_overflows=0 clock_corrections=22 clock_max_correction_us=32000
SEQ_TRIAL trial=7 result=unexpected stage=source reject_reason=missing_pipeline_result source_selection=none source_reason=none dt=-1ms contrast_class=unknown amp_class=unknown source_strength=0.0 verdict_confidence=0.00 dup=0 src_total=0 src_acc=0 src_rej=0 buffer_overrun=0 profile=TonalPulseScalar

#8 ----------------
SEQ_HISTDBG trial=8 incomplete_total=0 new=0 out_of_order_total=2 i2s_backsteps=6 i2s_max_backstep_us=10728 i2s_overflows=0 clock_corrections=25 clock_max_correction_us=32000
SEQ_TRIAL trial=8 result=unexpected stage=source reject_reason=missing_pipeline_result source_selection=none source_reason=none dt=-1ms contrast_class=unknown amp_class=unknown source_strength=0.0 verdict_confidence=0.00 dup=0 src_total=0 src_acc=0 src_rej=0 buffer_overrun=0 profile=TonalPulseScalar

#9 ----------------
SEQ_HISTDBG trial=9 incomplete_total=0 new=0 out_of_order_total=2 i2s_backsteps=6 i2s_max_backstep_us=10728 i2s_overflows=0 clock_corrections=28 clock_max_correction_us=32000
SEQ_TRIAL trial=9 result=unexpected stage=source reject_reason=missing_pipeline_result source_selection=none source_reason=none dt=-1ms contrast_class=unknown amp_class=unknown source_strength=0.0 verdict_confidence=0.00 dup=0 src_total=0 src_acc=0 src_rej=0 buffer_overrun=0 profile=TonalPulseScalar

#10 ----------------
SEQ_HISTDBG trial=10 incomplete_total=0 new=0 out_of_order_total=2 i2s_backsteps=7 i2s_max_backstep_us=10728 i2s_overflows=0 clock_corrections=32 clock_max_correction_us=32000
SEQ_TRIAL trial=10 result=unexpected stage=source reject_reason=missing_pipeline_result source_selection=none source_reason=none dt=-1ms contrast_class=unknown amp_class=unknown source_strength=0.0 verdict_confidence=0.00 dup=0 src_total=0 src_acc=0 src_rej=0 buffer_overrun=0 profile=TonalPulseScalar

#11 ----------------
SEQ_HISTDBG trial=11 incomplete_total=0 new=0 out_of_order_total=2 i2s_backsteps=8 i2s_max_backstep_us=10728 i2s_overflows=0 clock_corrections=35 clock_max_correction_us=32000
SEQ_TRIAL trial=11 result=unexpected stage=source reject_reason=missing_pipeline_result source_selection=none source_reason=none dt=-1ms contrast_class=unknown amp_class=unknown source_strength=0.0 verdict_confidence=0.00 dup=0 src_total=0 src_acc=0 src_rej=0 buffer_overrun=0 profile=TonalPulseScalar

#12 ----------------
SEQ_HISTDBG trial=12 incomplete_total=0 new=0 out_of_order_total=2 i2s_backsteps=9 i2s_max_backstep_us=10728 i2s_overflows=0 clock_corrections=38 clock_max_correction_us=32000
SEQ_TRIAL trial=12 result=unexpected stage=source reject_reason=missing_pipeline_result source_selection=none source_reason=none dt=-1ms contrast_class=unknown amp_class=unknown source_strength=0.0 verdict_confidence=0.00 dup=0 src_total=0 src_acc=0 src_rej=0 buffer_overrun=0 profile=TonalPulseScalar

#13 ----------------
SEQ_HISTDBG trial=13 incomplete_total=0 new=0 out_of_order_total=2 i2s_backsteps=9 i2s_max_backstep_us=10728 i2s_overflows=0 clock_corrections=41 clock_max_correction_us=32000
SEQ_TRIAL trial=13 result=unexpected stage=source reject_reason=missing_pipeline_result source_selection=none source_reason=none dt=-1ms contrast_class=unknown amp_class=unknown source_strength=0.0 verdict_confidence=0.00 dup=0 src_total=0 src_acc=0 src_rej=0 buffer_overrun=0 profile=TonalPulseScalar

#14 ----------------
SEQ_HISTDBG trial=14 incomplete_total=0 new=0 out_of_order_total=2 i2s_backsteps=9 i2s_max_backstep_us=10728 i2s_overflows=0 clock_corrections=44 clock_max_correction_us=32000
SEQ_TRIAL trial=14 result=unexpected stage=source reject_reason=missing_pipeline_result source_selection=none source_reason=none dt=-1ms contrast_class=unknown amp_class=unknown source_strength=0.0 verdict_confidence=0.00 dup=0 src_total=0 src_acc=0 src_rej=0 buffer_overrun=0 profile=TonalPulseScalar

#15 ----------------
SEQ_HISTDBG trial=15 incomplete_total=0 new=0 out_of_order_total=2 i2s_backsteps=10 i2s_max_backstep_us=10728 i2s_overflows=0 clock_corrections=48 clock_max_correction_us=32000
SEQ_TRIAL trial=15 result=unexpected stage=source reject_reason=missing_pipeline_result source_selection=none source_reason=none dt=-1ms contrast_class=unknown amp_class=unknown source_strength=0.0 verdict_confidence=0.00 dup=0 src_total=0 src_acc=0 src_rej=0 buffer_overrun=0 profile=TonalPulseScalar

#16 ----------------
SEQ_HISTDBG trial=16 incomplete_total=0 new=0 out_of_order_total=2 i2s_backsteps=10 i2s_max_backstep_us=10728 i2s_overflows=0 clock_corrections=51 clock_max_correction_us=32000
SEQ_TRIAL trial=16 result=unexpected stage=source reject_reason=missing_pipeline_result source_selection=none source_reason=none dt=-1ms contrast_class=unknown amp_class=unknown source_strength=0.0 verdict_confidence=0.00 dup=0 src_total=0 src_acc=0 src_rej=0 buffer_overrun=0 profile=TonalPulseScalar

#17 ----------------
SEQ_HISTDBG trial=17 incomplete_total=0 new=0 out_of_order_total=2 i2s_backsteps=10 i2s_max_backstep_us=10728 i2s_overflows=0 clock_corrections=54 clock_max_correction_us=32000
SEQ_TRIAL trial=17 result=unexpected stage=source reject_reason=missing_pipeline_result source_selection=none source_reason=none dt=-1ms contrast_class=unknown amp_class=unknown source_strength=0.0 verdict_confidence=0.00 dup=0 src_total=0 src_acc=0 src_rej=0 buffer_overrun=0 profile=TonalPulseScalar

#18 ----------------
SEQ_HISTDBG trial=18 incomplete_total=0 new=0 out_of_order_total=2 i2s_backsteps=12 i2s_max_backstep_us=10728 i2s_overflows=0 clock_corrections=57 clock_max_correction_us=32000
SEQ_TRIAL trial=18 result=unexpected stage=source reject_reason=missing_pipeline_result source_selection=none source_reason=none dt=-1ms contrast_class=unknown amp_class=unknown source_strength=0.0 verdict_confidence=0.00 dup=0 src_total=0 src_acc=0 src_rej=0 buffer_overrun=0 profile=TonalPulseScalar

#19 ----------------
SEQ_HISTDBG trial=19 incomplete_total=0 new=0 out_of_order_total=2 i2s_backsteps=12 i2s_max_backstep_us=10728 i2s_overflows=0 clock_corrections=60 clock_max_correction_us=32000
SEQ_TRIAL trial=19 result=unexpected stage=source reject_reason=missing_pipeline_result source_selection=none source_reason=none dt=-1ms contrast_class=unknown amp_class=unknown source_strength=0.0 verdict_confidence=0.00 dup=0 src_total=0 src_acc=0 src_rej=0 buffer_overrun=0 profile=TonalPulseScalar

#20 ----------------
SEQ_HISTDBG trial=20 incomplete_total=0 new=0 out_of_order_total=2 i2s_backsteps=12 i2s_max_backstep_us=10728 i2s_overflows=0 clock_corrections=63 clock_max_correction_us=32000
SEQ_TRIAL trial=20 result=unexpected stage=source reject_reason=missing_pipeline_result source_selection=none source_reason=none dt=-1ms contrast_class=unknown amp_class=unknown source_strength=0.0 verdict_confidence=0.00 dup=0 src_total=0 src_acc=0 src_rej=0 buffer_overrun=0 profile=TonalPulseScalar

#21 ----------------
SEQ_HISTDBG trial=21 incomplete_total=0 new=0 out_of_order_total=2 i2s_backsteps=13 i2s_max_backstep_us=10728 i2s_overflows=0 clock_corrections=67 clock_max_correction_us=32000
SEQ_TRIAL trial=21 result=unexpected stage=source reject_reason=missing_pipeline_result source_selection=none source_reason=none dt=-1ms contrast_class=unknown amp_class=unknown source_strength=0.0 verdict_confidence=0.00 dup=0 src_total=0 src_acc=0 src_rej=0 buffer_overrun=0 profile=TonalPulseScalar

#22 ----------------
SEQ_HISTDBG trial=22 incomplete_total=0 new=0 out_of_order_total=2 i2s_backsteps=13 i2s_max_backstep_us=10728 i2s_overflows=0 clock_corrections=70 clock_max_correction_us=32000
SEQ_TRIAL trial=22 result=unexpected stage=source reject_reason=missing_pipeline_result source_selection=none source_reason=none dt=-1ms contrast_class=unknown amp_class=unknown source_strength=0.0 verdict_confidence=0.00 dup=0 src_total=0 src_acc=0 src_rej=0 buffer_overrun=0 profile=TonalPulseScalar

#23 ----------------
SEQ_HISTDBG trial=23 incomplete_total=0 new=0 out_of_order_total=2 i2s_backsteps=14 i2s_max_backstep_us=10728 i2s_overflows=0 clock_corrections=73 clock_max_correction_us=32000
SEQ_TRIAL trial=23 result=unexpected stage=source reject_reason=missing_pipeline_result source_selection=none source_reason=none dt=-1ms contrast_class=unknown amp_class=unknown source_strength=0.0 verdict_confidence=0.00 dup=0 src_total=0 src_acc=0 src_rej=0 buffer_overrun=0 profile=TonalPulseScalar

#24 ----------------
SEQ_HISTDBG trial=24 incomplete_total=0 new=0 out_of_order_total=2 i2s_backsteps=15 i2s_max_backstep_us=10728 i2s_overflows=0 clock_corrections=76 clock_max_correction_us=32000
SEQ_TRIAL trial=24 result=unexpected stage=source reject_reason=missing_pipeline_result source_selection=none source_reason=none dt=-1ms contrast_class=unknown amp_class=unknown source_strength=0.0 verdict_confidence=0.00 dup=0 src_total=0 src_acc=0 src_rej=0 buffer_overrun=0 profile=TonalPulseScalar

#25 ----------------
SEQ_HISTDBG trial=25 incomplete_total=0 new=0 out_of_order_total=2 i2s_backsteps=15 i2s_max_backstep_us=10728 i2s_overflows=0 clock_corrections=79 clock_max_correction_us=32000
SEQ_TRIAL trial=25 result=unexpected stage=source reject_reason=missing_pipeline_result source_selection=none source_reason=none dt=-1ms contrast_class=unknown amp_class=unknown source_strength=0.0 verdict_confidence=0.00 dup=0 src_total=0 src_acc=0 src_rej=0 buffer_overrun=0 profile=TonalPulseScalar

#26 ----------------
SEQ_HISTDBG trial=26 incomplete_total=0 new=0 out_of_order_total=2 i2s_backsteps=16 i2s_max_backstep_us=10728 i2s_overflows=0 clock_corrections=83 clock_max_correction_us=32000
SEQ_TRIAL trial=26 result=unexpected stage=source reject_reason=missing_pipeline_result source_selection=none source_reason=none dt=-1ms contrast_class=unknown amp_class=unknown source_strength=0.0 verdict_confidence=0.00 dup=0 src_total=0 src_acc=0 src_rej=0 buffer_overrun=0 profile=TonalPulseScalar

#27 ----------------
SEQ_HISTDBG trial=27 incomplete_total=0 new=0 out_of_order_total=2 i2s_backsteps=16 i2s_max_backstep_us=10728 i2s_overflows=0 clock_corrections=86 clock_max_correction_us=32000
SEQ_TRIAL trial=27 result=unexpected stage=source reject_reason=missing_pipeline_result source_selection=none source_reason=none dt=-1ms contrast_class=unknown amp_class=unknown source_strength=0.0 verdict_confidence=0.00 dup=0 src_total=0 src_acc=0 src_rej=0 buffer_overrun=0 profile=TonalPulseScalar

#28 ----------------
SEQ_HISTDBG trial=28 incomplete_total=0 new=0 out_of_order_total=2 i2s_backsteps=16 i2s_max_backstep_us=10728 i2s_overflows=0 clock_corrections=89 clock_max_correction_us=32000
SEQ_TRIAL trial=28 result=unexpected stage=source reject_reason=missing_pipeline_result source_selection=none source_reason=none dt=-1ms contrast_class=unknown amp_class=unknown source_strength=0.0 verdict_confidence=0.00 dup=0 src_total=0 src_acc=0 src_rej=0 buffer_overrun=0 profile=TonalPulseScalar

#29 ----------------
SEQ_HISTDBG trial=29 incomplete_total=0 new=0 out_of_order_total=2 i2s_backsteps=16 i2s_max_backstep_us=10728 i2s_overflows=0 clock_corrections=92 clock_max_correction_us=32000
SEQ_TRIAL trial=29 result=unexpected stage=source reject_reason=missing_pipeline_result source_selection=none source_reason=none dt=-1ms contrast_class=unknown amp_class=unknown source_strength=0.0 verdict_confidence=0.00 dup=0 src_total=0 src_acc=0 src_rej=0 buffer_overrun=0 profile=TonalPulseScalar

#30 ----------------
SEQ_HISTDBG trial=30 incomplete_total=0 new=0 out_of_order_total=2 i2s_backsteps=17 i2s_max_backstep_us=10728 i2s_overflows=0 clock_corrections=95 clock_max_correction_us=32000
SEQ_TRIAL trial=30 result=unexpected stage=source reject_reason=missing_pipeline_result source_selection=none source_reason=none dt=-1ms contrast_class=unknown amp_class=unknown source_strength=0.0 verdict_confidence=0.00 dup=0 src_total=0 src_acc=0 src_rej=0 buffer_overrun=0 profile=TonalPulseScalar
SEQ_SUMMARY profile=TonalPulseScalar detector=scalar_transient trials=30 completed=30 expected_trials=1 early_trials=0 late_trials=0 miss_trials=0 duplicate_trials=0 unexpected_trials=29 rejected_trials=0 buffer_overrun_trials=0 ambiguous_trials=0 too_dense_trials=0 detector_accepted_trials=1 detector_reject_trials=0 pattern_valid_trials=1 pattern_rejected_trials=0 avg_dt_ms=3 avg_strength=12632.0 avg_conf=1.00
