# run: G_evq_off
# firmware: role=analyzer git=1f45158 version=0.4.0
# started: 2026-10-09T09:10:51
>> SEQ DIAG off
OK SEQ DIAG off
>> SEQ start profile=TonalPulseScalar tries=8 mode=detail when=all verbose=1
OK SEQ
SEQ remote claim: send=6888ms ack=6893ms wait=5ms status=ok
SEQ rebase: start=6894ms end=6994ms elapsed=100ms
AUDIO stats reset
SEQ start test=default startup_delay_ms=1000 report_settle_ms=500 loopDelayMs=0 logStress=0
SEQ start source=I2S probe=AMP profile=TonalPulseScalar source=ScalarTransient detector=ScalarTransient freq_min_duration_ms=60 freq_release_debounce_ms=30 freq_cooldown_ms=0 scalar_observed_stream=FrequencyTarget scalar_onset_threshold=2000.0 scalar_release_threshold=1500.0 scalar_cooldown_ms=50 scalar_min_duration_ms=85 scalar_max_duration_ms=200 scalar_min_peak_strength=3000.0 scalar_release_debounce_ms=10 scalar_require_carrier_quality=1 scalar_min_release_coverage_ms=80 scalar_min_longest_island_ms=20 scalar_max_gap_ms=20 history.bin_ms=1 history.capacity_bins=256 history.coverage_ms=256 history.stream=amp aggregation=mean_abs+rms+peak_abs history.stream=freq_target aggregation=fresh_only history.stream=freq_contrast aggregation=fresh_only mode=SEQ test=default startup_delay_ms=1000 report_settle_ms=500 loopDelayMs=0 logStress=0 quiet=0 tries=8 period_ms=2500 window_start_ms=0 window_end_ms=2200 freq_hz=3200 dur_ms=100
SEQ scalar: observed_stream=FrequencyTarget onset_threshold=2000.0 release_threshold=1500.0 cooldown_ms=50 min_duration_ms=85 max_duration_ms=200 min_peak_strength=3000.0 release_debounce_ms=10 carrier_quality_required=1 min_strength_required=1 min_strength=0.0 min_release_coverage_ms=80 min_longest_island_ms=20 max_gap_ms=20
FREQBAND runtime: freq.window_samples=64 freq.window_ms=4.00 freq.update_every_samples=4 freq.update_period_ms=0.250 freq.target_hz=3200 freq.produced_fresh_packet=0 freq.packet_age_samples=0 freq.packet_age_ms=0.000
SEQ running

#1 ----------------
SEQ_HISTDBG trial=1 incomplete_total=0 new=0 out_of_order_total=2 i2s_backsteps=1 i2s_max_backstep_us=2612 i2s_overflows=0 clock_corrections=4 clock_max_correction_us=424361 emit_marker_seen=1 emit_marker_dt_ms=68 uptime_ms=10671 samples_read=38400 dropped_dma_buffers=0 clock_rate_mhz=15686274
SEQ_TRIAL trial=1 result=rejected stage=source reject_reason=duration_too_short source_selection=selected_reject source_reason=none dt=na duration_ms=57 contrast_class=unknown amp_class=unknown coverage_ms=57 island_max_ms=57 gap_max_ms=0 source_strength=12477.0 verdict_confidence=0.00 dup=0 src_total=1 src_acc=0 src_rej=1 buffer_overrun=0 profile=TonalPulseScalar

#2 ----------------
SEQ_HISTDBG trial=2 incomplete_total=0 new=0 out_of_order_total=2 i2s_backsteps=1 i2s_max_backstep_us=2612 i2s_overflows=0 clock_corrections=8 clock_max_correction_us=425737 emit_marker_seen=1 emit_marker_dt_ms=116 uptime_ms=13918 samples_read=69632 dropped_dma_buffers=0 clock_rate_mhz=15686274
SEQ_TRIAL trial=2 result=miss stage=source reject_reason=occurrence_seen_but_rejected source_selection=selected_reject source_reason=none dt=-374ms duration_ms=57 contrast_class=unknown amp_class=unknown coverage_ms=57 island_max_ms=50 gap_max_ms=0 source_strength=10388.0 verdict_confidence=0.00 dup=0 src_total=1 src_acc=0 src_rej=1 buffer_overrun=0 profile=TonalPulseScalar

#3 ----------------
SEQ_HISTDBG trial=3 incomplete_total=0 new=0 out_of_order_total=2 i2s_backsteps=1 i2s_max_backstep_us=2612 i2s_overflows=0 clock_corrections=12 clock_max_correction_us=425737 emit_marker_seen=1 emit_marker_dt_ms=105 uptime_ms=17118 samples_read=100864 dropped_dma_buffers=0 clock_rate_mhz=15686274
SEQ_TRIAL trial=3 result=miss stage=source reject_reason=occurrence_seen_but_rejected source_selection=selected_reject source_reason=none dt=-317ms duration_ms=58 contrast_class=unknown amp_class=unknown coverage_ms=58 island_max_ms=58 gap_max_ms=0 source_strength=9500.0 verdict_confidence=0.00 dup=0 src_total=1 src_acc=0 src_rej=1 buffer_overrun=0 profile=TonalPulseScalar

#4 ----------------
SEQ_HISTDBG trial=4 incomplete_total=0 new=0 out_of_order_total=2 i2s_backsteps=1 i2s_max_backstep_us=2612 i2s_overflows=0 clock_corrections=16 clock_max_correction_us=425832 emit_marker_seen=1 emit_marker_dt_ms=116 uptime_ms=20365 samples_read=132096 dropped_dma_buffers=0 clock_rate_mhz=15686274
SEQ_TRIAL trial=4 result=miss stage=source reject_reason=occurrence_seen_but_rejected source_selection=selected_reject source_reason=none dt=-268ms duration_ms=57 contrast_class=unknown amp_class=unknown coverage_ms=57 island_max_ms=57 gap_max_ms=0 source_strength=10351.0 verdict_confidence=0.00 dup=0 src_total=1 src_acc=0 src_rej=1 buffer_overrun=0 profile=TonalPulseScalar

#5 ----------------
SEQ_HISTDBG trial=5 incomplete_total=0 new=0 out_of_order_total=2 i2s_backsteps=1 i2s_max_backstep_us=2612 i2s_overflows=0 clock_corrections=20 clock_max_correction_us=425832 emit_marker_seen=1 emit_marker_dt_ms=105 uptime_ms=23566 samples_read=163328 dropped_dma_buffers=0 clock_rate_mhz=15686274
SEQ_TRIAL trial=5 result=miss stage=source reject_reason=occurrence_seen_but_rejected source_selection=selected_reject source_reason=none dt=-209ms duration_ms=58 contrast_class=unknown amp_class=unknown coverage_ms=58 island_max_ms=58 gap_max_ms=0 source_strength=12523.0 verdict_confidence=0.00 dup=0 src_total=1 src_acc=0 src_rej=1 buffer_overrun=0 profile=TonalPulseScalar

#6 ----------------
SEQ_HISTDBG trial=6 incomplete_total=0 new=0 out_of_order_total=2 i2s_backsteps=1 i2s_max_backstep_us=2612 i2s_overflows=0 clock_corrections=24 clock_max_correction_us=425832 emit_marker_seen=1 emit_marker_dt_ms=116 uptime_ms=26813 samples_read=194560 dropped_dma_buffers=0 clock_rate_mhz=15686274
SEQ_TRIAL trial=6 result=miss stage=source reject_reason=occurrence_seen_but_rejected source_selection=selected_reject source_reason=none dt=-163ms duration_ms=57 contrast_class=unknown amp_class=unknown coverage_ms=57 island_max_ms=57 gap_max_ms=0 source_strength=10188.0 verdict_confidence=0.00 dup=0 src_total=1 src_acc=0 src_rej=1 buffer_overrun=0 profile=TonalPulseScalar

#7 ----------------
SEQ_HISTDBG trial=7 incomplete_total=0 new=0 out_of_order_total=2 i2s_backsteps=1 i2s_max_backstep_us=2612 i2s_overflows=0 clock_corrections=28 clock_max_correction_us=425832 emit_marker_seen=1 emit_marker_dt_ms=105 uptime_ms=30013 samples_read=225792 dropped_dma_buffers=0 clock_rate_mhz=15686274
SEQ_TRIAL trial=7 result=rejected stage=source reject_reason=duration_too_short source_selection=selected_reject source_reason=none dt=na duration_ms=58 contrast_class=unknown amp_class=unknown coverage_ms=58 island_max_ms=58 gap_max_ms=0 source_strength=11668.0 verdict_confidence=0.00 dup=0 src_total=1 src_acc=0 src_rej=1 buffer_overrun=0 profile=TonalPulseScalar

#8 ----------------
SEQ_HISTDBG trial=8 incomplete_total=0 new=0 out_of_order_total=2 i2s_backsteps=1 i2s_max_backstep_us=2612 i2s_overflows=0 clock_corrections=31 clock_max_correction_us=432614 emit_marker_seen=1 emit_marker_dt_ms=116 uptime_ms=33259 samples_read=257024 dropped_dma_buffers=0 clock_rate_mhz=15686274
SEQ_TRIAL trial=8 result=miss stage=source reject_reason=occurrence_seen_but_rejected source_selection=selected_reject source_reason=none dt=-472ms duration_ms=473 contrast_class=unknown amp_class=unknown coverage_ms=473 island_max_ms=473 gap_max_ms=0 source_strength=10033.0 verdict_confidence=0.00 dup=0 src_total=1 src_acc=0 src_rej=1 buffer_overrun=0 profile=TonalPulseScalar
SEQ_SUMMARY profile=TonalPulseScalar detector=scalar_transient trials=8 completed=8 expected_trials=0 early_trials=0 late_trials=0 miss_trials=6 duplicate_trials=0 unexpected_trials=0 rejected_trials=2 buffer_overrun_trials=0 ambiguous_trials=0 too_dense_trials=0 detector_accepted_trials=0 detector_reject_trials=8 pattern_valid_trials=0 pattern_rejected_trials=0 avg_dt_ms=-1 avg_strength=10891.0 avg_conf=0.00
