# run: G_evq_on
# firmware: role=analyzer git=1f45158 version=0.4.0
# started: 2026-10-09T09:09:32
>> SEQ DIAG off
OK SEQ DIAG off
>> SEQ start profile=TonalPulseScalar tries=8 mode=detail when=all verbose=1
OK SEQ
SEQ remote claim: send=6816ms ack=6821ms wait=5ms status=ok
SEQ rebase: start=6822ms end=6922ms elapsed=100ms
AUDIO stats reset
SEQ start test=default startup_delay_ms=1000 report_settle_ms=500 loopDelayMs=0 logStress=0
SEQ start source=I2S probe=AMP profile=TonalPulseScalar source=ScalarTransient detector=ScalarTransient freq_min_duration_ms=60 freq_release_debounce_ms=30 freq_cooldown_ms=0 scalar_observed_stream=FrequencyTarget scalar_onset_threshold=2000.0 scalar_release_threshold=1500.0 scalar_cooldown_ms=50 scalar_min_duration_ms=85 scalar_max_duration_ms=200 scalar_min_peak_strength=3000.0 scalar_release_debounce_ms=10 scalar_require_carrier_quality=1 scalar_min_release_coverage_ms=80 scalar_min_longest_island_ms=20 scalar_max_gap_ms=20 history.bin_ms=1 history.capacity_bins=256 history.coverage_ms=256 history.stream=amp aggregation=mean_abs+rms+peak_abs history.stream=freq_target aggregation=fresh_only history.stream=freq_contrast aggregation=fresh_only mode=SEQ test=default startup_delay_ms=1000 report_settle_ms=500 loopDelayMs=0 logStress=0 quiet=0 tries=8 period_ms=2500 window_start_ms=0 window_end_ms=2200 freq_hz=3200 dur_ms=100
SEQ scalar: observed_stream=FrequencyTarget onset_threshold=2000.0 release_threshold=1500.0 cooldown_ms=50 min_duration_ms=85 max_duration_ms=200 min_peak_strength=3000.0 release_debounce_ms=10 carrier_quality_required=1 min_strength_required=1 min_strength=0.0 min_release_coverage_ms=80 min_longest_island_ms=20 max_gap_ms=20
FREQBAND runtime: freq.window_samples=64 freq.window_ms=4.00 freq.update_every_samples=4 freq.update_period_ms=0.250 freq.target_hz=3200 freq.produced_fresh_packet=0 freq.packet_age_samples=0 freq.packet_age_ms=0.000
SEQ running

#1 ----------------
SEQ_HISTDBG trial=1 incomplete_total=0 new=0 out_of_order_total=2 i2s_backsteps=1 i2s_max_backstep_us=2714 i2s_overflows=0 clock_corrections=4 clock_max_correction_us=10250 emit_marker_seen=1 emit_marker_dt_ms=66 uptime_ms=10608 samples_read=38912 dropped_dma_buffers=154 clock_rate_mhz=15940570
SEQ_TRIAL trial=1 result=expected stage=analyzer reject_reason=result_in_expected_window source_selection=selected_occurrence source_reason=none dt=-54ms duration_ms=113 contrast_class=medium amp_class=strong coverage_ms=112 island_max_ms=113 gap_max_ms=0 source_strength=12544.0 verdict_confidence=1.00 dup=0 src_total=1 src_acc=1 src_rej=0 buffer_overrun=0 profile=TonalPulseScalar

#2 ----------------
SEQ_HISTDBG trial=2 incomplete_total=0 new=0 out_of_order_total=4 i2s_backsteps=2 i2s_max_backstep_us=3269 i2s_overflows=0 clock_corrections=8 clock_max_correction_us=10250 emit_marker_seen=1 emit_marker_dt_ms=96 uptime_ms=13849 samples_read=70656 dropped_dma_buffers=311 clock_rate_mhz=15957099
SEQ_TRIAL trial=2 result=expected stage=analyzer reject_reason=result_in_expected_window source_selection=selected_occurrence source_reason=none dt=-40ms duration_ms=112 contrast_class=medium amp_class=strong coverage_ms=112 island_max_ms=112 gap_max_ms=0 source_strength=10088.0 verdict_confidence=1.00 dup=0 src_total=1 src_acc=1 src_rej=0 buffer_overrun=0 profile=TonalPulseScalar

#3 ----------------
SEQ_HISTDBG trial=3 incomplete_total=0 new=0 out_of_order_total=8 i2s_backsteps=4 i2s_max_backstep_us=3269 i2s_overflows=0 clock_corrections=12 clock_max_correction_us=10250 emit_marker_seen=1 emit_marker_dt_ms=67 uptime_ms=17070 samples_read=102528 dropped_dma_buffers=465 clock_rate_mhz=15894102
SEQ_TRIAL trial=3 result=expected stage=analyzer reject_reason=result_in_expected_window source_selection=selected_occurrence source_reason=none dt=-45ms duration_ms=115 contrast_class=medium amp_class=strong coverage_ms=113 island_max_ms=114 gap_max_ms=0 source_strength=12539.0 verdict_confidence=1.00 dup=0 src_total=1 src_acc=1 src_rej=0 buffer_overrun=0 profile=TonalPulseScalar

#4 ----------------
SEQ_HISTDBG trial=4 incomplete_total=0 new=0 out_of_order_total=12 i2s_backsteps=6 i2s_max_backstep_us=4333 i2s_overflows=0 clock_corrections=16 clock_max_correction_us=10250 emit_marker_seen=1 emit_marker_dt_ms=68 uptime_ms=20276 samples_read=133888 dropped_dma_buffers=620 clock_rate_mhz=15908573
SEQ_TRIAL trial=4 result=expected stage=analyzer reject_reason=result_in_expected_window source_selection=selected_occurrence source_reason=none dt=-44ms duration_ms=114 contrast_class=medium amp_class=strong coverage_ms=114 island_max_ms=114 gap_max_ms=0 source_strength=12599.0 verdict_confidence=1.00 dup=0 src_total=1 src_acc=1 src_rej=0 buffer_overrun=0 profile=TonalPulseScalar

#5 ----------------
SEQ_HISTDBG trial=5 incomplete_total=0 new=0 out_of_order_total=14 i2s_backsteps=7 i2s_max_backstep_us=12437 i2s_overflows=0 clock_corrections=20 clock_max_correction_us=12969 emit_marker_seen=1 emit_marker_dt_ms=63 uptime_ms=23502 samples_read=165632 dropped_dma_buffers=776 clock_rate_mhz=15878891
SEQ_TRIAL trial=5 result=expected stage=analyzer reject_reason=result_in_expected_window source_selection=selected_occurrence source_reason=none dt=-56ms duration_ms=114 contrast_class=medium amp_class=strong coverage_ms=112 island_max_ms=113 gap_max_ms=0 source_strength=12481.0 verdict_confidence=1.00 dup=0 src_total=1 src_acc=1 src_rej=0 buffer_overrun=0 profile=TonalPulseScalar

#6 ----------------
SEQ_HISTDBG trial=6 incomplete_total=0 new=0 out_of_order_total=16 i2s_backsteps=8 i2s_max_backstep_us=12437 i2s_overflows=0 clock_corrections=24 clock_max_correction_us=12969 emit_marker_seen=1 emit_marker_dt_ms=69 uptime_ms=26716 samples_read=196992 dropped_dma_buffers=932 clock_rate_mhz=15902126
SEQ_TRIAL trial=6 result=expected stage=analyzer reject_reason=result_in_expected_window source_selection=selected_occurrence source_reason=none dt=-49ms duration_ms=114 contrast_class=medium amp_class=strong coverage_ms=113 island_max_ms=113 gap_max_ms=0 source_strength=12555.0 verdict_confidence=1.00 dup=0 src_total=1 src_acc=1 src_rej=0 buffer_overrun=0 profile=TonalPulseScalar

#7 ----------------
SEQ_HISTDBG trial=7 incomplete_total=0 new=0 out_of_order_total=18 i2s_backsteps=9 i2s_max_backstep_us=13139 i2s_overflows=0 clock_corrections=28 clock_max_correction_us=14790 emit_marker_seen=1 emit_marker_dt_ms=64 uptime_ms=29945 samples_read=228736 dropped_dma_buffers=1088 clock_rate_mhz=15903851
SEQ_TRIAL trial=7 result=expected stage=analyzer reject_reason=result_in_expected_window source_selection=selected_occurrence source_reason=none dt=-55ms duration_ms=113 contrast_class=medium amp_class=strong coverage_ms=112 island_max_ms=113 gap_max_ms=0 source_strength=12464.0 verdict_confidence=1.00 dup=0 src_total=1 src_acc=1 src_rej=0 buffer_overrun=0 profile=TonalPulseScalar

#8 ----------------
SEQ_HISTDBG trial=8 incomplete_total=0 new=0 out_of_order_total=22 i2s_backsteps=11 i2s_max_backstep_us=13139 i2s_overflows=0 clock_corrections=32 clock_max_correction_us=14790 emit_marker_seen=1 emit_marker_dt_ms=98 uptime_ms=33175 samples_read=260480 dropped_dma_buffers=1244 clock_rate_mhz=15999857
SEQ_TRIAL trial=8 result=expected stage=analyzer reject_reason=result_in_expected_window source_selection=selected_occurrence source_reason=none dt=-42ms duration_ms=113 contrast_class=medium amp_class=strong coverage_ms=113 island_max_ms=113 gap_max_ms=0 source_strength=11701.0 verdict_confidence=1.00 dup=0 src_total=1 src_acc=1 src_rej=0 buffer_overrun=0 profile=TonalPulseScalar
SEQ_SUMMARY profile=TonalPulseScalar detector=scalar_transient trials=8 completed=8 expected_trials=8 early_trials=0 late_trials=0 miss_trials=0 duplicate_trials=0 unexpected_trials=0 rejected_trials=0 buffer_overrun_trials=0 ambiguous_trials=0 too_dense_trials=0 detector_accepted_trials=8 detector_reject_trials=0 pattern_valid_trials=8 pattern_rejected_trials=0 avg_dt_ms=-1 avg_strength=12121.4 avg_conf=1.00
