# run: H_cost_TonalPulseFreq
# firmware: role=analyzer git=f72bd69 version=0.4.0
# started: 2026-10-09T09:14:00
>> SEQ DIAG off
OK SEQ DIAG off
>> SEQ start profile=TonalPulseFreq tries=6 mode=detail when=all verbose=1
OK SEQ
SEQ remote claim: send=6849ms ack=6855ms wait=6ms status=ok
SEQ rebase: start=6856ms end=6956ms elapsed=100ms
AUDIO stats reset
SEQ start test=default startup_delay_ms=1000 report_settle_ms=500 loopDelayMs=0 logStress=0
SEQ start source=I2S probe=AMP profile=TonalPulseFreq source=FrequencyMatch detector=FrequencyMatch freq_min_duration_ms=60 freq_release_debounce_ms=30 freq_cooldown_ms=0 scalar_observed_stream=AmpEnvelope scalar_onset_threshold=18000.0 scalar_release_threshold=12000.0 scalar_cooldown_ms=50 scalar_min_duration_ms=0 scalar_max_duration_ms=120 scalar_min_peak_strength=8000.0 scalar_release_debounce_ms=20 scalar_require_carrier_quality=0 scalar_min_release_coverage_ms=0 scalar_min_longest_island_ms=0 scalar_max_gap_ms=0 history.bin_ms=1 history.capacity_bins=256 history.coverage_ms=256 history.stream=amp aggregation=mean_abs+rms+peak_abs history.stream=freq_target aggregation=fresh_only history.stream=freq_contrast aggregation=fresh_only mode=SEQ test=default startup_delay_ms=1000 report_settle_ms=500 loopDelayMs=0 logStress=0 quiet=0 tries=6 period_ms=2500 window_start_ms=0 window_end_ms=2200 freq_hz=3200 dur_ms=100
SEQ scalar: observed_stream=AmpEnvelope onset_threshold=18000.0 release_threshold=12000.0 cooldown_ms=50 min_duration_ms=0 max_duration_ms=120 min_peak_strength=8000.0 release_debounce_ms=20 carrier_quality_required=0 min_strength_required=0 min_strength=0.0 min_release_coverage_ms=0 min_longest_island_ms=0 max_gap_ms=0
FREQBAND runtime: freq.window_samples=64 freq.window_ms=4.00 freq.update_every_samples=4 freq.update_period_ms=0.250 freq.target_hz=3200 freq.produced_fresh_packet=0 freq.packet_age_samples=0 freq.packet_age_ms=0.000
SEQ running

#1 ----------------
SEQ_HISTDBG trial=1 incomplete_total=0 new=0 out_of_order_total=9 i2s_backsteps=3 i2s_max_backstep_us=4759 i2s_overflows=0 clock_corrections=5 clock_max_correction_us=11987 emit_marker_seen=1 emit_marker_dt_ms=50 uptime_ms=10633 samples_read=47616 us_per_sample=54.79 dropped_dma_buffers=85 clock_rate_mhz=15981117
SEQ_TRIAL trial=1 result=miss stage=source reject_reason=missing_pipeline_result source_selection=none source_reason=none dt=-1ms contrast_class=unknown amp_class=unknown source_strength=0.0 verdict_confidence=0.00 dup=0 src_total=0 src_acc=0 src_rej=0 buffer_overrun=0 profile=TonalPulseFreq

#2 ----------------
SEQ_HISTDBG trial=2 incomplete_total=0 new=0 out_of_order_total=9 i2s_backsteps=4 i2s_max_backstep_us=4759 i2s_overflows=0 clock_corrections=10 clock_max_correction_us=11987 emit_marker_seen=1 emit_marker_dt_ms=79 uptime_ms=13859 samples_read=88064 us_per_sample=60.82 dropped_dma_buffers=173 clock_rate_mhz=15967937
SEQ_TRIAL trial=2 result=miss stage=source reject_reason=missing_pipeline_result source_selection=none source_reason=none dt=-1ms contrast_class=unknown amp_class=unknown source_strength=0.0 verdict_confidence=0.00 dup=0 src_total=0 src_acc=0 src_rej=0 buffer_overrun=0 profile=TonalPulseFreq

#3 ----------------
SEQ_HISTDBG trial=3 incomplete_total=0 new=0 out_of_order_total=12 i2s_backsteps=5 i2s_max_backstep_us=4759 i2s_overflows=0 clock_corrections=15 clock_max_correction_us=11987 emit_marker_seen=1 emit_marker_dt_ms=111 uptime_ms=17075 samples_read=128512 us_per_sample=64.43 dropped_dma_buffers=259 clock_rate_mhz=15964223
SEQ_TRIAL trial=3 result=miss stage=source reject_reason=missing_pipeline_result source_selection=none source_reason=none dt=-1ms contrast_class=unknown amp_class=unknown source_strength=0.0 verdict_confidence=0.00 dup=0 src_total=0 src_acc=0 src_rej=0 buffer_overrun=0 profile=TonalPulseFreq

#4 ----------------
SEQ_HISTDBG trial=4 incomplete_total=0 new=0 out_of_order_total=21 i2s_backsteps=8 i2s_max_backstep_us=4759 i2s_overflows=0 clock_corrections=20 clock_max_correction_us=11987 emit_marker_seen=1 emit_marker_dt_ms=111 uptime_ms=20290 samples_read=168960 us_per_sample=66.85 dropped_dma_buffers=345 clock_rate_mhz=15997984
SEQ_TRIAL trial=4 result=miss stage=source reject_reason=missing_pipeline_result source_selection=none source_reason=none dt=-1ms contrast_class=unknown amp_class=unknown source_strength=0.0 verdict_confidence=0.00 dup=0 src_total=0 src_acc=0 src_rej=0 buffer_overrun=0 profile=TonalPulseFreq

#5 ----------------
SEQ_HISTDBG trial=5 incomplete_total=0 new=0 out_of_order_total=24 i2s_backsteps=10 i2s_max_backstep_us=4759 i2s_overflows=0 clock_corrections=25 clock_max_correction_us=11987 emit_marker_seen=1 emit_marker_dt_ms=79 uptime_ms=23516 samples_read=209408 us_per_sample=68.62 dropped_dma_buffers=432 clock_rate_mhz=16006065
SEQ_TRIAL trial=5 result=miss stage=source reject_reason=missing_pipeline_result source_selection=none source_reason=none dt=-1ms contrast_class=unknown amp_class=unknown source_strength=0.0 verdict_confidence=0.00 dup=0 src_total=0 src_acc=0 src_rej=0 buffer_overrun=0 profile=TonalPulseFreq

#6 ----------------
SEQ_HISTDBG trial=6 incomplete_total=0 new=0 out_of_order_total=25 i2s_backsteps=14 i2s_max_backstep_us=4759 i2s_overflows=0 clock_corrections=30 clock_max_correction_us=11987 emit_marker_seen=1 emit_marker_dt_ms=79 uptime_ms=26742 samples_read=249856 us_per_sample=69.96 dropped_dma_buffers=519 clock_rate_mhz=16011850
SEQ_TRIAL trial=6 result=miss stage=source reject_reason=missing_pipeline_result source_selection=none source_reason=none dt=-1ms contrast_class=unknown amp_class=unknown source_strength=0.0 verdict_confidence=0.00 dup=0 src_total=0 src_acc=0 src_rej=0 buffer_overrun=0 profile=TonalPulseFreq
SEQ_SUMMARY profile=TonalPulseFreq detector=frequency_match trials=6 completed=6 expected_trials=0 early_trials=0 late_trials=0 miss_trials=6 duplicate_trials=0 unexpected_trials=0 rejected_trials=0 buffer_overrun_trials=0 ambiguous_trials=0 too_dense_trials=0 detector_accepted_trials=0 detector_reject_trials=0 pattern_valid_trials=0 pattern_rejected_trials=0 avg_dt_ms=-1 avg_strength=0.0 avg_conf=0.00
