# run: R_loopdelay10_scalar
# firmware: role=analyzer git=05da661 version=0.4.0
# started: 2026-10-09T08:30:09
>> SEQ DIAG off
OK SEQ DIAG off
>> SEQ start profile=TonalPulseScalar tries=30 mode=detail when=all verbose=1
OK SEQ
SEQ remote claim: send=6860ms ack=6865ms wait=5ms status=ok
SEQ rebase: start=6865ms end=6966ms elapsed=101ms
AUDIO stats reset
SEQ start test=default startup_delay_ms=1000 report_settle_ms=500 loopDelayMs=10 logStress=0
SEQ start source=I2S probe=AMP profile=TonalPulseScalar source=ScalarTransient detector=ScalarTransient freq_min_duration_ms=60 freq_release_debounce_ms=30 freq_cooldown_ms=0 scalar_observed_stream=FrequencyTarget scalar_onset_threshold=2000.0 scalar_release_threshold=1500.0 scalar_cooldown_ms=50 scalar_min_duration_ms=85 scalar_max_duration_ms=200 scalar_min_peak_strength=3000.0 scalar_release_debounce_ms=10 scalar_require_carrier_quality=1 scalar_min_release_coverage_ms=80 scalar_min_longest_island_ms=20 scalar_max_gap_ms=20 history.bin_ms=1 history.capacity_bins=256 history.coverage_ms=256 history.stream=amp aggregation=mean_abs+rms+peak_abs history.stream=freq_target aggregation=fresh_only history.stream=freq_contrast aggregation=fresh_only mode=SEQ test=default startup_delay_ms=1000 report_settle_ms=500 loopDelayMs=10 logStress=0 quiet=0 tries=30 period_ms=2500 window_start_ms=0 window_end_ms=2200 freq_hz=3200 dur_ms=100
SEQ scalar: observed_stream=FrequencyTarget onset_threshold=2000.0 release_threshold=1500.0 cooldown_ms=50 min_duration_ms=85 max_duration_ms=200 min_peak_strength=3000.0 release_debounce_ms=10 carrier_quality_required=1 min_strength_required=1 min_strength=0.0 min_release_coverage_ms=80 min_longest_island_ms=20 max_gap_ms=20
FREQBAND runtime: freq.window_samples=64 freq.window_ms=4.00 freq.update_every_samples=4 freq.update_period_ms=0.250 freq.target_hz=3200 freq.produced_fresh_packet=0 freq.packet_age_samples=0 freq.packet_age_ms=0.000
SEQ running

#1 ----------------
SEQ_HISTDBG trial=1 incomplete_total=0 new=0 out_of_order_total=560 i2s_backsteps=281 i2s_max_backstep_us=4853 i2s_overflows=0
SEQ_TRIAL trial=1 result=expected stage=analyzer reject_reason=result_in_expected_window source_selection=selected_occurrence source_reason=none dt=-17ms duration_ms=106 contrast_class=medium amp_class=strong coverage_ms=136 island_max_ms=106 gap_max_ms=0 source_strength=12908.0 verdict_confidence=1.00 dup=0 src_total=1 src_acc=1 src_rej=0 buffer_overrun=0 profile=TonalPulseScalar

#2 ----------------
SEQ_HISTDBG trial=2 incomplete_total=0 new=0 out_of_order_total=1080 i2s_backsteps=541 i2s_max_backstep_us=4853 i2s_overflows=0
SEQ_TRIAL trial=2 result=expected stage=analyzer reject_reason=result_in_expected_window source_selection=selected_occurrence source_reason=none dt=-13ms duration_ms=107 contrast_class=medium amp_class=strong coverage_ms=137 island_max_ms=106 gap_max_ms=0 source_strength=12930.0 verdict_confidence=1.00 dup=0 src_total=1 src_acc=1 src_rej=0 buffer_overrun=0 profile=TonalPulseScalar

#3 ----------------
SEQ_HISTDBG trial=3 incomplete_total=0 new=0 out_of_order_total=1599 i2s_backsteps=801 i2s_max_backstep_us=4853 i2s_overflows=0
SEQ_TRIAL trial=3 result=expected stage=analyzer reject_reason=result_in_expected_window source_selection=selected_occurrence source_reason=none dt=-19ms duration_ms=110 contrast_class=medium amp_class=strong coverage_ms=136 island_max_ms=110 gap_max_ms=0 source_strength=12627.0 verdict_confidence=1.00 dup=0 src_total=1 src_acc=1 src_rej=0 buffer_overrun=0 profile=TonalPulseScalar

#4 ----------------
SEQ_HISTDBG trial=4 incomplete_total=0 new=0 out_of_order_total=2117 i2s_backsteps=1060 i2s_max_backstep_us=4853 i2s_overflows=0
SEQ_TRIAL trial=4 result=expected stage=analyzer reject_reason=result_in_expected_window source_selection=selected_occurrence source_reason=none dt=-14ms duration_ms=107 contrast_class=medium amp_class=strong coverage_ms=137 island_max_ms=106 gap_max_ms=0 source_strength=12752.0 verdict_confidence=1.00 dup=0 src_total=1 src_acc=1 src_rej=0 buffer_overrun=0 profile=TonalPulseScalar

#5 ----------------
SEQ_HISTDBG trial=5 incomplete_total=0 new=0 out_of_order_total=2635 i2s_backsteps=1319 i2s_max_backstep_us=4853 i2s_overflows=0
SEQ_TRIAL trial=5 result=expected stage=analyzer reject_reason=result_in_expected_window source_selection=selected_occurrence source_reason=none dt=-12ms duration_ms=106 contrast_class=medium amp_class=strong coverage_ms=136 island_max_ms=105 gap_max_ms=0 source_strength=12896.0 verdict_confidence=1.00 dup=0 src_total=1 src_acc=1 src_rej=0 buffer_overrun=0 profile=TonalPulseScalar

#6 ----------------
SEQ_HISTDBG trial=6 incomplete_total=0 new=0 out_of_order_total=3153 i2s_backsteps=1578 i2s_max_backstep_us=4853 i2s_overflows=0
SEQ_TRIAL trial=6 result=expected stage=analyzer reject_reason=result_in_expected_window source_selection=selected_occurrence source_reason=none dt=-12ms duration_ms=107 contrast_class=medium amp_class=strong coverage_ms=137 island_max_ms=107 gap_max_ms=0 source_strength=12772.0 verdict_confidence=1.00 dup=0 src_total=1 src_acc=1 src_rej=0 buffer_overrun=0 profile=TonalPulseScalar

#7 ----------------
SEQ_HISTDBG trial=7 incomplete_total=0 new=0 out_of_order_total=3673 i2s_backsteps=1838 i2s_max_backstep_us=4853 i2s_overflows=0
SEQ_TRIAL trial=7 result=expected stage=analyzer reject_reason=result_in_expected_window source_selection=selected_occurrence source_reason=none dt=-15ms duration_ms=107 contrast_class=medium amp_class=strong coverage_ms=137 island_max_ms=106 gap_max_ms=0 source_strength=12819.0 verdict_confidence=1.00 dup=0 src_total=1 src_acc=1 src_rej=0 buffer_overrun=0 profile=TonalPulseScalar

#8 ----------------
SEQ_HISTDBG trial=8 incomplete_total=0 new=0 out_of_order_total=4191 i2s_backsteps=2097 i2s_max_backstep_us=4853 i2s_overflows=0
SEQ_TRIAL trial=8 result=expected stage=analyzer reject_reason=result_in_expected_window source_selection=selected_occurrence source_reason=none dt=-17ms duration_ms=107 contrast_class=medium amp_class=strong coverage_ms=136 island_max_ms=106 gap_max_ms=0 source_strength=12739.0 verdict_confidence=1.00 dup=0 src_total=1 src_acc=1 src_rej=0 buffer_overrun=0 profile=TonalPulseScalar

#9 ----------------
SEQ_HISTDBG trial=9 incomplete_total=0 new=0 out_of_order_total=4708 i2s_backsteps=2356 i2s_max_backstep_us=4853 i2s_overflows=0
SEQ_TRIAL trial=9 result=expected stage=analyzer reject_reason=result_in_expected_window source_selection=selected_occurrence source_reason=none dt=-19ms duration_ms=109 contrast_class=medium amp_class=strong coverage_ms=136 island_max_ms=109 gap_max_ms=0 source_strength=12744.0 verdict_confidence=1.00 dup=0 src_total=1 src_acc=1 src_rej=0 buffer_overrun=0 profile=TonalPulseScalar

#10 ----------------
SEQ_HISTDBG trial=10 incomplete_total=0 new=0 out_of_order_total=5226 i2s_backsteps=2615 i2s_max_backstep_us=4853 i2s_overflows=0
SEQ_TRIAL trial=10 result=expected stage=analyzer reject_reason=result_in_expected_window source_selection=selected_occurrence source_reason=none dt=-19ms duration_ms=109 contrast_class=medium amp_class=strong coverage_ms=136 island_max_ms=109 gap_max_ms=0 source_strength=12704.0 verdict_confidence=1.00 dup=0 src_total=1 src_acc=1 src_rej=0 buffer_overrun=0 profile=TonalPulseScalar

#11 ----------------
SEQ_HISTDBG trial=11 incomplete_total=0 new=0 out_of_order_total=5743 i2s_backsteps=2874 i2s_max_backstep_us=4853 i2s_overflows=0
SEQ_TRIAL trial=11 result=expected stage=analyzer reject_reason=result_in_expected_window source_selection=selected_occurrence source_reason=none dt=-19ms duration_ms=109 contrast_class=medium amp_class=strong coverage_ms=136 island_max_ms=109 gap_max_ms=0 source_strength=12925.0 verdict_confidence=1.00 dup=0 src_total=1 src_acc=1 src_rej=0 buffer_overrun=0 profile=TonalPulseScalar

#12 ----------------
SEQ_HISTDBG trial=12 incomplete_total=0 new=0 out_of_order_total=6263 i2s_backsteps=3134 i2s_max_backstep_us=4853 i2s_overflows=0
SEQ_TRIAL trial=12 result=expected stage=analyzer reject_reason=result_in_expected_window source_selection=selected_occurrence source_reason=none dt=-15ms duration_ms=107 contrast_class=medium amp_class=strong coverage_ms=137 island_max_ms=106 gap_max_ms=0 source_strength=12952.0 verdict_confidence=1.00 dup=0 src_total=1 src_acc=1 src_rej=0 buffer_overrun=0 profile=TonalPulseScalar

#13 ----------------
SEQ_HISTDBG trial=13 incomplete_total=0 new=0 out_of_order_total=6783 i2s_backsteps=3394 i2s_max_backstep_us=4853 i2s_overflows=0
SEQ_TRIAL trial=13 result=expected stage=analyzer reject_reason=result_in_expected_window source_selection=selected_occurrence source_reason=none dt=-17ms duration_ms=108 contrast_class=medium amp_class=strong coverage_ms=137 island_max_ms=107 gap_max_ms=0 source_strength=12690.0 verdict_confidence=1.00 dup=0 src_total=1 src_acc=1 src_rej=0 buffer_overrun=0 profile=TonalPulseScalar

#14 ----------------
SEQ_HISTDBG trial=14 incomplete_total=0 new=0 out_of_order_total=7301 i2s_backsteps=3653 i2s_max_backstep_us=4853 i2s_overflows=0
SEQ_TRIAL trial=14 result=expected stage=analyzer reject_reason=result_in_expected_window source_selection=selected_occurrence source_reason=none dt=-12ms duration_ms=107 contrast_class=medium amp_class=strong coverage_ms=137 island_max_ms=107 gap_max_ms=0 source_strength=12801.0 verdict_confidence=1.00 dup=0 src_total=1 src_acc=1 src_rej=0 buffer_overrun=0 profile=TonalPulseScalar

#15 ----------------
SEQ_HISTDBG trial=15 incomplete_total=0 new=0 out_of_order_total=7819 i2s_backsteps=3912 i2s_max_backstep_us=4853 i2s_overflows=0
SEQ_TRIAL trial=15 result=expected stage=analyzer reject_reason=result_in_expected_window source_selection=selected_occurrence source_reason=none dt=-16ms duration_ms=106 contrast_class=medium amp_class=strong coverage_ms=136 island_max_ms=106 gap_max_ms=0 source_strength=12904.0 verdict_confidence=1.00 dup=0 src_total=1 src_acc=1 src_rej=0 buffer_overrun=0 profile=TonalPulseScalar

#16 ----------------
SEQ_HISTDBG trial=16 incomplete_total=0 new=0 out_of_order_total=8337 i2s_backsteps=4171 i2s_max_backstep_us=4853 i2s_overflows=0
SEQ_TRIAL trial=16 result=expected stage=analyzer reject_reason=result_in_expected_window source_selection=selected_occurrence source_reason=none dt=-16ms duration_ms=106 contrast_class=medium amp_class=strong coverage_ms=136 island_max_ms=106 gap_max_ms=0 source_strength=12800.0 verdict_confidence=1.00 dup=0 src_total=1 src_acc=1 src_rej=0 buffer_overrun=0 profile=TonalPulseScalar

#17 ----------------
SEQ_HISTDBG trial=17 incomplete_total=0 new=0 out_of_order_total=8857 i2s_backsteps=4431 i2s_max_backstep_us=4853 i2s_overflows=0
SEQ_TRIAL trial=17 result=expected stage=analyzer reject_reason=result_in_expected_window source_selection=selected_occurrence source_reason=none dt=-15ms duration_ms=106 contrast_class=medium amp_class=strong coverage_ms=137 island_max_ms=106 gap_max_ms=0 source_strength=12841.0 verdict_confidence=1.00 dup=0 src_total=1 src_acc=1 src_rej=0 buffer_overrun=0 profile=TonalPulseScalar

#18 ----------------
SEQ_HISTDBG trial=18 incomplete_total=1 new=1 stream=frequency_contrast req=62469..62569 now=62590 ring=62355..62590 ring_bins=256 out_of_order_at_fail=8947 out_of_order_total=9377 i2s_backsteps=4691 i2s_max_backstep_us=4853 i2s_overflows=0
SEQ_TRIAL trial=18 result=rejected stage=evaluator reject_reason=pattern_rejected source_selection=selected_occurrence source_reason=none dt=na duration_ms=111 contrast_class=unknown amp_class=unknown coverage_ms=140 island_max_ms=110 gap_max_ms=0 source_strength=12729.0 verdict_confidence=0.00 dup=0 src_total=1 src_acc=1 src_rej=0 buffer_overrun=0 profile=TonalPulseScalar

#19 ----------------
SEQ_HISTDBG trial=19 incomplete_total=1 new=0 out_of_order_total=9895 i2s_backsteps=4950 i2s_max_backstep_us=4853 i2s_overflows=0
SEQ_TRIAL trial=19 result=expected stage=analyzer reject_reason=result_in_expected_window source_selection=selected_occurrence source_reason=none dt=-16ms duration_ms=106 contrast_class=medium amp_class=strong coverage_ms=136 island_max_ms=105 gap_max_ms=0 source_strength=12813.0 verdict_confidence=1.00 dup=0 src_total=1 src_acc=1 src_rej=0 buffer_overrun=0 profile=TonalPulseScalar

#20 ----------------
SEQ_HISTDBG trial=20 incomplete_total=1 new=0 out_of_order_total=10413 i2s_backsteps=5209 i2s_max_backstep_us=4853 i2s_overflows=0
SEQ_TRIAL trial=20 result=expected stage=analyzer reject_reason=result_in_expected_window source_selection=selected_occurrence source_reason=none dt=-16ms duration_ms=106 contrast_class=medium amp_class=strong coverage_ms=136 island_max_ms=106 gap_max_ms=0 source_strength=12919.0 verdict_confidence=1.00 dup=0 src_total=1 src_acc=1 src_rej=0 buffer_overrun=0 profile=TonalPulseScalar

#21 ----------------
SEQ_HISTDBG trial=21 incomplete_total=1 new=0 out_of_order_total=10931 i2s_backsteps=5468 i2s_max_backstep_us=4853 i2s_overflows=0
SEQ_TRIAL trial=21 result=expected stage=analyzer reject_reason=result_in_expected_window source_selection=selected_occurrence source_reason=none dt=-16ms duration_ms=106 contrast_class=medium amp_class=strong coverage_ms=136 island_max_ms=105 gap_max_ms=0 source_strength=12871.0 verdict_confidence=1.00 dup=0 src_total=1 src_acc=1 src_rej=0 buffer_overrun=0 profile=TonalPulseScalar

#22 ----------------
SEQ_HISTDBG trial=22 incomplete_total=1 new=0 out_of_order_total=11451 i2s_backsteps=5728 i2s_max_backstep_us=4853 i2s_overflows=0
SEQ_TRIAL trial=22 result=expected stage=analyzer reject_reason=result_in_expected_window source_selection=selected_occurrence source_reason=none dt=-14ms duration_ms=106 contrast_class=medium amp_class=strong coverage_ms=137 island_max_ms=106 gap_max_ms=0 source_strength=12698.0 verdict_confidence=1.00 dup=0 src_total=1 src_acc=1 src_rej=0 buffer_overrun=0 profile=TonalPulseScalar

#23 ----------------
SEQ_HISTDBG trial=23 incomplete_total=1 new=0 out_of_order_total=11971 i2s_backsteps=5988 i2s_max_backstep_us=4853 i2s_overflows=0
SEQ_TRIAL trial=23 result=expected stage=analyzer reject_reason=result_in_expected_window source_selection=selected_occurrence source_reason=none dt=-17ms duration_ms=107 contrast_class=medium amp_class=strong coverage_ms=136 island_max_ms=107 gap_max_ms=0 source_strength=12837.0 verdict_confidence=1.00 dup=0 src_total=1 src_acc=1 src_rej=0 buffer_overrun=0 profile=TonalPulseScalar

#24 ----------------
SEQ_HISTDBG trial=24 incomplete_total=1 new=0 out_of_order_total=12489 i2s_backsteps=6247 i2s_max_backstep_us=4853 i2s_overflows=0
SEQ_TRIAL trial=24 result=expected stage=analyzer reject_reason=result_in_expected_window source_selection=selected_occurrence source_reason=none dt=-14ms duration_ms=107 contrast_class=medium amp_class=strong coverage_ms=137 island_max_ms=106 gap_max_ms=0 source_strength=12881.0 verdict_confidence=1.00 dup=0 src_total=1 src_acc=1 src_rej=0 buffer_overrun=0 profile=TonalPulseScalar

#25 ----------------
SEQ_HISTDBG trial=25 incomplete_total=1 new=0 out_of_order_total=13007 i2s_backsteps=6506 i2s_max_backstep_us=4853 i2s_overflows=0
SEQ_TRIAL trial=25 result=expected stage=analyzer reject_reason=result_in_expected_window source_selection=selected_occurrence source_reason=none dt=-13ms duration_ms=107 contrast_class=medium amp_class=strong coverage_ms=137 island_max_ms=106 gap_max_ms=0 source_strength=12774.0 verdict_confidence=1.00 dup=0 src_total=1 src_acc=1 src_rej=0 buffer_overrun=0 profile=TonalPulseScalar

#26 ----------------
SEQ_HISTDBG trial=26 incomplete_total=1 new=0 out_of_order_total=13525 i2s_backsteps=6765 i2s_max_backstep_us=4853 i2s_overflows=0
SEQ_TRIAL trial=26 result=expected stage=analyzer reject_reason=result_in_expected_window source_selection=selected_occurrence source_reason=none dt=-17ms duration_ms=106 contrast_class=medium amp_class=strong coverage_ms=136 island_max_ms=105 gap_max_ms=0 source_strength=12849.0 verdict_confidence=1.00 dup=0 src_total=1 src_acc=1 src_rej=0 buffer_overrun=0 profile=TonalPulseScalar

#27 ----------------
SEQ_HISTDBG trial=27 incomplete_total=1 new=0 out_of_order_total=14045 i2s_backsteps=7025 i2s_max_backstep_us=4853 i2s_overflows=0
SEQ_TRIAL trial=27 result=expected stage=analyzer reject_reason=result_in_expected_window source_selection=selected_occurrence source_reason=none dt=-15ms duration_ms=107 contrast_class=medium amp_class=strong coverage_ms=136 island_max_ms=106 gap_max_ms=0 source_strength=12660.0 verdict_confidence=1.00 dup=0 src_total=1 src_acc=1 src_rej=0 buffer_overrun=0 profile=TonalPulseScalar

#28 ----------------
SEQ_HISTDBG trial=28 incomplete_total=2 new=1 stream=frequency_contrast req=94581..94681 now=94702 ring=94466..94702 ring_bins=256 out_of_order_at_fail=14135 out_of_order_total=14565 i2s_backsteps=7285 i2s_max_backstep_us=4853 i2s_overflows=0
SEQ_TRIAL trial=28 result=rejected stage=evaluator reject_reason=pattern_rejected source_selection=selected_occurrence source_reason=none dt=na duration_ms=111 contrast_class=unknown amp_class=unknown coverage_ms=140 island_max_ms=111 gap_max_ms=0 source_strength=12692.0 verdict_confidence=0.00 dup=0 src_total=1 src_acc=1 src_rej=0 buffer_overrun=0 profile=TonalPulseScalar

#29 ----------------
SEQ_HISTDBG trial=29 incomplete_total=2 new=0 out_of_order_total=15081 i2s_backsteps=7543 i2s_max_backstep_us=4853 i2s_overflows=0
SEQ_TRIAL trial=29 result=expected stage=analyzer reject_reason=result_in_expected_window source_selection=selected_occurrence source_reason=none dt=-14ms duration_ms=107 contrast_class=medium amp_class=strong coverage_ms=137 island_max_ms=106 gap_max_ms=0 source_strength=12927.0 verdict_confidence=1.00 dup=0 src_total=1 src_acc=1 src_rej=0 buffer_overrun=0 profile=TonalPulseScalar

#30 ----------------
SEQ_HISTDBG trial=30 incomplete_total=2 new=0 out_of_order_total=15599 i2s_backsteps=7802 i2s_max_backstep_us=4853 i2s_overflows=0
SEQ_TRIAL trial=30 result=expected stage=analyzer reject_reason=result_in_expected_window source_selection=selected_occurrence source_reason=none dt=-13ms duration_ms=108 contrast_class=medium amp_class=strong coverage_ms=137 island_max_ms=107 gap_max_ms=0 source_strength=12916.0 verdict_confidence=1.00 dup=0 src_total=1 src_acc=1 src_rej=0 buffer_overrun=0 profile=TonalPulseScalar
SEQ_SUMMARY profile=TonalPulseScalar detector=scalar_transient trials=30 completed=30 expected_trials=28 early_trials=0 late_trials=0 miss_trials=0 duplicate_trials=0 unexpected_trials=0 rejected_trials=2 buffer_overrun_trials=0 ambiguous_trials=0 too_dense_trials=0 detector_accepted_trials=30 detector_reject_trials=0 pattern_valid_trials=28 pattern_rejected_trials=2 avg_dt_ms=-1 avg_strength=12812.3 avg_conf=1.00
