# run: V_scalar50
# firmware: role=analyzer git=464b8fc version=0.4.0
# started: 2026-10-09T09:25:03
>> SEQ DIAG off
OK SEQ DIAG off
>> SEQ start profile=TonalPulseScalar tries=50 mode=detail when=all verbose=1
OK SEQ
SEQ remote claim: send=6903ms ack=6908ms wait=5ms status=ok
SEQ rebase: start=6908ms end=7009ms elapsed=101ms
AUDIO stats reset
SEQ start test=default startup_delay_ms=1000 report_settle_ms=500 loopDelayMs=0 logStress=0
SEQ start source=I2S probe=AMP profile=TonalPulseScalar source=ScalarTransient detector=ScalarTransient freq_min_duration_ms=60 freq_release_debounce_ms=30 freq_cooldown_ms=0 scalar_observed_stream=FrequencyTarget scalar_onset_threshold=2000.0 scalar_release_threshold=1500.0 scalar_cooldown_ms=50 scalar_min_duration_ms=85 scalar_max_duration_ms=200 scalar_min_peak_strength=3000.0 scalar_release_debounce_ms=10 scalar_require_carrier_quality=1 scalar_min_release_coverage_ms=80 scalar_min_longest_island_ms=20 scalar_max_gap_ms=20 history.bin_ms=1 history.capacity_bins=256 history.coverage_ms=256 history.stream=amp aggregation=mean_abs+rms+peak_abs history.stream=freq_target aggregation=fresh_only history.stream=freq_contrast aggregation=fresh_only mode=SEQ test=default startup_delay_ms=1000 report_settle_ms=500 loopDelayMs=0 logStress=0 quiet=0 tries=50 period_ms=2500 window_start_ms=0 window_end_ms=2200 freq_hz=3200 dur_ms=100
SEQ scalar: observed_stream=FrequencyTarget onset_threshold=2000.0 release_threshold=1500.0 cooldown_ms=50 min_duration_ms=85 max_duration_ms=200 min_peak_strength=3000.0 release_debounce_ms=10 carrier_quality_required=1 min_strength_required=1 min_strength=0.0 min_release_coverage_ms=80 min_longest_island_ms=20 max_gap_ms=20
FREQBAND runtime: freq.window_samples=64 freq.window_ms=4.00 freq.update_every_samples=4 freq.update_period_ms=0.250 freq.target_hz=3200 freq.produced_fresh_packet=0 freq.packet_age_samples=0 freq.packet_age_ms=0.000
SEQ running

#1 ----------------
SEQ_HISTDBG trial=1 incomplete_total=0 new=0 out_of_order_total=4 i2s_backsteps=3 i2s_max_backstep_us=5589 i2s_overflows=0 clock_corrections=7 clock_max_correction_us=5634 emit_marker_seen=1 emit_marker_dt_ms=19 uptime_ms=10609 samples_read=57600 us_per_sample=39.48 dropped_dma_buffers=0 clock_rate_mhz=15994874
SEQ_TRIAL trial=1 result=expected stage=analyzer reject_reason=result_in_expected_window source_selection=selected_occurrence source_reason=none dt=-13ms duration_ms=111 contrast_class=medium amp_class=strong coverage_ms=110 island_max_ms=110 gap_max_ms=0 source_strength=12340.0 verdict_confidence=1.00 dup=0 src_total=1 src_acc=1 src_rej=0 buffer_overrun=0 profile=TonalPulseScalar

#2 ----------------
SEQ_HISTDBG trial=2 incomplete_total=0 new=0 out_of_order_total=4 i2s_backsteps=9 i2s_max_backstep_us=5589 i2s_overflows=0 clock_corrections=13 clock_max_correction_us=5634 emit_marker_seen=1 emit_marker_dt_ms=22 uptime_ms=13809 samples_read=108800 us_per_sample=44.24 dropped_dma_buffers=0 clock_rate_mhz=15999952
SEQ_TRIAL trial=2 result=expected stage=analyzer reject_reason=result_in_expected_window source_selection=selected_occurrence source_reason=none dt=-12ms duration_ms=111 contrast_class=medium amp_class=strong coverage_ms=111 island_max_ms=111 gap_max_ms=0 source_strength=12475.0 verdict_confidence=1.00 dup=0 src_total=1 src_acc=1 src_rej=0 buffer_overrun=0 profile=TonalPulseScalar

#3 ----------------
SEQ_HISTDBG trial=3 incomplete_total=0 new=0 out_of_order_total=4 i2s_backsteps=11 i2s_max_backstep_us=5589 i2s_overflows=0 clock_corrections=19 clock_max_correction_us=5634 emit_marker_seen=1 emit_marker_dt_ms=22 uptime_ms=17009 samples_read=160000 us_per_sample=46.64 dropped_dma_buffers=0 clock_rate_mhz=15999999
SEQ_TRIAL trial=3 result=expected stage=analyzer reject_reason=result_in_expected_window source_selection=selected_occurrence source_reason=none dt=-12ms duration_ms=111 contrast_class=medium amp_class=strong coverage_ms=111 island_max_ms=111 gap_max_ms=0 source_strength=12558.0 verdict_confidence=1.00 dup=0 src_total=1 src_acc=1 src_rej=0 buffer_overrun=0 profile=TonalPulseScalar

#4 ----------------
SEQ_HISTDBG trial=4 incomplete_total=0 new=0 out_of_order_total=4 i2s_backsteps=11 i2s_max_backstep_us=5589 i2s_overflows=0 clock_corrections=26 clock_max_correction_us=5634 emit_marker_seen=1 emit_marker_dt_ms=22 uptime_ms=20209 samples_read=211200 us_per_sample=48.13 dropped_dma_buffers=0 clock_rate_mhz=15999999
SEQ_TRIAL trial=4 result=expected stage=analyzer reject_reason=result_in_expected_window source_selection=selected_occurrence source_reason=none dt=-12ms duration_ms=111 contrast_class=medium amp_class=strong coverage_ms=111 island_max_ms=111 gap_max_ms=0 source_strength=12393.0 verdict_confidence=1.00 dup=0 src_total=1 src_acc=1 src_rej=0 buffer_overrun=0 profile=TonalPulseScalar

#5 ----------------
SEQ_HISTDBG trial=5 incomplete_total=0 new=0 out_of_order_total=4 i2s_backsteps=12 i2s_max_backstep_us=5589 i2s_overflows=0 clock_corrections=32 clock_max_correction_us=5634 emit_marker_seen=1 emit_marker_dt_ms=22 uptime_ms=23409 samples_read=262400 us_per_sample=49.16 dropped_dma_buffers=0 clock_rate_mhz=16000000
SEQ_TRIAL trial=5 result=expected stage=analyzer reject_reason=result_in_expected_window source_selection=selected_occurrence source_reason=none dt=-12ms duration_ms=111 contrast_class=medium amp_class=strong coverage_ms=111 island_max_ms=111 gap_max_ms=0 source_strength=12457.0 verdict_confidence=1.00 dup=0 src_total=1 src_acc=1 src_rej=0 buffer_overrun=0 profile=TonalPulseScalar

#6 ----------------
SEQ_HISTDBG trial=6 incomplete_total=0 new=0 out_of_order_total=4 i2s_backsteps=12 i2s_max_backstep_us=5589 i2s_overflows=0 clock_corrections=38 clock_max_correction_us=5634 emit_marker_seen=1 emit_marker_dt_ms=22 uptime_ms=26609 samples_read=313600 us_per_sample=49.91 dropped_dma_buffers=0 clock_rate_mhz=16000000
SEQ_TRIAL trial=6 result=expected stage=analyzer reject_reason=result_in_expected_window source_selection=selected_occurrence source_reason=none dt=-12ms duration_ms=111 contrast_class=medium amp_class=strong coverage_ms=111 island_max_ms=111 gap_max_ms=0 source_strength=12319.0 verdict_confidence=1.00 dup=0 src_total=1 src_acc=1 src_rej=0 buffer_overrun=0 profile=TonalPulseScalar

#7 ----------------
SEQ_HISTDBG trial=7 incomplete_total=0 new=0 out_of_order_total=4 i2s_backsteps=12 i2s_max_backstep_us=5589 i2s_overflows=0 clock_corrections=45 clock_max_correction_us=5634 emit_marker_seen=1 emit_marker_dt_ms=22 uptime_ms=29809 samples_read=364800 us_per_sample=50.49 dropped_dma_buffers=0 clock_rate_mhz=15999984
SEQ_TRIAL trial=7 result=expected stage=analyzer reject_reason=result_in_expected_window source_selection=selected_occurrence source_reason=none dt=-12ms duration_ms=111 contrast_class=medium amp_class=strong coverage_ms=111 island_max_ms=111 gap_max_ms=0 source_strength=12413.0 verdict_confidence=1.00 dup=0 src_total=1 src_acc=1 src_rej=0 buffer_overrun=0 profile=TonalPulseScalar

#8 ----------------
SEQ_HISTDBG trial=8 incomplete_total=0 new=0 out_of_order_total=4 i2s_backsteps=13 i2s_max_backstep_us=5589 i2s_overflows=0 clock_corrections=51 clock_max_correction_us=5634 emit_marker_seen=1 emit_marker_dt_ms=22 uptime_ms=33009 samples_read=416000 us_per_sample=50.91 dropped_dma_buffers=0 clock_rate_mhz=15999984
SEQ_TRIAL trial=8 result=expected stage=analyzer reject_reason=result_in_expected_window source_selection=selected_occurrence source_reason=none dt=-12ms duration_ms=111 contrast_class=medium amp_class=strong coverage_ms=111 island_max_ms=111 gap_max_ms=0 source_strength=12581.0 verdict_confidence=1.00 dup=0 src_total=1 src_acc=1 src_rej=0 buffer_overrun=0 profile=TonalPulseScalar

#9 ----------------
SEQ_HISTDBG trial=9 incomplete_total=0 new=0 out_of_order_total=4 i2s_backsteps=13 i2s_max_backstep_us=5589 i2s_overflows=0 clock_corrections=57 clock_max_correction_us=5634 emit_marker_seen=1 emit_marker_dt_ms=22 uptime_ms=36209 samples_read=467200 us_per_sample=51.25 dropped_dma_buffers=0 clock_rate_mhz=15999984
SEQ_TRIAL trial=9 result=expected stage=analyzer reject_reason=result_in_expected_window source_selection=selected_occurrence source_reason=none dt=-12ms duration_ms=111 contrast_class=medium amp_class=strong coverage_ms=111 island_max_ms=111 gap_max_ms=0 source_strength=12551.0 verdict_confidence=1.00 dup=0 src_total=1 src_acc=1 src_rej=0 buffer_overrun=0 profile=TonalPulseScalar

#10 ----------------
SEQ_HISTDBG trial=10 incomplete_total=0 new=0 out_of_order_total=4 i2s_backsteps=13 i2s_max_backstep_us=5589 i2s_overflows=0 clock_corrections=64 clock_max_correction_us=5634 emit_marker_seen=1 emit_marker_dt_ms=22 uptime_ms=39409 samples_read=518400 us_per_sample=51.54 dropped_dma_buffers=0 clock_rate_mhz=15999984
SEQ_TRIAL trial=10 result=expected stage=analyzer reject_reason=result_in_expected_window source_selection=selected_occurrence source_reason=none dt=-12ms duration_ms=111 contrast_class=medium amp_class=strong coverage_ms=110 island_max_ms=111 gap_max_ms=0 source_strength=12508.0 verdict_confidence=1.00 dup=0 src_total=1 src_acc=1 src_rej=0 buffer_overrun=0 profile=TonalPulseScalar

#11 ----------------
SEQ_HISTDBG trial=11 incomplete_total=0 new=0 out_of_order_total=4 i2s_backsteps=13 i2s_max_backstep_us=5589 i2s_overflows=0 clock_corrections=70 clock_max_correction_us=5634 emit_marker_seen=1 emit_marker_dt_ms=22 uptime_ms=42609 samples_read=569600 us_per_sample=51.79 dropped_dma_buffers=0 clock_rate_mhz=15999968
SEQ_TRIAL trial=11 result=expected stage=analyzer reject_reason=result_in_expected_window source_selection=selected_occurrence source_reason=none dt=-12ms duration_ms=111 contrast_class=medium amp_class=strong coverage_ms=111 island_max_ms=111 gap_max_ms=0 source_strength=12294.0 verdict_confidence=1.00 dup=0 src_total=1 src_acc=1 src_rej=0 buffer_overrun=0 profile=TonalPulseScalar

#12 ----------------
SEQ_HISTDBG trial=12 incomplete_total=0 new=0 out_of_order_total=4 i2s_backsteps=13 i2s_max_backstep_us=5589 i2s_overflows=0 clock_corrections=76 clock_max_correction_us=5634 emit_marker_seen=1 emit_marker_dt_ms=22 uptime_ms=45809 samples_read=620800 us_per_sample=52.00 dropped_dma_buffers=0 clock_rate_mhz=15999968
SEQ_TRIAL trial=12 result=expected stage=analyzer reject_reason=result_in_expected_window source_selection=selected_occurrence source_reason=none dt=-12ms duration_ms=111 contrast_class=medium amp_class=strong coverage_ms=111 island_max_ms=111 gap_max_ms=0 source_strength=12529.0 verdict_confidence=1.00 dup=0 src_total=1 src_acc=1 src_rej=0 buffer_overrun=0 profile=TonalPulseScalar

#13 ----------------
SEQ_HISTDBG trial=13 incomplete_total=0 new=0 out_of_order_total=4 i2s_backsteps=13 i2s_max_backstep_us=5589 i2s_overflows=0 clock_corrections=83 clock_max_correction_us=5634 emit_marker_seen=1 emit_marker_dt_ms=22 uptime_ms=49009 samples_read=672000 us_per_sample=52.17 dropped_dma_buffers=0 clock_rate_mhz=15999968
SEQ_TRIAL trial=13 result=expected stage=analyzer reject_reason=result_in_expected_window source_selection=selected_occurrence source_reason=none dt=-12ms duration_ms=111 contrast_class=medium amp_class=strong coverage_ms=111 island_max_ms=111 gap_max_ms=0 source_strength=12533.0 verdict_confidence=1.00 dup=0 src_total=1 src_acc=1 src_rej=0 buffer_overrun=0 profile=TonalPulseScalar

#14 ----------------
SEQ_HISTDBG trial=14 incomplete_total=0 new=0 out_of_order_total=4 i2s_backsteps=13 i2s_max_backstep_us=5589 i2s_overflows=0 clock_corrections=89 clock_max_correction_us=5634 emit_marker_seen=1 emit_marker_dt_ms=22 uptime_ms=52209 samples_read=723200 us_per_sample=52.31 dropped_dma_buffers=0 clock_rate_mhz=15999968
SEQ_TRIAL trial=14 result=expected stage=analyzer reject_reason=result_in_expected_window source_selection=selected_occurrence source_reason=none dt=-12ms duration_ms=111 contrast_class=medium amp_class=strong coverage_ms=111 island_max_ms=111 gap_max_ms=0 source_strength=12457.0 verdict_confidence=1.00 dup=0 src_total=1 src_acc=1 src_rej=0 buffer_overrun=0 profile=TonalPulseScalar

#15 ----------------
SEQ_HISTDBG trial=15 incomplete_total=0 new=0 out_of_order_total=4 i2s_backsteps=15 i2s_max_backstep_us=5589 i2s_overflows=0 clock_corrections=96 clock_max_correction_us=5634 emit_marker_seen=1 emit_marker_dt_ms=22 uptime_ms=55409 samples_read=774400 us_per_sample=52.45 dropped_dma_buffers=0 clock_rate_mhz=15999984
SEQ_TRIAL trial=15 result=expected stage=analyzer reject_reason=result_in_expected_window source_selection=selected_occurrence source_reason=none dt=-12ms duration_ms=111 contrast_class=medium amp_class=strong coverage_ms=111 island_max_ms=111 gap_max_ms=0 source_strength=12448.0 verdict_confidence=1.00 dup=0 src_total=1 src_acc=1 src_rej=0 buffer_overrun=0 profile=TonalPulseScalar

#16 ----------------
SEQ_HISTDBG trial=16 incomplete_total=0 new=0 out_of_order_total=4 i2s_backsteps=15 i2s_max_backstep_us=5589 i2s_overflows=0 clock_corrections=102 clock_max_correction_us=5634 emit_marker_seen=1 emit_marker_dt_ms=22 uptime_ms=58609 samples_read=825600 us_per_sample=52.57 dropped_dma_buffers=0 clock_rate_mhz=15999984
SEQ_TRIAL trial=16 result=expected stage=analyzer reject_reason=result_in_expected_window source_selection=selected_occurrence source_reason=none dt=-12ms duration_ms=111 contrast_class=medium amp_class=strong coverage_ms=111 island_max_ms=111 gap_max_ms=0 source_strength=12321.0 verdict_confidence=1.00 dup=0 src_total=1 src_acc=1 src_rej=0 buffer_overrun=0 profile=TonalPulseScalar

#17 ----------------
SEQ_HISTDBG trial=17 incomplete_total=0 new=0 out_of_order_total=4 i2s_backsteps=15 i2s_max_backstep_us=5589 i2s_overflows=0 clock_corrections=108 clock_max_correction_us=5634 emit_marker_seen=1 emit_marker_dt_ms=22 uptime_ms=61809 samples_read=876800 us_per_sample=52.68 dropped_dma_buffers=0 clock_rate_mhz=15999984
SEQ_TRIAL trial=17 result=expected stage=analyzer reject_reason=result_in_expected_window source_selection=selected_occurrence source_reason=none dt=-12ms duration_ms=111 contrast_class=medium amp_class=strong coverage_ms=111 island_max_ms=111 gap_max_ms=0 source_strength=12434.0 verdict_confidence=1.00 dup=0 src_total=1 src_acc=1 src_rej=0 buffer_overrun=0 profile=TonalPulseScalar

#18 ----------------
SEQ_HISTDBG trial=18 incomplete_total=0 new=0 out_of_order_total=4 i2s_backsteps=15 i2s_max_backstep_us=5589 i2s_overflows=0 clock_corrections=115 clock_max_correction_us=5634 emit_marker_seen=1 emit_marker_dt_ms=22 uptime_ms=65009 samples_read=928000 us_per_sample=52.77 dropped_dma_buffers=0 clock_rate_mhz=15999984
SEQ_TRIAL trial=18 result=expected stage=analyzer reject_reason=result_in_expected_window source_selection=selected_occurrence source_reason=none dt=-12ms duration_ms=111 contrast_class=medium amp_class=strong coverage_ms=111 island_max_ms=111 gap_max_ms=0 source_strength=12560.0 verdict_confidence=1.00 dup=0 src_total=1 src_acc=1 src_rej=0 buffer_overrun=0 profile=TonalPulseScalar

#19 ----------------
SEQ_HISTDBG trial=19 incomplete_total=0 new=0 out_of_order_total=4 i2s_backsteps=15 i2s_max_backstep_us=5589 i2s_overflows=0 clock_corrections=121 clock_max_correction_us=5634 emit_marker_seen=1 emit_marker_dt_ms=22 uptime_ms=68209 samples_read=979200 us_per_sample=52.85 dropped_dma_buffers=0 clock_rate_mhz=15999984
SEQ_TRIAL trial=19 result=expected stage=analyzer reject_reason=result_in_expected_window source_selection=selected_occurrence source_reason=none dt=-12ms duration_ms=111 contrast_class=medium amp_class=strong coverage_ms=111 island_max_ms=111 gap_max_ms=0 source_strength=12472.0 verdict_confidence=1.00 dup=0 src_total=1 src_acc=1 src_rej=0 buffer_overrun=0 profile=TonalPulseScalar

#20 ----------------
SEQ_HISTDBG trial=20 incomplete_total=0 new=0 out_of_order_total=4 i2s_backsteps=15 i2s_max_backstep_us=5589 i2s_overflows=0 clock_corrections=127 clock_max_correction_us=5634 emit_marker_seen=1 emit_marker_dt_ms=22 uptime_ms=71409 samples_read=1030400 us_per_sample=52.92 dropped_dma_buffers=0 clock_rate_mhz=15999984
SEQ_TRIAL trial=20 result=expected stage=analyzer reject_reason=result_in_expected_window source_selection=selected_occurrence source_reason=none dt=-12ms duration_ms=111 contrast_class=medium amp_class=strong coverage_ms=111 island_max_ms=111 gap_max_ms=0 source_strength=12393.0 verdict_confidence=1.00 dup=0 src_total=1 src_acc=1 src_rej=0 buffer_overrun=0 profile=TonalPulseScalar

#21 ----------------
SEQ_HISTDBG trial=21 incomplete_total=0 new=0 out_of_order_total=4 i2s_backsteps=16 i2s_max_backstep_us=5589 i2s_overflows=0 clock_corrections=134 clock_max_correction_us=5634 emit_marker_seen=1 emit_marker_dt_ms=22 uptime_ms=74609 samples_read=1081600 us_per_sample=53.00 dropped_dma_buffers=0 clock_rate_mhz=15999984
SEQ_TRIAL trial=21 result=expected stage=analyzer reject_reason=result_in_expected_window source_selection=selected_occurrence source_reason=none dt=-13ms duration_ms=112 contrast_class=medium amp_class=strong coverage_ms=111 island_max_ms=111 gap_max_ms=0 source_strength=12528.0 verdict_confidence=1.00 dup=0 src_total=1 src_acc=1 src_rej=0 buffer_overrun=0 profile=TonalPulseScalar

#22 ----------------
SEQ_HISTDBG trial=22 incomplete_total=0 new=0 out_of_order_total=4 i2s_backsteps=17 i2s_max_backstep_us=5589 i2s_overflows=0 clock_corrections=140 clock_max_correction_us=5634 emit_marker_seen=1 emit_marker_dt_ms=22 uptime_ms=77809 samples_read=1132800 us_per_sample=53.07 dropped_dma_buffers=0 clock_rate_mhz=15999936
SEQ_TRIAL trial=22 result=expected stage=analyzer reject_reason=result_in_expected_window source_selection=selected_occurrence source_reason=none dt=-13ms duration_ms=112 contrast_class=medium amp_class=strong coverage_ms=111 island_max_ms=111 gap_max_ms=0 source_strength=12413.0 verdict_confidence=1.00 dup=0 src_total=1 src_acc=1 src_rej=0 buffer_overrun=0 profile=TonalPulseScalar

#23 ----------------
SEQ_HISTDBG trial=23 incomplete_total=0 new=0 out_of_order_total=4 i2s_backsteps=18 i2s_max_backstep_us=5589 i2s_overflows=0 clock_corrections=146 clock_max_correction_us=5634 emit_marker_seen=1 emit_marker_dt_ms=22 uptime_ms=81009 samples_read=1184000 us_per_sample=53.12 dropped_dma_buffers=0 clock_rate_mhz=15999984
SEQ_TRIAL trial=23 result=expected stage=analyzer reject_reason=result_in_expected_window source_selection=selected_occurrence source_reason=none dt=-13ms duration_ms=112 contrast_class=medium amp_class=strong coverage_ms=111 island_max_ms=111 gap_max_ms=0 source_strength=12451.0 verdict_confidence=1.00 dup=0 src_total=1 src_acc=1 src_rej=0 buffer_overrun=0 profile=TonalPulseScalar

#24 ----------------
SEQ_HISTDBG trial=24 incomplete_total=0 new=0 out_of_order_total=4 i2s_backsteps=18 i2s_max_backstep_us=5589 i2s_overflows=0 clock_corrections=153 clock_max_correction_us=5634 emit_marker_seen=1 emit_marker_dt_ms=22 uptime_ms=84209 samples_read=1235200 us_per_sample=53.17 dropped_dma_buffers=0 clock_rate_mhz=15999984
SEQ_TRIAL trial=24 result=expected stage=analyzer reject_reason=result_in_expected_window source_selection=selected_occurrence source_reason=none dt=-13ms duration_ms=112 contrast_class=medium amp_class=strong coverage_ms=111 island_max_ms=111 gap_max_ms=0 source_strength=12379.0 verdict_confidence=1.00 dup=0 src_total=1 src_acc=1 src_rej=0 buffer_overrun=0 profile=TonalPulseScalar

#25 ----------------
SEQ_HISTDBG trial=25 incomplete_total=0 new=0 out_of_order_total=4 i2s_backsteps=18 i2s_max_backstep_us=5589 i2s_overflows=0 clock_corrections=159 clock_max_correction_us=5634 emit_marker_seen=1 emit_marker_dt_ms=22 uptime_ms=87409 samples_read=1286400 us_per_sample=53.22 dropped_dma_buffers=0 clock_rate_mhz=15999984
SEQ_TRIAL trial=25 result=expected stage=analyzer reject_reason=result_in_expected_window source_selection=selected_occurrence source_reason=none dt=-13ms duration_ms=112 contrast_class=medium amp_class=strong coverage_ms=111 island_max_ms=111 gap_max_ms=0 source_strength=12319.0 verdict_confidence=1.00 dup=0 src_total=1 src_acc=1 src_rej=0 buffer_overrun=0 profile=TonalPulseScalar

#26 ----------------
SEQ_HISTDBG trial=26 incomplete_total=0 new=0 out_of_order_total=4 i2s_backsteps=18 i2s_max_backstep_us=5589 i2s_overflows=0 clock_corrections=165 clock_max_correction_us=5634 emit_marker_seen=1 emit_marker_dt_ms=22 uptime_ms=90609 samples_read=1337600 us_per_sample=53.27 dropped_dma_buffers=0 clock_rate_mhz=15999984
SEQ_TRIAL trial=26 result=expected stage=analyzer reject_reason=result_in_expected_window source_selection=selected_occurrence source_reason=none dt=-13ms duration_ms=112 contrast_class=medium amp_class=strong coverage_ms=111 island_max_ms=111 gap_max_ms=0 source_strength=12551.0 verdict_confidence=1.00 dup=0 src_total=1 src_acc=1 src_rej=0 buffer_overrun=0 profile=TonalPulseScalar

#27 ----------------
SEQ_HISTDBG trial=27 incomplete_total=0 new=0 out_of_order_total=4 i2s_backsteps=19 i2s_max_backstep_us=5589 i2s_overflows=0 clock_corrections=172 clock_max_correction_us=5634 emit_marker_seen=1 emit_marker_dt_ms=22 uptime_ms=93809 samples_read=1388800 us_per_sample=53.32 dropped_dma_buffers=0 clock_rate_mhz=16000000
SEQ_TRIAL trial=27 result=expected stage=analyzer reject_reason=result_in_expected_window source_selection=selected_occurrence source_reason=none dt=-12ms duration_ms=112 contrast_class=medium amp_class=strong coverage_ms=111 island_max_ms=111 gap_max_ms=0 source_strength=12569.0 verdict_confidence=1.00 dup=0 src_total=1 src_acc=1 src_rej=0 buffer_overrun=0 profile=TonalPulseScalar

#28 ----------------
SEQ_HISTDBG trial=28 incomplete_total=0 new=0 out_of_order_total=4 i2s_backsteps=19 i2s_max_backstep_us=5589 i2s_overflows=0 clock_corrections=178 clock_max_correction_us=5634 emit_marker_seen=1 emit_marker_dt_ms=22 uptime_ms=97009 samples_read=1440000 us_per_sample=53.35 dropped_dma_buffers=0 clock_rate_mhz=15999984
SEQ_TRIAL trial=28 result=expected stage=analyzer reject_reason=result_in_expected_window source_selection=selected_occurrence source_reason=none dt=-12ms duration_ms=112 contrast_class=medium amp_class=strong coverage_ms=111 island_max_ms=111 gap_max_ms=0 source_strength=12266.0 verdict_confidence=1.00 dup=0 src_total=1 src_acc=1 src_rej=0 buffer_overrun=0 profile=TonalPulseScalar

#29 ----------------
SEQ_HISTDBG trial=29 incomplete_total=0 new=0 out_of_order_total=4 i2s_backsteps=19 i2s_max_backstep_us=5589 i2s_overflows=0 clock_corrections=184 clock_max_correction_us=5634 emit_marker_seen=1 emit_marker_dt_ms=22 uptime_ms=100209 samples_read=1491200 us_per_sample=53.39 dropped_dma_buffers=0 clock_rate_mhz=15999984
SEQ_TRIAL trial=29 result=expected stage=analyzer reject_reason=result_in_expected_window source_selection=selected_occurrence source_reason=none dt=-12ms duration_ms=112 contrast_class=medium amp_class=strong coverage_ms=111 island_max_ms=111 gap_max_ms=0 source_strength=12404.0 verdict_confidence=1.00 dup=0 src_total=1 src_acc=1 src_rej=0 buffer_overrun=0 profile=TonalPulseScalar

#30 ----------------
SEQ_HISTDBG trial=30 incomplete_total=0 new=0 out_of_order_total=4 i2s_backsteps=19 i2s_max_backstep_us=5589 i2s_overflows=0 clock_corrections=191 clock_max_correction_us=5634 emit_marker_seen=1 emit_marker_dt_ms=22 uptime_ms=103409 samples_read=1542400 us_per_sample=53.42 dropped_dma_buffers=0 clock_rate_mhz=15999984
SEQ_TRIAL trial=30 result=expected stage=analyzer reject_reason=result_in_expected_window source_selection=selected_occurrence source_reason=none dt=-12ms duration_ms=112 contrast_class=medium amp_class=strong coverage_ms=111 island_max_ms=111 gap_max_ms=0 source_strength=12516.0 verdict_confidence=1.00 dup=0 src_total=1 src_acc=1 src_rej=0 buffer_overrun=0 profile=TonalPulseScalar

#31 ----------------
SEQ_HISTDBG trial=31 incomplete_total=0 new=0 out_of_order_total=4 i2s_backsteps=19 i2s_max_backstep_us=5589 i2s_overflows=0 clock_corrections=197 clock_max_correction_us=5634 emit_marker_seen=1 emit_marker_dt_ms=22 uptime_ms=106609 samples_read=1593600 us_per_sample=53.46 dropped_dma_buffers=0 clock_rate_mhz=15999984
SEQ_TRIAL trial=31 result=expected stage=analyzer reject_reason=result_in_expected_window source_selection=selected_occurrence source_reason=none dt=-12ms duration_ms=112 contrast_class=medium amp_class=strong coverage_ms=111 island_max_ms=111 gap_max_ms=0 source_strength=12424.0 verdict_confidence=1.00 dup=0 src_total=1 src_acc=1 src_rej=0 buffer_overrun=0 profile=TonalPulseScalar

#32 ----------------
SEQ_HISTDBG trial=32 incomplete_total=0 new=0 out_of_order_total=4 i2s_backsteps=20 i2s_max_backstep_us=5589 i2s_overflows=0 clock_corrections=203 clock_max_correction_us=5634 emit_marker_seen=1 emit_marker_dt_ms=22 uptime_ms=109809 samples_read=1644800 us_per_sample=53.50 dropped_dma_buffers=0 clock_rate_mhz=15999984
SEQ_TRIAL trial=32 result=expected stage=analyzer reject_reason=result_in_expected_window source_selection=selected_occurrence source_reason=none dt=-12ms duration_ms=111 contrast_class=medium amp_class=strong coverage_ms=111 island_max_ms=111 gap_max_ms=0 source_strength=12442.0 verdict_confidence=1.00 dup=0 src_total=1 src_acc=1 src_rej=0 buffer_overrun=0 profile=TonalPulseScalar

#33 ----------------
SEQ_HISTDBG trial=33 incomplete_total=0 new=0 out_of_order_total=4 i2s_backsteps=21 i2s_max_backstep_us=5589 i2s_overflows=0 clock_corrections=210 clock_max_correction_us=5634 emit_marker_seen=1 emit_marker_dt_ms=22 uptime_ms=113009 samples_read=1696000 us_per_sample=53.52 dropped_dma_buffers=0 clock_rate_mhz=15999984
SEQ_TRIAL trial=33 result=expected stage=analyzer reject_reason=result_in_expected_window source_selection=selected_occurrence source_reason=none dt=-12ms duration_ms=112 contrast_class=medium amp_class=strong coverage_ms=111 island_max_ms=111 gap_max_ms=0 source_strength=12364.0 verdict_confidence=1.00 dup=0 src_total=1 src_acc=1 src_rej=0 buffer_overrun=0 profile=TonalPulseScalar

#34 ----------------
SEQ_HISTDBG trial=34 incomplete_total=0 new=0 out_of_order_total=4 i2s_backsteps=22 i2s_max_backstep_us=5589 i2s_overflows=0 clock_corrections=216 clock_max_correction_us=5634 emit_marker_seen=1 emit_marker_dt_ms=22 uptime_ms=116209 samples_read=1747200 us_per_sample=53.54 dropped_dma_buffers=0 clock_rate_mhz=15999984
SEQ_TRIAL trial=34 result=expected stage=analyzer reject_reason=result_in_expected_window source_selection=selected_occurrence source_reason=none dt=-12ms duration_ms=112 contrast_class=medium amp_class=strong coverage_ms=111 island_max_ms=111 gap_max_ms=0 source_strength=12457.0 verdict_confidence=1.00 dup=0 src_total=1 src_acc=1 src_rej=0 buffer_overrun=0 profile=TonalPulseScalar

#35 ----------------
SEQ_HISTDBG trial=35 incomplete_total=0 new=0 out_of_order_total=4 i2s_backsteps=22 i2s_max_backstep_us=5589 i2s_overflows=0 clock_corrections=223 clock_max_correction_us=5634 emit_marker_seen=1 emit_marker_dt_ms=22 uptime_ms=119409 samples_read=1798400 us_per_sample=53.57 dropped_dma_buffers=0 clock_rate_mhz=15999984
SEQ_TRIAL trial=35 result=expected stage=analyzer reject_reason=result_in_expected_window source_selection=selected_occurrence source_reason=none dt=-12ms duration_ms=112 contrast_class=medium amp_class=strong coverage_ms=111 island_max_ms=111 gap_max_ms=0 source_strength=12593.0 verdict_confidence=1.00 dup=0 src_total=1 src_acc=1 src_rej=0 buffer_overrun=0 profile=TonalPulseScalar

#36 ----------------
SEQ_HISTDBG trial=36 incomplete_total=0 new=0 out_of_order_total=4 i2s_backsteps=23 i2s_max_backstep_us=5589 i2s_overflows=0 clock_corrections=229 clock_max_correction_us=5634 emit_marker_seen=1 emit_marker_dt_ms=22 uptime_ms=122609 samples_read=1849600 us_per_sample=53.60 dropped_dma_buffers=0 clock_rate_mhz=15999984
SEQ_TRIAL trial=36 result=expected stage=analyzer reject_reason=result_in_expected_window source_selection=selected_occurrence source_reason=none dt=-12ms duration_ms=112 contrast_class=medium amp_class=strong coverage_ms=111 island_max_ms=111 gap_max_ms=0 source_strength=12445.0 verdict_confidence=1.00 dup=0 src_total=1 src_acc=1 src_rej=0 buffer_overrun=0 profile=TonalPulseScalar

#37 ----------------
SEQ_HISTDBG trial=37 incomplete_total=0 new=0 out_of_order_total=4 i2s_backsteps=23 i2s_max_backstep_us=5589 i2s_overflows=0 clock_corrections=235 clock_max_correction_us=5634 emit_marker_seen=1 emit_marker_dt_ms=22 uptime_ms=125809 samples_read=1900800 us_per_sample=53.62 dropped_dma_buffers=0 clock_rate_mhz=15999984
SEQ_TRIAL trial=37 result=expected stage=analyzer reject_reason=result_in_expected_window source_selection=selected_occurrence source_reason=none dt=-12ms duration_ms=112 contrast_class=medium amp_class=strong coverage_ms=111 island_max_ms=111 gap_max_ms=0 source_strength=12351.0 verdict_confidence=1.00 dup=0 src_total=1 src_acc=1 src_rej=0 buffer_overrun=0 profile=TonalPulseScalar

#38 ----------------
SEQ_HISTDBG trial=38 incomplete_total=0 new=0 out_of_order_total=4 i2s_backsteps=23 i2s_max_backstep_us=5589 i2s_overflows=0 clock_corrections=242 clock_max_correction_us=5634 emit_marker_seen=1 emit_marker_dt_ms=22 uptime_ms=129009 samples_read=1952000 us_per_sample=53.64 dropped_dma_buffers=0 clock_rate_mhz=15999984
SEQ_TRIAL trial=38 result=expected stage=analyzer reject_reason=result_in_expected_window source_selection=selected_occurrence source_reason=none dt=-12ms duration_ms=111 contrast_class=medium amp_class=strong coverage_ms=111 island_max_ms=111 gap_max_ms=0 source_strength=12519.0 verdict_confidence=1.00 dup=0 src_total=1 src_acc=1 src_rej=0 buffer_overrun=0 profile=TonalPulseScalar

#39 ----------------
SEQ_HISTDBG trial=39 incomplete_total=0 new=0 out_of_order_total=4 i2s_backsteps=24 i2s_max_backstep_us=5589 i2s_overflows=0 clock_corrections=248 clock_max_correction_us=5634 emit_marker_seen=1 emit_marker_dt_ms=22 uptime_ms=132209 samples_read=2003200 us_per_sample=53.66 dropped_dma_buffers=0 clock_rate_mhz=15999984
SEQ_TRIAL trial=39 result=expected stage=analyzer reject_reason=result_in_expected_window source_selection=selected_occurrence source_reason=none dt=-12ms duration_ms=111 contrast_class=medium amp_class=strong coverage_ms=111 island_max_ms=111 gap_max_ms=0 source_strength=12523.0 verdict_confidence=1.00 dup=0 src_total=1 src_acc=1 src_rej=0 buffer_overrun=0 profile=TonalPulseScalar

#40 ----------------
SEQ_HISTDBG trial=40 incomplete_total=0 new=0 out_of_order_total=4 i2s_backsteps=24 i2s_max_backstep_us=5589 i2s_overflows=0 clock_corrections=254 clock_max_correction_us=5634 emit_marker_seen=1 emit_marker_dt_ms=22 uptime_ms=135409 samples_read=2054400 us_per_sample=53.68 dropped_dma_buffers=0 clock_rate_mhz=15999984
SEQ_TRIAL trial=40 result=expected stage=analyzer reject_reason=result_in_expected_window source_selection=selected_occurrence source_reason=none dt=-12ms duration_ms=111 contrast_class=medium amp_class=strong coverage_ms=111 island_max_ms=111 gap_max_ms=0 source_strength=12444.0 verdict_confidence=1.00 dup=0 src_total=1 src_acc=1 src_rej=0 buffer_overrun=0 profile=TonalPulseScalar

#41 ----------------
SEQ_HISTDBG trial=41 incomplete_total=0 new=0 out_of_order_total=4 i2s_backsteps=24 i2s_max_backstep_us=5589 i2s_overflows=0 clock_corrections=261 clock_max_correction_us=5634 emit_marker_seen=1 emit_marker_dt_ms=22 uptime_ms=138609 samples_read=2105600 us_per_sample=53.70 dropped_dma_buffers=0 clock_rate_mhz=15999984
SEQ_TRIAL trial=41 result=expected stage=analyzer reject_reason=result_in_expected_window source_selection=selected_occurrence source_reason=none dt=-12ms duration_ms=111 contrast_class=medium amp_class=strong coverage_ms=111 island_max_ms=111 gap_max_ms=0 source_strength=12410.0 verdict_confidence=1.00 dup=0 src_total=1 src_acc=1 src_rej=0 buffer_overrun=0 profile=TonalPulseScalar

#42 ----------------
SEQ_HISTDBG trial=42 incomplete_total=0 new=0 out_of_order_total=4 i2s_backsteps=25 i2s_max_backstep_us=5589 i2s_overflows=0 clock_corrections=267 clock_max_correction_us=5634 emit_marker_seen=1 emit_marker_dt_ms=22 uptime_ms=141809 samples_read=2156800 us_per_sample=53.72 dropped_dma_buffers=0 clock_rate_mhz=16000000
SEQ_TRIAL trial=42 result=expected stage=analyzer reject_reason=result_in_expected_window source_selection=selected_occurrence source_reason=none dt=-12ms duration_ms=112 contrast_class=medium amp_class=strong coverage_ms=111 island_max_ms=111 gap_max_ms=0 source_strength=12334.0 verdict_confidence=1.00 dup=0 src_total=1 src_acc=1 src_rej=0 buffer_overrun=0 profile=TonalPulseScalar

#43 ----------------
SEQ_HISTDBG trial=43 incomplete_total=0 new=0 out_of_order_total=4 i2s_backsteps=25 i2s_max_backstep_us=5589 i2s_overflows=0 clock_corrections=273 clock_max_correction_us=5634 emit_marker_seen=1 emit_marker_dt_ms=22 uptime_ms=145009 samples_read=2208000 us_per_sample=53.74 dropped_dma_buffers=0 clock_rate_mhz=15999984
SEQ_TRIAL trial=43 result=expected stage=analyzer reject_reason=result_in_expected_window source_selection=selected_occurrence source_reason=none dt=-12ms duration_ms=111 contrast_class=medium amp_class=strong coverage_ms=111 island_max_ms=111 gap_max_ms=0 source_strength=12482.0 verdict_confidence=1.00 dup=0 src_total=1 src_acc=1 src_rej=0 buffer_overrun=0 profile=TonalPulseScalar

#44 ----------------
SEQ_HISTDBG trial=44 incomplete_total=0 new=0 out_of_order_total=4 i2s_backsteps=26 i2s_max_backstep_us=5589 i2s_overflows=0 clock_corrections=280 clock_max_correction_us=5634 emit_marker_seen=1 emit_marker_dt_ms=22 uptime_ms=148209 samples_read=2259200 us_per_sample=53.75 dropped_dma_buffers=0 clock_rate_mhz=15999984
SEQ_TRIAL trial=44 result=expected stage=analyzer reject_reason=result_in_expected_window source_selection=selected_occurrence source_reason=none dt=-12ms duration_ms=111 contrast_class=medium amp_class=strong coverage_ms=111 island_max_ms=111 gap_max_ms=0 source_strength=12541.0 verdict_confidence=1.00 dup=0 src_total=1 src_acc=1 src_rej=0 buffer_overrun=0 profile=TonalPulseScalar

#45 ----------------
SEQ_HISTDBG trial=45 incomplete_total=0 new=0 out_of_order_total=4 i2s_backsteps=27 i2s_max_backstep_us=5589 i2s_overflows=0 clock_corrections=286 clock_max_correction_us=5634 emit_marker_seen=1 emit_marker_dt_ms=22 uptime_ms=151409 samples_read=2310400 us_per_sample=53.77 dropped_dma_buffers=0 clock_rate_mhz=15999984
SEQ_TRIAL trial=45 result=expected stage=analyzer reject_reason=result_in_expected_window source_selection=selected_occurrence source_reason=none dt=-12ms duration_ms=111 contrast_class=medium amp_class=strong coverage_ms=111 island_max_ms=111 gap_max_ms=0 source_strength=12381.0 verdict_confidence=1.00 dup=0 src_total=1 src_acc=1 src_rej=0 buffer_overrun=0 profile=TonalPulseScalar

#46 ----------------
SEQ_HISTDBG trial=46 incomplete_total=0 new=0 out_of_order_total=4 i2s_backsteps=28 i2s_max_backstep_us=5589 i2s_overflows=0 clock_corrections=292 clock_max_correction_us=5634 emit_marker_seen=1 emit_marker_dt_ms=22 uptime_ms=154609 samples_read=2361600 us_per_sample=53.78 dropped_dma_buffers=0 clock_rate_mhz=15999984
SEQ_TRIAL trial=46 result=expected stage=analyzer reject_reason=result_in_expected_window source_selection=selected_occurrence source_reason=none dt=-12ms duration_ms=111 contrast_class=medium amp_class=strong coverage_ms=111 island_max_ms=111 gap_max_ms=0 source_strength=12433.0 verdict_confidence=1.00 dup=0 src_total=1 src_acc=1 src_rej=0 buffer_overrun=0 profile=TonalPulseScalar

#47 ----------------
SEQ_HISTDBG trial=47 incomplete_total=0 new=0 out_of_order_total=4 i2s_backsteps=28 i2s_max_backstep_us=5589 i2s_overflows=0 clock_corrections=299 clock_max_correction_us=5634 emit_marker_seen=1 emit_marker_dt_ms=22 uptime_ms=157809 samples_read=2412800 us_per_sample=53.80 dropped_dma_buffers=0 clock_rate_mhz=15999968
SEQ_TRIAL trial=47 result=expected stage=analyzer reject_reason=result_in_expected_window source_selection=selected_occurrence source_reason=none dt=-12ms duration_ms=111 contrast_class=medium amp_class=strong coverage_ms=111 island_max_ms=111 gap_max_ms=0 source_strength=12512.0 verdict_confidence=1.00 dup=0 src_total=1 src_acc=1 src_rej=0 buffer_overrun=0 profile=TonalPulseScalar

#48 ----------------
SEQ_HISTDBG trial=48 incomplete_total=0 new=0 out_of_order_total=4 i2s_backsteps=28 i2s_max_backstep_us=5589 i2s_overflows=0 clock_corrections=305 clock_max_correction_us=5634 emit_marker_seen=1 emit_marker_dt_ms=22 uptime_ms=161009 samples_read=2464000 us_per_sample=53.81 dropped_dma_buffers=0 clock_rate_mhz=15999968
SEQ_TRIAL trial=48 result=expected stage=analyzer reject_reason=result_in_expected_window source_selection=selected_occurrence source_reason=none dt=-12ms duration_ms=111 contrast_class=medium amp_class=strong coverage_ms=111 island_max_ms=111 gap_max_ms=0 source_strength=12338.0 verdict_confidence=1.00 dup=0 src_total=1 src_acc=1 src_rej=0 buffer_overrun=0 profile=TonalPulseScalar

#49 ----------------
SEQ_HISTDBG trial=49 incomplete_total=0 new=0 out_of_order_total=4 i2s_backsteps=28 i2s_max_backstep_us=5589 i2s_overflows=0 clock_corrections=311 clock_max_correction_us=5634 emit_marker_seen=1 emit_marker_dt_ms=22 uptime_ms=164209 samples_read=2515200 us_per_sample=53.82 dropped_dma_buffers=0 clock_rate_mhz=15999968
SEQ_TRIAL trial=49 result=expected stage=analyzer reject_reason=result_in_expected_window source_selection=selected_occurrence source_reason=none dt=-12ms duration_ms=111 contrast_class=medium amp_class=strong coverage_ms=111 island_max_ms=111 gap_max_ms=0 source_strength=12468.0 verdict_confidence=1.00 dup=0 src_total=1 src_acc=1 src_rej=0 buffer_overrun=0 profile=TonalPulseScalar

#50 ----------------
SEQ_HISTDBG trial=50 incomplete_total=0 new=0 out_of_order_total=4 i2s_backsteps=28 i2s_max_backstep_us=5589 i2s_overflows=0 clock_corrections=318 clock_max_correction_us=5634 emit_marker_seen=1 emit_marker_dt_ms=22 uptime_ms=167409 samples_read=2566400 us_per_sample=53.84 dropped_dma_buffers=0 clock_rate_mhz=15999968
SEQ_TRIAL trial=50 result=expected stage=analyzer reject_reason=result_in_expected_window source_selection=selected_occurrence source_reason=none dt=-12ms duration_ms=111 contrast_class=medium amp_class=strong coverage_ms=111 island_max_ms=111 gap_max_ms=0 source_strength=12285.0 verdict_confidence=1.00 dup=0 src_total=1 src_acc=1 src_rej=0 buffer_overrun=0 profile=TonalPulseScalar
SEQ_SUMMARY profile=TonalPulseScalar detector=scalar_transient trials=50 completed=50 expected_trials=50 early_trials=0 late_trials=0 miss_trials=0 duplicate_trials=0 unexpected_trials=0 rejected_trials=0 buffer_overrun_trials=0 ambiguous_trials=0 too_dense_trials=0 detector_accepted_trials=50 detector_reject_trials=0 pattern_valid_trials=50 pattern_rejected_trials=0 avg_dt_ms=-1 avg_strength=12443.6 avg_conf=1.00
