# run: I2_diag_off_freq
# firmware: role=analyzer git=62a949e version=0.4.0
# imported-from: I2_diag_off_freq.log (mtime 2026-10-08T16:42:05)
>> SEQ DIAG off
OK SEQ DIAG off

>> SEQ start profile=TonalPulseFreq tries=30 mode=detail when=all verbose=1
OK SEQ

SEQ remote claim: send=650579ms ack=650584ms wait=5ms status=ok

SEQ rebase: start=650584ms end=650685ms elapsed=101ms

AUDIO stats reset

SEQ start test=default startup_delay_ms=1000 report_settle_ms=500 loopDelayMs=0 logStress=0

SEQ start source=I2S probe=AMP profile=TonalPulseFreq source=FrequencyMatch detector=FrequencyMatch freq_min_duration_ms=60 freq_release_debounce_ms=30 freq_cooldown_ms=0 scalar_observed_stream=AmpEnvelope scalar_onset_threshold=18000.0 scalar_release_threshold=12000.0 scalar_cooldown_ms=50 scalar_min_duration_ms=0 scalar_max_duration_ms=120 scalar_min_peak_strength=8000.0 scalar_release_debounce_ms=20 scalar_require_carrier_quality=0 scalar_min_release_coverage_ms=0 scalar_min_longest_island_ms=0 scalar_max_gap_ms=0 history.bin_ms=1 history.capacity_bins=256 history.coverage_ms=256 history.stream=amp aggregation=mean_abs+rms+peak_abs history.stream=freq_target aggregation=fresh_only history.stream=freq_contrast aggregation=fresh_only mode=SEQ test=default startup_delay_ms=1000 report_settle_ms=500 loopDelayMs=0 logStress=0 quiet=0 tries=30 period_ms=2500 window_start_ms=0 window_end_ms=2200 freq_hz=3200 dur_ms=100

SEQ scalar: observed_stream=AmpEnvelope onset_threshold=18000.0 release_threshold=12000.0 cooldown_ms=50 min_duration_ms=0 max_duration_ms=120 min_peak_strength=8000.0 release_debounce_ms=20 carrier_quality_required=0 min_strength_required=0 min_strength=0.0 min_release_coverage_ms=0 min_longest_island_ms=0 max_gap_ms=0

FREQBAND runtime: freq.window_samples=64 freq.window_ms=4.00 freq.update_every_samples=4 freq.update_period_ms=0.250 freq.target_hz=3200 freq.produced_fresh_packet=0 freq.packet_age_samples=0 freq.packet_age_ms=0.000

SEQ running



#1 ----------------

SEQ_TRIAL trial=1 result=miss stage=source reject_reason=missing_pipeline_result source_selection=none source_reason=none dt=-1ms contrast_class=unknown amp_class=unknown source_strength=0.0 verdict_confidence=0.00 dup=0 src_total=0 src_acc=0 src_rej=0 buffer_overrun=0 profile=TonalPulseFreq



#2 ----------------

SEQ_TRIAL trial=2 result=miss stage=source reject_reason=missing_pipeline_result source_selection=none source_reason=none dt=-1ms contrast_class=unknown amp_class=unknown source_strength=0.0 verdict_confidence=0.00 dup=0 src_total=0 src_acc=0 src_rej=0 buffer_overrun=0 profile=TonalPulseFreq



#3 ----------------

SEQ_TRIAL trial=3 result=miss stage=source reject_reason=missing_pipeline_result source_selection=none source_reason=none dt=-1ms contrast_class=unknown amp_class=unknown source_strength=0.0 verdict_confidence=0.00 dup=0 src_total=0 src_acc=0 src_rej=0 buffer_overrun=0 profile=TonalPulseFreq



#4 ----------------

SEQ_TRIAL trial=4 result=miss stage=source reject_reason=missing_pipeline_result source_selection=none source_reason=none dt=-1ms contrast_class=unknown amp_class=unknown source_strength=0.0 verdict_confidence=0.00 dup=0 src_total=0 src_acc=0 src_rej=0 buffer_overrun=0 profile=TonalPulseFreq



#5 ----------------

SEQ_TRIAL trial=5 result=miss stage=source reject_reason=missing_pipeline_result source_selection=none source_reason=none dt=-1ms contrast_class=unknown amp_class=unknown source_strength=0.0 verdict_confidence=0.00 dup=0 src_total=0 src_acc=0 src_rej=0 buffer_overrun=0 profile=TonalPulseFreq



#6 ----------------

SEQ_TRIAL trial=6 result=miss stage=source reject_reason=missing_pipeline_result source_selection=none source_reason=none dt=-1ms contrast_class=unknown amp_class=unknown source_strength=0.0 verdict_confidence=0.00 dup=0 src_total=0 src_acc=0 src_rej=0 buffer_overrun=0 profile=TonalPulseFreq



#7 ----------------

SEQ_TRIAL trial=7 result=miss stage=source reject_reason=missing_pipeline_result source_selection=none source_reason=none dt=-1ms contrast_class=unknown amp_class=unknown source_strength=0.0 verdict_confidence=0.00 dup=0 src_total=0 src_acc=0 src_rej=0 buffer_overrun=0 profile=TonalPulseFreq



#8 ----------------

SEQ_TRIAL trial=8 result=miss stage=source reject_reason=missing_pipeline_result source_selection=none source_reason=none dt=-1ms contrast_class=unknown amp_class=unknown source_strength=0.0 verdict_confidence=0.00 dup=0 src_total=0 src_acc=0 src_rej=0 buffer_overrun=0 profile=TonalPulseFreq



#9 ----------------

SEQ_TRIAL trial=9 result=miss stage=source reject_reason=missing_pipeline_result source_selection=none source_reason=none dt=-1ms contrast_class=unknown amp_class=unknown source_strength=0.0 verdict_confidence=0.00 dup=0 src_total=0 src_acc=0 src_rej=0 buffer_overrun=0 profile=TonalPulseFreq



#10 ----------------

SEQ_TRIAL trial=10 result=miss stage=source reject_reason=missing_pipeline_result source_selection=none source_reason=none dt=-1ms contrast_class=unknown amp_class=unknown source_strength=0.0 verdict_confidence=0.00 dup=0 src_total=0 src_acc=0 src_rej=0 buffer_overrun=0 profile=TonalPulseFreq



#11 ----------------

SEQ_TRIAL trial=11 result=miss stage=source reject_reason=missing_pipeline_result source_selection=none source_reason=none dt=-1ms contrast_class=unknown amp_class=unknown source_strength=0.0 verdict_confidence=0.00 dup=0 src_total=0 src_acc=0 src_rej=0 buffer_overrun=0 profile=TonalPulseFreq



#12 ----------------

SEQ_TRIAL trial=12 result=miss stage=source reject_reason=missing_pipeline_result source_selection=none source_reason=none dt=-1ms contrast_class=unknown amp_class=unknown source_strength=0.0 verdict_confidence=0.00 dup=0 src_total=0 src_acc=0 src_rej=0 buffer_overrun=0 profile=TonalPulseFreq



#13 ----------------

SEQ_TRIAL trial=13 result=miss stage=source reject_reason=missing_pipeline_result source_selection=none source_reason=none dt=-1ms contrast_class=unknown amp_class=unknown source_strength=0.0 verdict_confidence=0.00 dup=0 src_total=0 src_acc=0 src_rej=0 buffer_overrun=0 profile=TonalPulseFreq



#14 ----------------

SEQ_TRIAL trial=14 result=miss stage=source reject_reason=missing_pipeline_result source_selection=none source_reason=none dt=-1ms contrast_class=unknown amp_class=unknown source_strength=0.0 verdict_confidence=0.00 dup=0 src_total=0 src_acc=0 src_rej=0 buffer_overrun=0 profile=TonalPulseFreq



#15 ----------------

SEQ_TRIAL trial=15 result=miss stage=source reject_reason=missing_pipeline_result source_selection=none source_reason=none dt=-1ms contrast_class=unknown amp_class=unknown source_strength=0.0 verdict_confidence=0.00 dup=0 src_total=0 src_acc=0 src_rej=0 buffer_overrun=0 profile=TonalPulseFreq



#16 ----------------

SEQ_TRIAL trial=16 result=miss stage=source reject_reason=missing_pipeline_result source_selection=none source_reason=none dt=-1ms contrast_class=unknown amp_class=unknown source_strength=0.0 verdict_confidence=0.00 dup=0 src_total=0 src_acc=0 src_rej=0 buffer_overrun=0 profile=TonalPulseFreq



#17 ----------------

SEQ_TRIAL trial=17 result=miss stage=source reject_reason=missing_pipeline_result source_selection=none source_reason=none dt=-1ms contrast_class=unknown amp_class=unknown source_strength=0.0 verdict_confidence=0.00 dup=0 src_total=0 src_acc=0 src_rej=0 buffer_overrun=0 profile=TonalPulseFreq



#18 ----------------

SEQ_TRIAL trial=18 result=miss stage=source reject_reason=missing_pipeline_result source_selection=none source_reason=none dt=-1ms contrast_class=unknown amp_class=unknown source_strength=0.0 verdict_confidence=0.00 dup=0 src_total=0 src_acc=0 src_rej=0 buffer_overrun=0 profile=TonalPulseFreq



#19 ----------------

SEQ_TRIAL trial=19 result=miss stage=source reject_reason=missing_pipeline_result source_selection=none source_reason=none dt=-1ms contrast_class=unknown amp_class=unknown source_strength=0.0 verdict_confidence=0.00 dup=0 src_total=0 src_acc=0 src_rej=0 buffer_overrun=0 profile=TonalPulseFreq



#20 ----------------

SEQ_TRIAL trial=20 result=miss stage=source reject_reason=missing_pipeline_result source_selection=none source_reason=none dt=-1ms contrast_class=unknown amp_class=unknown source_strength=0.0 verdict_confidence=0.00 dup=0 src_total=0 src_acc=0 src_rej=0 buffer_overrun=0 profile=TonalPulseFreq



#21 ----------------

SEQ_TRIAL trial=21 result=miss stage=source reject_reason=missing_pipeline_result source_selection=none source_reason=none dt=-1ms contrast_class=unknown amp_class=unknown source_strength=0.0 verdict_confidence=0.00 dup=0 src_total=0 src_acc=0 src_rej=0 buffer_overrun=0 profile=TonalPulseFreq



#22 ----------------

SEQ_TRIAL trial=22 result=miss stage=source reject_reason=missing_pipeline_result source_selection=none source_reason=none dt=-1ms contrast_class=unknown amp_class=unknown source_strength=0.0 verdict_confidence=0.00 dup=0 src_total=0 src_acc=0 src_rej=0 buffer_overrun=0 profile=TonalPulseFreq



#23 ----------------

SEQ_TRIAL trial=23 result=miss stage=source reject_reason=missing_pipeline_result source_selection=none source_reason=none dt=-1ms contrast_class=unknown amp_class=unknown source_strength=0.0 verdict_confidence=0.00 dup=0 src_total=0 src_acc=0 src_rej=0 buffer_overrun=0 profile=TonalPulseFreq



#24 ----------------

SEQ_TRIAL trial=24 result=miss stage=source reject_reason=missing_pipeline_result source_selection=none source_reason=none dt=-1ms contrast_class=unknown amp_class=unknown source_strength=0.0 verdict_confidence=0.00 dup=0 src_total=0 src_acc=0 src_rej=0 buffer_overrun=0 profile=TonalPulseFreq



#25 ----------------

SEQ_TRIAL trial=25 result=miss stage=source reject_reason=missing_pipeline_result source_selection=none source_reason=none dt=-1ms contrast_class=unknown amp_class=unknown source_strength=0.0 verdict_confidence=0.00 dup=0 src_total=0 src_acc=0 src_rej=0 buffer_overrun=0 profile=TonalPulseFreq



#26 ----------------

SEQ_TRIAL trial=26 result=miss stage=source reject_reason=missing_pipeline_result source_selection=none source_reason=none dt=-1ms contrast_class=unknown amp_class=unknown source_strength=0.0 verdict_confidence=0.00 dup=0 src_total=0 src_acc=0 src_rej=0 buffer_overrun=0 profile=TonalPulseFreq



#27 ----------------

SEQ_TRIAL trial=27 result=miss stage=source reject_reason=missing_pipeline_result source_selection=none source_reason=none dt=-1ms contrast_class=unknown amp_class=unknown source_strength=0.0 verdict_confidence=0.00 dup=0 src_total=0 src_acc=0 src_rej=0 buffer_overrun=0 profile=TonalPulseFreq



#28 ----------------

SEQ_TRIAL trial=28 result=miss stage=source reject_reason=missing_pipeline_result source_selection=none source_reason=none dt=-1ms contrast_class=unknown amp_class=unknown source_strength=0.0 verdict_confidence=0.00 dup=0 src_total=0 src_acc=0 src_rej=0 buffer_overrun=0 profile=TonalPulseFreq



#29 ----------------

SEQ_TRIAL trial=29 result=miss stage=source reject_reason=missing_pipeline_result source_selection=none source_reason=none dt=-1ms contrast_class=unknown amp_class=unknown source_strength=0.0 verdict_confidence=0.00 dup=0 src_total=0 src_acc=0 src_rej=0 buffer_overrun=0 profile=TonalPulseFreq



#30 ----------------

SEQ_TRIAL trial=30 result=miss stage=source reject_reason=missing_pipeline_result source_selection=none source_reason=none dt=-1ms contrast_class=unknown amp_class=unknown source_strength=0.0 verdict_confidence=0.00 dup=0 src_total=0 src_acc=0 src_rej=0 buffer_overrun=0 profile=TonalPulseFreq

SEQ_SUMMARY profile=TonalPulseFreq detector=frequency_match trials=30 completed=30 expected_trials=0 early_trials=0 late_trials=0 miss_trials=30 duplicate_trials=0 unexpected_trials=0 rejected_trials=0 buffer_overrun_trials=0 ambiguous_trials=0 too_dense_trials=0 detector_accepted_trials=0 detector_reject_trials=0 pattern_valid_trials=0 pattern_rejected_trials=0 avg_dt_ms=-1 avg_strength=0.0 avg_conf=0.00

