# run: cfg_stereo_1
# firmware: role=analyzer git=9f584bb version=0.4.0
# imported-from: stereo_1.log (mtime 2026-10-09T10:32:34)
RAW_INFO mode=i2s output=csv

RAW_INFO row_size=12

RAW_BEGIN id=1 sr=16000 trigger_ms=6106 command_ms=6093 emit_seen=1 emit_start_ms=6106 emit_done_ms=6203 f=3200 dur=100 pre_ms=0 post_ms=350 decim=1 pre_samples=0 post_samples=5600 mode=i2s output=csv fields=ms,pcm

ms,pcm

6108,-50540

6108,-46020

6108,-49078

6108,-53810

6108,-52840

6108,-51380

6108,-55234

6108,-55606

6108,-54814

6108,-59492

6108,-57764

6108,-53272

6108,-53772

6108,-57164

6108,-53652

6108,-52386

6108,-55022

6108,-53968

6108,-50542

6108,-57436

6108,-57858

6108,-56590

6108,-54026

6108,-53182

6108,-54440

6108,-58300

6108,-52508

6108,-59062

6108,-25666

6108,-27768

6108,-87946

6108,-161050

6108,-126408

6108,51288

6108,104360

6108,-63610

6108,-287282

6108,-205978

6108,14770

6108,145648

6108,-1616

6109,-227670

6109,-232050

6109,-34190

6109,132094

6109,7622

6109,-216094

6109,-264740

6109,-24410

6109,149550

6109,39472

6109,-201520

6109,-299258

6109,-89464

6109,136172

6109,96564

6109,-152232

6109,-301664

6109,-141044

6109,100286

6109,101790

6109,-115518

6109,-274938

6109,-155146

6109,51938

6109,72900

6109,-111632

6109,-233094

6109,-136738

6109,28432

6109,30492

6109,-131850

6109,-213316

6109,-111924

6109,34460

6109,14010

6109,-145494

6109,-216256

6109,-99636

6109,44012

6109,-938

6109,-162482

6109,-224676

6109,-90636

6109,47546

6109,1818

6109,-163710

6109,-233204

6109,-101650

6109,46110

6109,11104

6109,-160364

6109,-235002

6109,-113562

6109,30514

6109,6230

6109,-150238

6109,-230278

6109,-116088

6109,24988

6109,-7814

6109,-147444

6109,-216542

6109,-111322

6109,17102

6109,-8072

6110,-156448

6110,-214426

6110,-101008

6110,27958

6110,-6682

6110,-167760

6110,-228978

6110,-105090

6110,30806

6110,-11138

6110,-172298

6110,-235458

6110,-111862

6110,27050

6110,-10466

6110,-168670

6110,-240576

6110,-121748

6113,32332

6113,-4294

6113,-172490

6113,-247564

6113,-119598

6113,28414

6113,-4052

6113,-163462

6113,-239312

6113,-124360

6113,23700

6113,-320

6113,-157904

6113,-236516

6113,-131700

6113,16892

6113,172

6113,-155382

6113,-237206

6113,-128128

6113,9812

6113,-1938

6113,-154444

6113,-237224

6113,-132072

6113,8632

6113,-2120

6113,-151136

6114,-226872

6114,-129290

6114,9122

6114,-8206

6114,-154746

6114,-231360

6114,-126514

6114,10308

6114,-9812

6114,-152272

6114,-231328

6114,-125864

6114,9798

6114,-9062

6114,-158334

6114,-233508

6114,-127188

6114,5914

6114,-12842

6114,-162794

6114,-229866

6114,-128374

6114,5344

6114,-15806

6114,-159948

6114,-234326

6114,-131608

6114,6942

6114,-10652

6114,-159928

6114,-226172

6114,-123066

6114,1024

6114,-17632

6114,-158888

6114,-221824

6114,-123386

6114,4304

6114,-14512

6114,-156290

6114,-225650

6114,-120472

6114,8330

6114,-15852

6114,-160924

6114,-224384

6114,-122230

6114,6878

6114,-12340

6114,-158650

6114,-227250

6114,-124176

6114,6356

6114,-15572

6114,-161470

6114,-230284

6114,-131428

6114,7066

6114,-7018

6114,-157844

6114,-234086

6114,-129928

6114,4676

6114,-17006

6114,-158432

6115,-234420

6115,-137602

6115,4748

6115,-11276

6115,-153882

6115,-229754

6115,-134468

6115,1064

6115,-9104

6115,-151912

6115,-230646

6115,-138052

6115,-5224

6115,-16002

6115,-150980

6115,-229808

6115,-141238

6115,-12582

6115,-16070

6115,-148018

6115,-225854

6115,-135416

6115,-8962

6115,-20442

6115,-148290

6115,-226096

6115,-143814

6115,-15094

6115,-18906

6115,-149932

6115,-226888

6115,-147964

6115,-20234

6115,-25214

6115,-155066

6121,-225128

6121,-143648

6121,-19034

6121,-24090

6121,-152030

6121,-227246

6121,-144444

6121,-12726

6121,-22088

6121,-154346

6121,-233850

6121,-145064

6121,-14508

6121,-19442

6121,-151210

6121,-233968

6121,-149514

6121,-18044

6121,-20126

6121,-147842

6121,-232494

6121,-146396

6121,-17070

6121,-27190

6121,-154196

6121,-231272

6121,-147056

6121,-23642

6122,-24462

6122,-149740

6122,-232166

6122,-146580

6122,-14788

6122,-19092

6122,-154674

6122,-232010

6122,-147844

6122,-16280

6122,-28192

6122,-160402

6122,-238116

6122,-143520

6122,-15608

6122,-26448

6122,-160750

6122,-239238

6122,-144566

6122,-9014

6122,-20034

6122,-161620

6122,-242012

6122,-147102

6122,-11070

6122,-24560

6122,-162620

6122,-243638

6122,-149034

6122,-12746

6122,-20534

6122,-159992

6122,-237694

6122,-151756

6122,-12974

6122,-21468

6122,-163272

6122,-236532

6122,-143720

6122,-14208

6122,-17502

6122,-153776

6122,-233364

6122,-141588

6122,-14324

6122,-23408

6122,-159392

6122,-226982

6122,-144700

6122,-13308

6122,-24666

6122,-159178

6122,-230646

6122,-141294

6122,-12268

6122,-22214

6122,-152064

6122,-230742

6122,-143996

6122,-11166

6122,-21808

6122,-159380

6122,-237388

6122,-144336

6122,-11458

6123,-21592

6123,-153532

6123,-232974

6123,-146104

6123,-14616

6123,-17662

6123,-149988

6123,-232218

6123,-144446

6123,-11394

6123,-23330

6123,-152336

6123,-227776

6123,-145768

6123,-18624

6123,-24696

6123,-150076

6123,-227176

6123,-145776

6123,-14034

6123,-18726

6123,-147390

6123,-222174

6123,-144024

6123,-17324

6123,-19354

6123,-150734

6123,-225200

6123,-145856

6123,-18588

6123,-18776

6123,-146150

6123,-222968

6123,-143464

6123,-24692

6129,-26042

6129,-148004

6129,-221780

6129,-142704

6129,-17998

6129,-21146

6129,-144988

6129,-214924

6129,-136744

6129,-10428

6129,-17668

6129,-142390

6129,-213888

6129,-131598

6129,-11780

6129,-16634

6129,-134218

6129,-214714

6129,-134294

6129,-10808

6129,-17108

6129,-145716

6129,-213158

6129,-132868

6129,-13106

6129,-19904

6129,-140164

6129,-208564

6130,-134270

6130,-13496

6130,-18134

6130,-134590

6130,-207232

6130,-131408

6130,-7846

6130,-19044

6130,-140536

6130,-207144

6130,-125024

6130,-7704

6130,-18232

6130,-141264

6130,-214612

6130,-134820

6130,-7144

6130,-16798

6130,-145582

6130,-212548

6130,-132536

6130,-11358

6130,-21154

6130,-144324

6130,-211388

6130,-131720

6130,-9908

6130,-16956

6130,-141258

6130,-220822

6130,-134232

6130,-6202

6130,-12376

6130,-143500

6130,-218234

6130,-129508

6130,-4754

6130,-13464

6130,-141588

6130,-214966

6130,-130786

6130,-6584

6130,-13342

6130,-135616

6130,-207942

6130,-123686

6130,1994

6130,-6078

6130,-129524

6130,-202548

6130,-125158

6130,1816

6130,-2390

6130,-130344

6130,-200670

6130,-122314

6130,1644

6130,-3710

6130,-125010

6130,-203128

6130,-119640

6130,520

6130,-6924

6130,-131016

6130,-202768

6131,-119128

6131,-686

6131,-5878

6131,-133326

6131,-207692

6131,-127800

6131,998

6131,-13016

6131,-136528

6131,-204396

6131,-123388

6131,-5620

6131,-8462

6131,-131374

6131,-210148

6131,-124912

6131,-3686

6131,-7480

6131,-133964

6131,-205734

6131,-127276

6131,-2636

6131,-4932

6131,-135020

6131,-205032

6131,-121178

6131,4482

6131,-7696

6131,-134608

6131,-207454

6131,-126148

6131,218

6131,-4754

6131,-133840

6131,-199576

6137,-118732

6137,-2890

6137,-7746

6137,-124320

6137,-198010

6137,-121454

6137,-5980

6137,-12072

6137,-127858

6137,-199004

6137,-120366

6137,-5462

6137,-11128

6137,-127052

6137,-199944

6137,-115946

6137,2320

6137,-5628

6137,-128596

6137,-202794

6137,-117966

6137,2242

6137,-12760

6137,-130810

6137,-203630

6137,-122298

6137,1678

6137,-9552

6138,-135726

6138,-203264

6138,-124208

6138,-1834

6138,-7602

6138,-131006

6138,-204220

6138,-118526

6138,7448

6138,1578

6138,-128868

6138,-202578

6138,-119318

6138,7076

6138,4158

6138,-130778

6138,-210014

6138,-125954

6138,3990

6138,-4012

6138,-133050

6138,-207054

6138,-119330

6138,8330

6138,-3648

6138,-130260

6138,-202224

6138,-122842

6138,-2444

6138,-2946

6138,-129764

6138,-207212

6138,-126098

6138,-1996

6138,-5526

6138,-136240

6138,-212450

6138,-126364

6138,-4242

6138,-13592

6138,-139824

6138,-213376

6138,-129686

6138,-4898

6138,-11834

6138,-135576

6138,-210620

6138,-125294

6138,2574

6138,-1070

6138,-136046

6138,-211536

6138,-127770

6138,-6314

6138,-7074

6138,-133848

6138,-212512

6138,-130244

6138,-2088

6138,-7284

6138,-137874

6138,-212562

6138,-131364

6138,-7228

6138,-12018

6139,-136444

6139,-212772

6139,-133596

6139,-11536

6139,-15648

6139,-140636

6139,-219260

6139,-136406

6139,-15240

6139,-19612

6139,-143570

6139,-220264

6139,-138760

6139,-19184

6139,-17450

6139,-145342

6139,-221330

6139,-142422

6139,-16966

6139,-19818

6139,-147768

6139,-226392

6139,-141128

6139,-18888

6139,-24516

6139,-149370

6139,-230300

6139,-141864

6139,-15494

6139,-22712

6139,-148190

6139,-229856

6139,-148042

6139,-14418

6139,-19808

6145,-153728

6145,-230076

6145,-144844

6145,-15624

6145,-24530

6145,-154524

6145,-229366

6145,-143204

6145,-17548

6145,-26346

6145,-156648

6145,-230328

6145,-146210

6145,-19284

6145,-31518

6145,-162262

6145,-240370

6145,-151626

6145,-24934

6145,-32726

6145,-167478

6145,-245490

6145,-156096

6145,-27300

6145,-35508

6145,-169676

6145,-247180

6145,-158510

6146,-37038

6146,-39086

6146,-172040

6146,-252710

6146,-162886

6146,-31592

6146,-39876

6146,-169076

6146,-242726

6146,-155218

6146,-31286

6146,-35250

6146,-164548

6146,-248260

6146,-157746

6146,-27598

6146,-34976

6146,-166270

6146,-241462

6146,-160628

6146,-26946

6146,-29962

6146,-170222

6146,-250610

6146,-164572

6146,-38572

6146,-40910

6146,-180556

6146,-259088

6146,-172624

6146,-44030

6146,-48300

6146,-180648

6146,-256754

6146,-170382

6146,-45070

6146,-46276

6146,-178642

6146,-260598

6146,-174714

6146,-41874

6146,-45350

6146,-177116

6146,-257138

6146,-171068

6146,-44284

6146,-45010

6146,-174676

6146,-258296

6146,-167368

6146,-40308

6146,-44952

6146,-174712

6146,-250906

6146,-167606

6146,-38558

6146,-44198

6146,-178560

6146,-254978

6146,-169342

6146,-44170

6146,-47192

6146,-178076

6146,-253030

6146,-164894

6147,-41820

6147,-53684

6147,-179798

6147,-262170

6147,-171376

6147,-48984

6147,-53408

6147,-184324

6147,-261884

6147,-175392

6147,-45218

6147,-52128

6147,-187862

6147,-260922

6147,-174752

6147,-50340

6147,-57310

6147,-184292

6147,-257988

6147,-173230

6147,-47072

6147,-48198

6147,-182730

6147,-264968

6147,-177124

6147,-40276

6147,-49894

6147,-186278

6147,-261196

6147,-168236

6147,-37708

6147,-47740

6147,-182732

6147,-260744

6147,-166994

6153,-33644

6153,-48694

6153,-185018

6153,-261802

6153,-170034

6153,-41622

6153,-50086

6153,-185532

6153,-254602

6153,-170794

6153,-44022

6153,-46462

6153,-182588

6153,-262668

6153,-172724

6153,-42882

6153,-44404

6153,-186934

6153,-259622

6153,-171050

6153,-46006

6153,-48886

6153,-178076

6153,-254602

6153,-171546

6153,-39600

6153,-45866

6153,-184150

6154,-258368

6154,-171468

6154,-41018

6154,-48160

6154,-188808

6154,-261886

6154,-168914

6154,-43732

6154,-46086

6154,-181672

6154,-260222

6154,-170014

6154,-44826

6154,-52956

6154,-182532

6154,-257926

6154,-168012

6154,-43974

6154,-55684

6154,-184490

6154,-258638

6154,-168518

6154,-40822

6154,-54404

6154,-185502

6154,-264598

6154,-172780

6154,-42296

6154,-57074

6154,-186000

6154,-263158

6154,-178158

6154,-44412

6154,-51160

6154,-183012

6154,-258574

6154,-173044

6154,-33184

6154,-48946

6154,-185100

6154,-264772

6154,-171524

6154,-40566

6154,-53272

6154,-183018

6154,-260680

6154,-171252

6154,-35890

6154,-48562

6154,-180978

6154,-257930

6154,-166298

6154,-39880

6154,-53686

6154,-182624

6154,-255704

6154,-163140

6154,-41212

6154,-46512

6154,-175784

6154,-246912

6154,-159902

6154,-41068

6154,-47028

6154,-179476

6155,-249586

6155,-163114

6155,-36048

6155,-43340

6155,-184284

6155,-258486

6155,-162856

6155,-37542

6155,-39708

6155,-173638

6155,-247960

6155,-154828

6155,-32570

6155,-44532

6155,-173758

6155,-251924

6155,-158794

6155,-30466

6155,-37146

6155,-169646

6155,-245938

6155,-159890

6155,-29710

6155,-38328

6155,-165958

6155,-238648

6155,-151290

6155,-27488

6155,-38354

6155,-162660

6155,-234804

6155,-155246

6155,-27666

6155,-35460

6155,-166830

6161,-238844

6161,-151196

6161,-31266

6161,-35866

6161,-165278

6161,-240462

6161,-150658

6161,-25108

6161,-31448

6161,-167546

6161,-238604

6161,-149240

6161,-24048

6161,-31910

6161,-167874

6161,-238278

6161,-143584

6161,-19946

6161,-27534

6161,-156626

6161,-234874

6161,-148294

6161,-13472

6161,-20500

6161,-154832

6161,-230318

6161,-139818

6161,-10928

6162,-20142

6162,-150594

6162,-223178

6162,-143732

6162,-9726

6162,-17218

6162,-150816

6162,-224856

6162,-138340

6162,-9930

6162,-17910

6162,-147910

6162,-223096

6162,-135550

6162,-9314

6162,-19776

6162,-148062

6162,-216578

6162,-128608

6162,-4514

6162,-15110

6162,-148998

6162,-216606

6162,-128436

6162,-5244

6162,-16826

6162,-145328

6162,-224176

6162,-129998

6162,-3626

6162,-17706

6162,-147960

6162,-221804

6162,-130806

6162,642

6162,-13540

6162,-141204

6162,-214244

6162,-126656

6162,4878

6162,-5800

6162,-138678

6162,-217412

6162,-127006

6162,828

6162,-6766

6162,-138250

6162,-209334

6162,-124918

6162,9076

6162,-1736

6162,-132936

6162,-207042

6162,-120520

6162,2972

6162,-1512

6162,-132920

6162,-204484

6162,-119090

6162,11850

6162,2394

6162,-128896

6162,-201114

6162,-117120

6162,13532

6163,1936

6163,-126226

6163,-201240

6163,-108924

6163,18226

6163,7712

6163,-122838

6163,-191434

6163,-107134

6163,20544

6163,9916

6163,-119854

6163,-193076

6163,-107588

6163,25014

6163,14148

6163,-122288

6163,-191782

6163,-106548

6163,25102

6163,17156

6163,-118256

6163,-192870

6163,-103560

6163,26684

6163,15950

6163,-110566

6163,-187664

6163,-102252

6163,27678

6163,18916

6163,-114222

6163,-188016

6163,-98996

6163,27900

6169,17754

6169,-113038

6169,-184808

6169,-93314

6169,31882

6169,26462

6169,-103824

6169,-177578

6169,-90902

6169,32640

6169,30134

6169,-104204

6169,-176032

6169,-85136

6169,38310

6169,31698

6169,-100834

6169,-179388

6169,-89648

6169,39966

6169,30658

6169,-93624

6169,-173210

6169,-91206

6169,39244

6169,35614

6169,-96176

6169,-172284

6170,-83956

6170,42236

6170,30162

6170,-97276

6170,-175980

6170,-86176

6170,45146

6170,37530

6170,-95538

6170,-174178

6170,-79546

6170,49056

6170,39250

6170,-92664

6170,-165590

6170,-81146

6170,48742

6170,46930

6170,-86452

6170,-161354

6170,-72806

6170,58792

6170,46448

6170,-88592

6170,-161550

6170,-72668

6170,54442

6170,41010

6170,-87710

6170,-162904

6170,-78226

6170,57526

6170,46874

6170,-88992

6170,-160318

6170,-74600

6170,55652

6170,48518

6170,-82484

6170,-159892

6170,-72320

6170,59102

6170,51970

6170,-78614

6170,-157812

6170,-71790

6170,56964

6170,48820

6170,-80288

6170,-159854

6170,-74226

6170,57584

6170,48782

6170,-83706

6170,-157680

6170,-74944

6170,54892

6170,49984

6170,-82948

6170,-160480

6170,-74674

6170,52040

6170,45600

6170,-85352

6170,-157602

6171,-72948

6171,58002

6171,48282

6171,-89904

6171,-161322

6171,-77906

6171,44310

6171,42840

6171,-85110

6171,-161146

6171,-70152

6171,57880

6171,43794

6171,-88952

6171,-159618

6171,-81202

6171,50968

6171,53424

6171,-85276

6171,-164740

6171,-76036

6171,52204

6171,50024

6171,-81474

6171,-153850

6171,-68056

6171,60066

6171,49030

6171,-79464

6171,-148258

6171,-66736

6171,61768

6171,50086

6171,-80504

6171,-151666

6177,-76170

6177,54946

6177,46278

6177,-82448

6177,-156266

6177,-75870

6177,53366

6177,48562

6177,-81802

6177,-165988

6177,-79594

6177,53168

6177,41710

6177,-87922

6177,-169052

6177,-83102

6177,36738

6177,39062

6177,-81914

6177,-169240

6177,-81628

6177,42990

6177,37564

6177,-86746

6177,-163074

6177,-87006

6177,45298

6177,41024

6178,-90364

6178,-170274

6178,-85628

6178,50122

6178,41202

6178,-83410

6178,-160514

6178,-83068

6178,49480

6178,42056

6178,-90656

6178,-168020

6178,-80562

6178,40880

6178,36240

6178,-90696

6178,-167530

6178,-83544

6178,38570

6178,32624

6178,-95974

6178,-172106

6178,-84430

6178,38704

6178,27106

6178,-101822

6178,-176500

6178,-97660

6178,30590

6178,26514

6178,-102186

6178,-178428

6178,-93128

6178,38402

6178,22634

6178,-104890

6178,-177308

6178,-94158

6178,31944

6178,23182

6178,-109042

6178,-185654

6178,-94878

6178,32952

6178,22508

6178,-109404

6178,-185480

6178,-99728

6178,30592

6178,17348

6178,-111228

6178,-187218

6178,-98574

6178,25112

6178,17030

6178,-116574

6178,-193432

6178,-103010

6178,25284

6178,19344

6178,-112686

6178,-192486

6178,-107508

6178,20390

6178,16216

6179,-118698

6179,-192998

6179,-106114

6179,20726

6179,14396

6179,-116754

6179,-196768

6179,-111660

6179,18854

6179,9900

6179,-116472

6179,-194966

6179,-111608

6179,14090

6179,9988

6179,-122340

6179,-195786

6179,-113890

6179,17098

6179,8938

6179,-119734

6179,-200732

6179,-118450

6179,10092

6179,10790

6179,-125052

6179,-200260

6179,-116590

6179,13944

6179,4202

6179,-125868

6179,-203714

6179,-117782

6179,14136

6179,3702

6185,-131646

6185,-199868

6185,-116922

6185,9714

6185,2000

6185,-128392

6185,-206472

6185,-124858

6185,4030

6185,1466

6185,-125620

6185,-203594

6185,-123656

6185,4816

6185,-4334

6185,-130604

6185,-204520

6185,-123704

6185,6214

6185,-1632

6185,-133536

6185,-207494

6185,-122460

6185,4876

6185,-1792

6185,-133406

6185,-212268

6185,-124436

6186,5872

6186,-4238

6186,-135068

6186,-209592

6186,-127312

6186,158

6186,-2216

6186,-133530

6186,-207138

6186,-125102

6186,2190

6186,1676

6186,-127372

6186,-210010

6186,-123872

6186,3304

6186,-8610

6186,-135516

6186,-210396

6186,-134452

6186,3364

6186,-4516

6186,-135208

6186,-213658

6186,-134824

6186,-438

6186,-5874

6186,-137968

6186,-215016

6186,-131414

6186,-4566

6186,-8342

6186,-140776

6186,-219622

6186,-136524

6186,-8198

6186,-7906

6186,-132440

6186,-212970

6186,-137956

6186,-5220

6186,-7050

6186,-135782

6186,-212332

6186,-135960

6186,-1254

6186,-7598

6186,-132176

6186,-214162

6186,-138610

6186,-6476

6186,-10362

6186,-134774

6186,-214754

6186,-135954

6186,-8278

6186,-9770

6186,-138704

6186,-217282

6186,-139190

6186,-8934

6186,-6020

6186,-134946

6186,-218338

6186,-143278

6187,-8122

6187,-6392

6187,-140352

6187,-219722

6187,-134734

6187,-8558

6187,-13302

6187,-139932

6187,-216084

6187,-135510

6187,-10588

6187,-7528

6187,-133852

6187,-217608

6187,-135536

6187,-4812

6187,-7968

6187,-137292

6187,-217718

6187,-139238

6187,-7478

6187,-12884

6187,-138618

6187,-219444

6187,-146064

6187,-14978

6187,-19064

6187,-149342

6187,-223648

6187,-140984

6187,-17032

6187,-14874

6187,-140358

6187,-217860

6187,-138630

6193,-14540

6193,-10920

6193,-138880

6193,-214304

6193,-143060

6193,-9032

6193,-11728

6193,-142986

6193,-217322

6193,-138616

6193,-16354

6193,-19332

6193,-143184

6193,-223584

6193,-138304

6193,-14870

6193,-17056

6193,-138704

6193,-217228

6193,-143554

6193,-14970

6193,-17260

6193,-144366

6193,-217668

6193,-142748

6193,-12270

6193,-14842

6193,-143948

6194,-223662

6194,-143254

6194,-12520

6194,-20982

6194,-149260

6194,-221404

6194,-144964

6194,-22500

6194,-17608

6194,-147170

6194,-231592

6194,-146902

6194,-15748

6194,-25982

6194,-150686

6194,-228176

6194,-149540

6194,-23722

6194,-26032

6194,-156844

6194,-230008

6194,-155340

6194,-27244

6194,-34540

6194,-163790

6194,-237904

6194,-160784

6194,-33378

6194,-31946

6194,-156688

6194,-235130

6194,-160248

6194,-33154

6194,-28010

6194,-157264

6194,-239750

6194,-161022

6194,-28034

6194,-36268

6194,-156710

6194,-240044

6194,-161962

6194,-36820

6194,-28824

6194,-158722

6194,-245004

6194,-160930

6194,-32660

6194,-35214

6194,-162882

6194,-243576

6194,-163098

6194,-37864

6194,-42304

6194,-163084

6194,-240510

6194,-160216

6194,-34298

6194,-37124

6194,-164656

6194,-241506

6194,-162602

6194,-34726

6194,-36050

6194,-160808

6195,-241868

6195,-162772

6195,-37746

6195,-37542

6195,-167078

6195,-249640

6195,-170060

6195,-38906

6195,-42630

6195,-170764

6195,-247712

6195,-170858

6195,-44148

6195,-46146

6195,-169414

6195,-249616

6195,-179724

6195,-50468

6195,-51164

6195,-173970

6195,-256198

6195,-177436

6195,-51404

6195,-46540

6195,-177086

6195,-256286

6195,-175436

6195,-52754

6195,-49406

6195,-177060

6195,-256328

6195,-174960

6195,-47800

6195,-49148

6195,-174788

6201,-259054

6201,-172942

6201,-44014

6201,-48102

6201,-176344

6201,-258804

6201,-173460

6201,-50138

6201,-44774

6201,-172174

6201,-258742

6201,-176528

6201,-41162

6201,-49964

6201,-171722

6201,-252956

6201,-176422

6201,-45554

6201,-48848

6201,-173650

6201,-256858

6201,-173752

6201,-52280

6201,-52302

6201,-173746

6201,-249248

6201,-176746

6201,-51126

6202,-54336

6202,-179238

6202,-253864

6202,-183620

6202,-52018

6202,-57226

6202,-183650

6202,-263482

6202,-182816

6202,-59302

6202,-59892

6202,-178794

6202,-259362

6202,-186526

6202,-59494

6202,-54610

6202,-177638

6202,-259342

6202,-182266

6202,-51702

6202,-51482

6202,-178240

6202,-258554

6202,-180116

6202,-52788

6202,-48466

6202,-178192

6202,-261818

6202,-182552

6202,-53680

6202,-57240

6202,-182816

6202,-257396

6204,-181488

6204,-56526

6204,-60246

6204,-183056

6204,-257842

6204,-181930

6204,-53086

6204,-59058

6204,-182304

6204,-263506

6204,-184242

6204,-51690

6204,-57958

6204,-174924

6204,-254590

6204,-177598

6204,-55332

6204,-52644

6204,-184270

6204,-254292

6204,-211250

6204,-82416

6204,-24294

6204,-79980

6204,-198030

6204,-292848

6204,-214658

6204,-50174

6204,40796

6204,-124764

6204,-268030

6204,-263098

6204,-116160

6204,-23108

6204,-99250

6205,-221304

6205,-268862

6205,-129824

6205,-34420

6205,-68958

6205,-227574

6205,-277364

6205,-162596

6205,-42766

6205,-38322

6205,-168816

6205,-258082

6205,-214754

6205,-89832

6205,-31994

6205,-115524

6205,-218376

6205,-219928

6205,-125444

6205,-50446

6205,-91372

6205,-179592

6205,-192396

6205,-131464

6205,-93696

6205,-114944

6205,-154738

6205,-155452

6205,-118590

6205,-118642

6205,-148754

6205,-160064

6209,-138720

6209,-109644

6209,-120760

6209,-158284

6209,-168722

6209,-127436

6209,-92000

6209,-111368

6209,-166840

6209,-166532

6209,-125588

6209,-88450

6209,-96992

6209,-151764

6209,-171790

6209,-131366

6209,-86978

6209,-96270

6209,-136510

6209,-161916

6209,-135474

6209,-94998

6209,-100482

6209,-136600

6209,-145166

6209,-120590

6209,-95310

6209,-113264

6210,-142946

6210,-138540

6210,-111464

6210,-85194

6210,-100618

6210,-142960

6210,-145472

6210,-108308

6210,-74152

6210,-92786

6210,-142564

6210,-148122

6210,-107910

6210,-74990

6210,-95060

6210,-135610

6210,-145222

6210,-110814

6210,-73842

6210,-81256

6210,-126754

6210,-147104

6210,-116296

6210,-64344

6210,-78356

6210,-122998

6210,-144034

6210,-118704

6210,-73724

6210,-80832

6210,-113516

6210,-136168

6210,-114270

6210,-70462

6210,-75324

6210,-112034

6210,-127066

6210,-105970

6210,-74764

6210,-79452

6210,-110126

6210,-122336

6210,-109062

6210,-76530

6210,-80078

6210,-102158

6210,-115414

6210,-99030

6210,-76260

6210,-82526

6210,-105086

6210,-114018

6210,-92610

6210,-75202

6210,-79042

6210,-107010

6210,-117928

6210,-98782

6210,-74836

6210,-84358

6210,-109170

6210,-119440

6210,-94390

6210,-71618

6210,-81506

6211,-104688

6211,-115144

6211,-92354

6211,-66174

6211,-78118

6211,-105702

6211,-118136

6211,-89672

6211,-71168

6211,-79356

6211,-110148

6211,-116024

6211,-92258

6211,-78656

6211,-85654

6211,-102786

6211,-109532

6211,-89536

6211,-70032

6211,-84326

6211,-109684

6211,-110074

6211,-88834

6211,-65400

6211,-84278

6211,-112240

6211,-111442

6211,-84820

6211,-65598

6211,-90790

6211,-119290

6211,-116252

6211,-94580

6211,-71626

6211,-86422

6217,-109630

6217,-115958

6217,-92100

6217,-69886

6217,-86734

6217,-111730

6217,-114482

6217,-87282

6217,-78456

6217,-91416

6217,-112180

6217,-121982

6217,-93168

6217,-81642

6217,-86820

6217,-112192

6217,-112544

6217,-100008

6217,-77718

6217,-82950

6217,-102232

6217,-105812

6217,-99130

6217,-83674

6217,-81038

6217,-99348

6217,-102570

6217,-93976

6218,-83524

6218,-94772

6218,-106344

6218,-99572

6218,-88848

6218,-86464

6218,-85360

6218,-93894

6218,-98420

6218,-90696

6218,-87124

6218,-96568

6218,-100006

6218,-94932

6218,-91532

6218,-91652

6218,-101914

6218,-103174

6218,-97322

6218,-93804

6218,-87180

6218,-99914

6218,-108476

6218,-107000

6218,-94624

6218,-94526

6218,-100304

6218,-110780

6218,-109346

6218,-95434

6218,-95158

6218,-96344

6218,-107062

6218,-111206

6218,-98226

6218,-93612

6218,-93042

6218,-105904

6218,-106650

6218,-98316

6218,-94512

6218,-100530

6218,-102346

6218,-104588

6218,-101302

6218,-95328

6218,-99300

6218,-109610

6218,-107788

6218,-101394

6218,-97252

6218,-106206

6218,-113522

6218,-105178

6218,-99112

6218,-96414

6218,-100750

6218,-112040

6218,-110210

6218,-102554

6218,-94322

6218,-101688

6218,-119592

6218,-113712

6218,-103564

6219,-93884

6219,-96340

6219,-111154

6219,-117860

6219,-104616

6219,-89912

6219,-93992

6219,-108778

6219,-113774

6219,-105622

6219,-85162

6219,-92358

6219,-107088

6219,-116092

6219,-104336

6219,-90706

6219,-96564

6219,-105790

6219,-113040

6219,-104954

6219,-95556

6219,-95736

6219,-109974

6219,-114068

6219,-101302

6219,-94170

6219,-98826

6219,-111624

6219,-113704

6219,-108748

6219,-96834

6219,-107734

6219,-121176

6219,-117852

6219,-105494

6225,-96710

6225,-107476

6225,-122132

6225,-120908

6225,-109914

6225,-103560

6225,-103750

6225,-117764

6225,-120444

6225,-110576

6225,-103566

6225,-107516

6225,-119518

6225,-119800

6225,-111078

6225,-104506

6225,-107340

6225,-119424

6225,-117982

6225,-114902

6225,-106346

6225,-105218

6225,-113656

6225,-109916

6225,-106994

6225,-107564

6225,-103382

6225,-108506

6226,-111786

6226,-100324

6226,-106822

6226,-104720

6226,-109820

6226,-105204

6226,-103596

6226,-104302

6226,-105580

6226,-110460

6226,-100530

6226,-102418

6226,-103746

6226,-108036

6226,-104714

6226,-103474

6226,-103500

6226,-109520

6226,-115634

6226,-115212

6226,-110740

6226,-109008

6226,-108114

6226,-115604

6226,-114118

6226,-110802

6226,-105142

6226,-115382

6226,-123398

6226,-119998

6226,-116126

6226,-109496

6226,-120142

6226,-124744

6226,-120602

6226,-106630

6226,-104928

6226,-110112

6226,-121746

6226,-122450

6226,-111214

6226,-111876

6226,-115704

6226,-117160

6226,-113996

6226,-107296

6226,-101104

6226,-107728

6226,-113230

6226,-116598

6226,-104420

6226,-99046

6226,-100494

6226,-118866

6226,-118884

6226,-107726

6226,-102008

6226,-102792

6226,-112440

6226,-115736

6226,-107384

6226,-94940

6226,-97164

6226,-111016

6226,-115472

6227,-104396

6227,-98068

6227,-100874

6227,-108722

6227,-114768

6227,-104164

6227,-97010

6227,-97010

6227,-103866

6227,-111170

6227,-108816

6227,-97556

6227,-92510

6227,-97754

6227,-106060

6227,-95442

6227,-94690

6227,-92202

6227,-97982

6227,-107006

6227,-102078

6227,-98400

6227,-99120

6227,-102044

6227,-104664

6227,-101064

6227,-98898

6227,-97748

6227,-101098

6227,-101274

6227,-98582

6227,-99064

6227,-100670

6227,-99572

6227,-105258

6233,-100200

6233,-94712

6233,-94426

6233,-98546

6233,-97174

6233,-93000

6233,-94346

6233,-92602

6233,-96690

6233,-106576

6233,-97420

6233,-91078

6233,-98326

6233,-102142

6233,-103492

6233,-100736

6233,-88344

6233,-92982

6233,-98266

6233,-97572

6233,-92904

6233,-88286

6233,-86464

6233,-95106

6233,-101530

6233,-90000

6233,-78264

6233,-80766

6234,-88266

6234,-90788

6234,-86200

6234,-84618

6234,-81634

6234,-86978

6234,-92430

6234,-90964

6234,-82880

6234,-77358

6234,-85722

6234,-93860

6234,-84082

6234,-85534

6234,-84496

6234,-87952

6234,-87324

6234,-90934

6234,-86806

6234,-81430

6234,-87602

6234,-88146

6234,-82102

6234,-79964

6234,-82072

6234,-80426

6234,-86806

6234,-82644

6234,-78774

6234,-81416

6234,-84460

6234,-85860

6234,-77198

6234,-69704

6234,-74772

6234,-85526

6234,-87676

6234,-84618

6234,-78186

6234,-74894

6234,-86542

6234,-86562

6234,-80114

6234,-70080

6234,-67572

6234,-81656

6234,-82394

6234,-78192

6234,-65660

6234,-65662

6234,-74918

6234,-78370

6234,-69012

6234,-62344

6234,-61584

6234,-70456

6234,-77434

6234,-70186

6234,-64930

6234,-60360

6234,-69136

6234,-70206

6234,-74746

6234,-63848

6234,-59436

6235,-66510

6235,-68182

6235,-70286

6235,-67450

6235,-63094

6235,-65396

6235,-71646

6235,-68492

6235,-66218

6235,-62522

6235,-61614

6235,-68420

6235,-69246

6235,-61100

6235,-64940

6235,-63358

6235,-64540

6235,-66972

6235,-60848

6235,-61756

6235,-60114

6235,-63052

6235,-63412

6235,-55042

6235,-54158

6235,-65212

6235,-69450

6235,-61726

6235,-56548

6235,-59674

6235,-62950

6235,-66084

6235,-66726

6235,-56962

6235,-58966

6241,-59790

6241,-62014

6241,-60278

6241,-56742

6241,-56312

6241,-55778

6241,-57452

6241,-58104

6241,-57352

6241,-55764

6241,-54276

6241,-53934

6241,-60902

6241,-54386

6241,-55328

6241,-56900

6241,-57602

6241,-58106

6241,-53666

6241,-54206

6241,-55234

6241,-56636

6241,-51206

6241,-52156

6241,-46340

6241,-48472

6241,-56564

6241,-47854

6242,-46788

6242,-44352

6242,-38210

6242,-46102

6242,-45816

6242,-36732

6242,-43130

6242,-47406

6242,-47764

6242,-49400

6242,-43140

6242,-41198

6242,-41850

6242,-43072

6242,-46612

6242,-46214

6242,-41760

6242,-40438

6242,-50156

6242,-54742

6242,-44020

6242,-37500

6242,-41912

6242,-51004

6242,-53528

6242,-45524

6242,-39608

6242,-35890

6242,-50214

6242,-55060

6242,-44854

6242,-40310

6242,-40874

6242,-44236

6242,-48702

6242,-45534

6242,-38248

6242,-40402

6242,-46900

6242,-54826

6242,-43242

6242,-31712

6242,-32908

6242,-40634

6242,-45878

6242,-39118

6242,-31564

6242,-31212

6242,-40834

6242,-43480

6242,-43078

6242,-32734

6242,-32060

6242,-35258

6242,-39328

6242,-36926

6242,-30580

6242,-28948

6242,-34302

6242,-38510

6242,-37114

6242,-32692

6242,-23402

6242,-30534

6242,-40420

6243,-35316

6243,-28476

6243,-27772

6243,-33806

6243,-40494

6243,-35138

6243,-29958

6243,-32598

6243,-40856

6243,-37552

6243,-36824

6243,-27558

6243,-25622

6243,-36408

6243,-36538

6243,-28758

6243,-27658

6243,-31232

6243,-30822

6243,-33702

6243,-31088

6243,-27078

6243,-29336

6243,-30278

6243,-36730

6243,-32886

6243,-26288

6243,-22884

6243,-29454

6243,-34324

6243,-27712

6243,-21648

6243,-20816

6243,-31976

6243,-26480

6249,-22406

6249,-23120

6249,-26444

6249,-26832

6249,-28282

6249,-23586

6249,-15372

6249,-23316

6249,-33222

6249,-32010

6249,-23360

6249,-24152

6249,-28978

6249,-27232

6249,-29876

6249,-27998

6249,-23580

6249,-27766

6249,-36908

6249,-35794

6249,-25634

6249,-21730

6249,-15642

6249,-27620

6249,-30996

6249,-29104

6249,-23798

6249,-26508

6250,-28918

6250,-34414

6250,-26140

6250,-20048

6250,-23944

6250,-28812

6250,-28934

6250,-20942

6250,-14078

6250,-20048

6250,-26654

6250,-26252

6250,-20398

6250,-14032

6250,-15326

6250,-21992

6250,-22496

6250,-13712

6250,-11238

6250,-16068

6250,-23332

6250,-25602

6250,-16278

6250,-12210

6250,-15840

6250,-17162

6250,-26910

6250,-21356

6250,-9076

6250,-17724

6250,-21668

6250,-24740

6250,-16020

6250,-8708

6250,-13502

6250,-25384

6250,-26304

6250,-14920

6250,-7832

6250,-14512

6250,-26160

6250,-23946

6250,-16826

6250,-9988

6250,-14282

6250,-19098

6250,-22558

6250,-11364

6250,-6336

6250,-10044

6250,-17174

6250,-16948

6250,-5514

6250,-7202

6250,-12652

6250,-18256

6250,-12592

6250,-10708

6250,-2130

6250,-6584

6250,-21100

6250,-19226

6250,-9496

6250,322

6250,-5840

6251,-17558

6251,-18588

6251,-6206

6251,-4504

6251,-3318

6251,-13498

6251,-22720

6251,-6946

6251,1754

6251,-3462

6251,-15584

6251,-19220

6251,-9336

6251,-1028

6251,-1858

6251,-15664

6251,-16398

6251,-5190

6251,4182

6251,-5318

6251,-15452

6251,-19558

6251,-9026

6251,-454

6251,1554

6251,-8800

6251,-14554

6251,-5542

6251,-1672

6251,-6090

6251,-17808

6251,-14366

6251,-1290

6251,-650

6251,-7034

6257,-13106

6257,-10504

6257,-1948

6257,2118

6257,-3486

6257,-7818

6257,-8312

6257,-5838

6257,-2642

6257,-6252

6257,-14330

6257,-13190

6257,-5138

6257,1048

6257,-3750

6257,-10146

6257,-6460

6257,-1248

6257,1472

6257,-4130

6257,-14330

6257,-8194

6257,2308

6257,5980

6257,-1930

6257,-11464

6257,-9524

6257,4098

6258,4954

6258,-930

6258,-11820

6258,-11482

6258,-3052

6258,3942

6258,-6294

6258,-10054

6258,-3512

6258,6612

6258,3722

6258,-2252

6258,-6952

6258,-6860

6258,3790

6258,7758

6258,-5360

6258,-14190

6258,-9276

6258,794

6258,3248

6258,-5536

6258,-13820

6258,-11590

6258,-2178

6258,208

6258,-1972

6258,-15412

6258,-14416

6258,-5216

6258,-2642

6258,-10182

6258,-18614

6258,-13690

6258,-3548

6258,-5688

6258,-14764

6258,-17288

6258,-13448

6258,-4496

6258,-1492

6258,-8650

6258,-14642

6258,-14238

6258,-3734

6258,-478

6258,-7212

6258,-21188

6258,-16774

6258,-2740

6258,-2568

6258,-11340

6258,-19570

6258,-15270

6258,-8908

6258,-10158

6258,-13686

6258,-24978

6258,-20028

6258,-9692

6258,-6008

6258,-14518

6258,-26224

6258,-25134

6258,-13792

6259,-7094

6259,-18472

6259,-27566

6259,-20444

6259,-10070

6259,-7414

6259,-17586

6259,-21124

6259,-15654

6259,-6862

6259,-7032

6259,-14234

6259,-25428

6259,-28504

6259,-11212

6259,-8646

6259,-23504

6259,-27690

6259,-22066

6259,-16850

6259,-16050

6259,-20032

6259,-31772

6259,-28342

6259,-17554

6259,-14296

6259,-17454

6259,-27242

6259,-28168

6259,-20188

6259,-15198

6259,-27044

6259,-30624

6259,-23030

6259,-19544

6265,-17686

6265,-24020

6265,-29958

6265,-31268

6265,-25590

6265,-23280

6265,-28442

6265,-32432

6265,-30016

6265,-18644

6265,-25754

6265,-35850

6265,-40308

6265,-35130

6265,-25298

6265,-23442

6265,-35584

6265,-43484

6265,-38152

6265,-30100

6265,-28762

6265,-36296

6265,-44356

6265,-41506

6265,-27866

6265,-21662

6265,-31078

6265,-39794

6266,-37276

6266,-26858

6266,-25900

6266,-36934

6266,-45994

6266,-37068

6266,-25686

6266,-24770

6266,-34920

6266,-41560

6266,-39000

6266,-31736

6266,-28504

6266,-35764

6266,-42652

6266,-39974

6266,-31914

6266,-36312

6266,-39340

6266,-42926

6266,-36774

6266,-32922

6266,-32230

6266,-36520

6266,-44636

6266,-42498

6266,-31992

6266,-31754

6266,-35992

6266,-41676

6266,-37886

6266,-27362

6266,-28388

6266,-35486

6266,-41070

6266,-38868

6266,-35030

6266,-29744

6266,-32316

6266,-42534

6266,-33626

6266,-26000

6266,-26094

6266,-30910

6266,-39140

6266,-36472

6266,-27956

6266,-25926

6266,-36052

6266,-38632

6266,-32828

6266,-29154

6266,-29610

6266,-36012

6266,-37280

6266,-35060

6266,-33088

6266,-35616

6266,-41156

6266,-43726

6266,-37544

6266,-35166

6266,-30088

6266,-40358

6266,-44604

6267,-38758

6267,-34288

6267,-29210

6267,-32712

6267,-39612

6267,-38594

6267,-29886

6267,-26054

6267,-34162

6267,-38794

6267,-37264

6267,-27018

6267,-27788

6267,-32522

6267,-41578

6267,-35948

6267,-30978

6267,-24020

6267,-29192

6267,-38216

6267,-35450

6267,-27070

6267,-22050

6267,-28198

6267,-34248

6267,-32110

6267,-24968

6267,-23394

6267,-32406

6267,-34054

6267,-27322

6267,-29546

6267,-30822

6267,-28008

6267,-30508

6273,-35532

6273,-30994

6273,-24024

6273,-32814

6273,-39044

6273,-32346

6273,-27150

6273,-25812

6273,-30750

6273,-34714

6273,-33800

6273,-24814

6273,-26978

6273,-30258

6273,-31790

6273,-30174

6273,-27862

6273,-24310

6273,-27654

6273,-31246

6273,-30024

6273,-26304

6273,-27710

6273,-31512

6273,-33006

6273,-32092

6273,-30310

6273,-28912

6274,-31386

6274,-33528

6274,-30116

6274,-28372

6274,-30402

6274,-34056

6274,-35058

6274,-30714

6274,-28288

6274,-29772

6274,-32938

6274,-30554

6274,-28218

6274,-23232

6274,-22996

6274,-25006

6274,-34602

6274,-31194

6274,-30422

6274,-24964

6274,-29590

6274,-31952

6274,-29176

6274,-25668

6274,-27154

6274,-25518

6274,-25600

6274,-25046

6274,-22546

6274,-23834

6274,-24488

6274,-29008

6274,-25350

6274,-24680

6274,-22052

6274,-22932

6274,-25622

6274,-22628

6274,-25594

6274,-21548

6274,-22066

6274,-24526

6274,-23550

6274,-23824

6274,-25032

6274,-19186

6274,-18908

6274,-25050

6274,-20978

6274,-16406

6274,-18932

6274,-20200

6274,-22188

6274,-19012

6274,-14782

6274,-18214

6274,-22032

6274,-20158

6274,-14324

6274,-17340

6274,-17750

6274,-22460

6274,-22992

6274,-18748

6274,-20226

6275,-21004

6275,-22540

6275,-18796

6275,-20170

6275,-19512

6275,-22194

6275,-22284

6275,-24504

6275,-19462

6275,-20670

6275,-25900

6275,-27504

6275,-26938

6275,-18254

6275,-17248

6275,-19028

6275,-21366

6275,-21220

6275,-23314

6275,-17730

6275,-16240

6275,-23530

6275,-19442

6275,-15968

6275,-14360

6275,-17668

6275,-22996

6275,-18228

6275,-14092

6275,-14570

6275,-17410

6275,-17622

6275,-20276

6275,-17368

6275,-15260

6281,-18618

6281,-19936

6281,-23452

6281,-19666

6281,-11136

6281,-13126

6281,-17384

6281,-20928

6281,-21294

6281,-12656

6281,-15382

6281,-14746

6281,-18138

6281,-12632

6281,-9802

6281,-12138

6281,-17134

6281,-15638

6281,-10962

6281,-12534

6281,-15714

6281,-16350

6281,-19170

6281,-17296

6281,-14282

6281,-10374

6281,-12238

6281,-18028

6282,-18358

6282,-13872

6282,-18406

6282,-23046

6282,-19750

6282,-18124

6282,-21066

6282,-16684

6282,-17338

6282,-19332

6282,-18774

6282,-15838

6282,-16230

6282,-18192

6282,-18520

6282,-14516

6282,-11054

6282,-12466

6282,-13568

6282,-13304

6282,-13310

6282,-11866

6282,-10732

6282,-15868

6282,-18978

6282,-18278

6282,-15644

6282,-16466

6282,-16590

6282,-15714

6282,-17714

6282,-14446

6282,-10784

6282,-13720

6282,-16786

6282,-16102

6282,-13002

6282,-15712

6282,-19152

6282,-21304

6282,-15844

6282,-13252

6282,-17258

6282,-17100

6282,-16490

6282,-15454

6282,-17172

6282,-11290

6282,-15336

6282,-16544

6282,-16242

6282,-19948

6282,-14646

6282,-19484

6282,-22250

6282,-16328

6282,-13680

6282,-17396

6282,-20882

6282,-23640

6282,-19272

6282,-19578

6282,-18216

6282,-14164

6282,-25212

6283,-23036

6283,-17838

6283,-12712

6283,-24348

6283,-22930

6283,-18894

6283,-12324

6283,-14640

6283,-14002

6283,-17342

6283,-19638

6283,-13218

6283,-14784

6283,-19246

6283,-21930

6283,-21266

6283,-14968

6283,-12944

6283,-14284

6283,-16456

6283,-16210

6283,-15814

6283,-10070

6283,-13530

6283,-16686

6283,-13960

6283,-11150

6283,-14350

6283,-14024

6283,-17496

6283,-17328

6283,-14910

6283,-12126

6283,-14248

6283,-16920

6289,-17382

6289,-14008

6289,-14248

6289,-23332

6289,-21638

6289,-15286

6289,-11054

6289,-13624

6289,-14822

6289,-18342

6289,-18292

6289,-15280

6289,-9620

6289,-10318

6289,-18664

6289,-16586

6289,-16144

6289,-11896

6289,-9560

6289,-14696

6289,-14822

6289,-10914

6289,-9594

6289,-11656

6289,-14188

6289,-14834

6289,-12404

6289,-9248

6290,-12722

6290,-15694

6290,-12852

6290,-12352

6290,-14832

6290,-8120

6290,-14058

6290,-13900

6290,-6898

6290,-12080

6290,-11758

6290,-14000

6290,-8616

6290,-6342

6290,-13824

6290,-15686

6290,-18890

6290,-12298

6290,-10574

6290,-9350

6290,-17288

6290,-17984

6290,-13608

6290,-9710

6290,-11352

6290,-21836

6290,-21842

6290,-14178

6290,-11408

6290,-15208

6290,-16210

6290,-18286

6290,-13300

6290,-13132

6290,-14424

6290,-11394

6290,-15134

6290,-15138

6290,-7602

6290,-11848

6290,-14728

6290,-10536

6290,-10582

6290,-9110

6290,-10088

6290,-9198

6290,-12606

6290,-13346

6290,-11578

6290,-12230

6290,-12830

6290,-10318

6290,-9752

6290,-7382

6290,-9030

6290,-16014

6290,-15710

6290,-12196

6290,-8748

6290,-9830

6290,-12710

6290,-11762

6290,-12480

6290,-13436

6290,-12622

6291,-13708

6291,-14956

6291,-7132

6291,-10250

6291,-12868

6291,-12752

6291,-11642

6291,-10518

6291,-6002

6291,-7592

6291,-8804

6291,-12604

6291,-11022

6291,-11660

6291,-14288

6291,-15652

6291,-17202

6291,-12960

6291,-11774

6291,-13734

6291,-15544

6291,-11240

6291,-15110

6291,-11654

6291,-8674

6291,-6652

6291,-10088

6291,-8520

6291,-9452

6291,-15680

6291,-15234

6291,-10778

6291,-10396

6291,-10310

6291,-12906

6297,-17004

6297,-10368

6297,-11004

6297,-13264

6297,-11886

6297,-13650

6297,-11494

6297,-10900

6297,-13372

6297,-14322

6297,-13808

6297,-16888

6297,-13006

6297,-13570

6297,-16194

6297,-18582

6297,-15706

6297,-19384

6297,-16092

6297,-17678

6297,-11480

6297,-11740

6297,-13016

6297,-16124

6297,-14506

6297,-15854

6297,-21384

6297,-15402

6298,-19352

6298,-16130

6298,-12168

6298,-14926

6298,-19166

6298,-18042

6298,-16118

6298,-19448

6298,-15030

6298,-8180

6298,-16332

6298,-16106

6298,-16370

6298,-14478

6298,-14512

6298,-20430

6298,-17364

6298,-18782

6298,-17864

6298,-18200

6298,-14054

6298,-19892

6298,-24874

6298,-19678

6298,-20592

6298,-23894

6298,-21210

6298,-19916

6298,-15416

6298,-17194

6298,-18196

6298,-22848

6298,-20816

6298,-18332

6298,-17784

6298,-19408

6298,-17802

6298,-20416

6298,-19692

6298,-23638

6298,-20126

6298,-19154

6298,-18914

6298,-14220

6298,-16954

6298,-19318

6298,-17034

6298,-17556

6298,-16040

6298,-18784

6298,-18856

6298,-18714

6298,-21266

6298,-17044

6298,-19374

6298,-22614

6298,-24324

6298,-21696

6298,-20894

6298,-21774

6298,-26266

6298,-24350

6298,-20748

6298,-22414

6298,-19878

6299,-20602

6299,-24544

6299,-25504

6299,-21776

6299,-19046

6299,-21626

6299,-22202

6299,-22560

6299,-19738

6299,-19218

6299,-23544

6299,-24560

6299,-18464

6299,-15838

6299,-21534

6299,-21782

6299,-27102

6299,-23442

6299,-21822

6299,-25122

6299,-28240

6299,-27338

6299,-26934

6299,-23276

6299,-25518

6299,-28104

6299,-27064

6299,-30240

6299,-24894

6299,-23594

6299,-30674

6299,-29322

6299,-27432

6299,-27452

6299,-21720

6305,-27036

6305,-30780

6305,-28076

6305,-26124

6305,-23612

6305,-27890

6305,-27812

6305,-25686

6305,-26048

6305,-18926

6305,-25386

6305,-26820

6305,-23192

6305,-22496

6305,-17396

6305,-26764

6305,-23960

6305,-23502

6305,-23056

6305,-22450

6305,-22202

6305,-24296

6305,-24210

6305,-17926

6305,-22004

6305,-22864

6305,-23154

6305,-19228

6306,-23574

6306,-25358

6306,-22426

6306,-25130

6306,-25910

6306,-21688

6306,-18566

6306,-21754

6306,-25928

6306,-24764

6306,-21242

6306,-18928

6306,-22732

6306,-23202

6306,-19176

6306,-18508

6306,-21864

6306,-23872

6306,-22466

6306,-25372

6306,-19220

6306,-20120

6306,-20038

6306,-24796

6306,-21894

6306,-18440

6306,-25640

6306,-24084

6306,-21960

6306,-19904

6306,-16036

6306,-20886

6306,-25922

6306,-21294

6306,-19392

6306,-16438

6306,-24688

6306,-19426

6306,-21298

6306,-18418

6306,-17808

6306,-17578

6306,-22040

6306,-18682

6306,-15454

6306,-19186

6306,-16830

6306,-18544

6306,-19966

6306,-14704

6306,-13188

6306,-13830

6306,-15030

6306,-14630

6306,-18252

6306,-16566

6306,-16264

6306,-18444

6306,-16400

6306,-11068

6306,-9754

6306,-14214

6306,-14064

6306,-16340

6306,-14762

6307,-14600

6307,-16432

6307,-13270

6307,-8594

6307,-10150

6307,-8466

6307,-10418

6307,-10248

6307,-11094

6307,-4036

6307,-7160

6307,-7268

6307,-8266

6307,-7170

6307,-5452

6307,-5974

6307,-7438

6307,-6514

6307,-7960

6307,-6414

6307,1128

6307,-1176

6307,-4358

6307,-5188

6307,-6390

6307,-3474

6307,-3620

6307,-4310

6307,-4476

6307,234

6307,2170

6307,-370

6307,-3956

6307,-5748

6307,-74

6313,960

6313,554

6313,-3284

6313,-5004

6313,-4862

6313,-356

6313,-2164

6313,-5262

6313,-2186

6313,330

6313,-20

6313,-2298

6313,-852

6313,2182

6313,-348

6313,2302

6313,4184

6313,-2420

6313,-1962

6313,-1430

6313,2500

6313,3882

6313,824

6313,-3576

6313,-1648

6313,2578

6313,-2376

6313,1580

6314,-914

6314,2804

6314,-1334

6314,-1922

6314,-4692

6314,-5160

6314,-1090

6314,-1858

6314,-2930

6314,-1816

6314,-2590

6314,196

6314,3082

6314,-1742

6314,-2814

6314,-1228

6314,660

6314,1980

6314,-1698

6314,-1460

6314,130

6314,2504

6314,2926

6314,-624

6314,-2828

6314,220

6314,758

6314,2992

6314,1606

6314,-1820

6314,1646

6314,2700

6314,3158

6314,-366

6314,-26

6314,5656

6314,4686

6314,5092

6314,4050

6314,6436

6314,8612

6314,6312

6314,8914

6314,4232

6314,5012

6314,11224

6314,10488

6314,10858

6314,8894

6314,10288

6314,9742

6314,9948

6314,12148

6314,8840

6314,7152

6314,10912

6314,11470

6314,6686

6314,5436

6314,7480

6314,11494

6314,11564

6314,10472

6314,7846

6314,8310

6315,8756

6315,10944

6315,5108

6315,2640

6315,902

6315,2616

6315,12056

6315,9212

6315,4860

6315,1966

6315,5462

6315,8288

6315,7580

6315,1892

6315,766

6315,3080

6315,7870

6315,7032

6315,7678

6315,4524

6315,5350

6315,7354

6315,8632

6315,6114

6315,4824

6315,1542

6315,9216

6315,10976

6315,5236

6315,3086

6315,7528

6315,9484

6315,6252

6315,6980

6315,6850

6321,8766

6321,9006

6321,9936

6321,6612

6321,5290

6321,4488

6321,6362

6321,9190

6321,5602

6321,4934

6321,5110

6321,5012

6321,5186

6321,6684

6321,2336

6321,2060

6321,4240

6321,5434

6321,6490

6321,5002

6321,2800

6321,2648

6321,7900

6321,5050

6321,766

6321,7408

6321,4150

6321,-760

6322,1302

6322,666

6322,2748

6322,7854

6322,8188

6322,5904

6322,-1032

6322,106

6322,4746

6322,3170

6322,1908

6322,58

6322,1238

6322,7284

6322,4502

6322,1744

6322,1054

6322,1196

6322,1448

6322,2298

6322,1762

6322,702

6322,4302

6322,2286

6322,3940

6322,3088

6322,514

6322,1978

6322,1696

6322,2566

6322,2022

6322,996

6322,494

6322,934

6322,-3972

6322,-1242

6322,2650

6322,482

6322,2212

6322,808

6322,-48

6322,232

6322,4656

6322,2056

6322,694

6322,1032

6322,-310

6322,2836

6322,7520

6322,3936

6322,3688

6322,878

6322,302

6322,5126

6322,3876

6322,4910

6322,6334

6322,5096

6322,3158

6322,5902

6322,5328

6322,5636

6322,5774

6322,4994

6322,4922

6323,6032

6323,5532

6323,7630

6323,3062

6323,1854

6323,6520

6323,7074

6323,2366

6323,1090

6323,-964

6323,-1054

6323,4738

6323,6258

6323,4074

6323,1792

6323,1022

6323,4858

6323,3422

6323,-1974

6323,-1650

6323,1126

6323,2742

6323,5654

6323,6924

6323,6862

6323,5078

6323,5018

6323,5526

6323,1804

6323,2638

6323,7384

6323,7298

6323,9712

6323,7914

6323,5868

6329,5068

6329,8264

6329,7908

6329,7134

6329,6326

6329,3036

6329,2514

6329,3228

6329,5240

6329,2062

6329,-562

6329,894

6329,3858

6329,-1184

6329,-2684

6329,-4498

6329,-3014

6329,-1888

6329,1110

6329,-4496

6329,-3190

6329,-254

6329,2084

6329,-3328

6329,-2788

6329,-2336

6329,-3760

6329,870

6330,1440

6330,314

6330,-2484

6330,-1968

6330,-2096

6330,-1452

6330,-1412

6330,-2788

6330,-3840

6330,-2726

6330,-4070

6330,-4936

6330,-2542

6330,-4930

6330,-3518

6330,-1752

6330,-3922

6330,-5262

6330,-3420

6330,-4194

6330,-8582

6330,-7708

6330,-9368

6330,-11470

6330,-10944

6330,-9526

6330,-8260

6330,-5264

6330,-6654

6330,-11238

6330,-7372

6330,-9958

6330,-8122

6330,-7816

6330,-7950

6330,-7932

6330,-5990

6330,-6512

6330,-8266

6330,-7140

6330,-8444

6330,-12160

6330,-11250

6330,-8752

6330,-10316

6330,-12738

6330,-9448

6330,-11468

6330,-9468

6330,-9710

6330,-10524

6330,-11922

6330,-11148

6330,-14230

6330,-15576

6330,-16928

6330,-17684

6330,-15230

6330,-14182

6330,-10678

6330,-15222

6330,-15996

6330,-18304

6330,-12888

6330,-19008

6331,-16272

6331,-18378

6331,-17554

6331,-16354

6331,-14240

6331,-15984

6331,-17970

6331,-13912

6331,-16726

6331,-15852

6331,-21558

6331,-18566

6331,-16096

6331,-18828

6331,-18188

6331,-22282

6331,-20300

6331,-21580

6331,-19308

6331,-16900

6331,-20460

6331,-19382

6331,-18584

6331,-18098

6331,-19764

6331,-19554

6331,-20490

6331,-19348

6331,-15672

6331,-22294

6331,-21452

6331,-21044

6331,-18950

6331,-19776

6331,-20026

6337,-23648

6337,-24538

6337,-21674

6337,-21842

6337,-25672

6337,-28140

6337,-24076

6337,-24404

6337,-22098

6337,-23428

6337,-27900

6337,-28256

6337,-24412

6337,-23726

6337,-27112

6337,-27500

6337,-28038

6337,-31510

6337,-29952

6337,-33160

6337,-33794

6337,-34396

6337,-29744

6337,-27784

6337,-32696

6337,-35904

6337,-35404

6337,-33790

6338,-35628

6338,-32554

6338,-30488

6338,-32474

6338,-33226

6338,-32308

6338,-30390

6338,-37402

6338,-34652

6338,-33754

6338,-34170

6338,-31464

6338,-34904

6338,-35290

6338,-35156

6338,-33482

6338,-32812

6338,-32726

6338,-32868

6338,-31090

6338,-35130

6338,-32398

6338,-37114

6338,-35622

6338,-35238

6338,-31080

6338,-33756

6338,-34716

6338,-37654

6338,-34606

6338,-33730

6338,-38082

6338,-38422

6338,-37078

6338,-35356

6338,-32818

6338,-36684

6338,-39164

6338,-39978

6338,-40260

6338,-39894

6338,-38734

6338,-39420

6338,-40408

6338,-37328

6338,-37576

6338,-37566

6338,-40508

6338,-43142

6338,-40078

6338,-40286

6338,-39678

6338,-42472

6338,-43246

6338,-40906

6338,-42184

6338,-43052

6338,-42818

6338,-41748

6338,-40688

6338,-37024

6338,-41518

6338,-41764

6338,-38004

6338,-36540

6339,-37424

6339,-42298

6339,-39314

6339,-36080

6339,-37892

6339,-39696

6339,-40066

6339,-41980

6339,-39088

6339,-36240

6339,-33268

6339,-39326

6339,-44380

6339,-42834

6339,-41412

6339,-39390

6339,-41016

6339,-42502

6339,-38184

6339,-37356

6339,-36146

6339,-38076

6339,-40018

6339,-41604

6339,-36564

6339,-35326

6339,-36702

6339,-35528

6339,-38202

6339,-33584

6339,-34488

6339,-37938

6339,-36506

6339,-33852

6339,-31754

6345,-33932

6345,-34758

6345,-36692

6345,-37480

6345,-33588

6345,-33986

6345,-34994

6345,-34218

6345,-33716

6345,-30858

6345,-27332

6345,-33128

6345,-36512

6345,-34262

6345,-31690

6345,-32326

6345,-32226

6345,-34012

6345,-34206

6345,-33404

6345,-31148

6345,-31888

6345,-36548

6345,-36192

6345,-37322

6345,-34568

6345,-34780

6345,-34794

6346,-37376

6346,-37154

6346,-34960

6346,-38916

6346,-37178

6346,-35282

6346,-32978

6346,-31132

6346,-35370

6346,-40090

6346,-37148

6346,-33654

6346,-32656

6346,-34060

6346,-35184

6346,-34050

6346,-28006

6346,-27966

6346,-30620

6346,-28060

6346,-29430

6346,-23430

6346,-26220

6346,-25016

6346,-26096

6346,-28908

6346,-28220

6346,-28320

6346,-26044

6346,-29000

6346,-29572

6346,-25458

6346,-21562

6346,-25470

6346,-28166

6346,-26472

6346,-20422

6346,-24318

6346,-25670

6346,-28668

6346,-28260

6346,-26168

6346,-22456

6346,-29274

6346,-29830

6346,-29088

6346,-24988

6346,-22648

6346,-27096

6346,-29058

6346,-29530

6346,-26808

6346,-25426

6346,-29728

6346,-30814

6346,-30280

6346,-29494

6346,-23838

6346,-26332

6346,-27616

6346,-27472

6346,-22914

6346,-22088

6346,-21760

6346,-22696

6347,-23706

6347,-19864

6347,-22876

6347,-22064

6347,-23418

6347,-23512

6347,-18512

6347,-17970

6347,-21136

6347,-24598

6347,-26462

6347,-23096

6347,-17010

6347,-19084

6347,-22332

6347,-20658

6347,-18296

6347,-14532

6347,-15998

6347,-17402

6347,-19130

6347,-16360

6347,-12828

6347,-18230

6347,-18864

6347,-15874

6347,-16152

6347,-15070

6347,-16632

6347,-18754

6347,-15436

6347,-12662

6347,-14068

6347,-11514

6347,-12374

6353,-14150

6353,-14160

6353,-10724

6353,-11854

6353,-14450

6353,-13022

6353,-11222

6353,-9670

6353,-6730

6353,-9662

6353,-15220

6353,-7924

6353,-9380

6353,-10286

6353,-7494

6353,-8304

6353,-6616

6353,-5526

6353,-5694

6353,-10708

6353,-7084

6353,-6338

6353,-4650

6353,-1750

6353,-5226

6353,-2540

6353,-2000

6353,-2820

6354,-1740

6354,-2162

6354,-2776

6354,-1454

6354,612

6354,4100

6354,4036

6354,648

6354,3916

6354,6032

6354,3032

6354,2748

6354,4222

6354,4640

6354,9258

6354,8664

6354,7252

6354,7030

6354,8032

6354,8094

6354,8284

6354,10206

6354,9880

6354,11092

6354,13000

6354,13514

6354,12752

6354,12002

6354,11846

6354,13630

6354,13680

6354,15902

6354,14172

6354,14754

6354,18626

6354,17778

6354,15284

6354,12746

6354,11022

6354,12722

6354,18830

6354,17400

6354,18128

6354,18454

6354,20084

6354,20106

6354,19962

6354,17780

6354,17840

6354,23066

6354,22202

6354,22892

6354,22954

6354,22162

6354,20954

6354,22608

6354,22192

6354,24254

6354,25410

6354,27924

6354,24826

6354,25680

6354,25724

6354,22882

6354,25628

6355,25234

6355,25674

6355,25246

6355,27990

6355,31088

6355,28030

6355,26926

6355,28132

6355,27774

6355,30560

6355,30746

6355,30406

6355,26168

6355,30052

6355,32920

6355,32468

6355,33082

6355,31038

6355,34454

6355,34580

6355,36304

6355,36720

6355,33800

6355,34378

6355,36668

6355,37030

6355,38690

6355,35114

6355,37504

6355,34362

6355,36456

6355,35686

6355,34774

6355,36308

6355,36298

6361,38332

6361,41522

6361,39138

6361,35574

6361,39964

6361,38420

6361,38326

6361,40252

6361,35164

6361,39622

6361,40814

6361,40308

6361,40188

6361,37738

6361,38926

6361,37578

6361,41136

6361,43018

6361,41540

6361,42848

6361,40634

6361,41210

6361,43780

6361,46892

6361,44596

6361,45226

6361,42406

6361,43024

6362,46056

6362,42130

6362,44930

6362,43572

6362,46382

6362,43692

6362,46656

6362,48652

6362,44012

6362,46778

6362,47932

6362,46654

6362,46386

6362,47058

6362,46336

6362,48004

6362,49262

6362,48514

6362,48544

6362,46918

6362,46138

6362,48576

6362,48832

6362,48634

6362,48292

6362,47174

6362,48862

6362,46684

6362,45290

6362,30558

6362,23014

6362,39004

6362,31848

6362,33066

6362,31590

6362,22928

6362,22680

6362,28336

6362,27206

6362,32198

6362,33008

6362,32176

6362,35208

6362,44198

6362,42668

6362,44852

6362,48184

6362,42252

6362,40326

6362,36352

6362,40682

6362,43166

6362,44140

6362,43682

6362,36434

6362,37734

6362,38722

6362,36684

6362,38024

6362,39938

6362,37440

6362,35562

6362,36160

6362,37372

6362,38998

6363,43630

6363,40966

6363,36974

6363,33596

6363,33800

6363,39602

6363,43208

6363,46280

6363,42818

6363,41162

6363,46608

6363,44104

6363,41906

6363,43658

6363,42186

6363,44572

6363,48544

6363,41178

6363,34590

6363,33822

6363,32042

6363,34106

6363,34444

6363,31182

6363,28950

6363,30270

6363,30948

6363,32902

6363,32898

6363,34062

6363,35830

6363,37768

6363,42500

6363,45960

6363,46464

6369,45302

6369,42278

6369,38714

6369,37596

6369,41132

6369,43556

6369,45374

6369,41772

6369,40026

6369,43468

6369,46486

6369,45650

6369,42476

6369,39212

6369,36958

6369,36982

6369,38280

6369,36278

6369,38250

6369,38744

6369,38316

6369,37460

6369,38776

6369,37652

6369,38616

6369,37734

6369,35250

6369,33732

6370,32584

6370,35676

6370,38990

6370,39580

6370,37816

6370,32282

6370,30872

6370,35996

6370,32888

6370,27048

6370,28880

6370,29486

6370,31292

6370,32750

6370,33798

6370,33186

6370,33062

6370,31754

6370,32324

6370,27990

6370,26822

6370,30294

6370,31382

6370,34548

6370,33664

6370,32840

6370,35778

6370,30036

6370,27684

6370,30498

6370,31170

6370,32052

6370,28934

6370,22910

6370,22130

6370,24110

6370,19934

6370,20684

6370,18676

6370,13794

6370,12160

6370,13178

6370,7462

6370,7042

6370,10690

6370,9734

6370,7764

6370,12744

6370,8642

6370,5650

6370,3866

6370,8988

6370,12660

6370,15112

6370,19248

6370,18324

6370,18606

6370,17032

6370,13732

6370,13780

6370,11016

6370,9928

6370,8768

6370,10120

6370,6234

6371,5628

6371,4362

6371,-356

6371,460

6371,-8600

6371,-11766

6371,-8446

6371,-5890

6371,-6170

6371,-10306

6371,-11332

6371,-8942

6371,-6932

6371,-5038

6371,-4988

6371,-3978

6371,-572

6371,2908

6371,74

6371,1210

6371,3490

6371,3572

6371,4336

6371,4934

6371,-1406

6371,622

6371,1766

6371,-890

6371,778

6371,1904

6371,1890

6371,-1804

6371,-1460

6371,-1540

6371,-4726

6377,-5588

6377,-2754

6377,-1052

6377,1654

6377,212

6377,-1572

6377,490

6377,1474

6377,2904

6377,1796

6377,1880

6377,5682

6377,4292

6377,1482

6377,1604

6377,832

6377,3822

6377,-2820

6377,-6506

6377,-564

6377,-5178

6377,-5070

6377,-3034

6377,1982

6377,-3040

6377,-4876

6377,-7372

6377,-11758

6378,-9726

6378,-12658

6378,-15518

6378,-15572

6378,-13444

6378,-11114

6378,-9624

6378,-10538

6378,-14070

6378,-14620

6378,-16866

6378,-8026

6378,-4496

6378,46

6378,-64

6378,-4186

6378,-6570

6378,-9414

6378,-7868

6378,-7364

6378,-8402

6378,-14690

6378,-12134

6378,-6412

6378,-5540

6378,-3634

6378,-4666

6378,-5788

6378,-6866

6378,-4168

6378,-8502

6378,-7964

6378,-3576

6378,-7636

6378,-10874

6378,-7454

6378,-1742

6378,8

6378,-4650

6378,-4798

6378,-5518

6378,-2962

6378,-2522

6378,-7064

6378,-7410

6378,-3806

6378,-1066

6378,-3658

6378,-6032

6378,-2882

6378,4312

6378,2778

6378,3668

6378,126

6378,2700

6378,4474

6378,3458

6378,6056

6378,-996

6378,-2498

6378,-4998

6378,2848

6378,-1508

6378,1732

6378,2474

6379,-5452

6379,-9758

6379,-13622

6379,-12930

6379,-7802

6379,86

6379,-6198

6379,-5766

6379,-10162

6379,-14674

6379,-16546

6379,-19332

6379,-15018

6379,-16880

6379,-17700

6379,-15004

6379,-8344

6379,-9640

6379,-16196

6379,-18142

6379,-14530

6379,-13984

6379,-16072

6379,-19190

6379,-23816

6379,-19462

6379,-12222

6379,-14736

6379,-18558

6379,-18400

6379,-11816

6379,-7950

6379,-16726

6379,-22188

6379,-22934

6385,-26678

6385,-25500

6385,-24614

6385,-23760

6385,-24554

6385,-26646

6385,-32816

6385,-36852

6385,-36728

6385,-34134

6385,-40034

6385,-34782

6385,-33450

6385,-32238

6385,-31130

6385,-34584

6385,-38304

6385,-31382

6385,-31338

6385,-35870

6385,-34384

6385,-30926

6385,-32674

6385,-34812

6385,-35620

6385,-32282

6385,-34390

6385,-37324

6386,-39710

6386,-39684

6386,-38038

6386,-37158

6386,-43358

6386,-45088

6386,-41904

6386,-39978

6386,-39826

6386,-36624

6386,-40772

6386,-42552

6386,-39024

6386,-36916

6386,-37498

6386,-38490

6386,-35172

6386,-38708

6386,-47258

6386,-44750

6386,-44780

6386,-43078

6386,-45788

6386,-52802

6386,-50478

6386,-48752

6386,-49630

6386,-45420

6386,-49178

6386,-50388

6386,-46342

6386,-47312

6386,-49902

6386,-51398

6386,-46314

6386,-45536

6386,-51062

6386,-49320

6386,-47324

6386,-47912

6386,-44654

6386,-44544

6386,-48594

6386,-50976

6386,-47044

6386,-49920

6386,-49664

6386,-48772

6386,-46072

6386,-43280

6386,-43086

6386,-40760

6386,-46222

6386,-48510

6386,-46694

6386,-48276

6386,-48750

6386,-47964

6386,-45808

6386,-43986

6386,-44422

6386,-44432

6386,-47674

6386,-48822

6386,-54390

6387,-56576

6387,-50598

6387,-43982

6387,-47388

6387,-50168

6387,-47738

6387,-49348

6387,-47078

6387,-46488

6387,-50866

6387,-49316

6387,-45738

6387,-40782

6387,-47572

6387,-50814

6387,-51386

6387,-49890

6387,-44860

6387,-40930

6387,-41644

6387,-43134

6387,-46596

6387,-49464

6387,-44782

6387,-44030

6387,-41828

6387,-44450

6387,-45120

6387,-41436

6387,-43220

6387,-44806

6387,-47510

6387,-48084

6387,-48540

6387,-51758

6393,-48050

6393,-50814

6393,-50494

6393,-51536

6393,-54672

6393,-57154

6393,-57948

6393,-55404

6393,-47760

6393,-47704

6393,-50104

6393,-49118

6393,-53774

6393,-49680

6393,-45034

6393,-50896

6393,-53238

6393,-53752

6393,-52038

6393,-46304

6393,-49170

6393,-52160

6393,-53132

6393,-57214

6393,-52732

6393,-51040

6393,-54034

6393,-55462

6394,-57040

6394,-54796

6394,-52696

6394,-51928

6394,-50654

6394,-56438

6394,-54564

6394,-52524

6394,-52140

6394,-54606

6394,-63650

6394,-73618

6394,-63364

6394,-52100

6394,-52584

6394,-54586

6394,-56352

6394,-54728

6394,-52580

6394,-47958

6394,-50450

6394,-47446

6394,-41030

6394,-46836

6394,-50494

6394,-52290

6394,-53626

6394,-51656

6394,-40916

6394,-43026

6394,-51404

6394,-57482

6394,-54826

6394,-55288

6394,-55044

6394,-55030

6394,-57738

6394,-57942

6394,-57232

6394,-52096

6394,-51412

6394,-53310

6394,-57876

6394,-58046

6394,-51882

6394,-52622

6394,-52466

6394,-48706

6394,-47042

6394,-43126

6394,-44062

6394,-46592

6394,-44816

6394,-48888

6394,-50182

6394,-50742

6394,-56256

6394,-45814

6394,-46044

6394,-52026

6394,-50980

6394,-50732

6394,-51790

6394,-50332

6394,-58016

6395,-68558

6395,-62128

6395,-55904

6395,-59612

6395,-60440

6395,-61550

6395,-60338

6395,-59128

6395,-59990

6395,-58690

6395,-55836

6395,-58098

6395,-57588

6395,-56046

6395,-53180

6395,-54496

6395,-55354

6395,-51980

6395,-49768

6395,-47786

6395,-48460

6395,-46092

6395,-49048

6395,-45672

6395,-52118

6395,-54042

6395,-53618

6395,-52274

6395,-49104

6395,-51174

6395,-46018

6395,-46700

6395,-50628

6395,-50320

6395,-49500

6401,-48420

6401,-46600

6401,-46316

6401,-48026

6401,-52142

6401,-49610

6401,-44170

6401,-49760

6401,-55228

6401,-55224

6401,-54826

6401,-53460

6401,-59656

6401,-65850

6401,-65994

6401,-64540

6401,-57024

6401,-54652

6401,-57812

6401,-55296

6401,-54140

6401,-55312

6401,-53178

6401,-44794

6401,-41120

6401,-45578

6401,-43862

6401,-45196

6402,-46010

6402,-48248

6402,-44146

6402,-39622

6402,-38796

6402,-39654

6402,-41248

6402,-38640

6402,-40346

6402,-37392

6402,-32618

6402,-35688

6402,-46884

6402,-45932

6402,-47112

6402,-44574

6402,-44010

6402,-43540

6402,-44796

6402,-44164

6402,-41942

6402,-41100

6402,-39868

6402,-39372

6402,-38992

6402,-44902

6402,-42090

6402,-38896

6402,-41692

6402,-38810

6402,-37902

6402,-38444

6402,-37626

6402,-39902

6402,-34828

6402,-29178

6402,-33454

6402,-40910

6402,-41062

6402,-43746

6402,-46082

6402,-47322

6402,-47292

6402,-41980

6402,-40286

6402,-42182

6402,-45122

6402,-44812

6402,-43466

6402,-42664

6402,-47960

6402,-47694

6402,-47854

6402,-45800

6402,-46042

6402,-46492

6402,-46366

6402,-40078

6402,-30958

6402,-40126

6402,-45622

6402,-35908

6402,-34830

6402,-34742

6402,-34946

6403,-36766

6403,-38804

6403,-43336

6403,-36238

6403,-36230

6403,-41376

6403,-44820

6403,-44154

6403,-38546

6403,-32768

6403,-27624

6403,-30658

6403,-38138

6403,-41166

6403,-40426

6403,-41126

6403,-41104

6403,-35978

6403,-29038

6403,-38728

6403,-39230

6403,-42236

6403,-42970

6403,-39232

6403,-37310

6403,-41928

6403,-50158

6403,-45974

6403,-45398

6403,-43648

6403,-33242

6403,-40492

6403,-50096

6403,-45146

6403,-39778

6409,-41026

6409,-40576

6409,-42764

6409,-47074

6409,-42632

6409,-38040

6409,-34762

6409,-33012

6409,-39036

6409,-46906

6409,-43662

6409,-43894

6409,-46824

6409,-51246

6409,-45948

6409,-45758

6409,-46902

6409,-46846

6409,-52434

6409,-52096

6409,-57568

6409,-53884

6409,-46250

6409,-48948

6409,-43924

6409,-43344

6409,-45298

6409,-45414

6410,-39664

6410,-35362

6410,-30894

6410,-35700

6410,-40216

6410,-42834

6410,-37860

6410,-34448

6410,-33752

6410,-34070

6410,-34122

6410,-28732

6410,-26070

6410,-33104

6410,-43002

6410,-43156

6410,-43954

6410,-45702

6410,-42600

6410,-48730

6410,-49052

6410,-49774

6410,-47042

6410,-45782

6410,-45606

6410,-47184

6410,-46748

6410,-48166

6410,-48896

6410,-44876

6410,-38902

6410,-37206

6410,-37428

6410,-33780

6410,-31372

6410,-29610

6410,-35234

6410,-31826

6410,-33794

6410,-39180

6410,-39710

6410,-39592

6410,-32420

6410,-31396

6410,-35178

6410,-31704

6410,-35534

6410,-38596

6410,-38236

6410,-36660

6410,-40394

6410,-37906

6410,-35208

6410,-37746

6410,-32090

6410,-31516

6410,-38852

6410,-43524

6410,-39598

6410,-43434

6410,-41534

6410,-40234

6410,-42568

6410,-45380

6410,-48360

6411,-43202

6411,-37668

6411,-40930

6411,-43418

6411,-41880

6411,-37704

6411,-37334

6411,-40628

6411,-43062

6411,-40164

6411,-41662

6411,-40418

6411,-41670

6411,-51230

6411,-52562

6411,-48980

6411,-45942

6411,-43662

6411,-44098

6411,-46824

6411,-51404

6411,-54808

6411,-50610

6411,-50030

6411,-45162

6411,-44346

6411,-45042

6411,-46326

6411,-46422

6411,-50128

6411,-44876

6411,-40428

6411,-38018

6411,-38322

6411,-39344

6417,-35230

6417,-35618

6417,-39590

6417,-43394

6417,-38046

6417,-37130

6417,-42268

6417,-42932

6417,-41056

6417,-38962

6417,-41078

6417,-43494

6417,-35466

6417,-33302

6417,-34996

6417,-39310

6417,-38448

6417,-35738

6417,-32732

6417,-38150

6417,-45974

6417,-43298

6417,-43478

6417,-45816

6417,-41982

6417,-40832

6417,-42414

6417,-45222

6418,-48114

6418,-46446

6418,-46978

6418,-45662

6418,-43160

6418,-46482

6418,-45260

6418,-43798

6418,-42932

6418,-38618

6418,-33778

6418,-36642

6418,-36860

6418,-42362

6418,-43396

6418,-43302

6418,-43098

6418,-38910

6418,-38700

6418,-46524

6418,-39324

6418,-38578

6418,-40772

6418,-42748

6418,-45542

6418,-43960

6418,-37920

6418,-35340

6418,-34458

6418,-35380

6418,-40416

6418,-46172

6418,-44816

6418,-39424

6418,-39028

6418,-42524

6418,-39768

6418,-38794

6418,-40230

6418,-38890

6418,-40146

6418,-42550

6418,-40418

6418,-38548

6418,-38028

6418,-41606

6418,-42438

6418,-40794

6418,-37424

6418,-34498

6418,-31984

6418,-37626

6418,-38396

6418,-34810

6418,-34098

6418,-32590

6418,-39184

6418,-43912

6418,-40306

6418,-42008

6418,-40714

6418,-41502

6418,-38354

6418,-37420

6418,-37042

6419,-38664

6419,-37426

6419,-36704

6419,-40050

6419,-41556

6419,-42118

6419,-45034

6419,-41210

6419,-42372

6419,-47938

6419,-53360

6419,-54434

6419,-51082

6419,-44330

6419,-49418

6419,-54106

6419,-55870

6419,-57912

6419,-47510

6419,-47786

6419,-49770

6419,-51630

6419,-41546

6419,-34924

6419,-41086

6419,-44936

6419,-49540

6419,-44828

6419,-43188

6419,-50090

6419,-50096

6419,-49512

6419,-48962

6419,-50774

6419,-55398

6425,-59710

6425,-60762

6425,-60806

6425,-56262

6425,-50776

6425,-51098

6425,-52922

6425,-53992

6425,-52820

6425,-54724

6425,-57616

6425,-63828

6425,-62708

6425,-58094

6425,-64414

6425,-65032

6425,-65992

6425,-68780

6425,-69376

6425,-71544

6425,-77218

6425,-74338

6425,-76476

6425,-76270

6425,-76768

6425,-73740

6425,-71780

6425,-73988

6426,-74612

6426,-66672

6426,-62912

6426,-64146

6426,-67638

6426,-69054

6426,-71138

6426,-73946

6426,-69106

6426,-67746

6426,-74822

6426,-77646

6426,-79168

6426,-75498

6426,-78958

6426,-78210

6426,-80498

6426,-90126

6426,-88990

6426,-91130

6426,-85762

6426,-80740

6426,-85236

6426,-86918

6426,-88034

6426,-86824

6426,-86730

6426,-87842

6426,-86722

6426,-88540

6426,-86106

6426,-78278

6426,-77952

6426,-83100

6426,-84252

6426,-82462

6426,-86114

6426,-80814

6426,-83852

6426,-88044

6426,-92916

6426,-93330

6426,-93982

6426,-95148

6426,-94284

6426,-93420

6426,-92876

6426,-92152

6426,-91640

6426,-87720

6426,-88964

6426,-89754

6426,-94122

6426,-89872

6426,-83660

6426,-84386

6426,-89678

6426,-92610

6426,-90724

6426,-85886

6426,-87898

6426,-83418

6426,-83738

6426,-87318

6426,-89256

6427,-87876

6427,-85454

6427,-81358

6427,-83142

6427,-80690

6427,-79036

6427,-79870

6427,-77826

6427,-77438

6427,-72670

6427,-71452

6427,-77322

6427,-74490

6427,-76590

6427,-80100

6427,-80558

6427,-84654

6427,-79282

6427,-80402

6427,-81514

6427,-78330

6427,-78668

6427,-76172

6427,-73052

6427,-68602

6427,-69174

6427,-70126

6427,-69578

6427,-67430

6427,-60118

6427,-62146

6427,-61770

6427,-60488

6427,-62818

6427,-62162

6433,-57120

6433,-53294

6433,-58028

6433,-56158

6433,-54514

6433,-56994

6433,-52238

6433,-50140

6433,-54494

6433,-56494

6433,-52504

6433,-45892

6433,-48208

6433,-47428

6433,-50024

6433,-56500

6433,-58714

6433,-58996

6433,-60302

6433,-58220

6433,-61458

6433,-58642

6433,-60802

6433,-59436

6433,-58198

6433,-60588

6433,-56110

6433,-52046

6434,-50982

6434,-40456

6434,-42024

6434,-41740

6434,-38212

6434,-45560

6434,-47482

6434,-44774

6434,-42816

6434,-44698

6434,-44814

6434,-45952

6434,-47990

6434,-47902

6434,-47132

6434,-52572

6434,-51244

6434,-46390

6434,-43414

6434,-44348

6434,-49336

6434,-49976

6434,-51676

6434,-52602

6434,-56300

6434,-53090

6434,-51888

6434,-58378

6434,-59328

6434,-58846

6434,-59944

6434,-57768

6434,-57740

6434,-57714

6434,-56430

6434,-57508

6434,-61164

6434,-60748

6434,-59600

6434,-54902

6434,-49922

6434,-52962

6434,-51324

6434,-55342

6434,-59916

6434,-54758

6434,-52666

6434,-56726

6434,-61044

6434,-56338

6434,-55104

6434,-53152

6434,-52576

6434,-58358

6434,-54496

6434,-57808

6434,-57512

6434,-55296

6434,-55426

6434,-50528

6434,-52106

6434,-57250

6434,-62138

6434,-67808

6434,-67394

6435,-67332

6435,-65138

6435,-67478

6435,-72300

6435,-73000

6435,-71562

6435,-70354

6435,-66170

6435,-66114

6435,-65502

6435,-60558

6435,-57776

6435,-55262

6435,-57266

6435,-54758

6435,-56820

6435,-48776

6435,-43172

6435,-43750

6435,-48424

6435,-50680

6435,-49592

6435,-46492

6435,-45500

6435,-41826

6435,-49716

6435,-52648

6435,-50080

6435,-48840

6435,-48530

6435,-47360

6435,-42716

6435,-49460

6435,-48028

6435,-48904

6441,-51350

6441,-51072

6441,-55176

6441,-56580

6441,-49896

6441,-46128

6441,-53718

6441,-53258

6441,-53824

6441,-48326

6441,-45344

6441,-46546

6441,-47532

6441,-45264

6441,-47876

6441,-43342

6441,-41042

6441,-40820

6441,-43632

6441,-42922

6441,-40208

6441,-38924

6441,-42210

6441,-47238

6441,-48904

6441,-44962

6441,-43946

6441,-45824

6442,-43754

6442,-39076

6442,-42346

6442,-43354

6442,-41554

6442,-39952

6442,-37862

6442,-42056

6442,-38430

6442,-37872

6442,-44838

6442,-48010

6442,-48296

6442,-49574

6442,-50176

6442,-51820

6442,-60834

6442,-57770

6442,-57030

6442,-58284

6442,-56258

6442,-59518

6442,-56760

6442,-54244

6442,-50598

6442,-51108

6442,-51990

6442,-52640

6442,-50350

6442,-46850

6442,-45484

6442,-47914

6442,-48912

6442,-45974

6442,-44464

6442,-40920

6442,-40328

6442,-42820

6442,-41592

6442,-45628

6442,-45584

6442,-38716

6442,-36042

6442,-38014

6442,-44340

6442,-46980

6442,-45586

6442,-45452

6442,-41886

6442,-43626

6442,-48254

6442,-48150

6442,-47190

6442,-50288

6442,-49154

6442,-49540

6442,-50298

6442,-47626

6442,-44638

6442,-43562

6442,-47676

6442,-50252

6442,-52556

6442,-53608

6442,-49102

6443,-48196

6443,-49342

6443,-53066

6443,-54524

6443,-57654

6443,-59354

6443,-58824

6443,-60704

6443,-56766

6443,-55376

6443,-61150

6443,-61406

6443,-56852

6443,-60388

6443,-60256

6443,-53948

6443,-58942

6443,-58632

6443,-54450

6443,-56972

6443,-56716

6443,-58110

6443,-57408

6443,-58114

6443,-55164

6443,-57312

6443,-59502

6443,-54836

6443,-55922

6443,-59398

6443,-60836

6443,-62698

6443,-65326

6443,-61352

6443,-62644

6449,-62648

6449,-62690

6449,-64374

6449,-64306

6449,-65404

6449,-65702

6449,-66402

6449,-58594

6449,-59558

6449,-59740

6449,-61966

6449,-65266

6449,-63334

6449,-57812

6449,-56792

6449,-52598

6449,-49166

6449,-55316

6449,-48696

6449,-48942

6449,-52906

6449,-52050

6449,-49534

6449,-48604

6449,-49538

6449,-50828

6449,-53878

6449,-54112

6450,-57688

6450,-51642

6450,-53626

6450,-56562

6450,-60014

6450,-56122

6450,-54572

6450,-62486

6450,-62312

6450,-59160

6450,-58252

6450,-54936

6450,-55044

6450,-58310

6450,-63054

6450,-59178

6450,-53004

6450,-59914

6450,-60014

6450,-59880

6450,-58634

6450,-54270

6450,-54880

6450,-58224

6450,-58856

6450,-57012

6450,-53842

6450,-48002

6450,-47500

6450,-48074

6450,-50426

6450,-47848

6450,-48092

6450,-51006

6450,-51190

6450,-47670

6450,-49154

6450,-52784

6450,-51634

6450,-50710

6450,-52102

6450,-55212

6450,-54044

6450,-56642

6450,-59824

6450,-53116

6450,-54030

6450,-50342

6450,-53626

6450,-45914

6450,-53782

6450,-61296

6450,-56088

6450,-54290

6450,-52092

6450,-51636

6450,-52292

6450,-51566

6450,-48840

6450,-53554

6450,-48140

6450,-45982

6450,-43180

6450,-45628

6450,-47134

6451,-54284

6451,-46974

6451,-45710

6451,-51184

6451,-51930

6451,-45310

6451,-41838

RAW_SUMMARY id=1 requested=5600 captured=5600 unused_capacity=400 max_pcm_abs=301664 raw_mean=-55806.2 raw_abs_mean=61931.1 raw_min=-301664 raw_max=149550 baseline=-90.5

OK RAW

