# run: cfg_c32k_1
# firmware: role=analyzer git=9f584bb version=0.4.0
# imported-from: c32k_1.log (mtime 2026-10-09T10:36:59)
RAW_INFO mode=i2s output=csv

RAW_INFO row_size=12

RAW_BEGIN id=1 sr=32000 trigger_ms=6094 command_ms=6079 emit_seen=1 emit_start_ms=6094 emit_done_ms=6097 f=3200 dur=1 pre_ms=0 post_ms=350 decim=1 pre_samples=0 post_samples=6000 mode=i2s output=csv fields=ms,pcm

ms,pcm

6096,-159354

6096,-159290

6096,-160814

6096,-158350

6096,-157174

6096,-159896

6096,-160984

6096,-160270

6097,-159874

6097,-160584

6097,-159882

6097,-159166

6097,-159246

6097,-159698

6097,-159272

6097,-158976

6097,-160972

6097,-159374

6097,-160578

6097,-161096

6097,-159926

6097,-158944

6097,-158440

6097,-160508

6097,-158466

6097,-159144

6097,-160624

6097,-160360

6097,-158612

6097,-159630

6097,-159014

6097,-158854

6097,-161388

6097,-159116

6098,-159354

6098,-156500

6098,-156066

6098,-156086

6098,-157690

6098,-158082

6098,-156642

6098,-156714

6098,-157816

6098,-159128

6098,-159114

6098,-158594

6098,-159188

6098,-159648

6098,-161136

6098,-160854

6098,-158976

6098,-158382

6099,-159272

6099,-159362

6099,-159070

6099,-159770

6099,-159986

6099,-160174

6099,-156730

6099,-158790

6099,-158346

6099,-157462

6099,-159214

6099,-157728

6099,-160196

6099,-159344

6099,-158442

6099,-160956

6099,-158172

6099,-158310

6099,-160042

6099,-159200

6099,-158544

6099,-159670

6099,-154788

6099,-160378

6099,-158664

6099,-159616

6099,-158014

6099,-158496

6099,-159536

6099,-158054

6099,-158318

6099,-157138

6099,-156920

6099,-158110

6099,-156480

6099,-155096

6099,-155686

6099,-156080

6099,-155858

6099,-154248

6099,-155654

6099,-156996

6099,-156632

6099,-155994

6099,-156216

6099,-155576

6099,-158712

6099,-156686

6099,-159766

6099,-157660

6099,-157970

6099,-157990

6099,-157208

6099,-156144

6099,-155358

6099,-156136

6099,-155396

6099,-155420

6099,-155252

6099,-155908

6099,-154848

6099,-154234

6099,-154132

6099,-155258

6099,-153758

6100,-156728

6100,-156172

6100,-155566

6100,-155114

6100,-155696

6100,-156736

6100,-157794

6100,-154796

6100,-154660

6100,-156752

6100,-156790

6100,-156944

6100,-156260

6100,-154978

6100,-153878

6100,-153422

6100,-152564

6100,-153856

6100,-154780

6100,-155394

6100,-153948

6100,-155432

6100,-156134

6100,-153236

6100,-153228

6100,-152778

6100,-152176

6100,-151852

6100,-150580

6100,-152932

6100,-150120

6100,-152638

6100,-153030

6100,-152884

6100,-151024

6100,-152438

6100,-153382

6100,-150318

6100,-152952

6100,-151870

6100,-151278

6100,-151572

6100,-152332

6100,-150342

6100,-149500

6100,-151026

6100,-149596

6100,-149878

6100,-151420

6100,-148358

6100,-148240

6100,-149182

6100,-149758

6100,-151852

6100,-150726

6100,-151162

6100,-150964

6100,-150890

6100,-152718

6100,-151476

6100,-152146

6100,-151944

6100,-150012

6100,-150744

6101,-151830

6101,-152380

6101,-150678

6101,-150350

6101,-153622

6101,-151806

6101,-151526

6101,-152068

6101,-150866

6101,-152146

6101,-150240

6101,-150188

6101,-150678

6101,-151066

6101,-150710

6101,-152442

6101,-154070

6101,-153586

6101,-151754

6101,-151672

6101,-152018

6101,-147930

6101,-152438

6101,-151666

6101,-154130

6101,-152080

6101,-152142

6101,-152902

6101,-152016

6101,-152216

6101,-153716

6101,-151762

6101,-151636

6101,-150448

6101,-151438

6101,-152588

6101,-151310

6101,-151752

6101,-152262

6101,-150086

6101,-149364

6101,-149844

6101,-149486

6101,-149438

6101,-152138

6101,-150026

6101,-150914

6101,-150580

6101,-147496

6101,-148766

6101,-147904

6101,-146796

6101,-147692

6101,-146266

6101,-145730

6101,-146344

6101,-144066

6101,-144536

6101,-146072

6101,-145450

6101,-144920

6101,-142648

6101,-143706

6101,-144240

6101,-143020

6102,-142628

6102,-142270

6102,-141736

6102,-141558

6102,-141862

6102,-142128

6102,-142208

6102,-143534

6102,-141886

6102,-140158

6102,-139648

6102,-138988

6102,-139470

6102,-138638

6102,-138820

6102,-137224

6102,-138338

6102,-135962

6102,-137750

6102,-138514

6102,-138876

6102,-139166

6102,-138880

6102,-139210

6102,-136688

6102,-136426

6102,-136280

6102,-135612

6102,-136472

6102,-135360

6102,-135770

6102,-138870

6102,-136854

6102,-138012

6102,-134880

6102,-133948

6102,-133952

6102,-132980

6102,-134718

6102,-133546

6102,-133824

6102,-134052

6102,-135030

6102,-134448

6102,-134102

6102,-133614

6102,-133082

6102,-132532

6102,-132066

6102,-133780

6102,-133122

6102,-133406

6102,-133106

6102,-133804

6102,-132666

6102,-132252

6102,-133968

6102,-133320

6102,-134442

6102,-133862

6102,-135718

6102,-136750

6102,-134054

6102,-133124

6102,-133078

6103,-134054

6103,-133390

6103,-132470

6103,-132150

6103,-134666

6103,-132012

6103,-134060

6103,-132612

6103,-131816

6103,-132650

6103,-134272

6103,-133562

6103,-133230

6103,-132618

6103,-133780

6103,-132838

6103,-134082

6103,-134008

6103,-132784

6103,-130500

6103,-133068

6103,-132534

6103,-132856

6103,-133392

6103,-133656

6103,-132530

6103,-133864

6103,-134328

6103,-133736

6103,-134182

6103,-131002

6103,-131636

6103,-131432

6103,-133458

6103,-132378

6103,-131902

6103,-130664

6103,-130954

6103,-131562

6103,-130584

6103,-130918

6103,-132340

6103,-131026

6103,-129684

6103,-130304

6103,-130316

6103,-129988

6103,-130808

6103,-129942

6103,-127996

6103,-128884

6103,-129912

6103,-129818

6103,-129882

6103,-130412

6103,-129926

6103,-131174

6103,-130108

6103,-129330

6103,-128940

6103,-128774

6103,-128994

6103,-127018

6103,-127242

6103,-125022

6104,-124644

6104,-124650

6104,-125850

6104,-126220

6104,-125358

6104,-125984

6104,-125858

6104,-126096

6105,-124530

6105,-122712

6105,-124146

6105,-124452

6105,-124340

6105,-124982

6105,-124584

6105,-120644

6105,-121722

6105,-123680

6105,-122374

6105,-120672

6105,-122044

6105,-120436

6105,-120912

6105,-123796

6105,-120314

6105,-121370

6105,-121330

6105,-122386

6105,-121698

6105,-121630

6105,-122436

6105,-123444

6105,-124680

6105,-124278

6106,-122868

6106,-123144

6106,-122620

6106,-121600

6106,-121076

6106,-122370

6106,-121646

6106,-122492

6106,-124658

6106,-121810

6106,-122686

6106,-126198

6106,-123806

6106,-121154

6106,-121260

6106,-121664

6106,-120176

6106,-122894

6106,-123886

6106,-123992

6106,-124698

6106,-126746

6106,-124568

6106,-125078

6106,-124700

6106,-123644

6106,-124582

6106,-126288

6106,-125868

6106,-126280

6106,-126300

6106,-126124

6106,-124694

6106,-126026

6106,-124798

6106,-122752

6106,-122442

6106,-121226

6106,-123454

6106,-121152

6106,-123416

6106,-122272

6106,-123754

6106,-122364

6106,-120666

6106,-120668

6106,-119872

6106,-119114

6106,-122056

6106,-120790

6106,-121828

6106,-123266

6106,-121086

6106,-120582

6106,-119584

6106,-118222

6106,-119380

6106,-119612

6106,-118090

6106,-119442

6106,-121498

6106,-118970

6106,-118250

6106,-119516

6106,-119272

6107,-116632

6107,-119478

6107,-118910

6107,-117974

6107,-117098

6107,-116934

6107,-117808

6107,-117340

6107,-118620

6107,-116834

6107,-115350

6107,-113248

6107,-114808

6107,-114356

6107,-114460

6107,-113224

6107,-112226

6107,-115966

6107,-112880

6107,-115508

6107,-114872

6107,-113672

6107,-111648

6107,-112140

6107,-112468

6107,-113682

6107,-113834

6107,-111360

6107,-109624

6107,-112046

6107,-111188

6107,-112062

6107,-111278

6107,-112574

6107,-110274

6107,-109652

6107,-108252

6109,-107904

6109,-110732

6109,-110140

6109,-111614

6109,-109292

6109,-109878

6109,-111884

6109,-110754

6109,-111660

6109,-110088

6109,-110892

6109,-110068

6109,-109270

6109,-108944

6109,-111766

6109,-111840

6109,-112798

6109,-112384

6109,-112180

6109,-108710

6109,-111170

6109,-110590

6109,-112648

6109,-110062

6109,-109440

6109,-111842

6110,-109846

6110,-111042

6110,-110752

6110,-107912

6110,-107966

6110,-109382

6110,-110462

6110,-112008

6110,-112034

6110,-110956

6110,-109502

6110,-107640

6110,-106518

6110,-108510

6110,-106830

6110,-106898

6110,-106360

6110,-106126

6110,-107716

6110,-105364

6110,-104788

6110,-104566

6110,-105716

6110,-104818

6110,-106798

6110,-105418

6110,-103304

6110,-105002

6110,-105138

6110,-103050

6110,-104630

6110,-101158

6110,-101926

6110,-101484

6110,-101270

6110,-102900

6110,-101984

6110,-101990

6110,-102500

6110,-101104

6110,-100114

6110,-99766

6110,-99466

6110,-100624

6110,-101070

6110,-97200

6110,-99278

6110,-100030

6110,-99466

6110,-101818

6110,-100564

6110,-99196

6110,-99444

6110,-100728

6110,-98620

6110,-96238

6110,-98200

6110,-96448

6110,-96910

6110,-96652

6110,-96478

6110,-98604

6110,-98620

6110,-99954

6110,-98118

6111,-97742

6111,-95428

6111,-96656

6111,-95504

6111,-96174

6111,-95776

6111,-94104

6111,-95402

6111,-93542

6111,-93566

6111,-94388

6111,-94378

6111,-94322

6111,-95570

6111,-93222

6111,-92566

6111,-92976

6111,-92150

6111,-94322

6111,-93510

6111,-92412

6111,-92938

6111,-92394

6111,-90000

6111,-92636

6111,-91998

6111,-93078

6111,-94362

6111,-93094

6111,-91028

6111,-91762

6111,-93192

6111,-91518

6111,-93216

6111,-90802

6111,-92404

6111,-92654

6113,-92122

6113,-90754

6113,-91492

6113,-90524

6113,-89668

6113,-89622

6113,-88464

6113,-90562

6113,-90050

6113,-94024

6113,-91726

6113,-88250

6113,-88842

6113,-89872

6113,-91444

6113,-91582

6113,-90592

6113,-90430

6113,-90282

6113,-88950

6113,-89558

6113,-88684

6113,-89946

6113,-87506

6113,-90192

6113,-87298

6114,-86894

6114,-88082

6114,-89218

6114,-86938

6114,-87958

6114,-88126

6114,-86250

6114,-87492

6114,-90386

6114,-89810

6114,-88596

6114,-88780

6114,-89656

6114,-87778

6114,-88660

6114,-86738

6114,-87404

6114,-88028

6114,-87618

6114,-88704

6114,-90164

6114,-88938

6114,-89420

6114,-87808

6114,-86652

6114,-87910

6114,-89324

6114,-88910

6114,-86398

6114,-87324

6114,-86668

6114,-86446

6114,-87314

6114,-86400

6114,-84804

6114,-85646

6114,-85168

6114,-86060

6114,-85558

6114,-84904

6114,-85094

6114,-85044

6114,-85596

6114,-86678

6114,-86288

6114,-86306

6114,-85734

6114,-85870

6114,-84670

6114,-84846

6114,-85362

6114,-84030

6114,-84364

6114,-81480

6114,-82078

6114,-84302

6114,-84136

6114,-83098

6114,-83082

6114,-83948

6114,-84560

6114,-82744

6114,-84404

6114,-81792

6114,-82580

6115,-84790

6115,-80660

6115,-80968

6115,-81302

6115,-79458

6115,-80568

6115,-80698

6115,-78702

6115,-78514

6115,-78378

6115,-78282

6115,-76750

6115,-78100

6115,-78648

6115,-78054

6115,-76334

6115,-78620

6115,-77832

6115,-75188

6115,-77404

6115,-75168

6115,-76532

6115,-77276

6115,-76158

6115,-75380

6115,-74250

6115,-71356

6115,-72624

6115,-75336

6115,-76000

6115,-77486

6115,-76904

6115,-75580

6115,-77528

6115,-76008

6115,-73060

6115,-74884

6117,-74128

6117,-74394

6117,-75356

6117,-73088

6117,-74276

6117,-72754

6117,-71100

6117,-70532

6117,-69800

6117,-69596

6117,-68844

6117,-70828

6117,-71944

6117,-72022

6117,-71778

6117,-71692

6117,-72828

6117,-71476

6117,-72788

6117,-70210

6117,-72566

6117,-70848

6117,-68288

6117,-70874

6117,-71436

6117,-70678

6118,-68598

6118,-70156

6118,-68216

6118,-66818

6118,-71390

6118,-69146

6118,-68234

6118,-70282

6118,-68298

6118,-69536

6118,-71244

6118,-70420

6118,-70804

6118,-69138

6118,-68634

6118,-67546

6118,-67094

6118,-67986

6118,-67770

6118,-65236

6118,-67560

6118,-65768

6118,-66324

6118,-65930

6118,-65488

6118,-66278

6118,-65314

6118,-66260

6118,-65212

6118,-65202

6118,-68218

6118,-64750

6118,-64912

6118,-65818

6118,-63192

6118,-62914

6118,-61630

6118,-62508

6118,-61380

6118,-61146

6118,-59810

6118,-61220

6118,-61730

6118,-60362

6118,-61606

6118,-61826

6118,-62056

6118,-61906

6118,-61736

6118,-63894

6118,-63650

6118,-63376

6118,-62576

6118,-62016

6118,-61392

6118,-59180

6118,-58416

6118,-59066

6118,-59052

6118,-59664

6118,-59332

6118,-60008

6118,-59836

6118,-56866

6118,-59976

6119,-58684

6119,-55452

6119,-54026

6119,-54610

6119,-54030

6119,-55216

6119,-52324

6119,-52740

6119,-54524

6119,-52600

6119,-54144

6119,-52742

6119,-53616

6119,-53294

6119,-51652

6119,-52000

6119,-51944

6119,-52598

6119,-51316

6119,-51792

6119,-52582

6119,-51150

6119,-49576

6119,-50634

6119,-50882

6119,-49168

6119,-49972

6119,-48546

6119,-48426

6119,-51224

6119,-51302

6119,-49944

6119,-47698

6119,-49870

6119,-47300

6119,-47574

6119,-48936

6121,-49778

6121,-49754

6121,-48752

6121,-46732

6121,-46564

6121,-46674

6121,-45786

6121,-44074

6121,-42432

6121,-41516

6121,-45070

6121,-44974

6121,-47014

6121,-46604

6121,-46062

6121,-45216

6121,-43526

6121,-43230

6121,-43460

6121,-44712

6121,-44814

6121,-42932

6121,-45084

6121,-43342

6121,-44478

6121,-48782

6122,-44314

6122,-45082

6122,-42944

6122,-42760

6122,-44492

6122,-43932

6122,-42162

6122,-41254

6122,-41864

6122,-44226

6122,-42608

6122,-42080

6122,-45194

6122,-44452

6122,-44782

6122,-42714

6122,-43938

6122,-43382

6122,-41128

6122,-42938

6122,-45710

6122,-45024

6122,-43252

6122,-40846

6122,-41578

6122,-40654

6122,-39740

6122,-40992

6122,-41490

6122,-43538

6122,-43804

6122,-42184

6122,-44964

6122,-43272

6122,-43324

6122,-43202

6122,-42520

6122,-41864

6122,-43498

6122,-43852

6122,-41940

6122,-43040

6122,-42682

6122,-44002

6122,-42698

6122,-42746

6122,-43806

6122,-44010

6122,-43282

6122,-43454

6122,-42898

6122,-44498

6122,-44124

6122,-44796

6122,-45192

6122,-44020

6122,-43206

6122,-45456

6122,-44130

6122,-44658

6122,-45130

6122,-46682

6122,-45502

6122,-44944

6122,-45646

6123,-46132

6123,-46584

6123,-45824

6123,-44832

6123,-47266

6123,-47338

6123,-44876

6123,-44794

6123,-46698

6123,-47114

6123,-46508

6123,-48598

6123,-49022

6123,-48174

6123,-49406

6123,-48772

6123,-50348

6123,-49920

6123,-49258

6123,-48106

6123,-48182

6123,-49298

6123,-46362

6123,-47182

6123,-46854

6123,-48578

6123,-49696

6123,-52546

6123,-51770

6123,-51558

6123,-50930

6123,-49950

6123,-48720

6123,-49656

6123,-48574

6123,-51030

6123,-50726

6125,-48828

6125,-50860

6125,-49724

6125,-48634

6125,-47210

6125,-49070

6125,-49216

6125,-49778

6125,-50608

6125,-51672

6125,-50736

6125,-49974

6125,-49950

6125,-48478

6125,-51222

6125,-50768

6125,-50706

6125,-50696

6125,-48608

6125,-49218

6125,-48920

6125,-47528

6125,-47722

6125,-46664

6125,-48268

6125,-49574

6126,-49564

6126,-49844

6126,-48844

6126,-50590

6126,-51254

6126,-47670

6126,-48360

6126,-49050

6126,-48442

6126,-48044

6126,-46332

6126,-49434

6126,-48392

6126,-48880

6126,-47580

6126,-48286

6126,-47010

6126,-48564

6126,-47876

6126,-50066

6126,-48982

6126,-47392

6126,-48882

6126,-47092

6126,-46882

6126,-48126

6126,-48518

6126,-47954

6126,-45108

6126,-48068

6126,-48012

6126,-48840

6126,-47150

6126,-45082

6126,-45536

6126,-45870

6126,-46156

6126,-46856

6126,-46468

6126,-45764

6126,-47198

6126,-47642

6126,-47390

6126,-46804

6126,-47192

6126,-46612

6126,-45712

6126,-46758

6126,-45770

6126,-47062

6126,-47512

6126,-49262

6126,-47236

6126,-47906

6126,-49046

6126,-49162

6126,-49092

6126,-47418

6126,-47658

6126,-47372

6126,-46250

6126,-44758

6126,-44948

6126,-45468

6126,-46820

6127,-47654

6127,-48424

6127,-47590

6127,-47602

6127,-47484

6127,-48764

6127,-46584

6127,-46294

6127,-45098

6127,-47216

6127,-47898

6127,-48154

6127,-52060

6127,-49958

6127,-50226

6127,-49284

6127,-46134

6127,-47566

6127,-48832

6127,-51620

6127,-48358

6127,-49866

6127,-48344

6127,-49412

6127,-49208

6127,-49276

6127,-50764

6127,-49990

6127,-49910

6127,-49584

6127,-49490

6127,-48600

6127,-49996

6127,-51668

6127,-49034

6127,-50750

6127,-50120

6129,-50670

6129,-51748

6129,-49682

6129,-52296

6129,-52202

6129,-53106

6129,-50732

6129,-51432

6129,-51962

6129,-52112

6129,-53348

6129,-54106

6129,-52824

6129,-51858

6129,-49118

6129,-50728

6129,-51434

6129,-49530

6129,-49284

6129,-51116

6129,-49232

6129,-51092

6129,-51340

6129,-50694

6129,-50916

6129,-51514

6130,-50646

6130,-53524

6130,-53260

6130,-53392

6130,-50806

6130,-51412

6130,-50970

6130,-51388

6130,-53432

6130,-51118

6130,-51486

6130,-51634

6130,-50930

6130,-51324

6130,-47608

6130,-51562

6130,-52056

6130,-49970

6130,-50308

6130,-52058

6130,-50970

6130,-49756

6130,-54432

6130,-51488

6130,-50902

6130,-50954

6130,-51116

6130,-50362

6130,-49808

6130,-48202

6130,-49232

6130,-50554

6130,-47814

6130,-49288

6130,-47634

6130,-48078

6130,-45484

6130,-48324

6130,-48506

6130,-47608

6130,-48430

6130,-47318

6130,-46972

6130,-46668

6130,-45250

6130,-47072

6130,-44808

6130,-43320

6130,-45864

6130,-47180

6130,-47632

6130,-46906

6130,-47452

6130,-45616

6130,-45074

6130,-46458

6130,-44800

6130,-44346

6130,-44706

6130,-46352

6130,-47164

6130,-45124

6130,-46984

6130,-47222

6130,-43934

6131,-46110

6131,-45188

6131,-42848

6131,-46044

6131,-47494

6131,-45480

6131,-47506

6131,-46990

6131,-48986

6131,-47490

6131,-46346

6131,-47728

6131,-47600

6131,-46530

6131,-47400

6131,-45166

6131,-48772

6131,-50092

6131,-49824

6131,-48500

6131,-47574

6131,-50046

6131,-48956

6131,-50116

6131,-49980

6131,-49500

6131,-49630

6131,-47564

6131,-48112

6131,-50724

6131,-49430

6131,-48756

6131,-48600

6131,-49476

6131,-48544

6131,-45740

6131,-47378

6133,-46228

6133,-46658

6133,-48604

6133,-49488

6133,-48168

6133,-48874

6133,-50598

6133,-47756

6133,-48912

6133,-47970

6133,-48730

6133,-47708

6133,-50366

6133,-48456

6133,-49812

6133,-48876

6133,-51602

6133,-48496

6133,-49004

6133,-48866

6133,-47244

6133,-49046

6133,-49302

6133,-51934

6133,-48214

6133,-51830

6134,-53160

6134,-50156

6134,-50854

6134,-49698

6134,-50534

6134,-50042

6134,-51172

6134,-51002

6134,-50970

6134,-51016

6134,-50518

6134,-52958

6134,-50862

6134,-49444

6134,-50866

6134,-50122

6134,-49518

6134,-48366

6134,-48970

6134,-49994

6134,-49272

6134,-48978

6134,-50196

6134,-49860

6134,-51912

6134,-53998

6134,-50396

6134,-51290

6134,-52586

6134,-51610

6134,-52252

6134,-52118

6134,-50590

6134,-50574

6134,-50772

6134,-51792

6134,-49468

6134,-48138

6134,-49394

6134,-47672

6134,-49684

6134,-50632

6134,-52358

6134,-50910

6134,-50734

6134,-49456

6134,-50078

6134,-48958

6134,-49832

6134,-50964

6134,-49056

6134,-49914

6134,-46724

6134,-48518

6134,-49018

6134,-49578

6134,-47824

6134,-48792

6134,-46610

6134,-48636

6134,-48962

6134,-48444

6134,-48540

6134,-46292

6134,-47630

6135,-45976

6135,-46164

6135,-47008

6135,-46806

6135,-46542

6135,-45640

6135,-47734

6135,-47144

6135,-48946

6135,-47796

6135,-48596

6135,-49828

6135,-47512

6135,-49766

6135,-51364

6135,-49024

6135,-48998

6135,-50414

6135,-48608

6135,-48838

6135,-49042

6135,-46466

6135,-48914

6135,-49190

6135,-51992

6135,-51514

6135,-51698

6135,-52012

6135,-50874

6135,-51026

6135,-51632

6135,-51398

6135,-51074

6135,-49472

6135,-51414

6135,-51824

6135,-52244

6137,-51718

6137,-50630

6137,-51848

6137,-53360

6137,-52362

6137,-51178

6137,-50580

6137,-51122

6137,-50960

6137,-52550

6137,-52076

6137,-52048

6137,-53830

6137,-54090

6137,-54712

6137,-55436

6137,-56042

6137,-55690

6137,-54918

6137,-55038

6137,-55546

6137,-52242

6137,-52724

6137,-56324

6137,-52130

6137,-55326

6138,-55958

6138,-53456

6138,-52682

6138,-52404

6138,-55902

6138,-55268

6138,-55250

6138,-54774

6138,-52304

6138,-52644

6138,-52600

6138,-52930

6138,-52894

6138,-53188

6138,-54158

6138,-54612

6138,-54644

6138,-54858

6138,-52642

6138,-52538

6138,-53908

6138,-52300

6138,-54628

6138,-54478

6138,-51554

6138,-52346

6138,-53870

6138,-51790

6138,-52394

6138,-52024

6138,-53254

6138,-51772

6138,-52618

6138,-49956

6138,-49760

6138,-49806

6138,-48100

6138,-49350

6138,-50120

6138,-51562

6138,-51288

6138,-51122

6138,-50622

6138,-48056

6138,-49540

6138,-50004

6138,-48122

6138,-48390

6138,-45722

6138,-48800

6138,-47538

6138,-49288

6138,-49110

6138,-48082

6138,-48208

6138,-50320

6138,-48154

6138,-48904

6138,-47650

6138,-48664

6138,-49660

6138,-45264

6138,-46618

6138,-48448

6138,-49280

6139,-48624

6139,-48948

6139,-47866

6139,-46892

6139,-47462

6139,-47884

6139,-47438

6139,-49544

6139,-47834

6139,-47816

6139,-46708

6139,-47534

6139,-47396

6139,-48018

6139,-49490

6139,-48346

6139,-47716

6139,-48724

6139,-47908

6139,-48272

6139,-47078

6139,-49308

6139,-49308

6139,-48074

6139,-47680

6139,-47542

6139,-48678

6139,-50156

6139,-51530

6139,-48470

6139,-47286

6139,-51118

6139,-49430

6139,-48146

6139,-49782

6139,-48920

6139,-48508

6141,-46840

6141,-48050

6141,-47242

6141,-49188

6141,-52490

6141,-51110

6141,-48896

6141,-50112

6141,-47852

6141,-46952

6141,-48704

6141,-50070

6141,-50656

6141,-48594

6141,-48502

6141,-49914

6141,-46664

6141,-48134

6141,-48832

6141,-50424

6141,-48220

6141,-49894

6141,-51976

6141,-52922

6141,-53306

6141,-49802

6142,-50700

6142,-50600

6142,-48632

6142,-50166

6142,-49194

6142,-51644

6142,-50772

6142,-51208

6142,-51088

6142,-49312

6142,-50510

6142,-49646

6142,-50236

6142,-48656

6142,-49098

6142,-50666

6142,-50038

6142,-50144

6142,-48524

6142,-49524

6142,-50558

6142,-50448

6142,-51064

6142,-53884

6142,-50564

6142,-53062

6142,-50976

6142,-50632

6142,-51944

6142,-50662

6142,-49416

6142,-50902

6142,-50922

6142,-50470

6142,-51570

6142,-51272

6142,-52446

6142,-48720

6142,-48582

6142,-49012

6142,-48366

6142,-49476

6142,-49570

6142,-50330

6142,-50524

6142,-50104

6142,-49858

6142,-48952

6142,-50226

6142,-48006

6142,-51224

6142,-51406

6142,-50008

6142,-50688

6142,-49004

6142,-50062

6142,-49080

6142,-48604

6142,-46318

6142,-47632

6142,-47918

6142,-46300

6142,-44346

6142,-45498

6142,-46518

6143,-45516

6143,-45484

6143,-46614

6143,-46796

6143,-45954

6143,-44838

6143,-46442

6143,-46348

6143,-48326

6143,-47400

6143,-47420

6143,-44664

6143,-47436

6143,-43662

6143,-41330

6143,-44090

6143,-41562

6143,-41020

6143,-40666

6143,-44580

6143,-41696

6143,-43262

6143,-41734

6143,-43162

6143,-46474

6143,-42440

6143,-43860

6143,-43758

6143,-43970

6143,-44212

6143,-43056

6143,-43636

6143,-42222

6143,-41896

6143,-43720

6143,-45806

6143,-44242

6145,-43602

6145,-43668

6145,-44408

6145,-45012

6145,-44022

6145,-44140

6145,-46012

6145,-45454

6145,-42766

6145,-41458

6145,-46506

6145,-42506

6145,-45480

6145,-45044

6145,-44014

6145,-44480

6145,-43048

6145,-43516

6145,-45208

6145,-46436

6145,-44452

6145,-44190

6145,-46182

6145,-45126

6145,-45372

6145,-43576

6146,-44266

6146,-45006

6146,-43674

6146,-44630

6146,-44270

6146,-43420

6146,-43514

6146,-43308

6146,-44656

6146,-43576

6146,-46334

6146,-42820

6146,-43336

6146,-42888

6146,-43128

6146,-43706

6146,-44620

6146,-43062

6146,-42158

6146,-42702

6146,-40568

6146,-45320

6146,-44110

6146,-45556

6146,-43040

6146,-42608

6146,-41398

6146,-41262

6146,-41798

6146,-42068

6146,-41410

6146,-42114

6146,-42118

6146,-44270

6146,-45580

6146,-42718

6146,-39958

6146,-44020

6146,-43708

6146,-44400

6146,-43402

6146,-45246

6146,-43946

6146,-44914

6146,-43352

6146,-43730

6146,-45250

6146,-43600

6146,-48236

6146,-46602

6146,-49358

6146,-45480

6146,-47336

6146,-46938

6146,-45134

6146,-45986

6146,-46894

6146,-47750

6146,-46092

6146,-46124

6146,-47424

6146,-46378

6146,-47072

6146,-45014

6146,-44600

6147,-45432

6147,-43728

6147,-43918

6147,-41638

6147,-42032

6147,-44444

6147,-43204

6147,-41704

6147,-42098

6147,-40130

6147,-42432

6147,-42448

6147,-42048

6147,-41806

6147,-41504

6147,-38708

6147,-41100

6147,-40012

6147,-39216

6147,-39310

6147,-39610

6147,-40562

6147,-40658

6147,-39788

6147,-39756

6147,-40496

6147,-40742

6147,-40148

6147,-40184

6147,-40080

6147,-37938

6147,-40934

6147,-38750

6147,-38880

6147,-38606

6147,-39484

6147,-38438

6149,-37742

6149,-37840

6149,-39722

6149,-40488

6149,-39392

6149,-41072

6149,-39270

6149,-39444

6149,-36690

6149,-37856

6149,-37144

6149,-38762

6149,-38614

6149,-40110

6149,-40690

6149,-38750

6149,-39650

6149,-38894

6149,-37396

6149,-38864

6149,-40132

6149,-40430

6149,-38078

6149,-40790

6149,-40190

6149,-38282

6150,-39304

6150,-37320

6150,-35264

6150,-36442

6150,-37020

6150,-38772

6150,-37002

6150,-38752

6150,-38036

6150,-37440

6150,-37286

6150,-39690

6150,-37158

6150,-39642

6150,-38238

6150,-36206

6150,-38326

6150,-35178

6150,-35846

6150,-35044

6150,-35922

6150,-35786

6150,-34872

6150,-34906

6150,-37706

6150,-38016

6150,-38408

6150,-36270

6150,-36140

6150,-36036

6150,-33918

6150,-38040

6150,-36944

6150,-37700

6150,-37176

6150,-38458

6150,-37498

6150,-35118

6150,-35880

6150,-35266

6150,-36822

6150,-36698

6150,-36552

6150,-36144

6150,-37826

6150,-37904

6150,-38978

6150,-36228

6150,-39140

6150,-40906

6150,-37400

6150,-36472

6150,-36640

6150,-35230

6150,-35770

6150,-34376

6150,-37680

6150,-34468

6150,-36074

6150,-35932

6150,-37774

6150,-38254

6150,-37126

6150,-35020

6150,-36708

6151,-35486

6151,-36826

6151,-36490

6151,-37558

6151,-37510

6151,-37106

6151,-37542

6151,-36798

6151,-33938

6151,-35124

6151,-35268

6151,-34998

6151,-35788

6151,-34814

6151,-33372

6151,-32722

6151,-32032

6151,-31748

6151,-33886

6151,-34390

6151,-30328

6151,-29034

6151,-31254

6151,-31792

6151,-30666

6151,-29484

6151,-28012

6151,-30098

6151,-31244

6151,-31614

6151,-33094

6151,-30226

6151,-30228

6151,-31090

6151,-29546

6151,-33126

6151,-33938

6153,-33350

6153,-33814

6153,-33796

6153,-34234

6153,-31786

6153,-31288

6153,-33752

6153,-31498

6153,-32996

6153,-33602

6153,-31962

6153,-31976

6153,-31492

6153,-32768

6153,-32838

6153,-32990

6153,-32324

6153,-36266

6153,-36386

6153,-34816

6153,-32436

6153,-36576

6153,-36072

6153,-35406

6153,-36632

6153,-35426

6154,-34936

6154,-34892

6154,-34540

6154,-35488

6154,-35104

6154,-32866

6154,-34622

6154,-36592

6154,-36094

6154,-35360

6154,-33308

6154,-34264

6154,-33542

6154,-36008

6154,-32816

6154,-34848

6154,-34930

6154,-38030

6154,-37850

6154,-39162

6154,-37784

6154,-37200

6154,-39588

6154,-38902

6154,-37738

6154,-38316

6154,-36536

6154,-35498

6154,-34404

6154,-35186

6154,-34832

6154,-37138

6154,-37230

6154,-38582

6154,-38196

6154,-39982

6154,-40626

6154,-41580

6154,-40770

6154,-40274

6154,-39988

6154,-41646

6154,-40588

6154,-41670

6154,-44058

6154,-41296

6154,-43494

6154,-44128

6154,-44096

6154,-42460

6154,-43642

6154,-44092

6154,-44190

6154,-45620

6154,-46386

6154,-44948

6154,-43184

6154,-44026

6154,-45730

6154,-44136

6154,-46066

6154,-45892

6154,-44484

6154,-44214

6154,-44694

6155,-45360

6155,-42710

6155,-42936

6155,-42036

6155,-42970

6155,-42414

6155,-42850

6155,-44162

6155,-44918

6155,-43936

6155,-42380

6155,-40336

6155,-41122

6155,-41450

6155,-40912

6155,-39158

6155,-39462

6155,-39738

6155,-39098

6155,-39356

6155,-38750

6155,-39424

6155,-37368

6155,-37792

6155,-39044

6155,-34860

6155,-37422

6155,-36412

6155,-37758

6155,-37726

6155,-33446

6155,-38754

6155,-37496

6155,-37088

6155,-38310

6155,-37242

6155,-37586

6157,-36702

6157,-37880

6157,-36932

6157,-38202

6157,-38662

6157,-38994

6157,-39800

6157,-38486

6157,-38222

6157,-35868

6157,-36790

6157,-38798

6157,-39078

6157,-39570

6157,-38250

6157,-38104

6157,-39922

6157,-39692

6157,-39692

6157,-38208

6157,-38398

6157,-37708

6157,-39242

6157,-37758

6157,-37634

6157,-37470

6158,-36976

6158,-37446

6158,-39634

6158,-39450

6158,-39208

6158,-38612

6158,-38194

6158,-42174

6158,-42076

6158,-40518

6158,-39516

6158,-38788

6158,-36818

6158,-36864

6158,-36090

6158,-37970

6158,-35880

6158,-36906

6158,-38524

6158,-36482

6158,-37658

6158,-41040

6158,-40108

6158,-38840

6158,-39298

6158,-39536

6158,-39088

6158,-37036

6158,-40136

6158,-38284

6158,-38422

6158,-36720

6158,-39722

6158,-37644

6158,-39618

6158,-37112

6158,-35684

6158,-38252

6158,-36418

6158,-38258

6158,-40662

6158,-37156

6158,-35088

6158,-35048

6158,-37376

6158,-36504

6158,-34080

6158,-33790

6158,-33826

6158,-34212

6158,-33548

6158,-32794

6158,-33698

6158,-35476

6158,-32774

6158,-33740

6158,-32724

6158,-33056

6158,-32338

6158,-30996

6158,-31946

6158,-28528

6158,-30768

6158,-32320

6158,-31302

6159,-30814

6159,-32596

6159,-27722

6159,-28336

6159,-29470

6159,-28732

6159,-26834

6159,-26344

6159,-25766

6159,-25784

6159,-26608

6159,-25558

6159,-25620

6159,-24048

6159,-24028

6159,-25410

6159,-24146

6159,-27940

6159,-27486

6159,-26996

6159,-26660

6159,-25836

6159,-26220

6159,-22104

6159,-23688

6159,-23020

6159,-23902

6159,-23822

6159,-22542

6159,-22328

6159,-20894

6159,-20526

6159,-20400

6159,-21726

6159,-21516

6159,-21338

6159,-21302

6161,-22688

6161,-22252

6161,-21272

6161,-21670

6161,-18312

6161,-17246

6161,-19198

6161,-20482

6161,-18572

6161,-19686

6161,-18350

6161,-18102

6161,-18198

6161,-19152

6161,-19292

6161,-19196

6161,-17110

6161,-18722

6161,-15606

6161,-16106

6161,-15058

6161,-15024

6161,-15974

6161,-14398

6161,-13826

6161,-14914

6162,-15000

6162,-18490

6162,-14486

6162,-14596

6162,-16654

6162,-13418

6162,-15984

6162,-13922

6162,-11274

6162,-10616

6162,-12866

6162,-14236

6162,-16222

6162,-14716

6162,-13786

6162,-13612

6162,-13282

6162,-15062

6162,-14432

6162,-16198

6162,-13848

6162,-14010

6162,-15888

6162,-14316

6162,-14366

6162,-13634

6162,-17028

6162,-13950

6162,-14524

6162,-17058

6162,-15528

6162,-14912

6162,-13052

6162,-15060

6162,-14302

6162,-13088

6162,-13542

6162,-11708

6162,-11852

6162,-10636

6162,-10696

6162,-11432

6162,-10452

6162,-10876

6162,-9158

6162,-9704

6162,-12482

6162,-11736

6162,-13122

6162,-11794

6162,-13756

6162,-14190

6162,-12624

6162,-12526

6162,-12076

6162,-12152

6162,-13260

6162,-12668

6162,-12568

6162,-15306

6162,-16236

6162,-14486

6162,-15644

6162,-15964

6162,-16788

6163,-15054

6163,-15892

6163,-14132

6163,-16212

6163,-16170

6163,-16618

6163,-16638

6163,-16048

6163,-15168

6163,-12510

6163,-17558

6163,-15486

6163,-15910

6163,-15034

6163,-16458

6163,-17644

6163,-19812

6163,-18970

6163,-18054

6163,-19404

6163,-18118

6163,-17394

6163,-17022

6163,-17656

6163,-16966

6163,-16748

6163,-16194

6163,-15170

6163,-16870

6163,-14646

6163,-15658

6163,-16516

6163,-18524

6163,-15916

6163,-15920

6163,-17620

6163,-17706

6165,-15574

6165,-16588

6165,-15188

6165,-15520

6165,-17258

6165,-15436

6165,-14756

6165,-16312

6165,-17444

6165,-17098

6165,-16960

6165,-16624

6165,-17714

6165,-15914

6165,-17386

6165,-18276

6165,-18034

6165,-15512

6165,-15430

6165,-15662

6165,-19206

6165,-18728

6165,-17372

6165,-18114

6165,-20976

6165,-20052

6166,-18912

6166,-19520

6166,-20308

6166,-20364

6166,-20988

6166,-19196

6166,-21688

6166,-22468

6166,-21730

6166,-21442

6166,-22746

6166,-21424

6166,-21706

6166,-19286

6166,-21580

6166,-24272

6166,-22146

6166,-22170

6166,-20542

6166,-23844

6166,-21452

6166,-23212

6166,-22778

6166,-21968

6166,-20286

6166,-23068

6166,-24696

6166,-23106

6166,-23898

6166,-21090

6166,-20734

6166,-23494

6166,-24112

6166,-21850

6166,-20500

6166,-22782

6166,-23446

6166,-22650

6166,-22336

6166,-21120

6166,-20274

6166,-21794

6166,-20422

6166,-20176

6166,-22156

6166,-19682

6166,-18704

6166,-18024

6166,-20274

6166,-20234

6166,-20244

6166,-19724

6166,-18148

6166,-18850

6166,-17792

6166,-19584

6166,-19966

6166,-19468

6166,-17710

6166,-17422

6166,-17634

6166,-16784

6166,-15498

6166,-15776

6166,-16346

6167,-15528

6167,-16774

6167,-17104

6167,-17822

6167,-15652

6167,-17260

6167,-17998

6167,-16396

6167,-17450

6167,-14678

6167,-15096

6167,-15630

6167,-13586

6167,-14636

6167,-13734

6167,-12544

6167,-14630

6167,-15360

6167,-13144

6167,-14438

6167,-12688

6167,-12680

6167,-12050

6167,-10132

6167,-9432

6167,-11080

6167,-11198

6167,-11896

6167,-10918

6167,-10934

6167,-11886

6167,-11874

6167,-13302

6167,-12446

6167,-13496

6167,-10906

6167,-10524

6169,-10638

6169,-10362

6169,-10310

6169,-9734

6169,-13298

6169,-12758

6169,-11926

6169,-13316

6169,-16732

6169,-15340

6169,-12326

6169,-12284

6169,-11396

6169,-8628

6169,-8748

6169,-10362

6169,-8944

6169,-10292

6169,-13956

6169,-12606

6169,-13766

6169,-12628

6169,-13142

6169,-13374

6169,-11340

6169,-10394

6170,-8786

6170,-10146

6170,-10308

6170,-10178

6170,-10526

6170,-7602

6170,-8344

6170,-5422

6170,-8806

6170,-6170

6170,-7722

6170,-9910

6170,-9010

6170,-8428

6170,-7430

6170,-10536

6170,-10494

6170,-10488

6170,-6858

6170,-5428

6170,-6860

6170,-8388

6170,-6404

6170,-9128

6170,-7598

6170,-10082

6170,-8304

6170,-5936

6170,-6382

6170,-6384

6170,-6988

6170,-3006

6170,-2536

6170,-1050

6170,-3982

6170,-6844

6170,-3498

6170,-1270

6170,-3040

6170,-1104

6170,-4200

6170,-2056

6170,-3256

6170,-656

6170,-668

6170,-216

6170,-360

6170,3240

6170,1026

6170,-348

6170,-2214

6170,-622

6170,-1746

6170,-2154

6170,598

6170,164

6170,3222

6170,-2272

6170,2960

6170,2888

6170,1666

6170,3032

6170,4826

6170,3498

6170,3206

6171,1106

6171,876

6171,4550

6171,2724

6171,3608

6171,3450

6171,2852

6171,978

6171,2556

6171,4912

6171,4218

6171,6496

6171,4652

6171,4976

6171,3200

6171,5630

6171,8174

6171,6776

6171,5412

6171,5716

6171,5680

6171,8386

6171,7658

6171,7450

6171,8182

6171,6902

6171,7340

6171,8934

6171,7422

6171,8052

6171,9908

6171,7166

6171,7772

6171,8998

6171,9630

6171,10182

6171,8542

6173,8202

6173,11740

6173,9202

6173,10122

6173,10668

6173,10852

6173,11746

6173,11528

6173,10364

6173,10464

6173,12176

6173,11236

6173,13218

6173,12684

6173,12100

6173,12588

6173,11002

6173,12044

6173,14234

6173,14778

6173,15066

6173,14538

6173,15396

6173,14382

6173,14274

6173,13264

6174,15060

6174,12862

6174,12452

6174,14722

6174,16140

6174,17034

6174,14016

6174,10908

6174,15152

6174,12318

6174,14320

6174,13924

6174,14526

6174,12966

6174,14988

6174,13976

6174,12496

6174,13362

6174,14370

6174,14520

6174,14880

6174,13262

6174,16636

6174,15658

6174,14390

6174,15502

6174,15930

6174,13144

6174,13770

6174,13930

6174,15162

6174,15548

6174,15392

6174,14200

6174,16800

6174,15414

6174,16702

6174,19426

6174,15580

6174,15148

6174,17092

6174,14968

6174,14934

6174,14708

6174,15106

6174,13908

6174,10436

6174,12118

6174,11672

6174,13658

6174,12734

6174,14742

6174,14174

6174,13588

6174,13452

6174,12674

6174,11970

6174,14354

6174,12798

6174,13648

6174,14018

6174,17360

6174,14350

6174,14378

6174,13658

6175,12012

6175,11484

6175,9202

6175,12538

6175,13740

6175,14282

6175,14580

6175,15596

6175,13290

6175,15892

6175,14508

6175,15288

6175,16210

6175,13770

6175,12900

6175,15978

6175,14098

6175,15904

6175,13934

6175,16548

6175,16336

6175,13862

6175,16716

6175,17534

6175,17668

6175,16138

6175,16038

6175,17472

6175,15990

6175,15766

6175,14776

6175,13618

6175,12336

6175,11702

6175,10876

6175,14260

6175,14634

6177,16504

6177,17546

6177,15958

6177,16408

6177,16598

6177,15696

6177,16794

6177,15998

6177,15716

6177,14210

6177,16416

6177,18532

6177,18626

6177,17624

6177,19262

6177,17268

6177,16848

6177,13396

6177,11784

6177,15772

6177,14058

6177,15214

6177,16348

6177,17096

6177,15818

6177,15700

6178,16854

6178,15220

6178,15344

6178,14324

6178,13358

6178,16796

6178,16468

6178,14974

6178,18028

6178,16156

6178,16556

6178,14980

6178,14732

6178,16928

6178,15832

6178,14308

6178,14656

6178,14814

6178,14424

6178,17500

6178,13542

6178,11912

6178,13918

6178,14240

6178,15204

6178,13050

6178,14766

6178,14252

6178,16520

6178,17582

6178,17014

6178,16982

6178,14596

6178,13820

6178,14526

6178,16894

6178,15566

6178,12278

6178,13446

6178,13652

6178,9958

6178,11136

6178,14388

6178,13962

6178,15056

6178,13388

6178,12132

6178,13100

6178,14390

6178,12904

6178,13356

6178,11498

6178,12674

6178,14558

6178,11510

6178,13712

6178,11596

6178,14050

6178,13992

6178,11594

6178,10330

6178,10560

6178,13130

6178,12152

6178,11504

6179,9748

6179,14670

6179,16246

6179,15908

6179,14088

6179,14542

6179,11970

6179,10604

6179,12560

6179,10012

6179,10944

6179,16362

6179,16952

6179,15804

6179,14144

6179,15014

6179,14000

6179,15384

6179,14006

6179,15580

6179,15590

6179,18068

6179,16098

6179,17932

6179,16484

6179,16806

6179,18170

6179,20238

6179,17780

6179,16672

6179,17870

6179,17688

6179,15154

6179,16536

6179,14322

6179,13474

6179,14786

6181,13802

6181,11714

6181,10414

6181,10758

6181,10126

6181,11822

6181,10784

6181,11530

6181,12472

6181,10622

6181,13352

6181,14250

6181,12386

6181,11060

6181,14158

6181,13566

6181,12922

6181,13160

6181,9632

6181,10342

6181,9444

6181,10602

6181,9356

6181,8502

6181,8766

6181,7932

6182,9204

6182,9676

6182,7558

6182,7654

6182,9054

6182,7586

6182,9734

6182,8104

6182,7854

6182,9882

6182,8112

6182,7722

6182,10196

6182,10358

6182,11278

6182,10632

6182,9134

6182,11002

6182,8804

6182,5990

6182,7416

6182,7206

6182,6918

6182,8290

6182,5050

6182,7232

6182,6412

6182,9190

6182,5812

6182,4920

6182,5770

6182,4140

6182,5892

6182,4114

6182,5866

6182,6112

6182,6428

6182,7198

6182,6374

6182,5672

6182,6840

6182,10762

6182,7480

6182,8102

6182,6614

6182,5348

6182,6950

6182,5480

6182,7374

6182,6310

6182,5226

6182,5482

6182,7610

6182,11128

6182,9236

6182,10418

6182,9206

6182,8058

6182,9178

6182,8838

6182,9116

6182,9738

6182,9968

6182,11224

6182,9526

6183,7054

6183,7696

6183,7442

6183,6244

6183,10152

6183,8638

6183,8250

6183,9776

6183,9574

6183,8820

6183,7408

6183,9238

6183,8020

6183,9648

6183,9478

6183,10066

6183,8270

6183,9188

6183,8644

6183,10918

6183,10004

6183,8894

6183,10610

6183,11720

6183,10632

6183,11124

6183,8792

6183,8584

6183,10082

6183,9498

6183,11814

6183,9394

6183,12738

6183,10424

6183,8772

6183,10662

6183,7660

6185,10354

6185,8076

6185,10030

6185,8976

6185,12660

6185,13892

6185,12354

6185,11594

6185,10302

6185,10364

6185,8582

6185,12896

6185,10966

6185,11366

6185,10260

6185,9968

6185,13714

6185,12248

6185,12284

6185,11782

6185,11390

6185,13396

6185,9936

6185,9524

6185,8896

6185,10306

6186,10706

6186,9666

6186,12578

6186,11498

6186,7772

6186,9364

6186,8386

6186,11012

6186,13012

6186,14556

6186,13824

6186,12458

6186,13280

6186,12646

6186,11698

6186,12276

6186,11356

6186,11710

6186,11976

6186,11154

6186,11370

6186,10862

6186,10182

6186,10030

6186,11852

6186,11684

6186,12024

6186,11314

6186,12726

6186,10564

6186,12566

6186,13178

6186,11794

6186,13564

6186,13976

6186,9740

6186,12822

6186,12184

6186,12766

6186,14074

6186,14126

6186,14428

6186,12664

6186,13744

6186,13192

6186,11144

6186,10322

6186,7936

6186,8996

6186,9650

6186,8138

6186,10402

6186,11104

6186,12226

6186,11432

6186,10194

6186,12666

6186,12148

6186,12474

6186,10244

6186,11078

6186,13558

6186,12070

6186,13246

6186,15234

6187,12508

6187,12978

6187,14362

6187,12696

6187,12666

6187,12964

6187,12248

6187,11828

6187,13110

6187,14806

6187,11216

6187,11854

6187,11320

6187,11058

6187,10812

6187,11450

6187,13750

6187,14072

6187,14810

6187,14708

6187,16990

6187,15944

6187,16710

6187,15124

6187,14996

6187,13250

6187,13110

6187,12246

6187,10306

6187,10518

6187,8502

6187,11856

6187,11734

6187,12716

6187,12550

6187,11750

6187,9876

6189,9916

6189,12206

6189,11944

6189,13446

6189,12126

6189,11024

6189,12264

6189,10132

6189,11184

6189,10988

6189,9800

6189,10372

6189,9290

6189,11098

6189,11332

6189,14128

6189,13486

6189,13656

6189,11402

6189,12240

6189,13910

6189,11074

6189,11212

6189,11126

6189,9524

6189,11592

6190,10540

6190,10896

6190,10554

6190,11008

6190,10498

6190,11784

6190,13762

6190,14114

6190,16830

6190,13852

6190,14874

6190,15102

6190,13074

6190,9730

6190,11832

6190,12408

6190,9506

6190,11254

6190,9648

6190,9124

6190,8948

6190,9204

6190,10978

6190,11042

6190,12002

6190,13000

6190,11832

6190,8290

6190,10100

6190,11542

6190,8164

6190,8840

6190,9812

6190,12242

6190,11436

6190,12738

6190,13340

6190,14040

6190,11938

6190,12752

6190,13064

6190,12276

6190,11002

6190,12362

6190,10668

6190,11540

6190,12446

6190,11294

6190,12004

6190,10964

6190,13622

6190,12314

6190,11592

6190,12000

6190,11050

6190,8840

6190,12594

6190,10216

6190,10000

6190,10910

6190,12940

6190,9602

6190,11486

6190,10330

6190,10246

6191,9458

6191,10548

6191,12306

6191,12516

6191,14166

6191,14122

6191,11858

6191,12646

6191,14646

6191,14278

6191,13472

6191,13206

6191,16740

6191,16792

6191,17422

6191,16904

6191,16800

6191,14734

6191,14524

6191,14788

6191,14580

6191,13234

6191,14028

6191,15630

6191,13174

6191,13268

6191,14730

6191,16010

6191,14418

6191,14792

6191,12370

6191,14294

6191,15570

6191,15656

6191,13086

6191,12538

6191,14944

6193,12062

6193,13384

6193,13110

6193,12482

6193,15266

6193,14180

6193,14430

6193,14422

6193,13940

6193,11496

6193,14232

6193,17030

6193,17604

6193,17598

6193,13930

6193,15482

6193,18376

6193,17470

6193,17956

6193,15272

6193,12168

6193,12930

6193,13380

6193,11538

6193,16170

6193,13348

6194,14296

6194,11986

6194,13236

6194,12332

6194,13050

6194,14298

6194,14776

6194,15926

6194,12932

6194,14322

6194,16038

6194,13928

6194,12918

6194,11234

6194,10898

6194,11736

6194,15018

6194,14766

6194,13166

6194,14426

6194,16012

6194,16728

6194,15678

6194,17174

6194,16408

6194,16350

6194,15872

6194,16026

6194,15382

6194,13530

6194,13218

6194,14724

6194,15278

6194,15082

6194,16130

6194,16302

6194,16880

6194,15476

6194,15638

6194,17584

6194,17522

6194,14494

6194,15440

6194,16780

6194,15416

6194,14602

6194,16674

6194,16240

6194,15414

6194,15174

6194,13482

6194,13516

6194,15994

6194,17282

6194,16300

6194,15302

6194,18120

6194,20890

6194,18016

6194,18218

6194,16804

6194,18746

6194,18376

6194,18688

6194,19368

6195,17590

6195,19904

6195,16898

6195,18732

6195,17720

6195,18514

6195,17932

6195,15234

6195,17688

6195,17748

6195,16658

6195,16862

6195,18406

6195,18498

6195,15848

6195,13282

6195,13766

6195,14858

6195,16254

6195,16510

6195,14330

6195,15744

6195,14434

6195,12280

6195,16476

6195,14286

6195,18154

6195,16510

6195,17436

6195,16282

6195,14754

6195,15064

6195,16676

6195,15156

6195,16438

6195,14974

6195,14588

6197,14812

6197,14016

6197,15958

6197,15560

6197,14714

6197,13508

6197,11846

6197,13718

6197,12730

6197,14174

6197,12522

6197,11822

6197,12274

6197,12156

6197,10296

6197,13236

6197,12596

6197,11360

6197,14514

6197,11824

6197,12942

6197,10918

6197,9618

6197,10060

6197,10586

6197,10832

6198,10648

6198,9520

6198,10876

6198,8220

6198,11880

6198,11612

6198,11472

6198,11718

6198,11706

6198,9970

6198,8566

6198,7510

6198,8610

6198,7488

6198,9724

6198,6312

6198,7292

6198,9130

6198,6044

6198,6684

6198,5416

6198,4938

6198,6782

6198,5278

6198,5072

6198,3918

6198,7072

6198,4788

6198,4360

6198,4640

6198,3182

6198,6662

6198,3138

6198,4922

6198,3506

6198,1166

6198,5280

6198,2840

6198,790

6198,2316

6198,2272

6198,976

6198,1962

6198,2914

6198,1120

6198,1180

6198,2242

6198,1608

6198,1596

6198,3588

6198,3816

6198,2640

6198,1874

6198,680

6198,694

6198,1322

6198,2324

6198,636

6198,1460

6198,802

6198,-410

6198,1884

6198,-3294

6198,474

6198,470

6199,942

6199,1732

6199,-134

6199,-176

6199,-3418

6199,-2370

6199,-1192

6199,338

6199,-1664

6199,-3882

6199,-1866

6199,-1532

6199,-1792

6199,-2184

6199,-316

6199,-1530

6199,-2494

6199,-1184

6199,-238

6199,-1460

6199,-3032

6199,-368

6199,-1510

6199,-1182

6199,1740

6199,1868

6199,-1076

6199,810

6199,-1394

6199,-844

6199,-2782

6199,-306

6199,-2148

6199,-1528

6199,772

6199,-774

6199,-492

6201,-4590

6201,-3824

6201,-3184

6201,-6986

6201,-3664

6201,-2572

6201,-5194

6201,-7582

6201,-6750

6201,-6430

6201,-5548

6201,-7526

6201,-6172

6201,-5132

6201,-8168

6201,-8704

6201,-7796

6201,-8748

6201,-7964

6201,-7432

6201,-5210

6201,-6772

6201,-8160

6201,-6074

6201,-8450

6201,-5040

6202,-7040

6202,-6190

6202,-6962

6202,-5008

6202,-2888

6202,-4518

6202,-5758

6202,-8938

6202,-9696

6202,-5580

6202,-9404

6202,-9726

6202,-7864

6202,-10382

6202,-8762

6202,-7502

6202,-9852

6202,-9600

6202,-8478

6202,-11276

6202,-13304

6202,-12500

6202,-13634

6202,-16406

6202,-12620

6202,-13044

6202,-12114

6202,-11252

6202,-12882

6202,-12920

6202,-11342

6202,-13728

6202,-16372

6202,-14160

6202,-13104

6202,-15542

6202,-12422

6202,-12798

6202,-15172

6202,-14454

6202,-16076

6202,-16492

6202,-14850

6202,-17032

6202,-15558

6202,-13596

6202,-17222

6202,-17936

6202,-17042

6202,-19156

6202,-17612

6202,-18956

6202,-16636

6202,-18152

6202,-18948

6202,-18398

6202,-19254

6202,-19772

6202,-21358

6202,-21488

6202,-23686

6202,-23324

6202,-24842

6202,-26182

6202,-22390

6203,-23472

6203,-25898

6203,-23964

6203,-25182

6203,-23296

6203,-24772

6203,-24818

6203,-26122

6203,-27224

6203,-25662

6203,-27958

6203,-27032

6203,-28840

6203,-29964

6203,-28628

6203,-31190

6203,-30540

6203,-30744

6203,-32074

6203,-32052

6203,-32730

6203,-31462

6203,-31042

6203,-31144

6203,-30086

6203,-28572

6203,-31220

6203,-29950

6203,-29672

6203,-32626

6203,-32754

6203,-32710

6203,-31552

6203,-34586

6203,-33596

6203,-33162

6203,-34234

6205,-34944

6205,-33520

6205,-35196

6205,-39152

6205,-38932

6205,-38140

6205,-36312

6205,-36698

6205,-36614

6205,-37700

6205,-37474

6205,-36320

6205,-36916

6205,-36418

6205,-38124

6205,-34934

6205,-36402

6205,-38256

6205,-39096

6205,-38270

6205,-38154

6205,-37762

6205,-35204

6205,-39464

6205,-40766

6205,-37124

6206,-41130

6206,-41362

6206,-40870

6206,-41028

6206,-42386

6206,-42668

6206,-43816

6206,-43706

6206,-43098

6206,-42474

6206,-42618

6206,-41026

6206,-42186

6206,-45242

6206,-45610

6206,-45422

6206,-45628

6206,-43174

6206,-43196

6206,-45878

6206,-44192

6206,-48352

6206,-47472

6206,-47954

6206,-49232

6206,-47400

6206,-48248

6206,-49382

6206,-50764

6206,-50030

6206,-50104

6206,-48220

6206,-46942

6206,-50840

6206,-47322

6206,-49524

6206,-48374

6206,-50458

6206,-51336

6206,-47972

6206,-51302

6206,-51642

6206,-49312

6206,-54598

6206,-55226

6206,-54578

6206,-54616

6206,-54520

6206,-52156

6206,-54592

6206,-51824

6206,-53322

6206,-55142

6206,-55408

6206,-56838

6206,-53962

6206,-54186

6206,-57690

6206,-57092

6206,-59686

6206,-60540

6206,-58586

6206,-59160

6206,-57788

6206,-59232

6207,-60278

6207,-56722

6207,-58962

6207,-60364

6207,-59306

6207,-58850

6207,-60014

6207,-60366

6207,-62320

6207,-61998

6207,-64242

6207,-61958

6207,-63438

6207,-65550

6207,-63672

6207,-65590

6207,-66278

6207,-66910

6207,-69004

6207,-67342

6207,-66880

6207,-67688

6207,-68032

6207,-68516

6207,-65306

6207,-65648

6207,-67246

6207,-68746

6207,-67554

6207,-68162

6207,-69660

6207,-68242

6207,-67594

6207,-67336

6207,-71086

6207,-69334

6207,-70714

6209,-71996

6209,-70482

6209,-69802

6209,-71382

6209,-71150

6209,-69426

6209,-68864

6209,-70350

6209,-68516

6209,-69362

6209,-70260

6209,-71816

6209,-71796

6209,-71138

6209,-73144

6209,-71538

6209,-68674

6209,-69012

6209,-67100

6209,-71548

6209,-71700

6209,-71172

6209,-73810

6209,-71668

6209,-72042

6209,-71156

6210,-70716

6210,-72116

6210,-72972

6210,-71308

6210,-70174

6210,-71280

6210,-71898

6210,-72486

6210,-71862

6210,-72650

6210,-72680

6210,-71592

6210,-71572

6210,-76148

6210,-75018

6210,-72366

6210,-73436

6210,-72124

6210,-72214

6210,-71894

6210,-73952

6210,-75166

6210,-74224

6210,-75202

6210,-73238

6210,-71230

6210,-73616

6210,-73000

6210,-72714

6210,-71736

6210,-70986

6210,-73782

6210,-73986

6210,-74058

6210,-74552

6210,-74444

6210,-73720

6210,-74076

6210,-75394

6210,-73530

6210,-76006

6210,-75908

6210,-75416

6210,-77126

6210,-75540

6210,-75032

6210,-74998

6210,-74796

6210,-78568

6210,-77404

6210,-76982

6210,-74916

6210,-76406

6210,-76856

6210,-78120

6210,-76372

6210,-78570

6210,-77014

6210,-78006

6210,-79860

6210,-78090

6210,-78688

6210,-78358

6210,-78834

6210,-79950

6211,-78210

6211,-80430

6211,-78648

6211,-80360

6211,-80066

6211,-81390

6211,-82760

6211,-81838

6211,-81466

6211,-84336

6211,-83852

6211,-85370

6211,-85388

6211,-85230

6211,-87372

6211,-87830

6211,-85944

6211,-86402

6211,-86542

6211,-86032

6211,-89304

6211,-90756

6211,-86588

6211,-92110

6211,-90964

6211,-88698

6211,-90664

6211,-90156

6211,-90142

6211,-87846

6211,-85750

6211,-89850

6211,-89816

6211,-90376

6211,-86178

6211,-87488

6211,-87146

6213,-87564

6213,-85992

6213,-87802

6213,-89736

6213,-87920

6213,-90150

6213,-87248

6213,-87572

6213,-87662

6213,-88746

6213,-88314

6213,-86516

6213,-86044

6213,-86732

6213,-85092

6213,-84476

6213,-87534

6213,-87212

6213,-87048

6213,-89726

6213,-88282

6213,-87370

6213,-86852

6213,-87100

6213,-89356

6213,-87092

6214,-92524

6214,-91738

6214,-91696

6214,-90634

6214,-87464

6214,-89300

6214,-90758

6214,-91024

6214,-89694

6214,-89228

6214,-90324

6214,-90674

6214,-91730

6214,-92132

6214,-92622

6214,-93642

6214,-94612

6214,-92616

6214,-94264

6214,-97324

6214,-94626

6214,-93148

6214,-96512

6214,-95282

6214,-97828

6214,-96360

6214,-97268

6214,-99594

6214,-98396

6214,-96906

6214,-97722

6214,-98192

6214,-98184

6214,-99142

6214,-101354

6214,-97816

6214,-100700

6214,-100626

6214,-101016

6214,-99682

6214,-99402

6214,-101204

6214,-100150

6214,-99796

6214,-100572

6214,-102656

6214,-103910

6214,-102482

6214,-102854

6214,-101978

6214,-102222

6214,-101818

6214,-100484

6214,-103056

6214,-103066

6214,-105084

6214,-106274

6214,-104060

6214,-107128

6214,-104734

6214,-107308

6214,-106178

6214,-106242

6214,-104188

6214,-103028

6215,-105480

6215,-104942

6215,-107190

6215,-107300

6215,-108318

6215,-105898

6215,-105270

6215,-108254

6215,-110436

6215,-106176

6215,-105588

6215,-106934

6215,-108152

6215,-105206

6215,-107496

6215,-109974

6215,-110328

6215,-108850

6215,-111724

6215,-111880

6215,-111490

6215,-110078

6215,-112074

6215,-109322

6215,-111968

6215,-109986

6215,-109590

6215,-110392

6215,-110176

6215,-110152

6215,-109330

6215,-110302

6215,-110650

6215,-109794

6215,-110272

6215,-110706

6215,-110566

6217,-112016

6217,-110910

6217,-111816

6217,-111278

6217,-114804

6217,-111190

6217,-108666

6217,-109384

6217,-111610

6217,-107970

6217,-109734

6217,-108812

6217,-107392

6217,-105126

6217,-106018

6217,-107344

6217,-106758

6217,-106340

6217,-106728

6217,-104492

6217,-105762

6217,-105120

6217,-105096

6217,-107390

6217,-107288

6217,-105242

6218,-106678

6218,-107898

6218,-104706

6218,-105934

6218,-105706

6218,-105870

6218,-106368

6218,-104404

6218,-105562

6218,-106138

6218,-104106

6218,-105966

6218,-108224

6218,-106240

6218,-103956

6218,-104940

6218,-106644

6218,-105622

6218,-108372

6218,-107548

6218,-107184

6218,-106352

6218,-105248

6218,-105430

6218,-107794

6218,-109020

6218,-109324

6218,-108524

6218,-106468

6218,-105376

6218,-107092

6218,-106062

6218,-104130

6218,-104118

6218,-104390

6218,-106796

6218,-107046

6218,-106854

6218,-109058

6218,-110454

6218,-107438

6218,-108638

6218,-108244

6218,-108186

6218,-106958

6218,-109708

6218,-111832

6218,-110436

6218,-110958

6218,-110408

6218,-109136

6218,-109418

6218,-108716

6218,-107962

6218,-108426

6218,-108502

6218,-107742

6218,-106760

6218,-106562

6218,-104412

6218,-105982

6218,-110016

6218,-107800

6218,-109210

6218,-106952

6219,-107238

6219,-107590

6219,-108666

6219,-105698

6219,-108464

6219,-108904

6219,-107762

6219,-110708

6219,-106360

6219,-108028

6219,-106314

6219,-106232

6219,-106420

6219,-104980

6219,-106160

6219,-104692

6219,-107182

6219,-106120

6219,-107396

6219,-105314

6219,-104932

6219,-105866

6219,-105622

6219,-108446

6219,-106558

6219,-105582

6219,-106558

6219,-105536

6219,-108094

6219,-108320

6219,-107184

6219,-110334

6219,-113220

6219,-109876

6219,-110064

6219,-112252

6219,-109434

6221,-111736

6221,-112900

6221,-111268

6221,-108618

6221,-108356

6221,-108632

6221,-108336

6221,-108838

6221,-107098

6221,-105676

6221,-105712

6221,-105890

6221,-106302

6221,-103566

6221,-102368

6221,-103204

6221,-103938

6221,-105228

6221,-103386

6221,-102214

6221,-102358

6221,-102614

6221,-99918

6221,-102270

6221,-101002

6221,-101582

6222,-100294

6222,-101074

6222,-97510

6222,-98150

6222,-97150

6222,-99332

6222,-99684

6222,-97994

6222,-97784

6222,-96838

6222,-93178

6222,-94322

6222,-93340

6222,-95460

6222,-94530

6222,-95886

6222,-91954

6222,-94182

6222,-94192

6222,-93630

6222,-91776

6222,-94706

6222,-94288

6222,-92286

6222,-93890

6222,-92506

6222,-94848

6222,-92600

6222,-94920

6222,-93418

6222,-92766

6222,-91922

6222,-88856

6222,-92066

6222,-90178

6222,-91810

6222,-91450

6222,-90710

6222,-91162

6222,-93482

6222,-92372

6222,-95550

6222,-93178

6222,-92546

6222,-91198

6222,-92622

6222,-93800

6222,-92240

6222,-94352

6222,-96386

6222,-95952

6222,-92694

6222,-92208

6222,-91140

6222,-93166

6222,-92202

6222,-93504

6222,-94058

6222,-91324

6222,-91832

6222,-91350

6222,-92064

6222,-91708

6222,-92300

6222,-92268

6223,-90260

6223,-89328

6223,-87170

6223,-90142

6223,-89168

6223,-89866

6223,-91912

6223,-88678

6223,-91580

6223,-90020

6223,-90634

6223,-90582

6223,-90164

6223,-91338

6223,-90180

6223,-92178

6223,-91274

6223,-91590

6223,-92804

6223,-92708

6223,-93260

6223,-90858

6223,-91966

6223,-91664

6223,-88970

6223,-92670

6223,-92426

6223,-90782

6223,-93830

6223,-90952

6223,-92108

6223,-91718

6223,-91830

6223,-92792

6223,-92764

6223,-93504

6223,-93160

6225,-94312

6225,-91232

6225,-91792

6225,-91968

6225,-88360

6225,-89948

6225,-89064

6225,-89218

6225,-88968

6225,-87494

6225,-87824

6225,-87458

6225,-88990

6225,-87646

6225,-89862

6225,-85840

6225,-87702

6225,-88512

6225,-87320

6225,-89772

6225,-86972

6225,-87434

6225,-88066

6225,-86738

6225,-85780

6225,-84274

6226,-82862

6226,-83824

6226,-79220

6226,-79252

6226,-80320

6226,-81696

6226,-83522

6226,-81986

6226,-83466

6226,-82664

6226,-82872

6226,-80980

6226,-76516

6226,-79282

6226,-79012

6226,-80392

6226,-81540

6226,-80416

6226,-79626

6226,-75536

6226,-78922

6226,-78262

6226,-77472

6226,-78484

6226,-77206

6226,-77972

6226,-79986

6226,-78428

6226,-78536

6226,-77000

6226,-78168

6226,-80848

6226,-79096

6226,-77306

6226,-77284

6226,-75922

6226,-78404

6226,-76042

6226,-77424

6226,-76776

6226,-77144

6226,-78938

6226,-77858

6226,-78252

6226,-78448

6226,-77230

6226,-78264

6226,-79140

6226,-75974

6226,-79346

6226,-77956

6226,-78348

6226,-76942

6226,-77034

6226,-76344

6226,-76724

6226,-78712

6226,-77208

6226,-77364

6226,-78304

6226,-77356

6226,-76192

6226,-76870

6226,-78020

6226,-78376

6227,-76148

6227,-77672

6227,-76784

6227,-75506

6227,-77552

6227,-77068

6227,-74954

6227,-75344

6227,-74678

6227,-75970

6227,-76056

6227,-72470

6227,-75686

6227,-75532

6227,-75300

6227,-74448

6227,-75570

6227,-72398

6227,-76758

6227,-76236

6227,-76030

6227,-75716

6227,-74956

6227,-76864

6227,-75968

6227,-77708

6227,-77328

6227,-77726

6227,-76342

6227,-76296

6227,-77314

6227,-75512

6227,-77792

6227,-77588

6227,-77388

6227,-77870

6227,-76256

6229,-75184

6229,-73374

6229,-74032

6229,-73904

6229,-74122

6229,-71972

6229,-73200

6229,-72270

6229,-71524

6229,-73632

6229,-73976

6229,-74524

6229,-76082

6229,-75696

6229,-74618

6229,-74276

6229,-73456

6229,-71638

6229,-70736

6229,-68740

6229,-70412

6229,-70176

6229,-69480

6229,-67804

6229,-67234

6229,-64818

6230,-67562

6230,-66208

6230,-67626

6230,-65688

6230,-64404

6230,-64180

6230,-62272

6230,-62976

6230,-64292

6230,-63118

6230,-66422

6230,-65208

6230,-62908

6230,-61936

6230,-65578

6230,-65562

6230,-65318

6230,-64650

6230,-64140

6230,-62688

6230,-63292

6230,-62760

6230,-63238

6230,-62480

6230,-61590

6230,-64426

6230,-64284

6230,-64804

6230,-62952

6230,-61704

6230,-61582

6230,-61926

6230,-61726

6230,-63978

6230,-62454

6230,-62212

6230,-63872

6230,-62900

6230,-62392

6230,-62560

6230,-61478

6230,-63158

6230,-57392

6230,-61306

6230,-59910

6230,-58984

6230,-61030

6230,-61018

6230,-61000

6230,-58664

6230,-58958

6230,-59798

6230,-58892

6230,-58344

6230,-58060

6230,-58656

6230,-56640

6230,-57118

6230,-55744

6230,-55704

6230,-57102

6230,-57036

6230,-58142

6230,-56770

6230,-53456

6231,-54916

6231,-56248

6231,-54440

6231,-54474

6231,-54442

6231,-56530

6231,-58204

6231,-54956

6231,-57578

6231,-57682

6231,-56670

6231,-55228

6231,-54884

6231,-54802

6231,-53510

6231,-56030

6231,-56908

6231,-56102

6231,-56408

6231,-54020

6231,-55608

6231,-57422

6231,-54934

6231,-56532

6231,-53362

6231,-57046

6231,-56152

6231,-56282

6231,-54404

6231,-56598

6231,-54826

6231,-54584

6231,-55542

6231,-55544

6231,-55776

6231,-56916

6231,-56982

6233,-56382

6233,-54896

6233,-57664

6233,-55978

6233,-53208

6233,-55290

6233,-52920

6233,-51428

6233,-52158

6233,-52572

6233,-52016

6233,-53076

6233,-51552

6233,-49902

6233,-52074

6233,-53032

6233,-53552

6233,-53092

6233,-54832

6233,-56606

6233,-55474

6233,-51580

6233,-52422

6233,-54870

6233,-53600

6233,-52484

6234,-53598

6234,-53038

6234,-53816

6234,-51690

6234,-51506

6234,-53436

6234,-54370

6234,-52166

6234,-52928

6234,-49780

6234,-49530

6234,-52046

6234,-50052

6234,-49702

6234,-50252

6234,-48756

6234,-49012

6234,-50214

6234,-50160

6234,-50056

6234,-49392

6234,-50272

6234,-50844

6234,-48166

6234,-48288

6234,-50492

6234,-48938

6234,-47764

6234,-51204

6234,-47384

6234,-48544

6234,-47732

6234,-47532

6234,-47402

6234,-47232

6234,-44998

6234,-45958

6234,-44888

6234,-48210

6234,-48096

6234,-46694

6234,-49072

6234,-49950

6234,-49804

6234,-48078

6234,-45898

6234,-44910

6234,-44526

6234,-44772

6234,-44214

6234,-43128

6234,-42890

6234,-40514

6234,-40816

6234,-41512

6234,-40434

6234,-41776

6234,-40964

6234,-41522

6234,-39934

6234,-40896

6234,-38366

6234,-39462

6234,-40562

6234,-40950

6235,-42400

6235,-39360

6235,-39532

6235,-38928

6235,-39516

6235,-40004

6235,-38990

6235,-38688

6235,-36770

6235,-37850

6235,-38712

6235,-37108

6235,-38126

6235,-38356

6235,-40254

6235,-38240

6235,-37642

6235,-38236

6235,-37870

6235,-36434

6235,-39602

6235,-35542

6235,-36654

6235,-35456

6235,-35982

6235,-36274

6235,-35532

6235,-36202

6235,-34390

6235,-35836

6235,-32932

6235,-35968

6235,-35424

6235,-36808

6235,-35484

6235,-35374

6235,-37636

6237,-36142

6237,-35274

6237,-34774

6237,-36580

6237,-34232

6237,-33594

6237,-32144

6237,-32782

6237,-32624

6237,-33168

6237,-33598

6237,-33308

6237,-32638

6237,-32390

6237,-35768

6237,-32360

6237,-33138

6237,-33674

6237,-35908

6237,-32598

6237,-33440

6237,-31684

6237,-32734

6237,-31700

6237,-32474

6237,-32512

6238,-32120

6238,-32352

6238,-31102

6238,-32116

6238,-28752

6238,-29640

6238,-31936

6238,-31572

6238,-31094

6238,-33406

6238,-33520

6238,-31150

6238,-29730

6238,-30782

6238,-29184

6238,-30070

6238,-29844

6238,-29028

6238,-30472

6238,-27550

6238,-27764

6238,-29382

6238,-25230

6238,-27862

6238,-25142

6238,-24752

6238,-26688

6238,-23304

6238,-26252

6238,-23902

6238,-24144

6238,-27400

6238,-26132

6238,-26620

6238,-23116

6238,-24168

6238,-22560

6238,-24398

6238,-24156

6238,-23850

6238,-24696

6238,-23844

6238,-22438

6238,-23770

6238,-27804

6238,-26312

6238,-26498

6238,-29944

6238,-27096

6238,-25312

6238,-24038

6238,-25358

6238,-24950

6238,-23970

6238,-24762

6238,-24956

6238,-22344

6238,-22662

6238,-24924

6238,-24788

6238,-24234

6238,-24520

6238,-24728

6238,-24058

6238,-22948

6239,-23996

6239,-24320

6239,-25408

6239,-23570

6239,-23886

6239,-22792

6239,-23580

6239,-22782

6239,-21626

6239,-20374

6239,-22360

6239,-25866

6239,-25384

6239,-23648

6239,-22020

6239,-21728

6239,-20240

6239,-21366

6239,-20764

6239,-21348

6239,-21294

6239,-24100

6239,-20996

6239,-22764

6239,-22360

6239,-22084

6239,-18624

6239,-21620

6239,-20330

6239,-17036

6239,-19026

6239,-19308

6239,-20576

6239,-20366

6239,-20952

6239,-22100

6239,-20208

6241,-20198

6241,-21690

6241,-22538

6241,-19708

6241,-18412

6241,-21100

6241,-20336

6241,-20852

6241,-18830

6241,-20828

6241,-19090

6241,-18290

6241,-18232

6241,-19210

6241,-18794

6241,-21074

6241,-20452

6241,-20058

6241,-18820

6241,-20118

6241,-20528

6241,-16806

6241,-17698

6241,-16196

6241,-15124

6241,-21388

6242,-20764

6242,-20068

6242,-17462

6242,-20294

6242,-20658

6242,-19760

6242,-20488

6242,-18912

6242,-19560

6242,-18494

6242,-17516

6242,-18862

6242,-17882

6242,-18476

6242,-16674

6242,-16792

6242,-20224

6242,-18410

6242,-21638

6242,-19502

6242,-18648

6242,-20958

6242,-20098

6242,-19630

6242,-17800

6242,-16566

6242,-19134

6242,-18974

6242,-18312

6242,-15344

6242,-14810

6242,-12086

6242,-13382

6242,-15516

6242,-15260

6242,-14530

6242,-13062

6242,-15130

6242,-13208

6242,-13378

6242,-14750

6242,-13792

6242,-12812

6242,-13594

6242,-13792

6242,-13636

6242,-14144

6242,-12278

6242,-11156

6242,-12436

6242,-14758

6242,-15522

6242,-14618

6242,-15196

6242,-16966

6242,-16722

6242,-14608

6242,-13204

6242,-15100

6242,-14206

6242,-13856

6242,-14474

6242,-14806

6242,-16228

6242,-13618

6243,-13262

6243,-14462

6243,-13814

6243,-12064

6243,-10072

6243,-13600

6243,-12804

6243,-13118

6243,-12778

6243,-11258

6243,-12080

6243,-10804

6243,-11728

6243,-12922

6243,-11444

6243,-11416

6243,-9468

6243,-8698

6243,-8278

6243,-9024

6243,-9582

6243,-10190

6243,-10274

6243,-8286

6243,-9436

6243,-5060

6243,-6184

6243,-7768

6243,-6746

6243,-7384

6243,-5248

6243,-6998

6243,-10460

6243,-8282

6243,-8812

6243,-8128

6243,-9558

6245,-8494

6245,-9382

6245,-9164

6245,-9328

6245,-9624

6245,-10990

6245,-10718

6245,-5832

6245,-8766

6245,-8924

6245,-9090

6245,-9414

6245,-8018

6245,-9180

6245,-10640

6245,-13122

6245,-12190

6245,-13066

6245,-13920

6245,-14096

6245,-13274

6245,-11170

6245,-14800

6245,-12856

6245,-12860

6245,-14060

6246,-12114

6246,-11256

6246,-9890

6246,-13002

6246,-11530

6246,-12348

6246,-11582

6246,-12126

6246,-11222

6246,-12638

6246,-9276

6246,-10830

6246,-9234

6246,-9834

6246,-9984

6246,-8010

6246,-7356

6246,-6126

6246,-6174

6246,-5992

6246,-6118

6246,-5212

6246,-1670

6246,-3808

6246,-5132

6246,-5354

6246,-2494

6246,-2166

6246,-1872

6246,-4742

6246,-5146

6246,-2988

6246,-5544

6246,-7730

6246,-5162

6246,-7722

6246,-6606

6246,-6604

6246,-4724

6246,-6402

6246,-5114

6246,-2632

6246,-7736

6246,-6892

6246,-4416

6246,-5166

6246,-6244

6246,-4892

6246,-4938

6246,-5376

6246,-3278

6246,-5150

6246,-6190

6246,-3614

6246,-5334

6246,-2304

6246,-4054

6246,-4922

6246,-4742

6246,-3548

6246,-4080

6246,-3206

6246,-2304

6246,-4184

6246,-1126

6247,-968

6247,110

6247,24

6247,-1374

6247,-3294

6247,-3122

6247,-1850

6247,-2526

6247,-3736

6247,-2460

6247,-2776

6247,692

6247,110

6247,-564

6247,-2542

6247,-2004

6247,256

6247,192

6247,-1468

6247,-1630

6247,2914

6247,1720

6247,-1046

6247,146

6247,-3224

6247,-2304

6247,-1874

6247,-1164

6247,-3982

6247,-5298

6247,-5804

6247,-4498

6247,88

6247,-570

6247,-2254

6247,-3784

6247,-3468

6249,-4138

6249,-5568

6249,-5970

6249,-3256

6249,-4150

6249,-7294

6249,-6286

6249,-7256

6249,-6430

6249,-8030

6249,-9126

6249,-7944

6249,-7980

6249,-10170

6249,-8016

6249,-12042

6249,-10834

6249,-9688

6249,-11318

6249,-12128

6249,-9504

6249,-11728

6249,-9616

6249,-8820

6249,-7966

6249,-7384

6250,-8162

6250,-7380

6250,-8292

6250,-9062

6250,-9166

6250,-8658

6250,-8332

6250,-6686

6250,-7808

6250,-9260

6250,-7566

6250,-8306

6250,-9136

6250,-7952

6250,-9354

6250,-8372

6250,-6538

6250,-6668

6250,-6242

6250,-7086

6250,-8214

6250,-9230

6250,-10184

6250,-9060

6250,-7542

6250,-7414

6250,-4952

6250,-7416

6250,-4782

6250,-7610

6250,-9800

6250,-7480

6250,-7208

6250,-8774

6250,-8762

6250,-7494

6250,-9034

6250,-8054

6250,-6518

6250,-4340

6250,-5574

6250,-6532

6250,-7970

6250,-6636

6250,-10082

6250,-10344

6250,-10020

6250,-9016

6250,-7220

6250,-8140

6250,-10646

6250,-10078

6250,-9264

6250,-7030

6250,-9776

6250,-10222

6250,-12204

6250,-12748

6250,-13484

6250,-14034

6250,-13524

6250,-13442

6250,-11278

6250,-8472

6250,-11552

6251,-14130

6251,-15508

6251,-13958

6251,-12664

6251,-11648

6251,-15142

6251,-15152

6251,-12294

6251,-11550

6251,-13670

6251,-12404

6251,-10510

6251,-11598

6251,-10248

6251,-10374

6251,-12428

6251,-13162

6251,-8952

6251,-10268

6251,-9256

6251,-9860

6251,-9502

6251,-7786

6251,-8026

6251,-11002

6251,-12384

6251,-11268

6251,-12492

6251,-12404

6251,-12116

6251,-12412

6251,-12230

6251,-11220

6251,-12358

6251,-12450

6251,-11286

6251,-13382

6253,-12308

6253,-13430

6253,-12884

6253,-14082

6253,-14378

6253,-16152

6253,-16334

6253,-16376

6253,-15084

6253,-16912

6253,-16896

6253,-16970

6253,-15846

6253,-15042

6253,-16678

6253,-15526

6253,-17316

6253,-16572

6253,-16968

6253,-17030

6253,-17974

6253,-16412

6253,-16780

6253,-19174

6253,-14660

6253,-14266

6254,-16056

6254,-14996

6254,-12990

6254,-12184

6254,-12668

6254,-12356

6254,-11662

6254,-13560

6254,-14110

6254,-13780

6254,-12932

6254,-14182

6254,-13648

6254,-14206

6254,-12158

6254,-15056

6254,-13692

6254,-13918

6254,-14510

6254,-16170

6254,-12566

6254,-12158

6254,-14854

6254,-14922

6254,-16296

6254,-17264

6254,-15562

6254,-14130

6254,-14662

6254,-14446

6254,-13932

6254,-16680

6254,-14762

6254,-16296

6254,-15080

6254,-16552

6254,-18800

6254,-19862

6254,-18222

6254,-16888

6254,-16656

6254,-15706

6254,-16420

6254,-18252

6254,-15820

6254,-15076

6254,-15458

6254,-14942

6254,-15562

6254,-16946

6254,-15376

6254,-16018

6254,-13238

6254,-10836

6254,-13604

6254,-14108

6254,-14766

6254,-16498

6254,-17680

6254,-17072

6254,-17488

6254,-16964

6254,-14028

6254,-14084

6254,-14422

6255,-14574

6255,-11424

6255,-12334

6255,-13050

6255,-13808

6255,-14690

6255,-14106

6255,-15176

6255,-12490

6255,-11792

6255,-12634

6255,-13136

6255,-15754

6255,-12856

6255,-13474

6255,-12102

6255,-11998

6255,-10408

6255,-13578

6255,-10710

6255,-14510

6255,-14112

6255,-14462

6255,-12698

6255,-12822

6255,-11296

6255,-10326

6255,-11688

6255,-10162

6255,-9492

6255,-9054

6255,-8194

6255,-11670

6255,-12034

6255,-11490

6255,-11762

6255,-12356

6257,-9878

6257,-9328

6257,-10720

6257,-8538

6257,-10266

6257,-10428

6257,-15290

6257,-12464

6257,-11720

6257,-12908

6257,-12078

6257,-10300

6257,-12858

6257,-10510

6257,-7466

6257,-9694

6257,-12694

6257,-11272

6257,-12912

6257,-11740

6257,-9446

6257,-11550

6257,-8632

6257,-9070

6257,-9796

6257,-8502

6258,-8996

6258,-8908

6258,-10806

6258,-9676

6258,-10268

6258,-10894

6258,-9988

6258,-9694

6258,-8916

6258,-9042

6258,-8514

6258,-9990

6258,-7316

6258,-6706

6258,-7070

6258,-6116

6258,-7398

6258,-6990

6258,-5978

6258,-6162

6258,-7908

6258,-8390

6258,-5494

6258,-5928

6258,-6352

6258,-4446

6258,-4596

6258,-4386

6258,-6670

6258,-5344

6258,-6302

6258,-7518

6258,-5178

6258,-8756

6258,-4756

6258,-6954

6258,-5960

6258,-5218

6258,-3354

6258,-6114

6258,-3698

6258,-6274

6258,-6376

6258,-2592

6258,-4846

6258,-6224

6258,-5928

6258,-4232

6258,-3522

6258,-5732

6258,-6508

6258,-6902

6258,-5924

6258,-6230

6258,-7336

6258,-5988

6258,-4280

6258,-7116

6258,-5210

6258,-8854

6258,-6238

6258,-6842

6258,-8674

6258,-7332

6258,-6976

6259,-5112

6259,-6464

6259,-5992

6259,-7166

6259,-7890

6259,-8380

6259,-7616

6259,-9228

6259,-6626

6259,-6712

6259,-8052

6259,-6960

6259,-9114

6259,-6442

6259,-4910

6259,-4742

6259,-5202

6259,-3364

6259,-3038

6259,-3772

6259,-5326

6259,-5858

6259,-6266

6259,-7316

6259,-7372

6259,-5298

6259,-6144

6259,-4984

6259,-5572

6259,-3550

6259,-5314

6259,-5068

6259,-4582

6259,-5130

6259,-6066

6259,-7120

6259,-8190

6261,-8960

6261,-8436

6261,-9692

6261,-8294

6261,-5406

6261,-5780

6261,-4312

6261,-3446

6261,-5496

6261,-6310

6261,-4822

6261,-6740

6261,-6398

6261,-3818

6261,-5924

6261,-4590

6261,-3520

6261,-4684

6261,-2454

6261,-4008

6261,-4776

6261,-4540

6261,-3478

6261,-4486

6261,-4340

6261,-2812

6262,-6040

6262,-1844

6262,-1836

6262,-1544

6262,-2810

6262,-4242

6262,-4276

6262,-3568

6262,-3132

6262,-6136

6262,-4870

6262,-4242

6262,-4750

6262,-3760

6262,-1570

6262,-4458

6262,-1572

6262,-2972

6262,-4048

6262,-2026

6262,-2908

6262,-1022

6262,-2222

6262,-3700

6262,-5510

6262,-2556

6262,-1624

6262,-2596

6262,-2546

6262,-1382

6262,-946

6262,-718

6262,1896

6262,1866

6262,2104

6262,3580

6262,2708

6262,1200

6262,2728

6262,3072

6262,2140

6262,-286

6262,-704

6262,2950

6262,4538

6262,1542

6262,440

6262,2728

6262,2978

6262,2440

6262,1800

6262,2146

6262,1642

6262,-314

6262,880

6262,890

6262,2446

6262,994

6262,4306

6262,2578

6262,-878

6262,386

6262,-236

6262,-2696

6262,-2066

6263,256

6263,-1410

6263,-1748

6263,-398

6263,856

6263,3952

6263,1256

6263,2466

6263,670

6263,-312

6263,-2146

6263,-312

6263,168

6263,-170

6263,-192

6263,424

6263,1538

6263,934

6263,1120

6263,2346

6263,2196

6263,1042

6263,1064

6263,2034

6263,100

6263,204

6263,-668

6263,734

6263,-1288

6263,-2350

6263,-1710

6263,-186

6263,748

6263,232

6263,2088

6263,1050

6263,-184

6265,968

6265,-358

6265,506

6265,-1292

6265,-944

6265,-308

6265,2234

6265,578

6265,-862

6265,1534

6265,998

6265,590

6265,-50

6265,-1590

6265,-1270

6265,-512

6265,26

6265,-2094

6265,-2012

6265,-1872

6265,-260

6265,-932

6265,-2506

6265,-1362

6265,-2014

6265,-144

6266,898

6266,1546

6266,1392

6266,-1090

6266,664

6266,428

6266,-958

6266,-1872

6266,510

6266,2018

6266,1246

6266,984

6266,4222

6266,2172

6266,4054

6266,1810

6266,1084

6266,3496

6266,1064

6266,1788

6266,3560

6266,4226

6266,1080

6266,922

6266,2244

6266,1700

6266,2964

6266,1978

6266,2776

6266,3206

6266,3532

6266,5620

6266,5566

6266,3776

6266,3096

6266,4080

6266,4160

6266,4620

6266,6384

6266,7382

6266,4516

6266,4686

6266,8612

6266,8380

6266,8712

6266,5656

6266,5278

6266,6502

6266,8506

6266,9748

6266,7070

6266,8048

6266,5566

6266,7360

6266,8840

6266,5110

6266,4524

6266,6378

6266,6534

6266,7634

6266,5270

6266,4028

6266,5108

6266,4504

6266,2414

6267,5584

6267,6248

6267,5392

6267,4250

6267,5030

6267,4140

6267,3212

6267,3162

6267,6492

6267,6274

6267,6292

6267,4128

6267,3292

6267,4792

6267,3874

6267,3702

6267,5456

6267,5762

6267,6876

6267,7054

6267,5056

6267,4564

6267,3824

6267,3228

6267,6186

6267,2678

6267,2168

6267,2836

6267,3900

6267,2906

6267,1458

6267,2876

6267,4448

6267,3378

6267,4946

6267,5718

6267,3526

6269,7364

6269,5570

6269,3290

6269,3696

6269,2204

6269,3104

6269,3538

6269,4180

6269,2290

6269,280

6269,844

6269,2464

6269,1766

6269,3240

6269,1910

6269,-1402

6269,-1774

6269,-1478

6269,-2044

6269,-1682

6269,-906

6269,486

6269,1098

6269,824

6269,-1242

6269,-2994

6270,-2022

6270,-1306

6270,-2234

6270,-2458

6270,202

6270,-416

6270,-1930

6270,-308

6270,2916

6270,1540

6270,-424

6270,-120

6270,-730

6270,2146

6270,-1180

6270,-1094

6270,-2908

6270,-2808

6270,-2370

6270,-2186

6270,964

6270,886

6270,2038

6270,3862

6270,3896

6270,5602

6270,3844

6270,-96

6270,3348

6270,3352

6270,3186

6270,2240

6270,3938

6270,5412

6270,5756

6270,5306

6270,4172

6270,6656

6270,4182

6270,4876

6270,5752

6270,3824

6270,3476

6270,2202

6270,2824

6270,5698

6270,5750

6270,3540

6270,2388

6270,3114

6270,1756

6270,318

6270,1148

6270,768

6270,1774

6270,1458

6270,738

6270,4132

6270,5426

6270,2628

6270,2166

6270,1006

6270,1638

6270,322

6270,3476

6271,2912

6271,4122

6271,5976

6271,3574

6271,2698

6271,1514

6271,2058

6271,3088

6271,2530

6271,3032

6271,2850

6271,4212

6271,6654

6271,4196

6271,5054

6271,4206

6271,4008

6271,3996

6271,4792

6271,6652

6271,1006

6271,4718

6271,2938

6271,2722

6271,4814

6271,4220

6271,4004

6271,766

6271,3106

6271,2628

6271,6168

6271,5362

6271,6858

6271,5270

6271,4724

6271,4086

6271,3516

6273,2436

6273,2888

6273,1148

6273,3714

6273,3172

6273,3952

6273,5688

6273,4630

6273,3278

6273,1896

6273,3332

6273,3956

6273,4910

6273,3064

6273,4442

6273,3904

6273,3246

6273,1336

6273,-1266

6273,1218

6273,1112

6273,1498

6273,2836

6273,2632

6273,1464

6273,1554

6274,2862

6274,2436

6274,1422

6274,2870

6274,2908

6274,3688

6274,1750

6274,2642

6274,4190

6274,4960

6274,4694

6274,2754

6274,4294

6274,3014

6274,2862

6274,4592

6274,2658

6274,5152

6274,8072

6274,8032

6274,6844

6274,6404

6274,7360

6274,7276

6274,8470

6274,8548

6274,6710

6274,4214

6274,4774

6274,5344

6274,7352

6274,8494

6274,10690

6274,9414

6274,11870

6274,10598

6274,9820

6274,8894

6274,8842

6274,10098

6274,9764

6274,10226

6274,10156

6274,9024

6274,8734

6274,7624

6274,6142

6274,8522

6274,7202

6274,7736

6274,9626

6274,10208

6274,9966

6274,10442

6274,8248

6274,8912

6274,9232

6274,9376

6274,8834

6274,4564

6274,5700

6274,7610

6274,9794

6274,11090

6274,11980

6275,9498

6275,11198

6275,12696

6275,11142

6275,9824

6275,6956

6275,7432

6275,8430

6275,8846

6275,11444

6275,8864

6275,9512

6275,9412

6275,7520

6275,8076

6275,7532

6275,8298

6275,8810

6275,9618

6275,9860

6275,9582

6275,11126

6275,10406

6275,10392

6275,11788

6275,13104

6275,10960

6275,9228

6275,12048

6275,10606

6275,11098

6275,13036

6275,9594

6275,12264

6275,12910

6275,12164

6275,12398

6277,6366

6277,7672

6277,9412

6277,9362

6277,11320

6277,12096

6277,11450

6277,10960

6277,10434

6277,11520

6277,11032

6277,10968

6277,10852

6277,9784

6277,12412

6277,10296

6277,11210

6277,13240

6277,11644

6277,12114

6277,10954

6277,9580

6277,8266

6277,7238

6277,11558

6277,10576

6278,11174

6278,13882

6278,12884

6278,12246

6278,13672

6278,11450

6278,14638

6278,13500

6278,15246

6278,15598

6278,12738

6278,12666

6278,13790

6278,15600

6278,18382

6278,17000

6278,18090

6278,17426

6278,18098

6278,16090

6278,15466

6278,14746

6278,15484

6278,16248

6278,17872

6278,20188

6278,19494

6278,18780

6278,19082

6278,20676

6278,19272

6278,19390

6278,16076

6278,16412

6278,19244

6278,18310

6278,19108

6278,21228

6278,20132

6278,19832

6278,17010

6278,20346

6278,18700

6278,20904

6278,19794

6278,18356

6278,16926

6278,19382

6278,17896

6278,17652

6278,19682

6278,18758

6278,16736

6278,17078

6278,17898

6278,17816

6278,16734

6278,20166

6278,18370

6278,19858

6278,21854

6278,22756

6278,23200

6278,21382

6278,23102

6279,23716

6279,22998

6279,23368

6279,22318

6279,20806

6279,19084

6279,21352

6279,21524

6279,21050

6279,20322

6279,19352

6279,22036

6279,20390

6279,19814

6279,20946

6279,22462

6279,21812

6279,20742

6279,21126

6279,21560

6279,19188

RAW_SUMMARY id=1 requested=6000 captured=6000 unused_capacity=0 max_pcm_abs=161388 raw_mean=-54134.3 raw_abs_mean=58953.9 raw_min=-177084 raw_max=23716 baseline=67.7

OK RAW

