# run: cfg_c48k_2
# firmware: role=analyzer git=9f584bb version=0.4.0
# imported-from: c48k_2.log (mtime 2026-10-09T10:38:18)
RAW_INFO mode=i2s output=csv

RAW_INFO row_size=12

RAW_BEGIN id=2 sr=48000 trigger_ms=17157 command_ms=17142 emit_seen=1 emit_start_ms=17157 emit_done_ms=17160 f=3200 dur=1 pre_ms=0 post_ms=350 decim=1 pre_samples=0 post_samples=6000 mode=i2s output=csv fields=ms,pcm

ms,pcm

17159,-244710

17159,-242604

17159,-242628

17159,-245002

17159,-245126

17159,-245062

17159,-246036

17159,-244970

17159,-244962

17159,-244280

17159,-245002

17159,-244724

17159,-244280

17159,-243586

17159,-244538

17159,-244698

17159,-241256

17159,-246038

17159,-245766

17159,-245790

17159,-245642

17159,-245982

17160,-244874

17160,-246100

17160,-246166

17160,-248238

17160,-246278

17160,-247964

17160,-248870

17160,-245066

17160,-247726

17160,-245702

17160,-247358

17160,-245442

17160,-245994

17160,-244748

17160,-242690

17160,-246586

17160,-246702

17160,-246138

17160,-246426

17160,-245682

17160,-247394

17160,-248094

17160,-245132

17160,-247068

17160,-248320

17160,-248294

17160,-246338

17160,-246108

17160,-244196

17160,-245750

17160,-245812

17160,-245684

17160,-246348

17160,-245968

17160,-246604

17160,-246654

17160,-247622

17160,-247180

17160,-246356

17160,-245004

17160,-245478

17160,-245460

17160,-245832

17160,-245164

17162,-246938

17162,-246272

17162,-246408

17162,-245050

17162,-247462

17162,-244926

17162,-244092

17162,-244284

17162,-243744

17162,-245348

17162,-243682

17162,-245778

17162,-244640

17162,-244266

17162,-243380

17162,-244346

17162,-244162

17162,-243842

17162,-243410

17162,-243356

17162,-244194

17162,-243984

17162,-244752

17162,-244382

17162,-241598

17162,-243488

17162,-242314

17162,-243480

17162,-244576

17162,-244168

17162,-243842

17162,-241108

17162,-240584

17162,-241290

17162,-241758

17162,-241878

17162,-241248

17162,-240936

17162,-241828

17162,-242092

17162,-241402

17162,-243110

17162,-239982

17162,-242782

17162,-241664

17162,-241744

17162,-242820

17162,-238288

17162,-240150

17162,-240104

17162,-241628

17162,-239948

17162,-239928

17162,-240710

17162,-238136

17162,-241298

17162,-239072

17162,-241198

17162,-239364

17162,-241406

17162,-239424

17162,-236732

17162,-239438

17162,-236826

17162,-238906

17163,-237868

17163,-238084

17163,-237392

17163,-237562

17163,-238174

17163,-237804

17163,-236896

17163,-236626

17163,-237610

17163,-238328

17163,-238544

17163,-237602

17163,-237702

17163,-237328

17163,-238940

17163,-238376

17163,-236100

17163,-239158

17163,-237918

17163,-238550

17163,-236188

17163,-237684

17163,-239780

17163,-238962

17163,-239750

17163,-237086

17163,-238474

17163,-237836

17163,-234934

17163,-238170

17163,-235884

17163,-236816

17163,-237534

17163,-235448

17163,-236556

17163,-234892

17163,-237154

17163,-235458

17163,-236992

17163,-232068

17163,-235398

17163,-234762

17163,-234762

17163,-234792

17163,-233474

17163,-234608

17163,-231670

17163,-232696

17163,-231666

17163,-233864

17163,-232232

17163,-233498

17163,-232630

17163,-231986

17163,-231236

17163,-234298

17163,-232518

17163,-231992

17163,-231762

17163,-233758

17163,-230820

17163,-233506

17163,-234826

17163,-234188

17164,-233132

17164,-232036

17164,-230856

17164,-232406

17164,-233248

17164,-231300

17164,-232952

17164,-229624

17164,-229466

17164,-230658

17164,-230938

17164,-229904

17164,-230278

17164,-230902

17164,-230804

17164,-231752

17164,-231304

17164,-228618

17164,-229490

17164,-228160

17164,-226966

17164,-228158

17164,-228046

17164,-228320

17164,-231630

17164,-230786

17164,-229760

17164,-230498

17164,-230088

17164,-230072

17164,-231468

17164,-228820

17164,-230468

17164,-229150

17164,-227896

17164,-227820

17164,-229528

17164,-231116

17164,-228064

17164,-229956

17164,-228038

17164,-227224

17164,-228038

17164,-227884

17164,-223922

17164,-227926

17164,-225316

17164,-226374

17164,-226118

17164,-229074

17164,-228776

17164,-229072

17164,-229132

17164,-227638

17164,-229188

17164,-227510

17164,-228180

17164,-227574

17164,-226848

17164,-228470

17164,-224324

17164,-227630

17164,-226150

17164,-230088

17164,-227124

17165,-224242

17165,-223450

17165,-225658

17165,-224714

17165,-226944

17165,-226320

17165,-226276

17165,-224270

17165,-223908

17165,-224330

17165,-226838

17165,-226236

17165,-224914

17165,-227354

17165,-222906

17165,-224126

17165,-223170

17165,-224860

17165,-225624

17165,-223046

17165,-222998

17165,-222918

17165,-225522

17165,-222310

17165,-223884

17165,-223028

17165,-225642

17165,-223560

17165,-223804

17165,-224436

17165,-223014

17165,-224092

17165,-224096

17165,-226040

17165,-224006

17165,-222968

17165,-225084

17165,-223472

17165,-221730

17165,-223120

17165,-221784

17165,-222210

17165,-223172

17165,-220880

17165,-221614

17165,-222200

17165,-222354

17165,-222532

17165,-220892

17165,-225040

17165,-223110

17165,-221074

17165,-225222

17165,-221916

17165,-222976

17165,-223746

17165,-222090

17165,-221956

17165,-221306

17165,-223542

17165,-221792

17165,-221608

17165,-220952

17165,-219898

17166,-220810

17166,-224156

17166,-223880

17166,-220640

17166,-223200

17166,-221698

17166,-221134

17166,-224658

17166,-223976

17166,-223312

17166,-223310

17166,-221598

17166,-225008

17166,-222106

17166,-224584

17166,-224216

17166,-225716

17166,-223728

17166,-224028

17166,-226342

17166,-223180

17166,-225852

17166,-221408

17166,-224738

17166,-224690

17166,-224850

17166,-224238

17166,-222922

17166,-223804

17166,-223164

17166,-222204

17166,-224214

17166,-223286

17166,-222432

17166,-223870

17166,-223096

17166,-221148

17166,-223816

17166,-219472

17166,-220930

17166,-222126

17166,-224928

17166,-223016

17166,-221618

17166,-224224

17166,-221488

17166,-220214

17166,-222446

17166,-221802

17166,-221200

17166,-223172

17166,-221938

17166,-221510

17166,-221154

17166,-222556

17166,-223384

17166,-222840

17166,-222280

17166,-224068

17166,-223096

17166,-222650

17166,-221176

17166,-221118

17166,-222612

17166,-220798

17167,-221010

17167,-221302

17167,-220468

17167,-221582

17167,-221800

17167,-222980

17167,-219102

17167,-221078

17167,-222460

17167,-220528

17167,-222278

17167,-221758

17167,-220946

17167,-219622

17167,-223124

17167,-221198

17167,-221654

17167,-221110

17167,-222864

17167,-224368

17167,-223070

17167,-221634

17167,-221586

17167,-221862

17167,-222608

17167,-220174

17167,-222808

17167,-220284

17167,-220824

17167,-218800

17167,-220668

17167,-221366

17167,-222010

17167,-219172

17167,-220386

17167,-219880

17167,-219538

17167,-218370

17167,-220036

17167,-220250

17167,-219528

17167,-219888

17167,-220182

17167,-221966

17167,-218948

17167,-217292

17167,-220442

17167,-219372

17167,-222642

17167,-219166

17167,-221646

17167,-217792

17167,-220650

17167,-218196

17167,-219990

17167,-221016

17167,-219994

17167,-218474

17167,-221414

17167,-221432

17167,-219614

17167,-218300

17167,-218798

17167,-218982

17168,-217570

17168,-221234

17168,-221440

17168,-221842

17168,-220028

17168,-218410

17168,-218654

17168,-222166

17168,-220066

17168,-219102

17168,-219228

17168,-219562

17168,-218790

17168,-221912

17168,-220014

17168,-218616

17168,-221550

17168,-216276

17168,-222160

17168,-220032

17168,-223454

17168,-217782

17168,-221008

17168,-219002

17168,-219716

17168,-215562

17168,-220356

17168,-217806

17168,-218140

17168,-218816

17168,-219946

17168,-221238

17168,-220582

17168,-223478

17168,-220050

17168,-223744

17168,-218690

17168,-222094

17168,-220796

17168,-223194

17168,-220768

17168,-222760

17168,-222002

17168,-218588

17168,-221998

17168,-220328

17168,-219408

17168,-220636

17168,-218544

17168,-219706

17168,-217774

17168,-221582

17168,-218202

17168,-218544

17168,-218136

17168,-218758

17168,-219918

17168,-220052

17168,-220346

17168,-220968

17168,-219790

17168,-216674

17168,-216928

17168,-218030

17168,-218180

17169,-216690

17169,-218842

17169,-217384

17169,-219764

17169,-218264

17169,-219972

17169,-221128

17169,-219536

17169,-218910

17169,-217550

17169,-220898

17169,-217786

17169,-219936

17169,-218812

17169,-218624

17169,-217024

17169,-220718

17169,-220158

17169,-220624

17169,-220640

17169,-217856

17169,-218626

17169,-218452

17169,-219790

17169,-217776

17169,-219606

17169,-217926

17169,-219858

17169,-218800

17169,-221774

17169,-219626

17169,-221084

17169,-217874

17169,-217992

17169,-219070

17169,-219152

17169,-218108

17169,-218864

17169,-217814

17169,-218978

17169,-216542

17169,-218236

17169,-219876

17169,-216238

17169,-218834

17169,-216752

17169,-216216

17169,-216972

17169,-215982

17169,-214844

17169,-214746

17169,-217730

17169,-215264

17169,-218474

17169,-217884

17169,-217264

17169,-218194

17169,-216508

17169,-217770

17169,-215516

17169,-218760

17169,-216212

17169,-216540

17169,-216878

17169,-215072

17170,-216576

17170,-214602

17170,-215010

17170,-214484

17170,-215002

17170,-214322

17170,-214574

17170,-213294

17170,-214946

17170,-215050

17170,-215902

17170,-216530

17170,-217608

17170,-213768

17170,-217830

17170,-215276

17170,-214656

17170,-214090

17170,-214568

17170,-214026

17170,-213948

17170,-217342

17170,-216924

17170,-215724

17170,-218254

17170,-214356

17170,-214742

17170,-215318

17170,-214002

17170,-214872

17170,-213586

17170,-214668

17170,-214610

17170,-212776

17170,-213526

17170,-214756

17170,-216414

17170,-213092

17170,-213696

17170,-215658

17170,-212378

17170,-213844

17170,-213122

17170,-214264

17170,-215640

17170,-212262

17170,-215188

17170,-213682

17170,-214126

17170,-214992

17170,-213156

17170,-212046

17170,-211960

17170,-212798

17170,-213336

17170,-212414

17170,-211632

17170,-212622

17170,-210484

17170,-213420

17170,-213530

17170,-214688

17170,-213608

17170,-212086

17171,-211620

17171,-214032

17171,-213546

17171,-215042

17171,-214826

17171,-213286

17171,-216498

17171,-215648

17171,-216574

17171,-215016

17171,-215878

17171,-213522

17171,-214042

17171,-212026

17171,-215538

17171,-212552

17171,-216970

17171,-214492

17171,-214860

17171,-215956

17171,-216608

17171,-213588

17171,-215760

17171,-215256

17171,-213878

17171,-215584

17171,-216108

17171,-215334

17171,-214760

17171,-213906

17171,-213622

17171,-216514

17171,-215580

17171,-216086

17171,-214146

17171,-214540

17171,-215282

17171,-214846

17171,-214120

17171,-215614

17171,-217258

17171,-214958

17171,-217106

17171,-214528

17171,-216012

17171,-216972

17171,-215132

17171,-213830

17171,-213804

17171,-216176

17171,-215280

17171,-213860

17171,-215588

17171,-215386

17171,-213798

17171,-214170

17171,-215472

17171,-215082

17171,-213664

17171,-217168

17171,-215898

17171,-213602

17171,-214122

17171,-213196

17171,-213536

17172,-214592

17172,-214152

17172,-211894

17172,-212938

17172,-216578

17172,-217140

17172,-214556

17172,-216962

17172,-216662

17172,-214076

17172,-216170

17172,-214614

17172,-213512

17172,-216146

17172,-215234

17172,-216048

17172,-213534

17172,-218184

17172,-213394

17172,-214192

17172,-214800

17172,-217502

17172,-216090

17172,-215912

17172,-216968

17172,-215344

17172,-215740

17172,-215792

17172,-215778

17172,-216736

17172,-215478

17172,-217038

17172,-216170

17172,-213974

17172,-215832

17172,-214998

17172,-212478

17172,-214024

17172,-213602

17172,-214180

17172,-215554

17172,-213092

17172,-213890

17172,-216512

17172,-213388

17172,-215432

17172,-215222

17172,-214330

17172,-215038

17172,-210752

17172,-214594

17172,-212266

17172,-213994

17172,-214102

17172,-212704

17172,-214638

17172,-211280

17172,-210702

17172,-211908

17172,-214182

17172,-212164

17172,-210544

17172,-212850

17172,-211540

17173,-210348

17173,-210804

17173,-210370

17173,-209044

17173,-211890

17173,-212382

17173,-211454

17173,-211056

17173,-214300

17173,-211592

17173,-211470

17173,-211406

17173,-212630

17173,-209344

17173,-211108

17173,-210818

17173,-211668

17173,-210688

17173,-211418

17173,-212528

17173,-209946

17173,-214014

17173,-210188

17173,-208380

17173,-212426

17173,-210438

17173,-208496

17173,-211922

17173,-208724

17173,-211692

17173,-209230

17173,-211520

17173,-209462

17173,-209482

17173,-212454

17173,-210014

17173,-208594

17173,-210430

17173,-206114

17173,-212366

17173,-208778

17173,-208328

17173,-209854

17173,-209120

17173,-211358

17173,-208184

17173,-212016

17173,-210812

17173,-210006

17173,-210796

17173,-210302

17173,-208098

17173,-211696

17173,-208442

17173,-210200

17173,-206834

17173,-209226

17173,-208364

17173,-208800

17173,-205516

17173,-207272

17173,-207884

17173,-207516

17173,-205694

17173,-205378

17174,-205918

17174,-205982

17174,-207444

17174,-206962

17174,-205210

17174,-209012

17174,-206740

17174,-208256

17174,-206526

17174,-206472

17174,-206682

17174,-205438

17174,-205306

17174,-205480

17174,-203740

17174,-206070

17174,-206064

17174,-204766

17174,-205872

17174,-204908

17174,-204576

17174,-205200

17174,-203772

17174,-204380

17174,-202608

17174,-203780

17174,-201426

17174,-204946

17174,-200920

17174,-204428

17174,-205120

17174,-204972

17174,-203098

17174,-202124

17174,-203314

17174,-200362

17174,-201776

17174,-201620

17174,-205354

17174,-201930

17174,-203192

17174,-201892

17174,-202096

17174,-202986

17174,-203468

17174,-202232

17174,-201556

17174,-201876

17174,-203160

17174,-201338

17174,-199700

17174,-199270

17174,-200742

17174,-203692

17174,-200818

17174,-202988

17174,-200312

17174,-200128

17174,-202200

17174,-202808

17174,-199776

17174,-198934

17174,-201788

17174,-198256

17175,-197994

17175,-200578

17175,-199354

17175,-200128

17175,-201632

17175,-200294

17175,-201454

17175,-202356

17175,-201182

17175,-202422

17175,-202502

17175,-202268

17175,-200662

17175,-199058

17175,-201146

17175,-201462

17175,-202082

17175,-200636

17175,-198838

17175,-201316

17175,-200118

17175,-201830

17175,-199214

17175,-203302

17175,-202642

17175,-199668

17175,-201590

17175,-200694

17175,-202362

17175,-202114

17175,-201154

17175,-199562

17175,-201888

17175,-200870

17175,-200244

17175,-199970

17175,-202016

17175,-199534

17175,-199520

17175,-199518

17175,-198024

17175,-199582

17175,-197348

17175,-201894

17175,-197860

17175,-199306

17175,-198366

17175,-198820

17175,-197154

17175,-199274

17175,-197316

17175,-198162

17175,-199212

17175,-198638

17175,-197824

17175,-197960

17175,-194960

17175,-197506

17175,-195926

17175,-199160

17175,-195682

17175,-195806

17175,-198564

17175,-197294

17175,-195196

17176,-196972

17176,-194254

17176,-195758

17176,-197544

17176,-194026

17176,-195200

17176,-192588

17176,-195628

17176,-194250

17176,-195852

17176,-192380

17176,-195892

17176,-196064

17176,-197158

17176,-193034

17176,-196590

17176,-196806

17176,-195194

17176,-195618

17176,-195032

17176,-195874

17176,-195018

17176,-195448

17176,-194184

17176,-194758

17176,-194270

17176,-194300

17176,-195378

17176,-194744

17176,-192844

17176,-196216

17176,-194224

17176,-194272

17176,-194202

17176,-196498

17176,-195498

17176,-195624

17176,-196254

17176,-195426

17176,-193686

17176,-192002

17177,-192972

17177,-193610

17177,-191398

17177,-192516

17177,-194834

17177,-193636

17177,-191786

17177,-192820

17177,-192600

17177,-190964

17177,-191456

17177,-192816

17177,-194298

17177,-192250

17177,-192774

17177,-192146

17177,-191700

17177,-191748

17177,-194146

17177,-192366

17177,-193330

17177,-193156

17177,-190660

17177,-192904

17177,-190642

17177,-194836

17178,-191812

17178,-192802

17178,-193038

17178,-192582

17178,-190842

17178,-192886

17178,-193108

17178,-191704

17178,-194174

17178,-190132

17178,-194308

17178,-191628

17178,-192852

17178,-192716

17178,-191720

17178,-188926

17178,-195390

17178,-189988

17178,-192220

17178,-193634

17178,-194242

17178,-192326

17178,-193010

17178,-193808

17178,-193842

17178,-192934

17178,-192526

17178,-191656

17178,-192916

17178,-194450

17178,-189600

17178,-193724

17178,-190018

17178,-192136

17178,-189334

17178,-190336

17178,-190312

17178,-190006

17178,-189428

17178,-190644

17178,-190638

17178,-189804

17178,-192662

17178,-189402

17178,-187938

17178,-192222

17178,-191046

17178,-191328

17178,-188990

17178,-188006

17178,-191502

17178,-190152

17178,-189284

17178,-189472

17178,-189020

17178,-190874

17178,-188014

17178,-189192

17178,-189252

17178,-191648

17178,-189090

17178,-190118

17178,-189064

17178,-190246

17178,-187752

17179,-186884

17179,-188904

17179,-189330

17179,-187378

17179,-190838

17179,-188510

17179,-189668

17179,-188094

17179,-189378

17179,-188924

17179,-188602

17179,-187952

17179,-187212

17179,-189042

17179,-189370

17179,-189880

17179,-188146

17179,-190768

17179,-187818

17179,-187806

17179,-188860

17179,-187634

17179,-185114

17179,-186092

17179,-187728

17179,-184768

17179,-185740

17179,-186398

17179,-186576

17179,-185742

17179,-185978

17179,-183444

17179,-187180

17179,-186912

17179,-186486

17179,-185272

17179,-188244

17179,-185744

17179,-187012

17179,-184260

17179,-186002

17179,-184788

17179,-186854

17179,-186370

17179,-184580

17179,-183688

17179,-187986

17179,-184190

17179,-188978

17179,-184680

17179,-183974

17179,-185228

17179,-189264

17179,-186758

17179,-185936

17179,-186556

17179,-184210

17179,-187114

17179,-185476

17179,-183660

17179,-184178

17179,-181540

17179,-183994

17179,-184224

17180,-183850

17180,-184412

17180,-182672

17180,-184066

17180,-181838

17180,-180286

17180,-182612

17180,-182656

17180,-183278

17180,-183324

17180,-181020

17180,-181740

17180,-182808

17180,-182072

17180,-182028

17180,-180554

17180,-180774

17180,-181282

17180,-182626

17180,-181162

17180,-181106

17180,-180672

17180,-181894

17180,-182300

17180,-178682

17180,-179430

17180,-181780

17180,-180708

17180,-178978

17180,-181466

17180,-179716

17180,-178936

17180,-180248

17180,-178908

17180,-178520

17180,-179594

17180,-179594

17180,-177786

17180,-179244

17180,-177942

17180,-179286

17180,-178310

17180,-179070

17180,-179386

17180,-180448

17180,-177842

17180,-179532

17180,-178902

17180,-176922

17180,-177966

17180,-178996

17180,-178718

17180,-178834

17180,-179972

17180,-177222

17180,-178846

17180,-178874

17180,-175782

17180,-177866

17180,-177976

17180,-176292

17180,-178212

17180,-177782

17180,-176428

17180,-174986

17181,-174476

17181,-175122

17181,-174598

17181,-174936

17181,-173244

17181,-173726

17181,-175342

17181,-174734

17181,-174616

17181,-172168

17181,-171854

17181,-172434

17181,-171064

17181,-172548

17181,-172722

17181,-171208

17181,-171578

17181,-173030

17181,-175932

17181,-171066

17181,-171734

17181,-173418

17181,-171172

17181,-171772

17181,-173564

17181,-173000

17181,-176250

17181,-174204

17181,-175788

17181,-172804

17181,-172512

17181,-171020

17181,-172698

17181,-171656

17181,-170428

17181,-169418

17182,-168794

17182,-169414

17182,-169448

17182,-172698

17182,-172500

17182,-171612

17182,-171050

17182,-169416

17182,-172772

17182,-171960

17182,-169574

17182,-169306

17182,-170210

17182,-171316

17182,-167390

17182,-173128

17182,-169820

17182,-171714

17182,-171002

17182,-171542

17182,-171044

17182,-172610

17182,-170384

17182,-169902

17182,-170354

17182,-170572

17183,-171584

17183,-169160

17183,-170174

17183,-171042

17183,-171648

17183,-171388

17183,-172598

17183,-171464

17183,-171562

17183,-174030

17183,-172186

17183,-172304

17183,-171958

17183,-174280

17183,-171372

17183,-172098

17183,-170660

17183,-169050

17183,-172156

17183,-168608

17183,-171032

17183,-170706

17183,-171360

17183,-171998

17183,-170356

17183,-169562

17183,-172278

17183,-172494

17183,-171898

17183,-173808

17183,-171926

17183,-173794

17183,-172646

17183,-174628

17183,-171126

17183,-174180

17183,-171900

17183,-173014

17183,-172186

17183,-170352

17183,-173306

17183,-174230

17183,-172032

17183,-171654

17183,-175240

17183,-174754

17183,-170548

17183,-172466

17183,-171784

17183,-172010

17183,-172554

17183,-171556

17183,-170732

17183,-170994

17183,-170572

17183,-171050

17183,-170998

17183,-170068

17183,-171242

17183,-169130

17183,-171338

17183,-170008

17183,-170352

17183,-169738

17183,-171184

17184,-169246

17184,-171532

17184,-169978

17184,-170384

17184,-169524

17184,-170492

17184,-172496

17184,-170690

17184,-169130

17184,-171536

17184,-171636

17184,-169112

17184,-171912

17184,-171814

17184,-171872

17184,-168460

17184,-172592

17184,-170400

17184,-171606

17184,-170604

17184,-169252

17184,-171766

17184,-171258

17184,-170226

17184,-172834

17184,-170462

17184,-170334

17184,-169580

17184,-169082

17184,-172822

17184,-170396

17184,-171096

17184,-169986

17184,-171668

17184,-170008

17184,-170838

17184,-168168

17185,-171514

17185,-169146

17185,-170278

17185,-169798

17185,-166284

17185,-171138

17185,-170496

17185,-171446

17185,-170464

17185,-171672

17185,-169682

17185,-170410

17185,-169210

17185,-168934

17185,-170564

17185,-170938

17185,-170308

17185,-170608

17185,-170440

17185,-169586

17185,-167626

17185,-170078

17185,-171000

17185,-170092

17185,-171448

17185,-170442

17186,-170564

17186,-168190

17186,-171470

17186,-169898

17186,-171002

17186,-168452

17186,-169154

17186,-169686

17186,-170670

17186,-171276

17186,-169032

17186,-171430

17186,-172912

17186,-170754

17186,-171950

17186,-172622

17186,-170906

17186,-171488

17186,-172016

17186,-171302

17186,-171404

17186,-173594

17186,-170530

17186,-169156

17186,-168698

17186,-173752

17186,-167988

17186,-172584

17186,-171316

17186,-172624

17186,-173844

17186,-171752

17186,-175028

17186,-174972

17186,-172330

17186,-176552

17186,-173528

17186,-174572

17186,-175046

17186,-173520

17186,-175304

17186,-176272

17186,-171736

17186,-176310

17186,-175210

17186,-173022

17186,-175202

17186,-174030

17186,-174292

17186,-176548

17186,-173336

17186,-174568

17186,-173426

17186,-173252

17186,-175468

17186,-175246

17186,-175792

17186,-174032

17186,-174684

17186,-175382

17186,-176418

17186,-176450

17186,-178944

17186,-177146

17186,-177236

17187,-178530

17187,-177128

17187,-176168

17187,-173570

17187,-177388

17187,-176166

17187,-178588

17187,-174952

17187,-177748

17187,-178312

17187,-175860

17187,-179964

17187,-174950

17187,-180488

17187,-177558

17187,-178184

17187,-179188

17187,-180954

17187,-178350

17187,-178746

17187,-180390

17187,-181130

17187,-178576

17187,-180388

17187,-180512

17187,-179904

17187,-181134

17187,-180144

17187,-180450

17187,-178448

17187,-182230

17187,-179296

17187,-181690

17187,-179256

17187,-180424

17187,-181360

17187,-182184

17187,-183112

17187,-180986

17187,-180652

17187,-183084

17187,-183956

17187,-183670

17187,-183640

17187,-184542

17187,-184022

17187,-181340

17187,-183760

17187,-183066

17187,-184532

17187,-181096

17187,-182360

17187,-181812

17187,-182564

17187,-181294

17187,-179608

17187,-181884

17187,-182000

17187,-182186

17187,-181138

17187,-183950

17187,-181776

17187,-184434

17187,-185060

17188,-186236

17188,-183798

17188,-184096

17188,-184000

17188,-183278

17188,-185072

17188,-180826

17188,-186438

17188,-183622

17188,-183414

17188,-185240

17188,-182574

17188,-185516

17188,-184898

17188,-184494

17188,-183324

17188,-184980

17188,-182170

17188,-186716

17188,-185972

17188,-184224

17188,-183486

17188,-183832

17188,-185078

17188,-185042

17188,-184870

17188,-184774

17188,-187076

17188,-184110

17188,-187414

17188,-185322

17188,-183416

17188,-186528

17188,-183028

17188,-187014

17188,-185624

17188,-184094

17188,-186400

17188,-187766

17188,-188276

17188,-188540

17188,-186138

17188,-188734

17188,-187182

17188,-187672

17188,-188356

17188,-188300

17188,-185670

17188,-190410

17188,-187946

17188,-187136

17188,-189624

17188,-187394

17188,-188010

17188,-188810

17188,-188672

17188,-187210

17188,-187202

17188,-187612

17188,-190582

17188,-188290

17188,-188536

17188,-189670

17188,-190668

17188,-187924

17189,-189304

17189,-187324

17189,-190814

17189,-189968

17189,-190492

17189,-188984

17189,-190742

17189,-189968

17189,-189454

17189,-189172

17189,-190044

17189,-187998

17189,-189814

17189,-189736

17189,-189804

17189,-190442

17189,-187668

17189,-190384

17189,-187490

17189,-188118

17189,-190588

17189,-191102

17189,-188484

17189,-190658

17189,-190590

17189,-190590

17189,-190322

17189,-189696

17189,-188976

17189,-190332

17189,-191064

17189,-194094

17189,-191114

17189,-191772

17189,-190192

17189,-188066

17190,-192452

17190,-192846

17190,-191876

17190,-193348

17190,-189680

17190,-192500

17190,-191148

17190,-189920

17190,-192834

17190,-191136

17190,-190592

17190,-191772

17190,-191254

17190,-193226

17190,-193618

17190,-191074

17190,-192832

17190,-190228

17190,-192496

17190,-192358

17190,-194324

17190,-190408

17190,-194024

17190,-193936

17190,-193304

17190,-192106

17191,-193494

17191,-195466

17191,-193088

17191,-194412

17191,-194568

17191,-194242

17191,-191676

17191,-194356

17191,-193196

17191,-196182

17191,-196130

17191,-194948

17191,-196726

17191,-192694

17191,-195342

17191,-192686

17191,-195488

17191,-195470

17191,-194094

17191,-196866

17191,-194442

17191,-194854

17191,-196776

17191,-197236

17191,-196146

17191,-198718

17191,-196630

17191,-200142

17191,-200080

17191,-198810

17191,-196312

17191,-197132

17191,-196038

17191,-195948

17191,-196418

17191,-197262

17191,-196618

17191,-196468

17191,-198172

17191,-196012

17191,-196820

17191,-197586

17191,-198294

17191,-197240

17191,-196382

17191,-196878

17191,-199116

17191,-198160

17191,-195748

17191,-199596

17191,-195374

17191,-199880

17191,-197670

17191,-200144

17191,-201528

17191,-200282

17191,-197864

17191,-201296

17191,-200542

17191,-200054

17191,-200036

17191,-196204

17191,-198690

17191,-199838

17191,-200162

17192,-200902

17192,-200362

17192,-200220

17192,-198770

17192,-197636

17192,-200072

17192,-198074

17192,-202194

17192,-199760

17192,-198396

17192,-199916

17192,-197344

17192,-199760

17192,-198850

17192,-197636

17192,-201306

17192,-202552

17192,-201174

17192,-203160

17192,-202732

17192,-199258

17192,-200716

17192,-202638

17192,-201468

17192,-202054

17192,-201356

17192,-200654

17192,-202050

17192,-202022

17192,-201790

17192,-201296

17192,-202168

17192,-200754

17192,-201966

17192,-201312

17192,-199148

17192,-200306

17193,-203150

17193,-202124

17193,-203326

17193,-201364

17193,-203438

17193,-202734

17193,-204168

17193,-202422

17193,-206766

17193,-204166

17193,-202404

17193,-205680

17193,-204698

17193,-205928

17193,-206194

17193,-207008

17193,-206508

17193,-206284

17193,-205438

17193,-208100

17193,-204758

17193,-205888

17193,-205302

17193,-204900

17193,-205694

17193,-204604

17194,-205744

17194,-208150

17194,-205830

17194,-205934

17194,-205542

17194,-206416

17194,-206162

17194,-209324

17194,-205482

17194,-204372

17194,-206582

17194,-207034

17194,-207314

17194,-207932

17194,-208260

17194,-208842

17194,-210686

17194,-207688

17194,-209232

17194,-208238

17194,-207748

17194,-208512

17194,-207194

17194,-208384

17194,-209224

17194,-209726

17194,-208254

17194,-209688

17194,-209510

17194,-207824

17194,-210818

17194,-208328

17194,-208644

17194,-207394

17194,-207146

17194,-210650

17194,-206994

17194,-209240

17194,-206592

17194,-208336

17194,-208728

17194,-209330

17194,-209320

17194,-210222

17194,-211442

17194,-207070

17194,-208424

17194,-208732

17194,-208174

17194,-211066

17194,-209786

17194,-210602

17194,-209640

17194,-211478

17194,-210620

17194,-209090

17194,-211390

17194,-207054

17194,-210352

17194,-209026

17194,-208920

17194,-207470

17194,-211266

17194,-209618

17194,-210822

17195,-212118

17195,-208936

17195,-211444

17195,-209236

17195,-210970

17195,-210160

17195,-214302

17195,-209232

17195,-213810

17195,-211408

17195,-212140

17195,-210472

17195,-214272

17195,-210498

17195,-211372

17195,-211508

17195,-212366

17195,-212692

17195,-211938

17195,-212496

17195,-210846

17195,-209950

17195,-211058

17195,-209812

17195,-210028

17195,-211520

17195,-211528

17195,-211046

17195,-212912

17195,-210640

17195,-212302

17195,-212334

17195,-214396

17195,-210732

17195,-214320

17195,-207134

17195,-210870

17195,-212704

17195,-212010

17195,-212420

17195,-212106

17195,-211614

17195,-210952

17195,-211426

17195,-211168

17195,-210620

17195,-211116

17195,-213196

17195,-212990

17195,-213682

17195,-213130

17195,-212714

17195,-214256

17195,-213512

17195,-213498

17195,-212042

17195,-211316

17195,-210626

17195,-208854

17195,-211556

17195,-211830

17195,-211406

17195,-210982

17195,-211084

17196,-210626

17196,-210450

17196,-212728

17196,-210252

17196,-209764

17196,-211482

17196,-208388

17196,-209836

17196,-209738

17196,-211442

17196,-209382

17196,-209142

17196,-211284

17196,-210754

17196,-210624

17196,-212286

17196,-209224

17196,-212084

17196,-209190

17196,-211194

17196,-209740

17196,-211284

17196,-210596

17196,-212326

17196,-210788

17196,-211876

17196,-211092

17196,-211662

17196,-210062

17196,-209678

17196,-210108

17196,-208652

17196,-209632

17196,-211710

17196,-208546

17196,-207996

17196,-210648

17196,-209380

17196,-208922

17196,-206384

17196,-209602

17196,-209862

17196,-209060

17196,-211762

17196,-210042

17196,-210478

17196,-210618

17196,-210438

17196,-208776

17196,-209330

17196,-209996

17196,-209758

17196,-209834

17196,-208334

17196,-210768

17196,-210318

17196,-209712

17196,-210846

17196,-210238

17196,-210180

17196,-209318

17196,-209514

17196,-210860

17196,-210492

17196,-207004

17197,-212864

17197,-211360

17197,-209826

17197,-209180

17197,-209954

17197,-211450

17197,-211970

17197,-211740

17197,-212720

17197,-211292

17197,-212088

17197,-211528

17197,-213542

17197,-210778

17197,-209056

17197,-212042

17197,-207880

17197,-210380

17197,-211842

17197,-209008

17197,-210252

17197,-209694

17197,-211038

17197,-210252

17197,-209254

17197,-213816

17197,-210590

17197,-212222

17197,-211940

17197,-210706

17197,-212338

17197,-212818

17197,-210578

17197,-211708

17197,-214126

17197,-209524

17198,-213094

17198,-211408

17198,-209574

17198,-212258

17198,-212912

17198,-209598

17198,-211734

17198,-212572

17198,-214634

17198,-210948

17198,-210300

17198,-211774

17198,-211788

17198,-213116

17198,-210754

17198,-211318

17198,-211900

17198,-212526

17198,-213836

17198,-214310

17198,-213094

17198,-212160

17198,-212116

17198,-213110

17198,-214436

17198,-213146

17199,-213030

17199,-212022

17199,-214494

17199,-215960

17199,-212778

17199,-216148

17199,-213160

17199,-216968

17199,-216212

17199,-216770

17199,-217822

17199,-216798

17199,-217968

17199,-215824

17199,-218274

17199,-216558

17199,-221978

17199,-218792

17199,-219968

17199,-218988

17199,-220608

17199,-219560

17199,-221076

17199,-219062

17199,-221992

17199,-224548

17199,-221488

17199,-222216

17199,-224414

17199,-222098

17199,-222720

17199,-222514

17199,-225108

17199,-222536

17199,-224254

17199,-225694

17199,-224234

17199,-227546

17199,-223322

17199,-225642

17199,-224780

17199,-225882

17199,-228244

17199,-224984

17199,-227542

17199,-229218

17199,-228532

17199,-226962

17199,-230756

17199,-228852

17199,-228752

17199,-231184

17199,-229322

17199,-231720

17199,-228740

17199,-230410

17199,-229886

17199,-230054

17199,-231720

17199,-231970

17199,-232188

17199,-234926

17199,-231954

17199,-236116

17199,-232984

17200,-232452

17200,-234546

17200,-235266

17200,-234544

17200,-237510

17200,-234256

17200,-237902

17200,-237562

17200,-236150

17200,-238538

17200,-238510

17200,-237384

17200,-236470

17200,-239640

17200,-237528

17200,-238662

17200,-237926

17200,-241614

17200,-242534

17200,-239652

17200,-245024

17200,-239962

17200,-243364

17200,-240542

17200,-242972

17200,-240644

17200,-244860

17200,-242150

17200,-247870

17200,-242400

17200,-244338

17200,-245390

17200,-244026

17200,-249894

17200,-245486

17200,-249372

17200,-247080

17201,-248340

17201,-248212

17201,-249784

17201,-248046

17201,-247294

17201,-246824

17201,-248774

17201,-249104

17201,-250252

17201,-247732

17201,-251648

17201,-247576

17201,-249378

17201,-251884

17201,-251648

17201,-250280

17201,-251598

17201,-250516

17201,-252040

17201,-252556

17201,-251150

17201,-250888

17201,-249834

17201,-253812

17201,-252206

17201,-252272

17202,-255406

17202,-253566

17202,-251186

17202,-254480

17202,-254424

17202,-255778

17202,-252044

17202,-255330

17202,-253852

17202,-254690

17202,-253912

17202,-254966

17202,-255240

17202,-256986

17202,-259390

17202,-259106

17202,-258456

17202,-259536

17202,-257836

17202,-257376

17202,-258644

17202,-263236

17202,-257832

17202,-263896

17202,-260568

17202,-262332

17202,-262338

17202,-260316

17202,-261756

17202,-262576

17202,-265564

17202,-263458

17202,-265770

17202,-265648

17202,-263664

17202,-265146

17202,-266734

17202,-264710

17202,-265868

17202,-265088

17202,-269282

17202,-268992

17202,-270170

17202,-269526

17202,-269586

17202,-270580

17202,-269582

17202,-272338

17202,-271506

17202,-269854

17202,-270268

17202,-272536

17202,-273594

17202,-270558

17202,-272112

17202,-270876

17202,-273442

17202,-273288

17202,-273776

17202,-272098

17202,-275418

17202,-273186

17202,-273718

17202,-276262

17202,-276504

17203,-276560

17203,-275870

17203,-276802

17203,-277972

17203,-277738

17203,-278480

17203,-278004

17203,-279144

17203,-279612

17203,-281252

17203,-278340

17203,-281136

17203,-281420

17203,-279160

17203,-280944

17203,-280916

17203,-280608

17203,-282052

17203,-281222

17203,-281232

17203,-282122

17203,-281844

17203,-282628

17203,-284012

17203,-284112

17203,-284580

17203,-285706

17203,-282232

17203,-285076

17203,-284922

17203,-288424

17203,-287508

17203,-287254

17203,-287828

17203,-286834

17203,-288452

17203,-288096

17203,-289758

17203,-287640

17203,-288110

17203,-288734

17203,-290180

17203,-289974

17203,-286158

17203,-289982

17203,-288948

17203,-290594

17203,-292840

17203,-293080

17203,-290172

17203,-290548

17203,-290192

17203,-294860

17203,-292668

17203,-293894

17203,-292402

17203,-296892

17203,-294022

17203,-294678

17203,-295472

17203,-293680

17203,-296674

17203,-296518

17203,-297680

17204,-295460

17204,-297286

17204,-298804

17204,-297512

17204,-299698

17204,-300466

17204,-301022

17204,-301928

17204,-303006

17204,-301820

17204,-301056

17204,-299964

17204,-303884

17204,-301188

17204,-304006

17204,-305322

17204,-304786

17204,-304500

17204,-304526

17204,-308896

17204,-305846

17204,-307458

17204,-305288

17204,-307252

17204,-308668

17204,-309322

17204,-309582

17204,-307652

17204,-310880

17204,-307150

17204,-310124

17204,-309448

17204,-310464

17204,-312252

17204,-314808

17204,-313814

17204,-311810

17204,-312492

17204,-315140

17204,-315714

17204,-313824

17204,-314442

17204,-315102

17204,-313644

17204,-314788

17204,-318306

17204,-313328

17204,-319858

17204,-318092

17204,-317642

17204,-315356

17204,-318324

17204,-318288

17204,-318582

17204,-319092

17204,-316658

17204,-320094

17204,-319362

17204,-320040

17204,-319850

17204,-323116

17204,-321354

17204,-321778

17204,-322010

17204,-320742

17205,-321916

17205,-321334

17205,-324500

17205,-323234

17205,-325406

17205,-325152

17205,-325536

17205,-327230

17205,-325102

17205,-325782

17205,-327492

17205,-326974

17205,-326228

17205,-325338

17205,-326590

17205,-325686

17205,-327590

17205,-328500

17205,-328654

17205,-328796

17205,-329606

17205,-330184

17205,-328386

17205,-333780

17205,-329602

17205,-330166

17205,-330992

17205,-333626

17205,-331640

17205,-334006

17205,-334350

17205,-333562

17205,-334228

17205,-334308

17205,-333712

17205,-334832

17206,-336284

17206,-336944

17206,-333730

17206,-337612

17206,-335846

17206,-337496

17206,-341076

17206,-337422

17206,-339394

17206,-341026

17206,-341934

17206,-339484

17206,-341450

17206,-341600

17206,-341110

17206,-338346

17206,-341668

17206,-341856

17206,-343092

17206,-342264

17206,-342364

17206,-342890

17206,-343954

17206,-342878

17206,-344076

17206,-343810

17207,-344714

17207,-343330

17207,-345862

17207,-343554

17207,-345794

17207,-345722

17207,-346458

17207,-346678

17207,-346122

17207,-348404

17207,-346480

17207,-349140

17207,-346990

17207,-351410

17207,-349928

17207,-350200

17207,-349866

17207,-350512

17207,-351044

17207,-349630

17207,-349720

17207,-349812

17207,-350464

17207,-350918

17207,-352998

17207,-351024

17207,-351520

17207,-351500

17207,-351786

17207,-352110

17207,-352982

17207,-355404

17207,-351422

17207,-352542

17207,-352762

17207,-352870

17207,-357190

17207,-356848

17207,-357014

17207,-357076

17207,-359366

17207,-357486

17207,-358782

17207,-357340

17207,-358926

17207,-359672

17207,-359682

17207,-359270

17207,-359326

17207,-358802

17207,-360258

17207,-360434

17207,-360516

17207,-361138

17207,-361154

17207,-362720

17207,-364052

17207,-361338

17207,-362800

17207,-363108

17207,-361764

17207,-364312

17207,-365414

17207,-364374

17207,-366632

17208,-364348

17208,-367878

17208,-365914

17208,-365058

17208,-365166

17208,-366218

17208,-367884

17208,-365634

17208,-369166

17208,-368822

17208,-370286

17208,-369624

17208,-369452

17208,-369182

17208,-369360

17208,-371084

17208,-371454

17208,-369744

17208,-371194

17208,-372050

17208,-372064

17208,-373082

17208,-373800

17208,-375056

17208,-375606

17208,-376758

17208,-374902

17208,-373532

17208,-375470

17208,-375900

17208,-376438

17208,-375002

17208,-375768

17208,-376496

17208,-377778

17208,-375306

17208,-375746

17209,-377526

17209,-377196

17209,-378816

17209,-378652

17209,-379482

17209,-378450

17209,-379206

17209,-380784

17209,-380650

17209,-379406

17209,-379212

17209,-379630

17209,-381276

17209,-380188

17209,-383102

17209,-379956

17209,-381740

17209,-382540

17209,-381380

17209,-382134

17209,-384218

17209,-384248

17209,-384856

17209,-383160

17209,-386324

17209,-384746

17210,-386378

17210,-385536

17210,-387054

17210,-387706

17210,-385962

17210,-387778

17210,-389806

17210,-389862

17210,-388494

17210,-387510

17210,-387888

17210,-387146

17210,-390166

17210,-388926

17210,-390132

17210,-391304

17210,-391214

17210,-390108

17210,-390974

17210,-391414

17210,-393008

17210,-391128

17210,-392578

17210,-391278

17210,-392756

17210,-392688

17210,-391278

17210,-393750

17210,-392008

17210,-395316

17210,-393656

17210,-396656

17210,-394430

17210,-397658

17210,-397042

17210,-395518

17210,-398238

17210,-396320

17210,-399260

17210,-398724

17210,-399426

17210,-397540

17210,-398636

17210,-398542

17210,-398928

17210,-398318

17210,-397658

17210,-400360

17210,-399030

17210,-400108

17210,-399810

17210,-398482

17210,-401856

17210,-402506

17210,-398754

17210,-401790

17210,-401276

17210,-399124

17210,-400506

17210,-400268

17210,-401924

17210,-402482

17210,-401194

17210,-405826

17210,-401750

17211,-404482

17211,-405090

17211,-405852

17211,-407136

17211,-406304

17211,-406676

17211,-407702

17211,-409048

17211,-406338

17211,-408180

17211,-407036

17211,-408318

17211,-407980

17211,-409486

17211,-407442

17211,-408604

17211,-408880

17211,-408566

17211,-410638

17211,-411438

17211,-409338

17211,-408806

17211,-408300

17211,-409748

17211,-409384

17211,-411658

17211,-409204

17211,-412500

17211,-411772

17211,-411498

17211,-410562

17211,-410418

17211,-412746

17211,-413312

17211,-413724

17211,-414784

17211,-412196

17211,-413888

17211,-416020

17211,-414294

17211,-418266

17211,-415244

17211,-416084

17211,-414132

17211,-417812

17211,-415198

17211,-417902

17211,-416906

17211,-417482

17211,-417794

17211,-419356

17211,-417888

17211,-416608

17211,-417418

17211,-419992

17211,-418262

17211,-420578

17211,-416774

17211,-421306

17211,-421714

17211,-419686

17211,-420166

17211,-421362

17211,-422912

17212,-420004

17212,-419964

17212,-424134

17212,-420684

17212,-422820

17212,-422492

17212,-423056

17212,-422818

17212,-424644

17212,-424576

17212,-424336

17212,-425388

17212,-422512

17212,-425840

17212,-424680

17212,-426182

17212,-426256

17212,-428158

17212,-427766

17212,-426720

17212,-425834

17212,-427054

17212,-427496

17212,-428786

17212,-430178

17212,-426204

17212,-429586

17212,-430314

17212,-430080

17212,-432900

17212,-432490

17212,-433018

17212,-432968

17212,-432322

17212,-432758

17212,-436000

17212,-432086

17212,-434414

17212,-432238

17212,-433464

17212,-435954

17212,-433330

17212,-432920

17212,-436004

17212,-437714

17212,-433818

17212,-437910

17212,-436454

17212,-438072

17212,-435870

17212,-438898

17212,-440520

17212,-436134

17212,-439236

17212,-438238

17212,-439726

17212,-440280

17212,-440796

17212,-441386

17212,-441624

17212,-440244

17212,-442280

17212,-442492

17212,-444218

17212,-442420

17213,-444586

17213,-441670

17213,-443704

17213,-441180

17213,-444204

17213,-443490

17213,-443696

17213,-447102

17213,-443974

17213,-448436

17213,-446884

17213,-445556

17213,-447628

17213,-449530

17213,-447040

17213,-449564

17213,-450882

17213,-449264

17213,-452544

17213,-450130

17213,-450784

17213,-449808

17213,-450996

17213,-451902

17213,-451068

17213,-453338

17213,-452150

17213,-454506

17213,-452720

17213,-455138

17213,-452624

17213,-456120

17213,-454360

17213,-456158

17213,-457624

17213,-454948

17214,-456764

17214,-456466

17214,-455066

17214,-455558

17214,-456818

17214,-456048

17214,-456566

17214,-456506

17214,-459158

17214,-457556

17214,-460254

17214,-458512

17214,-458172

17214,-457486

17214,-456768

17214,-459408

17214,-459874

17214,-458588

17214,-457760

17214,-460238

17214,-459948

17214,-462524

17214,-460952

17214,-462366

17214,-459176

17214,-462166

17215,-460248

17215,-461152

17215,-461008

17215,-461948

17215,-461168

17215,-459598

17215,-464598

17215,-460976

17215,-460814

17215,-460938

17215,-462144

17215,-461994

17215,-463146

17215,-463378

17215,-461982

17215,-461236

17215,-461064

17215,-461976

17215,-460646

17215,-462728

17215,-461596

17215,-463946

17215,-461674

17215,-462206

17215,-464316

17215,-461462

17215,-463766

17215,-464670

17215,-464512

17215,-461160

17215,-464112

17215,-463286

17215,-462922

17215,-462744

17215,-460684

17215,-464528

17215,-461828

17215,-461818

17215,-461146

17215,-464288

17215,-463452

17215,-464276

17215,-464674

17215,-463050

17215,-467130

17215,-461954

17215,-466160

17215,-463952

17215,-464672

17215,-462098

17215,-463914

17215,-463178

17215,-464526

17215,-463722

17215,-464750

17215,-464638

17215,-466888

17215,-466994

17215,-462394

17215,-467302

17215,-463732

17215,-464712

17215,-463470

17215,-469016

17215,-462856

17216,-465872

17216,-465276

17216,-466170

17216,-463652

17216,-465324

17216,-467332

17216,-462720

17216,-466024

17216,-464998

17216,-466304

17216,-465660

17216,-465400

17216,-467692

17216,-465886

17216,-466642

17216,-466592

17216,-470244

17216,-465872

17216,-468232

17216,-468516

17216,-466746

17216,-467610

17216,-468688

17216,-467998

17216,-469742

17216,-468844

17216,-470012

17216,-470896

17216,-469398

17216,-470254

17216,-471822

17216,-469962

17216,-471254

17216,-469362

17216,-472380

17216,-471014

17216,-468672

17217,-469902

17217,-471742

17217,-471658

17217,-472512

17217,-470882

17217,-474836

17217,-473894

17217,-473070

17217,-474140

17217,-474680

17217,-473040

17217,-473576

17217,-472516

17217,-476434

17217,-473306

17217,-473682

17217,-475508

17217,-472328

17217,-474744

17217,-474858

17217,-474384

17217,-474394

17217,-477124

17217,-476598

17217,-476806

17217,-474628

17218,-474258

17218,-476088

17218,-473444

17218,-476248

17218,-475624

17218,-475388

17218,-476044

17218,-475700

17218,-478578

17218,-476608

17218,-476638

17218,-473910

17218,-477310

17218,-477274

17218,-476302

17218,-478700

17218,-477290

17218,-476768

17218,-477442

17218,-478796

17218,-475482

17218,-474856

17218,-477254

17218,-478020

17218,-476848

17218,-477418

17218,-478408

17218,-478002

17218,-476212

17218,-476322

17218,-477948

17218,-476966

17218,-478714

17218,-477324

17218,-477734

17218,-478666

17218,-480956

17218,-477414

17218,-479648

17218,-480592

17218,-478582

17218,-479856

17218,-478652

17218,-479094

17218,-480632

17218,-479200

17218,-476838

17218,-477768

17218,-476846

17218,-478376

17218,-478568

17218,-480142

17218,-479758

17218,-479926

17218,-477676

17218,-478940

17218,-478996

17218,-481008

17218,-478064

17218,-477312

17218,-480230

17218,-478316

17218,-479916

17218,-481466

17218,-480376

17219,-479920

17219,-479508

17219,-478916

17219,-479698

17219,-480968

17219,-481216

17219,-483232

17219,-480532

17219,-482306

17219,-480372

17219,-481930

17219,-479866

17219,-483164

17219,-483264

17219,-483348

17219,-480854

17219,-481578

17219,-482558

17219,-482452

17219,-482708

17219,-482436

17219,-482396

17219,-480698

17219,-483490

17219,-480448

17219,-483338

17219,-480496

17219,-482582

17219,-482684

17219,-483498

17219,-482506

17219,-485766

17219,-482388

17219,-483374

17219,-482686

17219,-479806

17219,-481454

17219,-482808

17219,-482542

17219,-482918

17219,-483338

17219,-483582

17219,-484172

17219,-485036

17219,-483166

17219,-484866

17219,-483506

17219,-484270

17219,-485944

17219,-485328

17219,-486446

17219,-485348

17219,-485014

17219,-483240

17219,-483090

17219,-484682

17219,-484386

17219,-483412

17219,-484666

17219,-485524

17219,-484078

17219,-483790

17219,-482594

17219,-483602

17220,-481970

17220,-484752

17220,-483208

17220,-484466

17220,-481772

17220,-487482

17220,-483976

17220,-485178

17220,-485192

17220,-483640

17220,-485924

17220,-484454

17220,-485888

17220,-485668

17220,-485660

17220,-485786

17220,-485222

17220,-485930

17220,-486940

17220,-482938

17220,-486110

17220,-484336

17220,-485060

17220,-485468

17220,-485984

17220,-484868

17220,-486184

17220,-484764

17220,-486898

17220,-485330

17220,-486644

17220,-488448

17220,-488026

17220,-488328

17220,-488716

17220,-487526

17220,-487426

17220,-489434

17220,-486106

17220,-488618

17220,-486190

17220,-488234

17220,-487900

17220,-487144

17220,-486998

17220,-489022

17220,-486750

17220,-488176

17220,-489334

17220,-485712

17220,-485972

17220,-486676

17220,-488048

17220,-487138

17220,-487426

17220,-484926

17220,-488316

17220,-485554

17220,-490204

17220,-485950

17220,-489234

17220,-487666

17220,-489472

17220,-486466

17220,-489360

17221,-487280

17221,-489376

17221,-488368

17221,-488118

17221,-490176

17221,-487074

17221,-490664

17221,-487906

17221,-488136

17221,-487914

17221,-486246

17221,-486864

17221,-488332

17221,-487272

17221,-489056

17221,-487714

17221,-488204

17221,-490692

17221,-489876

17221,-487346

17221,-489864

17221,-484584

17221,-487858

17221,-487570

17221,-485484

17221,-487130

17221,-486326

17221,-485598

17221,-487814

17221,-489206

17221,-485956

17221,-488708

17221,-487056

17221,-489014

17221,-485890

17221,-490390

17222,-486490

17222,-487634

17222,-486308

17222,-485238

17222,-484646

17222,-485136

17222,-481920

17222,-484524

17222,-486984

17222,-482850

17222,-486460

17222,-484460

17222,-484906

17222,-483008

17222,-485160

17222,-482318

17222,-482888

17222,-485364

17222,-484522

17222,-484386

17222,-483204

17222,-486040

17222,-484720

17222,-487710

17222,-483928

17222,-486054

17223,-486452

17223,-484228

17223,-483332

17223,-483680

17223,-481528

17223,-483074

17223,-479934

17223,-483084

17223,-480586

17223,-482994

17223,-484340

17223,-480928

17223,-482658

17223,-485484

17223,-480288

17223,-483558

17223,-482266

17223,-482938

17223,-481812

17223,-481194

17223,-482880

17223,-480542

17223,-481956

17223,-480520

17223,-481892

17223,-481384

17223,-483104

17223,-480330

17223,-481362

17223,-479834

17223,-481818

17223,-479610

17223,-482734

17223,-478420

17223,-479400

17223,-479656

17223,-479890

17223,-479314

17223,-476376

17223,-476354

17223,-477658

17223,-478428

17223,-477668

17223,-478460

17223,-476888

17223,-477254

17223,-475806

17223,-476400

17223,-477854

17223,-477582

17223,-477284

17223,-479016

17223,-476414

17223,-475624

17223,-476032

17223,-475474

17223,-475806

17223,-476342

17223,-476440

17223,-476022

17223,-475250

17223,-475800

17223,-474668

17223,-473492

17223,-475150

17224,-475248

17224,-473320

17224,-476974

17224,-474314

17224,-473168

17224,-476546

17224,-476748

17224,-472962

17224,-475990

17224,-474066

17224,-473894

17224,-477184

17224,-474262

17224,-474498

17224,-472900

17224,-477150

17224,-476458

17224,-472100

17224,-475326

17224,-472172

17224,-472916

17224,-473872

17224,-472868

17224,-473404

17224,-472264

17224,-473938

17224,-473820

17224,-472446

17224,-473226

17224,-472778

17224,-472780

17224,-470882

17224,-470354

17224,-473132

17224,-471618

17224,-470264

17224,-472476

17225,-472532

17225,-472570

17225,-474558

17225,-472002

17225,-469984

17225,-472356

17225,-472152

17225,-471326

17225,-471212

17225,-470776

17225,-468956

17225,-471858

17225,-468294

17225,-469290

17225,-468492

17225,-469976

17225,-470524

17225,-470382

17225,-468320

17225,-468412

17225,-468552

17225,-471610

17225,-469926

17225,-468648

17225,-472062

17225,-467290

17226,-467668

17226,-468404

17226,-468052

17226,-467844

17226,-468628

17226,-466986

17226,-469680

17226,-464400

17226,-468550

17226,-466482

17226,-467760

17226,-467172

17226,-466700

17226,-466044

17226,-466340

17226,-466704

17226,-466646

17226,-466584

17226,-466148

17226,-466216

17226,-464174

17226,-466926

17226,-469136

17226,-464744

17226,-463652

17226,-465178

17226,-465616

17226,-465624

17226,-464192

17226,-462154

17226,-465812

17226,-462556

17226,-462434

17226,-461594

17226,-461572

17226,-463750

17226,-459478

17226,-461880

17226,-461912

17226,-463854

17226,-461704

17226,-459440

17226,-460874

17226,-465500

17226,-459254

17226,-462306

17226,-462668

17226,-461596

17226,-461082

17226,-460542

17226,-459856

17226,-458298

17226,-460172

17226,-457870

17226,-457622

17226,-457830

17226,-459306

17226,-456214

17226,-458796

17226,-456104

17226,-457702

17226,-458258

17226,-455656

17226,-457872

17226,-457046

17227,-457866

17227,-454960

17227,-456174

17227,-454776

17227,-457082

17227,-455912

17227,-452802

17227,-454204

17227,-453936

17227,-455266

17227,-452756

17227,-454866

17227,-452488

17227,-452614

17227,-452518

17227,-452754

17227,-453942

17227,-453020

17227,-452910

17227,-455096

17227,-454432

17227,-453250

17227,-454672

17227,-453010

17227,-452390

17227,-451860

17227,-449816

17227,-451348

17227,-452084

17227,-452310

17227,-450240

17227,-453288

17227,-451148

17227,-450842

17227,-452882

17227,-450584

17227,-453732

17227,-449264

17227,-451368

17227,-449460

17227,-450622

17227,-447182

17227,-449484

17227,-448088

17227,-447848

17227,-447620

17227,-447154

17227,-448672

17227,-447322

17227,-448480

17227,-447114

17227,-447628

17227,-446854

17227,-447094

17227,-445302

17227,-448562

17227,-446592

17227,-444810

17227,-443684

17227,-444942

17227,-445624

17227,-445794

17227,-446070

17227,-444712

17228,-446920

17228,-445010

17228,-444644

17228,-444254

17228,-444530

17228,-442426

17228,-441062

17228,-444368

17228,-441974

17228,-443646

17228,-443512

17228,-441776

17228,-442210

17228,-441646

17228,-444840

17228,-443322

17228,-444108

17228,-442928

17228,-440268

17228,-443584

17228,-441296

17228,-442860

17228,-441568

17228,-441742

17228,-442068

17228,-439836

17228,-441242

17228,-436938

17228,-439766

17228,-438282

17228,-438494

17228,-436924

17228,-439238

17228,-438062

17228,-436884

17228,-437242

17228,-435946

17228,-438808

17228,-438340

17228,-439278

17228,-436854

17228,-437000

17228,-437626

17228,-437186

17228,-437754

17228,-435428

17228,-434496

17228,-435644

17228,-436632

17228,-435596

17228,-437278

17228,-434744

17228,-436302

17228,-434926

17228,-435602

17228,-433884

17228,-434432

17228,-435874

17228,-435212

17228,-432306

17228,-434412

17228,-434822

17228,-432618

17228,-433514

17228,-433476

17229,-432444

17229,-434406

17229,-432602

17229,-433774

17229,-433306

17229,-428854

17229,-432598

17229,-433096

17229,-433932

17229,-432176

17229,-432946

17229,-432242

17229,-430554

17229,-430852

17229,-432434

17229,-432614

17229,-431648

17229,-432518

17229,-431568

17229,-431900

17229,-429276

17229,-431528

17229,-429326

17229,-432444

17229,-428702

17229,-430968

17229,-431572

17229,-429200

17229,-429050

17229,-431204

17229,-428164

17229,-426212

17229,-427806

17229,-428396

17229,-428506

17229,-425236

17230,-427398

17230,-425766

17230,-428062

17230,-426102

17230,-427572

17230,-427642

17230,-425764

17230,-428768

17230,-428586

17230,-428086

17230,-426746

17230,-426548

17230,-427648

17230,-428260

17230,-426526

17230,-426322

17230,-426224

17230,-425978

17230,-426138

17230,-426588

17230,-426494

17230,-425698

17230,-427294

17230,-425740

17230,-424894

17230,-424850

17231,-426020

17231,-423268

17231,-424124

17231,-427118

17231,-424826

17231,-427296

17231,-423520

17231,-427026

17231,-425596

17231,-428920

17231,-425752

17231,-427474

17231,-424628

17231,-424584

17231,-426846

17231,-425342

17231,-425792

17231,-426724

17231,-426368

17231,-424650

17231,-427522

17231,-428108

17231,-428424

17231,-423100

17231,-428426

17231,-423208

17231,-424906

17231,-424252

17231,-427464

17231,-426624

17231,-424950

17231,-426012

17231,-425168

17231,-425646

17231,-427192

17231,-424864

17231,-425278

17231,-427386

17231,-422818

17231,-425874

17231,-424996

17231,-424060

17231,-424560

17231,-423450

17231,-423610

17231,-421374

17231,-424772

17231,-424106

17231,-424592

17231,-424816

17231,-424934

17231,-426288

17231,-422432

17231,-423086

17231,-424748

17231,-424160

17231,-424124

17231,-423582

17231,-423842

17231,-423748

17231,-423172

17231,-425798

17231,-423316

17231,-424804

17231,-422052

17232,-421034

17232,-423542

17232,-421996

17232,-422106

17232,-419982

17232,-422916

17232,-423614

17232,-422538

17232,-422452

17232,-423768

17232,-419446

17232,-420334

17232,-419778

17232,-418876

17232,-417978

17232,-420020

17232,-419156

17232,-421848

17232,-420966

17232,-420720

17232,-418604

17232,-422542

17232,-419406

17232,-420738

17232,-421284

17232,-422230

17232,-420506

17232,-422668

17232,-419024

17232,-421266

17232,-419170

17232,-419766

17232,-419328

17232,-421874

17232,-415950

17232,-418340

17232,-417852

17233,-418780

17233,-417716

17233,-420854

17233,-419880

17233,-416726

17233,-418380

17233,-418448

17233,-418538

17233,-418538

17233,-415328

17233,-418180

17233,-419946

17233,-417382

17233,-417134

17233,-418404

17233,-419542

17233,-418414

17233,-418414

17233,-420230

17233,-416524

17233,-418170

17233,-418202

17233,-418306

17233,-417534

17233,-419586

17233,-418208

17234,-417728

17234,-416384

17234,-417712

17234,-416890

17234,-413372

17234,-417342

17234,-414762

17234,-416382

17234,-416196

17234,-417942

17234,-417488

17234,-417098

17234,-417320

17234,-417892

17234,-417796

17234,-415148

17234,-417632

17234,-416172

17234,-416714

17234,-417024

17234,-416072

17234,-414150

17234,-415050

17234,-414718

17234,-416302

17234,-416436

17234,-415044

17234,-417518

17234,-415050

17234,-417446

17234,-412116

17234,-416782

17234,-413712

17234,-415490

17234,-413572

17234,-416048

17234,-416256

17234,-416252

17234,-414926

17234,-415888

17234,-414192

17234,-415676

17234,-417516

17234,-415028

17234,-416254

17234,-412006

17234,-417962

17234,-414796

17234,-415112

17234,-417110

17234,-417614

17234,-414552

17234,-418514

17234,-413934

17234,-417772

17234,-417670

17234,-415152

17234,-417708

17234,-415236

17234,-416514

17234,-416870

17234,-415658

17234,-416338

17234,-414580

17234,-416214

17235,-418518

17235,-415834

17235,-417388

17235,-417096

17235,-417078

17235,-415980

17235,-416420

17235,-419908

17235,-416312

17235,-419020

17235,-415866

17235,-417792

17235,-415590

17235,-417502

17235,-420298

17235,-419278

17235,-419372

17235,-419032

17235,-420688

17235,-418408

17235,-419912

17235,-417806

17235,-418748

17235,-418498

17235,-420302

17235,-420298

17235,-419692

17235,-419830

17235,-419722

17235,-419204

17235,-419116

17235,-420548

17235,-418744

17235,-420626

17235,-418654

17235,-418342

17235,-420686

17235,-418698

17235,-421258

17235,-420390

17235,-421906

17235,-421174

17235,-418904

17235,-421130

17235,-419852

17235,-421028

17235,-421076

17235,-417514

17235,-421870

17235,-419150

17235,-422422

17235,-423936

17235,-421496

17235,-424950

17235,-424260

17235,-421018

17235,-422512

17235,-422478

17235,-417686

17235,-421978

17235,-417664

17235,-420766

17235,-420302

17235,-420402

17236,-419340

17236,-422084

17236,-422550

17236,-420118

17236,-424720

17236,-421650

17236,-421112

17236,-420960

17236,-420784

17236,-419532

17236,-419372

17236,-421334

17236,-422038

17236,-420642

17236,-421330

17236,-420376

17236,-421226

17236,-422482

17236,-420466

17236,-420890

17236,-420178

17236,-423476

17236,-420512

17236,-420864

17236,-420976

17236,-421152

17236,-418950

17236,-420132

17236,-421814

17236,-419516

17236,-422316

17236,-422456

17236,-420534

17236,-423814

17236,-420524

17236,-422102

17236,-422044

17236,-423252

17236,-422000

17236,-423176

17236,-422770

17236,-422094

17236,-420618

17236,-421678

17236,-418408

17236,-421718

17236,-420664

17236,-423500

17236,-421824

17236,-419874

17236,-420866

17236,-422582

17236,-424150

17236,-419598

17236,-421118

17236,-419144

17236,-421770

17236,-419136

17236,-420522

17236,-420214

17236,-424754

17236,-423562

17236,-421918

17236,-422856

17236,-423256

17237,-424340

17237,-421138

17237,-422880

17237,-422774

17237,-422912

17237,-422262

17237,-420822

17237,-421710

17237,-424694

17237,-421798

17237,-424086

17237,-421652

17237,-419728

17237,-421726

17237,-420810

17237,-421266

17237,-422526

17237,-420838

17237,-424730

17237,-424222

17237,-422560

17237,-421934

17237,-421806

17237,-422254

17237,-419500

17237,-419720

17237,-423524

17237,-420528

17237,-421910

17237,-421844

17237,-419434

17237,-423630

17237,-425876

17237,-422802

17237,-426628

17237,-423196

17238,-424720

17238,-425188

17238,-426072

17238,-427876

17238,-424938

17238,-426410

17238,-426290

17238,-426058

17238,-427350

17238,-424900

17238,-423306

17238,-426228

17238,-427344

17238,-425102

17238,-425534

17238,-424322

17238,-425784

17238,-425742

17238,-424868

17238,-425306

17238,-426142

17238,-425896

17238,-424342

17238,-425722

17238,-427886

17238,-424664

17239,-426376

17239,-426380

17239,-426642

17239,-426432

17239,-424578

17239,-426016

17239,-426470

17239,-428084

17239,-424614

17239,-427034

17239,-425654

17239,-427038

17239,-427058

17239,-424960

17239,-426280

17239,-425096

17239,-426052

17239,-428540

17239,-424910

17239,-426150

17239,-427432

17239,-426008

17239,-426726

17239,-423952

17239,-425668

17239,-425934

17239,-424814

17239,-425918

17239,-426506

17239,-424752

17239,-425934

17239,-425066

17239,-427294

17239,-426862

17239,-424538

17239,-426124

17239,-425828

17239,-425756

17239,-425840

17239,-425208

17239,-424956

17239,-425736

17239,-428118

17239,-424576

17239,-424710

17239,-426856

17239,-426046

17239,-423996

17239,-423734

17239,-425372

17239,-423898

17239,-426712

17239,-426814

17239,-426218

17239,-427974

17239,-426478

17239,-426406

17239,-425760

17239,-427574

17239,-423866

17239,-426662

17239,-428016

17239,-426090

17239,-427492

17239,-427248

17240,-426422

17240,-426782

17240,-428196

17240,-426908

17240,-425096

17240,-426680

17240,-423676

17240,-424440

17240,-425136

17240,-425756

17240,-427108

17240,-426822

17240,-426102

17240,-424982

17240,-423794

17240,-427474

17240,-424650

17240,-425714

17240,-425866

17240,-426476

17240,-426138

17240,-426842

17240,-423932

17240,-426018

17240,-426322

17240,-425436

17240,-423548

17240,-422536

17240,-424718

17240,-423948

17240,-426094

17240,-422356

17240,-423446

17240,-424782

17240,-426298

17240,-423122

17240,-426074

17241,-424196

17241,-422858

17241,-422496

17241,-423394

17241,-422082

17241,-422732

17241,-425452

17241,-424008

17241,-423482

17241,-423602

17241,-420652

17241,-424604

17241,-423506

17241,-423984

17241,-420786

17241,-420158

17241,-421198

17241,-420394

17241,-421022

17241,-423534

17241,-420058

17241,-422056

17241,-423732

17241,-421374

17241,-423402

17241,-420386

17242,-417882

17242,-420274

17242,-418608

17242,-419980

17242,-420710

17242,-421668

17242,-422698

17242,-418966

17242,-421262

17242,-420836

17242,-419124

17242,-419832

17242,-419884

17242,-420110

17242,-420926

17242,-420364

17242,-422692

17242,-419008

17242,-419494

17242,-420862

17242,-418698

17242,-422026

17242,-417748

17242,-420790

17242,-420024

17242,-420398

17242,-421198

17242,-422172

17242,-420312

17242,-421182

17242,-420652

17242,-419034

17242,-419338

17242,-418216

17242,-419142

17242,-420420

17242,-420640

17242,-420132

17242,-420112

17242,-418956

17242,-419930

17242,-421462

17242,-419272

17242,-420056

17242,-419936

17242,-418226

17242,-418278

17242,-419084

17242,-416614

17242,-422424

17242,-417884

17242,-418872

17242,-419514

17242,-419142

17242,-417932

17242,-418824

17242,-418896

17242,-418398

17242,-418594

17242,-417238

17242,-415560

17242,-418666

17242,-419830

17242,-416030

17242,-419636

17243,-418322

17243,-417402

17243,-417864

17243,-417978

17243,-416430

17243,-417308

17243,-417956

17243,-415430

17243,-414612

17243,-414714

17243,-417458

17243,-415942

17243,-415130

17243,-415386

17243,-414742

17243,-413992

17243,-414912

17243,-412968

17243,-414522

17243,-413678

17243,-413240

17243,-416316

17243,-416090

17243,-413944

17243,-415336

17243,-410852

17243,-415872

17243,-413270

17243,-413384

17243,-415372

17243,-412450

17243,-413840

17243,-413404

17243,-410600

17243,-413996

17243,-412612

17243,-414712

17243,-412904

17243,-412160

17243,-411616

17243,-413494

17243,-413010

17243,-410828

17243,-413996

17243,-410922

17243,-415610

17243,-411386

17243,-413562

17243,-411794

17243,-411678

17243,-409216

17243,-412998

17243,-410396

17243,-413178

17243,-408194

17243,-410528

17243,-408864

17243,-409898

17243,-408410

17243,-408822

17243,-407776

17243,-407948

17243,-408556

17243,-408630

17244,-408124

17244,-408214

17244,-408256

17244,-407570

17244,-406820

17244,-406578

17244,-406292

17244,-404746

17244,-406086

17244,-406646

17244,-406120

17244,-404298

17244,-407708

17244,-408646

17244,-405856

17244,-404634

17244,-405752

17244,-404834

17244,-404104

17244,-403738

17244,-403246

17244,-401118

17244,-404968

17244,-400174

17244,-402216

17244,-400630

17244,-403612

17244,-402272

17244,-400516

17244,-402188

17244,-403504

17244,-403850

17244,-400976

17244,-400616

17244,-397858

17244,-401642

17244,-398972

17244,-401544

17244,-398176

17244,-399310

17244,-398718

17244,-397554

17244,-398362

17244,-400762

17244,-399704

17244,-398638

17244,-398754

17244,-396744

17244,-399002

17244,-397344

17244,-399104

17244,-397208

17244,-398984

17244,-397510

17244,-397182

17244,-397044

17244,-395834

17244,-397730

17244,-397622

17244,-399172

17244,-397590

17244,-400314

17244,-397884

17244,-397728

17244,-398454

17245,-398112

17245,-399840

17245,-396258

17245,-396424

17245,-396938

17245,-394756

17245,-399424

17245,-398394

17245,-398614

17245,-399340

17245,-398618

17245,-399002

17245,-397206

17245,-398072

17245,-397664

17245,-399938

17245,-398490

17245,-396224

17245,-398374

17245,-397588

17245,-396282

17245,-399796

17245,-396996

17245,-397736

17245,-394722

17245,-395954

17245,-396706

17245,-396194

17245,-395384

17245,-395098

17245,-399382

17245,-397586

17245,-396706

17245,-396722

17245,-397930

17245,-396574

17246,-395850

17246,-394600

17246,-395018

17246,-394758

17246,-397760

17246,-395584

17246,-397400

17246,-394460

17246,-396054

17246,-395272

17246,-397270

17246,-394094

17246,-394476

17246,-396666

17246,-398022

17246,-395020

17246,-397452

17246,-394726

17246,-395816

17246,-395494

17246,-394982

17246,-395762

17246,-394776

17246,-394010

17246,-393416

17246,-392656

17247,-390570

17247,-391468

17247,-392620

17247,-395952

17247,-390420

17247,-393406

17247,-391726

17247,-390448

17247,-391712

17247,-391270

17247,-391088

17247,-394032

17247,-392034

17247,-391564

17247,-393500

17247,-391774

17247,-392610

17247,-392388

17247,-389472

17247,-393124

17247,-387958

17247,-389236

17247,-391864

17247,-389686

17247,-390008

17247,-390342

17247,-388384

17247,-389094

17247,-390986

17247,-389816

17247,-388018

17247,-387778

17247,-386174

17247,-384838

17247,-383180

17247,-385278

17247,-384988

17247,-383868

17247,-386260

17247,-387254

17247,-386778

17247,-388628

17247,-385928

17247,-387064

17247,-385196

17247,-386784

17247,-386642

17247,-384870

17247,-384642

17247,-383034

17247,-383348

17247,-384118

17247,-381576

17247,-382988

17247,-382058

17247,-380932

17247,-380388

17247,-380614

17247,-380940

17247,-380094

17247,-380948

17247,-378514

17247,-381290

17247,-377670

17247,-378336

17248,-378278

17248,-379204

17248,-378572

17248,-381428

17248,-378260

17248,-377750

17248,-377310

17248,-378626

17248,-377764

17248,-376748

17248,-378638

17248,-375286

17248,-377578

17248,-373250

17248,-377622

17248,-374872

17248,-378504

17248,-374782

17248,-374080

17248,-375424

17248,-377532

17248,-374968

17248,-376140

17248,-378346

17248,-374450

17248,-377014

17248,-373698

17248,-376944

17248,-373156

17248,-374856

17248,-373902

17248,-373776

17248,-372602

17248,-375298

17248,-374122

17248,-372584

17248,-372592

17249,-373154

17249,-372068

17249,-372490

17249,-372614

17249,-370746

17249,-374458

17249,-371324

17249,-373874

17249,-373406

17249,-373128

17249,-375254

17249,-374634

17249,-373068

17249,-371928

17249,-372100

17249,-372632

17249,-371050

17249,-371600

17249,-369478

17249,-371150

17249,-368800

17249,-372524

17249,-368950

17249,-370948

17249,-372734

17249,-369754

17250,-368996

17250,-367760

17250,-370914

17250,-368936

17250,-368002

17250,-365416

17250,-369134

17250,-364802

17250,-370244

17250,-366150

17250,-369162

17250,-367706

17250,-368258

17250,-367554

17250,-370776

17250,-368628

17250,-368042

17250,-369108

17250,-367394

17250,-368290

17250,-366310

17250,-368172

17250,-365138

17250,-369182

17250,-363764

17250,-369030

17250,-365916

17250,-367104

17250,-363142

17250,-365206

17250,-365440

17250,-363456

17250,-365454

17250,-361434

17250,-363878

17250,-361438

17250,-363966

17250,-362874

17250,-362336

17250,-363432

17250,-362090

17250,-361922

17250,-362864

17250,-361872

17250,-361682

17250,-361950

17250,-360418

17250,-362552

17250,-362304

17250,-362176

17250,-362258

17250,-360796

17250,-361016

17250,-360042

17250,-361368

17250,-359646

17250,-359674

17250,-360682

17250,-360272

17250,-360266

17250,-358986

17250,-359692

17250,-361784

17250,-358842

17250,-359418

17251,-358256

17251,-360700

17251,-359906

17251,-359092

17251,-357192

17251,-360196

17251,-358600

17251,-359976

17251,-360098

17251,-357864

17251,-361490

17251,-359334

17251,-359524

17251,-359170

17251,-358242

17251,-360830

17251,-360136

17251,-357684

17251,-358250

17251,-357406

17251,-357678

17251,-359060

17251,-358186

17251,-356506

17251,-359426

17251,-359384

17251,-359932

17251,-360796

17251,-359352

17251,-358470

17251,-358452

17251,-359124

17251,-357334

17251,-357720

17251,-357034

17251,-356262

17251,-356734

17251,-356364

17251,-357066

17251,-358438

17251,-355510

17251,-357056

17251,-357970

17251,-356034

17251,-356820

17251,-355410

17251,-356326

17251,-354576

17251,-355554

17251,-355302

17251,-355160

17251,-353194

17251,-354940

17251,-353088

17251,-356186

17251,-353360

17251,-357944

17251,-352962

17251,-353736

17251,-354094

17251,-354004

17251,-354822

17251,-353152

17251,-355040

17252,-353710

17252,-354298

17252,-354690

17252,-353858

17252,-351454

17252,-355470

17252,-353934

17252,-349818

17252,-354608

17252,-351732

17252,-353116

17252,-353056

17252,-354876

17252,-352594

17252,-353722

17252,-352430

17252,-350922

17252,-351618

17252,-354628

17252,-348948

17252,-351550

17252,-351712

17252,-350798

17252,-352742

17252,-350574

17252,-352368

17252,-351366

17252,-353158

17252,-349948

17252,-352636

17252,-351824

17252,-352164

17252,-349020

17252,-350622

17252,-352728

17252,-350362

17252,-351584

17252,-350912

17252,-351388

17252,-352250

17252,-350860

17252,-349298

17252,-350414

17252,-348720

17252,-350346

17252,-349600

17252,-348264

17252,-350666

17252,-351244

17252,-350536

17252,-351012

17252,-352292

17252,-351646

17252,-351664

17252,-349628

17252,-352844

17252,-351356

17252,-351286

17252,-354176

17252,-354368

17252,-351594

17252,-354096

17252,-351948

17252,-352176

17252,-354072

17253,-352758

17253,-352382

17253,-352476

17253,-350680

17253,-353364

17253,-349282

17253,-350304

17253,-352564

17253,-351014

17253,-351172

17253,-349744

17253,-350808

17253,-351386

17253,-350748

17253,-350882

17253,-354190

17253,-349160

17253,-354202

17253,-351492

17253,-350586

17253,-350176

17253,-351074

17253,-351510

17253,-352564

17253,-352848

17253,-349244

17253,-352190

17253,-350812

17253,-352230

17253,-350044

17253,-351128

17253,-351586

17253,-351692

17253,-350746

17253,-352416

17253,-355006

17254,-351114

17254,-354022

17254,-351658

17254,-352110

17254,-352904

17254,-352494

17254,-354570

17254,-354392

17254,-352268

17254,-354976

17254,-352500

17254,-352652

17254,-352570

17254,-349724

17254,-350576

17254,-351626

17254,-354712

17254,-352218

17254,-352564

17254,-353036

17254,-354404

17254,-353494

17254,-353588

17254,-355996

17254,-354376

17254,-352294

17255,-355230

17255,-353958

17255,-355308

17255,-354098

17255,-355108

17255,-355010

17255,-354912

17255,-357788

17255,-356016

17255,-356244

17255,-359254

17255,-356270

17255,-355810

17255,-356278

17255,-357080

17255,-356126

17255,-356028

17255,-357108

17255,-355704

17255,-354510

17255,-357362

17255,-355364

17255,-357174

17255,-355376

17255,-358362

17255,-357012

17255,-357564

17255,-357128

17255,-357350

17255,-359412

17255,-359336

17255,-358360

17255,-358730

17255,-358474

17255,-356778

17255,-357860

17255,-359982

17255,-357108

17255,-359250

17255,-357940

17255,-359534

17255,-361136

17255,-360132

17255,-358928

17255,-356354

17255,-357382

17255,-355632

17255,-358584

17255,-356342

17255,-358250

17255,-356278

17255,-358350

17255,-357166

17255,-358872

17255,-359178

17255,-358334

17255,-357766

17255,-358010

17255,-357196

17255,-356184

17255,-359272

17255,-358972

17255,-359582

17255,-358208

17255,-357938

17256,-358638

17256,-357456

17256,-359790

17256,-357418

17256,-357736

17256,-359870

17256,-357922

17256,-358680

17256,-357792

17256,-358172

17256,-358004

17256,-358226

17256,-358520

17256,-359636

17256,-359640

17256,-360698

17256,-357026

17256,-358868

17256,-358278

17256,-359694

17256,-359260

17256,-360232

17256,-355564

17256,-355536

17256,-357458

17256,-356160

17256,-357096

17256,-354146

17256,-358026

17256,-356144

17256,-356944

17256,-359008

17256,-357686

17256,-357550

17256,-357930

17256,-358254

17256,-359548

17257,-360282

17257,-358164

17257,-360664

17257,-356740

17257,-362182

17257,-357524

17257,-357410

17257,-356430

17257,-360340

17257,-357360

17257,-360662

17257,-360152

17257,-359006

17257,-360414

17257,-358350

17257,-358904

17257,-358112

17257,-359716

17257,-362588

17257,-358208

17257,-362330

17257,-360454

17257,-360384

17257,-357560

17257,-361422

17257,-358122

17258,-359334

17258,-357736

17258,-358748

17258,-358922

17258,-359440

17258,-359234

17258,-356180

17258,-359570

17258,-355386

17258,-357952

17258,-358112

17258,-358214

17258,-358264

17258,-358048

17258,-357832

17258,-359116

17258,-358228

17258,-355042

17258,-360056

17258,-355034

17258,-357680

17258,-355848

17258,-357518

17258,-355546

17258,-357126

17258,-357404

17258,-355926

17258,-356058

17258,-355588

17258,-355894

17258,-357208

17258,-356078

17258,-357514

17258,-355822

17258,-356194

17258,-356950

17258,-357650

17258,-354354

17258,-354236

17258,-357912

17258,-356658

17258,-356624

17258,-356588

17258,-356112

17258,-356240

17258,-359662

17258,-355266

17258,-356176

17258,-354184

17258,-357234

17258,-356956

17258,-353854

17258,-354488

17258,-354714

17258,-355002

17258,-355952

17258,-360142

17258,-358018

17258,-359994

17258,-358202

17258,-356228

17258,-357438

17258,-357902

17258,-357094

17258,-356976

17259,-356796

17259,-357288

17259,-355728

17259,-358784

17259,-359672

17259,-358890

17259,-360592

17259,-362056

17259,-359206

17259,-358274

17259,-359024

17259,-361212

17259,-360742

17259,-358778

17259,-360262

17259,-360902

17259,-360386

17259,-359630

17259,-360720

17259,-358772

17259,-360400

17259,-361568

17259,-360660

17259,-362946

17259,-359696

17259,-361230

17259,-360306

17259,-363340

17259,-359922

17259,-361210

17259,-361416

17259,-360746

17259,-360726

17259,-361788

17259,-361268

17259,-362810

17259,-360162

17259,-360560

17259,-361820

17259,-360044

17259,-362542

17259,-363362

17259,-363494

17259,-361798

17259,-362936

17259,-363252

17259,-364232

17259,-361220

17259,-363450

17259,-363116

17259,-364236

17259,-362310

17259,-364244

17259,-360958

17259,-364650

17259,-365286

17259,-363114

17259,-363378

17259,-364966

17259,-364156

17259,-363142

17259,-363406

17259,-366684

17259,-363914

17260,-364736

17260,-363576

17260,-364642

17260,-363484

17260,-365402

17260,-365846

17260,-362434

17260,-365640

17260,-363420

17260,-366958

17260,-365282

17260,-364820

17260,-367224

17260,-365858

17260,-367110

17260,-366250

17260,-367352

17260,-365714

17260,-364966

17260,-366350

17260,-366100

17260,-365530

17260,-364354

17260,-365684

17260,-363086

17260,-365996

17260,-365306

17260,-366828

17260,-366162

17260,-367188

17260,-366952

17260,-364720

17260,-365090

17260,-364016

17260,-366102

17260,-365978

17260,-367042

17260,-366630

17260,-366504

17260,-365760

17260,-365694

17260,-364596

17260,-365630

17260,-365084

17260,-363660

17260,-363958

17260,-366642

17260,-367602

17260,-368606

17260,-365448

17260,-367288

17260,-367732

17260,-364474

17260,-366442

17260,-367542

17260,-363710

17260,-365986

17260,-365584

17260,-367078

17260,-365878

17260,-364292

17260,-365748

17260,-363986

17260,-363980

17260,-365886

17261,-365842

17261,-364546

17261,-364596

17261,-364106

17261,-365016

17261,-364418

17261,-365208

17261,-364798

17261,-365298

17261,-364792

17261,-366448

17261,-364340

17261,-364834

17261,-365826

17261,-364304

17261,-366202

17261,-367344

17261,-367222

17261,-363450

17261,-364968

17261,-365284

17261,-365304

17261,-364230

17261,-365980

17261,-364106

17261,-364752

17261,-364182

17261,-364904

17261,-367162

17261,-362910

17261,-366622

17261,-363466

17261,-367090

17261,-363334

17261,-364666

17261,-365518

17262,-364038

17262,-363928

17262,-364398

17262,-364792

17262,-364806

17262,-363370

17262,-364186

17262,-366198

17262,-364798

17262,-368152

17262,-364166

17262,-365824

17262,-366224

17262,-366372

17262,-364132

17262,-367136

17262,-367094

17262,-366848

17262,-367476

17262,-367078

17262,-368284

17262,-365780

17262,-367312

17262,-366810

17262,-366168

17262,-367192

17263,-366250

17263,-368616

17263,-366754

17263,-367912

17263,-365488

17263,-368306

17263,-368516

17263,-365506

17263,-367174

17263,-366084

17263,-370094

17263,-365790

17263,-367254

17263,-365224

17263,-367246

17263,-367118

17263,-365724

17263,-367106

17263,-365522

17263,-366238

17263,-364612

17263,-364868

17263,-367094

17263,-365544

17263,-366918

17263,-365276

17263,-366192

17263,-366172

17263,-364672

17263,-365496

17263,-363678

17263,-368486

17263,-364330

17263,-363536

17263,-364992

17263,-366690

17263,-363854

17263,-364188

17263,-366510

17263,-364502

17263,-366090

17263,-365408

17263,-363756

17263,-363944

17263,-364764

17263,-367358

17263,-365136

17263,-364582

17263,-367256

17263,-367310

17263,-366538

17263,-365192

17263,-370222

17263,-365290

17263,-367532

17263,-367328

17263,-364882

17263,-365976

17263,-367388

17263,-364448

17263,-363380

17263,-366620

17263,-364606

17263,-367584

17263,-363962

17264,-366164

17264,-366428

17264,-367632

17264,-365056

17264,-366044

17264,-364888

17264,-363470

17264,-364330

17264,-361218

17264,-364552

17264,-367718

17264,-365962

17264,-365198

17264,-366864

17264,-368190

17264,-368318

17264,-366386

17264,-366940

17264,-368054

17264,-367500

17264,-368922

17264,-369684

17264,-368998

17264,-368100

17264,-368690

17264,-368434

17264,-366644

17264,-370972

17264,-367608

17264,-371314

17264,-370272

17264,-371430

17264,-368182

17264,-367830

17264,-370706

17264,-368848

17264,-371294

17265,-366634

17265,-370194

17265,-367960

17265,-369520

17265,-370012

17265,-370824

17265,-370506

17265,-371430

17265,-366750

17265,-371592

17265,-368942

17265,-371726

17265,-369730

17265,-368428

17265,-368494

17265,-368866

17265,-370490

17265,-369768

17265,-369604

17265,-369912

17265,-371704

17265,-367236

17265,-370862

17265,-366728

17265,-366924

17265,-368738

17266,-366584

17266,-367804

17266,-368804

17266,-365902

17266,-367614

17266,-366424

17266,-368872

17266,-366664

17266,-368074

17266,-367194

17266,-368110

17266,-366216

17266,-367286

17266,-365640

17266,-364428

17266,-367438

17266,-367846

17266,-368540

17266,-366704

17266,-364846

17266,-366188

17266,-368418

17266,-364876

17266,-365948

17266,-364182

17266,-367376

17266,-364268

17266,-363768

17266,-364582

17266,-365552

17266,-365554

17266,-365672

17266,-363744

17266,-365304

17266,-365438

17266,-362956

17266,-362412

17266,-362064

17266,-363992

17266,-365326

17266,-363872

17266,-365866

17266,-366946

17266,-365102

17266,-365014

17266,-367722

17266,-366528

17266,-368628

17266,-366416

17266,-365674

17266,-365508

17266,-365834

17266,-364508

17266,-364984

17266,-365602

17266,-366388

17266,-367158

17266,-366258

17266,-365750

17266,-365044

17266,-362596

17266,-362884

17266,-364294

17266,-361452

17266,-366056

17267,-363960

17267,-361390

17267,-363780

17267,-363456

17267,-365200

17267,-359116

17267,-364436

17267,-361880

17267,-361936

17267,-361498

17267,-360966

17267,-363402

17267,-360676

17267,-361970

17267,-361126

17267,-360674

17267,-362608

17267,-362496

17267,-358590

17267,-361116

17267,-360424

17267,-357372

17267,-359106

17267,-361060

17267,-356770

17267,-359618

17267,-361104

17267,-359630

17267,-360900

17267,-358916

17267,-360828

17267,-360138

17267,-359832

17267,-359664

17267,-360254

17267,-359576

17267,-359652

17267,-358432

17267,-358220

17267,-358014

17267,-359838

17267,-359920

17267,-360296

17267,-359912

17267,-361598

17267,-359694

17267,-359796

17267,-359036

17267,-359042

17267,-359146

17267,-358172

17267,-358594

17267,-356452

17267,-357242

17267,-357486

17267,-357766

17267,-357964

17267,-360032

17267,-354604

17267,-358800

17267,-357570

17267,-355052

17267,-355986

17267,-354990

17268,-356428

17268,-353498

17268,-355110

17268,-355334

17268,-354316

17268,-353676

17268,-354010

17268,-350988

17268,-356946

17268,-353224

17268,-355510

17268,-354888

17268,-354666

17268,-353386

17268,-353944

17268,-349994

17268,-353398

17268,-351568

17268,-352130

17268,-354046

17268,-354726

17268,-353924

17268,-351438

17268,-352192

17268,-351202

17268,-350762

17268,-351796

17268,-350520

17268,-349256

17268,-346486

17268,-349776

17268,-348834

17268,-348092

17268,-347124

17268,-346654

17268,-349002

17268,-350058

17268,-350060

17268,-348514

17268,-349102

17268,-350554

17268,-349938

17268,-347810

17268,-350328

17268,-348908

17268,-346666

17268,-351232

17268,-347192

17268,-345788

17268,-345506

17268,-345580

17268,-346738

17268,-345800

17268,-346988

17268,-345928

17268,-342314

17268,-348400

17268,-345048

17268,-343204

17268,-345318

17268,-343824

17268,-342944

17268,-346700

17268,-342268

17268,-344276

17269,-344996

17269,-344180

17269,-342820

17269,-340492

17269,-342680

17269,-343256

17269,-345004

17269,-342298

17269,-343394

17269,-342470

17269,-340508

17269,-339426

17269,-344210

17269,-340744

17269,-341684

17269,-340630

17269,-340920

17269,-339294

17269,-341970

17269,-341800

17269,-341492

17269,-339912

17269,-340072

17269,-340146

17269,-340704

17269,-340754

17269,-337892

17269,-337718

17269,-340676

17269,-338782

17269,-339888

17269,-339890

17269,-341102

17269,-340484

17269,-337788

17269,-338640

17270,-337634

17270,-337764

17270,-336814

17270,-338350

17270,-336928

17270,-338458

17270,-336162

17270,-335184

17270,-336894

17270,-337962

17270,-334430

17270,-335588

17270,-336312

17270,-336200

17270,-337474

17270,-335646

17270,-335982

17270,-336276

17270,-333002

17270,-333826

17270,-333794

17270,-334192

17270,-335494

17270,-333506

17270,-334664

17270,-333362

17271,-333160

17271,-333692

17271,-334516

17271,-330990

17271,-334110

17271,-331586

17271,-330556

17271,-332148

17271,-330590

17271,-330794

17271,-332404

17271,-329458

17271,-330404

17271,-329652

17271,-331918

17271,-329598

17271,-328136

17271,-331868

17271,-331606

17271,-327702

17271,-327572

17271,-328508

17271,-329104

17271,-328866

17271,-331242

17271,-330444

17271,-327972

17271,-327678

17271,-330014

17271,-330106

17271,-329942

17271,-328976

17271,-330002

17271,-330268

17271,-329962

17271,-330136

17271,-331112

17271,-330844

17271,-330758

17271,-332470

17271,-329562

17271,-331074

17271,-327586

17271,-330180

17271,-327334

17271,-326790

17271,-329288

17271,-327338

17271,-327968

17271,-329474

17271,-326418

17271,-328000

17271,-328562

17271,-326888

17271,-326990

17271,-326338

17271,-328428

17271,-327424

17271,-326944

17271,-325350

17271,-327676

17271,-326058

17271,-325620

17271,-328256

17271,-327384

17272,-325180

17272,-325962

17272,-328276

17272,-327730

17272,-323262

17272,-325068

17272,-322532

17272,-325022

17272,-324408

17272,-325348

17272,-323644

17272,-326390

17272,-322044

17272,-322898

17272,-324556

17272,-323226

17272,-323416

17272,-323386

17272,-322376

17272,-323046

17272,-322714

17272,-324734

17272,-324296

17272,-323482

17272,-324566

17272,-322764

17272,-325230

17272,-322930

17272,-322236

17272,-321194

17272,-320520

17272,-322432

17272,-322122

17272,-320792

17272,-319644

17272,-320242

17272,-319580

17273,-322150

17273,-318738

17273,-318902

17273,-318310

17273,-317816

17273,-319798

17273,-318748

17273,-318964

17273,-321020

17273,-318530

17273,-317340

17273,-318018

17273,-317402

17273,-316318

17273,-317734

17273,-316972

17273,-319036

17273,-320008

17273,-318040

17273,-319782

17273,-319218

17273,-320484

17273,-319058

17273,-318692

17273,-319152

17273,-315820

17274,-318304

17274,-315064

17274,-315860

17274,-315602

17274,-315236

17274,-314180

17274,-315122

17274,-315800

17274,-313696

17274,-313806

17274,-317614

17274,-316276

17274,-314680

17274,-313890

17274,-314710

17274,-312870

17274,-312890

17274,-312098

17274,-312878

17274,-313198

17274,-315078

17274,-312232

17274,-312062

17274,-316130

17274,-312726

17274,-313272

17274,-314122

17274,-314680

17274,-312120

17274,-312542

17274,-314382

17274,-313736

17274,-311844

17274,-312572

17274,-312094

17274,-313334

17274,-312246

17274,-315208

17274,-311522

17274,-311782

17274,-311736

17274,-312142

17274,-312290

17274,-310662

17274,-312086

17274,-310396

17274,-311556

17274,-308630

17274,-311642

17274,-310290

17274,-309784

17274,-311668

17274,-310186

17274,-310672

17274,-312336

17274,-309132

17274,-309556

17274,-310230

17274,-310840

17274,-310436

17274,-310504

17274,-308882

17274,-310492

17274,-308798

17274,-310054

17275,-308588

17275,-309840

17275,-311000

17275,-307238

17275,-309170

17275,-309120

17275,-310592

17275,-307654

17275,-310274

17275,-307868

17275,-309510

17275,-308294

17275,-308728

17275,-307746

17275,-304506

17275,-306922

17275,-306032

17275,-306570

17275,-305020

17275,-307718

17275,-303740

17275,-308140

17275,-304882

17275,-308722

17275,-304410

17275,-308356

17275,-306060

17275,-305652

17275,-306816

17275,-310366

17275,-307110

17275,-309564

17275,-307104

17275,-307552

17275,-307668

17275,-307586

17275,-309088

17275,-307556

17275,-308076

17275,-308380

17275,-309490

17275,-305840

17275,-307624

17275,-308184

17275,-307388

17275,-305932

17275,-307026

17275,-304408

17275,-306316

17275,-304618

17275,-304780

17275,-304716

17275,-302220

17275,-304398

17275,-305502

17275,-306608

17275,-305564

17275,-305400

17275,-305022

17275,-307198

17275,-305078

17275,-309794

17275,-304944

17275,-308254

17276,-305904

17276,-308616

17276,-306420

17276,-307020

17276,-306374

17276,-307006

17276,-307640

17276,-307336

17276,-308264

17276,-306370

17276,-306828

17276,-306472

17276,-305658

17276,-304208

17276,-305968

17276,-306436

17276,-307152

17276,-304806

17276,-307764

17276,-306042

17276,-306984

17276,-306334

17276,-306446

17276,-306332

17276,-306922

17276,-306086

17276,-308432

17276,-306528

17276,-306774

17276,-308456

17276,-307606

17276,-306846

17276,-308448

17276,-302400

17276,-307496

17276,-306500

17276,-303864

17276,-307008

17276,-304202

17276,-307658

17276,-307728

17276,-307572

17276,-309446

17276,-308528

17276,-307740

17276,-310690

17276,-307588

17276,-306242

17276,-310308

17276,-306792

17276,-306948

17276,-306576

17276,-307674

17276,-306696

17276,-308300

17276,-306264

17276,-308358

17276,-306222

17276,-306710

17276,-304098

17276,-307342

17276,-305496

17276,-308660

17276,-305314

17276,-306806

17277,-306720

17277,-305788

17277,-304186

17277,-304406

17277,-305606

17277,-299340

17277,-305138

17277,-304966

17277,-305292

17277,-304888

17277,-305936

17277,-301016

17277,-304082

17277,-304866

17277,-306590

17277,-305910

17277,-307630

17277,-305510

17277,-305832

17277,-306552

17277,-305146

17277,-307486

17277,-305048

17277,-305300

17277,-305262

17277,-304602

17277,-302282

17277,-303620

17277,-305022

17277,-304160

17277,-304584

17277,-305812

17277,-307450

17277,-307526

17277,-304974

17277,-302942

17278,-305556

17278,-304614

17278,-304848

17278,-305192

17278,-305920

17278,-303690

17278,-307086

17278,-305058

17278,-306282

17278,-302384

17278,-306058

17278,-303384

17278,-305588

17278,-306490

17278,-305088

17278,-303208

17278,-307230

17278,-305748

17278,-303460

17278,-305234

17278,-304938

17278,-305704

17278,-306390

17278,-307418

17278,-308830

17278,-308986

17279,-309214

17279,-310362

17279,-306950

17279,-306826

17279,-306300

17279,-310610

17279,-306084

17279,-307466

17279,-308268

17279,-309412

17279,-305948

17279,-307944

17279,-306676

17279,-307284

17279,-305444

17279,-306522

17279,-306494

17279,-304704

17279,-307860

17279,-307358

17279,-305748

17279,-306536

17279,-308608

17279,-306348

17279,-310324

17279,-309072

17279,-308240

17279,-308564

17279,-307432

17279,-309484

17279,-306988

17279,-308924

17279,-306598

17279,-309776

17279,-308746

17279,-311782

17279,-306980

17279,-311130

17279,-311258

17279,-309898

17279,-311386

17279,-312436

17279,-312190

17279,-312090

17279,-309988

17279,-311760

17279,-311474

17279,-313258

17279,-312200

17279,-312322

17279,-311168

17279,-312680

17279,-311608

17279,-311620

17279,-312144

17279,-311226

17279,-309936

17279,-312160

17279,-312280

17279,-311452

17279,-312998

17279,-310340

17279,-312776

17279,-310224

17279,-312800

17280,-308698

17280,-311540

17280,-309472

17280,-311618

17280,-311268

17280,-311106

17280,-312156

17280,-309668

17280,-311944

17280,-312118

17280,-311560

17280,-311904

17280,-311262

17280,-311692

17280,-314726

17280,-310242

17280,-311252

17280,-312060

17280,-312232

17280,-309772

17280,-313452

17280,-311250

17280,-310920

17280,-308788

17280,-311214

17280,-307988

17280,-310128

17280,-309846

17280,-311864

17280,-310194

17280,-310216

17280,-311748

17280,-310182

17280,-310730

RAW_SUMMARY id=2 requested=6000 captured=6000 unused_capacity=0 max_pcm_abs=490692 raw_mean=-352575.6 raw_abs_mean=352575.6 raw_min=-490692 raw_max=-166284 baseline=76.4

OK RAW

