# run: cfg_stereo_2
# firmware: role=analyzer git=9f584bb version=0.4.0
# imported-from: stereo_2.log (mtime 2026-10-09T10:32:45)
RAW_INFO mode=i2s output=csv

RAW_INFO row_size=12

RAW_BEGIN id=2 sr=16000 trigger_ms=17274 command_ms=17261 emit_seen=1 emit_start_ms=17274 emit_done_ms=17371 f=3200 dur=100 pre_ms=0 post_ms=350 decim=1 pre_samples=0 post_samples=5600 mode=i2s output=csv fields=ms,pcm

ms,pcm

17276,87476

17276,86902

17276,87846

17276,87514

17276,86116

17276,87246

17276,87632

17276,88314

17276,89448

17276,87450

17276,87478

17276,87642

17276,89512

17276,89168

17276,89808

17276,90330

17276,90014

17276,90482

17276,91156

17276,92696

17276,91574

17276,92556

17276,94798

17276,97336

17276,96746

17276,97236

17276,99882

17276,101680

17276,104100

17276,103146

17276,122030

17276,149932

17276,98318

17276,34370

17276,3446

17276,163940

17276,284228

17276,197402

17276,-56220

17276,-84740

17276,124252

17276,307796

17276,263482

17276,20396

17276,-73282

17276,74384

17276,298726

17276,273292

17277,46890

17277,-89990

17277,69126

17277,318032

17277,302580

17277,77950

17277,-101824

17277,9372

17277,276300

17277,338378

17277,142132

17277,-81674

17277,-23616

17277,234196

17277,337032

17277,174538

17277,-44592

17277,-20380

17277,195238

17277,304930

17277,169904

17277,-5944

17277,19558

17277,190396

17277,272218

17277,140834

17277,8468

17277,51680

17277,210070

17277,260114

17277,128186

17277,3888

17277,61088

17277,224914

17277,254972

17277,114074

17277,-8230

17277,67448

17277,235678

17277,259750

17277,112634

17277,-15392

17277,58528

17277,230978

17277,269106

17277,125288

17277,-7076

17277,50564

17277,217262

17277,265264

17277,128264

17277,-3046

17277,53124

17277,211772

17277,253098

17277,125664

17277,7132

17277,60296

17277,207276

17277,243268

17277,115724

17277,4598

17277,64472

17277,216152

17277,250104

17278,117184

17278,-650

17278,60076

17278,222554

17278,252860

17278,113740

17278,-6250

17278,59220

17278,217692

17278,253300

17278,114042

17278,-10964

17278,51422

17278,218988

17278,261138

17281,118052

17281,-14014

17281,48686

17281,216254

17281,257290

17281,118854

17281,-8470

17281,43180

17281,204238

17281,250960

17281,119840

17281,-9832

17281,38974

17281,197924

17281,245674

17281,119036

17281,-11478

17281,35966

17281,188404

17281,241024

17281,118408

17281,-11038

17281,32344

17281,183562

17281,236510

17281,115562

17281,-8688

17281,33468

17282,186144

17282,231600

17282,108494

17282,-10658

17282,32006

17282,186774

17282,229998

17282,106726

17282,-14668

17282,32438

17282,184614

17282,226534

17282,104370

17282,-15162

17282,34736

17282,180382

17282,223756

17282,104524

17282,-15006

17282,29056

17282,180438

17282,222772

17282,103730

17282,-14210

17282,29962

17282,180772

17282,222906

17282,106284

17282,-13460

17282,31840

17282,177520

17282,220212

17282,102694

17282,-13410

17282,35748

17282,178048

17282,217938

17282,97112

17282,-17680

17282,35094

17282,178636

17282,213534

17282,92178

17282,-22470

17282,26904

17282,172836

17282,209144

17282,88666

17282,-28622

17282,21838

17282,166810

17282,206982

17282,86956

17282,-31614

17282,12134

17282,157838

17282,201116

17282,81034

17282,-37658

17282,6398

17282,150324

17282,190730

17282,73778

17282,-45682

17282,-5940

17283,137842

17283,182712

17283,67976

17283,-53096

17283,-14480

17283,127336

17283,173760

17283,60564

17283,-61184

17283,-23854

17283,115636

17283,166910

17283,57358

17283,-63238

17283,-31488

17283,104610

17283,155318

17283,49458

17283,-69246

17283,-39906

17283,96784

17283,142580

17283,41822

17283,-75316

17283,-47682

17283,82746

17283,132450

17283,34086

17283,-82152

17283,-50778

17283,79108

17283,127822

17283,25250

17283,-87054

17283,-56186

17289,75432

17289,123636

17289,22854

17289,-91106

17289,-61516

17289,72254

17289,119984

17289,19646

17289,-99190

17289,-65752

17289,70438

17289,122374

17289,17692

17289,-100864

17289,-71282

17289,64638

17289,118208

17289,17696

17289,-97920

17289,-70916

17289,62516

17289,112510

17289,14560

17289,-97942

17289,-71438

17289,61342

17289,112016

17289,14250

17290,-102500

17290,-73282

17290,60710

17290,107958

17290,8282

17290,-107592

17290,-77222

17290,57302

17290,103206

17290,-1318

17290,-116408

17290,-79958

17290,56422

17290,103124

17290,-8230

17290,-125872

17290,-89430

17290,52774

17290,102078

17290,-9850

17290,-131418

17290,-94542

17290,50018

17290,99570

17290,-11204

17290,-132404

17290,-97122

17290,46848

17290,97806

17290,-11646

17290,-130680

17290,-96724

17290,45376

17290,97148

17290,-12476

17290,-130190

17290,-91052

17290,49256

17290,96952

17290,-10282

17290,-125284

17290,-88688

17290,48668

17290,99158

17290,-7444

17290,-122282

17290,-84860

17290,53246

17290,100038

17290,-8136

17290,-126712

17290,-89676

17290,48950

17290,98368

17290,-9750

17290,-125222

17290,-90436

17290,47996

17290,101768

17290,-4426

17290,-123248

17290,-91440

17290,47002

17290,100478

17290,-3366

17291,-123966

17291,-91562

17291,46316

17291,97334

17291,-3416

17291,-122140

17291,-92812

17291,39936

17291,91718

17291,-8726

17291,-123466

17291,-94220

17291,39206

17291,89974

17291,-8048

17291,-121546

17291,-92962

17291,36600

17291,83800

17291,-15896

17291,-128736

17291,-97858

17291,32746

17291,81512

17291,-16922

17291,-129922

17291,-102176

17291,29134

17291,76326

17291,-22902

17291,-134542

17291,-102410

17291,29726

17291,77702

17291,-23014

17297,-133832

17297,-101674

17297,29614

17297,78016

17297,-21004

17297,-132912

17297,-101610

17297,30236

17297,78968

17297,-21186

17297,-131888

17297,-101796

17297,30796

17297,78586

17297,-19314

17297,-129270

17297,-98328

17297,34058

17297,83774

17297,-14534

17297,-124914

17297,-94042

17297,36066

17297,86414

17297,-10460

17297,-117524

17297,-85766

17297,43008

17298,88002

17298,-7690

17298,-112426

17298,-76738

17298,50060

17298,92864

17298,-4650

17298,-109356

17298,-71596

17298,58496

17298,101768

17298,3328

17298,-101822

17298,-64392

17298,63924

17298,109782

17298,8262

17298,-96370

17298,-56972

17298,75280

17298,118110

17298,14512

17298,-93040

17298,-54724

17298,79164

17298,126942

17298,22112

17298,-87550

17298,-48434

17298,86668

17298,134726

17298,30858

17298,-78846

17298,-43654

17298,91728

17298,140850

17298,38590

17298,-72342

17298,-35528

17298,99944

17298,146368

17298,45502

17298,-64812

17298,-27918

17298,106812

17298,154212

17298,52652

17298,-56038

17298,-21592

17298,109670

17298,159660

17298,56578

17298,-51808

17298,-13404

17298,116206

17298,162018

17298,61102

17298,-48492

17298,-13246

17298,119520

17298,168316

17298,67058

17298,-39556

17298,-3676

17298,126266

17299,170020

17299,73334

17299,-30892

17299,3308

17299,135388

17299,183060

17299,82048

17299,-27530

17299,9652

17299,143296

17299,187760

17299,87050

17299,-21884

17299,13184

17299,142602

17299,189310

17299,89150

17299,-20476

17299,13810

17299,145924

17299,191482

17299,89694

17299,-19746

17299,16052

17299,147086

17299,191254

17299,91704

17299,-17220

17299,15566

17299,148256

17299,194054

17299,92064

17299,-18106

17299,16902

17299,146556

17305,191032

17305,92532

17305,-16098

17305,17486

17305,146792

17305,190144

17305,89980

17305,-17060

17305,19280

17305,148428

17305,190018

17305,90182

17305,-17110

17305,21594

17305,151302

17305,194058

17305,94062

17305,-13028

17305,26682

17305,158472

17305,200298

17305,97428

17305,-8280

17305,31572

17305,163386

17305,204774

17305,102274

17305,-6386

17306,32790

17306,164468

17306,208068

17306,105258

17306,-4522

17306,35098

17306,165662

17306,210132

17306,106066

17306,-5890

17306,33802

17306,166448

17306,209294

17306,104112

17306,-4666

17306,33658

17306,169524

17306,213126

17306,107360

17306,102

17306,37126

17306,171244

17306,213824

17306,112416

17306,4596

17306,42700

17306,176422

17306,221850

17306,117666

17306,7408

17306,44224

17306,177822

17306,224704

17306,121584

17306,10528

17306,45932

17306,180194

17306,224770

17306,123378

17306,12662

17306,46418

17306,180590

17306,225850

17306,123786

17306,13730

17306,49704

17306,182576

17306,228438

17306,126554

17306,16432

17306,51736

17306,184586

17306,230946

17306,129094

17306,19262

17306,53186

17306,184750

17306,232686

17306,129690

17306,20698

17306,53966

17306,185802

17306,230314

17306,127666

17306,16556

17307,51172

17307,183944

17307,227080

17307,124198

17307,14792

17307,50176

17307,181822

17307,223016

17307,121306

17307,11136

17307,43752

17307,174436

17307,217548

17307,114476

17307,6030

17307,39184

17307,171050

17307,216178

17307,110258

17307,656

17307,36624

17307,170696

17307,214570

17307,108842

17307,-636

17307,34458

17307,164390

17307,209064

17307,106880

17307,-4904

17307,31398

17307,159842

17307,203082

17307,98724

17307,-12896

17313,22956

17313,155390

17313,198516

17313,91888

17313,-18600

17313,15304

17313,149118

17313,193422

17313,87248

17313,-25476

17313,10046

17313,144472

17313,189390

17313,83434

17313,-29840

17313,6218

17313,138124

17313,183010

17313,75432

17313,-39606

17313,-4580

17313,129908

17313,174340

17313,68512

17313,-44796

17313,-10872

17313,124940

17313,171976

17314,64328

17314,-50386

17314,-14172

17314,120252

17314,163964

17314,60092

17314,-51978

17314,-17112

17314,119644

17314,168100

17314,62698

17314,-50318

17314,-15900

17314,121216

17314,166696

17314,59842

17314,-50596

17314,-13474

17314,121742

17314,166914

17314,60412

17314,-52634

17314,-14940

17314,120728

17314,167700

17314,62324

17314,-51022

17314,-15232

17314,119890

17314,165558

17314,61118

17314,-51040

17314,-16946

17314,114788

17314,164988

17314,59452

17314,-53674

17314,-19914

17314,111568

17314,157282

17314,52732

17314,-58226

17314,-23166

17314,109350

17314,153304

17314,50522

17314,-63018

17314,-27286

17314,103226

17314,149536

17314,46236

17314,-64620

17314,-30194

17314,100078

17314,142574

17314,37908

17314,-72220

17314,-38346

17314,92698

17314,137756

17314,33424

17314,-78172

17314,-40754

17314,88924

17314,133286

17315,28520

17315,-83676

17315,-45650

17315,84084

17315,128328

17315,26168

17315,-84634

17315,-49220

17315,80750

17315,126310

17315,23146

17315,-90776

17315,-55916

17315,77478

17315,123978

17315,19214

17315,-91916

17315,-57684

17315,75050

17315,120472

17315,17914

17315,-90904

17315,-53544

17315,79956

17315,120950

17315,16202

17315,-94832

17315,-57970

17315,76702

17315,119636

17315,14158

17315,-95572

17315,-59098

17315,76806

17315,122236

17321,16238

17321,-98118

17321,-63156

17321,75454

17321,119748

17321,12354

17321,-99456

17321,-64090

17321,71178

17321,114364

17321,7238

17321,-108794

17321,-73746

17321,63080

17321,109264

17321,164

17321,-112272

17321,-77224

17321,57942

17321,101436

17321,-6274

17321,-121970

17321,-85030

17321,50768

17321,98452

17321,-7406

17321,-120166

17321,-84868

17322,50538

17322,93382

17322,-12500

17322,-125372

17322,-88062

17322,47836

17322,94136

17322,-11102

17322,-123416

17322,-85964

17322,48124

17322,93596

17322,-13064

17322,-124924

17322,-87242

17322,51550

17322,94032

17322,-12796

17322,-123752

17322,-86744

17322,51148

17322,96902

17322,-9908

17322,-123952

17322,-84840

17322,53836

17322,99610

17322,-10874

17322,-122864

17322,-84160

17322,51736

17322,97242

17322,-8852

17322,-122752

17322,-85578

17322,51824

17322,96960

17322,-8894

17322,-120570

17322,-81748

17322,53054

17322,98660

17322,-9446

17322,-119482

17322,-83362

17322,52996

17322,98770

17322,-8394

17322,-120900

17322,-82472

17322,53104

17322,95472

17322,-9250

17322,-119924

17322,-83518

17322,50678

17322,93100

17322,-9786

17322,-117762

17322,-80992

17322,55090

17322,99384

17322,-7090

17322,-116364

17322,-75862

17323,60126

17323,103522

17323,-2644

17323,-112066

17323,-71124

17323,64852

17323,105526

17323,-154

17323,-109264

17323,-69320

17323,67204

17323,108354

17323,4284

17323,-107692

17323,-68264

17323,63966

17323,109372

17323,6286

17323,-102154

17323,-65616

17323,66240

17323,111110

17323,7444

17323,-100878

17323,-65392

17323,69244

17323,113374

17323,7666

17323,-101716

17323,-65446

17323,68366

17323,111504

17323,7408

17323,-98836

17323,-60418

17329,70304

17329,114494

17329,13014

17329,-93476

17329,-57626

17329,75102

17329,120870

17329,19348

17329,-89366

17329,-53436

17329,78364

17329,122014

17329,18026

17329,-89168

17329,-50558

17329,81878

17329,124366

17329,20550

17329,-89564

17329,-52396

17329,80574

17329,122162

17329,19628

17329,-89510

17329,-51690

17329,82390

17329,126798

17329,21246

17330,-86700

17330,-51904

17330,81176

17330,127230

17330,22964

17330,-85504

17330,-50044

17330,82354

17330,126588

17330,22372

17330,-86054

17330,-50312

17330,86092

17330,129700

17330,24860

17330,-85386

17330,-49032

17330,85548

17330,128622

17330,23776

17330,-86264

17330,-48698

17330,87514

17330,128520

17330,22236

17330,-86498

17330,-49602

17330,87488

17330,128408

17330,21334

17330,-87292

17330,-48946

17330,85704

17330,127128

17330,19514

17330,-90796

17330,-51742

17330,81700

17330,125570

17330,18582

17330,-92524

17330,-55530

17330,78922

17330,122166

17330,16548

17330,-96084

17330,-59792

17330,73678

17330,116946

17330,11586

17330,-97966

17330,-62584

17330,71196

17330,117238

17330,9890

17330,-100648

17330,-63930

17330,68732

17330,112830

17330,8936

17330,-101490

17330,-62458

17330,72716

17330,117078

17330,11294

17331,-99160

17331,-59394

17331,73876

17331,118334

17331,13742

17331,-95108

17331,-56620

17331,78304

17331,119964

17331,16478

17331,-93984

17331,-56232

17331,80988

17331,123854

17331,18806

17331,-92086

17331,-53558

17331,82674

17331,127052

17331,21752

17331,-89130

17331,-52018

17331,85566

17331,130914

17331,23156

17331,-88518

17331,-50822

17331,85368

17331,130556

17331,21796

17331,-89846

17331,-53396

17331,82150

17331,128490

17331,23316

17337,-88654

17337,-52394

17337,84146

17337,130194

17337,24418

17337,-89390

17337,-51152

17337,83730

17337,128060

17337,24160

17337,-88946

17337,-54176

17337,81222

17337,128844

17337,23216

17337,-90494

17337,-53114

17337,80312

17337,125302

17337,19060

17337,-93562

17337,-57576

17337,77478

17337,121564

17337,15672

17337,-96638

17337,-61332

17337,73014

17338,117570

17338,13560

17338,-96964

17338,-59972

17338,72644

17338,114600

17338,8342

17338,-103938

17338,-66916

17338,68562

17338,111098

17338,4676

17338,-105776

17338,-68690

17338,65496

17338,108226

17338,-836

17338,-111738

17338,-72704

17338,64622

17338,107392

17338,-16

17338,-113064

17338,-76390

17338,61710

17338,107450

17338,-94

17338,-111226

17338,-72886

17338,61100

17338,106590

17338,76

17338,-115364

17338,-78552

17338,60428

17338,106358

17338,-1358

17338,-115210

17338,-80542

17338,53810

17338,102550

17338,-4540

17338,-117866

17338,-85900

17338,51518

17338,96356

17338,-10612

17338,-123730

17338,-88570

17338,47052

17338,93976

17338,-11304

17338,-124986

17338,-91812

17338,41566

17338,90070

17338,-14210

17338,-126612

17338,-91308

17338,43400

17338,87190

17338,-17300

17338,-129030

17338,-95268

17338,37750

17339,83114

17339,-20254

17339,-131898

17339,-99640

17339,35244

17339,81998

17339,-22278

17339,-133668

17339,-99270

17339,34936

17339,80356

17339,-23016

17339,-134136

17339,-99498

17339,33096

17339,79666

17339,-24998

17339,-136628

17339,-100806

17339,32042

17339,79388

17339,-24248

17339,-135838

17339,-100436

17339,31220

17339,76156

17339,-28974

17339,-138802

17339,-102352

17339,32524

17339,78994

17339,-24936

17339,-138598

17339,-102626

17339,31242

17345,75248

17345,-28392

17345,-139126

17345,-102394

17345,28798

17345,76826

17345,-25706

17345,-138524

17345,-102910

17345,32284

17345,78218

17345,-24506

17345,-137592

17345,-101872

17345,30234

17345,76286

17345,-25014

17345,-137474

17345,-101732

17345,28716

17345,74642

17345,-26136

17345,-138648

17345,-104136

17345,28268

17345,76922

17345,-26208

17345,-138332

17346,-104930

17346,26716

17346,73638

17346,-28276

17346,-140586

17346,-104880

17346,30196

17346,77660

17346,-26432

17346,-137656

17346,-101466

17346,31338

17346,77712

17346,-25260

17346,-135964

17346,-101794

17346,32220

17346,76928

17346,-25868

17346,-137028

17346,-100048

17346,32256

17346,75932

17346,-27424

17346,-140984

17346,-103588

17346,30626

17346,76212

17346,-28200

17346,-139778

17346,-102898

17346,29772

17346,76254

17346,-26662

17346,-136604

17346,-101360

17346,31874

17346,78602

17346,-26338

17346,-135986

17346,-99084

17346,34830

17346,79712

17346,-24400

17346,-135938

17346,-96732

17346,36868

17346,80566

17346,-23534

17346,-133206

17346,-97016

17346,39952

17346,85334

17346,-19358

17346,-131728

17346,-95942

17346,41326

17346,87472

17346,-16016

17346,-127732

17346,-93880

17346,41406

17346,89348

17346,-13856

17346,-124960

17347,-90048

17347,44746

17347,92682

17347,-9284

17347,-119572

17347,-86206

17347,47506

17347,97528

17347,-5872

17347,-118734

17347,-83244

17347,50532

17347,97338

17347,-4498

17347,-114230

17347,-80162

17347,54076

17347,101878

17347,-2522

17347,-113484

17347,-79882

17347,53852

17347,101388

17347,952

17347,-112798

17347,-79520

17347,54568

17347,100658

17347,-928

17347,-112350

17347,-77534

17347,55900

17347,104814

17347,4902

17347,-107044

17353,-73768

17353,60280

17353,107424

17353,4628

17353,-105730

17353,-71702

17353,63808

17353,112988

17353,12440

17353,-102104

17353,-66724

17353,66356

17353,115434

17353,13618

17353,-98016

17353,-61694

17353,72314

17353,121608

17353,17708

17353,-92478

17353,-57516

17353,75566

17353,124842

17353,22674

17353,-90418

17353,-58580

17353,81740

17353,128690

17354,24930

17354,-84992

17354,-51530

17354,81944

17354,129308

17354,26006

17354,-85124

17354,-53356

17354,81512

17354,130024

17354,27000

17354,-85250

17354,-50796

17354,81700

17354,129784

17354,28116

17354,-82138

17354,-49850

17354,85012

17354,134402

17354,32028

17354,-82078

17354,-50056

17354,84730

17354,135284

17354,35098

17354,-78180

17354,-47978

17354,88748

17354,138086

17354,39076

17354,-74780

17354,-45202

17354,88584

17354,141328

17354,41570

17354,-69664

17354,-39542

17354,92838

17354,143180

17354,43936

17354,-65040

17354,-34062

17354,99182

17354,148132

17354,49576

17354,-61168

17354,-27896

17354,104642

17354,154640

17354,57034

17354,-54578

17354,-21900

17354,109978

17354,158916

17354,61440

17354,-50684

17354,-20422

17354,111824

17354,162232

17354,60654

17354,-52212

17354,-20060

17354,114290

17354,165014

17355,62602

17355,-49872

17355,-19012

17355,111440

17355,160120

17355,61874

17355,-51166

17355,-20352

17355,110364

17355,160556

17355,62674

17355,-52340

17355,-20314

17355,108664

17355,160302

17355,61478

17355,-50366

17355,-20610

17355,108384

17355,160336

17355,59968

17355,-50716

17355,-20058

17355,111458

17355,158788

17355,59660

17355,-50674

17355,-19798

17355,110982

17355,161002

17355,60654

17355,-51634

17355,-21280

17355,112810

17355,163866

17361,64410

17361,-48534

17361,-18008

17361,110076

17361,162024

17361,62592

17361,-49014

17361,-18298

17361,111484

17361,162366

17361,61968

17361,-50176

17361,-21198

17361,108278

17361,155278

17361,57502

17361,-53672

17361,-25916

17361,103758

17361,152388

17361,52932

17361,-57846

17361,-26262

17361,103492

17361,151092

17361,50730

17361,-59214

17361,-29850

17362,101820

17362,150854

17362,48826

17362,-64178

17362,-35344

17362,91878

17362,139114

17362,41294

17362,-69962

17362,-41142

17362,87074

17362,133840

17362,33816

17362,-76408

17362,-48498

17362,80342

17362,126594

17362,27620

17362,-84744

17362,-55050

17362,73854

17362,119834

17362,20454

17362,-90480

17362,-63786

17362,62762

17362,110926

17362,13622

17362,-98784

17362,-70396

17362,58196

17362,106516

17362,7922

17362,-103130

17362,-74490

17362,54940

17362,103280

17362,5840

17362,-106112

17362,-78136

17362,49312

17362,96048

17362,-1910

17362,-111794

17362,-83020

17362,43864

17362,92200

17362,-4484

17362,-117974

17362,-88324

17362,41004

17362,88802

17362,-9644

17362,-121304

17362,-91936

17362,38386

17362,86758

17362,-14026

17362,-125806

17362,-98462

17362,30412

17362,78676

17362,-19346

17362,-130418

17362,-100704

17363,26146

17363,70776

17363,-26980

17363,-139816

17363,-110966

17363,17224

17363,64054

17363,-33806

17363,-143816

17363,-116834

17363,10546

17363,58216

17363,-38580

17363,-147848

17363,-119704

17363,7298

17363,55528

17363,-42066

17363,-155016

17363,-126408

17363,1382

17363,47672

17363,-49368

17363,-159180

17363,-131776

17363,-2954

17363,44578

17363,-53848

17363,-165064

17363,-137520

17363,-6820

17363,40110

17363,-58568

17363,-167586

17363,-139378

17369,-11222

17369,37144

17369,-61650

17369,-175024

17369,-144632

17369,-14556

17369,33204

17369,-67212

17369,-177074

17369,-151076

17369,-22818

17369,25776

17369,-73516

17369,-186228

17369,-158170

17369,-28434

17369,18960

17369,-79554

17369,-191886

17369,-166234

17369,-39942

17369,9388

17369,-88680

17369,-202262

17369,-174520

17369,-47328

17369,2068

17369,-94566

17370,-206028

17370,-177530

17370,-51252

17370,-3204

17370,-100990

17370,-208844

17370,-182604

17370,-55480

17370,-4496

17370,-103568

17370,-209416

17370,-180940

17370,-55492

17370,-8004

17370,-105036

17370,-215100

17370,-188898

17370,-62386

17370,-12640

17370,-111300

17370,-220048

17370,-192784

17370,-66348

17370,-19738

17370,-118542

17370,-227646

17370,-198650

17370,-73778

17372,-24698

17372,-123068

17372,-232654

17372,-205784

17372,-77264

17372,-29826

17372,-127402

17372,-235770

17372,-205962

17372,-80690

17372,-32510

17372,-130704

17372,-241266

17372,-211066

17372,-85088

17372,-39600

17372,-135408

17372,-244382

17372,-213854

17372,-89034

17372,-40542

17372,-138998

17372,-245402

17372,-236270

17372,-133848

17372,-34476

17372,-65022

17372,-146958

17372,-277422

17372,-260938

17372,-123560

17372,32966

17372,-50310

17372,-229546

17372,-281290

17372,-182876

17372,-36526

17372,-56088

17372,-169986

17372,-267986

17372,-185632

17373,-52862

17373,-33770

17373,-164930

17373,-284554

17373,-214880

17373,-85102

17373,-19430

17373,-107994

17373,-243584

17373,-252396

17373,-147796

17373,-40182

17373,-74172

17373,-204210

17373,-252082

17373,-180552

17373,-75056

17373,-75270

17373,-161094

17373,-218572

17373,-175614

17373,-108488

17373,-109974

17373,-150170

17373,-180242

17373,-143688

17373,-122946

17373,-137958

17373,-166174

17373,-163664

17373,-125020

17377,-115006

17377,-144650

17377,-178076

17377,-158064

17377,-110496

17377,-100842

17377,-148910

17377,-184510

17377,-155278

17377,-104620

17377,-90796

17377,-135120

17377,-176638

17377,-159890

17377,-110746

17377,-90180

17377,-123486

17377,-163664

17377,-157536

17377,-114338

17377,-96128

17377,-127564

17377,-154714

17377,-143354

17377,-111020

17377,-104332

17377,-134494

17377,-149214

17378,-131628

17378,-99618

17378,-101322

17378,-132978

17378,-153130

17378,-135206

17378,-94684

17378,-87940

17378,-125204

17378,-154646

17378,-135340

17378,-90820

17378,-81040

17378,-120776

17378,-150078

17378,-129536

17378,-86834

17378,-72716

17378,-109616

17378,-149950

17378,-139038

17378,-88920

17378,-68112

17378,-105314

17378,-145642

17378,-133340

17378,-88354

17378,-72976

17378,-101946

17378,-136928

17378,-127396

17378,-88532

17378,-69102

17378,-95718

17378,-124156

17378,-116632

17378,-86106

17378,-65432

17378,-88212

17378,-113902

17378,-111862

17378,-83244

17378,-66402

17378,-83726

17378,-106312

17378,-105110

17378,-79252

17378,-65640

17378,-83698

17378,-107212

17378,-98034

17378,-70100

17378,-59456

17378,-79776

17378,-103300

17378,-94298

17378,-65070

17378,-52614

17378,-78018

17378,-98416

17378,-83548

17378,-55356

17378,-46626

17378,-73414

17378,-89922

17379,-79356

17379,-50596

17379,-43920

17379,-68000

17379,-87440

17379,-75906

17379,-48038

17379,-39344

17379,-61656

17379,-81144

17379,-70104

17379,-44814

17379,-37714

17379,-58292

17379,-74354

17379,-60100

17379,-37986

17379,-34082

17379,-55088

17379,-68010

17379,-55022

17379,-28762

17379,-26876

17379,-53262

17379,-67228

17379,-50114

17379,-22212

17379,-21532

17379,-46396

17379,-62566

17379,-47458

17379,-20024

17379,-16178

17379,-39146

17379,-55626

17385,-42718

17385,-13908

17385,-9402

17385,-29686

17385,-45036

17385,-34886

17385,-7548

17385,-614

17385,-19158

17385,-34450

17385,-21600

17385,498

17385,7116

17385,-8268

17385,-23626

17385,-13744

17385,6954

17385,13380

17385,-1160

17385,-13082

17385,-9308

17385,10256

17385,16796

17385,2618

17385,-6118

17385,-4480

17385,10090

17385,15962

17386,7452

17386,64

17386,1398

17386,13808

17386,14834

17386,10284

17386,1160

17386,5192

17386,15198

17386,17232

17386,12206

17386,9412

17386,11558

17386,17910

17386,17774

17386,11130

17386,11812

17386,15082

17386,24826

17386,23916

17386,16682

17386,13660

17386,19410

17386,26652

17386,28356

17386,23810

17386,17744

17386,21216

17386,30720

17386,36188

17386,30920

17386,24030

17386,26472

17386,37556

17386,42974

17386,39104

17386,33764

17386,32370

17386,42736

17386,48070

17386,47268

17386,42392

17386,43490

17386,49362

17386,52278

17386,48762

17386,48078

17386,49472

17386,51190

17386,55112

17386,51028

17386,45316

17386,49642

17386,57956

17386,60384

17386,52776

17386,48610

17386,54266

17386,65382

17386,67630

17386,55386

17386,47456

17386,52812

17386,67710

17386,73334

17387,58400

17387,44230

17387,48442

17387,66396

17387,74646

17387,61810

17387,45552

17387,47828

17387,63290

17387,72492

17387,60114

17387,46454

17387,48164

17387,64796

17387,72014

17387,59606

17387,44288

17387,50222

17387,64674

17387,68186

17387,57746

17387,46944

17387,51074

17387,64170

17387,70148

17387,57158

17387,45356

17387,49618

17387,60186

17387,62840

17387,52290

17387,42910

17387,46642

17387,60920

17387,65820

17393,55120

17393,41942

17393,43284

17393,58030

17393,64460

17393,57076

17393,44552

17393,47346

17393,59114

17393,65164

17393,57278

17393,46826

17393,48500

17393,58284

17393,65174

17393,57602

17393,49582

17393,47234

17393,54766

17393,57950

17393,54832

17393,46884

17393,45828

17393,50938

17393,50980

17393,51086

17393,47550

17393,48492

17394,49476

17394,48204

17394,45296

17394,45116

17394,47552

17394,49728

17394,49776

17394,45886

17394,44746

17394,47676

17394,51634

17394,49880

17394,44702

17394,43062

17394,45668

17394,49566

17394,50160

17394,42812

17394,41074

17394,42986

17394,45058

17394,43224

17394,36618

17394,35018

17394,37236

17394,39222

17394,35390

17394,30144

17394,26966

17394,30464

17394,32074

17394,30322

17394,27008

17394,24626

17394,27262

17394,27424

17394,23152

17394,21226

17394,19722

17394,23208

17394,22350

17394,18730

17394,14332

17394,14272

17394,18358

17394,18112

17394,11898

17394,7154

17394,9600

17394,14878

17394,14554

17394,9194

17394,982

17394,5102

17394,13960

17394,16050

17394,7896

17394,-3238

17394,-1514

17394,12068

17394,16766

17394,7496

17394,-2068

17394,-2392

17394,6612

17395,13452

17395,6178

17395,-4320

17395,-7356

17395,2764

17395,10666

17395,5218

17395,-8666

17395,-10794

17395,-4464

17395,3454

17395,1466

17395,-10616

17395,-17212

17395,-10824

17395,-3702

17395,-6008

17395,-14480

17395,-18784

17395,-12768

17395,-4982

17395,-6892

17395,-16156

17395,-21598

17395,-14036

17395,-3456

17395,-5278

17395,-15264

17395,-19642

17395,-15306

17395,-8650

17395,-8058

17395,-17310

17395,-20968

17395,-17116

17401,-9328

17401,-12842

17401,-18914

17401,-21114

17401,-19498

17401,-15598

17401,-18522

17401,-23330

17401,-26412

17401,-20792

17401,-15892

17401,-18942

17401,-26222

17401,-29740

17401,-21998

17401,-18412

17401,-23712

17401,-29750

17401,-31086

17401,-24728

17401,-19294

17401,-22036

17401,-33884

17401,-35930

17401,-29716

17401,-22610

17401,-23754

17401,-31716

17402,-34020

17402,-30202

17402,-24274

17402,-25490

17402,-35828

17402,-40254

17402,-33214

17402,-26858

17402,-27582

17402,-37476

17402,-39128

17402,-32062

17402,-27398

17402,-30098

17402,-38324

17402,-39440

17402,-34466

17402,-31826

17402,-36318

17402,-40508

17402,-41330

17402,-35636

17402,-34278

17402,-37026

17402,-44540

17402,-44476

17402,-34556

17402,-32136

17402,-37404

17402,-43622

17402,-44392

17402,-34418

17402,-30860

17402,-35998

17402,-44058

17402,-42792

17402,-33424

17402,-27454

17402,-34058

17402,-42750

17402,-43666

17402,-35336

17402,-27668

17402,-33082

17402,-41532

17402,-43858

17402,-35702

17402,-28106

17402,-33730

17402,-42942

17402,-46516

17402,-40544

17402,-31564

17402,-33876

17402,-44600

17402,-48504

17402,-41150

17402,-32024

17402,-33392

17402,-43354

17402,-48454

17402,-41512

17402,-34160

17402,-35340

17402,-45602

17403,-49364

17403,-44032

17403,-35380

17403,-36260

17403,-48426

17403,-51390

17403,-43428

17403,-34546

17403,-35070

17403,-41562

17403,-45748

17403,-42486

17403,-34878

17403,-38648

17403,-45388

17403,-49280

17403,-45752

17403,-37960

17403,-37140

17403,-42938

17403,-47040

17403,-43730

17403,-37614

17403,-38476

17403,-41148

17403,-45118

17403,-40322

17403,-31300

17403,-32824

17403,-40794

17403,-44906

17403,-41152

17403,-33900

17403,-33094

17403,-38956

17409,-42760

17409,-37880

17409,-32264

17409,-33900

17409,-39856

17409,-43646

17409,-38724

17409,-32346

17409,-32314

17409,-38838

17409,-42524

17409,-37852

17409,-30532

17409,-33144

17409,-39284

17409,-41108

17409,-35804

17409,-28328

17409,-27752

17409,-34560

17409,-35120

17409,-30582

17409,-24558

17409,-25490

17409,-29858

17409,-30460

17409,-26380

17409,-18894

17410,-17548

17410,-24296

17410,-26436

17410,-18430

17410,-12050

17410,-12604

17410,-18318

17410,-24010

17410,-18704

17410,-10822

17410,-8898

17410,-17228

17410,-18950

17410,-13396

17410,-6350

17410,-5816

17410,-14370

17410,-18508

17410,-13002

17410,-4480

17410,-4650

17410,-10708

17410,-15834

17410,-11958

17410,-4056

17410,-3588

17410,-11632

17410,-15954

17410,-12294

17410,-4842

17410,-5100

17410,-12068

17410,-19490

17410,-15248

17410,-6178

17410,-5198

17410,-12480

17410,-19116

17410,-18908

17410,-8608

17410,-5412

17410,-14092

17410,-22556

17410,-16702

17410,-5860

17410,-4524

17410,-9428

17410,-16310

17410,-13834

17410,-6560

17410,186

17410,-9130

17410,-13350

17410,-11984

17410,-2110

17410,3824

17410,-4600

17410,-12448

17410,-8582

17410,856

17410,3968

17410,-2156

17410,-10010

17410,-4164

17410,4356

17411,5466

17411,-1826

17411,-7620

17411,-6922

17411,3448

17411,7476

17411,-3244

17411,-9896

17411,-7260

17411,1278

17411,5572

17411,-1882

17411,-7574

17411,-5362

17411,2242

17411,4962

17411,-1562

17411,-7480

17411,-4898

17411,2100

17411,3246

17411,-2420

17411,-7916

17411,-5794

17411,1678

17411,2106

17411,-5796

17411,-10330

17411,-8808

17411,-1682

17411,-330

17411,-5896

17411,-9908

17411,-7784

17411,-1306

17417,-972

17417,-9548

17417,-13680

17417,-10482

17417,-1662

17417,-2510

17417,-8912

17417,-14866

17417,-13410

17417,-5286

17417,-3864

17417,-11974

17417,-17650

17417,-13652

17417,-7808

17417,-3228

17417,-11328

17417,-15844

17417,-12364

17417,-6144

17417,-6172

17417,-12542

17417,-16458

17417,-11690

17417,-4014

17417,-2594

17417,-8764

17417,-13570

17418,-11718

17418,-7164

17418,-3304

17418,-9202

17418,-10542

17418,-5216

17418,-32

17418,852

17418,-7228

17418,-12308

17418,-5644

17418,3988

17418,4278

17418,-4474

17418,-9760

17418,-3842

17418,6964

17418,7342

17418,-1368

17418,-7680

17418,-4576

17418,6166

17418,10382

17418,218

17418,-10118

17418,-7630

17418,3802

17418,6556

17418,-3292

17418,-12586

17418,-9832

17418,2594

17418,6702

17418,-2862

17418,-12770

17418,-9766

17418,122

17418,3286

17418,-3932

17418,-9950

17418,-6918

17418,2610

17418,5700

17418,-2580

17418,-10676

17418,-9076

17418,-312

17418,4864

17418,-4624

17418,-10856

17418,-8806

17418,1488

17418,4958

17418,-6830

17418,-12818

17418,-10268

17418,-806

17418,-586

17418,-9026

17418,-14300

17418,-11310

17418,132

17418,-1408

17418,-11568

17418,-17724

17419,-15402

17419,-2502

17419,-566

17419,-12118

17419,-22498

17419,-18460

17419,-6600

17419,-3194

17419,-13546

17419,-23392

17419,-19770

17419,-8402

17419,-4092

17419,-14578

17419,-25508

17419,-23364

17419,-12834

17419,-8532

17419,-18720

17419,-27812

17419,-24624

17419,-14814

17419,-10470

17419,-19758

17419,-30270

17419,-27488

17419,-16254

17419,-12872

17419,-24604

17419,-30954

17419,-27042

17419,-17200

17419,-15538

17419,-23688

17419,-31792

17425,-23978

17425,-16190

17425,-16346

17425,-25324

17425,-32080

17425,-24040

17425,-15606

17425,-16286

17425,-27638

17425,-31156

17425,-25486

17425,-15326

17425,-16452

17425,-28712

17425,-34522

17425,-27422

17425,-17900

17425,-16474

17425,-26910

17425,-34794

17425,-27238

17425,-14372

17425,-16846

17425,-29352

17425,-33334

17425,-28196

17425,-17510

17425,-16920

17426,-26796

17426,-32798

17426,-27254

17426,-19422

17426,-20350

17426,-30664

17426,-36166

17426,-29888

17426,-22070

17426,-24610

17426,-33744

17426,-39638

17426,-34558

17426,-28790

17426,-31694

17426,-39634

17426,-43296

17426,-37566

17426,-32414

17426,-35518

17426,-44716

17426,-47620

17426,-42020

17426,-33816

17426,-35568

17426,-44374

17426,-48254

17426,-40988

17426,-31960

17426,-33708

17426,-41600

17426,-45012

17426,-39568

17426,-31298

17426,-34184

17426,-42144

17426,-46460

17426,-37944

17426,-28810

17426,-30858

17426,-37692

17426,-41448

17426,-35812

17426,-25994

17426,-26672

17426,-36752

17426,-39612

17426,-31946

17426,-23090

17426,-24596

17426,-33024

17426,-37012

17426,-28872

17426,-21588

17426,-21992

17426,-30408

17426,-35626

17426,-28314

17426,-18338

17426,-17384

17426,-28444

17426,-31794

17426,-23592

17426,-13052

17426,-13940

17427,-23886

17427,-27556

17427,-21092

17427,-10006

17427,-12244

17427,-22500

17427,-29010

17427,-22952

17427,-12938

17427,-14260

17427,-23042

17427,-30296

17427,-21548

17427,-9936

17427,-10214

17427,-19842

17427,-28526

17427,-21154

17427,-9974

17427,-9560

17427,-20550

17427,-25114

17427,-18308

17427,-9304

17427,-8958

17427,-19972

17427,-24854

17427,-19730

17427,-9194

17427,-9626

17427,-19134

17427,-22888

17427,-18840

17427,-10760

17427,-8334

17433,-16920

17433,-20918

17433,-15844

17433,-8114

17433,-9092

17433,-17660

17433,-23288

17433,-17332

17433,-7492

17433,-8116

17433,-15264

17433,-21324

17433,-15370

17433,-5582

17433,-4742

17433,-14108

17433,-21362

17433,-13896

17433,-4366

17433,-2340

17433,-12482

17433,-18146

17433,-9560

17433,1406

17433,1930

17433,-8368

17433,-15356

17433,-9502

17434,3760

17434,5044

17434,-4664

17434,-11852

17434,-7086

17434,4674

17434,7286

17434,-1338

17434,-9542

17434,-2866

17434,9304

17434,12598

17434,3092

17434,-5368

17434,-134

17434,10020

17434,12722

17434,1820

17434,-2510

17434,3492

17434,13450

17434,17394

17434,8936

17434,1644

17434,6210

17434,16092

17434,18200

17434,9952

17434,3670

17434,8160

17434,19408

17434,22586

17434,14466

17434,8492

17434,12760

17434,24132

17434,26730

17434,18578

17434,11240

17434,18192

17434,27474

17434,29498

17434,22034

17434,14456

17434,19526

17434,28590

17434,31504

17434,21268

17434,13548

17434,21390

17434,28604

17434,29396

17434,19248

17434,13518

17434,19514

17434,28192

17434,28280

17434,17818

17434,12110

17434,19438

17434,30498

17434,31420

17434,19852

17434,14306

17434,21056

17435,32832

17435,34638

17435,24586

17435,19040

17435,24028

17435,36504

17435,40594

17435,30598

17435,22624

17435,27082

17435,41222

17435,44284

17435,36210

17435,28328

17435,33894

17435,45684

17435,50862

17435,42736

17435,34250

17435,39250

17435,50416

17435,56506

17435,50430

17435,42418

17435,47412

17435,59124

17435,63676

17435,56684

17435,50864

17435,53692

17435,64970

17435,69846

17435,60760

17435,56994

17435,61132

17441,71030

17441,74062

17441,67644

17441,61892

17441,65354

17441,74130

17441,75488

17441,70712

17441,62966

17441,65524

17441,74664

17441,77376

17441,69334

17441,63534

17441,67804

17441,74868

17441,76320

17441,67604

17441,61504

17441,67922

17441,77084

17441,77418

17441,66956

17441,62174

17441,65400

17441,72842

17441,74326

17441,65180

17442,58710

17442,63608

17442,71168

17442,73134

17442,65468

17442,59940

17442,64502

17442,69746

17442,70712

17442,66490

17442,61474

17442,65890

17442,75816

17442,73668

17442,68160

17442,61508

17442,64108

17442,73544

17442,75776

17442,69594

17442,62648

17442,64836

17442,74722

17442,75210

17442,68980

17442,63852

17442,65402

17442,74084

17442,76132

17442,67556

17442,61168

17442,62120

17442,70556

17442,72824

17442,63746

17442,56382

17442,59706

17442,65686

17442,68484

17442,58536

17442,53466

17442,55594

17442,61600

17442,63622

17442,55818

17442,50688

17442,52520

17442,58904

17442,61622

17442,55212

17442,49792

17442,51898

17442,59410

17442,61368

17442,53466

17442,47754

17442,52622

17442,61312

17442,63562

17442,54128

17442,48004

17442,51510

17442,60072

17442,61438

17442,52168

17443,46960

17443,53502

17443,59894

17443,60510

17443,54384

17443,48400

17443,53626

17443,62904

17443,63964

17443,55384

17443,50172

17443,54676

17443,61200

17443,63078

17443,55118

17443,47848

17443,53704

17443,60090

17443,60020

17443,51658

17443,46970

17443,52874

17443,61360

17443,62000

17443,51838

17443,43902

17443,46800

17443,55404

17443,56716

17443,46264

17443,40608

17443,43928

17443,53320

17443,51734

17443,41190

17449,34022

17449,36842

17449,46678

17449,47798

17449,40238

17449,31190

17449,33740

17449,40296

17449,40158

17449,32648

17449,24918

17449,28420

17449,37176

17449,38624

17449,32166

17449,24858

17449,27676

17449,34686

17449,35504

17449,29790

17449,22446

17449,23464

17449,32506

17449,35226

17449,30308

17449,26390

17449,27140

17449,34976

17450,36350

17450,30642

17450,24032

17450,27858

17450,36482

17450,36660

17450,30934

17450,24006

17450,26630

17450,36716

17450,37898

17450,33384

17450,26268

17450,29028

17450,34948

17450,34906

17450,30150

17450,24434

17450,28162

17450,34314

17450,34198

17450,25764

17450,21246

17450,24176

17450,29468

17450,29970

17450,23722

17450,15606

17450,17314

17450,22296

17450,22902

17450,15246

17450,10090

17450,14860

17450,19220

17450,19074

17450,11836

17450,6404

17450,6646

17450,13054

17450,12452

17450,6784

17450,-600

17450,264

17450,6948

17450,8944

17450,3964

17450,-1386

17450,-186

17450,5172

17450,7448

17450,952

17450,-3728

17450,-1720

17450,6772

17450,7802

17450,1450

17450,-5276

17450,-4130

17450,4746

17450,6084

17450,-336

17450,-7844

17450,-4312

17450,1250

17451,4596

17451,-758

17451,-7760

17451,-7488

17451,-2234

17451,2988

17451,202

17451,-7278

17451,-9448

17451,-1890

17451,3308

17451,-806

17451,-6630

17451,-6274

17451,-3064

17451,926

17451,-1588

17451,-4538

17451,-5910

17451,-576

17451,2314

17451,-1440

17451,-4876

17451,-3902

17451,-652

17451,3414

17451,2514

17451,-1966

17451,-2830

17451,1792

17451,4152

17451,3136

17451,-1760

17451,-1886

17451,2756

17457,6202

17457,4070

17457,308

17457,-144

17457,4728

17457,6150

17457,4330

17457,52

17457,622

17457,5226

17457,9788

17457,7152

17457,2818

17457,3666

17457,7338

17457,11990

17457,8852

17457,6274

17457,5454

17457,11696

17457,13442

17457,11902

17457,7658

17457,6882

17457,11068

17457,13438

17457,11142

17457,9988

17458,11368

17458,14828

17458,13462

17458,13026

17458,10234

17458,11520

17458,15210

17458,17284

17458,17874

17458,13674

17458,14796

17458,17646

17458,20646

17458,19988

17458,16538

17458,17944

17458,23406

17458,25206

17458,22944

17458,20054

17458,19700

17458,23732

17458,25478

17458,25112

17458,23324

17458,21200

17458,28764

17458,30554

17458,29190

17458,25466

17458,29186

17458,34910

17458,36946

17458,37828

17458,35618

17458,36564

17458,39574

17458,43414

17458,44912

17458,41338

17458,43286

17458,48008

17458,49286

17458,48954

17458,47314

17458,48448

17458,51434

17458,53464

17458,51330

17458,52544

17458,52590

17458,54158

17458,54076

17458,52612

17458,50478

17458,52950

17458,56078

17458,54902

17458,54270

17458,53030

17458,53860

17458,55426

17458,57638

17458,56414

17458,53592

17459,56046

17459,58008

17459,60300

17459,59354

17459,56890

17459,56390

17459,57820

17459,56292

17459,55616

17459,55596

17459,55318

17459,55594

17459,56072

17459,55074

17459,51664

17459,50818

17459,53136

17459,56052

17459,55514

17459,54968

17459,57032

17459,58338

17459,58824

17459,57666

17459,56116

17459,58654

17459,62630

17459,62826

17459,62634

17459,61268

17459,63312

17459,64374

17459,69486

17459,69244

17459,66216

17465,67690

17465,71288

17465,73044

17465,71824

17465,71468

17465,71672

17465,74118

17465,76376

17465,75492

17465,74484

17465,77244

17465,79240

17465,81190

17465,79620

17465,76884

17465,79084

17465,82348

17465,83720

17465,83742

17465,82874

17465,84444

17465,87862

17465,89154

17465,88798

17465,89254

17465,90140

17465,92600

17465,90588

17466,90796

17466,90404

17466,90354

17466,91062

17466,91454

17466,90422

17466,87942

17466,87752

17466,89760

17466,90624

17466,90790

17466,90498

17466,91548

17466,93584

17466,96160

17466,93574

17466,90982

17466,94944

17466,96960

17466,96498

17466,93802

17466,93690

17466,95278

17466,99658

17466,100386

17466,98256

17466,95470

17466,93072

17466,97714

17466,101344

17466,98948

17466,96212

17466,98258

17466,98722

17466,99578

17466,97390

17466,95620

17466,96710

17466,98714

17466,99016

17466,99362

17466,98748

17466,97358

17466,97448

17466,99128

17466,97538

17466,97788

17466,98584

17466,100554

17466,99032

17466,97090

17466,98348

17466,99702

17466,100122

17466,98472

17466,96872

17466,99478

17466,101832

17466,101580

17466,97760

17466,96176

17466,95556

17466,97316

17466,96914

17466,93418

17467,92918

17467,93104

17467,92080

17467,91016

17467,91008

17467,90318

17467,91292

17467,91280

17467,90036

17467,90476

17467,88138

17467,87302

17467,86714

17467,86766

17467,85858

17467,84712

17467,84380

17467,84614

17467,86060

17467,84920

17467,81542

17467,82234

17467,83322

17467,81816

17467,78512

17467,77824

17467,76966

17467,77154

17467,76176

17467,75400

17467,73890

17467,72546

17467,74480

17467,73946

17467,73534

17473,71104

17473,71562

17473,74056

17473,74160

17473,71986

17473,69952

17473,70764

17473,71476

17473,71776

17473,72348

17473,69878

17473,68330

17473,70024

17473,69916

17473,69138

17473,66964

17473,66500

17473,65524

17473,65234

17473,65150

17473,61938

17473,59362

17473,59310

17473,59138

17473,58112

17473,55706

17473,55076

17473,53920

17474,53816

17474,53116

17474,51490

17474,50150

17474,49776

17474,51128

17474,47264

17474,46740

17474,46574

17474,46702

17474,46188

17474,47704

17474,45638

17474,46222

17474,46308

17474,46170

17474,45784

17474,43622

17474,43792

17474,43952

17474,43510

17474,42418

17474,40488

17474,40162

17474,39410

17474,39730

17474,38710

17474,39068

17474,38626

17474,39672

17474,38500

17474,37068

17474,36026

17474,35366

17474,35862

17474,34790

17474,34190

17474,32922

17474,31228

17474,31144

17474,28588

17474,28096

17474,28118

17474,26696

17474,24070

17474,22364

17474,21776

17474,20958

17474,19180

17474,17522

17474,15414

17474,13016

17474,11758

17474,10914

17474,9578

17474,7026

17474,5472

17474,5986

17474,4384

17474,3774

17474,1770

17474,1380

17474,-286

17474,-2534

17474,-3804

17475,-5494

17475,-5148

17475,-4806

17475,-7350

17475,-9276

17475,-8222

17475,-8680

17475,-9702

17475,-9706

17475,-11104

17475,-12194

17475,-14556

17475,-13938

17475,-13646

17475,-15098

17475,-15466

17475,-16674

17475,-16186

17475,-18044

17475,-17814

17475,-18440

17475,-18116

17475,-18468

17475,-20116

17475,-20622

17475,-20522

17475,-19476

17475,-20388

17475,-20720

17475,-22472

17475,-25374

17475,-24472

17475,-22538

17475,-24744

17475,-27290

17481,-28142

17481,-26660

17481,-25962

17481,-27594

17481,-31020

17481,-31454

17481,-31118

17481,-29894

17481,-31000

17481,-33564

17481,-35758

17481,-35296

17481,-35672

17481,-36172

17481,-37078

17481,-40666

17481,-41220

17481,-40892

17481,-42374

17481,-43890

17481,-47164

17481,-48144

17481,-47178

17481,-46844

17481,-49968

17481,-50554

17481,-50132

17481,-49058

17482,-50568

17482,-51948

17482,-53886

17482,-52572

17482,-53470

17482,-53306

17482,-56420

17482,-56526

17482,-53088

17482,-52988

17482,-53478

17482,-55884

17482,-55298

17482,-56362

17482,-55244

17482,-54590

17482,-59112

17482,-56464

17482,-54020

17482,-54078

17482,-56200

17482,-59834

17482,-59844

17482,-57950

17482,-56900

17482,-58666

17482,-60386

17482,-58674

17482,-57586

17482,-58314

17482,-60598

17482,-62630

17482,-61764

17482,-61104

17482,-58936

17482,-57348

17482,-59132

17482,-60620

17482,-61110

17482,-60608

17482,-62678

17482,-65194

17482,-64694

17482,-64224

17482,-62362

17482,-64310

17482,-66454

17482,-67626

17482,-68658

17482,-68490

17482,-70184

17482,-72222

17482,-71264

17482,-70608

17482,-70648

17482,-72002

17482,-72666

17482,-73568

17482,-72254

17482,-71830

17482,-72120

17482,-73250

17482,-76364

17482,-73538

17482,-71238

17483,-73010

17483,-75136

17483,-76822

17483,-73012

17483,-71054

17483,-70338

17483,-73462

17483,-72108

17483,-70210

17483,-68604

17483,-70014

17483,-71850

17483,-71610

17483,-71954

17483,-70702

17483,-73168

17483,-73926

17483,-74060

17483,-72318

17483,-69686

17483,-73036

17483,-73182

17483,-72818

17483,-72466

17483,-71016

17483,-72344

17483,-74852

17483,-75658

17483,-75296

17483,-75124

17483,-75442

17483,-79662

17483,-79140

17483,-78078

17483,-79148

17489,-79772

17489,-82098

17489,-83806

17489,-83148

17489,-81456

17489,-81848

17489,-84042

17489,-83278

17489,-83820

17489,-80706

17489,-81040

17489,-81022

17489,-81746

17489,-79460

17489,-77320

17489,-77488

17489,-77786

17489,-78036

17489,-75598

17489,-72942

17489,-72950

17489,-75302

17489,-73818

17489,-73750

17489,-71768

17489,-74002

17489,-74498

17489,-75282

17490,-71194

17490,-70802

17490,-71066

17490,-74238

17490,-74656

17490,-73370

17490,-71574

17490,-69840

17490,-71902

17490,-73024

17490,-72914

17490,-68630

17490,-66326

17490,-66378

17490,-67486

17490,-67752

17490,-64044

17490,-63076

17490,-64118

17490,-63306

17490,-60992

17490,-58384

17490,-57784

17490,-58700

17490,-58772

17490,-56650

17490,-55340

17490,-55674

17490,-58152

17490,-58952

17490,-56362

17490,-54242

17490,-54836

17490,-56756

17490,-57282

17490,-54166

17490,-53578

17490,-54776

17490,-56348

17490,-55542

17490,-53754

17490,-52032

17490,-52262

17490,-54270

17490,-53502

17490,-52854

17490,-50704

17490,-52532

17490,-52066

17490,-52302

17490,-51410

17490,-50530

17490,-52510

17490,-53078

17490,-54284

17490,-52528

17490,-53720

17490,-53956

17490,-52998

17490,-53528

17490,-50940

17490,-54766

17490,-55848

17490,-56384

17490,-53880

17491,-54858

17491,-51970

17491,-55112

17491,-55750

17491,-51974

17491,-53870

17491,-52660

17491,-55200

17491,-54486

17491,-52654

17491,-49284

17491,-50394

17491,-52744

17491,-50448

17491,-48804

17491,-49436

17491,-49722

17491,-53676

17491,-52870

17491,-53488

17491,-52914

17491,-51412

17491,-56188

17491,-55118

17491,-53560

17491,-50116

17491,-51958

17491,-53718

17491,-54848

17491,-54274

17491,-52656

17491,-53060

17491,-54930

17491,-54824

17491,-53942

17497,-51974

17497,-50614

17497,-52864

17497,-53434

17497,-52196

17497,-53846

17497,-52338

17497,-52942

17497,-54632

17497,-52698

17497,-52214

17497,-51872

17497,-50346

17497,-52226

17497,-50354

17497,-49806

17497,-49700

17497,-48206

17497,-49954

17497,-49064

17497,-45574

17497,-44386

17497,-44432

17497,-47042

17497,-45660

17497,-42380

17497,-41960

17497,-41106

17498,-42596

17498,-41420

17498,-38448

17498,-37448

17498,-38600

17498,-40540

17498,-38942

17498,-37358

17498,-38702

17498,-38142

17498,-38892

17498,-38648

17498,-37208

17498,-38610

17498,-38120

17498,-38842

17498,-38870

17498,-40326

17498,-40126

17498,-39986

17498,-42334

17498,-42076

17498,-42712

17498,-42952

17498,-43460

17498,-44238

17498,-45130

17498,-44976

17498,-46072

17498,-44916

17498,-46242

17498,-47038

17498,-44952

17498,-45530

17498,-45666

17498,-46298

17498,-47000

17498,-45308

17498,-44606

17498,-44578

17498,-43184

17498,-42558

17498,-43436

17498,-43394

17498,-41566

17498,-40038

17498,-39130

17498,-40424

17498,-40446

17498,-38578

17498,-37464

17498,-36472

17498,-35472

17498,-38986

17498,-37342

17498,-36592

17498,-37032

17498,-35886

17498,-35404

17498,-35578

17498,-36568

17498,-33730

17498,-34172

17498,-35624

17498,-33124

17499,-32966

17499,-33042

17499,-33862

17499,-34206

17499,-33072

17499,-36954

17499,-36274

17499,-36638

17499,-36780

17499,-37674

17499,-38422

17499,-37220

17499,-38846

17499,-40976

17499,-44566

17499,-44468

17499,-46488

17499,-45408

17499,-47888

17499,-49786

17499,-50488

17499,-51116

17499,-51968

17499,-55356

17499,-58100

17499,-59294

17499,-59744

17499,-59202

17499,-61004

17499,-63752

17499,-63062

17499,-62090

17499,-63198

17499,-63226

17499,-63324

17505,-63648

17505,-63038

17505,-62116

17505,-61490

17505,-61880

17505,-61302

17505,-56382

17505,-59028

17505,-60070

17505,-59610

17505,-57244

17505,-54772

17505,-54506

17505,-55690

17505,-56412

17505,-54946

17505,-52432

17505,-53026

17505,-52986

17505,-53872

17505,-53148

17505,-50446

17505,-49830

17505,-50996

17505,-51448

17505,-50820

17505,-48160

17505,-50040

17506,-50830

17506,-51438

17506,-51220

17506,-50274

17506,-50084

17506,-50404

17506,-53048

17506,-52862

17506,-51018

17506,-51982

17506,-55502

17506,-56924

17506,-55910

17506,-57308

17506,-58090

17506,-60384

17506,-61036

17506,-60168

17506,-61794

17506,-62438

17506,-65468

17506,-66954

17506,-65380

17506,-67040

17506,-66684

17506,-69344

17506,-70760

17506,-68386

17506,-68598

17506,-68866

17506,-72076

17506,-73958

17506,-72262

17506,-71618

17506,-71800

17506,-73444

17506,-75550

17506,-76042

17506,-72176

17506,-72568

17506,-73380

17506,-74728

17506,-74994

17506,-73512

17506,-74664

17506,-73718

17506,-74222

17506,-73878

17506,-72826

17506,-73500

17506,-75040

17506,-75046

17506,-73954

17506,-75858

17506,-74986

17506,-74586

17506,-75936

17506,-75780

17506,-73900

17506,-76272

17506,-78534

17506,-79068

17506,-77110

17506,-78244

17506,-78826

17507,-78872

17507,-79832

17507,-77594

17507,-77012

17507,-78130

17507,-80104

17507,-81736

17507,-79228

17507,-79922

17507,-79588

17507,-82002

17507,-82306

17507,-81114

17507,-81234

17507,-82094

17507,-83788

17507,-84804

17507,-83036

17507,-82086

17507,-85558

17507,-87176

17507,-86776

17507,-84476

17507,-84166

17507,-84120

17507,-86850

17507,-88890

17507,-88402

17507,-88280

17507,-89330

17507,-90214

17507,-91552

17507,-88438

17507,-85636

17507,-87764

17513,-90850

17513,-91396

17513,-88558

17513,-87422

17513,-89210

17513,-93056

17513,-92216

17513,-89004

17513,-88994

17513,-90374

17513,-91078

17513,-92318

17513,-89792

17513,-88488

17513,-89014

17513,-92524

17513,-92668

17513,-90204

17513,-89738

17513,-90124

17513,-91218

17513,-91374

17513,-88964

17513,-89374

17513,-89294

17513,-91076

17513,-91822

17513,-90186

17514,-89994

17514,-93066

17514,-94654

17514,-93778

17514,-92894

17514,-92612

17514,-91582

17514,-92980

17514,-94534

17514,-92118

17514,-93056

17514,-92454

17514,-92440

17514,-91312

17514,-89678

17514,-90238

17514,-90110

17514,-92486

17514,-93516

17514,-91504

17514,-89346

17514,-88128

17514,-89810

17514,-90406

17514,-88092

17514,-87016

17514,-86928

17514,-87300

17514,-87782

17514,-84666

17514,-82390

17514,-83916

17514,-84226

17514,-85494

17514,-82122

17514,-80474

17514,-80166

17514,-79298

17514,-79180

17514,-78658

17514,-76400

17514,-77348

17514,-79744

17514,-79244

17514,-78706

17514,-76012

17514,-76484

17514,-78014

17514,-76228

17514,-75632

17514,-73344

17514,-75196

17514,-75526

17514,-75220

17514,-74740

17514,-72832

17514,-75206

17514,-77024

17514,-77840

17514,-76350

17514,-75102

17514,-73260

17514,-77522

17514,-79892

17514,-77772

17515,-76810

17515,-75996

17515,-78822

17515,-79382

17515,-76626

17515,-73710

17515,-73046

17515,-75396

17515,-75314

17515,-74342

17515,-72542

17515,-73402

17515,-74096

17515,-73902

17515,-71424

17515,-71046

17515,-70450

17515,-70842

17515,-70594

17515,-69024

17515,-68106

17515,-68140

17515,-66070

17515,-66222

17515,-63930

17515,-62804

17515,-63252

17515,-61368

17515,-61228

17515,-62274

17515,-60222

17515,-58642

17515,-60276

17515,-60648

17515,-58232

17521,-56482

17521,-55720

17521,-57782

17521,-58428

17521,-57092

17521,-54118

17521,-56016

17521,-55160

17521,-55330

17521,-57082

17521,-54406

17521,-56166

17521,-56228

17521,-57794

17521,-55070

17521,-56538

17521,-57018

17521,-60264

17521,-60630

17521,-60972

17521,-61024

17521,-60646

17521,-62494

17521,-60334

17521,-57564

17521,-56636

17521,-60386

17521,-64442

17522,-62604

17522,-60618

17522,-56384

17522,-57206

17522,-58498

17522,-57258

17522,-56108

17522,-54686

17522,-56554

17522,-57080

17522,-56284

17522,-52536

17522,-53232

17522,-54768

17522,-54690

17522,-55818

17522,-54964

17522,-52574

17522,-54018

17522,-54982

17522,-54746

17522,-53082

17522,-53038

17522,-51338

17522,-53406

17522,-53256

17522,-51456

17522,-52042

17522,-52778

17522,-54194

17522,-51268

17522,-48212

17522,-47188

17522,-48446

17522,-48040

17522,-45158

17522,-46228

17522,-45326

17522,-42852

17522,-44802

17522,-45512

17522,-44586

17522,-42392

17522,-41530

17522,-40278

17522,-40184

17522,-39284

17522,-37366

17522,-38842

17522,-39658

17522,-39170

17522,-38534

17522,-38566

17522,-39790

17522,-39336

17522,-38838

17522,-36724

17522,-36362

17522,-38848

17522,-38456

17522,-37882

17522,-37464

17522,-38466

17522,-39356

17522,-39306

17523,-39170

17523,-36680

17523,-36634

17523,-39406

17523,-41446

17523,-40038

17523,-39054

17523,-37830

17523,-39496

17523,-40488

17523,-41190

17523,-39468

17523,-38302

17523,-41660

17523,-42278

17523,-42664

17523,-42792

17523,-42002

17523,-42086

17523,-44616

17523,-43750

17523,-44150

17523,-42510

17523,-44328

17523,-43796

17523,-42264

17523,-41050

17523,-43008

17523,-44932

17523,-44158

17523,-42276

17523,-42728

17523,-42248

17523,-42176

17523,-43136

17529,-40494

17529,-39368

17529,-39270

17529,-39344

17529,-38644

17529,-39824

17529,-40232

17529,-37844

17529,-38158

17529,-38856

17529,-38896

17529,-39268

17529,-35876

17529,-37094

17529,-38646

17529,-37638

17529,-35784

17529,-34910

17529,-36366

17529,-36794

17529,-36342

17529,-34304

17529,-34144

17529,-34958

17529,-37134

17529,-32840

17529,-30850

17529,-30122

17530,-30794

17530,-30686

17530,-32882

17530,-30842

17530,-31200

17530,-31742

17530,-33122

17530,-33392

17530,-31714

17530,-31128

17530,-32276

17530,-33632

17530,-34648

17530,-35000

17530,-34194

17530,-36398

17530,-37630

17530,-38516

17530,-37412

17530,-36030

17530,-35740

17530,-37086

17530,-40288

17530,-39116

17530,-37998

17530,-37858

17530,-37864

17530,-38048

17530,-36422

17530,-37558

17530,-37226

17530,-38186

17530,-38138

17530,-37498

17530,-36808

17530,-38098

17530,-38068

17530,-35940

17530,-37818

17530,-37888

17530,-38004

17530,-39368

17530,-38612

17530,-38748

17530,-38282

17530,-39822

17530,-41344

17530,-39856

17530,-38954

17530,-38684

17530,-39148

17530,-38916

17530,-37272

17530,-36348

17530,-35104

17530,-34506

17530,-37556

17530,-36598

17530,-37038

17530,-36746

17530,-37710

17530,-39264

17530,-37108

17530,-38000

17530,-38088

17531,-39422

17531,-40016

17531,-39448

17531,-38208

17531,-37942

17531,-40104

17531,-38400

17531,-39120

17531,-37550

17531,-37090

17531,-36118

17531,-35632

17531,-35896

17531,-35244

17531,-35970

17531,-36364

17531,-35818

17531,-34302

17531,-32688

17531,-31738

17531,-33268

17531,-32658

17531,-31668

17531,-30346

17531,-30952

17531,-31010

17531,-29348

17531,-29904

17531,-27924

17531,-27170

17531,-30876

17531,-29228

17531,-28018

17531,-29206

17531,-29296

17537,-32122

17537,-31170

17537,-28320

17537,-30234

17537,-28782

17537,-28194

17537,-29092

17537,-28528

17537,-28752

17537,-28844

17537,-27718

17537,-27596

17537,-25982

17537,-26408

17537,-26300

17537,-24718

17537,-24920

17537,-23636

17537,-24092

17537,-25204

17537,-25348

17537,-24626

17537,-24094

17537,-22540

17537,-23346

17537,-25176

17537,-24648

17537,-24350

17538,-26114

17538,-27290

17538,-26190

17538,-25124

17538,-26834

17538,-26314

17538,-25426

17538,-25792

17538,-26272

17538,-26692

17538,-25888

17538,-24214

17538,-25168

17538,-23408

17538,-25342

17538,-24610

17538,-23620

17538,-24252

17538,-24512

17538,-23548

17538,-23018

17538,-22154

17538,-22672

17538,-22918

17538,-21646

17538,-22346

17538,-22198

17538,-22572

17538,-21436

17538,-20856

17538,-20674

17538,-22038

17538,-19950

17538,-17470

17538,-18376

17538,-18796

17538,-18272

17538,-18942

17538,-17398

17538,-17222

17538,-16274

17538,-15256

17538,-15554

17538,-14552

17538,-14154

17538,-13038

17538,-12852

17538,-14362

17538,-14666

17538,-12300

17538,-12204

17538,-10844

17538,-12148

17538,-11092

17538,-11998

17538,-10932

17538,-12156

17538,-11868

17538,-9426

17538,-9502

17538,-8900

17538,-9890

17538,-8568

17538,-10714

17538,-11392

17539,-11284

17539,-11986

17539,-11512

17539,-12538

17539,-10880

17539,-11726

17539,-11492

17539,-11260

17539,-10496

17539,-11546

17539,-11158

17539,-9812

17539,-10680

17539,-10532

17539,-9966

17539,-8488

17539,-8428

17539,-11008

17539,-11282

17539,-10564

17539,-9614

17539,-9586

17539,-8478

17539,-9618

17539,-7988

17539,-8628

17539,-7182

17539,-6036

17539,-8184

17539,-7324

17539,-5934

17539,-6022

17539,-5668

17539,-4096

17539,-4208

17545,-2970

17545,-3454

17545,-2288

17545,-470

17545,282

17545,1158

17545,-88

17545,1506

17545,2556

17545,6126

17545,5960

17545,6908

17545,6280

17545,7146

17545,7542

17545,9130

17545,8804

17545,6916

17545,6092

17545,6536

17545,6458

17545,6604

17545,5672

17545,5568

17545,4832

17545,4262

17545,3088

17545,2854

17546,2510

17546,3240

17546,3648

17546,3070

17546,1626

17546,2218

17546,2990

17546,3234

17546,1260

17546,422

17546,230

17546,1782

17546,2770

17546,1648

17546,780

17546,2472

17546,658

17546,3814

17546,3812

17546,4698

17546,1648

17546,958

17546,2698

17546,2164

17546,1898

17546,3088

17546,3732

17546,3324

17546,3770

17546,2372

17546,3064

17546,3110

17546,3698

17546,4760

17546,4452

17546,5450

17546,6404

17546,6400

17546,5868

17546,5932

17546,6108

17546,6628

17546,6704

17546,7310

17546,6886

17546,6522

17546,8680

17546,6998

17546,6986

17546,7836

17546,6454

17546,5154

17546,6332

17546,8346

17546,8250

17546,7222

17546,7338

17546,10804

17546,10558

17546,8876

17546,7212

17546,8620

17546,12452

17546,11106

17546,9632

17547,10316

17547,11408

17547,11522

17547,11596

17547,11986

17547,11432

17547,9478

17547,10216

17547,11328

17547,10856

17547,9340

17547,9230

17547,9596

17547,8538

17547,6284

17547,6298

17547,5684

17547,5728

17547,5042

17547,5176

17547,5596

17547,3304

17547,3742

17547,4658

17547,2590

17547,1734

17547,336

17547,776

17547,616

17547,1248

17547,1798

17547,904

17547,1842

17547,2402

17547,1576

17553,188

17553,1972

17553,3016

17553,3752

17553,3556

17553,2726

17553,2890

17553,448

17553,-1976

17553,-4436

17553,-3014

17553,-1420

17553,1744

17553,1284

17553,-2638

17553,-4554

17553,-4442

17553,-3036

17553,-3834

17553,-5342

17553,-7396

17553,-6204

17553,-6556

17553,-7076

17553,-7706

17553,-9260

17553,-9230

17553,-8126

17554,-7198

17554,-8890

17554,-9110

17554,-11954

17554,-8120

17554,-10816

17554,-10376

17554,-9004

17554,-8250

17554,-10428

17554,-10510

17554,-12842

17554,-13216

17554,-11346

17554,-11230

17554,-12182

17554,-13444

17554,-13352

17554,-13018

17554,-12806

17554,-11908

17554,-11534

17554,-12214

17554,-10726

17554,-9338

17554,-8100

17554,-9008

17554,-10416

17554,-7448

17554,-7654

17554,-7670

17554,-7900

17554,-7006

17554,-7770

17554,-6612

17554,-6000

17554,-7432

17554,-8024

17554,-7966

17554,-8470

17554,-8184

17554,-8122

17554,-8128

17554,-9096

17554,-7778

17554,-8746

17554,-9434

17554,-9986

17554,-8676

17554,-9648

17554,-10332

17554,-11898

17554,-12892

17554,-11754

17554,-12128

17554,-13210

17554,-13826

17554,-13906

17554,-12560

17554,-11912

17554,-11722

17554,-13286

17554,-13786

17554,-13286

17554,-12774

17555,-12404

17555,-14282

17555,-14042

17555,-14264

17555,-13318

17555,-13864

17555,-15568

17555,-17022

17555,-16170

17555,-16168

17555,-15976

17555,-17870

17555,-19786

17555,-18422

17555,-17356

17555,-18628

17555,-17798

17555,-19800

17555,-18232

17555,-19874

17555,-19154

17555,-19168

17555,-18940

17555,-18728

17555,-18440

17555,-18448

17555,-19886

17555,-20226

17555,-20828

17555,-21346

17555,-21086

17555,-22002

17555,-21754

17555,-22026

17555,-21294

17561,-22802

17561,-22472

17561,-22224

17561,-22160

17561,-20936

17561,-22796

17561,-23862

17561,-24506

17561,-23838

17561,-23438

17561,-24682

17561,-25620

17561,-24994

17561,-24026

17561,-24342

17561,-26912

17561,-27234

17561,-25674

17561,-27044

17561,-28302

17561,-27728

17561,-30122

17561,-28686

17561,-29196

17561,-28050

17561,-29806

17561,-30016

17561,-29606

17562,-29776

17562,-27992

17562,-29930

17562,-29122

17562,-27856

17562,-27580

17562,-26960

17562,-26808

17562,-27668

17562,-28756

17562,-30456

17562,-30072

17562,-29512

17562,-29010

17562,-29656

17562,-30070

17562,-27264

17562,-27190

17562,-30126

17562,-29658

17562,-30484

17562,-29636

17562,-28576

17562,-30532

17562,-31022

17562,-29898

17562,-29090

17562,-29920

17562,-31940

17562,-32852

17562,-31276

17562,-31052

17562,-29972

17562,-29804

17562,-30854

17562,-30848

17562,-29352

17562,-29698

17562,-30426

17562,-28574

17562,-28818

17562,-27694

17562,-27544

17562,-26558

17562,-26558

17562,-25406

17562,-23948

17562,-25330

17562,-25168

17562,-24540

17562,-21770

17562,-22050

17562,-20950

17562,-20582

17562,-18740

17562,-17416

17562,-16292

17562,-16258

17562,-16962

17562,-14770

17562,-12870

17562,-12078

17562,-12424

17562,-13302

17562,-13002

17563,-10284

17563,-8446

17563,-8906

17563,-9914

17563,-8252

17563,-8268

17563,-9724

17563,-10512

17563,-8830

17563,-8292

17563,-5616

17563,-5972

17563,-6516

17563,-5562

17563,-6010

17563,-4148

17563,-2924

17563,-3290

17563,-6862

17563,-7604

17563,-5594

17563,-3040

17563,-6446

17563,-7772

17563,-7268

17563,-8866

17563,-9306

17563,-9458

17563,-12438

17563,-14900

17563,-12712

17563,-10388

17563,-10836

17563,-10774

17563,-11392

17569,-11668

17569,-11886

17569,-8814

17569,-10932

17569,-9366

17569,-10836

17569,-10536

17569,-8686

17569,-10250

17569,-11082

17569,-10768

17569,-10142

17569,-11092

17569,-10308

17569,-10236

17569,-8078

17569,-8858

17569,-7996

17569,-9958

17569,-10062

17569,-10266

17569,-9540

17569,-6906

17569,-10794

17569,-8858

17569,-6790

17569,-5952

17569,-6432

17570,-6686

17570,-5980

17570,-4152

17570,-4184

17570,-3578

17570,-2186

17570,-1806

17570,-2286

17570,-2226

17570,-2490

17570,-2020

17570,-1740

17570,-174

17570,-608

17570,296

17570,1716

17570,470

17570,-192

17570,756

17570,1706

17570,774

17570,2020

17570,4536

17570,4388

17570,2636

17570,900

17570,2730

17570,1232

17570,238

17570,810

17570,970

17570,-1098

17570,-650

17570,1062

17570,1724

17570,1958

17570,1860

17570,4018

17570,4684

17570,5442

17570,5150

17570,5702

17570,7486

17570,7770

17570,7122

17570,8184

17570,8534

17570,11984

17570,13626

17570,13334

17570,12676

17570,12412

17570,14344

17570,15910

17570,16976

17570,15236

17570,16566

17570,18818

17570,21098

17570,21906

17570,20898

17570,20474

17570,21610

17570,24784

17570,24438

17571,23956

17571,24280

17571,24818

17571,26940

17571,26350

17571,24928

17571,26392

17571,26440

17571,26142

17571,26366

17571,27326

17571,28590

17571,29506

17571,29664

17571,30422

17571,31194

17571,30792

17571,32264

17571,30358

17571,31090

17571,29712

17571,30774

17571,29878

17571,28396

17571,30044

17571,28768

17571,28244

17571,30828

17571,32054

17571,30326

17571,30158

17571,30960

17571,29104

17571,30960

17571,31470

17577,31140

17577,31340

17577,33282

17577,31862

17577,31178

17577,31002

17577,31660

17577,32854

17577,34122

17577,35208

17577,34770

17577,38150

17577,40188

17577,39734

17577,40182

17577,38556

17577,38290

17577,39292

17577,40786

17577,41364

17577,43206

17577,43526

17577,43996

17577,44488

17577,45070

17577,43738

17577,44110

17577,44306

17578,45670

17578,45970

17578,46074

17578,44566

17578,43714

17578,43222

17578,44332

17578,43196

17578,42576

17578,41136

17578,40384

17578,39346

17578,37726

17578,38058

17578,37040

17578,37552

17578,37304

17578,35786

17578,35838

17578,34640

17578,34306

17578,34990

17578,34612

17578,35170

17578,35010

17578,37688

17578,37002

17578,37122

17578,37426

17578,35582

17578,38046

17578,35710

17578,36878

17578,36348

17578,38318

17578,40390

17578,38956

17578,38824

17578,39914

17578,38872

17578,41580

17578,39258

17578,39608

17578,39480

17578,40744

17578,41016

17578,42400

17578,42182

17578,42182

17578,42024

17578,41648

17578,43110

17578,42534

17578,43518

17578,44032

17578,45538

17578,44346

17578,44384

17578,44392

17578,45194

17578,47278

17578,47086

17578,47530

17578,47398

17578,48244

17579,49008

17579,48278

17579,47790

17579,48800

17579,48010

17579,47278

17579,47504

17579,46150

17579,44356

17579,43890

17579,44080

17579,41146

17579,41922

17579,41558

17579,38182

17579,38714

17579,37460

17579,36618

17579,35560

17579,37060

17579,36934

17579,35804

17579,35530

17579,33268

17579,33656

17579,33582

17579,32148

17579,31058

17579,29610

17579,30004

17579,30286

17579,30612

17579,29016

17579,27208

17579,27886

17585,27784

17585,28690

17585,27756

17585,28090

17585,27858

17585,28518

17585,27904

17585,28564

17585,28582

17585,28906

17585,28378

17585,30108

17585,28016

17585,27330

17585,29032

17585,28832

17585,27848

17585,29056

17585,28726

17585,29860

17585,30406

17585,28990

17585,29644

17585,29104

17585,30262

17585,30844

17585,30350

17585,31420

17586,30426

17586,31326

17586,33258

17586,30988

17586,27976

17586,29556

17586,29298

17586,28980

17586,30600

17586,28428

17586,27828

17586,29184

17586,28500

17586,28792

17586,27568

17586,28266

17586,26910

17586,27680

17586,28838

17586,26230

17586,25930

17586,26268

17586,27076

17586,25648

17586,25090

17586,26726

17586,25902

17586,27596

17586,26972

17586,27186

17586,28794

17586,27904

17586,28988

17586,27998

17586,29516

17586,29052

17586,30236

17586,31550

17586,31958

17586,33984

17586,34150

17586,34710

17586,35104

17586,34450

17586,33612

17586,34744

17586,36684

17586,36238

17586,35406

17586,35866

17586,37234

17586,37460

17586,36914

17586,36404

17586,36338

17586,36796

17586,36360

17586,38256

17586,39178

17586,39036

17586,38026

17586,40642

17586,41450

17586,38720

17586,38744

17587,39966

17587,39110

17587,39218

17587,39984

17587,39932

17587,41930

17587,42652

17587,43826

17587,44010

17587,42448

17587,44138

17587,44256

17587,46226

17587,45482

17587,43560

17587,43490

17587,43178

17587,42608

17587,44402

17587,42982

17587,42440

17587,41470

17587,41458

17587,41280

17587,41818

17587,41530

17587,41590

17587,42494

17587,44458

17587,43674

17587,44378

17587,46552

17587,46536

17587,48020

17587,46568

17593,47404

17593,47762

17593,49992

17593,49814

17593,47662

17593,48516

17593,51596

17593,51822

17593,50622

17593,50094

17593,47906

17593,50040

17593,49946

17593,49220

17593,49756

17593,50658

17593,49146

17593,46728

17593,47002

17593,46984

17593,47518

17593,47448

17593,48054

17593,48072

17593,48794

17593,46664

17593,48844

17593,49768

17594,48418

17594,49572

17594,48598

17594,50634

17594,50348

17594,50582

17594,51114

17594,52238

17594,50816

17594,52106

17594,51906

17594,52690

17594,51214

17594,53164

17594,52630

17594,51980

17594,51702

17594,52738

17594,53956

17594,52252

17594,51446

17594,52152

17594,51788

17594,54286

17594,51924

17594,52304

17594,52820

17594,52806

17594,54706

17594,53242

17594,51904

17594,52890

17594,54310

17594,54174

17594,53250

17594,53956

17594,52554

17594,51338

17594,52268

17594,52016

17594,49342

17594,49148

17594,48738

17594,48422

17594,47950

17594,49890

17594,46960

17594,48562

17594,49748

17594,50634

17594,50628

17594,50564

17594,49294

17594,49664

17594,50814

17594,50774

17594,51290

17594,51422

17594,50186

17594,52464

17594,52592

17594,50858

17594,54380

17594,55484

17594,55130

17595,54028

17595,51912

17595,52218

17595,55084

17595,55742

17595,56554

17595,57816

17595,57114

17595,58312

17595,58746

17595,58528

17595,56150

17595,55414

17595,57036

17595,57272

17595,58520

17595,56990

17595,57662

17595,58296

17595,57844

17595,59480

17595,58690

17595,58932

17595,58676

17595,58872

17595,59610

17595,61920

17595,61788

17595,61624

17595,60872

17595,60998

17595,61222

17595,60006

17595,60606

17595,59810

17601,59360

17601,58382

17601,56090

17601,55738

17601,55942

17601,55010

17601,53528

17601,53336

17601,53408

17601,54294

17601,53258

17601,54426

17601,54176

17601,53768

17601,54648

17601,55416

17601,54374

17601,54152

17601,54850

17601,54380

17601,56216

17601,56978

17601,57284

17601,56472

17601,58192

17601,58126

17601,61162

17601,60818

17602,59922

17602,62562

17602,63372

17602,63768

17602,63302

17602,63304

17602,63460

17602,64424

17602,65990

17602,64138

17602,63342

17602,66798

17602,67560

17602,67878

17602,66508

17602,67102

17602,67928

17602,64762

17602,64040

17602,64452

17602,62882

17602,62290

17602,64548

17602,62450

17602,61128

17602,60784

17602,60432

17602,59356

17602,57954

17602,58012

17602,57016

17602,56896

17602,55438

17602,55056

17602,54656

17602,55130

17602,54286

17602,53226

17602,51302

17602,50900

17602,49430

17602,47784

17602,47838

17602,48080

17602,45628

17602,43954

17602,42896

17602,43090

17602,41498

17602,41072

17602,41882

17602,40402

17602,37696

17602,36136

17602,36090

17602,36156

17602,36900

17602,36198

17602,36418

17602,36164

17602,33988

17602,34508

17602,31794

17602,33532

17602,33278

17603,32800

17603,31848

17603,32346

17603,31052

17603,31242

17603,31394

17603,31682

17603,32582

17603,31178

17603,31902

17603,30426

17603,32936

17603,30752

17603,29558

17603,31504

17603,30386

17603,31468

17603,32412

17603,33070

17603,33430

17603,34458

17603,34112

17603,34536

17603,32372

17603,33042

17603,34574

17603,35672

17603,37596

17603,36964

17603,37548

17603,39236

17603,39788

17603,43300

17603,42242

17603,41002

17609,43032

17609,44188

17609,42630

17609,42478

17609,42568

17609,41396

17609,42894

17609,43160

17609,42662

17609,42260

17609,40516

17609,40590

17609,40244

17609,40890

17609,39348

17609,40974

17609,41336

17609,40424

17609,39698

17609,38002

17609,37220

17609,35816

17609,36256

17609,35148

17609,34242

17609,33360

17609,33852

17609,30002

17610,28374

17610,27110

17610,28612

17610,28840

17610,27884

17610,27604

17610,27114

17610,28208

17610,27178

17610,27554

17610,25702

17610,26164

17610,26056

17610,25874

17610,27422

17610,25434

17610,25720

17610,26214

17610,26898

17610,25994

17610,24524

17610,24004

17610,25626

17610,26056

17610,24394

17610,23816

17610,23474

17610,21814

17610,23558

17610,25204

17610,22680

17610,21964

17610,23946

17610,22602

17610,23000

17610,21940

17610,21598

17610,20254

17610,20430

17610,20438

17610,19602

17610,20072

17610,20530

17610,21584

17610,20272

17610,20648

17610,21050

17610,20312

17610,22050

17610,21260

17610,20876

17610,19320

17610,20010

17610,18496

17610,17938

17610,18184

17610,17266

17610,19460

17610,19514

17610,18112

17610,19478

17610,18678

17610,19014

17610,19458

17610,17344

17611,16572

17611,16368

17611,16352

17611,16418

17611,16736

17611,15930

17611,15546

17611,14736

17611,14886

17611,16198

17611,16084

17611,14632

17611,13358

17611,13422

17611,14532

17611,12858

17611,11800

17611,11546

17611,12446

17611,11150

17611,11516

17611,9166

17611,8206

17611,10010

17611,8180

17611,6832

17611,8348

17611,6806

17611,5808

17611,7196

17611,5348

17611,5106

17611,5564

17611,5118

17611,7184

17617,4692

17617,3474

17617,4656

17617,5764

17617,4060

17617,4460

17617,4678

17617,5010

17617,4008

17617,3526

17617,2600

17617,2404

17617,2986

17617,3386

17617,5620

17617,4930

17617,4396

17617,3782

17617,3824

17617,3406

17617,2880

17617,3464

17617,2254

17617,1770

17617,4582

17617,4754

17617,3058

17617,660

17618,3084

17618,2374

17618,3192

17618,2602

17618,1686

17618,2896

17618,4086

17618,4576

17618,2822

17618,1252

17618,4240

17618,4822

17618,1760

17618,468

17618,1298

17618,1166

17618,-234

17618,46

17618,1048

17618,192

17618,116

17618,-378

17618,-296

17618,-2760

17618,-2936

17618,-3084

17618,-2812

17618,-3002

17618,-4152

17618,-5682

17618,-5164

17618,-3766

17618,-5316

17618,-6416

17618,-6836

17618,-5404

17618,-6748

17618,-8212

17618,-7686

17618,-9230

17618,-7930

17618,-8264

17618,-9364

17618,-10128

17618,-10230

17618,-9064

17618,-11580

17618,-10774

17618,-9076

17618,-8702

17618,-8970

17618,-9858

17618,-11076

17618,-12338

17618,-12130

17618,-11282

17618,-10780

17618,-10660

17618,-11240

17618,-9456

17618,-9364

17618,-8838

17618,-9758

17618,-8406

17618,-6772

17619,-6052

17619,-6646

17619,-7890

RAW_SUMMARY id=2 requested=5600 captured=5600 unused_capacity=400 max_pcm_abs=338378 raw_mean=5383.0 raw_abs_mean=55295.5 raw_min=-284554 raw_max=338378 baseline=-15.6

OK RAW

