# run: cfg_undecoded_2
# firmware: role=analyzer git=9f584bb version=0.4.0
# imported-from: undecoded_2.log (mtime 2026-10-09T10:41:27)
RAW_INFO mode=i2s output=csv

RAW_INFO row_size=12

RAW_BEGIN id=2 sr=16000 trigger_ms=18098 command_ms=18083 emit_seen=1 emit_start_ms=18098 emit_done_ms=18101 f=3200 dur=1 pre_ms=0 post_ms=350 decim=1 pre_samples=0 post_samples=5600 mode=i2s output=csv fields=ms,pcm

ms,pcm

18100,-19466240

18100,-19707904

18100,-19319808

18100,-19251712

18100,-18937344

18100,-19324928

18100,-18981376

18100,-18747392

18100,-19380736

18100,-19277824

18100,-19404800

18101,-19179008

18101,-19860480

18101,-19964928

18101,-19869696

18101,-19502080

18101,-19699712

18101,-20089856

18101,-20664320

18101,-19989504

18101,-20540928

18101,-20291584

18101,-20235264

18101,-20334080

18101,-20489728

18101,-20670976

18101,-20591616

18101,-20602880

18101,-20599296

18101,-20464640

18101,-20517888

18101,-20602368

18101,-20037120

18101,-20148736

18101,-20538368

18101,-20566016

18102,-20395520

18102,-20188160

18102,-20310016

18102,-20318720

18102,-20327424

18102,-20381696

18102,-20371456

18102,-20207616

18102,-20359168

18102,-20284928

18102,-20482560

18102,-20213760

18102,-19811840

18102,-20317696

18102,-19990528

18102,-19961344

18102,-19733504

18102,-20841984

18102,-20727808

18102,-21040128

18103,-20787200

18103,-20968960

18103,-20700160

18103,-20588032

18103,-20808192

18103,-20718592

18103,-21019648

18103,-21283840

18103,-20880384

18103,-20348928

18103,-20559872

18103,-20300800

18103,-20378112

18103,-20054528

18103,-19853312

18103,-19923968

18103,-19813888

18103,-19867648

18103,-20639232

18103,-20113920

18103,-20024320

18103,-19787264

18103,-19433472

18103,-19631104

18103,-19914752

18103,-19603456

18103,-19546112

18103,-19532800

18103,-19655168

18103,-19794944

18103,-20013056

18103,-19742720

18103,-19959296

18103,-19706368

18103,-19636224

18103,-20202496

18103,-20091904

18103,-19850752

18103,-19837952

18103,-20279296

18103,-20399104

18103,-20002816

18103,-20128256

18103,-20224000

18103,-20009984

18103,-19884544

18103,-19842560

18103,-19898880

18103,-20086784

18103,-20315648

18103,-20363264

18103,-20578304

18103,-20545024

18103,-20976128

18103,-20830208

18103,-20926976

18103,-20886528

18103,-20935168

18103,-20973568

18103,-20956160

18103,-21131264

18103,-21062144

18103,-21106176

18103,-21123584

18103,-20841984

18104,-20953088

18104,-21405184

18104,-20901376

18104,-20815360

18104,-20997632

18104,-21381632

18104,-21331456

18105,-21052928

18105,-21438464

18105,-20935680

18105,-21338624

18105,-21147136

18105,-21141504

18105,-21101568

18105,-21322752

18105,-21166080

18105,-20909568

18105,-20857344

18105,-21002752

18105,-20979200

18105,-20811264

18105,-21281792

18105,-21269504

18105,-21385728

18105,-21147648

18105,-21186048

18105,-21008896

18105,-21402112

18105,-21488128

18105,-21289984

18105,-21538816

18105,-21630464

18105,-21406720

18105,-21841408

18105,-21560832

18106,-21563392

18106,-21718016

18106,-22034432

18106,-21850624

18106,-21933056

18106,-22103552

18106,-21924352

18106,-22238208

18106,-21955072

18106,-22337536

18106,-22391808

18106,-21674496

18106,-21915136

18106,-21974528

18106,-21775360

18106,-21607424

18106,-21735424

18106,-21796352

18106,-21811712

18106,-21564928

18106,-22064128

18106,-21770240

18106,-21883392

18106,-22183424

18106,-21798400

18106,-21863936

18106,-21868032

18106,-21817856

18106,-21712896

18106,-21937664

18106,-21749760

18106,-21787648

18106,-21594624

18106,-21643264

18106,-22006784

18106,-21898240

18106,-22106624

18106,-21713920

18106,-22097408

18106,-21999104

18106,-21945856

18106,-21868544

18106,-21511680

18106,-21115392

18106,-21090304

18106,-21268480

18106,-21064192

18106,-21063168

18106,-21351936

18106,-21230080

18106,-20706816

18106,-21027840

18106,-21011968

18106,-20614144

18106,-20321792

18106,-20926464

18106,-21004288

18106,-20791808

18106,-20830208

18106,-20456960

18106,-21045248

18106,-20734976

18106,-20764160

18106,-20402176

18106,-20505600

18107,-20919296

18107,-20739584

18107,-20848128

18107,-20596736

18107,-20593664

18107,-20615680

18107,-20631552

18107,-20404736

18107,-20415488

18107,-20681216

18107,-20307968

18107,-20498432

18107,-20441600

18107,-20500992

18107,-20229120

18107,-20619776

18107,-20587520

18107,-20612608

18107,-20222464

18107,-20089344

18107,-20144640

18107,-20240896

18107,-20005888

18107,-20005888

18107,-19812352

18107,-19641344

18107,-19943424

18107,-19381760

18107,-18957824

18107,-19229184

18107,-19472896

18107,-19509248

18107,-19095040

18107,-18724864

18107,-19015680

18113,-19634176

18113,-19573248

18113,-19203072

18113,-19097088

18113,-19145216

18113,-18588160

18113,-18562560

18113,-18431488

18113,-18526208

18113,-18632704

18113,-18764288

18113,-19070976

18113,-18989056

18113,-19026944

18113,-18190848

18113,-18169344

18113,-17965568

18113,-17434112

18113,-17850880

18113,-17586176

18113,-17924096

18113,-17717248

18113,-17961984

18113,-18035200

18113,-18053632

18113,-17884160

18113,-17966592

18113,-17888768

18114,-17548288

18114,-17768448

18114,-17665536

18114,-17864192

18114,-17552896

18114,-17544192

18114,-17938432

18114,-17681408

18114,-17723392

18114,-17648128

18114,-18032640

18114,-17628160

18114,-18074624

18114,-18361856

18114,-18020352

18114,-18113536

18114,-18345472

18114,-18322944

18114,-17928704

18114,-18023424

18114,-18379264

18114,-18445312

18114,-18044416

18114,-17993216

18114,-17817088

18114,-17594368

18114,-17960448

18114,-17863168

18114,-17928704

18114,-17833984

18114,-17746432

18114,-18257408

18114,-18488320

18114,-18447872

18114,-17985536

18114,-18163712

18114,-18269696

18114,-18057216

18114,-17909248

18114,-18212864

18114,-18429440

18114,-18023424

18114,-18459136

18114,-18352640

18114,-18268672

18114,-18269696

18114,-18129408

18114,-18142720

18114,-17906176

18114,-17717248

18114,-17817088

18114,-17799680

18114,-17824256

18114,-17715200

18114,-18141184

18114,-18056192

18114,-18000896

18114,-17962496

18114,-18510848

18114,-18089984

18114,-17980416

18114,-18551296

18114,-18079232

18114,-17873920

18114,-18071040

18115,-18035200

18115,-18185728

18115,-18167296

18115,-18313216

18115,-17648128

18115,-18157568

18115,-18164224

18115,-18471424

18115,-18584576

18115,-18386944

18115,-18059776

18115,-18069504

18115,-17812992

18115,-17640960

18115,-17622528

18115,-17841664

18115,-18199040

18115,-18754560

18115,-18267136

18115,-17917952

18115,-17800192

18115,-17896448

18115,-18083840

18115,-17674752

18115,-17498112

18115,-17788928

18115,-17033216

18115,-16991744

18115,-17393664

18115,-17774592

18115,-17661952

18115,-16884224

18115,-17565696

18115,-17609728

18115,-17395712

18121,-17471488

18121,-17097216

18121,-17409536

18121,-17250304

18121,-17148416

18121,-17208832

18121,-16470528

18121,-16926208

18121,-17059328

18121,-16763904

18121,-16882688

18121,-16870912

18121,-16855040

18121,-16836096

18121,-17067520

18121,-16677376

18121,-16802816

18121,-16483328

18121,-16419840

18121,-16209920

18121,-16223744

18121,-16534016

18121,-16005632

18121,-15803392

18121,-16280064

18121,-16040448

18121,-16088064

18121,-15464448

18122,-15084544

18122,-15353856

18122,-15405056

18122,-15692288

18122,-15173120

18122,-14986240

18122,-15345152

18122,-15605248

18122,-15186432

18122,-14631936

18122,-14439424

18122,-14234112

18122,-14806528

18122,-14350848

18122,-14501376

18122,-13847552

18122,-13937664

18122,-14055936

18122,-13452288

18122,-13494272

18122,-13332480

18122,-13351936

18122,-13496320

18122,-13706240

18122,-13797888

18122,-13390848

18122,-13291008

18122,-13248512

18122,-13713920

18122,-13948928

18122,-13598720

18122,-13752832

18122,-13763584

18122,-13447680

18122,-13498880

18122,-13780992

18122,-13896704

18122,-13448704

18122,-13949440

18122,-13996544

18122,-13721600

18122,-13522944

18122,-13168128

18122,-13344256

18122,-13532160

18122,-13580288

18122,-13636096

18122,-13257216

18122,-13366784

18122,-13569536

18122,-13501952

18122,-13860864

18122,-13658112

18122,-13590016

18122,-13671424

18122,-13773824

18122,-13785600

18122,-14027776

18122,-13956096

18122,-13750784

18122,-13775872

18122,-14063104

18122,-14435840

18122,-14434304

18122,-14669312

18123,-14237696

18123,-14001152

18123,-14231552

18123,-13698560

18123,-13752320

18123,-13788160

18123,-14006784

18123,-14411776

18123,-14438400

18123,-14369280

18123,-14671360

18123,-14395392

18123,-14418432

18123,-14381568

18123,-14297600

18123,-14241792

18123,-14191104

18123,-14304768

18123,-14166016

18123,-14696448

18123,-15105536

18123,-14694400

18123,-14760448

18123,-14783488

18123,-14944256

18123,-15158784

18123,-14914560

18123,-15167488

18123,-15108096

18123,-15277568

18123,-15505408

18123,-15532544

18123,-15698432

18123,-15542272

18123,-15619072

18129,-15635456

18129,-15696896

18129,-15376384

18129,-15828480

18129,-15863808

18129,-15766016

18129,-15831552

18129,-15910400

18129,-15811584

18129,-15630848

18129,-15474176

18129,-15820800

18129,-15512064

18129,-15947264

18129,-16138752

18129,-15634432

18129,-16011776

18129,-15738368

18129,-15934976

18129,-15727104

18129,-15672832

18129,-16292864

18129,-16251904

18129,-16129536

18129,-16026624

18129,-16101888

18129,-16465408

18129,-15873536

18130,-15820800

18130,-15380480

18130,-15735296

18130,-15905792

18130,-15307264

18130,-15152128

18130,-15237632

18130,-15442944

18130,-15790592

18130,-15112192

18130,-15087104

18130,-14881280

18130,-14814720

18130,-14852096

18130,-14562304

18130,-14391808

18130,-14561792

18130,-14406656

18130,-14504960

18130,-14634496

18130,-14539264

18130,-14799360

18130,-14684160

18130,-14408192

18130,-14326784

18130,-14917632

18130,-14995456

18130,-15277056

18130,-14947840

18130,-15561728

18130,-15208448

18130,-15114240

18130,-15272960

18130,-15549952

18130,-15467520

18130,-15521792

18130,-15096320

18130,-15264256

18130,-14875136

18130,-15364096

18130,-15629312

18130,-15358976

18130,-14966272

18130,-15012864

18130,-15162368

18130,-15331328

18130,-15304704

18130,-15515648

18130,-15544832

18130,-15532544

18130,-15220736

18130,-15475712

18130,-15353856

18130,-15703040

18130,-15674368

18130,-15719424

18130,-16082432

18130,-16290304

18130,-15997952

18130,-16003072

18130,-16118272

18130,-16209408

18130,-16493056

18130,-16312832

18130,-16472576

18131,-16785408

18131,-17001472

18131,-17110528

18131,-17534464

18131,-18136064

18131,-17721856

18131,-17510400

18131,-17382400

18131,-17061888

18131,-17716224

18131,-17475584

18131,-17700352

18131,-17760768

18131,-17612800

18131,-17734144

18131,-17310208

18131,-17394176

18131,-17613312

18131,-18205184

18131,-18271232

18131,-18439168

18131,-18714624

18131,-18726400

18131,-18868224

18131,-18760192

18131,-19080192

18131,-19128320

18131,-19169280

18131,-19725824

18131,-19783168

18131,-20277760

18131,-19858432

18131,-19397632

18131,-19938304

18131,-20035584

18137,-20102656

18137,-20087808

18137,-20268544

18137,-20430848

18137,-20308480

18137,-20410880

18137,-20473856

18137,-20718592

18137,-20913152

18137,-20396544

18137,-20880384

18137,-20190720

18137,-20014080

18137,-20233728

18137,-20635136

18137,-20536320

18137,-20465664

18137,-20451840

18137,-20361728

18137,-20741120

18137,-20916736

18137,-20815360

18137,-21054976

18137,-20781056

18137,-20567552

18137,-20768256

18137,-20686336

18137,-21220864

18138,-21252096

18138,-21262848

18138,-21524992

18138,-21491712

18138,-21525504

18138,-21579776

18138,-21703680

18138,-21478400

18138,-22015488

18138,-21932032

18138,-22270976

18138,-22197760

18138,-22381568

18138,-22581248

18138,-22659072

18138,-22735360

18138,-22279168

18138,-22378496

18138,-22396928

18138,-22216704

18138,-22873600

18138,-22999552

18138,-23004160

18138,-22773760

18138,-22821888

18138,-22727168

18138,-22996992

18138,-22973952

18138,-23074304

18138,-22926336

18138,-23207424

18138,-23369728

18138,-23225856

18138,-23510016

18138,-23446528

18138,-23440896

18138,-23372288

18138,-23147520

18138,-23684608

18138,-23447552

18138,-23320064

18138,-23222272

18138,-23017472

18138,-23122944

18138,-23714304

18138,-23449088

18138,-23458304

18138,-23224320

18138,-23209984

18138,-23017984

18138,-23111680

18138,-22936064

18138,-22620160

18138,-22845952

18138,-22954496

18138,-22454784

18138,-22683136

18138,-22887424

18138,-23001600

18138,-22729728

18138,-22669824

18138,-22612992

18138,-22366720

18138,-22482432

18138,-22258688

18139,-22286336

18139,-22175232

18139,-22428672

18139,-22585344

18139,-22488064

18139,-22611456

18139,-22393856

18139,-22339584

18139,-22192128

18139,-22636544

18139,-22395904

18139,-22864384

18139,-22585344

18139,-23027200

18139,-23129088

18139,-22858240

18139,-22361088

18139,-22413312

18139,-22584832

18139,-22205952

18139,-22337536

18139,-22648832

18139,-22080000

18139,-21842432

18139,-22155264

18139,-21645312

18139,-21480960

18139,-21513728

18139,-21400064

18139,-21805568

18139,-21267456

18139,-21273088

18139,-20960768

18139,-20777984

18139,-21104128

18145,-21070848

18145,-21181440

18145,-21512192

18145,-21933568

18145,-21944320

18145,-22277120

18145,-22429696

18145,-22244352

18145,-22254592

18145,-22227968

18145,-22504960

18145,-22699008

18145,-22604800

18145,-22448640

18145,-22533120

18145,-22679552

18145,-21985792

18145,-22114304

18145,-21852672

18145,-22234112

18145,-21738496

18145,-21446144

18145,-21165056

18145,-21390848

18145,-21956608

18145,-21444608

18145,-21292032

18145,-21573120

18146,-21268992

18146,-21424640

18146,-21551104

18146,-21516800

18146,-21634048

18146,-21520896

18146,-22070272

18146,-22013952

18146,-21648384

18146,-21650432

18146,-21666816

18146,-21036032

18146,-21542912

18146,-21681152

18146,-21504000

18146,-21654016

18146,-22086656

18146,-21708288

18146,-21585408

18146,-21376000

18146,-21502976

18146,-21587968

18146,-21418496

18146,-21283840

18146,-21409792

18146,-21879808

18146,-21537280

18146,-21358080

18146,-21472768

18146,-21511680

18146,-21685760

18146,-21471232

18146,-21145088

18146,-21824512

18146,-22236672

18146,-21962752

18146,-22020096

18146,-21984768

18146,-22067200

18146,-22277120

18146,-22063104

18146,-21848064

18146,-21839872

18146,-22236160

18146,-21777920

18146,-21548544

18146,-21806592

18146,-21778944

18146,-21982720

18146,-21618688

18146,-21687296

18146,-21086720

18146,-21041152

18146,-21362176

18146,-21130240

18146,-20981248

18146,-21192192

18146,-21343232

18146,-21818368

18146,-21602304

18146,-21530624

18146,-21879808

18146,-21885440

18146,-21246464

18146,-21416960

18147,-21601280

18147,-21533696

18147,-21551616

18147,-21457408

18147,-21722112

18147,-21742592

18147,-21487616

18147,-21982208

18147,-21908992

18147,-21396480

18147,-21508608

18147,-21447168

18147,-21373440

18147,-20991488

18147,-21522432

18147,-21490176

18147,-21565440

18147,-21747712

18147,-21794304

18147,-21895168

18147,-21926912

18147,-22054912

18147,-22196736

18147,-22341120

18147,-22406656

18147,-22157824

18147,-21993984

18147,-22199808

18147,-22008832

18147,-22045184

18147,-21922816

18147,-21780992

18147,-21687808

18147,-21596160

18147,-21467648

18153,-21479424

18153,-21389312

18153,-21374976

18153,-21181440

18153,-21456896

18153,-21669888

18153,-21793280

18153,-21792768

18153,-21714944

18153,-21442048

18153,-21870080

18153,-21784576

18153,-22476800

18153,-21991936

18153,-21817344

18153,-22110720

18153,-22075392

18153,-22044160

18153,-22319616

18153,-22280704

18153,-22376448

18153,-22636544

18153,-22283264

18153,-22057472

18153,-21946368

18153,-21762048

18153,-22022656

18153,-21981184

18154,-22105088

18154,-22259200

18154,-22395904

18154,-22198272

18154,-22355968

18154,-21907456

18154,-21926400

18154,-21819392

18154,-21512192

18154,-21631488

18154,-21540864

18154,-21885440

18154,-22072320

18154,-22430720

18154,-22109184

18154,-21961728

18154,-22046720

18154,-21947904

18154,-22587904

18154,-22419968

18154,-22982656

18154,-23011328

18154,-22951936

18154,-23200256

18154,-23275520

18154,-23202304

18154,-22990848

18154,-22447616

18154,-22864384

18154,-22563840

18154,-22691328

18154,-22649344

18154,-22485504

18154,-22696448

18154,-22493696

18154,-22222848

18154,-22433280

18154,-22861824

18154,-22688768

18154,-22276096

18154,-22153728

18154,-22585344

18154,-22157824

18154,-22244352

18154,-22293504

18154,-22265344

18154,-22286848

18154,-21876736

18154,-21618176

18154,-21591552

18154,-21931008

18154,-21829120

18154,-22005760

18154,-21681664

18154,-21961216

18154,-22476800

18154,-22523392

18154,-22484480

18154,-22370304

18154,-22817792

18154,-22359040

18154,-22643200

18154,-22604288

18154,-22757376

18154,-22953984

18155,-22980608

18155,-23097344

18155,-23227904

18155,-23235584

18155,-22820352

18155,-22571008

18155,-22877696

18155,-22747136

18155,-22616576

18155,-22751232

18155,-23072768

18155,-22862848

18155,-22872576

18155,-23151616

18155,-23208448

18155,-23662592

18155,-23387136

18155,-23506944

18155,-23489024

18155,-23297536

18155,-23212544

18155,-23627776

18155,-24117760

18155,-23815680

18155,-23579648

18155,-23633920

18155,-23538688

18155,-23788544

18155,-23608832

18155,-23377408

18155,-23427072

18155,-23347200

18155,-23675904

18155,-23808512

18155,-24188416

18161,-24030720

18161,-24308224

18161,-24126976

18161,-23895552

18161,-24060928

18161,-23764480

18161,-23691264

18161,-22956032

18161,-23915008

18161,-23532544

18161,-23495168

18161,-23554560

18161,-23330816

18161,-23668224

18161,-23716864

18161,-23726080

18161,-23827968

18161,-24313856

18161,-23771648

18161,-24073728

18161,-23803392

18161,-24048640

18161,-24544768

18161,-24309248

18161,-24378368

18161,-24708096

18161,-24609280

18161,-24813568

18162,-25205760

18162,-24744448

18162,-24727552

18162,-24715264

18162,-24999424

18162,-25035776

18162,-25477632

18162,-25175040

18162,-25158144

18162,-25272320

18162,-25068032

18162,-24762880

18162,-25510912

18162,-25195520

18162,-25088512

18162,-25554432

18162,-25003520

18162,-25339392

18162,-25528320

18162,-25450496

18162,-25359872

18162,-25338880

18162,-25425920

18162,-25365504

18162,-25554944

18162,-25798656

18162,-25531904

18162,-25698816

18162,-25788928

18162,-25571840

18162,-25641984

18162,-25443840

18162,-25869312

18162,-26152448

18162,-25970688

18162,-25725952

18162,-26029056

18162,-25800192

18162,-25584640

18162,-25902592

18162,-25874432

18162,-25204736

18162,-25595392

18162,-25701376

18162,-25071616

18162,-24612864

18162,-24747008

18162,-25100288

18162,-25055744

18162,-24922112

18162,-24840704

18162,-24548864

18162,-24795648

18162,-24642560

18162,-23930880

18162,-24032768

18162,-24378368

18162,-23656448

18162,-23582720

18162,-24308224

18162,-24267776

18162,-24183808

18162,-24778752

18162,-24324608

18162,-24622592

18163,-24657408

18163,-24430592

18163,-24559104

18163,-24310272

18163,-23900672

18163,-23975424

18163,-23931392

18163,-24240640

18163,-23930368

18163,-24472064

18163,-24057856

18163,-23864320

18163,-23858176

18163,-23415296

18163,-23848448

18163,-24079360

18163,-24197120

18163,-24391680

18163,-23801344

18163,-23807488

18163,-24194048

18163,-24259584

18163,-23801344

18163,-23606784

18163,-23537664

18163,-23175168

18163,-23158784

18163,-22967296

18163,-23068672

18163,-23313920

18163,-23394304

18163,-23358464

18163,-23247872

18163,-23499264

18163,-23370752

18169,-23141376

18169,-23047168

18169,-22828544

18169,-23264768

18169,-23350272

18169,-23515648

18169,-23177216

18169,-23070720

18169,-22979072

18169,-23155200

18169,-23194112

18169,-22917120

18169,-22462976

18169,-22884864

18169,-22848000

18169,-22926336

18169,-22554624

18169,-22545408

18169,-22665216

18169,-22785024

18169,-22542336

18169,-22373888

18169,-22829056

18169,-22920704

18169,-22919680

18169,-22743040

18169,-22672384

18169,-22855168

18170,-22547968

18170,-22389248

18170,-22178816

18170,-22611968

18170,-22750720

18170,-22451712

18170,-22573568

18170,-22665728

18170,-22325760

18170,-22824448

18170,-22858752

18170,-22766080

18170,-22858240

18170,-22824448

18170,-22767104

18170,-23023616

18170,-23234048

18170,-22916608

18170,-23132160

18170,-23325184

18170,-23136256

18170,-22796288

18170,-22661632

18170,-22390784

18170,-22370304

18170,-22315520

18170,-22324224

18170,-21912064

18170,-21985280

18170,-22113280

18170,-22042624

18170,-21919744

18170,-22160896

18170,-22686720

18170,-22397952

18170,-22509056

18170,-22325760

18170,-22498816

18170,-22557184

18170,-22447104

18170,-22344704

18170,-22090752

18170,-22368768

18170,-22260224

18170,-22339584

18170,-22276608

18170,-21957632

18170,-22170624

18170,-22148608

18170,-22097408

18170,-21863424

18170,-21848576

18170,-21683200

18170,-21091328

18170,-20957184

18170,-21149184

18170,-21412864

18170,-21173760

18170,-20872704

18170,-21079552

18170,-20901888

18170,-21155840

18170,-21288960

18170,-20953088

18170,-20335104

18171,-20310528

18171,-20160000

18171,-20260352

18171,-20744704

18171,-20717056

18171,-20505088

18171,-20930048

18171,-20434944

18171,-19999232

18171,-20088320

18171,-19937280

18171,-19735040

18171,-19457024

18171,-19694592

18171,-20056576

18171,-20012032

18171,-19758592

18171,-19506688

18171,-19630592

18171,-19916288

18171,-19503104

18171,-19357184

18171,-19808768

18171,-19353600

18171,-19234304

18171,-18944000

18171,-18701312

18171,-18656256

18171,-18625024

18171,-18433024

18171,-18489856

18171,-18549760

18171,-18711040

18171,-19215872

18171,-18703360

18177,-18979328

18177,-18899456

18177,-19057152

18177,-18700288

18177,-18877440

18177,-18993664

18177,-18765312

18177,-18741248

18177,-18918400

18177,-18440192

18177,-18349056

18177,-18846208

18177,-18780160

18177,-18755584

18177,-18890752

18177,-18600960

18177,-18763264

18177,-18467840

18177,-18507776

18177,-18549248

18177,-19024896

18177,-18952704

18177,-19024384

18177,-19244032

18177,-18946048

18177,-19057664

18177,-19074048

18177,-19049984

18178,-19068416

18178,-18976768

18178,-19155968

18178,-18879488

18178,-18822656

18178,-18934272

18178,-18781696

18178,-19094016

18178,-19353600

18178,-18938368

18178,-19272704

18178,-19283456

18178,-19565568

18178,-19710976

18178,-19756032

18178,-20148736

18178,-19771392

18178,-20130304

18178,-20421632

18178,-20356608

18178,-20394496

18178,-20173312

18178,-20340224

18178,-20509696

18178,-20316672

18178,-20112896

18178,-20350976

18178,-19797504

18178,-19476480

18178,-19680256

18178,-19926528

18178,-20406784

18178,-20317184

18178,-20092928

18178,-20215808

18178,-20113920

18178,-19981824

18178,-19916800

18178,-19878400

18178,-19575808

18178,-20020736

18178,-20070912

18178,-19669504

18178,-20436480

18178,-20198912

18178,-20078080

18178,-20303872

18178,-20355072

18178,-19971072

18178,-20329472

18178,-20704768

18178,-20382720

18178,-20866048

18178,-20406272

18178,-20415488

18178,-20527616

18178,-21012992

18178,-20886016

18178,-20912640

18178,-20380672

18178,-20467712

18178,-20798976

18178,-20238848

18178,-20526080

18178,-20451840

18179,-20430848

18179,-20919808

18179,-20229120

18179,-20427264

18179,-20482560

18179,-19896832

18179,-20218880

18179,-20739072

18179,-20829696

18179,-20626944

18179,-20685824

18179,-20870656

18179,-20573696

18179,-20075008

18179,-20311040

18179,-20380160

18179,-20813824

18179,-20761088

18179,-20930048

18179,-21023744

18179,-20914176

18179,-20859392

18179,-20664832

18179,-20971008

18179,-20457472

18179,-20554240

18179,-20738560

18179,-21038080

18179,-20801024

18179,-20403712

18179,-20572160

18179,-20659712

18179,-20877824

18179,-20536832

18179,-20651008

18185,-20846080

18185,-20781568

18185,-20804608

18185,-20549632

18185,-20540416

18185,-20634624

18185,-20833280

18185,-20627456

18185,-20908544

18185,-20497408

18185,-20646400

18185,-20156416

18185,-20158464

18185,-20277760

18185,-19992576

18185,-20464128

18185,-20327424

18185,-20352000

18185,-20433408

18185,-20526592

18185,-20620800

18185,-20445184

18185,-20050432

18185,-20554752

18185,-20141056

18185,-20410880

18185,-20509184

18185,-19827712

18186,-20158464

18186,-19929600

18186,-20352000

18186,-20517888

18186,-19937792

18186,-19379712

18186,-19785216

18186,-19938304

18186,-19254272

18186,-19567616

18186,-19179008

18186,-19049472

18186,-19194368

18186,-19419648

18186,-19626496

18186,-19381248

18186,-19182080

18186,-19143168

18186,-19750400

18186,-19663872

18186,-19553280

18186,-19503104

18186,-19111936

18186,-19609600

18186,-19644928

18186,-19737600

18186,-19264512

18186,-19386880

18186,-19649024

18186,-19894272

18186,-19462144

18186,-19017216

18186,-19441152

18186,-19222016

18186,-19223040

18186,-19294720

18186,-19186688

18186,-18461184

18186,-18185728

18186,-18558464

18186,-18355712

18186,-18467840

18186,-18792960

18186,-18722816

18186,-18165760

18186,-17923072

18186,-18314752

18186,-18146304

18186,-18021888

18186,-18258944

18186,-18472960

18186,-17955840

18186,-17979392

18186,-17768960

18186,-18287104

18186,-18425344

18186,-18137088

18186,-18133504

18186,-18470912

18186,-18494464

18186,-18613248

18186,-18850304

18186,-18402816

18186,-18288640

18186,-18601472

18187,-18451968

18187,-18508800

18187,-18248192

18187,-17853440

18187,-18483200

18187,-17709056

18187,-17690624

18187,-17723392

18187,-17518080

18187,-17649152

18187,-17573376

18187,-17191936

18187,-16980992

18187,-16956928

18187,-16873984

18187,-16476672

18187,-16851456

18187,-16790528

18187,-16467456

18187,-16414720

18187,-16429568

18187,-16574464

18187,-16404992

18187,-16709120

18187,-16697856

18187,-16610304

18187,-16387584

18187,-16248320

18187,-16114688

18187,-16155648

18187,-16398848

18187,-16144384

18187,-16493056

18187,-16171520

18187,-16086016

18193,-15598592

18193,-15885312

18193,-16016896

18193,-15830016

18193,-15886848

18193,-16026112

18193,-16030208

18193,-15785984

18193,-15821312

18193,-15398912

18193,-15908864

18193,-15626240

18193,-15168000

18193,-14867456

18193,-15215104

18193,-14990336

18193,-14759936

18193,-14881792

18193,-14668288

18193,-14600192

18193,-14221312

18193,-14479872

18193,-14163456

18193,-13942784

18193,-14187008

18193,-14137344

18193,-14286848

18193,-14079488

18194,-13921280

18194,-13638656

18194,-13867520

18194,-13769216

18194,-13953024

18194,-13647360

18194,-13520384

18194,-13158912

18194,-13100032

18194,-13072384

18194,-12773888

18194,-12690944

18194,-12797952

18194,-12951040

18194,-12266496

18194,-12571648

18194,-11895296

18194,-11815424

18194,-11375616

18194,-11165184

18194,-11244544

18194,-11478016

18194,-11493376

18194,-11147264

18194,-11293696

18194,-10739200

18194,-10982400

18194,-11014144

18194,-10949632

18194,-10817536

18194,-10904064

18194,-10340864

18194,-10379776

18194,-10449920

18194,-10503168

18194,-10742272

18194,-10126336

18194,-9828352

18194,-9868800

18194,-9770496

18194,-9724416

18194,-9507840

18194,-9104896

18194,-9021440

18194,-9170432

18194,-8747520

18194,-9133568

18194,-8886784

18194,-8319488

18194,-8155648

18194,-8117760

18194,-7874560

18194,-7218176

18194,-6998528

18194,-7043584

18194,-7479808

18194,-7731712

18194,-7549440

18194,-7369216

18194,-6896640

18194,-7211008

18194,-7160832

18194,-7358464

18194,-7224832

18194,-6623232

18195,-6638080

18195,-6337536

18195,-6460416

18195,-5736960

18195,-5557760

18195,-5805568

18195,-5383168

18195,-5755392

18195,-5513216

18195,-4958720

18195,-4934656

18195,-4954624

18195,-4626432

18195,-4697088

18195,-4856832

18195,-5207552

18195,-5058048

18195,-4337664

18195,-4779520

18195,-4314624

18195,-4396032

18195,-4185088

18195,-4201472

18195,-4202496

18195,-4096000

18195,-4072448

18195,-4015616

18195,-4363264

18195,-3990016

18195,-3834880

18195,-3361792

18195,-3790336

18195,-4275712

18195,-3646976

18195,-3800576

18201,-4193792

18201,-3856384

18201,-3621888

18201,-3879424

18201,-3772928

18201,-3331072

18201,-3306496

18201,-3545600

18201,-3477504

18201,-3601920

18201,-3228672

18201,-3418112

18201,-3383808

18201,-3695104

18201,-3112960

18201,-2764288

18201,-2721792

18201,-3038208

18201,-3036672

18201,-2567168

18201,-2452480

18201,-2542592

18201,-2497024

18201,-2599424

18201,-2602496

18201,-2202112

18201,-2253312

18201,-2501632

18202,-2385920

18202,-2283008

18202,-2468352

18202,-2605056

18202,-2548736

18202,-2506752

18202,-3006464

18202,-2640384

18202,-2450944

18202,-2806784

18202,-2557440

18202,-2547200

18202,-2848768

18202,-2775040

18202,-3138560

18202,-3005440

18202,-2655744

18202,-2608640

18202,-2729472

18202,-2611200

18202,-2843648

18202,-2142720

18202,-2051072

18202,-2521088

18202,-2122240

18202,-1635840

18202,-1758208

18202,-1329664

18202,-1236992

18202,-1473024

18202,-1562112

18202,-1412608

18202,-1284096

18202,-1707008

18202,-1692160

18202,-1549824

18202,-1421312

18202,-1562624

18202,-1581056

18202,-1395200

18202,-1209856

18202,-1165824

18202,-1368576

18202,-1500672

18202,-1887232

18202,-2195456

18202,-1812992

18202,-1959936

18202,-1479168

18202,-1520640

18202,-1537536

18202,-1787392

18202,-1715712

18202,-1423872

18202,-1616896

18202,-1682432

18202,-1700352

18202,-1573376

18202,-1680384

18202,-1638400

18202,-1455616

18202,-1442816

18202,-1912832

18202,-1593856

18202,-1580544

18203,-1850368

18203,-1979392

18203,-1900544

18203,-1621504

18203,-1602048

18203,-1802752

18203,-1627648

18203,-1314816

18203,-1496064

18203,-1464320

18203,-1452032

18203,-1510400

18203,-1171968

18203,-1314816

18203,-1545216

18203,-1295360

18203,-969216

18203,-1257984

18203,-1288704

18203,-1591296

18203,-1037312

18203,-504320

18203,-825344

18203,-435712

18203,-451072

18203,-710656

18203,-761856

18203,-412160

18203,-273920

18203,-156672

18203,-516096

18203,-377344

18203,-476160

18203,-926720

18203,-432128

18209,-927232

18209,-701440

18209,-335360

18209,-599040

18209,-529408

18209,-271872

18209,-294400

18209,-553984

18209,-712704

18209,-1096704

18209,-753152

18209,-662528

18209,-966656

18209,-1261056

18209,-1123840

18209,-743424

18209,-505344

18209,-903168

18209,-936448

18209,-516608

18209,-815616

18209,-784384

18209,-626176

18209,-528896

18209,-782848

18209,-835584

18209,-885760

18209,-793600

18210,-739328

18210,-813056

18210,-712192

18210,-942080

18210,-972288

18210,-1178112

18210,-1259008

18210,-1306624

18210,-1508352

18210,-1186304

18210,-1204224

18210,-811520

18210,-1539072

18210,-1922048

18210,-2092544

18210,-2537984

18210,-2338816

18210,-2701312

18210,-2550272

18210,-2279936

18210,-2208768

18210,-2315264

18210,-2388480

18210,-2362880

18210,-1824768

18210,-2369536

18210,-2429440

18210,-2689536

18210,-2351616

18210,-2250752

18210,-2518528

18210,-2343424

18210,-2557952

18210,-2449920

18210,-2448384

18210,-2821632

18210,-3382784

18210,-3165696

18210,-2583040

18210,-2820608

18210,-2988032

18210,-2885120

18210,-2863104

18210,-3289600

18210,-2944512

18210,-3245056

18210,-3434496

18210,-3004928

18210,-3723776

18210,-3556352

18210,-3738624

18210,-4064768

18210,-4537344

18210,-4198912

18210,-4366336

18210,-4684800

18210,-4628992

18210,-4711936

18210,-4818944

18210,-4702208

18210,-5460992

18210,-5702144

18210,-5194752

18210,-5150720

18210,-5394432

18211,-5259776

18211,-5410816

18211,-5316096

18211,-5519872

18211,-5390336

18211,-5356032

18211,-5046784

18211,-5229056

18211,-5820416

18211,-6046720

18211,-6224384

18211,-6301184

18211,-6109184

18211,-6576128

18211,-6572544

18211,-6880768

18211,-6824960

18211,-7114752

18211,-7409664

18211,-7384064

18211,-7698944

18211,-7483392

18211,-7939584

18211,-8449024

18211,-8540672

18211,-8592896

18211,-9191936

18211,-9103872

18211,-9271808

18211,-9774080

18211,-9613312

18211,-9800192

18211,-9929216

18211,-10030592

18211,-9982464

18217,-9966080

18217,-9784832

18217,-9874944

18217,-9530368

18217,-9425408

18217,-9853952

18217,-9680896

18217,-9723904

18217,-9826816

18217,-9908224

18217,-9873920

18217,-9968640

18217,-10031104

18217,-10554368

18217,-10149376

18217,-10529792

18217,-10840576

18217,-10326016

18217,-10506240

18217,-10511360

18217,-10322432

18217,-10777088

18217,-10812928

18217,-10934272

18217,-10903552

18217,-10745856

18217,-11089920

18217,-10572288

18218,-10821632

18218,-11102208

18218,-11058176

18218,-11243520

18218,-11337216

18218,-10882560

18218,-11069440

18218,-11214336

18218,-10491904

18218,-10990080

18218,-11187200

18218,-11168256

18218,-10559488

18218,-10530304

18218,-10924544

18218,-10582016

18218,-10674688

18218,-10728960

18218,-11219456

18218,-11369984

18218,-11297792

18218,-11786240

18218,-11452416

18218,-11696640

18218,-11729920

18218,-11800576

18218,-12247040

18218,-12186624

18218,-12486144

18218,-12579328

18218,-12728832

18218,-12579840

18218,-12586496

18218,-12593664

18218,-12774400

18218,-12763648

18218,-12738560

18218,-12397568

18218,-12573696

18218,-12050432

18218,-12086272

18218,-11702784

18218,-12058112

18218,-12022272

18218,-12296192

18218,-12258816

18218,-12725760

18218,-13060096

18218,-12644352

18218,-13270016

18218,-13050368

18218,-13286400

18218,-13053440

18218,-13375488

18218,-13038080

18218,-13168128

18218,-13416448

18218,-13390336

18218,-13470208

18218,-14009856

18218,-14388736

18218,-14047744

18218,-13569536

18218,-13801472

18218,-13670400

18219,-13520384

18219,-13688320

18219,-13953024

18219,-14117888

18219,-13819904

18219,-13990912

18219,-13759488

18219,-14317568

18219,-13868544

18219,-14109696

18219,-14431744

18219,-13863936

18219,-13885440

18219,-14045184

18219,-13720064

18219,-13863936

18219,-14115328

18219,-13709312

18219,-14034944

18219,-13890560

18219,-14076928

18219,-14230016

18219,-14412800

18219,-14339584

18219,-14497792

18219,-14579200

18219,-14938624

18219,-14750720

18219,-14730752

18219,-14396928

18219,-14525952

18219,-14697984

18219,-15017984

18219,-14984192

18219,-14626816

18225,-14458880

18225,-14121984

18225,-14505472

18225,-14500352

18225,-14189568

18225,-14240768

18225,-14012928

18225,-14149120

18225,-14269440

18225,-14063104

18225,-14382592

18225,-13752832

18225,-12926976

18225,-13246976

18225,-13804544

18225,-13786624

18225,-13519872

18225,-13693440

18225,-13175296

18225,-12951040

18225,-13303808

18225,-13477888

18225,-13573632

18225,-13274112

18225,-13219840

18225,-13158912

18225,-13487616

18225,-13029376

18226,-13392384

18226,-13770240

18226,-13972992

18226,-13782016

18226,-13818880

18226,-13646336

18226,-13917184

18226,-13748224

18226,-13782528

18226,-13309952

18226,-13829632

18226,-13721088

18226,-13479936

18226,-13408768

18226,-13175808

18226,-12998144

18226,-12993536

18226,-12963328

18226,-13186560

18226,-13329920

18226,-13286912

18226,-12869632

18226,-13040640

18226,-12952064

18226,-13482496

18226,-13246464

18226,-12724224

18226,-13015552

18226,-13154304

18226,-13326336

18226,-13323264

18226,-13529600

18226,-13014528

18226,-13167616

18226,-13133824

18226,-13089792

18226,-13267968

18226,-12894720

18226,-13048832

18226,-13053952

18226,-13089280

18226,-12986880

18226,-13118976

18226,-12932608

18226,-13323264

18226,-13310464

18226,-13103104

18226,-13166080

18226,-13350400

18226,-12860928

18226,-13152768

18226,-12992512

18226,-13008384

18226,-13286400

18226,-13053440

18226,-12977152

18226,-12589568

18226,-12965888

18226,-12792320

18226,-13112320

18226,-13149696

18226,-13341696

18226,-12597760

18226,-12567040

18226,-12596224

18227,-13029888

18227,-13028352

18227,-12952576

18227,-13117952

18227,-13171712

18227,-12852736

18227,-12882432

18227,-12725248

18227,-12913152

18227,-12862464

18227,-12865024

18227,-12968960

18227,-12831232

18227,-12987904

18227,-13075456

18227,-13226496

18227,-13283840

18227,-12739072

18227,-12535808

18227,-12645888

18227,-12833280

18227,-12356096

18227,-12843520

18227,-12354048

18227,-12124672

18227,-12246528

18227,-12368896

18227,-12675584

18227,-12014080

18227,-12035072

18227,-11961344

18227,-11982336

18227,-11745280

18227,-11632128

18227,-12183040

18233,-12767232

18233,-12539904

18233,-12402688

18233,-12596224

18233,-12982272

18233,-12894720

18233,-13174272

18233,-13246976

18233,-13035520

18233,-13089792

18233,-12954624

18233,-12990464

18233,-12977664

18233,-12915200

18233,-12877824

18233,-13103104

18233,-12847104

18233,-12789760

18233,-12785664

18233,-12184576

18233,-12375552

18233,-12485120

18233,-12236288

18233,-12402688

18233,-12190720

18233,-12087808

18233,-12094976

18233,-11908096

18234,-12187136

18234,-11852288

18234,-11914752

18234,-12013056

18234,-12294656

18234,-12075008

18234,-12284416

18234,-12529152

18234,-12457984

18234,-12082688

18234,-12541952

18234,-12180992

18234,-12293120

18234,-12389376

18234,-12156928

18234,-12364800

18234,-12162048

18234,-12456960

18234,-12065280

18234,-12477440

18234,-12545536

18234,-12162048

18234,-12190720

18234,-11920384

18234,-11473920

18234,-11783168

18234,-11815936

18234,-11648000

18234,-11392512

18234,-11306496

18234,-10811904

18234,-11154432

18234,-11148800

18234,-11167744

18234,-10946560

18234,-10824192

18234,-11201024

18234,-10813952

18234,-10710016

18234,-10922496

18234,-11445248

18234,-11248640

18234,-11333120

18234,-11397120

18234,-11291648

18234,-11016192

18234,-11067904

18234,-11149312

18234,-11453952

18234,-11171840

18234,-11116032

18234,-11405312

18234,-11036160

18234,-11232256

18234,-11372032

18234,-11309568

18234,-10600960

18234,-10399744

18234,-10230272

18234,-10211328

18234,-10638336

18234,-10459136

18234,-10079744

18234,-10064896

18234,-9848832

18235,-10466304

18235,-10351616

18235,-10195456

18235,-10161152

18235,-10004480

18235,-10084352

18235,-10077696

18235,-9811968

18235,-9568256

18235,-9549824

18235,-9564160

18235,-9299968

18235,-9354752

18235,-9461248

18235,-9055232

18235,-9106432

18235,-9051136

18235,-9422848

18235,-9678336

18235,-9604608

18235,-9649664

18235,-9234944

18235,-9436672

18235,-8943104

18235,-8628224

18235,-8757760

18235,-8638976

18235,-8527360

18235,-8137728

18235,-8434176

18235,-8760320

18235,-8543744

18235,-8160768

18235,-7719936

18235,-7505408

18241,-7737856

18241,-7823872

18241,-7762944

18241,-7534592

18241,-7968256

18241,-7696896

18241,-7615488

18241,-7501312

18241,-7198720

18241,-7175680

18241,-6888960

18241,-6844416

18241,-7437312

18241,-6994944

18241,-6829056

18241,-7433728

18241,-7115264

18241,-6941696

18241,-6568448

18241,-6930944

18241,-6666240

18241,-7052288

18241,-6261760

18241,-6584320

18241,-5835776

18241,-5451776

18241,-5741056

18241,-5601792

18242,-5356032

18242,-5320704

18242,-5298176

18242,-5513728

18242,-5493760

18242,-5311488

18242,-5256192

18242,-5200384

18242,-5079552

18242,-5072384

18242,-4792320

18242,-4765696

18242,-5103616

18242,-4780032

18242,-4806656

18242,-4836864

18242,-4668928

18242,-4353536

18242,-4032000

18242,-3998208

18242,-3916800

18242,-4233728

18242,-4435456

18242,-4377600

18242,-4153344

18242,-4128256

18242,-3631104

18242,-3727872

18242,-3417600

18242,-3352064

18242,-3276288

18242,-3028480

18242,-3039232

18242,-2724864

18242,-2656256

18242,-2878976

18242,-2841088

18242,-2375680

18242,-2759680

18242,-2358784

18242,-2246144

18242,-2619904

18242,-2190848

18242,-2403840

18242,-2135552

18242,-2190848

18242,-2316288

18242,-2613248

18242,-1951744

18242,-2246656

18242,-2381312

18242,-2210816

18242,-2168320

18242,-2110976

18242,-2079744

18242,-2122752

18242,-2311168

18242,-1931264

18242,-1967616

18242,-1799680

18242,-1711104

18242,-1948672

18242,-1621504

18242,-1462784

18242,-1387520

18243,-1635328

18243,-1361920

18243,-1046016

18243,-915456

18243,-880640

18243,-534528

18243,-589824

18243,-776192

18243,-356352

18243,-207872

18243,-196608

18243,-161280

18243,-29696

18243,75776

18243,-175104

18243,212480

18243,464896

18243,358912

18243,446976

18243,328704

18243,527360

18243,608256

18243,671744

18243,1334784

18243,926720

18243,1080320

18243,1090048

18243,961024

18243,929792

18243,1025024

18243,1159168

18243,1107456

18243,1190912

18243,1351680

18243,1940992

18249,1710080

18249,2048512

18249,1399808

18249,1626112

18249,2119680

18249,2040320

18249,2308608

18249,2254336

18249,2977792

18249,2504704

18249,2672128

18249,2549248

18249,2690048

18249,2384384

18249,2580992

18249,2693632

18249,2545152

18249,3214848

18249,3467264

18249,3243520

18249,3275776

18249,3739648

18249,3973632

18249,4270080

18249,4264448

18249,3879936

18249,3874304

18249,4071936

18250,3801600

18250,3739648

18250,4106240

18250,3922944

18250,3452928

18250,3670528

18250,3720192

18250,3898368

18250,3798528

18250,3717120

18250,4085248

18250,4064768

18250,4039680

18250,4594176

18250,4579328

18250,4398080

18250,4488704

18250,4573184

18250,4783616

18250,4580864

18250,4641792

18250,4676096

18250,4689408

18250,4879360

18250,4576768

18250,5058048

18250,5185024

18250,5216768

18250,4851712

18250,5082112

18250,4977152

18250,4913664

18250,5380096

18250,5065216

18250,5558272

18250,5279744

18250,5325312

18250,5408768

18250,5349376

18250,5180416

18250,5107200

18250,5164544

18250,5290496

18250,5202944

18250,5510656

18250,5845504

18250,5720576

18250,5472768

18250,5713920

18250,6118912

18250,5979136

18250,5591040

18250,5552128

18250,5543936

18250,5890048

18250,5816832

18250,5808128

18250,5625856

18250,5481984

18250,5422592

18250,5535744

18250,5260288

18250,5570560

18250,5126656

18250,5468672

18251,5506560

18251,5185024

18251,4947456

18251,5414400

18251,5195776

18251,5563904

18251,5662720

18251,5758464

18251,5493760

18251,4863488

18251,5392896

18251,5589504

18251,5624832

18251,5792768

18251,5709312

18251,5462016

18251,5366272

18251,5563904

18251,5732864

18251,5167104

18251,5385728

18251,5877760

18251,5167616

18251,5623808

18251,5871104

18251,5474304

18251,5462016

18251,5598720

18251,5777920

18251,5695488

18251,5455360

18251,5308416

18251,5495808

18251,5474304

18251,5696512

18257,5334016

18257,5253632

18257,5390848

18257,5024768

18257,5085184

18257,5186560

18257,5239296

18257,5393920

18257,5356032

18257,5544448

18257,5361152

18257,5383680

18257,5592576

18257,5614080

18257,6072832

18257,6043136

18257,6180864

18257,6727168

18257,6915584

18257,6813184

18257,6215168

18257,6160896

18257,6052864

18257,5912576

18257,6173696

18257,6461952

18257,6254080

18257,5899264

18258,5730304

18258,5971968

18258,6119424

18258,5865984

18258,5479936

18258,5431808

18258,5637632

18258,5825536

18258,5909504

18258,6179840

18258,6478848

18258,6378496

18258,6839296

18258,6306816

18258,6471680

18258,6704640

18258,6896128

18258,7139840

18258,6636032

18258,6972928

18258,7236096

18258,7160832

18258,7682560

18258,7811072

18258,7968768

18258,8396800

18258,8127488

18258,8193024

18258,7884288

18258,8420864

18258,8437760

18258,8017408

18258,7857664

18258,8668672

18258,8423936

18258,8088576

18258,8275456

18258,8221184

18258,8412160

18258,8373248

18258,8125440

18258,8815616

18258,8851456

18258,8823808

18258,8347648

18258,8336896

18258,8335872

18258,7950336

18258,8402944

18258,8685056

18258,8613376

18258,8799744

18258,8638976

18258,8862720

18258,8751104

18258,9282048

18258,9938944

18258,10086400

18258,9957888

18258,9916416

18258,9913344

18258,9901568

18258,9826304

18258,9814528

18258,9992192

18259,9588736

18259,9237504

18259,9887232

18259,9875456

18259,9887232

18259,10010112

18259,10042880

18259,9835008

18259,9887232

18259,9811968

18259,10132480

18259,10113536

18259,10234368

18259,10239488

18259,10118144

18259,10280960

18259,10358272

18259,10653184

18259,10365440

18259,10767872

18259,10912256

18259,11103744

18259,10904064

18259,10360832

18259,10783232

18259,10981888

18259,10400256

18259,10894848

18259,10393600

18259,10766336

18259,11046912

18259,10758144

18259,11110400

18259,11170304

18259,11277312

18265,11438080

18265,11041792

18265,11233792

18265,10503680

18265,11130880

18265,11073536

18265,11650048

18265,11756544

18265,11613184

18265,11770368

18265,11848192

18265,11712000

18265,11831296

18265,12334080

18265,12020736

18265,12340224

18265,12083200

18265,12505600

18265,12284928

18265,12155904

18265,12688384

18265,12646400

18265,12685824

18265,12479488

18265,12471808

18265,12659200

18265,12600320

18265,12241408

18266,12361728

18266,12332032

18266,12267520

18266,12216320

18266,12427776

18266,12454400

18266,12407808

18266,12373504

18266,12063232

18266,12577792

18266,12406272

18266,12041728

18266,12095488

18266,12335616

18266,12160512

18266,12257280

18266,12049408

18266,11852800

18266,12098560

18266,12417536

18266,12306432

18266,11840512

18266,12105728

18266,12657664

18266,12659712

18266,12875264

18266,12688896

18266,12581376

18266,13059072

18266,13372416

18266,13332992

18266,13379584

18266,13406720

18266,13753344

18266,13730816

18266,13474816

18266,13783040

18266,13455872

18266,13697536

18266,13789696

18266,14025728

18266,13723136

18266,14170112

18266,14492672

18266,14356480

18266,14579712

18266,14727680

18266,14957056

18266,14589440

18266,14345216

18266,14234112

18266,14680576

18266,14265856

18266,14638592

18266,14739968

18266,15048704

18266,15389184

18266,15054848

18266,15002624

18266,15087616

18266,15858176

18266,15845888

18266,16324096

18266,16264192

18266,15893504

18267,16573952

18267,16482304

18267,16732160

18267,17194496

18267,16855040

18267,17045504

18267,17111552

18267,16998400

18267,17196032

18267,17098240

18267,17455616

18267,17236992

18267,17358848

18267,17360384

18267,17527296

18267,17040896

18267,16863744

18267,17506304

18267,17650688

18267,17872896

18267,17701888

18267,17420800

18267,17375232

18267,17889792

18267,18335744

18267,18517504

18267,18297856

18267,18429952

18267,18821120

18267,18856448

18267,18959360

18267,18672640

18267,18732544

18267,18903040

18267,19367936

18273,19090944

18273,19337728

18273,19415040

18273,19490816

18273,20033536

18273,19702272

18273,20002816

18273,19716608

18273,19956224

18273,20473344

18273,20523008

18273,20358144

18273,20383744

18273,20595200

18273,20633088

18273,20906496

18273,21105664

18273,21337600

18273,21427200

18273,21386240

18273,21427200

18273,21645824

18273,21844992

18273,22007808

18273,22159360

18273,22346752

18273,22435840

18273,22289408

18274,22559232

18274,22978048

18274,23093760

18274,22947840

18274,23385600

18274,23377920

18274,22940672

18274,23433216

18274,23804416

18274,23601152

18274,23853056

18274,23490560

18274,23876608

18274,23784960

18274,23900672

18274,23911424

18274,24079360

18274,24007168

18274,24338944

18274,24636928

18274,24203776

18274,24336384

18274,24060416

18274,24477184

18274,24780800

18274,24854528

18274,24581632

18274,24964608

18274,25013760

18274,25613312

18274,25769472

18274,25687552

18274,26049024

18274,26001920

18274,26224128

18274,26352128

18274,26120704

18274,26340352

18274,26804736

18274,26951680

18274,26690560

18274,26715648

18274,26760704

18274,26884096

18274,26959872

18274,27021312

18274,27036160

18274,27432448

18274,27334144

18274,27291136

18274,27362304

18274,27670016

18274,27938304

18274,27837952

18274,27577856

18274,27031040

18274,27115008

18274,26975744

18274,27316224

18274,26615808

18274,26795520

18274,27616256

18274,27206656

18274,27594752

18274,27290112

18275,27449344

18275,27329024

18275,27621376

18275,27386368

18275,28172288

18275,28081152

18275,28190208

18275,28539904

18275,28607488

18275,28414976

18275,28103168

18275,28341248

18275,28363776

18275,28666880

18275,28556288

18275,28311552

18275,28322304

18275,28800000

18275,28981760

18275,28673024

18275,28289024

18275,28081152

18275,28521472

18275,28574208

18275,28394496

18275,28523520

18275,28304896

18275,28548096

18275,28807680

18275,28725248

18275,28824576

18275,28578816

18275,28785152

18275,28248064

18275,28360704

18281,28929024

18281,28911104

18281,28997120

18281,29441024

18281,29198848

18281,29468160

18281,29694464

18281,29776896

18281,30102528

18281,30339072

18281,30132736

18281,29581824

18281,29971456

18281,30166016

18281,30181376

18281,29832704

18281,30004224

18281,29724672

18281,29823488

18281,30068736

18281,29985792

18281,30202880

18281,30090752

18281,29994496

18281,29442048

18281,29662720

18281,29637632

18281,29855232

18282,29393408

18282,29324800

18282,29512704

18282,29664256

18282,29543936

18282,29903872

18282,29791232

18282,29896192

18282,30010880

18282,29740032

18282,29720576

18282,29879808

18282,30183936

18282,30070272

18282,30388224

18282,30445056

18282,30471680

18282,30588416

18282,31280640

18282,30996480

18282,30868480

18282,30668288

18282,30872064

18282,30981632

18282,31079424

18282,30996992

18282,31371264

18282,31041024

18282,30402048

18282,30420992

18282,30728192

18282,30965248

18282,30848000

18282,31327744

18282,30898176

18282,31321088

18282,31225344

18282,31269376

18282,31243776

18282,31424512

18282,31196160

18282,31002112

18282,31131136

18282,31278080

18282,31151104

18282,31495168

18282,31752704

18282,31618048

18282,31330816

18282,31041536

18282,31598080

18282,31726592

18282,31528448

18282,31537152

18282,30980608

18282,31752192

18282,31795200

18282,31236608

18282,31093760

18282,30866944

18282,30750208

18282,30919680

18282,31168512

18282,30945280

18282,30470144

18283,30258688

18283,30715392

18283,30559232

18283,29950976

18283,29645824

18283,30344704

18283,29849088

18283,30083584

18283,29388288

18283,29382656

18283,29438976

18283,29687808

18283,29595136

18283,29025792

18283,29368832

18283,29574656

18283,29227008

18283,29287424

18283,29407744

18283,28831744

18283,28984832

18283,29048320

18283,28703744

18283,28243456

18283,28249088

18283,28181504

18283,28143104

18283,28099072

18283,28033536

18283,27487232

18283,27309056

18283,27145216

18283,27103232

18283,27243520

18283,26885632

18289,26486272

18289,26766336

18289,26671104

18289,26452992

18289,26663424

18289,26604032

18289,26000384

18289,25903616

18289,26153984

18289,26262528

18289,25572864

18289,25641472

18289,25971712

18289,26221568

18289,25567232

18289,25571840

18289,25837568

18289,25606656

18289,25657856

18289,25483776

18289,25709568

18289,25585664

18289,25874432

18289,25332224

18289,25101824

18289,25019904

18289,24765952

18289,24790016

18290,24892416

18290,24632832

18290,24734720

18290,24800256

18290,24703488

18290,24573440

18290,23911936

18290,23494656

18290,23744512

18290,23340032

18290,23629312

18290,23568896

18290,23804928

18290,23503360

18290,23033344

18290,23068160

18290,23390720

18290,23396864

18290,23185408

18290,23184384

18290,23702528

18290,23454208

18290,23235584

18290,23144960

18290,23067648

18290,23149568

18290,22973440

18290,22669312

18290,22936576

18290,22971904

18290,23015936

18290,22712832

18290,22992384

18290,23224320

18290,22982656

18290,22744576

18290,22443520

18290,22100480

18290,21922304

18290,22312960

18290,22248960

18290,22071296

18290,22330368

18290,22086144

18290,21647872

18290,21611008

18290,21260288

18290,21262336

18290,21680640

18290,21295616

18290,21347840

18290,21214208

18290,21156352

18290,21173760

18290,20921856

18290,21251072

18290,21381120

18290,21087232

18290,20976128

18290,21064192

18290,20796928

18290,21200896

18290,20900352

18290,20570112

18290,20378112

18291,20475392

18291,20277248

18291,20344832

18291,20464128

18291,20141056

18291,20520448

18291,19936768

18291,20076544

18291,20263936

18291,19822080

18291,19371008

18291,19080192

18291,18836992

18291,18333696

18291,18535936

18291,17978368

18291,18851840

18291,18595840

18291,18675712

18291,18467840

18291,18214400

18291,18644480

18291,19216384

18291,18565120

18291,18348032

18291,18171392

18291,18012672

18291,18287616

18291,18459136

18291,18276352

18291,18244096

18291,17317376

18291,17596416

18291,17569280

18291,17331200

18297,17706496

18297,17400832

18297,16795648

18297,16824320

18297,16560640

18297,16510464

18297,16013824

18297,15762944

18297,16282624

18297,16203776

18297,16587776

18297,15810048

18297,15755776

18297,15584768

18297,15432704

18297,15288832

18297,15544320

18297,15556096

18297,15310336

18297,14987776

18297,14828544

18297,14563328

18297,14284800

18297,13946880

18297,14227968

18297,14210560

18297,14160384

18297,13670912

18298,13978624

18298,13644800

18298,13739008

18298,13211648

18298,12550144

18298,13165056

18298,12817920

18298,12660224

18298,12405760

18298,12097024

18298,11986432

18298,11550208

18298,11595776

18298,11565056

18298,11754496

18298,11165184

18298,11546112

18298,11038208

18298,10918912

18298,10737152

18298,10290176

18298,10633728

18298,10701312

18298,10336768

18298,10390016

18298,10100736

18298,9841152

18298,9574912

18298,9589760

18298,9540096

18298,9693184

18298,9545216

18298,9704448

18298,9833984

18298,9275392

18298,9184768

18298,8917504

18298,9133056

18298,8934400

18298,8847872

18298,8446976

18298,7932928

18298,8429056

18298,8145920

18298,7833088

18298,7545344

18298,7114240

18298,7585280

18298,7657472

18298,7513088

18298,7045632

18298,7235072

18298,6704128

18298,6069760

18298,6453760

18298,6413824

18298,6354944

18298,6422016

18298,6646784

18298,6471168

18298,6046720

18298,6373376

18298,6275584

18298,6387200

18298,6290432

18299,6063104

18299,5488128

18299,5734400

18299,5797376

18299,6063616

18299,6011904

18299,5600768

18299,5827072

18299,6245888

18299,6396928

18299,6116864

18299,5891072

18299,5656064

18299,6043136

18299,5713408

18299,5711872

18299,5649408

18299,5605888

18299,5146112

18299,5380608

18299,5073920

18299,4926464

18299,4963840

18299,4356608

18299,4760064

18299,5055488

18299,4701184

18299,4643328

18299,4935680

18299,4587008

18299,4880896

18299,4956160

18299,4847104

18299,4963328

18299,5006336

18305,4808192

18305,4651520

18305,4657664

18305,4947456

18305,4904960

18305,4705792

18305,4690944

18305,4705280

18305,3961344

18305,3938816

18305,4158464

18305,4091904

18305,4205568

18305,3981824

18305,3757568

18305,3933184

18305,4030464

18305,3796992

18305,4187648

18305,4152320

18305,3675136

18305,4260352

18305,4259840

18305,4147712

18305,4339200

18305,4839424

18305,4746752

18305,4798976

18306,4628992

18306,4892672

18306,4750336

18306,4867584

18306,5454336

18306,5521920

18306,5538304

18306,5623808

18306,5512192

18306,5492736

18306,5255168

18306,5984256

18306,6273536

18306,5818368

18306,5769216

18306,6159872

18306,6090752

18306,5722624

18306,5657600

18306,5352448

18306,5412864

18306,5577728

18306,6169088

18306,5637632

18306,5666304

18306,5942784

18306,6138368

18306,5719552

18306,5744640

18306,5503488

18306,5659136

18306,5824000

18306,5755392

18306,5694976

18306,5715968

18306,5505024

18306,5480448

18306,5922304

18306,5915136

18306,5618176

18306,5731328

18306,5754368

18306,5949440

18306,5671936

18306,5653504

18306,5918208

18306,5684736

18306,5875200

18306,5724160

18306,5749760

18306,5614592

18306,5836288

18306,6124544

18306,5881856

18306,5830656

18306,6021120

18306,6041600

18306,5889536

18306,6448640

18306,6505472

18306,6637568

18306,6885888

18306,6664192

18306,6718464

18306,7162368

18307,7357440

18307,7022592

18307,7313408

18307,6951936

18307,7215104

18307,7432192

18307,7758848

18307,8036352

18307,7968256

18307,8136704

18307,8323072

18307,8105472

18307,8245248

18307,8011776

18307,8075264

18307,8015360

18307,8504320

18307,8783360

18307,8700416

18307,8703488

18307,9270784

18307,9054720

18307,9049088

18307,9179648

18307,8854528

18307,8764416

18307,8658944

18307,9212416

18307,9112064

18307,9154048

18307,8983552

18307,9007616

18307,8997376

18307,9117696

18307,9471488

18313,9714176

18313,9436672

18313,9665536

18313,9887744

18313,9896960

18313,10419712

18313,9798144

18313,10445824

18313,10678784

18313,10604544

18313,10636800

18313,10720768

18313,10975744

18313,10825216

18313,11110400

18313,11400704

18313,11734016

18313,12112384

18313,11747840

18313,11766272

18313,11593728

18313,11550720

18313,12075520

18313,12232192

18313,11829248

18313,11924992

18313,11529728

18313,11831296

18314,11941376

18314,11520000

18314,12052992

18314,11700224

18314,12111872

18314,12506112

18314,12416000

18314,12919296

18314,12909568

18314,13432832

18314,13588992

18314,13685248

18314,14169088

18314,14162944

18314,14537728

18314,14350336

18314,14512128

18314,14772736

18314,14873600

18314,14892032

18314,15229952

18314,15147008

18314,14886400

18314,15657984

18314,15102464

18314,15763456

18314,15686144

18314,15409152

18314,15253504

18314,15683072

18314,16129536

18314,16007680

18314,15910912

18314,15749632

18314,16193536

18314,16614400

18314,16452096

18314,16699392

18314,17212928

18314,17021440

18314,16987136

18314,17503232

18314,17736704

18314,17653760

18314,17832448

18314,18033664

18314,18085376

18314,18347520

18314,18618368

18314,18740736

18314,18750976

18314,18861568

18314,18669056

18314,18555904

18314,18950144

18314,19062272

18314,19202560

18314,18911232

18314,18646016

18314,18997248

18314,19401728

18314,19331584

18314,18998784

18314,19299840

18314,19316224

18315,19741696

18315,19627520

18315,19275776

18315,19287552

18315,19154432

18315,19187200

18315,19284480

18315,19373056

18315,19706368

18315,19554816

18315,19364864

18315,19636224

18315,19558912

18315,19654144

18315,19569152

18315,19637248

18315,19854848

18315,19581440

18315,19897344

18315,19276288

18315,19575296

18315,19287552

18315,19627520

18315,19704320

18315,19367424

18315,19446784

18315,19431936

18315,19866624

18315,19001344

18315,19446784

18315,19157504

18315,19200512

18315,19343360

18315,19294720

18315,19399680

18321,19241472

18321,19127808

18321,19357184

18321,19459584

18321,19377664

18321,19343360

18321,19423744

18321,19556864

18321,19593728

18321,19602432

18321,19235328

18321,19340800

18321,19355136

18321,19597824

18321,19808768

18321,20184576

18321,19620864

18321,19930112

18321,19672576

18321,19870208

18321,20033536

18321,20206080

18321,20315136

18321,19993088

18321,20451840

18321,20474880

18321,20436480

18321,20278784

18322,20129280

18322,19800576

18322,19700736

18322,19680768

18322,19365376

18322,19695616

18322,19579392

18322,19702784

18322,19659776

18322,19511296

18322,19547648

18322,19748352

18322,19981824

18322,19627520

18322,19712512

18322,19960320

18322,20065280

18322,20515328

18322,20360192

18322,20499968

18322,20455936

18322,20793344

18322,20848128

18322,20595712

18322,20776960

18322,21150720

18322,20684288

18322,21199360

18322,21454336

18322,21225472

18322,21468672

18322,21387776

18322,21478400

18322,21516288

18322,21334016

18322,21356032

18322,21336064

18322,21635072

18322,21825536

18322,22124544

18322,22028800

18322,21630976

18322,22174208

18322,22108672

18322,22133760

18322,22414336

18322,21962240

18322,21871616

18322,22198784

18322,22353920

18322,22618112

18322,22470656

18322,22270464

18322,22514688

18322,22636032

18322,22597120

18322,22577152

18322,22487552

18322,22841856

18322,22634496

18322,22952448

18322,23020032

18322,23034880

18322,23221760

18322,23676416

18323,23826432

18323,23657472

18323,23386112

18323,23287296

18323,23454720

18323,23892480

18323,23399936

18323,23379456

18323,23248384

18323,23602176

18323,23590400

18323,22991360

18323,23015936

18323,23302656

18323,23650816

18323,23105024

18323,23374848

18323,23162368

18323,22895104

18323,23007232

18323,23457280

18323,23566848

18323,23182848

18323,23075840

18323,23228416

18323,23721984

18323,23833088

18323,23640064

18323,23402496

18323,23682048

18323,23855104

18323,24086528

18323,24393728

18323,24782848

18323,24491520

18329,24368128

18329,24704000

18329,24666112

18329,24387072

18329,24110592

18329,24445440

18329,24558592

18329,24401408

18329,24581632

18329,24144896

18329,24332288

18329,24114176

18329,24272896

18329,24378368

18329,23983104

18329,24342528

18329,23986688

18329,23864832

18329,23265792

18329,23384064

18329,23743488

18329,23832576

18329,23897600

18329,23771136

18329,23847936

18329,23764480

18329,23617536

18329,23324160

18330,23431680

18330,23171584

18330,22935552

18330,23276544

18330,22884352

18330,22956032

18330,23109632

18330,23117824

18330,23254528

18330,23201792

18330,22814720

18330,22586368

18330,23256064

18330,23054848

18330,22133760

18330,22537728

18330,22187520

18330,22349824

18330,22423552

18330,22825984

18330,22778368

18330,22742528

18330,22910976

18330,22111232

18330,22538752

18330,22959104

18330,22894592

18330,22815744

18330,23474176

18330,23437312

18330,23774208

18330,23735808

18330,23400960

18330,23688192

18330,23832576

18330,23634432

18330,24088064

18330,24282112

18330,23859712

18330,23885312

18330,24009728

18330,24168960

18330,24621568

18330,24818176

18330,24144384

18330,24212992

18330,23788544

18330,24350208

18330,24303104

18330,24060416

18330,24134656

18330,24134144

18330,24365056

18330,23904768

18330,24000000

18330,24145408

18330,24264704

18330,24215552

18330,24016896

18330,24236544

18330,24233984

18330,24065024

18330,24069632

18330,24472576

18330,24084480

18331,24196608

18331,24897536

18331,24710144

18331,24745984

18331,24668160

18331,24285184

18331,24751104

18331,24785920

18331,24603648

18331,25030656

18331,24425984

18331,24574464

18331,24743424

18331,24326144

18331,24469504

18331,24462848

18331,24414720

18331,24482304

18331,24651264

18331,24834560

18331,24819200

18331,24604672

18331,24522752

18331,24966656

18331,24189952

18331,24584192

18331,24579584

18331,24220160

18331,24001024

18331,25000448

18331,24781824

18331,25395712

18331,25262592

18331,24935424

18331,25519104

18337,25283072

18337,25243136

18337,25110528

18337,25284096

18337,25691648

18337,25718272

18337,25711104

18337,25413632

18337,25232384

18337,25315840

18337,25677312

18337,25585152

18337,25346560

18337,25191936

18337,24715264

18337,24522240

18337,24471552

18337,24137728

18337,23907840

18337,24258560

18337,23969280

18337,24574464

18337,24074240

18337,24427008

18337,24303104

18337,23842816

18337,23774208

18337,23450112

18338,23975424

18338,23698944

18338,23043584

18338,23255040

18338,23191552

18338,23296000

18338,23481344

18338,23053312

18338,22712832

18338,22620672

18338,22878208

18338,22619136

18338,22210560

18338,22172160

18338,22271488

18338,22399488

18338,21957120

18338,21735936

18338,21752832

18338,21694464

18338,21279744

18338,21220864

18338,21143552

18338,21202944

18338,20925440

18338,20081152

18338,20187136

18338,19671040

18338,19694592

18338,19641344

18338,19802112

18338,19681792

18338,19568640

18338,19332608

18338,19134464

18338,19565056

18338,19645952

18338,19668480

18338,19360768

18338,18704896

18338,18947584

18338,19035648

18338,18925056

18338,18786304

18338,18721792

18338,18528768

18338,18535936

18338,18720768

18338,18764800

18338,18753536

18338,18593280

18338,18131968

18338,18173952

18338,18169856

18338,17957888

18338,17243648

18338,17113600

18338,17804288

18338,16992768

18338,16996864

18338,17368064

18338,17184256

18338,16930816

18338,17221632

18338,17126400

18339,17221632

18339,17447936

18339,17233920

18339,17454592

18339,17401344

18339,17067008

18339,17548288

18339,16965120

18339,17374208

18339,17159680

18339,16986624

18339,16613376

18339,17051648

18339,17573376

18339,17532928

18339,17210368

18339,17154048

18339,16769536

18339,17057280

18339,17353216

18339,17169920

18339,17072640

18339,16908288

18339,16676864

18339,16395264

18339,16579584

18339,16608768

18339,16797184

18339,16440832

18339,15963136

18339,16130560

18339,16645120

18339,16371712

18339,16311808

18339,16223744

18345,16329728

18345,16345088

18345,16459264

18345,16119296

18345,16094720

18345,16055808

18345,16090624

18345,16472064

18345,16333312

18345,16410112

18345,16304128

18345,16312832

18345,16256000

18345,16315392

18345,16576000

18345,16480256

18345,16441856

18345,15957504

18345,16248832

18345,16062464

18345,15344128

18345,15690240

18345,15821312

18345,15848448

18345,15737344

18345,16067584

18345,15730176

18345,15493632

18346,15924736

18346,15685632

18346,15255040

18346,15357440

18346,15259136

18346,15198208

18346,15077376

18346,15135744

18346,15265792

18346,15109120

18346,15235584

18346,15037440

18346,15544320

18346,15549952

18346,15585792

18346,15592448

18346,15474688

18346,15733760

18346,16294400

18346,16033280

18346,16177152

18346,16403968

18346,16905216

18346,16537600

18346,16534528

18346,16133120

18346,16207360

18346,16075776

18346,15730688

18346,15859200

18346,15763456

18346,15718912

18346,15517184

18346,15675904

18346,15597568

18346,15593472

18346,15233536

18346,14774784

18346,15489536

18346,15459328

18346,15028224

18346,15736832

18346,15744000

18346,15459840

18346,15944704

18346,15755776

18346,15580160

18346,15356928

18346,15529984

18346,15805952

18346,15858176

18346,16403968

18346,16071680

18346,16360960

18346,16128000

18346,15465984

18346,15543808

18346,16294400

18346,16537088

18346,15837184

18346,15590912

18346,15946752

18346,15463424

18346,15431680

18346,15549440

18347,15284736

18347,15017984

18347,15033856

18347,15208960

18347,15472128

18347,14985728

18347,14828032

18347,14540800

18347,15010816

18347,15309312

18347,14940672

18347,14990848

18347,15447040

18347,15329280

18347,15489536

18347,15816704

18347,15626752

18347,15807488

18347,16156672

18347,15670272

18347,15718400

18347,15380480

18347,15192064

18347,15498752

18347,15499776

18347,15243264

18347,15684608

18347,15922176

18347,15995904

18347,16075776

18347,15752704

18347,15949824

18347,16067584

18347,15799296

18347,15647744

18353,16075776

18353,15885312

18353,15711744

18353,15960576

18353,16164864

18353,15926272

18353,15730176

18353,15835648

18353,15843840

18353,16467456

18353,16412160

18353,16640512

18353,16290304

18353,16365056

18353,16313856

18353,16715776

18353,16111104

18353,16072704

18353,16103936

18353,16548352

18353,16538112

18353,16517632

18353,16735232

18353,16848384

18353,17397248

18353,17155072

18353,17256960

18353,17411072

18354,17248256

18354,17107456

18354,17437184

18354,17498112

18354,17328128

18354,16848896

18354,17286656

18354,17761280

18354,17515008

18354,17227264

18354,16950272

18354,17153024

18354,17548800

18354,17183744

18354,16819712

18354,16441856

18354,17071104

18354,17528832

18354,17185792

18354,17663488

18354,17479680

18354,17126400

18354,17615872

18354,17477632

18354,17384448

18354,17101824

18354,17083904

18354,17004032

18354,17226752

18354,17256448

18354,17475072

18354,17442304

18354,17047040

18354,17462272

18354,17855488

18354,17615360

18354,17783296

18354,17751040

18354,17866752

18354,18014720

18354,17746944

18354,17561600

18354,17587200

18354,17613312

18354,17814016

18354,17531904

18354,17427968

18354,17592832

18354,17628160

18354,17774592

18354,18127872

18354,17643520

18354,17248768

18354,17928192

18354,17758208

18354,17859584

18354,18035712

18354,17878016

18354,18305024

18354,18451968

18354,18924032

18354,18422784

18354,18238464

18354,18815488

18354,18885120

18355,19341312

18355,18808832

18355,19180032

18355,18616832

18355,18603520

18355,19215360

18355,19216896

18355,19102720

18355,18644480

18355,18819584

18355,18782720

18355,18654208

18355,18485248

18355,18624000

18355,18753024

18355,18079744

18355,17858048

18355,18199552

18355,17644544

18355,17887232

18355,18433536

18355,18522624

18355,18259968

18355,17992704

18355,17916928

18355,18052608

18355,18567168

18355,18579456

18355,18989568

18355,18439168

18355,18504192

18355,18455552

18355,18632704

18355,18430464

18355,18299392

18361,18480640

18361,17757696

18361,17927680

18361,17832960

18361,18056704

18361,18317824

18361,17914368

18361,17769472

18361,17916928

18361,17840128

18361,18016256

18361,17239552

18361,16996864

18361,17711104

18361,17776128

18361,17325056

18361,17297920

18361,16981504

18361,16952320

18361,17255424

18361,16992256

18361,17016320

18361,16899584

18361,17042432

18361,17286656

18361,17416192

18361,17330688

18361,17081856

18362,16698880

18362,16883712

18362,16233984

18362,16690688

18362,16391168

18362,16540160

18362,16995840

18362,16698880

18362,16372736

18362,16272896

18362,16575488

18362,16541184

18362,16147456

18362,15936512

18362,15475712

18362,15962112

18362,16385536

18362,16119808

18362,15813632

18362,15533056

18362,15357952

18362,15635968

18362,15747584

18362,15761920

18362,15569408

18362,15464960

18362,15312384

18362,14861824

18362,14708224

18362,15232512

18362,15336960

18362,15213568

18362,15157248

18362,15215104

18362,15342592

18362,15401984

18362,15224320

18362,15242752

18362,15339520

18362,15341568

18362,14809600

18362,15389696

18362,15399936

18362,15378432

18362,14950400

18362,14415872

18362,14804992

18362,14453760

18362,14609408

18362,14729216

18362,14609920

18362,14260224

18362,13943808

18362,14329856

18362,14296064

18362,14166528

18362,14004224

18362,13655040

18362,14024192

18362,14052864

18362,14203392

18362,13804032

18362,13765632

18362,14497792

18362,14041088

18363,14064128

18363,13770752

18363,13685248

18363,13603840

18363,13527552

18363,12925952

18363,12969472

18363,13158912

18363,13193216

18363,12975616

18363,12194816

18363,12191232

18363,12549120

18363,12626432

18363,12649984

18363,12305408

18363,12548096

18363,12156928

18363,12422144

18363,12209664

18363,12257280

18363,11837952

18363,11811328

18363,11838464

18363,11712000

18363,11858432

18363,11724288

18363,11947520

18363,11671552

18363,12104192

18363,11917312

18363,11614720

18363,11618304

18363,11266560

18363,11774976

18369,11661824

18369,11507200

18369,12018688

18369,11988480

18369,11880960

18369,11416576

18369,12067328

18369,11775488

18369,11836416

18369,12173824

18369,11490304

18369,11734528

18369,11836416

18369,11358208

18369,11512832

18369,10952192

18369,10967040

18369,11211264

18369,11060224

18369,11035136

18369,11158016

18369,10918400

18369,10660864

18369,10952192

18369,10345472

18369,9959936

18369,10296832

18369,9855488

18370,9756672

18370,9537536

18370,9458176

18370,9454080

18370,9203200

18370,8913408

18370,8635392

18370,8763392

18370,8605184

18370,8298496

18370,7791104

18370,8032768

18370,7967744

18370,7677952

18370,7795712

18370,7721984

18370,7512064

18370,7339008

18370,7293440

18370,6860800

18370,6459392

18370,6516736

18370,6247424

18370,6267904

18370,6298624

18370,5745152

18370,5583360

18370,5559808

18370,5923840

18370,5419520

18370,5559296

18370,5515264

18370,5270528

18370,4908032

18370,5492224

18370,5085184

18370,5280256

18370,5392896

18370,5072384

18370,5118464

18370,4968960

18370,5123072

18370,4789248

18370,4711936

18370,4311040

18370,4500992

18370,4487168

18370,4412928

18370,4717568

18370,4554752

18370,4245504

18370,4062208

18370,3530240

18370,3188224

18370,3714560

18370,3953664

18370,3493376

18370,3482624

18370,3846656

18370,3337728

18370,2944512

18370,2993664

18370,2253312

18370,2760192

18370,2732032

18371,2482176

18371,2479616

18371,2196992

18371,2419712

18371,2349056

18371,2253312

18371,2051584

18371,2083328

18371,2440192

18371,2511872

18371,1811456

18371,1673216

18371,1538560

18371,1648640

18371,1554432

18371,1188864

18371,1244672

18371,1627136

18371,1286144

18371,1187328

18371,1116160

18371,1195008

18371,1336832

18371,1061888

18371,805376

18371,757760

18371,935936

18371,928768

18371,793600

18371,1015296

18371,1041408

18371,702464

18371,590336

18371,685568

18371,109568

18377,385536

18377,338944

18377,-727040

18377,-264192

18377,705536

18377,172544

18377,83456

18377,201728

18377,113152

18377,508928

18377,-247808

18377,-46592

18377,-179712

18377,-198144

18377,-274944

18377,-335360

18377,-25600

18377,-345088

18377,-426496

18377,97280

18377,148992

18377,247296

18377,91648

18377,-239616

18377,-164864

18377,-512

18377,-133120

18377,-345600

18378,-714752

18378,-557568

18378,-363520

18378,-389632

18378,-359424

18378,-1030656

18378,-949760

18378,-755712

18378,-408576

18378,-169472

18378,-400384

18378,-166400

18378,-226304

18378,137728

18378,98304

18378,-366080

18378,-335872

18378,278016

18378,247808

18378,197632

18378,344064

18378,269824

18378,779776

18378,645632

18378,592384

18378,789504

18378,1034240

18378,753152

18378,888832

18378,1014784

18378,737280

18378,537600

18378,600576

18378,327168

18378,232448

18378,601088

18378,543232

18378,590848

18378,906752

18378,376320

18378,435200

18378,657408

18378,264192

18378,557568

18378,718848

18378,1136128

18378,751616

18378,862208

18378,862208

18378,328704

18378,730624

18378,910336

18378,1497088

18378,1463808

18378,1410048

18378,1409536

18378,1118208

18378,1200128

18378,1270784

18378,1136640

18378,1451520

18378,1302016

18378,1328640

18378,793600

18378,1024512

18379,1120768

18379,1173504

18379,1289728

18379,1058304

18379,1670656

18379,1568768

18379,1810432

18379,2019840

18379,1741824

18379,1452032

18379,1860096

18379,2442752

18379,2511872

18379,2492416

18379,2298368

18379,2379264

18379,2814976

18379,3023872

18379,3219968

18379,3316736

18379,3349504

18379,3561472

18379,3936256

18379,3437056

18379,3672576

18379,3850240

18379,3844096

18379,3819520

18379,3864576

18379,3516928

18379,4028416

18379,4276224

18379,4400640

18379,4232192

18379,4194816

18385,4464640

18385,4563968

18385,4938240

18385,5142016

18385,5124096

18385,5038592

18385,4874240

18385,5265408

18385,5453312

18385,5657600

18385,5268992

18385,5423616

18385,5445632

18385,5422080

18385,5699072

18385,6111232

18385,5642752

18385,5752832

18385,6151680

18385,5797888

18385,6111744

18385,6321664

18385,6715904

18385,6988800

18385,6494720

18385,6947328

18385,7108096

18385,7351808

18386,7171072

18386,7158272

18386,6966272

18386,7532544

18386,7574528

18386,7500800

18386,7784960

18386,7623680

18386,7462400

18386,7792640

18386,7517184

18386,7434752

18386,7815680

18386,7435264

18386,7904256

18386,7688192

18386,7757824

18386,8220672

18386,8686592

18386,8916480

18386,8885760

18386,8863744

18386,8889856

18386,9138688

18386,9263104

18386,9445376

18386,8923648

18386,9203712

18386,9635840

18386,9956352

18386,10031104

18386,10354688

18386,10271744

18386,10584576

18386,10006016

18386,10490880

18386,10082816

18386,10379776

18386,10635264

18386,10142720

18386,10362880

18386,10389504

18386,10127872

18386,10529280

18386,10520576

18386,10588160

18386,10909696

18386,10768384

18386,11104768

18386,11113984

18386,11161088

18386,11819008

18386,12244480

18386,12271616

18386,11727872

18386,11818496

18386,12009984

18386,11936768

18386,12701184

18386,12854784

18386,12848128

18386,13262336

18386,13293568

18386,13023744

18386,13368320

18387,13610496

18387,13707776

18387,14089216

18387,14301184

18387,14471680

18387,14499328

18387,14275584

18387,14295040

18387,14815744

18387,14838272

18387,15132160

18387,14398976

18387,14489088

18387,14862848

18387,15331328

18387,15313408

18387,14803456

18387,15353344

18387,15948800

18387,15681024

18387,15637504

18387,15489024

18387,16217600

18387,16023040

18387,16321024

18387,16278528

18387,16364544

18387,16321536

18387,16890368

18387,16720896

18387,16785408

18387,17100800

18387,17277440

18387,17380864

18387,17546752

18393,17098240

18393,17107968

18393,16701952

18393,16925184

18393,16896512

18393,16978944

18393,17293312

18393,17352704

18393,17578496

18393,17589760

18393,17679872

18393,17670144

18393,18081792

18393,18175488

18393,18313728

18393,18202112

18393,18212352

18393,18223616

18393,19286016

18393,19113472

18393,18782720

18393,18972672

18393,19293184

18393,19019264

18393,19743744

18393,19359232

18393,19592704

18393,19658240

18394,19886080

18394,19815936

18394,19957248

18394,20139520

18394,20023808

18394,20077568

18394,20274176

18394,20513792

18394,20172800

18394,20148736

18394,20180992

18394,20270080

18394,19972608

18394,20225024

18394,20574720

18394,20383744

18394,20326400

18394,20357120

18394,20295168

18394,20484096

18394,20194304

18394,19991040

18394,20208128

18394,20479488

18394,20302336

18394,20036608

18394,20444160

18394,20793344

18394,20940288

18394,20953088

18394,21264384

18394,21392384

18394,21097472

18394,21441024

18394,21605376

18394,21648384

18394,21729792

18394,22006784

18394,22003200

18394,22541824

18394,22081024

18394,21939712

18394,22009344

18394,22344704

18394,22233600

18394,22200832

18394,21846528

18394,21372416

18394,21930496

18394,21716480

18394,20936704

18394,21176320

18394,20958720

18394,21092864

18394,21287424

18394,21287424

18394,21137408

18394,20964352

18394,21409280

18394,21111296

18394,20971008

18394,21221376

18394,20748800

18394,21366272

18394,21422080

18395,21443072

18395,22022656

18395,21992960

18395,22498816

18395,22846464

18395,22374912

18395,22642176

18395,22111744

18395,22236672

18395,22319616

18395,22170112

18395,22532608

18395,22309888

18395,21538816

18395,21898240

18395,22465024

18395,23023616

18395,22400000

18395,22015488

18395,22462976

18395,22239232

18395,22030336

18395,22017536

18395,22151680

18395,22205440

18395,21956608

18395,21999616

18395,22061056

18395,21810688

18395,21984256

18395,22938112

18395,22888960

18395,23090688

18395,22750720

18395,22643712

18401,22823936

18401,23259136

18401,23131648

18401,23696896

18401,23397888

18401,23163392

18401,23324672

18401,23564800

18401,23248896

18401,23148544

18401,23005696

18401,22891008

18401,23291904

18401,23234560

18401,23246848

18401,23400960

18401,23478784

18401,23713792

18401,24056320

18401,24040960

18401,23756288

18401,23159296

18401,23811584

18401,24054272

18401,23964672

18401,23965184

18401,23864832

18401,24033280

18402,24205824

18402,24088576

18402,24110592

18402,24090112

18402,24122880

18402,24192512

18402,24464384

18402,23846400

18402,23702016

18402,24369664

18402,23817728

18402,23885824

18402,24069120

18402,24260096

18402,24148480

18402,24289280

18402,24257536

18402,24138752

18402,24095744

18402,24198144

18402,23855616

18402,23754752

18402,23711744

18402,23945216

18402,23410176

18402,23030272

18402,22457344

18402,22550528

18402,22167040

18402,22417408

18402,22563840

18402,22704640

18402,22298624

18402,22100480

18402,22410752

18402,21861376

18402,22054912

18402,22096896

18402,21786112

18402,22067712

18402,22158336

18402,21846016

18402,22089728

18402,22179328

18402,22088192

18402,21893120

18402,22038016

18402,21885440

18402,22404608

18402,22240768

18402,21939200

18402,21750784

18402,21900800

18402,21939712

18402,21756928

18402,21905920

18402,21949952

18402,22603264

18402,22069760

18402,21353472

18402,21324288

18402,21412352

18402,21466112

18402,21692416

18402,21780992

18403,21922304

18403,21558272

18403,21922304

18403,21412352

18403,21886976

18403,22062592

18403,22133760

18403,22113280

18403,22137344

18403,22057984

18403,21817344

18403,21428736

18403,21536256

18403,21712896

18403,22070784

18403,22121984

18403,22347264

18403,21938176

18403,22673408

18403,22629376

18403,22257152

18403,22436352

18403,21974528

18403,22208000

18403,22350336

18403,22289408

18403,22182912

18403,21751296

18403,22103040

18403,22014976

18403,21707776

18403,21496832

18403,22012928

18403,21563392

18403,21763584

18409,21905920

18409,21573120

18409,21746688

18409,21485056

18409,21914112

18409,21413376

18409,21709312

18409,21867520

18409,21745664

18409,21641216

18409,21765632

18409,22047232

18409,21996544

18409,22138368

18409,22112768

18409,22034432

18409,21939712

18409,22084096

18409,22161920

18409,21455872

18409,21897216

18409,21876736

18409,21776896

18409,21993472

18409,21856256

18409,22076416

18409,22260736

18409,22070272

18410,22320640

18410,22065152

18410,22278144

18410,22052352

18410,22091264

18410,22132224

18410,21595648

18410,22708224

18410,22571520

18410,22427136

18410,21895168

18410,22016000

18410,22394368

18410,22443008

18410,22655488

18410,22433792

18410,22170624

18410,22769152

18410,22713856

18410,22872064

18410,22959104

18410,22364672

18410,22621184

18410,22289920

18410,22450688

18410,22458880

18410,21785600

18410,22097408

18410,21776896

18410,21720576

18410,21356544

18410,21181440

18410,20891136

18410,21254656

18410,20874752

18410,20716544

18410,20377088

18410,20284928

18410,20670464

18410,20541952

18410,21176832

18410,20924416

18410,20561408

18410,20600320

18410,20560896

18410,20738048

18410,20823040

18410,20614144

18410,20128256

18410,20495872

18410,20295168

18410,20310016

18410,20643840

18410,20884480

18410,20717056

18410,20331008

18410,20430336

18410,20820480

18410,21139456

18410,20489216

18410,20545536

18410,20215296

18410,19993600

18410,20173312

18410,19570176

18411,19565056

18411,19252224

18411,19211776

18411,18593792

18411,18704896

18411,19097088

18411,18776576

18411,18168832

18411,18156032

18411,18279424

18411,17908736

18411,18011648

18411,17854464

18411,17508352

18411,17710080

18411,17135616

18411,17215488

18411,17334272

18411,17330688

18411,17225216

18411,17412608

18411,16783360

18411,17413120

18411,17449472

18411,17318912

18411,17115136

18411,16857600

18411,16791552

18411,16533504

18411,16302592

18411,16060416

18411,16428544

18411,16215552

18411,16289280

18411,15675392

18417,15863808

18417,16071168

18417,15997440

18417,15653888

18417,15331328

18417,15287808

18417,15264256

18417,15355392

18417,15318016

18417,15068672

18417,15151104

18417,14880768

18417,14719488

18417,14878720

18417,14789632

18417,14459392

18417,13894656

18417,14491136

18417,14707712

18417,14970880

18417,14885376

18417,14635008

18417,15014912

18417,15076864

18417,14984192

18417,14903296

18417,14764032

18417,14239232

18418,14324224

18418,14346752

18418,14377472

18418,14534144

18418,14072832

18418,13815808

18418,13752832

18418,13755904

18418,13773312

18418,13897728

18418,13918208

18418,13675520

18418,13677568

18418,13508096

18418,13249536

18418,13462528

18418,13101568

18418,13120512

18418,12279808

18418,13009408

18418,13139456

18418,13475840

18418,13459456

18418,13000192

18418,12750848

18418,13184512

18418,12981760

18418,12861440

18418,12810240

18418,12967936

18418,12704768

18418,12915200

18418,12570624

18418,12576256

18418,13029376

18418,12327424

18418,12228096

18418,12349952

18418,12218880

18418,12137472

18418,12478464

18418,12029440

18418,11876864

18418,11849728

18418,11973632

18418,11751936

18418,11775488

18418,11585536

18418,11137024

18418,11021824

18418,10519552

18418,10829312

18418,10925056

18418,10917888

18418,10809344

18418,10503680

18418,11137024

18418,11315200

18418,10769920

18418,10797568

18418,10702336

18418,10491904

18418,10667520

18418,10288640

18418,10276864

18419,10527744

18419,10188288

18419,10443264

18419,10343936

18419,10272256

18419,10613760

18419,10313216

18419,10006528

18419,9779712

18419,9582592

18419,9427968

18419,9178624

18419,9801728

18419,8845312

18419,9157120

18419,9008128

18419,9414144

18419,9783808

18419,9248768

18419,8926208

18419,9058304

18419,9399808

18419,9094144

18419,8946176

18419,8659456

18419,8397312

18419,8564736

18419,8783360

18419,8933376

18419,8442880

18419,8165888

18419,8134656

18419,8422400

18419,7674880

18419,7898624

18425,8165376

18425,8172544

18425,7289856

18425,7417856

18425,7256576

18425,7048704

18425,6766080

18425,6650368

18425,6404608

18425,5794816

18425,6084608

18425,5493248

18425,5908480

18425,5600768

18425,4887552

18425,4633600

18425,4713984

18425,4337664

18425,4369920

18425,4367360

18425,4094976

18425,3788288

18425,3733504

18425,3188224

18425,3104256

18425,3191296

18425,3456512

18425,3618816

18426,3454464

18426,3302400

18426,3277312

18426,3562496

18426,3285504

18426,3196416

18426,3114496

18426,3106816

18426,2959360

18426,2508800

18426,2582016

18426,2621440

18426,2299392

18426,1787392

18426,1947648

18426,2058752

18426,1791488

18426,2017280

18426,1607168

18426,1308672

18426,1070592

18426,1581056

18426,1266688

18426,1032192

18426,1458688

18426,1280512

18426,1082368

18426,987136

18426,1172480

18426,1266176

18426,1149440

18426,841728

18426,1175040

18426,846848

18426,1111552

18426,1607168

18426,749568

18426,442368

18426,1149952

18426,1393152

18426,1434624

18426,1556992

18426,937984

18426,687104

18426,747008

18426,1032192

18426,1410048

18426,997376

18426,492544

18426,304128

18426,595968

18426,552448

18426,386560

18426,129024

18426,196096

18426,708096

18426,156160

18426,55296

18426,-309248

18426,-434688

18426,-221184

18426,-659456

18426,-529408

18426,-154112

18426,-305152

18427,-326656

18427,-504320

18427,-621568

18427,-323072

18427,-54272

18427,344064

18427,-125440

18427,56320

18427,-599552

18427,-720896

18427,-440320

18427,-143872

18427,54272

18427,-391680

18427,-587264

18427,-207360

18427,47104

18427,-135680

18427,-174592

18427,-370176

18427,-460288

18427,-558592

18427,-900608

18427,-1025536

18427,-1138688

18427,-845312

18427,-693760

18427,-923648

18427,-1088000

18427,-891392

18427,-722432

18427,-638976

18427,-595456

18427,-404480

18427,-738816

18433,-839680

18433,-543232

18433,-845312

18433,-608256

18433,-773632

18433,-1169920

18433,-1212928

18433,-1048576

18433,-821760

18433,-868352

18433,-1102336

18433,-1257472

18433,-1257472

18433,-1432064

18433,-1734656

18433,-1723392

18433,-1602048

18433,-1977344

18433,-2067968

18433,-2152960

18433,-2234368

18433,-2170880

18433,-2413056

18433,-2603520

18433,-2546176

18433,-2674688

18433,-3257344

18433,-2976768

18434,-3033600

18434,-2492928

18434,-2326528

18434,-2852864

18434,-3141120

18434,-2929152

18434,-2888192

18434,-2947584

18434,-2812416

18434,-2762752

18434,-3235328

18434,-3335168

18434,-3770368

18434,-3821056

18434,-3651072

18434,-3688448

18434,-3689984

18434,-3678720

18434,-3682304

18434,-3551744

18434,-4225024

18434,-4438016

18434,-4423680

18434,-4300288

18434,-4244992

18434,-4469248

18434,-4572160

18434,-4451840

18434,-4455424

18434,-4573696

18434,-4626944

18434,-5054464

18434,-4851200

18434,-5315072

18434,-5359104

18434,-4850688

18434,-5083648

18434,-4815872

18434,-4904960

18434,-4688384

18434,-4681216

18434,-4651008

18434,-4862976

18434,-4770816

18434,-4941312

18434,-5120512

18434,-5258240

18434,-4992000

18434,-4785152

18434,-4925952

18434,-5103104

18434,-4859392

18434,-5139456

18434,-4973056

18434,-4774400

18434,-4624384

18434,-4796928

18434,-4817920

18434,-5272576

18434,-5291520

18434,-4981760

18434,-5563904

18434,-5152768

18434,-5391360

18434,-5281792

18435,-5466624

18435,-5760512

18435,-5666304

18435,-5813760

18435,-5893120

18435,-5648384

18435,-5795328

18435,-5825024

18435,-5798400

18435,-6419968

18435,-6417408

18435,-6426624

18435,-6409728

18435,-6432256

18435,-6206464

18435,-6379520

18435,-6321152

18435,-6268416

18435,-6013440

18435,-5522432

18435,-6185984

18435,-6132224

18435,-6630912

18435,-6496256

18435,-6479872

18435,-6602752

18435,-6810624

18435,-6408704

18435,-5961216

18435,-6268928

18435,-6298112

18435,-6325760

18435,-7101952

18435,-7062016

18435,-7324672

18441,-7689728

18441,-7542784

18441,-7883264

18441,-7870464

18441,-7755776

18441,-7512576

18441,-7419392

18441,-7364096

18441,-7353856

18441,-7648768

18441,-7655424

18441,-7477248

18441,-7067136

18441,-7045120

18441,-7434752

18441,-7773696

18441,-7596032

18441,-7542784

18441,-7711744

18441,-7487488

18441,-7586304

18441,-8104960

18441,-8326656

18441,-7822848

18441,-7442432

18441,-8208896

18441,-7788032

18441,-7968256

18442,-7285760

18442,-7951360

18442,-8278528

18442,-7838208

18442,-8160256

18442,-8184320

18442,-8173568

18442,-8026112

18442,-7991296

18442,-8373760

18442,-8357376

18442,-8913408

18442,-8739328

18442,-8239616

18442,-8359424

18442,-7891456

18442,-8153600

18442,-8211968

18442,-8252416

18442,-8308736

18442,-8253952

18442,-7892480

18442,-8055296

18442,-8131584

18442,-7743488

18442,-7723008

18442,-8212992

18442,-7452160

18442,-8012288

18442,-8261120

18442,-8276480

18442,-8289792

18442,-7920128

18442,-7729664

18442,-7733248

18442,-8197120

18442,-8010752

18442,-8243200

18442,-8348672

18442,-8155648

18442,-8212992

18442,-8539648

18442,-8617984

18442,-8573440

18442,-8562688

18442,-8727040

18442,-8707584

18442,-8612864

18442,-8876032

18442,-8865280

18442,-8827392

18442,-9122304

18442,-9181184

18442,-8937472

18442,-8718848

18442,-8495104

18442,-8779776

18442,-9068544

18442,-9047040

18442,-9639936

18442,-9814528

18442,-10119680

18442,-9888768

18442,-10145792

18442,-10457600

18443,-10362880

18443,-10440192

18443,-10911744

RAW_SUMMARY id=2 requested=5600 captured=5600 unused_capacity=400 max_pcm_abs=31795200 raw_mean=86987.6 raw_abs_mean=15730634.0 raw_min=-26152448 raw_max=31795200 baseline=18.9

OK RAW

