# run: cfg_msb_1
# firmware: role=analyzer git=9f584bb version=0.4.0
# imported-from: msb_1.log (mtime 2026-10-09T10:43:19)
RAW_INFO mode=i2s output=csv

RAW_INFO row_size=12

RAW_BEGIN id=1 sr=16000 trigger_ms=6131 command_ms=6116 emit_seen=1 emit_start_ms=6131 emit_done_ms=6135 f=3200 dur=1 pre_ms=0 post_ms=350 decim=1 pre_samples=0 post_samples=5600 mode=i2s output=csv fields=ms,pcm

ms,pcm

6133,-11657984

6133,-11497984

6133,-11436544

6133,-11395072

6133,-11519488

6133,-11318272

6133,-11267072

6133,-11154688

6133,-10866176

6133,-10651904

6133,-10956544

6133,-10977280

6133,-10912768

6133,-10962432

6133,-10879488

6133,-10827520

6133,-10874368

6133,-10885632

6133,-10688000

6133,-10581760

6133,-10723840

6134,-10480896

6134,-10420736

6134,-10411776

6134,-10360832

6134,-10185728

6134,-9975040

6134,-10104832

6134,-10256384

6134,-10423552

6134,-10286080

6134,-9924096

6134,-9951488

6134,-9765120

6134,-9438208

6134,-9694720

6134,-9685504

6134,-9504256

6134,-9553152

6134,-9524736

6134,-9368576

6134,-9347072

6134,-9176064

6134,-9438464

6134,-9336320

6134,-9365248

6134,-9299968

6134,-9328128

6134,-9419776

6134,-9197056

6134,-9701888

6134,-9487104

6134,-9426688

6134,-9556736

6134,-9549568

6134,-9532928

6134,-9463296

6134,-9593600

6134,-9452288

6134,-9226240

6134,-9172992

6134,-9484544

6134,-9633024

6134,-9629184

6134,-9278464

6134,-9045248

6134,-9133824

6134,-9435392

6134,-9344768

6136,-9385216

6136,-9251072

6136,-9234688

6136,-9272064

6136,-9337088

6136,-9133824

6136,-9086720

6137,-9357824

6137,-9286656

6137,-9102592

6137,-9329408

6137,-9462272

6137,-9234944

6137,-8917504

6137,-8910336

6137,-9402368

6137,-9076992

6137,-9030400

6137,-9065216

6137,-8765184

6137,-8921344

6137,-9037056

6137,-9116672

6137,-9147392

6137,-8837888

6137,-8885248

6137,-8845568

6137,-8650752

6137,-8649216

6137,-8812800

6137,-8655360

6137,-8838656

6137,-8901120

6137,-8734976

6138,-9044480

6138,-8973312

6138,-8588800

6138,-8582912

6138,-8455680

6138,-8367872

6138,-8466688

6138,-8182272

6138,-8080128

6138,-7939072

6138,-7702528

6138,-7852288

6138,-8061184

6138,-7567360

6138,-7741952

6138,-7715584

6138,-7597568

6138,-7683072

6138,-7434496

6138,-7365632

6138,-7407360

6138,-7610368

6138,-7300608

6138,-7283456

6138,-7510272

6138,-7359232

6138,-7251200

6138,-7195136

6138,-6964736

6138,-6944256

6138,-6892288

6138,-6609152

6138,-6769408

6138,-6664448

6138,-6515712

6138,-6380288

6138,-6381312

6138,-6458624

6138,-6483712

6138,-6315264

6138,-6171648

6138,-6303488

6138,-6404096

6138,-6320896

6138,-5859328

6138,-5590784

6138,-5261568

6138,-5238528

6138,-5391104

6138,-4977920

6138,-5049856

6138,-4659456

6138,-4435968

6138,-4358144

6138,-4071936

6138,-4152064

6138,-4397568

6138,-4185856

6138,-4056832

6138,-3834112

6138,-3623680

6138,-3710976

6138,-3516160

6138,-3679744

6138,-3690752

6139,-3076608

6139,-3441152

6139,-3295232

6139,-2932480

6139,-3006464

6139,-2645248

6139,-2694144

6139,-2965248

6139,-2786048

6139,-2479872

6139,-2344960

6139,-2027776

6139,-2296064

6139,-2441216

6139,-2127616

6139,-2142720

6139,-2089216

6139,-2149376

6139,-2163456

6139,-1594368

6139,-1379072

6139,-1262080

6139,-1212416

6139,-1427456

6139,-1145344

6139,-1002752

6139,-859136

6139,-623104

6139,-331008

6139,-166144

6139,-338688

6139,-275968

6139,-115456

6139,-87552

6139,32768

6139,60160

6145,35072

6145,446464

6145,15360

6145,46848

6145,308736

6145,285184

6145,551168

6145,373760

6145,399104

6145,212480

6145,225792

6145,460544

6145,489984

6145,531456

6145,708352

6145,724736

6145,761856

6145,788992

6145,920064

6145,833024

6145,898560

6145,744448

6145,793088

6145,1210368

6145,1005056

6145,1206784

6145,1145344

6146,1236992

6146,1200640

6146,1176064

6146,1300992

6146,1270528

6146,1178368

6146,1433344

6146,1362688

6146,1300992

6146,1381632

6146,1235968

6146,1195776

6146,1295872

6146,1321984

6146,1237248

6146,1236736

6146,1169664

6146,1214464

6146,1227008

6146,1246208

6146,1295360

6146,1733888

6146,1634048

6146,1288448

6146,1224448

6146,1322240

6146,1186560

6146,1281280

6146,1508864

6146,1628416

6146,1582848

6146,1355008

6146,1468160

6146,1600768

6146,1752064

6146,1917440

6146,1703680

6146,1749760

6146,1838080

6146,1797632

6146,1833472

6146,1616640

6146,1679616

6146,1465856

6146,1545728

6146,1554944

6146,1757696

6146,1468928

6146,1437440

6146,1393920

6146,1587712

6146,1584128

6146,1592320

6146,1774336

6146,1751040

6146,1592832

6146,1520384

6146,1499136

6146,1459968

6146,1562624

6146,1676544

6146,1753600

6146,1956864

6146,1970688

6146,1881600

6147,1958912

6147,1906688

6147,1708544

6147,1967616

6147,2141952

6147,2041344

6147,2311680

6147,1991168

6147,1892864

6147,1901568

6147,2030080

6147,2012416

6147,1943040

6147,2193408

6147,2208768

6147,2165504

6147,2142976

6147,2086656

6147,2070016

6147,2420224

6147,2197760

6147,2355968

6147,2619392

6147,2553088

6147,2613760

6147,2839808

6147,2801920

6147,2837760

6147,2697216

6147,2991872

6147,2949376

6147,3255552

6147,3283200

6147,3277568

6147,3244288

6147,3075840

6153,3208960

6153,3270912

6153,3386112

6153,3330560

6153,3288064

6153,3405312

6153,3309568

6153,3337728

6153,3594752

6153,3400448

6153,3125760

6153,3179520

6153,3466752

6153,3261696

6153,3382272

6153,3480064

6153,3615232

6153,3596032

6153,3910912

6153,3801600

6153,3714048

6153,3959808

6153,4079616

6153,3962112

6153,3905792

6153,4468224

6153,4577536

6154,4665088

6154,4724224

6154,4805632

6154,4876288

6154,4485888

6154,4568320

6154,4649728

6154,4615424

6154,4788224

6154,4922112

6154,4755456

6154,4640256

6154,4718848

6154,4442880

6154,4325376

6154,4356608

6154,4301568

6154,4312832

6154,4341248

6154,4226048

6154,4228352

6154,4138240

6154,4089088

6154,4089088

6154,4208384

6154,4335104

6154,4036864

6154,4224768

6154,4378112

6154,4146944

6154,3902208

6154,4182784

6154,4034816

6154,4005888

6154,4164096

6154,3988736

6154,3844352

6154,3980288

6154,3769600

6154,3586048

6154,3513088

6154,3738368

6154,3651840

6154,3809792

6154,3706880

6154,3664896

6154,3571456

6154,3655936

6154,3547648

6154,3317504

6154,3394560

6154,3620096

6154,3463680

6154,3480064

6154,3222272

6154,3281920

6154,3350784

6154,3364096

6154,3340800

6154,3561984

6154,3228416

6154,3075840

6154,3080704

6154,2965248

6154,3158784

6155,3153152

6155,3372544

6155,3295488

6155,3551744

6155,3619328

6155,3264000

6155,3313408

6155,3395584

6155,3383552

6155,3418368

6155,3266048

6155,3301376

6155,3421696

6155,3478272

6155,3339008

6155,3511808

6155,3626752

6155,3666688

6155,3747584

6155,3703552

6155,3676672

6155,3516416

6155,3487488

6155,3581184

6155,3406080

6155,3403776

6155,3540736

6155,3824384

6155,3556864

6155,3540992

6155,3408128

6155,3399424

6155,3643904

6155,3357952

6155,3624448

6155,3854080

6161,3671040

6161,3830784

6161,3840512

6161,3747840

6161,3646976

6161,3629824

6161,3622144

6161,3588864

6161,3735296

6161,3775744

6161,3754496

6161,4075264

6161,4096256

6161,3867904

6161,3790848

6161,3895808

6161,4117504

6161,4058368

6161,4022784

6161,3920640

6161,4235264

6161,4344832

6161,4520192

6161,4815360

6161,4725760

6161,5090304

6161,5187072

6162,5140992

6162,5189120

6162,5262592

6162,5438464

6162,5551104

6162,5730304

6162,5628672

6162,5760768

6162,5713920

6162,5707264

6162,5667584

6162,5815296

6162,5827584

6162,6131712

6162,6096128

6162,5909248

6162,5643264

6162,5940736

6162,5733376

6162,5778176

6162,6039552

6162,6205696

6162,6203648

6162,6014720

6162,6057728

6162,6130176

6162,6051584

6162,6137856

6162,6042368

6162,6201856

6162,6252800

6162,6535424

6162,6454528

6162,6675712

6162,6585088

6162,6676224

6162,6836480

6162,6865152

6162,6712320

6162,6719232

6162,6939392

6162,6699776

6162,6846208

6162,6951680

6162,6859008

6162,7029760

6162,6912256

6162,6818560

6162,6807552

6162,6685440

6162,6757376

6162,6658304

6162,6477824

6162,6396160

6162,6507008

6162,6496768

6162,6708480

6162,6665984

6162,6663424

6162,6670592

6162,6749440

6162,6774016

6162,6601472

6162,6810368

6162,6607872

6163,6498048

6163,6647296

6163,6550272

6163,6328576

6163,6551552

6163,6357760

6163,6235392

6163,6315264

6163,6194176

6163,6513408

6163,6148096

6163,6024448

6163,5929472

6163,5874176

6163,5831680

6163,5850368

6163,6104064

6163,6095104

6163,5932032

6163,5892352

6163,6112512

6163,5835008

6163,5784576

6163,5848576

6163,5612544

6163,5655040

6163,5518848

6163,5287936

6163,5178624

6163,5199616

6163,5226240

6163,5116416

6163,5320192

6163,5308416

6163,5216512

6163,4908288

6169,4744448

6169,4792832

6169,4958464

6169,5166592

6169,5186048

6169,5027584

6169,4937728

6169,5010944

6169,5025792

6169,4943616

6169,4701440

6169,4821760

6169,4621312

6169,4740352

6169,4910080

6169,4853248

6169,4734464

6169,4758784

6169,4650496

6169,4709632

6169,4932352

6169,4600064

6169,4619776

6169,4623360

6169,4557312

6169,4510976

6169,4519936

6170,4893184

6170,4832000

6170,4580352

6170,4670976

6170,4646400

6170,4903424

6170,4762880

6170,4327424

6170,4631552

6170,4460800

6170,4443136

6170,4444416

6170,4271616

6170,4334336

6170,4486656

6170,4756224

6170,4626688

6170,4367360

6170,4412416

6170,4654336

6170,4589056

6170,4386560

6170,4450816

6170,4395264

6170,4529920

6170,4339712

6170,4561408

6170,4606208

6170,4401664

6170,4585472

6170,4507392

6170,4643072

6170,4731904

6170,4551936

6170,4555520

6170,4659712

6170,4492544

6170,4588288

6170,4735232

6170,4620800

6170,5003008

6170,4762112

6170,4785920

6170,4663552

6170,4662272

6170,4783360

6170,4719872

6170,4669696

6170,4551424

6170,4418560

6170,4404480

6170,4237312

6170,4258304

6170,4258560

6170,4261632

6170,4435712

6170,4465664

6170,4415488

6170,4255232

6170,4335872

6170,4340992

6170,4514304

6170,4411392

6170,4187904

6170,4273408

6171,4268288

6171,4365824

6171,4310016

6171,4284160

6171,4238080

6171,4092416

6171,4056576

6171,4142848

6171,4217600

6171,4144384

6171,4128768

6171,3886592

6171,4005632

6171,4137472

6171,4029952

6171,3993856

6171,3679744

6171,3580928

6171,3335168

6171,3106560

6171,3075328

6171,3091456

6171,3115264

6171,2950656

6171,2839296

6171,2639104

6171,2774528

6171,2635264

6171,2246912

6171,2360832

6171,2537984

6171,2538240

6171,2504704

6171,2492416

6171,2278656

6171,2028032

6177,1991936

6177,1671424

6177,1790208

6177,1742080

6177,1290240

6177,1315840

6177,1298176

6177,1339392

6177,1433600

6177,1296384

6177,928000

6177,1119488

6177,1028864

6177,962816

6177,732160

6177,701440

6177,648448

6177,622336

6177,746496

6177,415744

6177,618496

6177,329216

6177,614144

6177,338688

6177,448256

6177,117248

6177,-140288

6178,-101120

6178,-184832

6178,-414464

6178,-593152

6178,-503296

6178,-471808

6178,-560128

6178,-722944

6178,-668160

6178,-754688

6178,-787456

6178,-1037824

6178,-1207040

6178,-1136640

6178,-1569024

6178,-1216768

6178,-1047040

6178,-1259008

6178,-1170432

6178,-1228544

6178,-1106688

6178,-1342976

6178,-1393408

6178,-1248000

6178,-1555968

6178,-1572608

6178,-1307648

6178,-1340160

6178,-1415680

6178,-1383936

6178,-1360896

6178,-1383680

6178,-1773568

6178,-1453312

6178,-1453312

6178,-1577984

6178,-1411328

6178,-1684992

6178,-1717248

6178,-1516544

6178,-1629184

6178,-1768960

6178,-1910784

6178,-1584128

6178,-1763584

6178,-1635584

6178,-1598208

6178,-1600256

6178,-1421312

6178,-1478912

6178,-1578496

6178,-1577216

6178,-1617152

6178,-1610240

6178,-1594368

6178,-1479680

6178,-1379584

6178,-1315072

6178,-1259008

6178,-1400832

6178,-1191680

6178,-1376256

6178,-1423872

6178,-1346816

6178,-1466880

6179,-1332736

6179,-1281792

6179,-1037312

6179,-1004032

6179,-1087744

6179,-964096

6179,-963072

6179,-826368

6179,-714496

6179,-610304

6179,-777984

6179,-747520

6179,-526592

6179,-685056

6179,-818176

6179,-862464

6179,-942080

6179,-655872

6179,-777728

6179,-823552

6179,-801792

6179,-539136

6179,-478464

6179,-560896

6179,-664576

6179,-470272

6179,-399104

6179,-496384

6179,-250880

6179,-380416

6179,-519936

6179,-415232

6179,-385536

6179,-448768

6179,-333312

6179,-393216

6185,-495872

6185,-319232

6185,-395776

6185,-412160

6185,-205312

6185,-372480

6185,-383232

6185,-176896

6185,-112896

6185,-88064

6185,-98048

6185,-198400

6185,-450816

6185,-596992

6185,-536064

6185,-264704

6185,-333568

6185,-273920

6185,-273920

6185,-377600

6185,-252928

6185,-598784

6185,-553216

6185,-465408

6185,-623360

6185,-696064

6185,-783104

6186,-713984

6186,-696576

6186,-486144

6186,-681472

6186,-636672

6186,-767488

6186,-642816

6186,-676864

6186,-976384

6186,-1111552

6186,-1377024

6186,-1246976

6186,-969472

6186,-1131008

6186,-1335808

6186,-1510144

6186,-1449472

6186,-1233920

6186,-1487616

6186,-1629184

6186,-1804544

6186,-1741056

6186,-1471744

6186,-1544960

6186,-1712128

6186,-1683200

6186,-1739264

6186,-1726464

6186,-1702912

6186,-1970688

6186,-1978624

6186,-1871872

6186,-2007040

6186,-1903872

6186,-2113792

6186,-2511360

6186,-2199808

6186,-2246656

6186,-2361856

6186,-2653440

6186,-2527744

6186,-2298624

6186,-2385152

6186,-2274048

6186,-2405376

6186,-2544640

6186,-2556416

6186,-2668032

6186,-2611712

6186,-2689536

6186,-2512128

6186,-2641664

6186,-2563072

6186,-2655744

6186,-2450176

6186,-2497024

6186,-2693888

6186,-2989568

6186,-3126016

6186,-3130112

6186,-3136256

6186,-3059456

6186,-3024896

6186,-3056640

6186,-3063296

6187,-2864384

6187,-2788864

6187,-2939136

6187,-3018496

6187,-3043840

6187,-2813952

6187,-2792448

6187,-2479104

6187,-2413568

6187,-2632448

6187,-2682880

6187,-2692352

6187,-2740224

6187,-2617344

6187,-2657024

6187,-2475776

6187,-2561024

6187,-2556672

6187,-2565120

6187,-2465024

6187,-2149376

6187,-2092288

6187,-2052352

6187,-2276864

6187,-2113536

6187,-2223104

6187,-1861120

6187,-1944576

6187,-2118656

6187,-2121216

6187,-1862400

6187,-1648384

6187,-1696512

6187,-1520384

6187,-1523200

6187,-1418752

6193,-1251840

6193,-1127424

6193,-1200128

6193,-1083136

6193,-750592

6193,-872960

6193,-948736

6193,-809984

6193,-896768

6193,-694016

6193,-883712

6193,-822016

6193,-634368

6193,-804352

6193,-588032

6193,-794624

6193,-594176

6193,-679168

6193,-704768

6193,-792576

6193,-642048

6193,-603648

6193,-776192

6193,-1003776

6193,-744448

6193,-1026304

6193,-942336

6194,-836352

6194,-412672

6194,-556800

6194,-891136

6194,-731648

6194,-648192

6194,-763392

6194,-1050112

6194,-1167104

6194,-941824

6194,-1137664

6194,-1186304

6194,-1083392

6194,-1148672

6194,-1422848

6194,-1292032

6194,-1096704

6194,-1310208

6194,-1162240

6194,-1220352

6194,-1060096

6194,-1299200

6194,-1157888

6194,-923136

6194,-1270272

6194,-1446912

6194,-1520128

6194,-1434624

6194,-1564672

6194,-1435904

6194,-1555200

6194,-1757696

6194,-1769472

6194,-1708800

6194,-1832704

6194,-1824512

6194,-1949696

6194,-1991424

6194,-1732352

6194,-2057472

6194,-2327296

6194,-2523904

6194,-2614016

6194,-2554880

6194,-2579456

6194,-2664448

6194,-2610176

6194,-2794240

6194,-3100928

6194,-3192576

6194,-3213312

6194,-3402752

6194,-3275776

6194,-3429632

6194,-3378176

6194,-3555840

6194,-3646208

6194,-3561216

6194,-3439872

6194,-3568640

6194,-3721984

6194,-3848448

6194,-3848192

6194,-3855616

6194,-4063744

6195,-4164608

6195,-4170496

6195,-4430848

6195,-4384256

6195,-4148480

6195,-4069632

6195,-4333568

6195,-4268800

6195,-4231936

6195,-4458752

6195,-4541952

6195,-4481280

6195,-4156416

6195,-4007168

6195,-4169216

6195,-4502272

6195,-4599040

6195,-4650752

6195,-4444160

6195,-4501248

6195,-4629248

6195,-4453376

6195,-4282112

6195,-4446720

6195,-4718848

6195,-4543488

6195,-4507648

6195,-4632832

6195,-4561920

6195,-4503808

6195,-4487936

6195,-4510976

6195,-4577280

6195,-4433664

6195,-4651776

6195,-4698880

6201,-4722944

6201,-4702464

6201,-4694784

6201,-4692736

6201,-4504832

6201,-4603648

6201,-4630272

6201,-4359168

6201,-4580096

6201,-4669952

6201,-4767744

6201,-4666624

6201,-4812032

6201,-4731136

6201,-4693504

6201,-4714240

6201,-4585984

6201,-4514304

6201,-4403968

6201,-4344320

6201,-4410112

6201,-4463104

6201,-4624128

6201,-4532480

6201,-4493312

6201,-4353280

6201,-4366080

6202,-4451328

6202,-4544000

6202,-4695552

6202,-4483584

6202,-4377600

6202,-4516352

6202,-4505088

6202,-4323840

6202,-4157696

6202,-4197120

6202,-4147968

6202,-4285440

6202,-4076032

6202,-3804416

6202,-3922432

6202,-3802368

6202,-3883776

6202,-3935488

6202,-3659776

6202,-3689984

6202,-3818752

6202,-3900672

6202,-3679488

6202,-3634688

6202,-3957504

6202,-3814912

6202,-3981056

6202,-4042496

6202,-3741952

6202,-3665152

6202,-3488512

6202,-3385088

6202,-3394048

6202,-3380736

6202,-3504128

6202,-3286528

6202,-3380224

6202,-3512576

6202,-3416832

6202,-3556864

6202,-3295488

6202,-3347200

6202,-3306496

6202,-3092992

6202,-3244544

6202,-3177216

6202,-3077120

6202,-3036416

6202,-3136256

6202,-3334144

6202,-3441152

6202,-3303936

6202,-3417088

6202,-3330048

6202,-3346944

6202,-3287040

6202,-3296768

6202,-3391744

6202,-3392768

6202,-3287040

6202,-3518976

6202,-3487744

6202,-3496192

6202,-3340288

6202,-3144960

6203,-3325184

6203,-3239680

6203,-3377152

6203,-3559168

6203,-3773440

6203,-3717888

6203,-3479040

6203,-3676928

6203,-3586304

6203,-3652096

6203,-3835648

6203,-3687936

6203,-3892992

6203,-3822080

6203,-3986176

6203,-4205056

6203,-4347136

6203,-4288512

6203,-4454656

6203,-4395520

6203,-4607744

6203,-4670720

6203,-4719104

6203,-4856320

6203,-4947712

6203,-4891648

6203,-4930304

6203,-4851200

6203,-5014272

6203,-4900608

6203,-4657664

6203,-4733184

6203,-4804608

6203,-4706816

6203,-4689408

6203,-4748800

6209,-4682496

6209,-4911616

6209,-4777728

6209,-4704000

6209,-4926208

6209,-5058560

6209,-4980480

6209,-4832768

6209,-4762368

6209,-4805120

6209,-4678400

6209,-4762368

6209,-4820480

6209,-4789504

6209,-4723200

6209,-4799232

6209,-5204480

6209,-5230336

6209,-5212160

6209,-5102336

6209,-4978432

6209,-5013504

6209,-4818944

6209,-4772352

6209,-4941312

6209,-5006336

6209,-4917760

6210,-4968704

6210,-4838656

6210,-5032192

6210,-4755968

6210,-4602880

6210,-4704512

6210,-4738816

6210,-4751104

6210,-4639744

6210,-4590848

6210,-4504064

6210,-4419072

6210,-4391936

6210,-4461312

6210,-4591616

6210,-4464896

6210,-4354304

6210,-4281856

6210,-4100608

6210,-3935744

6210,-4026368

6210,-3978496

6210,-3929600

6210,-3809536

6210,-3664896

6210,-3567360

6210,-3379200

6210,-3549440

6210,-3440896

6210,-3590144

6210,-3513088

6210,-3388416

6210,-3202048

6210,-3144448

6210,-3083776

6210,-3105536

6210,-3073536

6210,-2998528

6210,-3028224

6210,-2974464

6210,-3023104

6210,-2838016

6210,-2526720

6210,-2711552

6210,-2642688

6210,-2553856

6210,-2594304

6210,-2165760

6210,-2112256

6210,-1952768

6210,-1914112

6210,-1790720

6210,-1877504

6210,-1993728

6210,-1691648

6210,-1629184

6210,-1941248

6210,-1888256

6210,-1701888

6210,-1541888

6210,-1515520

6210,-1348608

6210,-1326592

6210,-1423872

6210,-1464832

6211,-1194240

6211,-1305344

6211,-1289984

6211,-1019392

6211,-1069056

6211,-1132800

6211,-1093632

6211,-1113088

6211,-1234176

6211,-1093120

6211,-1137152

6211,-1410048

6211,-1440768

6211,-1283328

6211,-1317632

6211,-1228544

6211,-1128960

6211,-998912

6211,-955648

6211,-1004032

6211,-1049344

6211,-1009408

6211,-1127680

6211,-1446144

6211,-1256448

6211,-1224192

6211,-895488

6211,-888576

6211,-921344

6211,-986880

6211,-1208320

6211,-1220096

6211,-1079808

6211,-1156608

6211,-782080

6211,-869888

6217,-1083648

6217,-1165568

6217,-1251584

6217,-1178624

6217,-1169920

6217,-1247744

6217,-1344256

6217,-1176064

6217,-1067520

6217,-1287936

6217,-1315328

6217,-1667072

6217,-1703680

6217,-1529600

6217,-1515776

6217,-1437440

6217,-1546240

6217,-1834240

6217,-1903360

6217,-2023936

6217,-2028288

6217,-2170624

6217,-2124800

6217,-2001152

6217,-2114048

6217,-2189824

6217,-2319616

6218,-2279424

6218,-2463232

6218,-2248192

6218,-2200832

6218,-2161920

6218,-2253568

6218,-2216704

6218,-2459648

6218,-2803712

6218,-2758144

6218,-2657280

6218,-2508800

6218,-2331392

6218,-2355456

6218,-2585088

6218,-2627072

6218,-2625024

6218,-2744320

6218,-2789632

6218,-2600704

6218,-2454272

6218,-2557696

6218,-2394624

6218,-2686976

6218,-2679808

6218,-2646784

6218,-2961152

6218,-2852096

6218,-2671872

6218,-2677760

6218,-2440192

6218,-2618624

6218,-2674688

6218,-2771712

6218,-2653952

6218,-2832640

6218,-2626560

6218,-2666240

6218,-2635264

6218,-2613504

6218,-2886912

6218,-2689280

6218,-2911232

6218,-2990592

6218,-2578176

6218,-2467840

6218,-2347264

6218,-2533120

6218,-2505728

6218,-2566400

6218,-2586880

6218,-2529280

6218,-2694912

6218,-2710272

6218,-2457088

6218,-2252544

6218,-2402048

6218,-2381824

6218,-2396928

6218,-2190080

6218,-2156288

6218,-2153728

6218,-2002944

6218,-2047744

6218,-1726208

6219,-1809664

6219,-2218496

6219,-2063616

6219,-2066176

6219,-1747712

6219,-1605888

6219,-1390592

6219,-1564416

6219,-1601024

6219,-1477120

6219,-1308416

6219,-1390080

6219,-1351424

6219,-1228032

6219,-990208

6219,-1117184

6219,-1112320

6219,-1139712

6219,-1047552

6219,-771584

6219,-656128

6219,-424704

6219,-566272

6219,-349696

6219,-581120

6219,-867072

6219,-747264

6219,-545280

6219,-452096

6219,-428800

6219,-236544

6219,-327168

6219,-46080

6219,-145408

6219,17152

6219,-256512

6225,-240896

6225,40448

6225,115712

6225,290560

6225,407552

6225,239616

6225,328704

6225,351232

6225,327424

6225,416768

6225,395008

6225,401408

6225,355328

6225,364032

6225,363776

6225,216832

6225,324096

6225,364544

6225,354816

6225,403712

6225,293888

6225,303872

6225,323840

6225,370944

6225,627712

6225,772096

6225,656640

6226,693760

6226,624384

6226,567552

6226,592896

6226,345600

6226,449280

6226,444672

6226,320512

6226,542208

6226,278016

6226,192256

6226,258304

6226,89600

6226,-136704

6226,-352256

6226,-118272

6226,-58112

6226,-155648

6226,-262144

6226,-259072

6226,-354048

6226,-321792

6226,-497920

6226,-500224

6226,-530688

6226,-668160

6226,-681984

6226,-815872

6226,-851968

6226,-778752

6226,-976128

6226,-911872

6226,-805376

6226,-956160

6226,-933120

6226,-648704

6226,-952320

6226,-1005312

6226,-1108480

6226,-869632

6226,-983040

6226,-943872

6226,-1143296

6226,-1223424

6226,-1089792

6226,-1184256

6226,-987648

6226,-1350400

6226,-1155584

6226,-1327616

6226,-1274624

6226,-1367808

6226,-1603328

6226,-1643520

6226,-1326080

6226,-1332992

6226,-1603072

6226,-1685760

6226,-1763584

6226,-1694464

6226,-1584640

6226,-1801728

6226,-1830912

6226,-1747712

6226,-1566976

6227,-1676544

6227,-1775360

6227,-1762048

6227,-1819392

6227,-1458432

6227,-1587456

6227,-1523456

6227,-1415168

6227,-1373440

6227,-1484800

6227,-1479424

6227,-1470464

6227,-1671424

6227,-1502464

6227,-1475840

6227,-1280512

6227,-1221888

6227,-1276672

6227,-1278464

6227,-1326336

6227,-1358336

6227,-1395456

6227,-1412096

6227,-1234944

6227,-1144320

6227,-1060352

6227,-1030912

6227,-1106944

6227,-1073408

6227,-1167104

6227,-782080

6227,-740608

6227,-1047808

6227,-783616

6227,-789248

6227,-973056

6233,-725504

6233,-723968

6233,-577792

6233,-242944

6233,-271616

6233,-307456

6233,-127744

6233,115968

6233,-34560

6233,-172800

6233,-48128

6233,-27904

6233,-60672

6233,104192

6233,46336

6233,436480

6233,691456

6233,741888

6233,957184

6233,913920

6233,1093376

6233,1045504

6233,1032704

6233,1037056

6233,1226752

6233,1529344

6233,1623808

6234,1554688

6234,1636096

6234,1648896

6234,1671168

6234,1581824

6234,1737472

6234,1891584

6234,1906688

6234,2066688

6234,2026240

6234,2094336

6234,2248704

6234,2054656

6234,2094080

6234,2071808

6234,2262784

6234,2406912

6234,2507776

6234,2400000

6234,2240512

6234,2187520

6234,2229248

6234,2037504

6234,2037760

6234,2344704

6234,2298368

6234,2129408

6234,2038016

6234,2026240

6234,2165760

6234,2115328

6234,2288896

6234,2167296

6234,2234112

6234,2365440

6234,2304512

6234,2365952

6234,2266880

6234,2296320

6234,2269440

6234,2343424

6234,2493184

6234,2559232

6234,2436352

6234,2391552

6234,2058240

6234,2206208

6234,1901056

6234,2101248

6234,1744896

6234,1842432

6234,1820672

6234,1811712

6234,1758720

6234,1632000

6234,1660160

6234,1489152

6234,1409024

6234,1559040

6234,1465856

6234,1295104

6234,1228544

6234,1352192

6234,1302272

6234,977920

6234,1187840

6235,1136384

6235,1090304

6235,938496

6235,933888

6235,835584

6235,905216

6235,1005568

6235,1293312

6235,1217536

6235,1250560

6235,1277184

6235,1175552

6235,1200128

6235,1321728

6235,1267712

6235,1039872

6235,1066752

6235,1084928

6235,794880

6235,1068544

6235,1001728

6235,940544

6235,784384

6235,964096

6235,963840

6235,909824

6235,874496

6235,828672

6235,1210880

6235,1332736

6235,1105408

6235,1294080

6235,937984

6235,1181696

6235,1115392

6241,1126912

6241,1188096

6241,1153024

6241,1353472

6241,1168384

6241,1298688

6241,1394688

6241,1696256

6241,1713664

6241,1578496

6241,1639680

6241,1897216

6241,1701888

6241,1890304

6241,1799168

6241,2035456

6241,2404096

6241,2308864

6241,2356224

6241,2393856

6241,2419712

6241,2521088

6241,2503680

6241,2365952

6241,2640384

6241,2670336

6241,2746368

6242,2959360

6242,2991616

6242,2905344

6242,2845696

6242,3130880

6242,3069184

6242,3108608

6242,3077120

6242,3059456

6242,3202048

6242,3147264

6242,2970112

6242,3174144

6242,3303680

6242,3442944

6242,3449344

6242,3589376

6242,3412480

6242,3399680

6242,3648768

6242,3754496

6242,3558400

6242,3954944

6242,4112896

6242,3923456

6242,4079104

6242,4267264

6242,4216576

6242,4311296

6242,4388096

6242,4768768

6242,4752640

6242,5022720

6242,4934912

6242,4686336

6242,4881920

6242,5032192

6242,5157120

6242,4841984

6242,5062912

6242,5276416

6242,4993280

6242,4740608

6242,4909312

6242,5008128

6242,5003008

6242,5188096

6242,5116672

6242,5286144

6242,5152256

6242,5215232

6242,5266944

6242,5134592

6242,5038080

6242,5018368

6242,4900096

6242,4958464

6242,4922112

6242,4821248

6242,4844544

6242,4624384

6242,4347136

6242,4205056

6242,4453120

6242,4668928

6243,4571904

6243,4429312

6243,4432896

6243,4597760

6243,4654848

6243,4563456

6243,4409344

6243,4421120

6243,4443648

6243,4436992

6243,4274944

6243,4305152

6243,4172032

6243,4127488

6243,4129024

6243,3921152

6243,3955456

6243,3598592

6243,3756288

6243,3660544

6243,3465728

6243,3276032

6243,3348736

6243,3254528

6243,3152896

6243,3198976

6243,3152640

6243,3002624

6243,3162112

6243,2972672

6243,2899712

6243,2886400

6243,2760704

6243,2519808

6243,2229248

6243,1966848

6249,2327808

6249,2295040

6249,2018048

6249,2028800

6249,2010880

6249,1927680

6249,2007040

6249,1896448

6249,2011392

6249,1889536

6249,1786624

6249,2075136

6249,2227712

6249,1939712

6249,1832448

6249,1943296

6249,1766400

6249,1872384

6249,1892352

6249,1782784

6249,2007552

6249,1871616

6249,1570048

6249,1516544

6249,1564416

6249,1462272

6249,1606656

6250,1766400

6250,1705984

6250,1727488

6250,1774848

6250,1682176

6250,1738496

6250,1688320

6250,1980672

6250,1992448

6250,1900288

6250,1902080

6250,2051072

6250,2055168

6250,1974016

6250,1983744

6250,1824768

6250,1922816

6250,2196480

6250,2263040

6250,2183424

6250,2080768

6250,2227200

6250,2292992

6250,2294016

6250,2576640

6250,2603520

6250,2724352

6250,2734592

6250,2701568

6250,2952960

6250,2818816

6250,2742016

6250,2654720

6250,3097344

6250,3075584

6250,2761984

6250,2930688

6250,3004928

6250,2964992

6250,3125760

6250,3083264

6250,3247872

6250,3393280

6250,3361792

6250,3413504

6250,3290880

6250,3267584

6250,3412480

6250,3321088

6250,3545600

6250,3570432

6250,3598592

6250,3638528

6250,3800832

6250,3673856

6250,3719936

6250,3670016

6250,3590400

6250,3940352

6250,3980032

6250,4047872

6250,3861248

6250,4112896

6250,4151808

6250,4375808

6251,4487936

6251,4462592

6251,4737792

6251,4734464

6251,5026816

6251,4964352

6251,4971776

6251,4739840

6251,4950272

6251,4888576

6251,5030144

6251,4908800

6251,5198336

6251,5368832

6251,5232384

6251,5262080

6251,5208064

6251,5406464

6251,5169920

6251,5075456

6251,5127168

6251,5115904

6251,5212672

6251,5534464

6251,5440768

6251,5505792

6251,5477120

6251,5107456

6251,5015808

6251,5260544

6251,5349632

6251,5301504

6251,5326336

6251,5383680

6251,5273600

6251,5086976

6257,5232896

6257,5263616

6257,5022720

6257,4870912

6257,4994304

6257,4931072

6257,4715008

6257,4898048

6257,4573184

6257,4818176

6257,4779520

6257,4548864

6257,4530432

6257,4276480

6257,4506624

6257,4338176

6257,4225280

6257,4190720

6257,4047360

6257,3903232

6257,3885568

6257,3777792

6257,3577600

6257,3713024

6257,3756288

6257,3530752

6257,3398912

6258,3467520

6258,3220736

6258,3239424

6258,3175168

6258,3011328

6258,2946048

6258,3167232

6258,3064576

6258,2790656

6258,2788608

6258,2684416

6258,2643712

6258,2544128

6258,2406144

6258,2204416

6258,2067712

6258,2183680

6258,2182144

6258,2263040

6258,2164224

6258,2198784

6258,2148608

6258,2141952

6258,2118912

6258,1820672

6258,1909248

6258,1812992

6258,2013184

6258,1800960

6258,1711104

6258,1824512

6258,1967872

6258,2020096

6258,1908992

6258,1994240

6258,1874432

6258,1961216

6258,1811200

6258,1665280

6258,1730560

6258,1889536

6258,1868544

6258,1833216

6258,1688576

6258,1682944

6258,1682432

6258,1655296

6258,1816576

6258,1557760

6258,1795840

6258,1772288

6258,1914880

6258,1820416

6258,1903872

6258,1701888

6258,1842432

6258,2055936

6258,2281728

6258,2150656

6258,2168064

6258,2576384

6258,2502400

6258,2365952

6258,2385152

6258,2602496

6259,2756608

6259,2799616

6259,2828288

6259,2706432

6259,2748672

6259,2940160

6259,2898944

6259,2859008

6259,2897664

6259,3078912

6259,3075328

6259,3395840

6259,3475456

6259,3340288

6259,3353600

6259,3219456

6259,3376384

6259,3555840

6259,3491584

6259,3715328

6259,3693824

6259,3737600

6259,3749120

6259,3420928

6259,3572736

6259,3808768

6259,3744000

6259,3848704

6259,3748096

6259,3797760

6259,4029952

6259,3852032

6259,4185856

6259,4267520

6259,4367360

6259,4544000

6265,4583424

6265,4921856

6265,4775168

6265,4759040

6265,5118208

6265,5309696

6265,5233152

6265,5319168

6265,5324544

6265,5201920

6265,5003520

6265,5009408

6265,5061888

6265,5125376

6265,5042944

6265,5031424

6265,5267712

6265,5324544

6265,5336064

6265,5135360

6265,5286144

6265,4943616

6265,5308160

6265,5126656

6265,5190144

6265,4991232

6265,4878080

6266,5085184

6266,4911872

6266,5109760

6266,4939008

6266,5001984

6266,4807936

6266,4899328

6266,4754944

6266,4679168

6266,4573952

6266,4553984

6266,4862720

6266,4880896

6266,4983552

6266,4897536

6266,4536832

6266,4483840

6266,4588544

6266,4659200

6266,4724992

6266,4533760

6266,4574208

6266,4476160

6266,4162560

6266,4135168

6266,3832832

6266,3756288

6266,3434240

6266,3405312

6266,3301376

6266,3336960

6266,3125760

6266,2899712

6266,2821632

6266,2708224

6266,2543872

6266,2392064

6266,2586368

6266,2508288

6266,2569984

6266,2469888

6266,2552832

6266,2267136

6266,2029824

6266,2027520

6266,1946368

6266,1818112

6266,1703424

6266,1782272

6266,1559808

6266,1768192

6266,1454080

6266,1648384

6266,1591552

6266,1608192

6266,1732096

6266,1665280

6266,1313536

6266,1039104

6266,1322496

6266,1313280

6266,1371904

6266,1236736

6266,1093376

6266,924416

6267,996096

6267,840192

6267,677120

6267,599808

6267,584704

6267,434688

6267,636416

6267,512512

6267,562176

6267,668928

6267,557312

6267,530944

6267,469248

6267,575488

6267,462592

6267,628480

6267,768512

6267,519680

6267,586752

6267,568064

6267,515584

6267,657408

6267,926464

6267,839168

6267,827136

6267,702464

6267,880384

6267,787968

6267,753408

6267,1170944

6267,1060352

6267,1201152

6267,1487360

6267,1325568

6267,1491200

6267,1595648

6273,1679872

6273,1724416

6273,1659392

6273,1863168

6273,1843968

6273,1832448

6273,1899520

6273,2119168

6273,1850624

6273,1774080

6273,1840896

6273,1856768

6273,1899264

6273,2104320

6273,1999104

6273,1984000

6273,2047488

6273,2234368

6273,2343168

6273,2292224

6273,2413312

6273,2606080

6273,2644992

6273,2383616

6273,2580480

6273,2575872

6273,2856448

6274,2757376

6274,2769408

6274,2921216

6274,2735360

6274,2994688

6274,3164416

6274,3309824

6274,3367168

6274,3469824

6274,3804928

6274,4001024

6274,4124160

6274,4046336

6274,4092672

6274,4132096

6274,4000000

6274,4203520

6274,4282624

6274,4068096

6274,4177664

6274,4187136

6274,4238080

6274,3948032

6274,3839232

6274,3895808

6274,4235008

6274,4112640

6274,4339200

6274,4080896

6274,3902720

6274,3994880

6274,3867392

6274,4251904

6274,4333824

6274,4526848

6274,4339456

6274,4206848

6274,3988992

6274,4219904

6274,4071680

6274,4089856

6274,4069120

6274,3904000

6274,4102144

6274,4122624

6274,3903488

6274,3802624

6274,3716608

6274,3923200

6274,3942912

6274,3927040

6274,3836672

6274,3874560

6274,3718400

6274,3566848

6274,3530752

6274,3708416

6274,3656704

6274,3505920

6274,3502848

6274,3211520

6274,3255040

6274,2888704

6274,2772480

6274,2857984

6275,2835712

6275,2666752

6275,2738688

6275,2516992

6275,2343424

6275,2038784

6275,2011392

6275,1904128

6275,2047232

6275,2001664

6275,1855488

6275,1788928

6275,1635328

6275,1574656

6275,1503232

6275,1372160

6275,1383168

6275,1510400

6275,1441280

6275,1347584

6275,1510912

6275,1286656

6275,1065472

6275,1217792

6275,1307648

6275,1394688

6275,1331456

6275,1403904

6275,1433600

6275,1347584

6275,1106688

6275,1133824

6275,1208576

6275,1193728

6275,1167360

6275,1246720

6281,1126400

6281,1196800

6281,1113600

6281,1256192

6281,1177600

6281,1377024

6281,1218816

6281,1400576

6281,1246720

6281,1211392

6281,1382400

6281,1342464

6281,1704192

6281,1636096

6281,1687808

6281,1883904

6281,1763328

6281,2032896

6281,2048256

6281,2200064

6281,2415360

6281,2643968

6281,2555648

6281,2692352

6281,2696704

6281,2973440

6281,3089152

6282,3227648

6282,3360512

6282,3573504

6282,3691520

6282,3758592

6282,3969536

6282,3791104

6282,3945472

6282,4022272

6282,4068608

6282,4389120

6282,4173312

6282,4336128

6282,4468992

6282,4508928

6282,4527616

6282,4520704

6282,4547840

6282,4495360

6282,4659200

6282,4594432

6282,4836096

6282,4702720

6282,4849920

6282,5005568

6282,5024512

6282,4895232

6282,5218048

6282,5093376

6282,5374208

6282,5510656

6282,5306880

6282,5709312

6282,5817088

6282,5839104

6282,5967872

6282,6060544

6282,6218240

6282,6284288

6282,6477824

6282,6840320

6282,6771456

6282,6777344

6282,7009536

6282,7255296

6282,7299328

6282,7211264

6282,7450112

6282,7452928

6282,7453952

6282,7567360

6282,7686400

6282,7835136

6282,7608320

6282,7796736

6282,7428864

6282,7685376

6282,7671040

6282,7828480

6282,7897856

6282,7818752

6282,7942912

6282,7955200

6282,8055552

6282,7734272

6283,7708160

6283,7843072

6283,7951872

6283,8025088

6283,7992832

6283,7833088

6283,7728384

6283,7785472

6283,7636736

6283,7415808

6283,7394304

6283,7488256

6283,7396864

6283,7351552

6283,7363584

6283,7134208

6283,7014400

6283,7103744

6283,7128832

6283,6768896

6283,6902528

6283,7018240

6283,6849792

6283,6790400

6283,6478848

6283,6155264

6283,6163712

6283,6349568

6283,6102016

6283,6103296

6283,6116352

6283,5659136

6283,5718016

6283,5471488

6283,5447680

6283,5636096

6289,5240832

6289,5010176

6289,5028608

6289,5096960

6289,4789248

6289,4613632

6289,4534272

6289,4592640

6289,4445952

6289,4336896

6289,4254464

6289,3985408

6289,3905024

6289,3633664

6289,3634176

6289,3644160

6289,3725056

6289,3510784

6289,3294464

6289,3190784

6289,3463936

6289,3645952

6289,3443456

6289,3290624

6289,2942720

6289,2862080

6289,3250688

6290,2998272

6290,3111168

6290,3206912

6290,3284224

6290,3263232

6290,3108608

6290,3001856

6290,2849536

6290,2934016

6290,2762752

6290,2632960

6290,2417920

6290,2448640

6290,2681088

6290,2391808

6290,2385152

6290,2690304

6290,2596352

6290,2653952

6290,2537216

6290,2324736

6290,2582528

6290,2489088

6290,2331904

6290,2244352

6290,2176768

6290,2161152

6290,2219520

6290,2213632

6290,2380032

6290,2343424

6290,2385408

6290,2484224

6290,2458624

6290,2448128

6290,2413824

6290,2433024

6290,2461952

6290,2735616

6290,2468864

6290,2771712

6290,2776064

6290,2644992

6290,2683904

6290,2665984

6290,2887680

6290,2908160

6290,2931200

6290,3136000

6290,3149056

6290,3199232

6290,3196928

6290,3329280

6290,3295744

6290,3287808

6290,3388416

6290,3368704

6290,3452160

6290,3528960

6290,3686912

6290,3558144

6290,3756032

6290,3671040

6290,3891456

6290,3748096

6291,3805440

6291,3739648

6291,3609088

6291,3770112

6291,3830528

6291,4050944

6291,4034304

6291,3799040

6291,3782144

6291,3692288

6291,3897344

6291,3808768

6291,3920384

6291,3963392

6291,4109824

6291,3894784

6291,4039936

6291,4225024

6291,4146688

6291,4054528

6291,3831296

6291,3832576

6291,4138752

6291,4171264

6291,4057600

6291,4136960

6291,3873536

6291,3878912

6291,4000768

6291,3771904

6291,3926784

6291,3948544

6291,3917312

6291,3883520

6291,3970816

6291,3881984

6297,3907584

6297,3585280

6297,3506432

6297,3647232

6297,3623168

6297,3698432

6297,3602688

6297,3478784

6297,3476992

6297,3450112

6297,3559680

6297,3543552

6297,3698176

6297,3603200

6297,3382784

6297,3284736

6297,3128576

6297,3160576

6297,3139840

6297,3154688

6297,2937088

6297,2847232

6297,2860800

6297,2832896

6297,2781696

6297,2642176

6297,2390528

6298,2532608

6298,2262272

6298,2326016

6298,2176512

6298,2183936

6298,2305792

6298,1998848

6298,2080768

6298,1971200

6298,2013952

6298,2019840

6298,1921024

6298,1860864

6298,1351424

6298,1431296

6298,1528064

6298,1462528

6298,1346048

6298,1187584

6298,1282304

6298,1109760

6298,1285120

6298,1084928

6298,888064

6298,776704

6298,803584

6298,865280

6298,695296

6298,775936

6298,878848

6298,647680

6298,422656

6298,141312

6298,228864

6298,536832

6298,659968

6298,622080

6298,609792

6298,668416

6298,751360

6298,573440

6298,593408

6298,534784

6298,444416

6298,819968

6298,939776

6298,733696

6298,792832

6298,632320

6298,519424

6298,529920

6298,862464

6298,946432

6298,979968

6298,1296640

6298,1232384

6298,1175296

6298,1040896

6298,945408

6298,1021696

6298,1076992

6298,991744

6298,1074944

6298,1566464

6298,1563648

6299,1861120

6299,1698816

6299,1839360

6299,2029568

6299,2020608

6299,2197760

6299,2176256

6299,2470400

6299,2516224

6299,2482432

6299,2693888

6299,2810368

6299,2783744

6299,3013120

6299,3112960

6299,3234560

6299,3084032

6299,3152128

6299,3268608

6299,2976000

6299,3231744

6299,3325696

6299,3483904

6299,3731712

6299,3661568

6299,3740672

6299,3616768

6299,3628032

6299,3820544

6299,3865856

6299,3954432

6299,3930880

6299,3740928

6299,3830016

6299,3830016

6299,3955456

6305,4091904

6305,4322560

6305,4241408

6305,4376576

6305,4217856

6305,4332800

6305,4313600

6305,4629760

6305,4376320

6305,4414208

6305,4568320

6305,4827904

6305,5072640

6305,5020928

6305,4937728

6305,5054464

6305,5072640

6305,5200128

6305,5174016

6305,5088000

6305,5120512

6305,5121280

6305,5320960

6305,5285632

6305,5396480

6305,5288448

6305,5299712

6306,5391104

6306,5355008

6306,5316864

6306,5300224

6306,5456128

6306,5322752

6306,5405440

6306,5288448

6306,5333760

6306,5121024

6306,4997120

6306,4894976

6306,5004288

6306,5047296

6306,4990720

6306,5003008

6306,4791808

6306,4879360

6306,4600832

6306,4542720

6306,4783360

6306,4707328

6306,4677120

6306,4661248

6306,4600064

6306,4673792

6306,4401920

6306,4412928

6306,4183552

6306,4381184

6306,4204800

6306,4322560

6306,4077568

6306,4051200

6306,4073984

6306,3817728

6306,3814400

6306,3868160

6306,3868928

6306,3766016

6306,3267072

6306,3475968

6306,3385344

6306,3101184

6306,2956032

6306,2769920

6306,2698752

6306,2577664

6306,2742784

6306,2511360

6306,2420992

6306,2244864

6306,2268672

6306,1987584

6306,2000640

6306,1998848

6306,1856256

6306,1787136

6306,1671168

6306,1521152

6306,1505536

6306,1233664

6306,1286400

6306,1372928

6306,1193728

6307,1263872

6307,1341440

6307,1302016

6307,1027584

6307,1124352

6307,1104384

6307,1165312

6307,1059840

6307,1032192

6307,869120

6307,734464

6307,986368

6307,774912

6307,726784

6307,607232

6307,642816

6307,535040

6307,457216

6307,463616

6307,383744

6307,410880

6307,387328

6307,354048

6307,265216

6307,448000

6307,606720

6307,740352

6307,350208

6307,185856

6307,114176

6307,244992

6307,503552

6307,382208

6307,408320

6307,242944

6307,92928

6313,330240

6313,309504

6313,451072

6313,645120

6313,674048

6313,677888

6313,907264

6313,793344

6313,775936

6313,846080

6313,896768

6313,1219840

6313,1365504

6313,1186816

6313,1538816

6313,1214464

6313,1353472

6313,1211136

6313,1340160

6313,1241856

6313,1292288

6313,1188864

6313,1481984

6313,1335040

6313,1416448

6313,1721344

6313,1339392

6314,1309184

6314,1429248

6314,1457408

6314,1524224

6314,1550080

6314,1352192

6314,1532160

6314,1595392

6314,1776384

6314,1819648

6314,1922048

6314,2019840

6314,1718272

6314,1740288

6314,1793536

6314,1884928

6314,1962752

6314,2043648

6314,2113792

6314,2072832

6314,1646080

6314,1959936

6314,1901312

6314,1883904

6314,1772800

6314,1886976

6314,2085888

6314,2063872

6314,1961472

6314,2087168

6314,1915904

6314,1666560

6314,1806080

6314,1898240

6314,1780480

6314,1708800

6314,1566464

6314,1396736

6314,1368320

6314,1640960

6314,1462016

6314,1441280

6314,1494016

6314,1495808

6314,1165824

6314,1196032

6314,1275136

6314,1156352

6314,1058304

6314,1112832

6314,862976

6314,1117952

6314,913664

6314,529152

6314,621824

6314,505344

6314,265728

6314,310272

6314,212736

6314,171264

6314,-81152

6314,-140288

6314,-5376

6314,-272896

6314,-476672

6315,-487680

6315,-82176

6315,-394496

6315,-517376

6315,-410624

6315,-143104

6315,-468736

6315,-683776

6315,-976896

6315,-931584

6315,-826880

6315,-834048

6315,-1031168

6315,-1137408

6315,-1576704

6315,-1524224

6315,-1649408

6315,-1613824

6315,-1654528

6315,-1634304

6315,-1684480

6315,-1952256

6315,-1933056

6315,-1841920

6315,-2054144

6315,-2119168

6315,-1984512

6315,-2148096

6315,-2148096

6315,-2262528

6315,-2279424

6315,-2535936

6315,-2802176

6315,-2551552

6315,-2591744

6315,-2725888

6321,-2599168

6321,-2660096

6321,-2781440

6321,-3115008

6321,-3009280

6321,-2824704

6321,-2804224

6321,-2554368

6321,-2675968

6321,-2600192

6321,-2721280

6321,-2787072

6321,-2674944

6321,-2788096

6321,-2741504

6321,-2666752

6321,-2599936

6321,-2838528

6321,-2726912

6321,-2730240

6321,-2742016

6321,-2725888

6321,-2831872

6321,-2739456

6321,-2354432

6321,-2170624

6321,-2242560

6322,-2196736

6322,-2085120

6322,-2204672

6322,-2153472

6322,-2065920

6322,-1891072

6322,-1881088

6322,-1668096

6322,-1781760

6322,-1563904

6322,-1576448

6322,-1619712

6322,-1368320

6322,-1340416

6322,-1209856

6322,-923136

6322,-906496

6322,-720128

6322,-674560

6322,-777216

6322,-467200

6322,-235264

6322,90368

6322,111616

6322,-67328

6322,117504

6322,150784

6322,292352

6322,170752

6322,314880

6322,548096

6322,320000

6322,444416

6322,713216

6322,842240

6322,997120

6322,1017856

6322,995584

6322,1008128

6322,1305600

6322,1392128

6322,1362432

6322,1397504

6322,1912832

6322,2072576

6322,2109184

6322,2371584

6322,2235648

6322,2029312

6322,2298112

6322,2254080

6322,2461696

6322,2735616

6322,2832640

6322,2962944

6322,2954752

6322,2970112

6322,2913024

6322,3138816

6322,3074560

6322,3124736

6322,3465472

6322,3626752

6322,3616512

6322,3766272

6322,3481344

6323,3525888

6323,3743744

6323,3735552

6323,3662336

6323,3990016

6323,4180736

6323,3934720

6323,4108800

6323,3913984

6323,4085504

6323,4275968

6323,4531712

6323,4540928

6323,4565760

6323,4500992

6323,4375552

6323,4377856

6323,4534272

6323,4429824

6323,4413184

6323,4648704

6323,4356608

6323,4256000

6323,4352768

6323,4214016

6323,4186112

6323,4214528

6323,4007680

6323,4230656

6323,4280320

6323,4303360

6323,3886080

6323,3795456

6323,3763968

6323,3621632

6329,3708672

6329,3788800

6329,3663872

6329,3457280

6329,3386112

6329,3145216

6329,3095808

6329,3158784

6329,2931712

6329,3144704

6329,3056640

6329,3013888

6329,2867200

6329,2535680

6329,2353920

6329,2215424

6329,2264064

6329,2201600

6329,2376960

6329,2518528

6329,2073088

6329,2143232

6329,1979136

6329,1942016

6329,2036992

6329,2029568

6329,2012672

6330,1952256

6330,1763072

6330,1560832

6330,1556992

6330,1489920

6330,1482752

6330,1380608

6330,1363712

6330,1571072

6330,1456128

6330,1136128

6330,1266944

6330,1204992

6330,1317120

6330,1469184

6330,1282816

6330,1306624

6330,1339904

6330,1376256

6330,1315328

6330,1160192

6330,1176832

6330,1190656

6330,1324800

6330,1284864

6330,1383424

6330,1269504

6330,1026816

6330,956928

6330,1183232

6330,1192960

6330,1379584

6330,1379840

6330,1544192

6330,1692160

6330,1572864

6330,1542656

6330,1499904

6330,1620736

6330,1778176

6330,2024192

6330,2183680

6330,2071296

6330,2290176

6330,2050304

6330,2184448

6330,2451200

6330,2437120

6330,2465024

6330,2696960

6330,2805248

6330,2969600

6330,2706944

6330,2857728

6330,3017216

6330,2838528

6330,3003136

6330,3116544

6330,3065088

6330,2924544

6330,2898688

6330,2985216

6330,3003904

6330,3354368

6330,3684608

6331,3607040

6331,3533056

6331,3314688

6331,3405312

6331,3520256

6331,3264768

6331,3141888

6331,3559936

6331,3622656

6331,3814656

6331,3891712

6331,4091904

6331,4111104

6331,3803136

6331,3896064

6331,3934720

6331,4292096

6331,4300288

6331,4002816

6331,4201728

6331,4134912

6331,3901184

6331,4144128

6331,3924736

6331,4175104

6331,4266752

6331,4366080

6331,4246016

6331,4055296

6331,4070656

6331,4230912

6331,4160512

6331,4041472

6331,3938048

6331,4056576

6331,4077824

6337,4144384

6337,3874048

6337,4101888

6337,3956736

6337,4075008

6337,4061696

6337,4006400

6337,3728896

6337,3664128

6337,3553024

6337,3622144

6337,3346432

6337,3280896

6337,3333376

6337,3219200

6337,3335424

6337,3272704

6337,3041024

6337,2923008

6337,2754560

6337,2987520

6337,2856192

6337,2746112

6337,2413312

6337,2460160

6337,2356224

6337,1775616

6338,2031616

6338,1906688

6338,1982208

6338,1900288

6338,1724672

6338,1649152

6338,1339648

6338,1305344

6338,1178112

6338,1104896

6338,1203456

6338,1032448

6338,935424

6338,648192

6338,998656

6338,734720

6338,343296

6338,326400

6338,316672

6338,523264

6338,197120

6338,54784

6338,-51712

6338,-241664

6338,-257536

6338,-392448

6338,-313600

6338,-510720

6338,-532480

6338,-542720

6338,-697856

6338,-922624

6338,-1142784

6338,-1238784

6338,-1208832

6338,-1352960

6338,-1156096

6338,-1332992

6338,-1302016

6338,-1477888

6338,-1411584

6338,-1433856

6338,-1646080

6338,-1630208

6338,-1816064

6338,-1895168

6338,-1907968

6338,-1866240

6338,-1964032

6338,-2033152

6338,-2063872

6338,-2144000

6338,-2181120

6338,-2008832

6338,-2138368

6338,-2075136

6338,-2103552

6338,-2281216

6338,-2492160

6338,-2301184

6338,-2351872

6338,-2382080

6338,-2251776

6338,-2305536

6338,-2578944

6339,-2454016

6339,-2123008

6339,-2441472

6339,-2505984

6339,-2532608

6339,-2502144

6339,-2425856

6339,-2363648

6339,-2243072

6339,-2155776

6339,-2071040

6339,-1883904

6339,-1952512

6339,-1729792

6339,-1763584

6339,-1626368

6339,-1756160

6339,-1592576

6339,-1279488

6339,-1048832

6339,-1038080

6339,-1025280

6339,-878592

6339,-970752

6339,-895232

6339,-804608

6339,-605952

6339,-543488

6339,-455936

6339,-390656

6339,-523008

6339,-389376

6339,-354560

6339,-312320

6339,-176128

6339,-305152

6345,-180992

6345,-161792

6345,-141824

6345,-122624

6345,-120064

6345,165376

6345,140288

6345,186112

6345,188416

6345,389376

6345,400896

6345,622336

6345,499200

6345,621312

6345,814848

6345,825856

6345,882688

6345,875008

6345,832256

6345,919040

6345,812288

6345,1089024

6345,1042688

6345,1155840

6345,1129216

6345,1100032

6345,1019904

6346,1048064

6346,1049600

6346,1010432

6346,1094912

6346,1227520

6346,1172736

6346,1165056

6346,965632

6346,1296896

6346,1238016

6346,1091072

6346,1449984

6346,1172224

6346,1205760

6346,1453312

6346,1496576

6346,1265408

6346,1385984

6346,1466112

6346,1392128

6346,1413120

6346,1650432

6346,1536256

6346,1565696

6346,1381888

6346,1460992

6346,1423104

6346,1372928

6346,1521152

6346,1579264

6346,1445888

6346,1249024

6346,1378048

6346,1042176

6346,1203456

6346,983040

6346,918784

6346,1044736

6346,1165568

6346,1210112

6346,894976

6346,789760

6346,734464

6346,793088

6346,793600

6346,700160

6346,977408

6346,929792

6346,774144

6346,502272

6346,179968

6346,168448

6346,258048

6346,347904

6346,-50176

6346,48896

6346,139264

6346,-142336

6346,-116480

6346,-65536

6346,-392192

6346,-208896

6346,-245248

6346,-195328

6346,-195328

6346,-293376

6347,-545024

6347,-591360

6347,-438528

6347,-501504

6347,-492800

6347,-497920

6347,-612608

6347,-600320

6347,-583680

6347,-516096

6347,-602112

6347,-658944

6347,-907776

6347,-910080

6347,-577536

6347,-608512

6347,-887808

6347,-701952

6347,-604416

6347,-581632

6347,-817664

6347,-508416

6347,-444160

6347,-300288

6347,-224256

6347,-457472

6347,-539904

6347,-404736

6347,-261632

6347,-281088

6347,-484352

6347,-227840

6347,-35840

6347,-120832

6347,-112896

6353,-146944

6353,162048

6353,44032

6353,232192

6353,455680

6353,600320

6353,849920

6353,826368

6353,910592

6353,911872

6353,934656

6353,936704

6353,1184768

6353,1366784

6353,1502720

6353,1623808

6353,1476608

6353,1741312

6353,1852672

6353,2152704

6353,2258688

6353,2370048

6353,2365952

6353,2555392

6353,2604800

6353,2771968

6353,3037440

6354,3028992

6354,3289600

6354,3109376

6354,3111680

6354,3032576

6354,3137024

6354,3179008

6354,3244032

6354,3581952

6354,3538688

6354,3650304

6354,3900160

6354,3777024

6354,3735296

6354,3800576

6354,3762176

6354,3973632

6354,3940352

6354,4170752

6354,4203264

6354,4077056

6354,4268032

6354,4117760

6354,4357632

6354,4318720

6354,4389376

6354,4596480

6354,4399104

6354,4548608

6354,4605184

6354,4623872

6354,4595200

6354,4585472

6354,4546304

6354,4603392

6354,4567808

6354,4529408

6354,4431616

6354,4530688

6354,4471296

6354,4358400

6354,4322816

6354,4221952

6354,4382464

6354,4387584

6354,4384000

6354,4159744

6354,4176896

6354,4174592

6354,4367104

6354,4371968

6354,4269312

6354,4318208

6354,4344320

6354,4180736

6354,4155904

6354,4077312

6354,4287488

6354,3907840

6354,3722240

6354,3662848

6354,3892992

6354,3878656

6354,3764480

6354,3572480

6355,3607552

6355,3450112

6355,3173632

6355,3232256

6355,2992128

6355,2973952

6355,2855168

6355,2510592

6355,2469120

6355,2637056

6355,2367744

6355,2222592

6355,2195712

6355,1954560

6355,1778688

6355,1857536

6355,1841152

6355,1775616

6355,1582080

6355,1529344

6355,1429504

6355,1363200

6355,1486592

6355,1370624

6355,852992

6355,1019392

6355,1085696

6355,1103360

6355,967424

6355,743936

6355,546560

6355,466432

6355,487168

6355,410368

6355,197632

6355,115712

6361,113664

6361,166656

6361,4608

6361,-76544

6361,-299264

6361,-56064

6361,-407808

6361,-366080

6361,-756736

6361,-733440

6361,-696064

6361,-853760

6361,-942080

6361,-760064

6361,-786944

6361,-578048

6361,-357120

6361,-765440

6361,-904192

6361,-1082368

6361,-849920

6361,-757760

6361,-716544

6361,-553984

6361,-593152

6361,-1147904

6361,-1098496

6362,-1025792

6362,-868608

6362,-978688

6362,-601344

6362,-803328

6362,-961280

6362,-1035008

6362,-979968

6362,-847872

6362,-1219584

6362,-924416

6362,-761856

6362,-686080

6362,-629760

6362,-602624

6362,-598016

6362,-564992

6362,-543488

6362,-500480

6362,-596736

6362,-163584

6362,-207616

6362,-195328

6362,-407808

6362,-417792

6362,-139776

6362,-468736

6362,-178176

6362,-4864

6362,56832

6362,47360

6362,62976

6362,76288

6362,265984

6362,398080

6362,291584

6362,505856

6362,418816

6362,560384

6362,697344

6362,751360

6362,930560

6362,1004288

6362,909312

6362,1021184

6362,1023744

6362,1087488

6362,1185280

6362,1169408

6362,1395456

6362,1298944

6362,1170688

6362,1626112

6362,1423616

6362,1304320

6362,1546496

6362,1536512

6362,1750272

6362,1669632

6362,1993728

6362,1994752

6362,2037760

6362,1918208

6362,1789184

6362,1747712

6362,1723136

6363,1864448

6363,2033920

6363,2046464

6363,1899520

6363,2224384

6363,1915392

6363,2007552

6363,1950208

6363,1943808

6363,2043904

6363,2324992

6363,2045440

6363,2103808

6363,2018304

6363,2307072

6363,2549760

6363,2388480

6363,2696704

6363,2580992

6363,2586368

6363,2239744

6363,2251008

6363,2446592

6363,2131712

6363,1916928

6363,2146560

6363,2248704

6363,2109440

6363,2064384

6363,2173952

6363,2158848

6363,2127360

6363,2138368

6363,2171904

6363,2119168

6369,2022144

6369,1847296

6369,1848064

6369,1631488

6369,1620992

6369,1415424

6369,1306368

6369,1325568

6369,1252096

6369,1306880

6369,1215232

6369,1239552

6369,1069312

6369,920064

6369,816640

6369,1112576

6369,1088768

6369,1097216

6369,1058048

6369,975360

6369,1015808

6369,1258240

6369,990464

6369,1100288

6369,1106944

6369,1109760

6369,1180160

6370,1257472

6370,1189888

6370,879104

6370,738560

6370,602880

6370,689920

6370,926464

6370,1028864

6370,885760

6370,634624

6370,618496

6370,609024

6370,369920

6370,358656

6370,665600

6370,459008

6370,456960

6370,647680

6370,829440

6370,632576

6370,362752

6370,349696

6370,591616

6370,454912

6370,609536

6370,615936

6370,655616

6370,487168

6370,449792

6370,367616

6370,614912

6370,785152

6370,721408

6370,747520

6370,963072

6370,910080

6370,883200

6370,947712

6370,1147136

6370,1025792

6370,1182208

6370,1091072

6370,1016320

6370,1133056

6370,1156096

6370,1229056

6370,1191680

6370,1576704

6370,1473280

6370,2038272

6370,2062080

6370,2073856

6370,2208512

6370,2437120

6370,2568448

6370,2443520

6370,2671616

6370,2731264

6370,3003136

6370,2958592

6370,2970112

6370,3337984

6370,3216384

6370,3103232

6370,3308032

6371,3311616

6371,3414528

6371,3676928

6371,3625728

6371,3778560

6371,3747072

6371,4081664

6371,4330752

6371,4502016

6371,4500736

6371,4716032

6371,4669440

6371,4669952

6371,4845824

6371,5001728

6371,5214464

6371,5363968

6371,5515520

6371,5535488

6371,5698816

6371,5889536

6371,5925120

6371,5959424

6371,5649664

6371,5920768

6371,5976320

6371,5960704

6371,5893888

6371,5861632

6371,6027008

6371,5873664

6371,5972736

6371,5886464

6371,6005504

6371,5818368

6371,5761536

6377,5939968

6377,5726208

6377,6035968

6377,6069504

6377,5910528

6377,5990656

6377,6040832

6377,6089728

6377,5826048

6377,6177536

6377,6103296

6377,5889024

6377,6184192

6377,6115584

6377,6019840

6377,5977600

6377,5983232

6377,6013952

6377,5913600

6377,5910016

6377,5554688

6377,5821952

6377,5739776

6377,5775872

6377,5623040

6377,5523200

6377,5535232

6378,5515520

6378,5830656

6378,5521152

6378,5425408

6378,5216768

6378,5121536

6378,4988928

6378,4842496

6378,4774400

6378,4700416

6378,4731392

6378,4372224

6378,4325632

6378,4157696

6378,4079872

6378,4078592

6378,4292096

6378,4261376

6378,3640064

6378,3554816

6378,3636736

6378,3570688

6378,3232000

6378,3184640

6378,3017984

6378,3135488

6378,2890240

6378,2691328

6378,2692608

6378,2776064

6378,2964992

6378,2759424

6378,2713600

6378,2525952

6378,2432000

6378,2015232

6378,1900032

6378,1957888

6378,1857792

6378,1927680

6378,1984000

6378,1664512

6378,1661184

6378,1560064

6378,1516032

6378,1160704

6378,1058560

6378,963072

6378,1025024

6378,930304

6378,899072

6378,536576

6378,470784

6378,665600

6378,641792

6378,781568

6378,721664

6378,676096

6378,760064

6378,649216

6378,620288

6378,465408

6378,384256

6378,327680

6378,475136

6379,403712

6379,530688

6379,496640

6379,617472

6379,687872

6379,614400

6379,939264

6379,941056

6379,718848

6379,889600

6379,865280

6379,826624

6379,928000

6379,863488

6379,1087744

6379,1483776

6379,1339136

6379,1215232

6379,1372160

6379,1277440

6379,1163008

6379,1236736

6379,1316864

6379,1661696

6379,1584640

6379,1671168

6379,1776384

6379,1790464

6379,1894656

6379,1725952

6379,1740544

6379,1935104

6379,1891584

6379,1829120

6379,2039552

6379,1939712

6385,1920000

6385,1861888

6385,2116864

6385,2155776

6385,2001152

6385,2231808

6385,2193408

6385,2322432

6385,2411776

6385,2321408

6385,2351872

6385,2591488

6385,2831104

6385,2860800

6385,2945280

6385,2991872

6385,3279104

6385,3004928

6385,3042560

6385,3298560

6385,3101440

6385,3191552

6385,3098368

6385,3089408

6385,3182848

6385,3236096

6385,3397120

6386,3249152

6386,3337216

6386,3244544

6386,3111680

6386,3364608

6386,3004928

6386,2960384

6386,3227648

6386,2908672

6386,2846976

6386,3021824

6386,2825472

6386,2991360

6386,3107584

6386,2895360

6386,2836736

6386,2822144

6386,2778368

6386,2734336

6386,2758144

6386,2612992

6386,2520576

6386,2623232

6386,2498816

6386,2636032

6386,2606848

6386,2616832

6386,2559488

6386,2400256

6386,2116864

6386,2258432

6386,2151680

6386,2094848

6386,1973504

6386,1944320

6386,1855488

6386,1739264

6386,1880832

6386,1906944

6386,1781248

6386,1719296

6386,1549056

6386,1593856

6386,1537024

6386,1259776

6386,1262848

6386,1288448

6386,1037056

6386,1092608

6386,984064

6386,736000

6386,1094400

6386,771840

6386,265216

6386,67328

6386,145408

6386,190208

6386,105216

6386,-177920

6386,-242944

6386,-236800

6386,-226304

6386,-291328

6386,-145152

6386,-267520

6387,-444416

6387,-451072

6387,-591104

6387,-627712

6387,-690432

6387,-652544

6387,-732672

6387,-999680

6387,-1151232

6387,-954112

6387,-960000

6387,-1324544

6387,-1220096

6387,-1420800

6387,-1260544

6387,-1534720

6387,-1641984

6387,-1726208

6387,-1754368

6387,-1617920

6387,-1854976

6387,-1845760

6387,-1830656

6387,-1852672

6387,-1925632

6387,-1848832

6387,-1857536

6387,-1753856

6387,-1831424

6387,-1649152

6387,-1774080

6387,-1897728

6387,-1922560

6387,-1739776

6387,-1529344

6387,-1622016

6393,-1617408

6393,-1509632

6393,-1421312

6393,-1382656

6393,-1259008

6393,-1272064

6393,-1086464

6393,-1144832

6393,-1095680

6393,-1166336

6393,-1119744

6393,-1120256

6393,-1192960

6393,-1223936

6393,-1033728

6393,-748544

6393,-1080576

6393,-1057024

6393,-834048

6393,-722432

6393,-575488

6393,-625152

6393,-584448

6393,-363776

6393,-162304

6393,-219904

6393,-92672

6394,-334336

6394,79872

6394,96512

6394,55552

6394,252160

6394,267264

6394,275712

6394,232448

6394,290560

6394,261888

6394,441088

6394,463104

6394,715008

6394,473344

6394,800256

6394,883200

6394,868864

6394,1203456

6394,1490432

6394,1560576

6394,1586432

6394,1719808

6394,1719808

6394,1801472

6394,1893632

6394,1865728

6394,1977344

6394,2002432

6394,2149888

6394,2069760

6394,2316288

6394,2428672

6394,2482176

6394,2408960

6394,2225152

6394,2589696

6394,2755072

6394,2707456

6394,2631168

6394,2675968

6394,2496256

6394,2528512

6394,2622976

6394,2707456

6394,2669824

6394,2477568

6394,2533632

6394,2396416

6394,2589440

6394,2504192

6394,2380288

6394,2448640

6394,2507776

6394,2656768

6394,2685952

6394,2552320

6394,2444544

6394,2152704

6394,2289920

6394,2156032

6394,2232832

6394,2301952

6394,2233856

6394,2247424

6394,2377984

6394,2487040

6395,2450176

6395,2239488

6395,2268160

6395,2214912

6395,2264576

6395,2048512

6395,1962240

6395,1846528

6395,1707520

6395,1761280

6395,1772032

6395,1567232

6395,1773056

6395,1558272

6395,1605632

6395,1435392

6395,1245184

6395,1209600

6395,1054976

6395,1126912

6395,1240320

6395,1407488

6395,964608

6395,871680

6395,875264

6395,539136

6395,664064

6395,576256

6395,567040

6395,692224

6395,619264

6395,760832

6395,844288

6395,402944

6395,469760

6401,284160

6401,346368

6401,315392

6401,320256

6401,392960

6401,289024

6401,346368

6401,358656

6401,59648

6401,-7936

6401,-27392

6401,64512

6401,90880

6401,-58112

6401,-66048

6401,-295936

6401,-254720

6401,-497408

6401,-266496

6401,-369152

6401,-642560

6401,-393728

6401,-331776

6401,-198400

6401,-681984

6401,-786432

6401,-784896

6402,-843776

6402,-516608

6402,-514816

6402,-807424

6402,-844544

6402,-396032

6402,-421376

6402,-566528

6402,-652288

6402,-766720

6402,-635904

6402,-381184

6402,-400896

6402,-633856

6402,-416000

6402,-519168

6402,-279296

6402,-259328

6402,-337408

6402,-288512

6402,-414720

6402,-122880

6402,-232704

6402,-73728

6402,-133120

6402,-133888

6402,104960

6402,-130816

6402,233472

6402,212224

6402,623104

6402,651776

6402,657152

6402,582656

6402,396032

6402,340992

6402,661504

6402,816128

6402,606208

6402,892416

6402,738560

6402,866048

6402,880128

6402,1032448

6402,1063424

6402,1114880

6402,1180928

6402,1471744

6402,1645824

6402,1595392

6402,2034944

6402,1926912

6402,2207488

6402,1989632

6402,1911552

6402,2157312

6402,2128384

6402,2455296

6402,2431488

6402,2548736

6402,2659328

6402,2498048

6402,2318592

6402,2419712

6402,2507520

6402,2577920

6403,2526208

6403,2410496

6403,2381824

6403,2322176

6403,2359808

6403,2597888

6403,2301696

6403,2413568

6403,2228992

6403,2100480

6403,2164736

6403,1953024

6403,2062080

6403,2006272

6403,1929984

6403,1875712

6403,1858304

6403,1766400

6403,1549568

6403,1408256

6403,1427200

6403,1224960

6403,1190144

6403,1364736

6403,1570816

6403,1442816

6403,1419264

6403,1235200

6403,1218560

6403,1390080

6403,1320192

6403,1186048

6403,1222912

6403,1109760

6403,1274368

6409,1109248

6409,1226240

6409,957440

6409,705280

6409,387584

6409,419072

6409,199680

6409,459008

6409,240128

6409,39168

6409,-271616

6409,-390144

6409,-311808

6409,-658688

6409,-787712

6409,-467968

6409,-432384

6409,-627968

6409,-845312

6409,-921856

6409,-845824

6409,-1090048

6409,-1284864

6409,-1266432

6409,-1408768

6409,-1455104

6409,-1652224

6410,-1955584

6410,-2076160

6410,-2474752

6410,-2397184

6410,-2261760

6410,-2450944

6410,-2522112

6410,-2630656

6410,-2742272

6410,-2902272

6410,-2805760

6410,-2896128

6410,-3014144

6410,-2967552

6410,-3021312

6410,-3223040

6410,-3407616

6410,-3478784

6410,-3841024

6410,-3809536

6410,-3987456

6410,-4219392

6410,-4363776

6410,-4322304

6410,-4555520

6410,-4581888

6410,-5047808

6410,-5008896

6410,-4765184

6410,-4921856

6410,-4933120

6410,-4883456

6410,-5064448

6410,-5069056

6410,-5048320

6410,-5102336

6410,-5335808

6410,-5161216

6410,-5459712

6410,-5615872

6410,-5912064

6410,-5784832

6410,-5656576

6410,-5702144

6410,-5630208

6410,-5485056

6410,-5790464

6410,-5812224

6410,-5725952

6410,-5922560

6410,-5633024

6410,-5660160

6410,-5428224

6410,-5414912

6410,-5304576

6410,-5223168

6410,-5244416

6410,-5369856

6410,-5370624

6410,-5295616

6410,-5481984

6410,-5469184

6410,-5225984

6410,-5502208

6410,-5485568

6411,-5190656

6411,-5325312

6411,-5378560

6411,-5540608

6411,-5556480

6411,-5375488

6411,-5312512

6411,-5245952

6411,-5220608

6411,-5246720

6411,-5200640

6411,-5231104

6411,-5161984

6411,-4958464

6411,-4891904

6411,-4987392

6411,-5101312

6411,-4853248

6411,-4791296

6411,-4649728

6411,-4435456

6411,-4260352

6411,-4564480

6411,-4425472

6411,-4652800

6411,-4342528

6411,-4197120

6411,-4372736

6411,-4251136

6411,-4246784

6411,-3946496

6411,-3785472

6411,-3881984

6411,-4125184

6411,-4134912

6411,-3987968

6417,-3856896

6417,-3856128

6417,-3908608

6417,-3930112

6417,-3995136

6417,-4356352

6417,-4457984

6417,-4233984

6417,-4412672

6417,-4358656

6417,-4191232

6417,-4304896

6417,-4617984

6417,-4613632

6417,-4516352

6417,-4588800

6417,-4562688

6417,-4750080

6417,-4613888

6417,-4602880

6417,-4578048

6417,-4489984

6417,-4682496

6417,-4668160

6417,-4712192

6417,-4599808

6417,-4767744

6418,-4792320

6418,-4755968

6418,-5048576

6418,-5027584

6418,-4988672

6418,-4860160

6418,-4882944

6418,-5037824

6418,-5156352

6418,-5267456

6418,-5590784

6418,-5595904

6418,-5762560

6418,-5746688

6418,-5685248

6418,-5882880

6418,-5907456

6418,-5948160

6418,-6196992

6418,-6371328

6418,-6620928

6418,-6680832

6418,-6877952

6418,-6862592

6418,-7106304

6418,-7284736

6418,-7333376

6418,-7570432

6418,-7669504

6418,-7833600

6418,-7962112

6418,-7830784

6418,-8285696

6418,-8315904

6418,-8520704

6418,-8420352

6418,-8461056

6418,-8334336

6418,-8467968

6418,-8470528

6418,-8321024

6418,-8235264

6418,-8519424

6418,-8683776

6418,-8726528

6418,-8541952

6418,-8829952

6418,-8850176

6418,-8737024

6418,-8696320

6418,-8591104

6418,-8922112

6418,-8900864

6418,-8935168

6418,-9167360

6418,-9177600

6418,-9194496

6418,-9094656

6418,-9550336

6418,-9342976

6418,-9383168

6418,-9339648

6418,-9715456

6418,-9687552

6418,-9637632

6419,-9656576

6419,-9830912

6419,-10023680

6419,-9771264

6419,-9945600

6419,-10267392

6419,-10252800

6419,-10360832

6419,-9933056

6419,-9867520

6419,-9961728

6419,-10357760

6419,-10436608

6419,-10318592

6419,-10314496

6419,-10294784

6419,-10390272

6419,-10409216

6419,-10194432

6419,-10115072

6419,-10163968

6419,-10146560

6419,-9942528

6419,-9999616

6419,-9741056

6419,-9924352

6419,-9922560

6419,-9919744

6419,-9901056

6419,-9962240

6419,-9943552

6419,-9681664

6419,-9803008

6419,-9783552

6419,-9719552

6419,-9810688

6425,-9808384

6425,-9864192

6425,-9693952

6425,-9579776

6425,-9289984

6425,-9280256

6425,-9463040

6425,-9396224

6425,-9458944

6425,-9413632

6425,-9424128

6425,-9167104

6425,-9116416

6425,-8810496

6425,-8412160

6425,-8510976

6425,-8567040

6425,-8593152

6425,-8411904

6425,-8445696

6425,-8421376

6425,-8147456

6425,-8162304

6425,-7719424

6425,-7957760

6425,-8064512

6425,-7704576

6426,-7790336

6426,-8036608

6426,-7979776

6426,-8126720

6426,-7768576

6426,-7955712

6426,-8000512

6426,-7836672

6426,-8059136

6426,-7963136

6426,-8180480

6426,-8091136

6426,-8124928

6426,-8154624

6426,-8123392

6426,-8186368

6426,-8372224

6426,-8041472

6426,-8155392

6426,-8401408

6426,-8424960

6426,-8571904

6426,-8493824

6426,-8494592

6426,-8701696

6426,-8637696

6426,-8768768

6426,-8846080

6426,-8783872

6426,-8813824

6426,-8943104

6426,-9008384

6426,-9088768

6426,-9203712

6426,-9107200

6426,-9246720

6426,-9066240

6426,-8982528

6426,-9310720

6426,-9442048

6426,-9420032

6426,-9361664

6426,-9376256

6426,-9564672

6426,-9620224

6426,-9851392

6426,-9956608

6426,-10141952

6426,-10242560

6426,-10572288

6426,-10540288

6426,-10462720

6426,-10787840

6426,-10801152

6426,-10963200

6426,-11152128

6426,-11043072

6426,-11416320

6426,-11494656

6426,-11526912

6426,-11731968

6426,-11747840

6426,-11992064

6426,-12060928

6426,-12271872

6427,-12566272

6427,-12645888

6427,-12861696

6427,-12882944

6427,-12874240

6427,-13032448

6427,-13325312

6427,-13229568

6427,-13315840

6427,-13340928

6427,-13490176

6427,-13657600

6427,-13742080

6427,-13993216

6427,-13992448

6427,-14182912

6427,-14291200

6427,-14348800

6427,-14193408

6427,-14342912

6427,-14479104

6427,-14616576

6427,-14571776

6427,-14613760

6427,-14930432

6427,-15134720

6427,-14999040

6427,-15064576

6427,-15150080

6427,-15200000

6427,-15307776

6427,-15396864

6427,-15355904

6427,-15375616

6427,-15518464

6427,-15328768

6433,-15143168

6433,-15177728

6433,-15410432

6433,-15646208

6433,-15781376

6433,-15609856

6433,-15577856

6433,-15561216

6433,-15467008

6433,-15548160

6433,-15507200

6433,-15685376

6433,-15821312

6433,-15712256

6433,-15341568

6433,-15253248

6433,-15209984

6433,-15047936

6433,-14961664

6433,-14825472

6433,-14949120

6433,-14812160

6433,-14906112

6433,-14802944

6433,-14887680

6433,-14855680

6433,-14573824

6434,-14592512

6434,-14697472

6434,-15020544

6434,-14962688

6434,-14809856

6434,-14391808

6434,-14445568

6434,-14525440

6434,-14409216

6434,-14288896

6434,-14219776

6434,-14237184

6434,-14101248

6434,-14286080

6434,-14234368

6434,-14333952

6434,-14419712

6434,-14184448

6434,-13880064

6434,-13852672

6434,-14140928

6434,-14169344

6434,-13812480

6434,-13435648

6434,-13370112

6434,-13242880

6434,-13404416

6434,-13525504

6434,-13351936

6434,-13117952

6434,-13105152

6434,-13037056

6434,-12973056

6434,-12790272

6434,-12573696

6434,-12597248

6434,-12715264

6434,-12680960

6434,-12590336

6434,-12642816

6434,-12548864

6434,-12785920

6434,-12788992

6434,-12724736

6434,-12786688

6434,-12886784

6434,-12628992

6434,-12466688

6434,-12414208

6434,-12437248

6434,-12602880

6434,-12647424

6434,-12642048

6434,-12592384

6434,-12661248

6434,-12795136

6434,-12680960

6434,-12691456

6434,-12658944

6434,-12734720

6434,-12942080

6434,-12948224

6434,-12821248

6434,-12834816

6434,-12866560

6435,-12854272

6435,-12929792

6435,-13219072

6435,-13109248

6435,-13124864

6435,-13115392

6435,-13131264

6435,-13512448

6435,-13613312

6435,-13379072

6435,-13387008

6435,-13446400

6435,-13297408

6435,-13233664

6435,-13223424

6435,-13491456

6435,-13700608

6435,-13914368

6435,-13848576

6435,-14147840

6435,-14144512

6435,-13971456

6435,-13799936

6435,-13769216

6435,-14174208

6435,-14247936

6435,-13972736

6435,-14163712

6435,-14229248

6435,-14672896

6435,-14661376

6435,-14555648

6435,-14588928

6435,-14454272

6435,-15043584

6435,-14883072

6441,-14977792

6441,-14807808

6441,-14734848

6441,-15187712

6441,-15134464

6441,-14973696

6441,-15398144

6441,-15354112

6441,-15416064

6441,-15543552

6441,-15613440

6441,-15423488

6441,-15384832

6441,-15435264

6441,-15663872

6441,-15651584

6441,-15277568

6441,-15171840

6441,-15449344

6441,-15363328

6441,-15567104

6441,-15715328

6441,-15379456

6441,-15423488

6441,-15428864

6441,-15376384

6441,-15504896

6442,-15423488

6442,-15411968

6442,-15201536

6442,-15577856

6442,-15418368

6442,-15413248

6442,-15522816

6442,-15588352

6442,-15457792

6442,-15426560

6442,-15492352

6442,-15165696

6442,-15087616

6442,-15044608

6442,-15037184

6442,-15051520

6442,-14881536

6442,-14604032

6442,-14621184

6442,-14585088

6442,-14455040

6442,-14265344

6442,-14002944

6442,-14124288

6442,-14108672

6442,-13955328

6442,-13920768

6442,-13996288

6442,-13988864

6442,-13784576

6442,-13400576

6442,-13635584

6442,-13786624

6442,-13573376

6442,-13660672

6442,-13563648

6442,-13595392

6442,-13334528

6442,-13198848

6442,-13453568

6442,-13554688

6442,-13598208

6442,-13313280

6442,-12874496

6442,-12810496

6442,-12963584

6442,-12944384

6442,-12755712

6442,-12441344

6442,-12370176

6442,-12371968

6442,-12070912

6442,-11928832

6442,-12021760

6442,-11920896

6442,-11805184

6442,-11628032

6442,-11388672

6442,-11518464

6442,-11245824

6442,-11086080

6442,-10972928

6442,-10846208

6442,-10819584

6442,-10672640

6443,-10486528

6443,-10310400

6443,-10433280

6443,-10409216

6443,-10257152

6443,-10288128

6443,-10099712

6443,-10220800

6443,-10024192

6443,-9773568

6443,-10165760

6443,-10087168

6443,-10067968

6443,-10181888

6443,-9963264

6443,-9885952

6443,-9881600

6443,-9837824

6443,-9950720

6443,-9844480

6443,-9898496

6443,-9947392

6443,-9689088

6443,-9752576

6443,-9794304

6443,-9864960

6443,-9874688

6443,-9929728

6443,-9961472

6443,-9998592

6443,-10028800

6443,-10169344

6443,-9895680

6443,-10000896

6443,-10088192

6443,-10312960

6449,-10406144

6449,-10242304

6449,-10422272

6449,-10419712

6449,-10428928

6449,-10393088

6449,-10249984

6449,-10211584

6449,-10320128

6449,-10298112

6449,-10513920

6449,-10728960

6449,-10721280

6449,-10431232

6449,-10620928

6449,-10699776

6449,-10943232

6449,-10938880

6449,-11298304

6449,-11329792

6449,-11141888

6449,-11032320

6449,-11168512

6449,-11328256

6449,-11490816

6449,-11503360

6449,-11535104

6450,-11723264

6450,-11598592

6450,-11727872

6450,-11847680

6450,-11698176

6450,-11774976

6450,-11957760

6450,-12119808

6450,-11914752

6450,-12041728

6450,-12107008

6450,-12179200

6450,-12435968

6450,-12697600

6450,-12553216

6450,-12470016

6450,-12544256

6450,-12816128

6450,-13263616

6450,-13194752

6450,-13252864

6450,-13184768

6450,-13084928

6450,-13231360

6450,-13209600

6450,-13397248

6450,-13441792

6450,-13579008

6450,-13253120

6450,-12818944

6450,-13008640

6450,-13349632

6450,-13665024

6450,-13448448

6450,-13429504

6450,-13404160

6450,-13678848

6450,-13763328

6450,-13798656

6450,-13875456

6450,-13869824

6450,-13911296

6450,-14139904

6450,-14185472

6450,-14073344

6450,-14051072

6450,-13878528

6450,-13930496

6450,-14019584

6450,-14163968

6450,-14104320

6450,-13990912

6450,-13745152

6450,-13920256

6450,-14157312

6450,-14190080

6450,-13838336

6450,-13864192

6450,-13836800

6450,-13840640

6450,-13771776

6450,-13536000

6450,-13571584

6450,-13639936

6450,-13541120

6451,-13545472

6451,-13282048

6451,-13620992

6451,-13515776

6451,-13517312

6451,-13237248

6451,-13018624

6451,-13075200

6451,-13112320

6451,-13165312

6451,-12985088

6451,-13436928

6451,-13480704

6451,-13223168

6451,-13123328

6451,-12958720

6451,-13309440

6451,-13317376

6451,-13119488

6451,-13042688

6451,-12860416

6451,-12724480

6451,-12542976

6451,-12108288

6451,-12191488

6451,-12514048

6451,-12369920

6451,-12016128

6451,-11704064

6451,-11780352

6451,-11797760

6451,-11842816

6451,-11390976

6451,-11367936

6451,-11313152

6451,-11343104

6457,-11260416

6457,-11329792

6457,-11288832

6457,-10972672

6457,-10903040

6457,-10776576

6457,-10774016

6457,-11158784

6457,-11202048

6457,-11153152

6457,-11176192

6457,-10963456

6457,-11253760

6457,-11138816

6457,-11075584

6457,-11020800

6457,-10646528

6457,-10515456

6457,-10762752

6457,-10824192

6457,-10765056

6457,-10728192

6457,-10679808

6457,-10544128

6457,-10636288

6457,-10780160

6457,-10547456

6458,-10560000

6458,-10381824

6458,-10185728

6458,-10441984

6458,-10694912

6458,-10603520

6458,-10651392

6458,-10769408

6458,-10428672

6458,-10394880

6458,-10670336

6458,-10696448

6458,-10674944

6458,-10817792

6458,-10460672

6458,-10641408

6458,-10867200

6458,-11025408

6458,-10992896

6458,-10730240

6458,-10645504

6458,-10506240

6458,-10918400

6458,-10774528

6458,-11036672

6458,-11059968

6458,-10871808

6458,-11028224

6458,-11140352

6458,-11066368

6458,-11030784

6458,-11284480

6458,-11160832

6458,-11267072

6458,-11403008

6458,-11609600

6458,-11441152

6458,-11219712

6458,-11418112

6458,-11519744

6458,-11753216

6458,-11771136

6458,-11545856

6458,-11428864

6458,-11782144

6458,-12023040

6458,-12122880

6458,-12110336

6458,-11779584

6458,-11773952

6458,-12147200

6458,-12424704

6458,-12214272

6458,-12237312

6458,-12092416

6458,-12122368

6458,-12310016

6458,-12338944

6458,-12596736

6458,-12692224

6458,-12229888

6458,-12008960

6458,-11882496

6458,-12163328

6458,-12393984

6459,-12689920

6459,-12504576

6459,-12134400

6459,-12155136

6459,-12112640

6459,-12339712

6459,-12628480

6459,-12620032

6459,-12498432

6459,-12365056

6459,-12554752

6459,-12851200

6459,-12715776

6459,-12644864

6459,-12562688

6459,-12554496

6459,-12397824

6459,-12560896

6459,-12662272

6459,-12572416

6459,-12339456

6459,-12109824

6459,-12246272

6459,-12188928

6459,-12252672

6459,-12250880

6459,-12023552

6459,-12061440

6459,-11873024

6459,-11714304

6459,-11550720

6459,-11566080

6459,-11714048

6459,-11517952

6459,-11464704

6459,-11242752

6465,-11064320

6465,-10999296

6465,-10937856

6465,-10695168

6465,-10661120

6465,-10631680

6465,-10802944

6465,-10556416

6465,-10595840

6465,-10380288

6465,-10270976

6465,-10364672

6465,-9915648

6465,-9988864

6465,-10059520

6465,-9748480

6465,-9605120

6465,-9656064

6465,-9455616

6465,-9264384

6465,-9126144

6465,-8765952

6465,-8771840

6465,-8600064

6465,-8483072

6465,-8759808

6465,-8462080

6466,-8282880

6466,-8257280

6466,-8359168

6466,-8036608

6466,-8285440

6466,-8346112

6466,-8346112

6466,-8317184

6466,-7983616

6466,-7658496

6466,-7434240

6466,-7607808

6466,-7508736

6466,-7409152

6466,-7631104

6466,-7511296

6466,-7423232

6466,-7405312

6466,-7298816

6466,-7068672

6466,-7095808

6466,-7198720

6466,-7153920

6466,-6982912

6466,-6559488

6466,-6366720

6466,-6630144

6466,-6530816

6466,-6586112

6466,-6723328

6466,-6492672

6466,-6588672

6466,-6280704

6466,-6244352

6466,-6383616

6466,-6454528

6466,-6604032

6466,-6626304

6466,-6698496

6466,-6733312

6466,-6890496

6466,-7006720

6466,-7020544

6466,-6938624

6466,-7013376

6466,-6904832

6466,-7079168

6466,-7356416

6466,-7443712

6466,-7474432

6466,-7347200

6466,-7381248

6466,-7229440

6466,-7464960

6466,-7742720

6466,-7739136

6466,-7618048

6466,-7331584

6466,-7612416

6466,-7623680

6466,-7713024

6466,-7571200

6466,-7689728

6466,-7674624

6466,-8006400

6467,-8284672

6467,-8404736

6467,-8290048

6467,-8148480

6467,-8209152

6467,-8243968

6467,-8178176

6467,-8597504

6467,-8645376

6467,-8989952

6467,-8469504

6467,-8269568

6467,-8506112

6467,-9005568

6467,-9557760

6467,-9849856

6467,-9488384

6467,-8831232

6467,-9007104

6467,-9263360

6467,-9668864

6467,-10042368

6467,-10114304

6467,-9988864

6467,-9915904

6467,-10285824

6467,-10334208

6467,-10299648

6467,-10348032

6467,-10412288

6467,-10557440

6467,-10513408

6467,-10469376

6467,-10511616

6467,-10514688

6467,-10852608

6473,-11046912

6473,-10995712

6473,-11077376

6473,-10985216

6473,-10961408

6473,-11084288

6473,-11355392

6473,-11735552

6473,-11748864

6473,-11534848

6473,-11222784

6473,-11467008

6473,-11750144

6473,-12054784

6473,-12046848

6473,-11775232

6473,-11524352

6473,-11290368

6473,-11612416

6473,-11872512

6473,-11707392

6473,-11304448

6473,-11394816

6473,-11464192

6473,-11497216

6473,-11575296

6473,-11827200

6474,-11525888

6474,-11430144

6474,-11596288

6474,-11516160

6474,-11621376

6474,-11539968

6474,-11565824

6474,-11510272

6474,-11425536

6474,-11432448

6474,-11137792

6474,-11131904

6474,-11184640

6474,-11149824

6474,-10946816

6474,-10986496

6474,-11133184

6474,-11022336

6474,-10839296

6474,-10804992

6474,-11038720

6474,-11051264

6474,-10972928

6474,-10816768

6474,-10764032

6474,-10721024

6474,-10770432

6474,-10901248

6474,-10650368

6474,-10433280

6474,-10308352

6474,-10326272

6474,-10362368

6474,-10290944

6474,-10342912

6474,-10156288

6474,-10205696

6474,-10418688

6474,-10272512

6474,-10273536

6474,-10089984

6474,-10358784

6474,-10114304

6474,-9953792

6474,-9825792

6474,-9947904

6474,-10230016

6474,-10063360

6474,-9783808

6474,-9625856

6474,-9557248

6474,-9837824

6474,-10135808

6474,-10000640

6474,-9839872

6474,-9461504

6474,-9389312

6474,-9547008

6474,-9685248

6474,-9505792

6474,-9279744

6474,-9083648

6474,-9371136

6474,-9349632

6474,-9281280

6475,-9031168

6475,-9202688

6475,-8996096

6475,-9505536

6475,-9263872

6475,-9454848

6475,-9427712

6475,-9347328

6475,-9603072

6475,-9421056

6475,-9408256

6475,-9406976

6475,-9499392

6475,-9606912

6475,-9907712

6475,-10188544

6475,-10181888

6475,-10225408

6475,-10021888

6475,-10032640

6475,-10302976

6475,-10169600

6475,-10380544

6475,-10399744

6475,-10553344

6475,-10628608

6475,-10434304

6475,-10578688

6475,-10535680

6475,-10738688

6475,-10662912

6475,-10803968

6475,-11011328

6475,-10938368

6475,-11129600

6475,-11096576

6481,-11268864

6481,-11373824

6481,-11656192

6481,-11823872

6481,-11513344

6481,-11500544

6481,-11705088

6481,-11677952

6481,-11727104

6481,-11901440

6481,-11890432

6481,-12193536

6481,-12032768

6481,-12202496

6481,-12350976

6481,-12331008

6481,-12315648

6481,-12203520

6481,-12638464

6481,-12773376

RAW_SUMMARY id=1 requested=5600 captured=5600 unused_capacity=400 max_pcm_abs=15821312 raw_mean=-2057459.9 raw_abs_mean=5081038.5 raw_min=-17556736 raw_max=8055552 baseline=4.3

OK RAW

