# run: cfg_right_1
# firmware: role=analyzer git=9f584bb version=0.4.0
# imported-from: right_1.log (mtime 2026-10-09T10:30:26)
RAW_INFO mode=i2s output=csv

RAW_INFO row_size=12

RAW_BEGIN id=1 sr=16000 trigger_ms=6130 command_ms=6116 emit_seen=1 emit_start_ms=6130 emit_done_ms=6226 f=3200 dur=100 pre_ms=0 post_ms=350 decim=1 pre_samples=0 post_samples=5600 mode=i2s output=csv fields=ms,pcm

ms,pcm

6132,27160

6132,26110

6132,24802

6132,25368

6132,26720

6132,26040

6132,27062

6132,28038

6132,25610

6132,27032

6132,24986

6132,26000

6132,26462

6132,25634

6132,27600

6132,25452

6132,30924

6132,24862

6132,54574

6132,65014

6132,7984

6132,-59454

6132,-55498

6132,119722

6132,202782

6132,65652

6132,-176146

6132,-134316

6132,84268

6132,236556

6132,132946

6132,-107716

6132,-149850

6132,31450

6132,229928

6132,141112

6132,-90054

6132,-176470

6132,32968

6132,246786

6132,174010

6132,-66512

6132,-199162

6132,-30328

6132,216712

6132,219674

6132,-9450

6133,-193860

6133,-72762

6133,178934

6133,224294

6133,22138

6133,-164192

6133,-81178

6133,133666

6133,194794

6133,22520

6133,-123186

6133,-53898

6133,118658

6133,153326

6133,-1616

6133,-104592

6133,-27666

6133,126808

6133,132370

6133,-14600

6133,-108050

6133,-16986

6133,136496

6133,125478

6133,-30174

6133,-120552

6133,-7582

6133,143910

6133,126936

6133,-36568

6133,-130274

6133,-19450

6133,139916

6133,134782

6133,-28128

6133,-128506

6133,-34738

6133,127602

6133,130672

6133,-22784

6133,-123616

6133,-30608

6133,119164

6133,119306

6133,-22932

6133,-111206

6133,-23624

6133,112916

6133,109372

6133,-32232

6133,-114878

6133,-22646

6133,120908

6133,111572

6133,-36480

6133,-123518

6133,-26184

6133,126140

6133,114604

6133,-39866

6133,-128700

6133,-29512

6133,120412

6133,115222

6133,-42018

6134,-137242

6134,-35878

6134,125526

6134,121404

6134,-41732

6134,-140032

6134,-40152

6134,120940

6134,119404

6134,-36068

6134,-137718

6134,-45560

6134,110892

6134,115526

6134,-35038

6134,-138998

6137,-50238

6137,102716

6137,112220

6137,-34154

6137,-138880

6137,-53276

6137,97800

6137,111424

6137,-33816

6137,-135464

6137,-58710

6137,93240

6137,105488

6137,-34224

6137,-132988

6137,-52648

6137,93972

6137,99654

6137,-39098

6137,-137620

6137,-53240

6137,94242

6137,100742

6137,-39356

6137,-137476

6137,-52316

6137,91846

6138,96486

6138,-43744

6138,-136400

6138,-53896

6138,87086

6138,94536

6138,-43632

6138,-137804

6138,-57918

6138,85750

6138,92984

6138,-45686

6138,-139696

6138,-57356

6138,88128

6138,90754

6138,-45182

6138,-135920

6138,-56664

6138,82536

6138,88212

6138,-45946

6138,-136760

6138,-54234

6138,82498

6138,86616

6138,-51772

6138,-137720

6138,-54098

6138,84900

6138,84906

6138,-52524

6138,-143428

6138,-56936

6138,83680

6138,84870

6138,-54470

6138,-145006

6138,-61050

6138,80464

6138,84448

6138,-54778

6138,-145994

6138,-63902

6138,77472

6138,82962

6138,-55322

6138,-149324

6138,-66696

6138,74448

6138,82336

6138,-53808

6138,-148590

6138,-73820

6138,69388

6138,80154

6138,-52264

6138,-150626

6138,-77486

6138,64512

6138,81104

6138,-52746

6138,-152196

6138,-79544

6138,58646

6139,78638

6139,-50722

6139,-149358

6139,-85012

6139,53952

6139,73072

6139,-50752

6139,-149662

6139,-86738

6139,49686

6139,67296

6139,-51026

6139,-150124

6139,-86438

6139,47406

6139,67518

6139,-52384

6139,-148208

6139,-86744

6139,44668

6139,66188

6139,-58174

6139,-148670

6139,-88544

6139,45262

6139,64396

6139,-57032

6139,-152838

6139,-90364

6139,45804

6139,62752

6139,-57286

6139,-156684

6139,-90370

6139,44554

6139,64102

6145,-60146

6145,-159242

6145,-96536

6145,41042

6145,61754

6145,-61786

6145,-158162

6145,-97682

6145,38674

6145,58624

6145,-60900

6145,-158202

6145,-95772

6145,37834

6145,58716

6145,-61454

6145,-159938

6145,-97918

6145,37428

6145,57618

6145,-64452

6145,-163522

6145,-97272

6145,38958

6145,54954

6145,-70974

6145,-163680

6146,-94240

6146,41518

6146,54028

6146,-73316

6146,-168670

6146,-98448

6146,42560

6146,56564

6146,-73992

6146,-172840

6146,-102078

6146,40700

6146,57510

6146,-75646

6146,-174384

6146,-104178

6146,37738

6146,55850

6146,-74498

6146,-173406

6146,-106108

6146,36876

6146,53824

6146,-74986

6146,-172632

6146,-104968

6146,33552

6146,51300

6146,-75632

6146,-174728

6146,-106930

6146,31208

6146,47144

6146,-77788

6146,-170004

6146,-103028

6146,32386

6146,47004

6146,-80220

6146,-174938

6146,-104850

6146,32792

6146,49588

6146,-80012

6146,-176556

6146,-107788

6146,30670

6146,48268

6146,-79502

6146,-176584

6146,-108990

6146,29332

6146,47758

6146,-80000

6146,-178504

6146,-111876

6146,26428

6146,46386

6146,-77256

6146,-176038

6146,-113802

6146,23278

6146,44686

6146,-77088

6146,-175072

6147,-115808

6147,18572

6147,38916

6147,-79786

6147,-175866

6147,-115752

6147,15678

6147,38424

6147,-80970

6147,-175882

6147,-116460

6147,15636

6147,39782

6147,-79278

6147,-175436

6147,-118142

6147,16960

6147,37716

6147,-79918

6147,-173888

6147,-115258

6147,16490

6147,36792

6147,-80256

6147,-174082

6147,-114936

6147,14578

6147,34376

6147,-83484

6147,-174514

6147,-115608

6147,14340

6147,33512

6147,-82496

6147,-175328

6147,-116650

6153,13808

6153,31570

6153,-82408

6153,-174196

6153,-114094

6153,14490

6153,31284

6153,-84096

6153,-174974

6153,-115406

6153,13014

6153,29334

6153,-86144

6153,-177482

6153,-117320

6153,9528

6153,26428

6153,-90070

6153,-178990

6153,-117558

6153,8958

6153,23736

6153,-92270

6153,-181730

6153,-117986

6153,10196

6153,23368

6154,-94490

6154,-182930

6154,-119480

6154,9966

6154,23702

6154,-94244

6154,-187164

6154,-122886

6154,6310

6154,21766

6154,-98166

6154,-189132

6154,-123592

6154,8600

6154,23436

6154,-97386

6154,-190014

6154,-126640

6154,8544

6154,24716

6154,-97522

6154,-191104

6154,-127322

6154,6072

6154,24318

6154,-97236

6154,-194342

6154,-128440

6154,4314

6154,20448

6154,-99780

6154,-194562

6154,-129490

6154,2788

6154,20690

6154,-98010

6154,-192590

6154,-131796

6154,-750

6154,20854

6154,-97614

6154,-189460

6154,-130158

6154,202

6154,18498

6154,-98708

6154,-190142

6154,-128912

6154,1594

6154,16124

6154,-100694

6154,-191642

6154,-127416

6154,-12

6154,16382

6154,-101250

6154,-191920

6154,-128106

6154,528

6154,16318

6154,-101842

6154,-193566

6154,-128660

6154,-308

6154,15478

6155,-102558

6155,-194318

6155,-130944

6155,-304

6155,14496

6155,-104356

6155,-193670

6155,-129726

6155,-2814

6155,14964

6155,-104138

6155,-195402

6155,-132218

6155,-640

6155,13888

6155,-103432

6155,-195312

6155,-133738

6155,-3450

6155,15682

6155,-101078

6155,-192686

6155,-131392

6155,-2868

6155,14558

6155,-99216

6155,-190548

6155,-129620

6155,-2950

6155,14714

6155,-100298

6155,-190608

6155,-126354

6155,-2592

6155,11482

6155,-102788

6161,-191540

6161,-129486

6161,-2930

6161,10892

6161,-103950

6161,-192832

6161,-127942

6161,-438

6161,11778

6161,-106422

6161,-194864

6161,-128098

6161,-1216

6161,11096

6161,-106826

6161,-197094

6161,-130390

6161,-1636

6161,13796

6161,-106274

6161,-198532

6161,-131876

6161,-826

6161,13226

6161,-106824

6161,-198574

6161,-132512

6162,-710

6162,14898

6162,-107924

6162,-200654

6162,-133986

6162,-1284

6162,14480

6162,-105046

6162,-197168

6162,-131602

6162,-488

6162,16642

6162,-103852

6162,-196790

6162,-131762

6162,-428

6162,17870

6162,-102402

6162,-196226

6162,-133892

6162,-400

6162,16992

6162,-102464

6162,-196912

6162,-133894

6162,506

6162,16194

6162,-103010

6162,-197398

6162,-134426

6162,-1230

6162,14558

6162,-107150

6162,-198520

6162,-135840

6162,-3876

6162,15370

6162,-104220

6162,-198238

6162,-136396

6162,-4376

6162,15374

6162,-106038

6162,-200756

6162,-136368

6162,-4518

6162,13752

6162,-106676

6162,-203614

6162,-138572

6162,-3762

6162,14380

6162,-103760

6162,-198810

6162,-134926

6162,-4000

6162,17758

6162,-103046

6162,-197774

6162,-134168

6162,-1666

6162,16740

6162,-101952

6162,-194344

6162,-134042

6163,-884

6163,17500

6163,-100642

6163,-196362

6163,-132648

6163,1760

6163,18924

6163,-102390

6163,-195064

6163,-132228

6163,1494

6163,19168

6163,-101784

6163,-195228

6163,-129698

6163,3138

6163,21220

6163,-100854

6163,-196048

6163,-129766

6163,3742

6163,20938

6163,-100614

6163,-194580

6163,-128726

6163,4066

6163,20946

6163,-101670

6163,-197042

6163,-129322

6163,7694

6163,23012

6163,-100030

6163,-197446

6163,-128972

6163,9020

6169,23702

6169,-100478

6169,-195336

6169,-128320

6169,8474

6169,26912

6169,-99046

6169,-195116

6169,-128514

6169,9860

6169,26728

6169,-98890

6169,-195424

6169,-128676

6169,9630

6169,30038

6169,-94812

6169,-193840

6169,-127422

6169,12856

6169,29974

6169,-95846

6169,-194176

6169,-125978

6169,14298

6169,30692

6169,-93102

6170,-190052

6170,-124848

6170,14492

6170,31460

6170,-92066

6170,-190788

6170,-123190

6170,15502

6170,32660

6170,-89250

6170,-188106

6170,-120256

6170,19394

6170,35440

6170,-88028

6170,-187514

6170,-121312

6170,16686

6170,36152

6170,-87382

6170,-185844

6170,-122750

6170,14740

6170,35842

6170,-88542

6170,-185510

6170,-119314

6170,17386

6170,32924

6170,-88104

6170,-183616

6170,-119814

6170,16920

6170,34532

6170,-89250

6170,-186826

6170,-121178

6170,15132

6170,31462

6170,-91192

6170,-186240

6170,-120860

6170,13644

6170,31778

6170,-91484

6170,-188000

6170,-121258

6170,13342

6170,29114

6170,-92896

6170,-190012

6170,-123014

6170,10484

6170,29202

6170,-94908

6170,-189962

6170,-123506

6170,11058

6170,28970

6170,-93548

6170,-190082

6170,-123956

6170,12188

6170,29156

6170,-90862

6171,-189924

6171,-123782

6171,12346

6171,30594

6171,-92970

6171,-188220

6171,-122048

6171,12452

6171,28946

6171,-93616

6171,-188412

6171,-122582

6171,13330

6171,28964

6171,-95500

6171,-189892

6171,-122860

6171,13220

6171,28994

6171,-95120

6171,-192468

6171,-124896

6171,13374

6171,30478

6171,-94832

6171,-193150

6171,-124246

6171,13366

6171,30018

6171,-95932

6171,-193758

6171,-125296

6171,14164

6171,29562

6171,-97228

6171,-193726

6177,-126962

6177,12018

6177,29806

6177,-95400

6177,-193912

6177,-125748

6177,10302

6177,27112

6177,-97734

6177,-193812

6177,-125780

6177,12196

6177,27956

6177,-97104

6177,-193774

6177,-126614

6177,11312

6177,26396

6177,-98472

6177,-193698

6177,-126268

6177,9698

6177,26126

6177,-99460

6177,-195774

6177,-127406

6177,9790

6178,24674

6178,-100762

6178,-195308

6178,-127174

6178,10826

6178,25482

6178,-100850

6178,-197408

6178,-126166

6178,10272

6178,25992

6178,-101568

6178,-197696

6178,-126526

6178,12860

6178,27684

6178,-99664

6178,-197228

6178,-127702

6178,13080

6178,31180

6178,-98462

6178,-195242

6178,-124858

6178,16156

6178,32432

6178,-95354

6178,-192212

6178,-122422

6178,15852

6178,33138

6178,-94986

6178,-189620

6178,-121044

6178,17128

6178,31566

6178,-94924

6178,-190148

6178,-122494

6178,15862

6178,31402

6178,-93210

6178,-189484

6178,-121184

6178,13698

6178,28762

6178,-94410

6178,-188564

6178,-120286

6178,12660

6178,28040

6178,-94606

6178,-187814

6178,-119756

6178,16964

6178,31198

6178,-95566

6178,-189522

6178,-119428

6178,15828

6178,29382

6178,-95378

6178,-189578

6178,-120806

6178,15972

6179,29170

6179,-93710

6179,-188222

6179,-120210

6179,15670

6179,29760

6179,-93360

6179,-188626

6179,-121732

6179,14918

6179,31332

6179,-94268

6179,-187670

6179,-119922

6179,13064

6179,28228

6179,-95068

6179,-187830

6179,-120004

6179,14518

6179,28518

6179,-91470

6179,-184780

6179,-117308

6179,16176

6179,27886

6179,-92964

6179,-186188

6179,-120350

6179,13648

6179,29940

6179,-91562

6179,-186274

6179,-119382

6179,15938

6179,31992

6185,-90660

6185,-184820

6185,-116560

6185,18132

6185,30952

6185,-91886

6185,-185548

6185,-117356

6185,17478

6185,32802

6185,-88920

6185,-183280

6185,-118076

6185,16114

6185,33356

6185,-89864

6185,-181260

6185,-115850

6185,19468

6185,34270

6185,-90334

6185,-182542

6185,-117912

6185,17784

6185,33078

6185,-90036

6185,-185886

6186,-116544

6186,17930

6186,31934

6186,-91724

6186,-185660

6186,-118568

6186,18076

6186,32046

6186,-93576

6186,-185368

6186,-115884

6186,18700

6186,33248

6186,-90196

6186,-183908

6186,-117184

6186,17108

6186,32994

6186,-90848

6186,-185446

6186,-117472

6186,19080

6186,33544

6186,-92846

6186,-187686

6186,-119592

6186,15522

6186,30612

6186,-93412

6186,-189306

6186,-122448

6186,15038

6186,31366

6186,-93224

6186,-189460

6186,-121692

6186,13446

6186,29450

6186,-92942

6186,-188982

6186,-123760

6186,12606

6186,27418

6186,-94750

6186,-187708

6186,-121164

6186,10508

6186,27292

6186,-94832

6186,-189416

6186,-122550

6186,12638

6186,25666

6186,-99594

6186,-192190

6186,-125610

6186,11458

6186,24834

6186,-98884

6186,-193284

6186,-126262

6186,8792

6186,24986

6186,-100594

6186,-196182

6187,-126108

6187,8792

6187,22694

6187,-102186

6187,-198122

6187,-130668

6187,6854

6187,21440

6187,-104068

6187,-199590

6187,-131924

6187,4276

6187,22718

6187,-105194

6187,-201122

6187,-133488

6187,3868

6187,21604

6187,-106342

6187,-201486

6187,-134572

6187,2544

6187,20408

6187,-105506

6187,-203332

6187,-136842

6187,2368

6187,18454

6187,-106180

6187,-203946

6187,-135060

6187,2262

6187,19456

6187,-105912

6187,-203946

6187,-135398

6193,982

6193,17350

6193,-106732

6193,-203582

6193,-137264

6193,-1956

6193,17938

6193,-106808

6193,-203038

6193,-138508

6193,-1008

6193,18414

6193,-105178

6193,-204250

6193,-138660

6193,-1476

6193,16102

6193,-105518

6193,-203492

6193,-138468

6193,-1992

6193,14244

6193,-109516

6193,-206718

6193,-140016

6193,-4100

6193,13806

6194,-112230

6194,-208320

6194,-141638

6194,-4986

6194,10578

6194,-112680

6194,-210242

6194,-141742

6194,-4050

6194,12618

6194,-113244

6194,-210972

6194,-142428

6194,-6986

6194,10336

6194,-114774

6194,-211050

6194,-144944

6194,-5638

6194,12770

6194,-114178

6194,-210918

6194,-146270

6194,-6208

6194,13306

6194,-113510

6194,-212428

6194,-145866

6194,-8898

6194,10514

6194,-113344

6194,-212310

6194,-147348

6194,-9586

6194,11428

6194,-111814

6194,-213290

6194,-148134

6194,-9218

6194,9574

6194,-113428

6194,-213190

6194,-146752

6194,-10518

6194,9444

6194,-114796

6194,-211462

6194,-146844

6194,-10716

6194,9132

6194,-116074

6194,-213432

6194,-147886

6194,-11988

6194,7100

6194,-117224

6194,-212444

6194,-150802

6194,-12488

6194,7978

6194,-116518

6194,-214050

6194,-149174

6194,-11754

6194,6664

6195,-115600

6195,-214596

6195,-151062

6195,-14478

6195,5726

6195,-116628

6195,-213926

6195,-151784

6195,-15420

6195,5522

6195,-116172

6195,-213986

6195,-149646

6195,-13742

6195,4948

6195,-116944

6195,-217990

6195,-150416

6195,-13504

6195,6054

6195,-117356

6195,-213812

6195,-149144

6195,-12374

6195,7032

6195,-117466

6195,-214862

6195,-151380

6195,-13828

6195,6016

6195,-115202

6195,-214440

6195,-150180

6195,-13042

6195,8088

6195,-115840

6201,-215302

6201,-151620

6201,-14406

6201,5632

6201,-116182

6201,-215252

6201,-152128

6201,-15496

6201,3896

6201,-116914

6201,-215088

6201,-150964

6201,-13874

6201,6252

6201,-116284

6201,-215504

6201,-150928

6201,-14828

6201,5680

6201,-116072

6201,-215120

6201,-151488

6201,-12960

6201,5894

6201,-117498

6201,-213852

6201,-149440

6202,-14584

6202,4032

6202,-118054

6202,-212692

6202,-148572

6202,-13416

6202,5946

6202,-116488

6202,-212452

6202,-147986

6202,-13670

6202,4476

6202,-117974

6202,-211950

6202,-147050

6202,-12752

6202,6356

6202,-115758

6202,-212898

6202,-148330

6202,-12328

6202,4746

6202,-117062

6202,-211516

6202,-146046

6202,-11090

6202,5546

6202,-115690

6202,-213224

6202,-147628

6202,-10828

6202,6718

6202,-117488

6202,-213078

6202,-145526

6202,-10690

6202,7548

6202,-117992

6202,-215750

6202,-148150

6202,-11336

6202,6450

6202,-119644

6202,-215158

6202,-150256

6202,-13772

6202,2614

6202,-120286

6202,-218816

6202,-153632

6202,-15418

6202,4146

6202,-118874

6202,-217176

6202,-153536

6202,-17162

6202,2490

6202,-119074

6202,-220362

6202,-156054

6202,-19030

6202,1258

6202,-120532

6202,-219104

6202,-156042

6203,-19164

6203,1980

6203,-120990

6203,-218858

6203,-157388

6203,-21406

6203,-1656

6203,-124784

6203,-221906

6203,-158950

6203,-23238

6203,-3202

6203,-124120

6203,-223516

6203,-160874

6203,-24150

6203,-5842

6203,-126436

6203,-223872

6203,-163098

6203,-27840

6203,-7896

6203,-129034

6203,-225542

6203,-163440

6203,-28700

6203,-10540

6203,-130416

6203,-229286

6203,-167382

6203,-30740

6203,-9858

6203,-131416

6203,-229602

6203,-166288

6203,-28950

6209,-11892

6209,-132568

6209,-230176

6209,-167694

6209,-33350

6209,-12450

6209,-135120

6209,-230160

6209,-167070

6209,-33622

6209,-13272

6209,-133388

6209,-231068

6209,-168506

6209,-32690

6209,-13404

6209,-134804

6209,-232554

6209,-167616

6209,-32552

6209,-14528

6209,-138042

6209,-235452

6209,-169920

6209,-33568

6209,-15528

6209,-138436

6210,-234730

6210,-170798

6210,-35192

6210,-15494

6210,-138424

6210,-235650

6210,-171636

6210,-36500

6210,-14824

6210,-137138

6210,-236808

6210,-174402

6210,-35176

6210,-14262

6210,-135782

6210,-235352

6210,-173632

6210,-35958

6210,-15544

6210,-135970

6210,-237326

6210,-176516

6210,-37918

6210,-17830

6210,-138136

6210,-237806

6210,-177140

6210,-41556

6210,-19404

6210,-138348

6210,-239240

6210,-178366

6210,-42096

6210,-20726

6210,-139240

6210,-238252

6210,-178916

6210,-44172

6210,-21392

6210,-141312

6210,-238920

6210,-179602

6210,-43786

6210,-21272

6210,-141448

6210,-240636

6210,-179980

6210,-46312

6210,-24064

6210,-144702

6210,-242824

6210,-183314

6210,-49390

6210,-24840

6210,-146006

6210,-243548

6210,-183478

6210,-48100

6210,-25684

6210,-145868

6210,-245252

6210,-186096

6210,-51588

6210,-29880

6210,-147872

6211,-246074

6211,-186778

6211,-51608

6211,-28638

6211,-148054

6211,-246740

6211,-187550

6211,-51726

6211,-30362

6211,-149318

6211,-247854

6211,-188492

6211,-53762

6211,-32272

6211,-151156

6211,-247632

6211,-189208

6211,-55076

6211,-32804

6211,-152006

6211,-250866

6211,-189682

6211,-55718

6211,-34362

6211,-152798

6211,-251666

6211,-190564

6211,-55836

6211,-34382

6211,-153296

6211,-249962

6211,-192144

6211,-56110

6211,-34242

6211,-151960

6211,-250420

6217,-190144

6217,-55710

6217,-35838

6217,-153338

6217,-250996

6217,-192188

6217,-58940

6217,-36992

6217,-154536

6217,-253576

6217,-195566

6217,-60344

6217,-40830

6217,-159044

6217,-256708

6217,-197238

6217,-65164

6217,-44290

6217,-163902

6217,-260008

6217,-199944

6217,-68144

6217,-46400

6217,-164850

6217,-262524

6217,-202780

6217,-70034

6218,-49238

6218,-166944

6218,-264944

6218,-205302

6218,-72268

6218,-50398

6218,-168788

6218,-267658

6218,-209214

6218,-74508

6218,-52574

6218,-170322

6218,-265618

6218,-207174

6218,-74260

6218,-51988

6218,-171196

6218,-265742

6218,-208670

6218,-74800

6218,-51296

6218,-169258

6218,-266844

6218,-206904

6218,-74570

6218,-51926

6218,-169128

6218,-265422

6218,-206968

6218,-74612

6218,-52528

6218,-168240

6218,-264746

6218,-207226

6218,-74094

6218,-50840

6218,-168824

6218,-265012

6218,-207056

6218,-72200

6218,-50636

6218,-167990

6218,-265756

6218,-207722

6218,-72082

6218,-49656

6218,-167740

6218,-263830

6218,-206138

6218,-73230

6218,-50158

6218,-166526

6218,-263406

6218,-205756

6218,-72646

6218,-50128

6218,-167902

6218,-265500

6218,-207156

6218,-73760

6218,-51418

6218,-166180

6218,-265234

6218,-207938

6218,-75292

6219,-51786

6219,-167920

6219,-264554

6219,-207502

6219,-73970

6219,-51760

6219,-167458

6219,-264156

6219,-206910

6219,-74596

6219,-51004

6219,-167864

6219,-264830

6219,-205994

6219,-74884

6219,-51670

6219,-170820

6219,-267140

6219,-206644

6219,-73126

6219,-52158

6219,-169998

6219,-265164

6219,-206690

6219,-72122

6219,-50036

6219,-169874

6219,-266906

6219,-208122

6219,-73774

6219,-50704

6219,-168564

6219,-266706

6219,-208822

6219,-75022

6219,-50142

6227,-168142

6227,-265578

6227,-207212

6227,-74042

6227,-50854

6227,-166324

6227,-265092

6227,-209556

6227,-74486

6227,-50160

6227,-165694

6227,-263210

6227,-207634

6227,-75776

6227,-49462

6227,-166666

6227,-262024

6227,-207046

6227,-73728

6227,-49430

6227,-164914

6227,-261720

6227,-204006

6227,-71758

6227,-49826

6227,-164876

6227,-261456

6227,-204446

6227,-73898

6227,-49954

6227,-165574

6228,-262262

6228,-204584

6228,-72350

6228,-49300

6228,-164744

6228,-262918

6228,-205276

6228,-73004

6228,-50240

6228,-165722

6228,-262308

6228,-205496

6228,-71928

6228,-49312

6228,-164124

6228,-259648

6228,-202354

6228,-69976

6228,-45978

6228,-164398

6228,-260590

6228,-201396

6228,-73264

6228,-48788

6228,-161922

6228,-257998

6228,-202250

6228,-69536

6228,-47092

6228,-162258

6228,-257512

6228,-198882

6228,-68360

6228,-45478

6228,-164088

6228,-254898

6228,-226022

6228,-104414

6228,-25952

6228,-70140

6228,-174446

6228,-292112

6228,-240608

6228,-77700

6228,45368

6228,-94242

6228,-255114

6228,-274262

6228,-141974

6228,-23064

6228,-78666

6228,-202158

6228,-267950

6228,-148880

6228,-34536

6228,-51526

6228,-204788

6228,-281666

6228,-182428

6228,-56492

6228,-25896

6228,-140252

6228,-251022

6228,-227204

6228,-113186

6229,-30954

6229,-98570

6229,-214990

6229,-231768

6229,-145310

6229,-58218

6229,-87060

6229,-169194

6229,-203134

6229,-145922

6229,-99030

6229,-115310

6229,-154828

6229,-161958

6229,-123796

6229,-119280

6229,-141488

6229,-163194

6229,-143432

6229,-111044

6229,-116636

6229,-157724

6229,-179186

6229,-140080

6229,-98412

6229,-108760

6229,-166196

6229,-186382

6229,-144186

6229,-94396

6229,-98828

6229,-156302

6233,-181254

6233,-151114

6233,-105558

6233,-103714

6233,-143850

6233,-172374

6233,-150042

6233,-110524

6233,-109384

6233,-146662

6233,-163942

6233,-138520

6233,-110720

6233,-123436

6233,-154180

6233,-159946

6233,-130420

6233,-104414

6233,-122054

6233,-159252

6233,-166502

6233,-135990

6233,-99880

6233,-111756

6233,-157164

6233,-172826

6233,-137062

6234,-97406

6234,-108350

6234,-154084

6234,-172254

6234,-139804

6234,-97836

6234,-101606

6234,-148414

6234,-175658

6234,-146108

6234,-100376

6234,-100806

6234,-145678

6234,-174570

6234,-146524

6234,-106228

6234,-104874

6234,-142160

6234,-166368

6234,-144632

6234,-108222

6234,-104980

6234,-137686

6234,-157652

6234,-143382

6234,-110144

6234,-104502

6234,-133838

6234,-153706

6234,-142038

6234,-114786

6234,-109610

6234,-133242

6234,-149118

6234,-135838

6234,-113212

6234,-112350

6234,-137866

6234,-153874

6234,-133868

6234,-109588

6234,-110614

6234,-137774

6234,-152430

6234,-133270

6234,-108410

6234,-111914

6234,-141804

6234,-151368

6234,-129908

6234,-104662

6234,-111150

6234,-140286

6234,-149444

6234,-128266

6234,-105186

6234,-110910

6234,-136232

6234,-147980

6234,-128220

6234,-105446

6234,-110544

6234,-137676

6234,-147806

6234,-125692

6235,-104800

6235,-112488

6235,-137044

6235,-142836

6235,-122604

6235,-103662

6235,-113312

6235,-137740

6235,-141144

6235,-120114

6235,-99026

6235,-109896

6235,-138854

6235,-144648

6235,-117498

6235,-95288

6235,-107498

6235,-137386

6235,-144606

6235,-119560

6235,-96670

6235,-105214

6235,-134462

6235,-141962

6235,-119860

6235,-98016

6235,-105056

6235,-129526

6235,-138926

6235,-118370

6235,-97754

6235,-104102

6235,-130320

6235,-138660

6235,-117528

6235,-100132

6241,-104214

6241,-126050

6241,-134316

6241,-119582

6241,-103818

6241,-103918

6241,-123052

6241,-128876

6241,-118526

6241,-103444

6241,-102810

6241,-118118

6241,-122614

6241,-115912

6241,-103376

6241,-102980

6241,-113314

6241,-118592

6241,-111174

6241,-102966

6241,-104964

6241,-112276

6241,-115322

6241,-106370

6241,-101874

6241,-105012

6241,-112506

6242,-111090

6242,-107152

6242,-101614

6242,-104362

6242,-111420

6242,-109204

6242,-101686

6242,-96584

6242,-104020

6242,-111884

6242,-111616

6242,-101992

6242,-94720

6242,-99156

6242,-108794

6242,-110030

6242,-101270

6242,-95186

6242,-96320

6242,-105618

6242,-108246

6242,-100286

6242,-91640

6242,-90890

6242,-99856

6242,-105320

6242,-99498

6242,-91056

6242,-91782

6242,-97388

6242,-101652

6242,-96140

6242,-90314

6242,-90148

6242,-97996

6242,-99884

6242,-95134

6242,-89498

6242,-90262

6242,-96782

6242,-97466

6242,-89868

6242,-85892

6242,-85058

6242,-96872

6242,-97718

6242,-87584

6242,-77850

6242,-83930

6242,-97400

6242,-100354

6242,-86964

6242,-73964

6242,-80192

6242,-95782

6242,-101380

6242,-86976

6242,-73584

6242,-73766

6242,-91320

6242,-100478

6242,-91574

6242,-75236

6242,-74156

6242,-89246

6243,-99100

6243,-89534

6243,-73560

6243,-75238

6243,-88770

6243,-96124

6243,-86102

6243,-72552

6243,-73780

6243,-88452

6243,-94192

6243,-82656

6243,-72410

6243,-74428

6243,-85726

6243,-90282

6243,-80080

6243,-70686

6243,-75032

6243,-87786

6243,-88602

6243,-76962

6243,-66422

6243,-70580

6243,-85746

6243,-89636

6243,-76936

6243,-65300

6243,-70812

6243,-81232

6243,-87616

6243,-77882

6243,-66752

6243,-67982

6243,-79628

6243,-85726

6249,-76490

6249,-66956

6249,-67712

6249,-76926

6249,-81264

6249,-76798

6249,-67428

6249,-67038

6249,-75294

6249,-78292

6249,-74104

6249,-69298

6249,-69488

6249,-73350

6249,-74856

6249,-71978

6249,-71176

6249,-70730

6249,-72196

6249,-69620

6249,-67162

6249,-66850

6249,-68896

6249,-70382

6249,-70422

6249,-66202

6249,-66276

6250,-67802

6250,-68088

6250,-67292

6250,-64914

6250,-64870

6250,-67408

6250,-68476

6250,-65052

6250,-60554

6250,-62338

6250,-67066

6250,-69478

6250,-63646

6250,-58648

6250,-59182

6250,-65734

6250,-66482

6250,-61636

6250,-57500

6250,-57788

6250,-64420

6250,-64840

6250,-61012

6250,-52536

6250,-54872

6250,-62820

6250,-67138

6250,-60540

6250,-51398

6250,-55856

6250,-62060

6250,-65404

6250,-58806

6250,-52200

6250,-54032

6250,-61328

6250,-65906

6250,-60128

6250,-52312

6250,-51002

6250,-63378

6250,-68486

6250,-57878

6250,-48782

6250,-49844

6250,-60574

6250,-67294

6250,-60594

6250,-51640

6250,-49160

6250,-57976

6250,-66848

6250,-61934

6250,-51204

6250,-48918

6250,-57452

6250,-63938

6250,-61094

6250,-50012

6250,-47154

6250,-56688

6250,-63082

6250,-61744

6250,-51808

6250,-45728

6251,-51682

6251,-62016

6251,-61174

6251,-52334

6251,-45820

6251,-52006

6251,-57940

6251,-58014

6251,-52262

6251,-46904

6251,-50718

6251,-57180

6251,-55908

6251,-50052

6251,-46140

6251,-52940

6251,-58078

6251,-55760

6251,-51852

6251,-47162

6251,-50870

6251,-55262

6251,-53304

6251,-50688

6251,-47904

6251,-52564

6251,-56316

6251,-52676

6251,-47884

6251,-47092

6251,-51632

6251,-54964

6251,-51816

6251,-44864

6251,-46768

6251,-52620

6257,-57066

6257,-52516

6257,-44872

6257,-46080

6257,-51852

6257,-56124

6257,-52234

6257,-44934

6257,-45148

6257,-52500

6257,-56354

6257,-54238

6257,-46214

6257,-42708

6257,-48974

6257,-57270

6257,-53130

6257,-47172

6257,-46706

6257,-52424

6257,-55830

6257,-55128

6257,-49380

6257,-45986

6257,-52968

6257,-57866

6257,-55946

6258,-50554

6258,-49292

6258,-55252

6258,-59364

6258,-56460

6258,-52034

6258,-53898

6258,-56158

6258,-60312

6258,-55394

6258,-51962

6258,-53286

6258,-58938

6258,-62934

6258,-56664

6258,-51786

6258,-54194

6258,-62026

6258,-64874

6258,-57356

6258,-50032

6258,-53886

6258,-62078

6258,-65480

6258,-58872

6258,-51998

6258,-52242

6258,-62098

6258,-66276

6258,-63134

6258,-52456

6258,-52666

6258,-61394

6258,-66832

6258,-61612

6258,-52000

6258,-52350

6258,-57784

6258,-65240

6258,-62536

6258,-55146

6258,-50560

6258,-58572

6258,-64358

6258,-63152

6258,-55996

6258,-50554

6258,-55768

6258,-63050

6258,-63184

6258,-56502

6258,-51690

6258,-55170

6258,-62150

6258,-60628

6258,-56072

6258,-53324

6258,-53710

6258,-60354

6258,-60516

6258,-56716

6258,-52852

6258,-57146

6258,-61828

6258,-63064

6259,-56924

6259,-54336

6259,-57234

6259,-60912

6259,-61250

6259,-57852

6259,-56474

6259,-58988

6259,-62158

6259,-61800

6259,-56422

6259,-57042

6259,-60588

6259,-63870

6259,-63468

6259,-58382

6259,-57220

6259,-59216

6259,-63810

6259,-64866

6259,-61488

6259,-58384

6259,-60576

6259,-65768

6259,-65778

6259,-60940

6259,-58444

6259,-61616

6259,-66672

6259,-66968

6259,-62890

6259,-59424

6259,-61750

6259,-66664

6259,-67046

6259,-63518

6265,-60876

6265,-62548

6265,-67144

6265,-67698

6265,-61654

6265,-60096

6265,-64300

6265,-68332

6265,-66540

6265,-63584

6265,-63142

6265,-63228

6265,-65808

6265,-66886

6265,-65128

6265,-61392

6265,-62650

6265,-68128

6265,-67040

6265,-63240

6265,-61952

6265,-63030

6265,-66226

6265,-68330

6265,-63828

6265,-59876

6265,-61542

6266,-66964

6266,-67574

6266,-63588

6266,-60544

6266,-62110

6266,-68574

6266,-68696

6266,-63090

6266,-59606

6266,-61370

6266,-67020

6266,-68706

6266,-63712

6266,-59142

6266,-58596

6266,-67064

6266,-70324

6266,-65156

6266,-58912

6266,-59930

6266,-67950

6266,-71086

6266,-65402

6266,-57910

6266,-60290

6266,-65766

6266,-71326

6266,-67378

6266,-58698

6266,-59518

6266,-65952

6266,-70578

6266,-66728

6266,-57748

6266,-56560

6266,-63792

6266,-69386

6266,-68074

6266,-60256

6266,-57296

6266,-63302

6266,-70088

6266,-66610

6266,-58854

6266,-57038

6266,-63008

6266,-68788

6266,-65038

6266,-58560

6266,-58070

6266,-63606

6266,-69654

6266,-64556

6266,-57014

6266,-57638

6266,-64404

6266,-68300

6266,-64118

6266,-56964

6266,-55712

6266,-63438

6266,-69204

6266,-64928

6266,-58346

6266,-54862

6267,-63324

6267,-66840

6267,-63680

6267,-58510

6267,-56076

6267,-60878

6267,-64014

6267,-62384

6267,-57368

6267,-55140

6267,-59200

6267,-63332

6267,-60962

6267,-52984

6267,-53406

6267,-59816

6267,-61952

6267,-57488

6267,-53592

6267,-54244

6267,-60400

6267,-60872

6267,-57832

6267,-52072

6267,-52600

6267,-61032

6267,-62848

6267,-55846

6267,-50140

6267,-53772

6267,-60424

6267,-61442

6267,-56344

6267,-50920

6267,-52172

6267,-59540

6273,-60494

6273,-55372

6273,-50316

6273,-50178

6273,-58332

6273,-60880

6273,-56030

6273,-52052

6273,-53402

6273,-59758

6273,-62442

6273,-58536

6273,-54728

6273,-53678

6273,-59552

6273,-65076

6273,-61042

6273,-54886

6273,-55400

6273,-61288

6273,-63662

6273,-59510

6273,-54846

6273,-57558

6273,-62946

6273,-65224

6273,-60112

6274,-53174

6274,-54846

6274,-62914

6274,-67490

6274,-61290

6274,-53152

6274,-55166

6274,-60656

6274,-67030

6274,-63520

6274,-54690

6274,-54530

6274,-63344

6274,-68058

6274,-64148

6274,-54878

6274,-54352

6274,-62584

6274,-70022

6274,-63632

6274,-55166

6274,-54034

6274,-63970

6274,-66240

6274,-64650

6274,-55518

6274,-57236

6274,-66364

6274,-69928

6274,-65330

6274,-58178

6274,-60212

6274,-67174

6274,-71104

6274,-64648

6274,-58044

6274,-58328

6274,-68766

6274,-72092

6274,-65206

6274,-59992

6274,-61508

6274,-70294

6274,-73948

6274,-69044

6274,-60318

6274,-63054

6274,-72792

6274,-79372

6274,-69778

6274,-62336

6274,-65766

6274,-76496

6274,-80412

6274,-72006

6274,-63118

6274,-66178

6274,-75852

6274,-82486

6274,-74194

6274,-62882

6274,-66994

6274,-80812

6274,-83582

6274,-77062

6275,-67876

6275,-67486

6275,-78786

6275,-86402

6275,-80054

6275,-70502

6275,-68650

6275,-79876

6275,-85766

6275,-80574

6275,-72148

6275,-69998

6275,-80172

6275,-84176

6275,-77740

6275,-71814

6275,-71850

6275,-81910

6275,-86944

6275,-78376

6275,-71486

6275,-74090

6275,-82044

6275,-85676

6275,-79266

6275,-73920

6275,-75008

6275,-83250

6275,-87074

6275,-78644

6275,-74602

6275,-78148

6275,-85920

6275,-85170

6275,-77790

6275,-71896

6281,-75880

6281,-85756

6281,-87886

6281,-79494

6281,-72806

6281,-76858

6281,-85886

6281,-87374

6281,-79882

6281,-72828

6281,-76750

6281,-87558

6281,-88094

6281,-80528

6281,-74228

6281,-79310

6281,-87508

6281,-90822

6281,-82686

6281,-77668

6281,-81428

6281,-90644

6281,-90962

6281,-84526

6281,-78930

6281,-84270

6281,-90764

6282,-94482

6282,-86646

6282,-81090

6282,-86978

6282,-94170

6282,-93736

6282,-87190

6282,-83510

6282,-87990

6282,-95478

6282,-95912

6282,-86984

6282,-83134

6282,-87544

6282,-97094

6282,-97476

6282,-88700

6282,-84498

6282,-89164

6282,-96818

6282,-98824

6282,-90534

6282,-87264

6282,-89698

6282,-96718

6282,-99004

6282,-91802

6282,-87102

6282,-91252

6282,-99466

6282,-100012

6282,-92318

6282,-88684

6282,-91280

6282,-98018

6282,-100074

6282,-92252

6282,-88250

6282,-92622

6282,-99992

6282,-99542

6282,-92522

6282,-90104

6282,-93368

6282,-99180

6282,-101980

6282,-94740

6282,-89154

6282,-93164

6282,-101074

6282,-102446

6282,-93348

6282,-90862

6282,-94100

6282,-100928

6282,-104098

6282,-96568

6282,-89366

6282,-92264

6282,-100638

6282,-103506

6282,-95028

6282,-89710

6282,-91740

6282,-100020

6283,-104338

6283,-96346

6283,-89448

6283,-94006

6283,-101998

6283,-103888

6283,-98020

6283,-90584

6283,-94824

6283,-101594

6283,-103224

6283,-97320

6283,-89860

6283,-93490

6283,-101864

6283,-103604

6283,-97076

6283,-91008

6283,-95118

6283,-101988

6283,-104788

6283,-101138

6283,-94226

6283,-95938

6283,-103636

6283,-106188

6283,-100822

6283,-94086

6283,-95414

6283,-103794

6283,-103954

6283,-98166

6283,-94286

6283,-97664

6283,-104118

6283,-105670

6289,-98024

6289,-91850

6289,-95550

6289,-103380

6289,-106786

6289,-97498

6289,-92804

6289,-95250

6289,-102292

6289,-106026

6289,-97998

6289,-90644

6289,-93678

6289,-102022

6289,-104786

6289,-98506

6289,-90906

6289,-92838

6289,-101418

6289,-103614

6289,-97374

6289,-91100

6289,-91180

6289,-97914

6289,-102888

6289,-95160

6289,-87350

6290,-88812

6290,-98494

6290,-102822

6290,-99200

6290,-91000

6290,-90202

6290,-98206

6290,-102512

6290,-96754

6290,-87898

6290,-89292

6290,-96980

6290,-102552

6290,-97128

6290,-89006

6290,-89094

6290,-97764

6290,-100692

6290,-95668

6290,-87358

6290,-87234

6290,-94586

6290,-98468

6290,-93922

6290,-86638

6290,-86772

6290,-92818

6290,-95120

6290,-94032

6290,-87894

6290,-88212

6290,-92230

6290,-94724

6290,-91996

6290,-85414

6290,-84504

6290,-89786

6290,-92802

6290,-89440

6290,-84210

6290,-84238

6290,-90488

6290,-92064

6290,-89266

6290,-81660

6290,-82802

6290,-90784

6290,-93938

6290,-88822

6290,-80720

6290,-83012

6290,-89834

6290,-93916

6290,-87322

6290,-82022

6290,-81406

6290,-91170

6290,-94780

6290,-86034

6290,-81230

6290,-80696

6290,-89928

6290,-94418

6290,-88862

6290,-81934

6291,-80712

6291,-88828

6291,-93582

6291,-88546

6291,-80042

6291,-79614

6291,-88260

6291,-92144

6291,-88346

6291,-80516

6291,-79966

6291,-84594

6291,-90106

6291,-85522

6291,-78690

6291,-78312

6291,-83704

6291,-88358

6291,-84858

6291,-78530

6291,-78278

6291,-83632

6291,-87972

6291,-84134

6291,-78854

6291,-77784

6291,-83048

6291,-89004

6291,-84660

6291,-78232

6291,-76582

6291,-81600

6291,-85840

6291,-81796

6291,-76508

6291,-75268

6297,-82032

6297,-85952

6297,-82152

6297,-75484

6297,-75084

6297,-80410

6297,-84470

6297,-80636

6297,-75334

6297,-75734

6297,-80220

6297,-82790

6297,-80104

6297,-74734

6297,-75194

6297,-79588

6297,-81002

6297,-78636

6297,-74968

6297,-76622

6297,-81456

6297,-83762

6297,-79660

6297,-74708

6297,-75676

6297,-81736

6297,-82454

6298,-79296

6298,-74102

6298,-76566

6298,-80702

6298,-83508

6298,-79686

6298,-74912

6298,-75198

6298,-80576

6298,-84642

6298,-80464

6298,-76100

6298,-77322

6298,-82290

6298,-84852

6298,-83094

6298,-77652

6298,-76592

6298,-82210

6298,-85148

6298,-81804

6298,-78638

6298,-78350

6298,-82012

6298,-85766

6298,-84602

6298,-78100

6298,-78350

6298,-81432

6298,-82794

6298,-80296

6298,-78404

6298,-77488

6298,-79834

6298,-82364

6298,-82592

6298,-76336

6298,-74846

6298,-79570

6298,-82490

6298,-79776

6298,-75702

6298,-74290

6298,-79138

6298,-80350

6298,-79008

6298,-73248

6298,-72494

6298,-79504

6298,-79588

6298,-77992

6298,-73214

6298,-72600

6298,-76886

6298,-78686

6298,-73604

6298,-70496

6298,-71570

6298,-77754

6298,-75874

6298,-72552

6298,-67974

6298,-66788

6298,-72992

6298,-75952

6299,-70442

6299,-67238

6299,-66284

6299,-72646

6299,-75648

6299,-69920

6299,-65010

6299,-66408

6299,-73086

6299,-74352

6299,-70028

6299,-63656

6299,-65552

6299,-73022

6299,-75002

6299,-67674

6299,-63834

6299,-63750

6299,-71284

6299,-74172

6299,-68162

6299,-62038

6299,-61762

6299,-70234

6299,-73046

6299,-67032

6299,-62286

6299,-61726

6299,-68030

6299,-72466

6299,-69680

6299,-63184

6299,-61888

6299,-67990

6299,-72520

6299,-68420

6305,-60808

6305,-61468

6305,-67522

6305,-71052

6305,-69738

6305,-63960

6305,-62996

6305,-66686

6305,-71550

6305,-68972

6305,-61820

6305,-62532

6305,-64934

6305,-70298

6305,-68790

6305,-62806

6305,-59756

6305,-63520

6305,-68244

6305,-67106

6305,-61502

6305,-59900

6305,-64452

6305,-67792

6305,-66454

6305,-62710

6305,-60422

6306,-64022

6306,-68582

6306,-66294

6306,-61260

6306,-60878

6306,-64976

6306,-68632

6306,-66386

6306,-60804

6306,-61186

6306,-63576

6306,-65226

6306,-64216

6306,-58440

6306,-59918

6306,-62016

6306,-67004

6306,-65774

6306,-61264

6306,-61038

6306,-65214

6306,-66750

6306,-63968

6306,-61486

6306,-61856

6306,-64746

6306,-68532

6306,-66412

6306,-61398

6306,-60380

6306,-65026

6306,-66752

6306,-64578

6306,-60308

6306,-60882

6306,-65508

6306,-69538

6306,-64932

6306,-60178

6306,-61130

6306,-66364

6306,-67488

6306,-65806

6306,-61924

6306,-59426

6306,-64010

6306,-66472

6306,-65834

6306,-59820

6306,-59174

6306,-63916

6306,-67732

6306,-66188

6306,-59088

6306,-57404

6306,-61772

6306,-64102

6306,-64236

6306,-59074

6306,-55824

6306,-59650

6306,-63838

6306,-61852

6306,-57766

6306,-55276

6307,-55986

6307,-61670

6307,-60600

6307,-57578

6307,-54124

6307,-54202

6307,-57414

6307,-57734

6307,-53458

6307,-50796

6307,-50958

6307,-53982

6307,-54260

6307,-49770

6307,-47068

6307,-48610

6307,-52054

6307,-52246

6307,-48852

6307,-47954

6307,-48362

6307,-50048

6307,-49918

6307,-47388

6307,-46176

6307,-47258

6307,-49040

6307,-48392

6307,-47222

6307,-44342

6307,-45240

6307,-49202

6307,-48184

6307,-46092

6307,-44500

6307,-45062

6313,-47806

6313,-46794

6313,-44348

6313,-43862

6313,-41734

6313,-46880

6313,-48000

6313,-43882

6313,-41408

6313,-41854

6313,-44150

6313,-45814

6313,-42632

6313,-41896

6313,-41270

6313,-43830

6313,-43018

6313,-42068

6313,-42368

6313,-41758

6313,-44034

6313,-43838

6313,-41380

6313,-40784

6313,-42144

6313,-42028

6313,-42970

6314,-43246

6314,-40436

6314,-41240

6314,-43218

6314,-42592

6314,-40068

6314,-37836

6314,-38946

6314,-42862

6314,-42842

6314,-41950

6314,-38914

6314,-40444

6314,-43222

6314,-41098

6314,-39642

6314,-40070

6314,-40880

6314,-44448

6314,-43348

6314,-42130

6314,-40536

6314,-41798

6314,-42152

6314,-43232

6314,-42558

6314,-41036

6314,-41140

6314,-41060

6314,-40704

6314,-40256

6314,-39324

6314,-38832

6314,-41104

6314,-39050

6314,-39278

6314,-40164

6314,-40458

6314,-41420

6314,-38266

6314,-37396

6314,-39398

6314,-40128

6314,-41502

6314,-37658

6314,-38492

6314,-38002

6314,-40262

6314,-40282

6314,-40170

6314,-39648

6314,-39428

6314,-41186

6314,-42058

6314,-41462

6314,-39804

6314,-40512

6314,-42070

6314,-41610

6314,-43228

6314,-40866

6314,-40136

6314,-39908

6314,-41572

6314,-41674

6315,-39020

6315,-39216

6315,-39942

6315,-40458

6315,-42200

6315,-41350

6315,-41250

6315,-40314

6315,-40260

6315,-42580

6315,-42110

6315,-41524

6315,-40196

6315,-41098

6315,-41970

6315,-41036

6315,-41186

6315,-39436

6315,-41126

6315,-40044

6315,-41194

6315,-40872

6315,-39474

6315,-40968

6315,-40504

6315,-41736

6315,-41548

6315,-40406

6315,-40624

6315,-40030

6315,-40756

6315,-39974

6315,-41130

6315,-39834

6315,-39566

6315,-40634

6321,-39476

6321,-38988

6321,-39114

6321,-39292

6321,-38184

6321,-39654

6321,-39136

6321,-40808

6321,-40858

6321,-41358

6321,-41268

6321,-40332

6321,-42216

6321,-41044

6321,-40640

6321,-42038

6321,-42896

6321,-41852

6321,-41968

6321,-43060

6321,-43014

6321,-44176

6321,-42386

6321,-42488

6321,-40508

6321,-43472

6321,-44346

6322,-44180

6322,-43794

6322,-42470

6322,-43100

6322,-44366

6322,-44230

6322,-43484

6322,-42228

6322,-42774

6322,-42804

6322,-43302

6322,-44304

6322,-43286

6322,-42018

6322,-42750

6322,-45258

6322,-44920

6322,-42240

6322,-44084

6322,-44074

6322,-44888

6322,-45810

6322,-47092

6322,-45016

6322,-44264

6322,-45698

6322,-46914

6322,-46692

6322,-45890

6322,-44480

6322,-45018

6322,-46034

6322,-47298

6322,-49164

6322,-45558

6322,-43302

6322,-46686

6322,-46132

6322,-45460

6322,-43728

6322,-43364

6322,-44738

6322,-46242

6322,-47214

6322,-46662

6322,-45314

6322,-45338

6322,-47638

6322,-48744

6322,-49264

6322,-49024

6322,-48272

6322,-49886

6322,-49718

6322,-48942

6322,-48662

6322,-48400

6322,-49074

6322,-50284

6322,-48056

6322,-46810

6322,-47426

6322,-50684

6322,-50676

6322,-48896

6323,-49292

6323,-48890

6323,-50768

6323,-51256

6323,-52096

6323,-50276

6323,-51408

6323,-50722

6323,-53396

6323,-51646

6323,-50148

6323,-52576

6323,-52872

6323,-52342

6323,-51606

6323,-49442

6323,-49940

6323,-52242

6323,-53638

6323,-52666

6323,-48952

6323,-48072

6323,-50540

6323,-53068

6323,-52614

6323,-49786

6323,-49218

6323,-51686

6323,-52718

6323,-50532

6323,-50920

6323,-50100

6323,-52304

6323,-52444

6323,-52854

6323,-53956

6329,-53202

6329,-54340

6329,-54380

6329,-55794

6329,-53972

6329,-53676

6329,-53320

6329,-55988

6329,-55934

6329,-53964

6329,-54076

6329,-55258

6329,-55604

6329,-55960

6329,-54952

6329,-53768

6329,-54362

6329,-52570

6329,-52240

6329,-51514

6329,-52530

6329,-54774

6329,-53458

6329,-54710

6329,-52874

6329,-51526

6329,-52718

6330,-53540

6330,-52786

6330,-52108

6330,-52668

6330,-53028

6330,-53662

6330,-52600

6330,-49426

6330,-51764

6330,-52262

6330,-52920

6330,-50646

6330,-51116

6330,-51144

6330,-50846

6330,-51422

6330,-50188

6330,-47994

6330,-49758

6330,-51270

6330,-49078

6330,-48372

6330,-46828

6330,-46608

6330,-48288

6330,-48288

6330,-46140

6330,-45508

6330,-45458

6330,-45608

6330,-46462

6330,-46056

6330,-43062

6330,-44144

6330,-44348

6330,-43294

6330,-42326

6330,-40414

6330,-41832

6330,-43658

6330,-44112

6330,-41678

6330,-43522

6330,-41746

6330,-42752

6330,-43990

6330,-43658

6330,-42360

6330,-42986

6330,-43630

6330,-44400

6330,-42994

6330,-40394

6330,-43160

6330,-44152

6330,-44494

6330,-42342

6330,-41448

6330,-41456

6330,-41936

6330,-43046

6330,-42220

6330,-40688

6330,-42616

6330,-44244

6331,-43398

6331,-41350

6331,-39520

6331,-40790

6331,-43670

6331,-43118

6331,-41734

6331,-40762

6331,-40134

6331,-41182

6331,-41954

6331,-42426

6331,-40456

6331,-39294

6331,-41532

6331,-41658

6331,-41166

6331,-38928

6331,-38572

6331,-39212

6331,-41468

6331,-38416

6331,-36050

6331,-37006

6331,-39376

6331,-38842

6331,-37732

6331,-36310

6331,-36380

6331,-39454

6331,-37950

6331,-35150

6331,-34816

6331,-35600

6331,-38014

6331,-38064

6337,-36544

6337,-35046

6337,-35704

6337,-37296

6337,-38628

6337,-36034

6337,-34944

6337,-36036

6337,-36540

6337,-36760

6337,-35598

6337,-35322

6337,-35664

6337,-35930

6337,-38390

6337,-36772

6337,-36490

6337,-39270

6337,-38898

6337,-38408

6337,-37220

6337,-37000

6337,-37052

6337,-38218

6337,-36682

6337,-37914

6337,-38222

6338,-37910

6338,-39098

6338,-40142

6338,-39162

6338,-37834

6338,-39218

6338,-41174

6338,-39808

6338,-38716

6338,-39026

6338,-38602

6338,-38004

6338,-39484

6338,-37238

6338,-36046

6338,-36742

6338,-39624

6338,-38624

6338,-36410

6338,-37620

6338,-38786

6338,-37446

6338,-38156

6338,-38036

6338,-36418

6338,-38106

6338,-39534

6338,-39120

6338,-37836

6338,-37356

6338,-38880

6338,-39258

6338,-36426

6338,-36236

6338,-38024

6338,-38890

6338,-39012

6338,-38328

6338,-35978

6338,-38600

6338,-39214

6338,-38456

6338,-38106

6338,-36140

6338,-36876

6338,-39936

6338,-40902

6338,-39378

6338,-36736

6338,-36348

6338,-38730

6338,-40530

6338,-39814

6338,-37990

6338,-37762

6338,-40314

6338,-39770

6338,-39642

6338,-39352

6338,-40710

6338,-40994

6338,-40394

6338,-40406

6338,-41240

6338,-41934

6339,-41850

6339,-41608

6339,-40830

6339,-40460

6339,-41248

6339,-42514

6339,-42128

6339,-40856

6339,-42130

6339,-40672

6339,-41012

6339,-42482

6339,-40514

6339,-41256

6339,-40780

6339,-41530

6339,-43572

6339,-43388

6339,-39126

6339,-40366

6339,-41642

6339,-43254

6339,-43958

6339,-41736

6339,-41886

6339,-42560

6339,-42386

6339,-42578

6339,-41128

6339,-42578

6339,-42504

6339,-44394

6339,-43724

6339,-43278

6339,-44392

6339,-43706

6345,-44482

6345,-45152

6345,-44380

6345,-43248

6345,-46094

6345,-44774

6345,-45110

6345,-44760

6345,-46888

6345,-48000

6345,-48450

6345,-46306

6345,-47734

6345,-47240

6345,-48182

6345,-48816

6345,-50208

6345,-47388

6345,-47800

6345,-48302

6345,-47800

6345,-48658

6345,-47212

6345,-47126

6345,-49096

6345,-49420

6345,-49094

6346,-46810

6346,-49728

6346,-49892

6346,-50254

6346,-48788

6346,-48776

6346,-49344

6346,-49102

6346,-50862

6346,-51906

6346,-50180

6346,-49218

6346,-52854

6346,-53264

6346,-51282

6346,-50948

6346,-51020

6346,-51080

6346,-52246

6346,-48654

6346,-50390

6346,-50000

6346,-50358

6346,-50974

6346,-50562

6346,-51528

6346,-50804

6346,-50880

6346,-52188

6346,-52412

6346,-51010

6346,-50308

6346,-50538

6346,-51518

6346,-52008

6346,-52740

6346,-51568

6346,-50930

6346,-51178

6346,-53070

6346,-52268

6346,-52752

6346,-53006

6346,-50736

6346,-50922

6346,-54430

6346,-53552

6346,-51890

6346,-51322

6346,-52300

6346,-52376

6346,-53150

6346,-51172

6346,-50142

6346,-49840

6346,-50154

6346,-52004

6346,-48656

6346,-47690

6346,-48512

6346,-51178

6346,-52526

6346,-51102

6346,-48956

6346,-48538

6347,-49520

6347,-51574

6347,-50158

6347,-48396

6347,-47494

6347,-51110

6347,-50090

6347,-50356

6347,-49132

6347,-48526

6347,-51580

6347,-52222

6347,-50586

6347,-49898

6347,-49984

6347,-51074

6347,-50046

6347,-50814

6347,-50432

6347,-49146

6347,-49486

6347,-49124

6347,-50504

6347,-50182

6347,-49642

6347,-48938

6347,-50150

6347,-51788

6347,-50708

6347,-52480

6347,-51198

6347,-53096

6347,-50874

6347,-48650

6347,-49044

6347,-49948

6353,-50674

6353,-50594

6353,-51002

6353,-50006

6353,-49748

6353,-51070

6353,-50196

6353,-51166

6353,-49040

6353,-49368

6353,-49920

6353,-50118

6353,-50718

6353,-49588

6353,-50894

6353,-50588

6353,-50910

6353,-51734

6353,-50182

6353,-52194

6353,-52684

6353,-50954

6353,-52628

6353,-52174

6353,-52586

6353,-50694

6353,-52344

6354,-52004

6354,-49414

6354,-49492

6354,-51334

6354,-50188

6354,-49018

6354,-50044

6354,-48812

6354,-47610

6354,-49654

6354,-49066

6354,-49970

6354,-50940

6354,-49910

6354,-47288

6354,-49416

6354,-50456

6354,-51004

6354,-51090

6354,-49554

6354,-49468

6354,-50130

6354,-50572

6354,-51520

6354,-48650

6354,-48792

6354,-49840

6354,-51002

6354,-49126

6354,-47802

6354,-48736

6354,-49566

6354,-52106

6354,-50288

6354,-48510

6354,-49316

6354,-49578

6354,-49838

6354,-50812

6354,-47772

6354,-47684

6354,-49632

6354,-51342

6354,-48420

6354,-46252

6354,-46902

6354,-49446

6354,-48182

6354,-47074

6354,-46212

6354,-44930

6354,-45950

6354,-47498

6354,-46618

6354,-44128

6354,-44160

6354,-45406

6354,-47424

6354,-46684

6354,-44500

6354,-44586

6354,-45194

6354,-47122

6354,-46656

6354,-43972

6355,-42128

6355,-43658

6355,-46532

6355,-46948

6355,-43856

6355,-43410

6355,-44192

6355,-46574

6355,-44766

6355,-41978

6355,-41910

6355,-43478

6355,-46118

6355,-44586

6355,-41596

6355,-41360

6355,-42364

6355,-45608

6355,-43774

6355,-40448

6355,-40352

6355,-40676

6355,-41834

6355,-40434

6355,-38388

6355,-35434

6355,-37614

6355,-40702

6355,-39344

6355,-35934

6355,-33736

6355,-36294

6355,-39364

6355,-38184

6355,-37200

6355,-33660

6361,-35168

6361,-37534

6361,-37852

6361,-34316

6361,-33394

6361,-35844

6361,-38248

6361,-37398

6361,-34480

6361,-31954

6361,-34144

6361,-36562

6361,-36550

6361,-34514

6361,-32422

6361,-34670

6361,-37474

6361,-37192

6361,-34344

6361,-32960

6361,-35110

6361,-37692

6361,-36262

6361,-33946

6361,-32882

6361,-35330

6361,-38256

6362,-37172

6362,-33364

6362,-33334

6362,-34146

6362,-36144

6362,-36980

6362,-34018

6362,-32774

6362,-32190

6362,-37288

6362,-37238

6362,-32938

6362,-31526

6362,-33454

6362,-35132

6362,-34640

6362,-30870

6362,-31090

6362,-33906

6362,-36134

6362,-35988

6362,-33640

6362,-31868

6362,-33732

6362,-35158

6362,-33488

6362,-32254

6362,-31504

6362,-32374

6362,-35750

6362,-35692

6362,-33108

6362,-32834

6362,-34530

6362,-35996

6362,-35002

6362,-32890

6362,-31052

6362,-33608

6362,-36940

6362,-35372

6362,-32236

6362,-32024

6362,-33604

6362,-37382

6362,-35432

6362,-33520

6362,-34244

6362,-36838

6362,-38484

6362,-37964

6362,-36310

6362,-33936

6362,-37312

6362,-41052

6362,-39730

6362,-35724

6362,-35066

6362,-38100

6362,-39286

6362,-38452

6362,-35108

6362,-34552

6362,-37242

6362,-40270

6363,-39468

6363,-36404

6363,-35532

6363,-36882

6363,-38092

6363,-38680

6363,-36706

6363,-36810

6363,-38090

6363,-40024

6363,-39854

6363,-35334

6363,-35652

6363,-38142

6363,-38864

6363,-39410

6363,-35814

6363,-35736

6363,-36582

6363,-38268

6363,-37960

6363,-32576

6363,-31700

6363,-34716

6363,-37566

6363,-37098

6363,-34024

6363,-31358

6363,-32512

6363,-36728

6363,-35822

6363,-31452

6363,-30146

6363,-33338

6363,-35264

6363,-34700

6369,-32628

6369,-29128

6369,-29990

6369,-34976

6369,-33114

6369,-31172

6369,-29464

6369,-32622

6369,-33902

6369,-33048

6369,-33512

6369,-30092

6369,-31756

6369,-32604

6369,-32330

6369,-29158

6369,-29564

6369,-30384

6369,-32126

6369,-30506

6369,-27842

6369,-25998

6369,-28344

6369,-30802

6369,-30258

6369,-27070

6369,-24848

6370,-26180

6370,-28432

6370,-28794

6370,-26186

6370,-24452

6370,-25824

6370,-28768

6370,-28618

6370,-23830

6370,-22914

6370,-24574

6370,-27120

6370,-26782

6370,-24638

6370,-22724

6370,-24092

6370,-26200

6370,-25710

6370,-23434

6370,-20136

6370,-22508

6370,-26088

6370,-23202

6370,-21022

6370,-20410

6370,-22490

6370,-24738

6370,-25546

6370,-20736

6370,-20672

6370,-22820

6370,-24350

6370,-24614

6370,-20716

6370,-20282

6370,-21778

6370,-25682

6370,-22116

6370,-20264

6370,-19214

6370,-21980

6370,-24282

6370,-23904

6370,-21384

6370,-19870

6370,-21384

6370,-24732

6370,-26092

6370,-21562

6370,-19054

6370,-20768

6370,-25220

6370,-25176

6370,-21728

6370,-18412

6370,-21312

6370,-21208

6370,-21548

6370,-19462

6370,-16566

6370,-18212

6370,-19406

6370,-21448

6370,-17802

6370,-17728

6371,-17828

6371,-20802

6371,-20354

6371,-17336

6371,-16666

6371,-17702

6371,-19622

6371,-20270

6371,-18438

6371,-15516

6371,-17768

6371,-20344

6371,-20726

6371,-16818

6371,-17298

6371,-17034

6371,-19310

6371,-22274

6371,-19726

6371,-16070

6371,-16670

6371,-20262

6371,-19728

6371,-18618

6371,-15692

6371,-16856

6371,-19604

6371,-18438

6371,-16258

6371,-13102

6371,-13340

6371,-16672

6371,-17702

6371,-14848

6371,-13450

6371,-13382

6377,-15010

6377,-14534

6377,-12110

6377,-10490

6377,-11556

6377,-14164

6377,-14108

6377,-9740

6377,-10714

6377,-10146

6377,-13380

6377,-13468

6377,-11150

6377,-8466

6377,-8186

6377,-10972

6377,-11828

6377,-7008

6377,-7886

6377,-7118

6377,-11308

6377,-10420

6377,-8956

6377,-6920

6377,-7108

6377,-9882

6377,-10334

6378,-8778

6378,-6420

6378,-7148

6378,-9980

6378,-11752

6378,-7872

6378,-7216

6378,-9122

6378,-12060

6378,-10772

6378,-10908

6378,-7076

6378,-7256

6378,-11160

6378,-11516

6378,-9918

6378,-5874

6378,-7212

6378,-11656

6378,-12098

6378,-8694

6378,-8082

6378,-8016

6378,-10568

6378,-11790

6378,-8882

6378,-7556

6378,-8356

6378,-11880

6378,-11434

6378,-10608

6378,-8792

6378,-8138

6378,-10548

6378,-10278

6378,-8512

6378,-6838

6378,-8712

6378,-12608

6378,-11762

6378,-7598

6378,-9098

6378,-8668

6378,-10162

6378,-10932

6378,-10198

6378,-7658

6378,-8104

6378,-10426

6378,-10556

6378,-9458

6378,-7458

6378,-9986

6378,-9626

6378,-10326

6378,-7330

6378,-5388

6378,-6202

6378,-9712

6378,-9636

6378,-7724

6378,-6924

6378,-7508

6378,-8634

6378,-10720

6379,-7022

6379,-5684

6379,-6596

6379,-8464

6379,-10658

6379,-7830

6379,-5784

6379,-6058

6379,-8620

6379,-9352

6379,-7188

6379,-5932

6379,-6246

6379,-8994

6379,-9410

6379,-10252

6379,-8620

6379,-8048

6379,-10896

6379,-11174

6379,-9194

6379,-6996

6379,-7770

6379,-10414

6379,-11608

6379,-10014

6379,-7844

6379,-8402

6379,-9794

6379,-11318

6379,-9764

6379,-8424

6379,-10462

6379,-9432

6379,-11342

6379,-9566

6385,-9024

6385,-8216

6385,-10244

6385,-9702

6385,-7318

6385,-7328

6385,-7308

6385,-9704

6385,-9700

6385,-8466

6385,-7020

6385,-6550

6385,-9982

6385,-9764

6385,-7986

6385,-7900

6385,-7610

6385,-8182

6385,-8966

6385,-8488

6385,-7328

6385,-7176

6385,-7202

6385,-7958

6385,-7708

6385,-4734

6385,-6354

6386,-7772

6386,-8642

6386,-7172

6386,-6562

6386,-5798

6386,-8762

6386,-10102

6386,-7616

6386,-6840

6386,-6918

6386,-10122

6386,-9392

6386,-7696

6386,-6660

6386,-9046

6386,-11324

6386,-10814

6386,-10058

6386,-7726

6386,-10516

6386,-11544

6386,-11492

6386,-10718

6386,-9488

6386,-12038

6386,-13610

6386,-12136

6386,-11072

6386,-9332

6386,-10234

6386,-12076

6386,-12694

6386,-11480

6386,-11686

6386,-11308

6386,-13070

6386,-11642

6386,-10942

6386,-9350

6386,-9790

6386,-12126

6386,-12504

6386,-10904

6386,-7630

6386,-8016

6386,-11424

6386,-12468

6386,-10270

6386,-8452

6386,-8858

6386,-11644

6386,-9974

6386,-10374

6386,-8948

6386,-8674

6386,-11128

6386,-11326

6386,-9904

6386,-7488

6386,-7898

6386,-9130

6386,-10546

6386,-9128

6386,-6788

6386,-8264

6387,-9918

6387,-9700

6387,-7896

6387,-6874

6387,-7812

6387,-8882

6387,-9316

6387,-5466

6387,-5916

6387,-4866

6387,-6748

6387,-7670

6387,-7232

6387,-5742

6387,-5726

6387,-6526

6387,-8180

6387,-6424

6387,-4092

6387,-5188

6387,-7416

6387,-8240

6387,-5558

6387,-4500

6387,-5192

6387,-5956

6387,-8198

6387,-6286

6387,-4778

6387,-4956

6387,-6254

6387,-6278

6387,-4686

6387,-3198

6387,-4396

6387,-5240

6393,-4910

6393,-3626

6393,-2716

6393,-4168

6393,-4762

6393,-5550

6393,-4090

6393,-672

6393,-4562

6393,-4700

6393,-4414

6393,-3416

6393,-1830

6393,-2240

6393,-4146

6393,-4370

6393,-3636

6393,-2352

6393,-3034

6393,-3498

6393,-5488

6393,-4614

6393,-2134

6393,-3268

6393,-5842

6393,-6640

6393,-6072

6394,-2374

6394,-1842

6394,-4692

6394,-5470

6394,-5234

6394,-2552

6394,-1984

6394,-4692

6394,-4192

6394,-3124

6394,-2088

6394,-1674

6394,-4624

6394,-5106

6394,-3662

6394,-2446

6394,-2448

6394,-3706

6394,-3332

6394,-3734

6394,-1576

6394,-1192

6394,-1258

6394,-3002

6394,-3156

6394,-1802

6394,-522

6394,-2434

6394,-2728

6394,-1300

6394,-592

6394,26

6394,-2078

6394,-1356

6394,-1972

6394,-2482

6394,-1594

6394,-2552

6394,-4066

6394,-2368

6394,-1304

6394,38

6394,-1944

6394,-834

6394,-758

6394,236

6394,1038

6394,-448

6394,-1576

6394,-2306

6394,84

6394,118

6394,-874

6394,-602

6394,1342

6394,2612

6394,1444

6394,-300

6394,-1430

6394,552

6394,1192

6394,546

6394,-476

6394,-936

6394,-670

6395,-436

6395,-954

6395,-2604

6395,-3442

6395,-2028

6395,-632

6395,-1858

6395,-3316

6395,-3150

6395,-3628

6395,-2422

6395,-2468

6395,-3284

6395,-3572

6395,-4330

6395,-2888

6395,-1990

6395,-4842

6395,-5268

6395,-5034

6395,-1846

6395,-4504

6395,-5212

6395,-5002

6395,-2988

6395,-2932

6395,-3152

6395,-3922

6395,-5874

6395,-3960

6395,-3366

6395,-3078

6395,-4408

6395,-3774

6395,-3228

6395,-2466

6401,-3076

6401,-4582

6401,-4620

6401,-2504

6401,-2572

6401,-3160

6401,-3514

6401,-5422

6401,-4866

6401,-2742

6401,-4286

6401,-5812

6401,-5584

6401,-3988

6401,-4244

6401,-4102

6401,-3364

6401,-5300

6401,-3970

6401,-2822

6401,-4184

6401,-4846

6401,-4440

6401,-2046

6401,-2178

6401,-3966

6401,-4406

6402,-3656

6402,-2680

6402,-2288

6402,-2138

6402,-3828

6402,-3918

6402,-3160

6402,-1422

6402,-4066

6402,-3660

6402,-3020

6402,-3216

6402,-858

6402,-2040

6402,-2568

6402,-2268

6402,-2590

6402,-1506

6402,-1880

6402,-2238

6402,-3412

6402,-2562

6402,-2412

6402,-978

6402,-2682

6402,-368

6402,-478

6402,-828

6402,-1156

6402,-2344

6402,-776

6402,-76

6402,506

6402,-828

6402,-1278

6402,6

6402,1242

6402,1958

6402,288

6402,-244

6402,-690

6402,2986

6402,3044

6402,1726

6402,2490

6402,1670

6402,2910

6402,3786

6402,2624

6402,504

6402,-588

6402,2896

6402,3538

6402,2108

6402,1080

6402,1078

6402,2946

6402,3542

6402,2400

6402,970

6402,1096

6402,1960

6402,2744

6402,2378

6402,514

6403,2824

6403,2384

6403,166

6403,1526

6403,1184

6403,300

6403,2082

6403,4420

6403,1624

6403,1994

6403,532

6403,-290

6403,2676

6403,782

6403,-124

6403,-370

6403,1618

6403,2110

6403,902

6403,826

6403,302

6403,4990

6403,2590

6403,420

6403,1648

6403,732

6403,3590

6403,3362

6403,480

6403,926

6403,1030

6403,1964

6403,2502

6403,1642

6403,-188

6403,-1726

6409,1054

6409,1518

6409,120

6409,-908

6409,-896

6409,-232

6409,234

6409,-92

6409,-3532

6409,-1642

6409,-438

6409,-1550

6409,-2488

6409,-4038

6409,-4264

6409,-4118

6409,-2708

6409,-4496

6409,-4522

6409,-5204

6409,-4330

6409,-3700

6409,-5234

6409,-6088

6409,-7720

6409,-5864

6409,-5890

6410,-6152

6410,-8660

6410,-7790

6410,-5152

6410,-6572

6410,-8774

6410,-8998

6410,-9102

6410,-7824

6410,-5238

6410,-8850

6410,-9424

6410,-7780

6410,-8642

6410,-5838

6410,-9072

6410,-9134

6410,-8134

6410,-8322

6410,-5750

6410,-9190

6410,-9902

6410,-9090

6410,-8092

6410,-6836

6410,-7808

6410,-9484

6410,-10012

6410,-6838

6410,-7774

6410,-8972

6410,-10286

6410,-9698

6410,-8780

6410,-7748

6410,-9914

6410,-9148

6410,-10502

6410,-8956

6410,-8170

6410,-9080

6410,-9528

6410,-10868

6410,-9166

6410,-10468

6410,-10724

6410,-10674

6410,-11430

6410,-11066

6410,-10406

6410,-12358

6410,-12630

6410,-12504

6410,-10782

6410,-13030

6410,-13154

6410,-14200

6410,-15790

6410,-13142

6410,-13832

6410,-14024

6410,-16260

6410,-16660

6410,-15372

6410,-13760

6411,-15682

6411,-18168

6411,-15582

6411,-16252

6411,-14368

6411,-17320

6411,-18096

6411,-18344

6411,-17378

6411,-16378

6411,-18148

6411,-18468

6411,-18790

6411,-18126

6411,-18132

6411,-17078

6411,-18070

6411,-19706

6411,-18356

6411,-18154

6411,-18710

6411,-19510

6411,-19728

6411,-19628

6411,-18286

6411,-18604

6411,-19116

6411,-18758

6411,-17058

6411,-18016

6411,-18400

6411,-18840

6411,-20226

6411,-19870

6411,-18662

6411,-18542

6417,-20526

6417,-20590

6417,-20326

6417,-20270

6417,-21796

6417,-21956

6417,-21116

6417,-20472

6417,-20566

6417,-20322

6417,-22056

6417,-23240

6417,-22256

6417,-23038

6417,-24684

6417,-25808

6417,-25772

6417,-25870

6417,-24586

6417,-24826

6417,-26458

6417,-25522

6417,-26188

6417,-24718

6417,-25960

6417,-27478

6417,-26780

6418,-24868

6418,-26692

6418,-26252

6418,-26380

6418,-26830

6418,-26696

6418,-27092

6418,-25598

6418,-27646

6418,-26422

6418,-24756

6418,-26846

6418,-26820

6418,-28520

6418,-28210

6418,-27264

6418,-27494

6418,-30050

6418,-29954

6418,-28880

6418,-29082

6418,-29798

6418,-29530

6418,-29918

6418,-30352

6418,-30380

6418,-30508

6418,-30786

6418,-31284

6418,-30884

6418,-29806

6418,-31022

6418,-31740

6418,-31300

6418,-30852

6418,-32066

6418,-32206

6418,-31986

6418,-32018

6418,-32634

6418,-32410

6418,-31966

6418,-33630

6418,-31622

6418,-31320

6418,-32276

6418,-32182

6418,-32718

6418,-31184

6418,-30856

6418,-31464

6418,-30678

6418,-31198

6418,-32270

6418,-29830

6418,-30486

6418,-31324

6418,-31160

6418,-32584

6418,-31288

6418,-30200

6418,-30212

6418,-30762

6418,-30596

6418,-29572

6419,-30496

6419,-30468

6419,-29394

6419,-29654

6419,-29162

6419,-28992

6419,-28124

6419,-27830

6419,-28866

6419,-28192

6419,-27154

6419,-25616

6419,-25258

6419,-26208

6419,-26532

6419,-25578

6419,-25388

6419,-26152

6419,-26042

6419,-25852

6419,-26340

6419,-27170

6419,-26338

6419,-27718

6419,-26790

6419,-27790

6419,-27160

6419,-26500

6419,-28384

6419,-30008

6419,-28698

6419,-27884

6419,-28164

6419,-28680

6419,-28702

6419,-29286

6425,-28712

6425,-29462

6425,-31280

6425,-31758

6425,-30738

6425,-30104

6425,-30376

6425,-29462

6425,-30944

6425,-29452

6425,-28832

6425,-29282

6425,-30358

6425,-30534

6425,-30882

6425,-31428

6425,-30590

6425,-31676

6425,-32124

6425,-30320

6425,-30984

6425,-30432

6425,-32406

6425,-31686

6425,-30100

6425,-31854

6425,-31874

6426,-30972

6426,-30308

6426,-30388

6426,-31516

6426,-30230

6426,-31374

6426,-31176

6426,-30476

6426,-29170

6426,-29550

6426,-30124

6426,-29166

6426,-30390

6426,-29228

6426,-30228

6426,-31206

6426,-30338

6426,-31338

6426,-32432

6426,-31838

6426,-31812

6426,-32236

6426,-30562

6426,-30662

6426,-31310

6426,-30770

6426,-32010

6426,-32286

6426,-31814

6426,-30246

6426,-30894

6426,-29290

6426,-30136

6426,-30566

6426,-29972

6426,-30330

6426,-30346

6426,-30952

6426,-30500

6426,-31030

6426,-31384

6426,-29468

6426,-31642

6426,-32976

6426,-31594

6426,-30144

6426,-30226

6426,-31252

6426,-32294

6426,-32652

6426,-31180

6426,-32232

6426,-30046

6426,-31332

6426,-31484

6426,-31942

6426,-31410

6426,-31344

6426,-31192

6426,-30982

6426,-29204

6426,-28852

6426,-29870

6426,-29936

6426,-29314

6427,-28394

6427,-28694

6427,-28308

6427,-27682

6427,-27732

6427,-27428

6427,-28582

6427,-27442

6427,-26806

6427,-26318

6427,-25786

6427,-26222

6427,-26926

6427,-28476

6427,-26738

6427,-24860

6427,-26438

6427,-26172

6427,-27120

6427,-26814

6427,-27956

6427,-27784

6427,-26372

6427,-26236

6427,-25412

6427,-26290

6427,-24124

6427,-24994

6427,-26252

6427,-26428

6427,-25416

6427,-23744

6427,-25052

6427,-23556

6427,-24400

6427,-22476

6433,-24050

6433,-22650

6433,-23554

6433,-20916

6433,-21934

6433,-21612

6433,-20434

6433,-21344

6433,-19348

6433,-20262

6433,-20610

6433,-20170

6433,-18516

6433,-18146

6433,-17784

6433,-17912

6433,-16986

6433,-16246

6433,-16538

6433,-17712

6433,-16196

6433,-14842

6433,-15098

6433,-16134

6433,-16136

6433,-16084

6433,-16598

6434,-16590

6434,-17730

6434,-17274

6434,-17052

6434,-16506

6434,-17310

6434,-16710

6434,-15296

6434,-15314

6434,-13922

6434,-16494

6434,-13448

6434,-14304

6434,-17140

6434,-14118

6434,-16130

6434,-14310

6434,-14784

6434,-14420

6434,-14184

6434,-14234

6434,-14852

6434,-15890

6434,-15054

6434,-14916

6434,-14682

6434,-12998

6434,-14276

6434,-13980

6434,-13910

6434,-12778

6434,-13072

6434,-13278

6434,-12478

6434,-14292

6434,-11874

6434,-11986

6434,-12274

6434,-12560

6434,-13178

6434,-12834

6434,-11774

6434,-13802

6434,-13036

6434,-13470

6434,-14704

6434,-13980

6434,-14370

6434,-15970

6434,-14412

6434,-14144

6434,-15264

6434,-15258

6434,-15972

6434,-15488

6434,-15564

6434,-15944

6434,-16052

6434,-15244

6434,-16256

6434,-16752

6434,-16938

6434,-18080

6434,-18102

6434,-19254

6435,-19752

6435,-19492

6435,-18658

6435,-20532

6435,-20522

6435,-21148

6435,-21310

6435,-21796

6435,-20670

6435,-19734

6435,-22238

6435,-20764

6435,-21818

6435,-22912

6435,-22638

6435,-23094

6435,-23430

6435,-23634

6435,-24374

6435,-24998

6435,-24294

6435,-25086

6435,-25186

6435,-25382

6435,-25214

6435,-26234

6435,-26752

6435,-25430

6435,-28100

6435,-26826

6435,-27588

6435,-26308

6435,-24814

6435,-26040

6435,-23612

6435,-24358

6441,-27162

6441,-25936

6441,-25424

6441,-24416

6441,-24416

6441,-24546

6441,-23486

6441,-25224

6441,-23974

6441,-24362

6441,-24800

6441,-23278

6441,-25312

6441,-24400

6441,-22894

6441,-23938

6441,-23688

6441,-22134

6441,-21470

6441,-22462

6441,-23322

6441,-22906

6441,-22256

6441,-22246

6441,-22234

6441,-21396

6441,-21354

6442,-20986

6442,-21786

6442,-20602

6442,-21956

6442,-21810

6442,-20086

6442,-21100

6442,-20712

6442,-21320

6442,-20550

6442,-20256

6442,-19390

6442,-19560

6442,-20188

6442,-19568

6442,-20066

6442,-20708

6442,-22094

6442,-20284

6442,-20752

6442,-20542

6442,-19388

6442,-18728

6442,-17062

6442,-17264

6442,-16236

6442,-15846

6442,-15970

6442,-15026

6442,-16802

6442,-16600

6442,-14496

6442,-13504

6442,-15938

6442,-14288

6442,-15448

6442,-15700

6442,-14722

6442,-13658

6442,-13882

6442,-13058

6442,-12990

6442,-12376

6442,-12760

6442,-13332

6442,-13634

6442,-14204

6442,-14520

6442,-13648

6442,-13894

6442,-13460

6442,-14334

6442,-13048

6442,-13068

6442,-13614

6442,-14134

6442,-13090

6442,-14064

6442,-13316

6442,-13038

6442,-13788

6442,-12598

6442,-13126

6442,-14134

6442,-12936

6443,-14228

6443,-13646

6443,-13404

6443,-16002

6443,-14546

6443,-14474

6443,-13482

6443,-14918

6443,-15178

6443,-14506

6443,-13470

6443,-13638

6443,-13802

6443,-14818

6443,-15516

6443,-15090

6443,-15964

6443,-16804

6443,-16934

6443,-15546

6443,-15668

6443,-16518

6443,-16444

6443,-17358

6443,-17198

6443,-16268

6443,-16614

6443,-15804

6443,-18414

6443,-17480

6443,-16778

6443,-16572

6443,-16280

6443,-17454

6443,-15410

6443,-16756

6449,-16274

6449,-15656

6449,-16666

6449,-15778

6449,-14918

6449,-14842

6449,-15108

6449,-15968

6449,-15408

6449,-14458

6449,-14188

6449,-13352

6449,-13420

6449,-14710

6449,-13182

6449,-14624

6449,-15944

6449,-14586

6449,-12952

6449,-14830

6449,-14408

6449,-13978

6449,-14410

6449,-15772

6449,-15310

6449,-12476

6449,-12882

6450,-13140

6450,-13752

6450,-13518

6450,-12192

6450,-12920

6450,-13266

6450,-12392

6450,-12780

6450,-11572

6450,-11468

6450,-10346

6450,-9290

6450,-9764

6450,-6936

6450,-7726

6450,-9086

6450,-8228

6450,-9090

6450,-6616

6450,-6610

6450,-6880

6450,-5826

6450,-5866

6450,-5692

6450,-5576

6450,-5366

6450,-5270

6450,-2954

6450,-4238

6450,-5008

6450,-5234

6450,-3790

6450,-3528

6450,-4648

6450,-3142

6450,-4594

6450,-3892

6450,-3386

6450,-3612

6450,-3382

6450,-5328

6450,-4674

6450,-4502

6450,-4164

6450,-4708

6450,-2824

6450,-3112

6450,-3436

6450,-2200

6450,-2058

6450,-1196

6450,-2324

6450,-774

6450,-2882

6450,-3858

6450,-3752

6450,-3136

6450,-3692

6450,-3536

6450,-3046

6450,-3418

6450,-4328

6450,-3950

6450,-4616

6450,-3658

6451,-4676

6451,-3718

6451,-4196

6451,-3860

6451,-1952

6451,-2536

6451,-3302

6451,-2112

6451,-1962

6451,-2206

6451,-3140

6451,-3642

6451,-5352

6451,-3724

6451,-2190

6451,-3400

6451,-3172

6451,-1332

6451,-1000

6451,-1854

6451,-1212

6451,-1536

6451,-856

6451,-276

6451,-2474

6451,-4022

6451,-3610

6451,-2640

6451,-1990

6451,-2002

6451,-4480

6451,-2632

6451,-778

6451,-2382

6451,-3302

6451,-2906

6457,-2552

6457,-2546

6457,-2252

6457,-3942

6457,-3682

6457,-4156

6457,-3712

6457,-4044

6457,-5466

6457,-3876

6457,-4116

6457,-5146

6457,-5304

6457,-4942

6457,-4740

6457,-5250

6457,-6514

6457,-5270

6457,-6160

6457,-7372

6457,-5712

6457,-8544

6457,-7468

6457,-5928

6457,-8388

6457,-10022

6457,-9410

6458,-9938

6458,-9536

6458,-10674

6458,-12288

6458,-10786

6458,-11208

6458,-12708

6458,-10860

6458,-12308

6458,-13410

6458,-12114

6458,-13006

6458,-11788

6458,-11738

6458,-11956

6458,-12072

6458,-11518

6458,-12290

6458,-11820

6458,-12032

6458,-12290

6458,-13106

6458,-12322

6458,-12918

6458,-12246

6458,-11434

6458,-11676

6458,-13164

6458,-12960

6458,-11960

6458,-12298

6458,-12834

6458,-12474

6458,-11822

6458,-13908

6458,-12176

6458,-13456

6458,-14924

6458,-15178

6458,-13722

6458,-12772

6458,-14212

6458,-13946

6458,-14280

6458,-12932

6458,-14054

6458,-13950

6458,-15044

6458,-14966

6458,-14046

6458,-14820

6458,-14404

6458,-14584

6458,-13648

6458,-12622

6458,-13602

6458,-13024

6458,-12160

6458,-11900

6458,-11156

6458,-11288

6458,-11006

6458,-9642

6458,-11316

6458,-11074

6459,-10438

6459,-11102

6459,-12032

6459,-10844

6459,-9636

6459,-9824

6459,-9650

6459,-8808

6459,-8454

6459,-8416

6459,-9568

6459,-9588

6459,-9174

6459,-9328

6459,-8044

6459,-7824

6459,-7164

6459,-8954

6459,-8684

6459,-9876

6459,-9120

6459,-9100

6459,-7888

6459,-8060

6459,-9114

6459,-7152

6459,-7140

6459,-6720

6459,-6840

6459,-5702

6459,-5044

6459,-5478

6459,-5870

6459,-7400

6459,-4108

6459,-6038

6465,-7080

6465,-6114

6465,-4956

6465,-4736

6465,-5430

6465,-5564

6465,-3744

6465,-3288

6465,-2120

6465,-2030

6465,-2686

6465,-3860

6465,-4372

6465,-1878

6465,-1070

6465,-2904

6465,-2852

6465,-1630

6465,-1402

6465,-334

6465,-666

6465,-1644

6465,-282

6465,-388

6465,-606

6465,792

6465,-320

6466,-584

6466,-70

6466,850

6466,1540

6466,1498

6466,888

6466,2974

6466,1860

6466,350

6466,2082

6466,1938

6466,1192

6466,2140

6466,3094

6466,2912

6466,3130

6466,2858

6466,2268

6466,2206

6466,1252

6466,2882

6466,3136

6466,1318

6466,3576

6466,3020

6466,5128

6466,3406

6466,3430

6466,3536

6466,4620

6466,3542

6466,3562

6466,3944

6466,4504

6466,4014

6466,3534

6466,4246

6466,3490

6466,4490

6466,3748

6466,4588

6466,5890

6466,5154

6466,4680

6466,4990

6466,4988

6466,4572

6466,5380

6466,6276

6466,6072

6466,5800

6466,6254

6466,7804

6466,6282

6466,6446

6466,8096

6466,8736

6466,7924

6466,8690

6466,8464

6466,6192

6466,8014

6466,8704

6466,7922

6466,8842

6467,7578

6467,7740

6467,8696

6467,8510

6467,8378

6467,8134

6467,8686

6467,10562

6467,9760

6467,8868

6467,9624

6467,10834

6467,7724

6467,8882

6467,9742

6467,9214

6467,9358

6467,10768

6467,10982

6467,10022

6467,10226

6467,11026

6467,12024

6467,11316

6467,10930

6467,12372

6467,11902

6467,12032

6467,12570

6467,12064

6467,13390

6467,15738

6467,15696

6467,15424

6467,13820

6467,12780

6473,14036

6473,16080

6473,16832

6473,16272

6473,16534

6473,15768

6473,17076

6473,17912

6473,17686

6473,18014

6473,19970

6473,20472

6473,20692

6473,20402

6473,20354

6473,20812

6473,22150

6473,22654

6473,21716

6473,22534

6473,23420

6473,25344

6473,24160

6473,22778

6473,23798

6473,24498

6473,25582

6474,26174

6474,24274

6474,25392

6474,27174

6474,24214

6474,25350

6474,24810

6474,24220

6474,26448

6474,26208

6474,26690

6474,26956

6474,25330

6474,27078

6474,26856

6474,28272

6474,27304

6474,27348

6474,27670

6474,25998

6474,26762

6474,26174

6474,26280

6474,25844

6474,26102

6474,27712

6474,25762

6474,26808

6474,27140

6474,27364

6474,29310

6474,27680

6474,27772

6474,27194

6474,28670

6474,28300

6474,27870

6474,28642

6474,26782

6474,28200

6474,29420

6474,28094

6474,29194

6474,28934

6474,28594

6474,26852

6474,27826

6474,28074

6474,27958

6474,28782

6474,28252

6474,28598

6474,25980

6474,30556

6474,29024

6474,28662

6474,28186

6474,27522

6474,28296

6474,26836

6474,28170

6474,26032

6474,25424

6474,25242

6474,27428

6475,26462

6475,26078

6475,24372

6475,25554

RAW_SUMMARY id=1 requested=5600 captured=5600 unused_capacity=400 max_pcm_abs=292112 raw_mean=-50851.2 raw_abs_mean=61316.7 raw_min=-292112 raw_max=246786 baseline=21.6

OK RAW

