# run: cfg_right_2
# firmware: role=analyzer git=9f584bb version=0.4.0
# imported-from: right_2.log (mtime 2026-10-09T10:30:37)
RAW_INFO mode=i2s output=csv

RAW_INFO row_size=12

RAW_BEGIN id=2 sr=16000 trigger_ms=17182 command_ms=17168 emit_seen=1 emit_start_ms=17182 emit_done_ms=17278 f=3200 dur=100 pre_ms=0 post_ms=350 decim=1 pre_samples=0 post_samples=5600 mode=i2s output=csv fields=ms,pcm

ms,pcm

17185,26618

17185,-105918

17185,-68870

17185,94134

17185,144372

17185,12566

17185,-120190

17185,-65738

17185,104350

17185,149062

17185,13350

17185,-126864

17185,-74736

17185,96468

17185,154124

17185,21816

17185,-120712

17185,-80510

17185,86170

17185,151942

17185,27896

17185,-112506

17185,-75122

17185,81242

17185,138936

17185,24358

17185,-100516

17186,-63764

17186,83102

17186,133262

17186,19088

17186,-103158

17186,-61468

17186,91476

17186,141818

17186,16100

17186,-112908

17186,-65358

17186,94562

17186,145382

17186,16232

17186,-113888

17186,-66578

17186,95972

17186,149280

17186,18810

17186,-119110

17186,-73564

17186,95824

17186,156334

17186,22614

17186,-118486

17186,-75776

17186,93266

17186,152460

17186,25576

17186,-113610

17186,-77346

17186,86878

17186,149406

17186,32330

17186,-109616

17186,-78060

17186,81932

17186,147202

17186,32714

17186,-105502

17186,-78106

17186,78938

17186,147444

17186,36118

17186,-103960

17186,-77904

17186,74534

17186,144004

17186,34754

17186,-98528

17186,-75252

17186,76616

17186,140896

17186,30456

17186,-101586

17186,-71546

17186,80608

17186,143662

17186,32206

17186,-100518

17186,-68038

17186,81860

17186,141162

17186,29886

17186,-98220

17187,-64728

17187,80842

17187,140860

17187,32166

17187,-94712

17187,-66424

17187,82802

17187,142710

17187,33074

17187,-95048

17187,-65866

17187,82092

17187,140316

17187,33892

17187,-91478

17187,-63854

17187,81342

17187,138772

17187,35084

17187,-91096

17187,-61912

17187,82074

17187,140552

17187,31984

17187,-94596

17187,-59472

17187,85380

17187,141892

17187,31080

17187,-94612

17187,-60456

17187,88702

17187,145614

17187,34660

17187,-93332

17187,-60662

17193,88172

17193,144748

17193,33886

17193,-92554

17193,-61028

17193,85680

17193,146056

17193,36934

17193,-90832

17193,-60504

17193,86890

17193,146690

17193,40868

17193,-87256

17193,-62510

17193,83732

17193,148506

17193,46078

17193,-83400

17193,-62180

17193,82806

17193,150078

17193,48598

17193,-83508

17193,-61616

17193,78460

17193,149162

17194,53998

17194,-77080

17194,-61694

17194,76948

17194,145610

17194,52796

17194,-74656

17194,-62792

17194,77024

17194,142438

17194,52214

17194,-72110

17194,-58946

17194,76878

17194,142880

17194,54004

17194,-68330

17194,-54334

17194,75606

17194,142752

17194,51388

17194,-69894

17194,-52832

17194,79142

17194,144648

17194,51712

17194,-68712

17194,-55998

17194,80366

17194,145780

17194,55194

17194,-69846

17194,-56618

17194,80074

17194,148354

17194,57654

17194,-68880

17194,-55736

17194,80072

17194,150872

17194,60160

17194,-66832

17194,-54646

17194,77918

17194,146318

17194,57990

17194,-66884

17194,-54716

17194,78282

17194,145522

17194,57478

17194,-66128

17194,-53494

17194,81596

17194,147692

17194,55376

17194,-69688

17194,-54458

17194,81642

17194,145870

17194,51288

17194,-73366

17194,-52612

17194,83664

17194,147438

17195,49612

17195,-76926

17195,-57074

17195,83150

17195,151216

17195,49878

17195,-80164

17195,-61176

17195,84196

17195,152032

17195,52058

17195,-78974

17195,-60722

17195,83644

17195,152754

17195,53492

17195,-75986

17195,-57456

17195,82322

17195,148000

17195,52712

17195,-75160

17195,-57748

17195,80676

17195,147900

17195,52604

17195,-74498

17195,-57490

17195,79116

17195,146350

17195,50982

17195,-73802

17195,-56128

17195,81478

17195,145070

17195,48142

17201,-76540

17201,-56032

17201,83722

17201,149842

17201,51636

17201,-76206

17201,-57370

17201,82388

17201,149590

17201,53448

17201,-73952

17201,-56644

17201,82118

17201,148544

17201,54128

17201,-73784

17201,-57982

17201,80696

17201,148634

17201,54876

17201,-71166

17201,-58802

17201,76186

17201,147340

17201,57786

17201,-69276

17201,-57770

17202,74372

17202,141996

17202,53938

17202,-67758

17202,-55712

17202,73606

17202,142186

17202,52740

17202,-67566

17202,-56850

17202,73780

17202,140142

17202,52734

17202,-67680

17202,-57348

17202,71796

17202,141078

17202,54898

17202,-66002

17202,-55204

17202,74726

17202,141854

17202,53198

17202,-67260

17202,-53898

17202,73816

17202,139228

17202,53702

17202,-64896

17202,-53326

17202,75972

17202,142458

17202,53476

17202,-66250

17202,-51162

17202,75990

17202,140316

17202,54002

17202,-63928

17202,-50110

17202,76738

17202,140362

17202,52162

17202,-66304

17202,-49844

17202,78352

17202,138800

17202,51872

17202,-65038

17202,-50790

17202,76138

17202,136952

17202,50092

17202,-66174

17202,-49446

17202,76292

17202,136470

17202,47328

17202,-69486

17202,-52730

17202,76112

17202,136328

17202,45562

17202,-71768

17202,-55938

17203,74574

17203,136788

17203,46106

17203,-72754

17203,-54440

17203,75556

17203,136486

17203,45384

17203,-75000

17203,-57434

17203,73234

17203,137840

17203,43996

17203,-76610

17203,-59196

17203,74856

17203,139740

17203,45922

17203,-75676

17203,-61090

17203,71558

17203,138118

17203,48856

17203,-75810

17203,-60310

17203,72968

17203,137224

17203,46230

17203,-75934

17203,-61538

17203,70854

17203,136040

17203,47828

17203,-73412

17203,-60822

17203,71478

17209,136054

17209,45542

17209,-73722

17209,-59782

17209,68168

17209,132812

17209,44672

17209,-76168

17209,-62692

17209,66934

17209,128004

17209,39006

17209,-77416

17209,-59536

17209,67336

17209,126804

17209,38590

17209,-77532

17209,-61308

17209,67920

17209,128572

17209,41470

17209,-78918

17209,-63524

17209,68596

17209,129896

17209,39492

17210,-79344

17210,-62898

17210,68632

17210,130250

17210,39196

17210,-81472

17210,-64886

17210,66532

17210,127230

17210,38954

17210,-82406

17210,-65610

17210,65214

17210,128768

17210,38298

17210,-82666

17210,-67714

17210,62598

17210,126808

17210,37740

17210,-81606

17210,-68530

17210,61602

17210,123068

17210,36588

17210,-80408

17210,-66538

17210,59790

17210,120730

17210,34566

17210,-81884

17210,-64424

17210,58396

17210,119224

17210,33220

17210,-83272

17210,-66778

17210,59620

17210,117264

17210,27764

17210,-87572

17210,-67786

17210,60040

17210,117800

17210,26586

17210,-89160

17210,-69034

17210,58432

17210,117646

17210,27024

17210,-92240

17210,-73290

17210,57046

17210,118864

17210,24992

17210,-94976

17210,-75682

17210,56870

17210,119064

17210,24110

17210,-95626

17210,-79344

17210,55002

17210,117754

17210,25718

17211,-97346

17211,-80892

17211,54612

17211,119152

17211,26284

17211,-95874

17211,-79864

17211,54894

17211,116384

17211,23960

17211,-97034

17211,-81400

17211,51032

17211,115188

17211,25904

17211,-96618

17211,-82416

17211,49650

17211,114070

17211,23238

17211,-96478

17211,-82724

17211,47666

17211,112652

17211,22688

17211,-99458

17211,-84186

17211,47454

17211,112042

17211,20152

17211,-100998

17211,-87070

17211,45688

17211,110510

17211,20130

17211,-104470

17217,-89064

17217,43624

17217,107890

17217,16450

17217,-105478

17217,-89400

17217,40916

17217,105936

17217,14782

17217,-107712

17217,-92596

17217,38748

17217,104302

17217,12780

17217,-110732

17217,-95560

17217,36004

17217,100908

17217,11184

17217,-112812

17217,-97608

17217,32772

17217,99552

17217,9276

17217,-112656

17217,-100002

17217,33340

17218,96212

17218,6548

17218,-114850

17218,-100948

17218,32858

17218,95700

17218,6396

17218,-116782

17218,-103688

17218,31050

17218,96300

17218,4364

17218,-117660

17218,-103054

17218,29472

17218,94180

17218,2888

17218,-118990

17218,-104318

17218,29314

17218,92786

17218,346

17218,-122696

17218,-104600

17218,29384

17218,91050

17218,-1624

17218,-123834

17218,-108694

17218,25820

17218,90084

17218,-4314

17218,-127800

17218,-109926

17218,24454

17218,89954

17218,-4956

17218,-128574

17218,-110802

17218,24380

17218,90604

17218,-6146

17218,-131368

17218,-113298

17218,23686

17218,89960

17218,-6528

17218,-132336

17218,-114320

17218,22580

17218,91754

17218,-3624

17218,-132596

17218,-115884

17218,20372

17218,89298

17218,-4366

17218,-130332

17218,-114098

17218,23356

17218,89102

17218,-4450

17218,-131162

17218,-114550

17218,22578

17219,89990

17219,-4282

17219,-132524

17219,-115724

17219,22666

17219,90548

17219,-4998

17219,-132588

17219,-116450

17219,21230

17219,87790

17219,-5224

17219,-132274

17219,-115642

17219,20096

17219,87308

17219,-5162

17219,-132190

17219,-116736

17219,19804

17219,86512

17219,-5078

17219,-130366

17219,-113874

17219,19054

17219,86478

17219,-6422

17219,-131132

17219,-113600

17219,19222

17219,85342

17219,-6574

17219,-131276

17219,-115492

17219,19654

17219,85840

17225,-7344

17225,-132344

17225,-116098

17225,21278

17225,87250

17225,-7326

17225,-129668

17225,-114862

17225,20450

17225,86190

17225,-6316

17225,-131768

17225,-114286

17225,21716

17225,87392

17225,-7402

17225,-131580

17225,-115734

17225,20980

17225,86046

17225,-7418

17225,-129822

17225,-113884

17225,18640

17225,85152

17225,-7422

17225,-131668

17226,-115042

17226,19966

17226,85742

17226,-6752

17226,-132724

17226,-117518

17226,19002

17226,85752

17226,-6552

17226,-130594

17226,-115396

17226,22854

17226,87392

17226,-7574

17226,-132366

17226,-114850

17226,23254

17226,88562

17226,-5862

17226,-132816

17226,-114804

17226,23078

17226,89762

17226,-4972

17226,-133352

17226,-116276

17226,24940

17226,89840

17226,-6482

17226,-133094

17226,-116766

17226,24280

17226,90094

17226,-6216

17226,-132562

17226,-115216

17226,25934

17226,91358

17226,-4772

17226,-130974

17226,-113330

17226,24220

17226,90638

17226,-4248

17226,-129240

17226,-112900

17226,26776

17226,91790

17226,-4136

17226,-129022

17226,-112996

17226,26188

17226,91338

17226,-5154

17226,-131008

17226,-110756

17226,26974

17226,91096

17226,-5080

17226,-130368

17226,-110500

17226,27792

17226,90708

17226,-5590

17226,-129712

17227,-111294

17227,28752

17227,92122

17227,-7184

17227,-133606

17227,-111142

17227,28382

17227,90970

17227,-8278

17227,-135146

17227,-114628

17227,26616

17227,91190

17227,-6986

17227,-135132

17227,-114682

17227,27606

17227,93026

17227,-6750

17227,-134254

17227,-115202

17227,23800

17227,91140

17227,-7160

17227,-132984

17227,-114618

17227,24612

17227,90496

17227,-7172

17227,-130610

17227,-112360

17227,25570

17227,89196

17227,-7594

17227,-130894

17227,-112776

17233,25454

17233,88698

17233,-6374

17233,-130584

17233,-113430

17233,24010

17233,87172

17233,-8330

17233,-130280

17233,-111826

17233,23906

17233,85804

17233,-10382

17233,-133062

17233,-113882

17233,22560

17233,86932

17233,-10296

17233,-133436

17233,-113716

17233,23584

17233,87718

17233,-11240

17233,-132516

17233,-113236

17233,22380

17233,86444

17234,-10574

17234,-132956

17234,-113932

17234,22306

17234,87442

17234,-8704

17234,-131018

17234,-113308

17234,20724

17234,85688

17234,-8158

17234,-130632

17234,-113192

17234,23226

17234,86312

17234,-7722

17234,-131106

17234,-111862

17234,22940

17234,83720

17234,-9792

17234,-131162

17234,-111304

17234,20386

17234,84562

17234,-9392

17234,-132760

17234,-113948

17234,21146

17234,83996

17234,-10488

17234,-131402

17234,-112538

17234,20990

17234,85410

17234,-7818

17234,-131756

17234,-114566

17234,19884

17234,84764

17234,-8476

17234,-133172

17234,-114688

17234,19862

17234,84182

17234,-9372

17234,-131558

17234,-115826

17234,18796

17234,84704

17234,-9334

17234,-132424

17234,-114058

17234,19580

17234,84998

17234,-9510

17234,-131160

17234,-114582

17234,18930

17234,83014

17234,-11394

17234,-132924

17234,-114976

17234,21108

17234,84034

17235,-10904

17235,-134022

17235,-115422

17235,20588

17235,84282

17235,-13120

17235,-135968

17235,-116486

17235,18478

17235,82886

17235,-12750

17235,-137084

17235,-117322

17235,19180

17235,83150

17235,-12558

17235,-135154

17235,-116684

17235,19296

17235,83974

17235,-13584

17235,-136846

17235,-118020

17235,18690

17235,82048

17235,-11134

17235,-135446

17235,-118214

17235,17846

17235,82642

17235,-10638

17235,-134968

17235,-117932

17235,18094

17235,84294

17235,-9796

17241,-134956

17241,-118146

17241,18198

17241,82744

17241,-11034

17241,-133702

17241,-115150

17241,19706

17241,82136

17241,-12106

17241,-133502

17241,-116520

17241,19074

17241,81922

17241,-11736

17241,-134168

17241,-115586

17241,20286

17241,83068

17241,-13218

17241,-135408

17241,-115202

17241,20782

17241,85962

17241,-11010

17241,-134072

17241,-114600

17242,23530

17242,87324

17242,-8388

17242,-131572

17242,-114774

17242,22780

17242,89022

17242,-5648

17242,-131832

17242,-113674

17242,23818

17242,90418

17242,-5008

17242,-130242

17242,-114660

17242,24926

17242,91570

17242,-1916

17242,-128852

17242,-113456

17242,25238

17242,92130

17242,-1800

17242,-128136

17242,-109980

17242,27604

17242,92760

17242,-256

17242,-127120

17242,-111036

17242,27854

17242,94802

17242,-626

17242,-125404

17242,-109458

17242,27908

17242,94416

17242,1994

17242,-123420

17242,-108812

17242,28028

17242,94898

17242,1676

17242,-124486

17242,-108244

17242,27360

17242,95830

17242,3180

17242,-121938

17242,-108124

17242,28656

17242,97972

17242,4490

17242,-122118

17242,-104722

17242,31882

17242,98608

17242,4286

17242,-119486

17242,-100898

17242,34564

17242,99904

17242,7332

17242,-118118

17242,-101684

17243,34352

17243,101020

17243,5418

17243,-118514

17243,-101594

17243,34546

17243,101432

17243,7056

17243,-117048

17243,-100240

17243,38802

17243,104326

17243,9654

17243,-117098

17243,-100294

17243,39266

17243,106356

17243,11026

17243,-115696

17243,-101732

17243,39448

17243,107554

17243,13578

17243,-113902

17243,-98470

17243,39756

17243,109004

17243,17542

17243,-109894

17243,-95084

17243,41928

17243,109754

17243,16450

17243,-109872

17243,-95504

17243,42414

17249,111444

17249,16976

17249,-108460

17249,-95302

17249,42148

17249,109400

17249,18274

17249,-107732

17249,-94380

17249,43542

17249,110966

17249,18870

17249,-106290

17249,-93494

17249,44592

17249,112184

17249,19758

17249,-106946

17249,-90946

17249,45788

17249,114632

17249,21124

17249,-105768

17249,-90904

17249,44068

17249,111596

17249,20262

17250,-103676

17250,-89544

17250,45282

17250,113832

17250,23058

17250,-103616

17250,-89460

17250,43876

17250,112472

17250,21178

17250,-103828

17250,-88586

17250,45576

17250,111732

17250,20194

17250,-104616

17250,-91536

17250,43676

17250,111162

17250,17486

17250,-106296

17250,-93932

17250,43080

17250,111616

17250,17610

17250,-108542

17250,-94426

17250,43322

17250,110388

17250,17828

17250,-107086

17250,-93288

17250,43918

17250,110982

17250,19316

17250,-106102

17250,-91626

17250,43826

17250,112128

17250,20356

17250,-105520

17250,-92454

17250,44432

17250,112768

17250,21304

17250,-104714

17250,-91566

17250,42242

17250,110582

17250,19744

17250,-105496

17250,-93252

17250,42142

17250,109900

17250,20456

17250,-106778

17250,-93058

17250,42848

17250,110766

17250,20298

17250,-107506

17250,-91278

17250,44190

17250,113478

17250,20640

17251,-104682

17251,-90080

17251,43810

17251,109736

17251,19486

17251,-103290

17251,-87600

17251,46108

17251,112412

17251,21462

17251,-102142

17251,-87724

17251,47346

17251,115190

17251,22100

17251,-104524

17251,-87724

17251,46434

17251,115214

17251,22658

17251,-102336

17251,-86018

17251,50908

17251,117588

17251,24608

17251,-101394

17251,-83722

17251,49874

17251,116708

17251,24364

17251,-102006

17251,-84300

17251,51992

17251,117062

17251,25354

17251,-102610

17257,-87198

17257,51020

17257,120168

17257,26154

17257,-102240

17257,-85596

17257,52056

17257,118362

17257,24616

17257,-102590

17257,-86540

17257,49050

17257,118006

17257,24882

17257,-102290

17257,-85758

17257,49662

17257,117296

17257,25690

17257,-102108

17257,-88582

17257,48816

17257,116732

17257,25472

17257,-101568

17257,-87304

17257,47636

17258,116844

17258,26480

17258,-100420

17258,-85598

17258,47930

17258,115776

17258,23474

17258,-102498

17258,-88378

17258,47550

17258,115354

17258,24870

17258,-102778

17258,-90032

17258,45358

17258,113894

17258,24644

17258,-103636

17258,-88924

17258,46014

17258,113832

17258,23274

17258,-103578

17258,-89832

17258,43178

17258,112792

17258,22310

17258,-104024

17258,-92892

17258,41826

17258,110276

17258,18960

17258,-105768

17258,-94180

17258,39606

17258,108592

17258,18226

17258,-107310

17258,-95084

17258,41272

17258,108358

17258,18980

17258,-105714

17258,-93476

17258,40110

17258,109564

17258,19838

17258,-108060

17258,-94196

17258,42146

17258,107842

17258,17304

17258,-106924

17258,-91520

17258,41794

17258,110432

17258,17480

17258,-106528

17258,-92792

17258,41454

17258,110618

17258,18842

17258,-107494

17258,-95244

17258,40888

17259,109264

17259,18422

17259,-107260

17259,-95468

17259,41722

17259,112220

17259,19868

17259,-108748

17259,-95160

17259,39298

17259,111690

17259,18760

17259,-108854

17259,-96926

17259,37852

17259,109430

17259,19246

17259,-109960

17259,-97780

17259,37330

17259,107704

17259,18092

17259,-105418

17259,-96310

17259,37812

17259,109138

17259,18248

17259,-106702

17259,-96846

17259,37484

17259,105290

17259,16602

17259,-106038

17259,-96020

17259,37150

17259,106248

17265,19630

17265,-105594

17265,-94568

17265,39868

17265,109120

17265,20090

17265,-104512

17265,-93882

17265,36798

17265,107274

17265,20806

17265,-104428

17265,-93154

17265,38766

17265,109588

17265,21638

17265,-106374

17265,-96512

17265,38036

17265,109262

17265,19760

17265,-104324

17265,-95084

17265,38522

17265,109674

17265,21240

17265,-103208

17266,-93378

17266,40110

17266,109574

17266,21746

17266,-101278

17266,-92030

17266,42088

17266,110126

17266,22826

17266,-100934

17266,-90612

17266,40200

17266,109712

17266,22104

17266,-101716

17266,-89658

17266,41508

17266,110994

17266,22904

17266,-102962

17266,-90902

17266,40602

17266,110086

17266,21806

17266,-102772

17266,-92118

17266,39188

17266,108214

17266,20688

17266,-103920

17266,-93094

17266,39112

17266,109224

17266,20654

17266,-104132

17266,-92606

17266,38126

17266,107656

17266,20846

17266,-103622

17266,-94098

17266,36636

17266,106288

17266,20504

17266,-103344

17266,-92690

17266,37844

17266,107310

17266,20828

17266,-99894

17266,-90974

17266,41344

17266,109198

17266,21442

17266,-100942

17266,-90888

17266,41424

17266,110266

17266,22920

17266,-99878

17266,-90200

17266,43096

17266,110452

17266,23480

17266,-99440

17267,-87428

17267,43916

17267,112900

17267,25302

17267,-98942

17267,-88096

17267,42940

17267,113100

17267,25132

17267,-98874

17267,-88132

17267,42494

17267,112350

17267,24524

17267,-97760

17267,-87472

17267,42590

17267,111998

17267,24854

17267,-97310

17267,-87384

17267,42104

17267,111706

17267,25858

17267,-97776

17267,-87822

17267,42424

17267,111682

17267,26060

17267,-97162

17267,-86558

17267,43772

17267,113666

17267,26786

17267,-96064

17267,-86932

17273,44050

17273,113884

17273,26672

17273,-99300

17273,-87980

17273,42344

17273,113240

17273,26402

17273,-96230

17273,-86312

17273,44570

17273,114618

17273,27558

17273,-96230

17273,-85876

17273,45086

17273,113948

17273,29126

17273,-95560

17273,-85556

17273,45696

17273,114734

17273,28712

17273,-94228

17273,-83420

17273,47326

17273,117002

17274,30210

17274,-93818

17274,-81870

17274,47856

17274,116264

17274,32434

17274,-90346

17274,-79832

17274,48808

17274,118876

17274,32044

17274,-90716

17274,-79480

17274,49172

17274,117586

17274,33270

17274,-90134

17274,-80072

17274,52978

17274,121468

17274,33414

17274,-90240

17274,-79506

17274,52158

17274,120478

17274,34916

17274,-89704

17274,-80476

17274,52870

17274,121896

17274,34026

17274,-90270

17274,-80602

17274,51108

17274,121224

17274,35398

17274,-90352

17274,-78980

17274,51188

17274,120406

17274,35868

17274,-89276

17274,-79974

17274,50020

17274,119844

17274,34882

17274,-88316

17274,-79010

17274,50396

17274,119744

17274,35114

17274,-88468

17274,-80176

17274,48372

17274,118240

17274,35216

17274,-88374

17274,-80502

17274,49804

17274,118636

17274,34394

17274,-89288

17274,-80068

17274,48974

17274,117286

17275,33458

17275,-89368

17275,-81388

17275,49196

17275,118872

17275,33894

17275,-90424

17275,-82222

17275,46674

17275,117216

17275,32570

17275,-91978

17275,-82316

17275,45758

17275,114832

17275,31394

17275,-91722

17275,-81674

17275,47494

17275,114670

17275,31194

17275,-91734

17275,-81858

17275,46412

17275,116406

17275,32924

17275,-91376

17275,-81404

17275,46492

17275,114518

17275,30876

17275,-92032

17275,-81526

17275,47056

17275,116136

17275,29798

17281,-90496

17281,-93990

17281,2102

17281,116308

17281,95648

17281,14324

17281,-125124

17281,-123346

17281,13486

17281,181192

17281,115354

17281,-76422

17281,-138230

17281,-44254

17281,108556

17281,97902

17281,-17338

17281,-120042

17281,-49390

17281,90136

17281,117044

17281,-4546

17281,-132434

17281,-74118

17281,55562

17281,126182

17281,48040

17282,-88772

17282,-104334

17282,-9584

17282,103934

17282,78304

17282,-45096

17282,-97896

17282,-35096

17282,68694

17282,74638

17282,-4296

17282,-62634

17282,-28168

17282,34252

17282,35004

17282,-2662

17282,-30160

17282,3068

17282,24056

17282,5838

17282,-21276

17282,-16918

17282,19718

17282,29938

17282,-1854

17282,-37084

17282,-15112

17282,33898

17282,40302

17282,-9968

17282,-49026

17282,-20768

17282,32840

17282,48184

17282,-864

17282,-42490

17282,-27018

17282,21874

17282,40092

17282,7586

17282,-30070

17282,-23786

17282,17910

17282,32458

17282,1850

17282,-26342

17282,-13798

17282,19836

17282,22160

17282,-8652

17282,-25108

17282,-5180

17282,27616

17282,24354

17282,-11034

17282,-36096

17282,-12764

17282,28988

17282,32360

17282,-7708

17282,-38090

17282,-15602

17282,27280

17282,36178

17282,-6284

17283,-37786

17283,-20090

17283,25290

17283,38886

17283,-1770

17283,-40476

17283,-30110

17283,20584

17283,40156

17283,1616

17283,-39988

17283,-28648

17283,16652

17283,31614

17283,320

17283,-33836

17283,-26538

17283,10092

17283,26130

17283,644

17283,-30018

17283,-24540

17283,6170

17283,24072

17283,1754

17283,-26400

17283,-25648

17283,2118

17283,17722

17283,-98

17283,-25284

17283,-21118

17283,4682

17283,12378

17283,-4384

17283,-28464

17289,-20260

17289,8348

17289,14212

17289,-7136

17289,-30944

17289,-20976

17289,7474

17289,14850

17289,-9196

17289,-32688

17289,-17092

17289,9696

17289,14586

17289,-12532

17289,-30250

17289,-18416

17289,7964

17289,13780

17289,-9672

17289,-28630

17289,-17820

17289,8204

17289,11560

17289,-12726

17289,-32664

17289,-19052

17289,6750

17290,8186

17290,-13576

17290,-30774

17290,-16626

17290,4042

17290,6466

17290,-18376

17290,-31970

17290,-17436

17290,8130

17290,6688

17290,-21122

17290,-36016

17290,-19436

17290,9228

17290,9314

17290,-19258

17290,-36610

17290,-21216

17290,8566

17290,8000

17290,-17318

17290,-35960

17290,-23454

17290,6084

17290,8822

17290,-15980

17290,-33156

17290,-19748

17290,4340

17290,8848

17290,-16118

17290,-33066

17290,-19048

17290,1286

17290,6030

17290,-12168

17290,-28590

17290,-18260

17290,-2816

17290,4570

17290,-10202

17290,-25254

17290,-19338

17290,-2524

17290,3622

17290,-12102

17290,-22040

17290,-19208

17290,-5254

17290,-2498

17290,-10740

17290,-17586

17290,-16048

17290,-5612

17290,-5308

17290,-13840

17290,-19558

17290,-11674

17290,-6648

17290,-7676

17290,-12900

17290,-17084

17290,-11580

17290,-6126

17291,-6454

17291,-14672

17291,-17620

17291,-12690

17291,-3188

17291,-7614

17291,-16474

17291,-20370

17291,-13320

17291,-5572

17291,-8596

17291,-16518

17291,-20870

17291,-12730

17291,-6700

17291,-5684

17291,-14660

17291,-20968

17291,-16698

17291,-8886

17291,-4964

17291,-12052

17291,-17528

17291,-15608

17291,-7408

17291,-6082

17291,-11924

17291,-16054

17291,-13734

17291,-6956

17291,-7252

17291,-13176

17291,-16326

17291,-12814

17291,-8980

17291,-8640

17297,-14668

17297,-19408

17297,-13450

17297,-6388

17297,-7382

17297,-17324

17297,-23344

17297,-15172

17297,-3708

17297,-3916

17297,-18162

17297,-25516

17297,-16836

17297,-2188

17297,-2610

17297,-16782

17297,-28760

17297,-22400

17297,-5462

17297,-824

17297,-15750

17297,-30110

17297,-26670

17297,-7298

17297,-1242

17297,-15250

17297,-27190

17298,-26108

17298,-9642

17298,-4176

17298,-16666

17298,-29232

17298,-23962

17298,-10542

17298,-7354

17298,-19132

17298,-28834

17298,-25390

17298,-12086

17298,-10264

17298,-20558

17298,-28720

17298,-22818

17298,-12746

17298,-11428

17298,-22542

17298,-31480

17298,-24326

17298,-10452

17298,-9062

17298,-24204

17298,-34178

17298,-26084

17298,-11506

17298,-8938

17298,-20832

17298,-34460

17298,-28872

17298,-15944

17298,-13210

17298,-23720

17298,-33362

17298,-28560

17298,-17164

17298,-12600

17298,-22338

17298,-31326

17298,-28702

17298,-19356

17298,-16656

17298,-23340

17298,-28086

17298,-27240

17298,-21702

17298,-20586

17298,-22362

17298,-27362

17298,-24372

17298,-22336

17298,-23920

17298,-26236

17298,-23972

17298,-25090

17298,-23954

17298,-23690

17298,-25108

17298,-27506

17298,-25138

17298,-23082

17298,-25236

17298,-27416

17298,-26720

17299,-24744

17299,-24422

17299,-26318

17299,-28362

17299,-27132

17299,-23688

17299,-21954

17299,-27104

17299,-30824

17299,-27412

17299,-20690

17299,-22080

17299,-28728

17299,-33154

17299,-29324

17299,-24108

17299,-22920

17299,-27480

17299,-31970

17299,-28368

17299,-25072

17299,-23492

17299,-29444

17299,-34408

17299,-31416

17299,-23382

17299,-20802

17299,-28104

17299,-34020

17299,-32230

17299,-22358

17299,-21632

17299,-27726

17299,-34218

17299,-30368

17299,-21982

17305,-19080

17305,-26778

17305,-36082

17305,-31062

17305,-19856

17305,-16346

17305,-24642

17305,-34634

17305,-33824

17305,-20762

17305,-17190

17305,-24720

17305,-32632

17305,-32578

17305,-23050

17305,-18052

17305,-22950

17305,-31284

17305,-31612

17305,-22516

17305,-16976

17305,-21270

17305,-30122

17305,-32568

17305,-24334

17305,-17242

17305,-21040

17306,-28692

17306,-33232

17306,-25650

17306,-17878

17306,-20098

17306,-28302

17306,-28350

17306,-24872

17306,-19806

17306,-20488

17306,-27604

17306,-30602

17306,-25172

17306,-19382

17306,-20372

17306,-29558

17306,-30970

17306,-25358

17306,-21934

17306,-22590

17306,-28508

17306,-29942

17306,-26150

17306,-22286

17306,-24304

17306,-30262

17306,-31584

17306,-25306

17306,-22792

17306,-26546

17306,-31276

17306,-31296

17306,-24986

17306,-22430

17306,-27060

17306,-35832

17306,-32596

17306,-24354

17306,-21322

17306,-26328

17306,-33428

17306,-31780

17306,-25868

17306,-22760

17306,-26804

17306,-35034

17306,-33302

17306,-24224

17306,-19938

17306,-24068

17306,-32108

17306,-31876

17306,-25492

17306,-22122

17306,-23548

17306,-31552

17306,-30886

17306,-25342

17306,-20924

17306,-24174

17306,-30388

17306,-30982

17306,-25264

17306,-21456

17306,-26894

17307,-31002

17307,-30250

17307,-24078

17307,-22892

17307,-26526

17307,-30508

17307,-27514

17307,-23014

17307,-23060

17307,-27648

17307,-31702

17307,-29190

17307,-23184

17307,-20670

17307,-27582

17307,-34504

17307,-28658

17307,-21196

17307,-21146

17307,-28112

17307,-34570

17307,-29896

17307,-21764

17307,-19100

17307,-25836

17307,-34658

17307,-33056

17307,-22922

17307,-19324

17307,-24998

17307,-33556

17307,-32714

17307,-23258

17307,-20138

17307,-24542

17307,-31336

17313,-31876

17313,-24584

17313,-20660

17313,-22530

17313,-30644

17313,-32286

17313,-25912

17313,-19748

17313,-22772

17313,-30214

17313,-32992

17313,-24348

17313,-18734

17313,-18894

17313,-28502

17313,-29122

17313,-23840

17313,-17678

17313,-18070

17313,-24828

17313,-28176

17313,-23100

17313,-17990

17313,-21440

17313,-26124

17313,-28610

17313,-23260

17314,-18392

17314,-20354

17314,-24384

17314,-25656

17314,-23002

17314,-19996

17314,-19002

17314,-24220

17314,-23234

17314,-19216

17314,-15740

17314,-18808

17314,-24282

17314,-25742

17314,-21436

17314,-17472

17314,-15484

17314,-22588

17314,-24418

17314,-20118

17314,-15804

17314,-15898

17314,-21668

17314,-22504

17314,-20084

17314,-16402

17314,-16908

17314,-20452

17314,-23968

17314,-19328

17314,-14536

17314,-16112

17314,-19664

17314,-23510

17314,-19386

17314,-14850

17314,-17132

17314,-20232

17314,-20910

17314,-17498

17314,-14138

17314,-15492

17314,-20356

17314,-21354

17314,-16986

17314,-13894

17314,-15414

17314,-19330

17314,-18958

17314,-16786

17314,-13206

17314,-12738

17314,-19362

17314,-19658

17314,-17292

17314,-10904

17314,-12110

17314,-17076

17314,-18636

17314,-16128

17314,-11468

17314,-10068

17314,-16084

17314,-19788

17314,-16330

17315,-10484

17315,-11082

17315,-16818

17315,-21034

17315,-17080

17315,-10150

17315,-11452

17315,-18918

17315,-22864

17315,-18548

17315,-11788

17315,-11970

17315,-17968

17315,-22764

17315,-18924

17315,-12610

17315,-10806

17315,-19672

17315,-24938

17315,-22002

17315,-13544

17315,-12156

17315,-17816

17315,-23838

17315,-21436

17315,-12616

17315,-8592

17315,-15874

17315,-23532

17315,-21188

17315,-12470

17315,-8018

17315,-14378

17315,-21896

17315,-20020

17315,-12616

17321,-6882

17321,-11566

17321,-20132

17321,-18290

17321,-13408

17321,-7124

17321,-12042

17321,-18346

17321,-17998

17321,-10774

17321,-8490

17321,-10886

17321,-17042

17321,-16718

17321,-11766

17321,-6964

17321,-11350

17321,-19354

17321,-18134

17321,-9920

17321,-4108

17321,-9504

17321,-17776

17321,-17076

17321,-10192

17321,-4738

17321,-9654

17322,-16786

17322,-16858

17322,-9234

17322,-4912

17322,-8072

17322,-15584

17322,-13510

17322,-7602

17322,-6056

17322,-9340

17322,-13526

17322,-11570

17322,-6148

17322,-3218

17322,-8108

17322,-15234

17322,-11664

17322,-5134

17322,-3528

17322,-7856

17322,-14092

17322,-11614

17322,-3670

17322,-3528

17322,-7554

17322,-11436

17322,-7918

17322,-2064

17322,-494

17322,-5508

17322,-10856

17322,-6064

17322,572

17322,1250

17322,-4360

17322,-8612

17322,-4868

17322,290

17322,3122

17322,-1846

17322,-5728

17322,-1650

17322,4386

17322,5532

17322,1288

17322,-5070

17322,36

17322,6398

17322,8916

17322,5030

17322,-1366

17322,2062

17322,9990

17322,10046

17322,5714

17322,2314

17322,3848

17322,9392

17322,11514

17322,4976

17322,798

17322,5338

17322,13682

17322,14660

17322,7276

17323,2962

17323,3110

17323,13034

17323,15890

17323,9126

17323,2354

17323,2964

17323,11856

17323,15414

17323,9716

17323,1090

17323,4502

17323,13048

17323,17390

17323,9246

17323,662

17323,2960

17323,12514

17323,17062

17323,10982

17323,2972

17323,6606

17323,15384

17323,18338

17323,12994

17323,6464

17323,10812

17323,18144

17323,20468

17323,14952

17323,8768

17323,11396

17323,19854

17323,24056

17323,16438

17323,10258

17329,14010

17329,22554

17329,24134

17329,14484

17329,10646

17329,14408

17329,23442

17329,24916

17329,14862

17329,9310

17329,14672

17329,25272

17329,24574

17329,15956

17329,8664

17329,14824

17329,26984

17329,27904

17329,17624

17329,10722

17329,15266

17329,27136

17329,31366

17329,21236

17329,12024

17329,18438

17329,28240

17330,33014

17330,25462

17330,14332

17330,16998

17330,29342

17330,32504

17330,25422

17330,17660

17330,19040

17330,31004

17330,34560

17330,26126

17330,19156

17330,21102

17330,31902

17330,33494

17330,27364

17330,20334

17330,25360

17330,35338

17330,36658

17330,29336

17330,23026

17330,29964

17330,37528

17330,37528

17330,28798

17330,25672

17330,30608

17330,38352

17330,38004

17330,30530

17330,26756

17330,32614

17330,41626

17330,39390

17330,30866

17330,27104

17330,33814

17330,42888

17330,43320

17330,33604

17330,27414

17330,34904

17330,43924

17330,42956

17330,35168

17330,29504

17330,36332

17330,44194

17330,42440

17330,35182

17330,31190

17330,38168

17330,46670

17330,45724

17330,35806

17330,31958

17330,37366

17330,46114

17330,45486

17330,36630

17330,32336

17330,39942

17330,45484

17331,45480

17331,38562

17331,35908

17331,42372

17331,48536

17331,47424

17331,39220

17331,37138

17331,44194

17331,51090

17331,47662

17331,38856

17331,37388

17331,43844

17331,50978

17331,49442

17331,42274

17331,37608

17331,43746

17331,49436

17331,48270

17331,40098

17331,38410

17331,43816

17331,49620

17331,48088

17331,41434

17331,37620

17331,42828

17331,49306

17331,47792

17331,40162

17331,36782

17331,42842

17331,49226

17331,48432

17337,41286

17337,37870

17337,43296

17337,48140

17337,48216

17337,42034

17337,36866

17337,42154

17337,49060

17337,47674

17337,39630

17337,35298

17337,39770

17337,48890

17337,45830

17337,36694

17337,34154

17337,38306

17337,46694

17337,46622

17337,38104

17337,31024

17337,36902

17337,45838

17337,46160

17337,37820

17337,28970

17338,35054

17338,42628

17338,43134

17338,35098

17338,29460

17338,34050

17338,41026

17338,40790

17338,34398

17338,27412

17338,33578

17338,39492

17338,41348

17338,34212

17338,28302

17338,32020

17338,39442

17338,39472

17338,32060

17338,29186

17338,32544

17338,37766

17338,39748

17338,32446

17338,29576

17338,31924

17338,38014

17338,37184

17338,30176

17338,27264

17338,32698

17338,37958

17338,38252

17338,30622

17338,26848

17338,31542

17338,40184

17338,39650

17338,29862

17338,24784

17338,31402

17338,38874

17338,38308

17338,30110

17338,24442

17338,29260

17338,38928

17338,38892

17338,30144

17338,23962

17338,29158

17338,35584

17338,37132

17338,28486

17338,22520

17338,26656

17338,34502

17338,35316

17338,27970

17338,21658

17338,23520

17338,32452

17338,35070

17338,27706

17338,21610

17339,22480

17339,31736

17339,34414

17339,27986

17339,21232

17339,23036

17339,30912

17339,33546

17339,26910

17339,21276

17339,21658

17339,29208

17339,30918

17339,25834

17339,19564

17339,21016

17339,27246

17339,29762

17339,24958

17339,18132

17339,20210

17339,26138

17339,29788

17339,23540

17339,18278

17339,18182

17339,25050

17339,26906

17339,22132

17339,17146

17339,18184

17339,23514

17339,26840

17339,22550

17339,16242

17339,19166

17345,24518

17345,26700

17345,22098

17345,17966

17345,21146

17345,26242

17345,27686

17345,21120

17345,15680

17345,19100

17345,27442

17345,27124

17345,22018

17345,15468

17345,19652

17345,27250

17345,30194

17345,22920

17345,15340

17345,19470

17345,28512

17345,29572

17345,22742

17345,15042

17345,17192

17345,24532

17345,28298

17346,22810

17346,15898

17346,15632

17346,22964

17346,28772

17346,22716

17346,14382

17346,15580

17346,22960

17346,28192

17346,23168

17346,15542

17346,16194

17346,22596

17346,25634

17346,20206

17346,14864

17346,14828

17346,23004

17346,25440

17346,20506

17346,16138

17346,15962

17346,21926

17346,23598

17346,20662

17346,14818

17346,15430

17346,20952

17346,22268

17346,19224

17346,15454

17346,14038

17346,21416

17346,22876

17346,18214

17346,11814

17346,13482

17346,21066

17346,22334

17346,18946

17346,12372

17346,11480

17346,18692

17346,20078

17346,15202

17346,10524

17346,10232

17346,15580

17346,19238

17346,15052

17346,9686

17346,12438

17346,16742

17346,16792

17346,14902

17346,12502

17346,13400

17346,16564

17346,17836

17346,13354

17346,9686

17346,11838

17346,16986

17346,19680

17347,14098

17347,8546

17347,11424

17347,16100

17347,17696

17347,14514

17347,10840

17347,10206

17347,14262

17347,19084

17347,12582

17347,7980

17347,9048

17347,14598

17347,16646

17347,11702

17347,7806

17347,8368

17347,14584

17347,16422

17347,12198

17347,7368

17347,7400

17347,13014

17347,14658

17347,10450

17347,8158

17347,9256

17347,12718

17347,13976

17347,12182

17347,7694

17347,6556

17347,11856

17347,15288

17347,12686

17353,8590

17353,9136

17353,14454

17353,16158

17353,13024

17353,9188

17353,10520

17353,14960

17353,17238

17353,13288

17353,9454

17353,10540

17353,15670

17353,16588

17353,13770

17353,9192

17353,12110

17353,16354

17353,17400

17353,13290

17353,9564

17353,12546

17353,18670

17353,19518

17353,12702

17353,9532

17353,12330

17354,18482

17354,18076

17354,13720

17354,11146

17354,13478

17354,19820

17354,20230

17354,17198

17354,11500

17354,12298

17354,19754

17354,20378

17354,14774

17354,8728

17354,11182

17354,18126

17354,19404

17354,13562

17354,8222

17354,13056

17354,21044

17354,22278

17354,15494

17354,9424

17354,9816

17354,18388

17354,23024

17354,17508

17354,8308

17354,11062

17354,17162

17354,20948

17354,15948

17354,10152

17354,11882

17354,17884

17354,22998

17354,16176

17354,11094

17354,10898

17354,17726

17354,22076

17354,18736

17354,11716

17354,12798

17354,19026

17354,23966

17354,19952

17354,14678

17354,14448

17354,19080

17354,22702

17354,21708

17354,16152

17354,16608

17354,20182

17354,24490

17354,23780

17354,16400

17354,17978

17354,22810

17354,24768

17354,22406

17354,18408

17354,19210

17355,21966

17355,24508

17355,21290

17355,17116

17355,18618

17355,23492

17355,25842

17355,22278

17355,17894

17355,17500

17355,22746

17355,24490

17355,22016

17355,18502

17355,18436

17355,21920

17355,25532

17355,22994

17355,18212

17355,17902

17355,21344

17355,24218

17355,19598

17355,17756

17355,17294

17355,23268

17355,24862

17355,21678

17355,18212

17355,18270

17355,21422

17355,24582

17355,21124

17355,15706

17355,17952

17355,22512

17361,24066

17361,19756

17361,15122

17361,17360

17361,23062

17361,23618

17361,21730

17361,16810

17361,17476

17361,23096

17361,24994

17361,21384

17361,15808

17361,15658

17361,21676

17361,23082

17361,22194

17361,17204

17361,14704

17361,20946

17361,25226

17361,22500

17361,15016

17361,14540

17361,20888

17361,23802

17361,21212

17362,16308

17362,15156

17362,17488

17362,21910

17362,20672

17362,16792

17362,16200

17362,16686

17362,22150

17362,20640

17362,16536

17362,15804

17362,16736

17362,19390

17362,21014

17362,17158

17362,14526

17362,17800

17362,21770

17362,21366

17362,17520

17362,16504

17362,18072

17362,19346

17362,18374

17362,16078

17362,16188

17362,17586

17362,20580

17362,20694

17362,16318

17362,16170

17362,17666

17362,20138

17362,20292

17362,17752

17362,14688

17362,16498

17362,19704

17362,19560

17362,17420

17362,14938

17362,17782

17362,18284

17362,19370

17362,17064

17362,15682

17362,17718

17362,18908

17362,19092

17362,17360

17362,18332

17362,18492

17362,19414

17362,19268

17362,19294

17362,17096

17362,17318

17362,20388

17362,20312

17362,18086

17362,17946

17362,19704

17362,19942

17362,18256

17363,17096

17363,18010

17363,19516

17363,21074

17363,20346

17363,16364

17363,17384

17363,18480

17363,20036

17363,20202

17363,17510

17363,16770

17363,17650

17363,21878

17363,20930

17363,18340

17363,16290

17363,17880

17363,20870

17363,20714

17363,20270

17363,19060

17363,19556

17363,21378

17363,19644

17363,20586

17363,21020

17363,22006

17363,21796

17363,19950

17363,19988

17363,21274

17363,21774

17363,20894

17363,21552

17363,21384

17369,20848

17369,22492

17369,21586

17369,19412

17369,19532

17369,20114

17369,21946

17369,22748

17369,19872

17369,19722

17369,18660

17369,19420

17369,19674

17369,18402

17369,17096

17369,16416

17369,17034

17369,18238

17369,18230

17369,16384

17369,16368

17369,15706

17369,16060

17369,16038

17369,15212

17369,15756

17369,15076

17370,16604

17370,17344

17370,15676

17370,13602

17370,14554

17370,14528

17370,12700

17370,13424

17370,13198

17370,12848

17370,12616

17370,12292

17370,13276

17370,11636

17370,11980

17370,11682

17370,12652

17370,12282

17370,12232

17370,11584

17370,11972

17370,13714

17370,12886

17370,12320

17370,12510

17370,12964

17370,12510

17370,13102

17370,13206

17370,12264

17370,11200

17370,11680

17370,11876

17370,12344

17370,12510

17370,12632

17370,13256

17370,13260

17370,12124

17370,12314

17370,12824

17370,14466

17370,12808

17370,13014

17370,12140

17370,10492

17370,11630

17370,11724

17370,11926

17370,12396

17370,12134

17370,11704

17370,12374

17370,13918

17370,13600

17370,11536

17370,13676

17370,12094

17370,12184

17370,14088

17370,11434

17370,12978

17370,13390

17370,12646

17370,13926

17371,13322

17371,14006

17371,11156

17371,13032

17371,14376

17371,15862

17371,13850

17371,11700

17371,12256

17371,13806

17371,15088

17371,15626

17371,15428

17371,11926

17371,13638

17371,16754

17371,16030

17371,17002

17371,15114

17371,13936

17371,14244

17371,18100

17371,16350

17371,14404

17371,15570

17371,16218

17371,18396

17371,18836

17371,16640

17371,15624

17371,15960

17371,18550

17371,20252

17371,17986

17371,15490

17371,15904

17377,17272

17377,17928

17377,19838

17377,17920

17377,16912

17377,17106

17377,18704

17377,18920

17377,18226

17377,17026

17377,17092

17377,18200

17377,18892

17377,19102

17377,19288

17377,18476

17377,20352

17377,18994

17377,19084

17377,19172

17377,17698

17377,18998

17377,18408

17377,17508

17377,17122

17377,17814

17377,19718

17378,19640

17378,16694

17378,16252

17378,17634

17378,19906

17378,21576

17378,19368

17378,17994

17378,18060

17378,18992

17378,20618

17378,19662

17378,17814

17378,20048

17378,20532

17378,19874

17378,19724

17378,17138

17378,17402

17378,18428

17378,19636

17378,18870

17378,16520

17378,18470

17378,20780

17378,20084

17378,17686

17378,16156

17378,17410

17378,19204

17378,19030

17378,20256

17378,16226

17378,18162

17378,19984

17378,21694

17378,19926

17378,18952

17378,19236

17378,20948

17378,21168

17378,20904

17378,18828

17378,19338

17378,20566

17378,21910

17378,21960

17378,22214

17378,21608

17378,23196

17378,24060

17378,23624

17378,21820

17378,21554

17378,21966

17378,22194

17378,22776

17378,19990

17378,20880

17378,23536

17378,24094

17378,23356

17378,22404

17378,24204

17378,25794

17379,25072

17379,25914

17379,24550

17379,25538

17379,28346

17379,29108

17379,25784

17379,25580

17379,26616

17379,28794

17379,29042

17379,26944

17379,26338

17379,28712

17379,29060

17379,28144

17379,28836

17379,26092

17379,28716

17379,29684

17379,31202

17379,27742

17379,27314

17379,31010

17379,32474

17379,32342

17379,31182

17379,30014

17379,32236

17379,33114

17379,32468

17379,31778

17379,29816

17379,30702

17379,30650

17379,31122

17385,30322

17385,31758

17385,31660

17385,34166

17385,33790

17385,32866

17385,35054

17385,34516

17385,36436

17385,36114

17385,33498

17385,35244

17385,37094

17385,36880

17385,36148

17385,35356

17385,35394

17385,36818

17385,38838

17385,39204

17385,38968

17385,37892

17385,37980

17385,39818

17385,39978

17385,37816

17385,36852

17386,38976

17386,43112

17386,42628

17386,39328

17386,37874

17386,39480

17386,41992

17386,42402

17386,39370

17386,41120

17386,40706

17386,42232

17386,41630

17386,40890

17386,40166

17386,42024

17386,43764

17386,43724

17386,42566

17386,43258

17386,43200

17386,44670

17386,42896

17386,41620

17386,41164

17386,42556

17386,45298

17386,42180

17386,40800

17386,41754

17386,43332

17386,45622

17386,44430

17386,43346

17386,41564

17386,43534

17386,45730

17386,45590

17386,44272

17386,42936

17386,44898

17386,47190

17386,46192

17386,43050

17386,42106

17386,43480

17386,46572

17386,47530

17386,44344

17386,44004

17386,46384

17386,45284

17386,46448

17386,43660

17386,45258

17386,44026

17386,46100

17386,45534

17386,44366

17386,45216

17386,46152

17386,46958

17386,46756

17386,45148

17386,45680

17387,46418

17387,47730

17387,46980

17387,46632

17387,47360

17387,47008

17387,47464

17387,49154

17387,48468

17387,47096

17387,49448

17387,49288

17387,48422

17387,49054

17387,48560

17387,49826

17387,50928

17387,50992

17387,50302

17387,50358

17387,50770

17387,52296

17387,50868

17387,49618

17387,51166

17387,52586

17387,52122

17387,51496

17387,52018

17387,52006

17387,53852

17387,54802

17387,52066

17387,51224

17387,51772

17387,53096

17393,52638

17393,52934

17393,51358

17393,52270

17393,54190

17393,55484

17393,53552

17393,52340

17393,53696

17393,55502

17393,55320

17393,54072

17393,53852

17393,53854

17393,56072

17393,57110

17393,55620

17393,55150

17393,55200

17393,56714

17393,56988

17393,55610

17393,56500

17393,55738

17393,57664

17393,58504

17393,57688

17394,55710

17394,55022

17394,57984

17394,57898

17394,56796

17394,55982

17394,55270

17394,57962

17394,57980

17394,57096

17394,56680

17394,55044

17394,57390

17394,60130

17394,57306

17394,58194

17394,57508

17394,59718

17394,60160

17394,58998

17394,56922

17394,55648

17394,58212

17394,61614

17394,60750

17394,58466

17394,59948

17394,60686

17394,61186

17394,60544

17394,61764

17394,60762

17394,63086

17394,64558

17394,64298

17394,62368

17394,63248

17394,64434

17394,63670

17394,63056

17394,62086

17394,63112

17394,63326

17394,65624

17394,62846

17394,62806

17394,65216

17394,65850

17394,65072

17394,64718

17394,62098

17394,63036

17394,64852

17394,65518

17394,65390

17394,64006

17394,64722

17394,65292

17394,66334

17394,66116

17394,65816

17394,63984

17394,65408

17394,67018

17394,67082

17395,65150

17395,67750

17395,67982

17395,68776

17395,67810

17395,66226

17395,66722

17395,67492

17395,68492

17395,68530

17395,67270

17395,67576

17395,68330

17395,69550

17395,68802

17395,68380

17395,70230

17395,71284

17395,71336

17395,71738

17395,69592

17395,72178

17395,70824

17395,71270

17395,72342

17395,72448

17395,72542

17395,73094

17395,73466

17395,72608

17395,73622

17395,74050

17395,71708

17395,72142

17395,72538

17395,74740

17401,72850

17401,72500

17401,71314

17401,73172

17401,75704

17401,74192

17401,74014

17401,72530

17401,75320

17401,76640

17401,75168

17401,74498

17401,76278

17401,76268

17401,77380

17401,78240

17401,76966

17401,76062

17401,77272

17401,80186

17401,77856

17401,78712

17401,78590

17401,76980

17401,78474

17401,79614

17401,77746

17402,76502

17402,76860

17402,78428

17402,79734

17402,78312

17402,77714

17402,77364

17402,79418

17402,80150

17402,80650

17402,79244

17402,79246

17402,80886

17402,81200

17402,81396

17402,79352

17402,80008

17402,81734

17402,83740

17402,82166

17402,80390

17402,80730

17402,82462

17402,83338

17402,85428

17402,84060

17402,83594

17402,83978

17402,84820

17402,84668

17402,83714

17402,84702

17402,86252

17402,88168

17402,87560

17402,88082

17402,87256

17402,87410

17402,88634

17402,88314

17402,89072

17402,88734

17402,90016

17402,92076

17402,89892

17402,91890

17402,92736

17402,91312

17402,93328

17402,93490

17402,93978

17402,92854

17402,94362

17402,92088

17402,94088

17402,94592

17402,95306

17402,95376

17402,96724

17402,95522

17402,96282

17402,96142

17402,97468

17402,97006

17402,97452

17403,97314

17403,96398

17403,98518

17403,99316

17403,99258

17403,100044

17403,99934

17403,101184

17403,101134

17403,99200

17403,100504

17403,101900

17403,102578

17403,102714

17403,99740

17403,103042

17403,104902

17403,104500

17403,104208

17403,104040

17403,103646

17403,108154

17403,107694

17403,106770

17403,104784

17403,104824

17403,107282

17403,107380

17403,106348

17403,105932

17403,107222

17403,108334

17403,109470

17403,108942

17403,108508

17403,108808

17409,109008

17409,111106

17409,110228

17409,108496

17409,109118

17409,112098

17409,112974

17409,111310

17409,108918

17409,109522

17409,112556

17409,113444

17409,112116

17409,110802

17409,112370

17409,113832

17409,116214

17409,114828

17409,112020

17409,112436

17409,113210

17409,115790

17409,115562

17409,112140

17409,112372

17409,115388

17409,117064

17410,117392

17410,113184

17410,113752

17410,116554

17410,118068

17410,116558

17410,114650

17410,115750

17410,116316

17410,118258

17410,116486

17410,113902

17410,116148

17410,117224

17410,120616

17410,118946

17410,116470

17410,117004

17410,118918

17410,120922

17410,119962

17410,117568

17410,115960

17410,119074

17410,120736

17410,118646

17410,115324

17410,116194

17410,117808

17410,120538

17410,119042

17410,115880

17410,115700

17410,117476

17410,121168

17410,118976

17410,115050

17410,116086

17410,120036

17410,121328

17410,119978

17410,117412

17410,117786

17410,120202

17410,121204

17410,120832

17410,118088

17410,117776

17410,119668

17410,119372

17410,120150

17410,116688

17410,116410

17410,120138

17410,120284

17410,118872

17410,115182

17410,114944

17410,118668

17410,119300

17410,116876

17410,116934

17410,115886

17410,116210

17410,117566

17411,116580

17411,113744

17411,111972

17411,115528

17411,116018

17411,113422

17411,111472

17411,109974

17411,114648

17411,114740

17411,112866

17411,109440

17411,111428

17411,112866

17411,114680

17411,112208

17411,110708

17411,108654

17411,111688

17411,114796

17411,111078

17411,109786

17411,109674

17411,111290

17411,113890

17411,111668

17411,109678

17411,108078

17411,109842

17411,111736

17411,109652

17411,105980

17411,106764

17411,110196

17411,111228

17411,110444

17417,106890

17417,106536

17417,108158

17417,108004

17417,106688

17417,104038

17417,103358

17417,105420

17417,106028

17417,105852

17417,104152

17417,103926

17417,105140

17417,105684

17417,104530

17417,101170

17417,100788

17417,103804

17417,106720

17417,102320

17417,99914

17417,101076

17417,102254

17417,104624

17417,102598

17417,100184

17417,98578

17418,101944

17418,104006

17418,100714

17418,97010

17418,96158

17418,99068

17418,100174

17418,99058

17418,95638

17418,95384

17418,98838

17418,101700

17418,97582

17418,96492

17418,95158

17418,97702

17418,98660

17418,95732

17418,94624

17418,93372

17418,96586

17418,98964

17418,97078

17418,93516

17418,90624

17418,94660

17418,95590

17418,94594

17418,92614

17418,92410

17418,95400

17418,94502

17418,93508

17418,89420

17418,89760

17418,92572

17418,92000

17418,93412

17418,89884

17418,88442

17418,92246

17418,93304

17418,91282

17418,88548

17418,86668

17418,89220

17418,91336

17418,89218

17418,86430

17418,84438

17418,86936

17418,87636

17418,86276

17418,83760

17418,81558

17418,83604

17418,85586

17418,84510

17418,79800

17418,78072

17418,81914

17418,84156

17418,82362

17418,79854

17418,79420

17419,81402

17419,83322

17419,80922

17419,78116

17419,76690

17419,79228

17419,80580

17419,80120

17419,77726

17419,75716

17419,78986

17419,80666

17419,78450

17419,76274

17419,74514

17419,76732

17419,79192

17419,79540

17419,75876

17419,73638

17419,77432

17419,78696

17419,77420

17419,76310

17419,75098

17419,74520

17419,77722

17419,75502

17419,73034

17419,72590

17419,74136

17419,76450

17419,73838

17419,72138

17419,70810

17419,73092

17425,74812

17425,73228

17425,70912

17425,69620

17425,71236

17425,73190

17425,71580

17425,68946

17425,69326

17425,69552

17425,71828

17425,70182

17425,68574

17425,65566

17425,68994

17425,71082

17425,70502

17425,67172

17425,66720

17425,67884

17425,70156

17425,71088

17425,68332

17425,66994

17425,68596

17425,70468

17425,70172

17426,69410

17426,67630

17426,69258

17426,70478

17426,69916

17426,69618

17426,67164

17426,67752

17426,69548

17426,71130

17426,68606

17426,67350

17426,69432

17426,71502

17426,72444

17426,68676

17426,65916

17426,70148

17426,71526

17426,71938

17426,68638

17426,66150

17426,68520

17426,70796

17426,70752

17426,67134

17426,66758

17426,69358

17426,70542

17426,70242

17426,66986

17426,65686

17426,68158

17426,70426

17426,71082

17426,69362

17426,66632

17426,67298

17426,71310

17426,69654

17426,67006

17426,65336

17426,68372

17426,69928

17426,69570

17426,67772

17426,65450

17426,68364

17426,71052

17426,68516

17426,67444

17426,68066

17426,69572

17426,72212

17426,70334

17426,66886

17426,65980

17426,67804

17426,71056

17426,69478

17426,68088

17426,66152

17426,67596

17426,70634

17426,72156

17427,68620

17427,65300

17427,66388

17427,68722

17427,68380

17427,66918

17427,64616

17427,65740

17427,69114

17427,68724

17427,68038

17427,65812

17427,66320

17427,69098

17427,69842

17427,67162

17427,65658

17427,66902

17427,68294

17427,69336

17427,67110

17427,64640

17427,66002

17427,67938

17427,70238

17427,67496

17427,63458

17427,64940

17427,69400

17427,66694

17427,65328

17427,63868

17427,64482

17427,65636

17427,65698

17427,63164

17433,62706

17433,62978

17433,64408

17433,64270

17433,62714

17433,61104

17433,61350

17433,64558

17433,62820

17433,64238

17433,63358

17433,63882

17433,66070

17433,65516

17433,60946

17433,60440

17433,62476

17433,63024

17433,63994

17433,61790

17433,61208

17433,63308

17433,63534

17433,64336

17433,61586

17433,60962

17433,62818

17434,63908

17434,62746

17434,59774

17434,59164

17434,59836

17434,62748

17434,62898

17434,61276

17434,59964

17434,60662

17434,62964

17434,61720

17434,61952

17434,59052

17434,60076

17434,60400

17434,60162

17434,58628

17434,57992

17434,59600

17434,60322

17434,59614

17434,57468

17434,57934

17434,58108

17434,59936

17434,58620

17434,57336

17434,56962

17434,56918

17434,56724

17434,58986

17434,56674

17434,56390

17434,57522

17434,60268

17434,59696

17434,58580

17434,57376

17434,57566

17434,59544

17434,57886

17434,55336

17434,56350

17434,56100

17434,57096

17434,56518

17434,55676

17434,54384

17434,55670

17434,55382

17434,55368

17434,52610

17434,53362

17434,53116

17434,54694

17434,55092

17434,53628

17434,53324

17434,53824

17434,55142

17434,54958

17434,52890

17434,51746

17434,51804

17435,54464

17435,54266

17435,51276

17435,50486

17435,49570

17435,53026

17435,51308

17435,49280

17435,48002

17435,48922

17435,50420

17435,50406

17435,50142

17435,48350

17435,49182

17435,51012

17435,51458

17435,50334

17435,47950

17435,47628

17435,51792

17435,51234

17435,50940

17435,48852

17435,49442

17435,51466

17435,48678

17435,47958

17435,47126

17435,48436

17435,50766

17435,48060

17435,47776

17435,46208

17435,47118

17435,49440

17441,47152

17441,43944

17441,43830

17441,47076

17441,47322

17441,45748

17441,44488

17441,43724

17441,46186

17441,47730

17441,47392

17441,46360

17441,46454

17441,45754

17441,47736

17441,47294

17441,45616

17441,44180

17441,45118

17441,47726

17441,47162

17441,46324

17441,45988

17441,45796

17441,47556

17441,48008

17441,46100

17442,44774

17442,45058

17442,45144

17442,46574

17442,44404

17442,43404

17442,45514

17442,47312

17442,47448

17442,44476

17442,42468

17442,44918

17442,47118

17442,48544

17442,46338

17442,44530

17442,46214

17442,47726

17442,47608

17442,44664

17442,43736

17442,46158

17442,47532

17442,46528

17442,44320

17442,43908

17442,43790

17442,45942

17442,47064

17442,43082

17442,43920

17442,45170

17442,47538

17442,46838

17442,45752

17442,44952

17442,44562

17442,45346

17442,44632

17442,43968

17442,43652

17442,45084

17442,46312

17442,43890

17442,43634

17442,43374

17442,44496

17442,45838

17442,45204

17442,44754

17442,42600

17442,43568

17442,45046

17442,44514

17442,41708

17442,42426

17442,42482

17442,44406

17442,44624

17442,41778

17442,42004

17442,42722

17442,45090

17442,46534

17442,44158

17443,41762

17443,43522

17443,43822

17443,45166

17443,44948

17443,42208

17443,42368

17443,45020

17443,46926

17443,44824

17443,42548

17443,44594

17443,45174

17443,44018

17443,42286

17443,43150

17443,42944

17443,43776

17443,44856

17443,42006

17443,42832

17443,41584

17443,42976

17443,41578

17443,41066

17443,39838

17443,41076

17443,43180

17443,42894

17443,42962

17443,42730

17443,42594

17443,43134

17443,42752

17443,40782

17443,40266

17449,41878

17449,43690

17449,43164

17449,43288

17449,42708

17449,43128

17449,44816

17449,44250

17449,42204

17449,43080

17449,42962

17449,42752

17449,44386

17449,43486

17449,42620

17449,43476

17449,43506

17449,42444

17449,41356

17449,42550

17449,42814

17449,45082

17449,45732

17449,44272

17449,41176

17449,42716

17449,44228

17450,43186

17450,42688

17450,40104

17450,41732

17450,45442

17450,43540

17450,40220

17450,41188

17450,42072

17450,42092

17450,43364

17450,41452

17450,39688

17450,41990

17450,41850

17450,42702

17450,39802

17450,38998

17450,41514

17450,43458

17450,43450

17450,40280

17450,41224

17450,42574

17450,41196

17450,41836

17450,40634

17450,39580

17450,41542

17450,42832

17450,42346

17450,39970

17450,38738

17450,40944

17450,39732

17450,41614

17450,41036

17450,39794

17450,40756

17450,41968

17450,43422

17450,43106

17450,40466

17450,41860

17450,43404

17450,44344

17450,42816

17450,42722

17450,41486

17450,44310

17450,45284

17450,41804

17450,43302

17450,44256

17450,43268

17450,43256

17450,40572

17450,40294

17450,42310

17450,41460

17450,42274

17450,40918

17450,41688

17450,41546

17450,43482

17451,43860

17451,42622

17451,41698

17451,43062

17451,44882

17451,43238

17451,43138

17451,41208

17451,42174

17451,43242

17451,42568

17451,42450

17451,39732

17451,43236

17451,44354

17451,43804

17451,43236

17451,41052

17451,41610

17451,43584

17451,43150

17451,41836

17451,40682

17451,42308

17451,42482

17451,43022

17451,41302

17451,41568

17451,44184

17451,43698

17451,44482

17451,42520

17451,42732

17451,43998

17451,43148

17451,42680

17457,42090

17457,41500

17457,43650

17457,43910

17457,45656

17457,44818

17457,44018

17457,44374

17457,45122

17457,46698

17457,44978

17457,44826

17457,45536

17457,47736

17457,48414

17457,44976

17457,46376

17457,47430

17457,49372

17457,50224

17457,46412

17457,46118

17457,49458

17457,49634

17457,50154

17457,48892

17457,48208

17458,50970

17458,52088

17458,50686

17458,48754

17458,48314

17458,48220

17458,49130

17458,48232

17458,48532

17458,46664

17458,48014

17458,50308

17458,49204

17458,48696

17458,49746

17458,51086

17458,51624

17458,51168

17458,51938

17458,49760

17458,51508

17458,54236

17458,52612

17458,50390

17458,48896

17458,51080

17458,52320

17458,52302

17458,51128

17458,50610

17458,51592

17458,53706

17458,52810

17458,51902

17458,50900

17458,52276

17458,52432

17458,52678

17458,52034

17458,50470

17458,53048

17458,54880

17458,55254

17458,52802

17458,54386

17458,55440

17458,56316

17458,55040

17458,54602

17458,55084

17458,55822

17458,56360

17458,56788

17458,54712

17458,54250

17458,56668

17458,56468

17458,55570

17458,52396

17458,52950

17458,54372

17458,55940

17458,55636

17458,53976

17458,52846

17459,54990

17459,55526

17459,53622

17459,52504

17459,51414

17459,53806

17459,54692

17459,53470

17459,51088

17459,50102

17459,52528

17459,54532

17459,51962

17459,50720

17459,51788

17459,52716

17459,53408

17459,53338

17459,53196

17459,52110

17459,52216

17459,54280

17459,51772

17459,50460

17459,50798

17459,52042

17459,53464

17459,53364

17459,53594

17459,54312

17459,54100

17459,55302

17459,54518

17459,52524

17459,53792

17459,53988

17465,55924

17465,56472

17465,53252

17465,53984

17465,53892

17465,55414

17465,54514

17465,53098

17465,52412

17465,54212

17465,54348

17465,54022

17465,53378

17465,53072

17465,54972

17465,53800

17465,52916

17465,51600

17465,51638

17465,53950

17465,53608

17465,53828

17465,52800

17465,53652

17465,54356

17465,54982

17465,56114

17466,54598

17466,54266

17466,55284

17466,54472

17466,54292

17466,56226

17466,55306

17466,56784

17466,58906

17466,56232

17466,54978

17466,55504

17466,56414

17466,56798

17466,55902

17466,56082

17466,54964

17466,55334

17466,54712

17466,55816

17466,55930

17466,55450

17466,56508

17466,56604

17466,57436

17466,56046

17466,55774

17466,56886

17466,56922

17466,57704

17466,56838

17466,57468

17466,57500

17466,57306

17466,56958

17466,56754

17466,56924

17466,59400

17466,60064

17466,59348

17466,58452

17466,58042

17466,59614

17466,60266

17466,60012

17466,59444

17466,60340

17466,61572

17466,60538

17466,59320

17466,56952

17466,58586

17466,57412

17466,59350

17466,57728

17466,57422

17466,60398

17466,60278

17466,60128

17466,59878

17466,58812

17466,57560

17466,59034

17466,60368

17466,58176

17467,56812

17467,58718

17467,59884

17467,57982

17467,58364

17467,58512

17467,57050

17467,59122

17467,58238

17467,59038

17467,58170

17467,57578

17467,59394

17467,60060

17467,60348

17467,59868

17467,61588

17467,59424

17467,59940

17467,59130

17467,60206

17467,58598

17467,58986

17467,60014

17467,60558

17467,58474

17467,57122

17467,58810

17467,58696

17467,56150

17467,57876

17467,57914

17467,57772

17467,58622

17467,58736

17467,57128

17473,58162

17473,58636

17473,57032

17473,55096

17473,55936

17473,55366

17473,57564

17473,57716

17473,56284

17473,56142

17473,56842

17473,55288

17473,56098

17473,56394

17473,56334

17473,56904

17473,57384

17473,57204

17473,58544

17473,56114

17473,57298

17473,59436

17473,59482

17473,58408

17473,56074

17473,56432

17473,55858

17474,58674

17474,57542

17474,58940

17474,57852

17474,56980

17474,57878

17474,59038

17474,58108

17474,57298

17474,57772

17474,58710

17474,57304

17474,57970

17474,58832

17474,55838

17474,57528

17474,57372

17474,57980

17474,58562

17474,60260

17474,59532

17474,59794

17474,57880

17474,59506

17474,58968

17474,58382

17474,59430

17474,59346

17474,59574

17474,57996

17474,59708

17474,61168

17474,60992

17474,61188

17474,60996

17474,61700

17474,61954

17474,61218

17474,62384

17474,61370

17474,63328

17474,62130

17474,63770

17474,64248

17474,64286

17474,63294

17474,64152

17474,63390

17474,64550

17474,65262

17474,64050

17474,63976

17474,64102

17474,65162

17474,66698

17474,65994

17474,65674

17474,65924

17474,66832

17474,65910

17474,67530

17474,67984

17474,66708

17474,66784

17474,67970

17475,69168

17475,68686

17475,68952

17475,67240

17475,68270

17475,66726

17475,66096

17475,68008

17475,69024

17475,68796

17475,68834

17475,68918

17475,70368

17475,70648

17475,70586

17475,71120

17475,70650

17475,70900

17475,71274

17475,70466

17475,71046

17475,71282

17475,71532

17475,71918

17475,70716

17475,72778

17475,71962

17475,72572

17475,70826

17475,72752

17475,73628

17475,71712

17475,72598

17475,72266

17475,71762

17475,73426

17481,73188

17481,71796

17481,71086

17481,73802

17481,72404

17481,73040

17481,72728

17481,73488

17481,73556

17481,72936

17481,73182

17481,72974

17481,71942

17481,72734

17481,72754

17481,72338

17481,72614

17481,72012

17481,74736

17481,74364

17481,72604

17481,73212

17481,73694

17481,73448

17481,73692

17481,74290

17481,74236

17482,73976

17482,74276

17482,74474

17482,74926

17482,75496

17482,76196

17482,75526

17482,76258

17482,76376

17482,75800

17482,74456

17482,76312

17482,76378

17482,74734

17482,76226

17482,77304

17482,75208

17482,76258

17482,76180

17482,76588

17482,76444

17482,76712

17482,78056

17482,76972

17482,76714

17482,77480

17482,76426

17482,77684

17482,77738

17482,77044

17482,77426

17482,77192

17482,80114

17482,80780

17482,78726

17482,77716

17482,79224

17482,79638

17482,77882

17482,77148

17482,77154

17482,77666

17482,77496

17482,77872

17482,78418

17482,79016

17482,79992

17482,80366

17482,79878

17482,80612

17482,79438

17482,79692

17482,79212

17482,79872

17482,78198

17482,79884

17482,79814

17482,78668

17482,80570

17482,79758

17482,78752

17482,79388

17482,80018

17482,80650

17482,80402

17483,79210

17483,80148

17483,81650

17483,80158

17483,79262

17483,79834

17483,81152

17483,79452

17483,80398

17483,80316

17483,81468

17483,81994

17483,80698

17483,81616

17483,81676

17483,81522

17483,80878

17483,80212

17483,80390

17483,82050

17483,81354

17483,80924

17483,82438

17483,81142

17483,81162

17483,81408

17483,82220

17483,83292

17483,81612

17483,83568

17483,81504

17483,79816

17483,82846

17483,80878

17483,82406

17483,83300

17489,81148

17489,82334

17489,82442

17489,81656

17489,81176

17489,80958

17489,81442

17489,80748

17489,79348

17489,80034

17489,79802

17489,80060

17489,78786

17489,79374

17489,79628

17489,80512

17489,79490

17489,80906

17489,78708

17489,79068

17489,78648

17489,79606

17489,78916

17489,78092

17489,77372

17489,78754

17489,79020

17490,77792

17490,78586

17490,78476

17490,77658

17490,78712

17490,79354

17490,76582

17490,77110

17490,76722

17490,76296

17490,75824

17490,75390

17490,76932

17490,76674

17490,75950

17490,74536

17490,75526

17490,75908

17490,73662

17490,75596

17490,74692

17490,74880

17490,72238

17490,71240

17490,72968

17490,73120

17490,74834

17490,72954

17490,72056

17490,73052

17490,71742

17490,70786

17490,71424

17490,71204

17490,71192

17490,71402

17490,70744

17490,69114

17490,68228

17490,68264

17490,68936

17490,68722

17490,66750

17490,67422

17490,67008

17490,66924

17490,66964

17490,65940

17490,66562

17490,67074

17490,64832

17490,65634

17490,66586

17490,65172

17490,64702

17490,65570

17490,65484

17490,65138

17490,64970

17490,63342

17490,63860

17490,65150

17490,65842

17490,66702

17490,66140

17491,64234

17491,65392

17491,65918

17491,66500

17491,65472

17491,65574

17491,65284

17491,64230

17491,66030

17491,63654

17491,62478

17491,64836

17491,62662

17491,64394

17491,63588

17491,63832

17491,63002

17491,63974

17491,64102

17491,65070

17491,66254

17491,64744

17491,64682

17491,63882

17491,64150

17491,64250

17491,64294

17491,63174

17491,63740

17491,62302

17491,64668

17491,64432

17491,64598

17491,62580

17491,63538

17491,62390

17497,63234

17497,63226

17497,62830

17497,64916

17497,63442

17497,63366

17497,62828

17497,62982

17497,61786

17497,62570

17497,63636

17497,63522

17497,64338

17497,64234

17497,66050

17497,65440

17497,64466

17497,64244

17497,65028

17497,65702

17497,64422

17497,63658

17497,66010

17497,65272

17497,64368

17497,65252

17497,66150

17498,67478

17498,66406

17498,66912

17498,65988

17498,66422

17498,65662

17498,63970

17498,65684

17498,65354

17498,66030

17498,67746

17498,66790

17498,68112

17498,67476

17498,66602

17498,67738

17498,66536

17498,67328

17498,67398

17498,66610

17498,67610

17498,67810

17498,65782

17498,65618

17498,66198

17498,64784

17498,64758

17498,64286

17498,64468

17498,66340

17498,63628

17498,63016

17498,65022

17498,66038

17498,66016

17498,66430

17498,65550

17498,65694

17498,64986

17498,63932

17498,64658

17498,64460

17498,63788

17498,63088

17498,64596

17498,64658

17498,64722

17498,63596

17498,63906

17498,66238

17498,65310

17498,65974

17498,66816

17498,64692

17498,65692

17498,64528

17498,65178

17498,63334

17498,63642

17498,64332

17498,65656

17498,64034

17498,64550

17498,64974

17498,64374

17499,64128

17499,64188

17499,62950

17499,63486

17499,62484

17499,62054

17499,62532

17499,62066

17499,63058

17499,61336

17499,61308

17499,61498

17499,60058

17499,58938

17499,59814

17499,58510

17499,57734

17499,56292

17499,54602

17499,56922

17499,56206

17499,56186

17499,55240

17499,55246

17499,53462

17499,54606

17499,55542

17499,55978

17499,56140

17499,55142

17499,57372

17499,57384

17499,56502

17499,56664

17499,55802

17499,55496

17505,55250

17505,54364

17505,56334

17505,56158

17505,54714

17505,54348

17505,54172

17505,53136

17505,54178

17505,53760

17505,54074

17505,54830

17505,54788

17505,54100

17505,55190

17505,55450

17505,54244

17505,53552

17505,52702

17505,53590

17505,53208

17505,52936

17505,52026

17505,52036

17505,51374

17505,51784

17505,50866

17506,50866

17506,51856

17506,50692

17506,51092

17506,48972

17506,51078

17506,51940

17506,50824

17506,50942

17506,50488

17506,50352

17506,50686

17506,49124

17506,49946

17506,48924

17506,47616

17506,48488

17506,48406

17506,47958

17506,49606

17506,48486

17506,49792

17506,50330

17506,49326

17506,50862

17506,50348

17506,49694

17506,48234

17506,50842

17506,50152

17506,49036

17506,49460

17506,50336

17506,49160

17506,49200

17506,50316

17506,49126

17506,50250

17506,49898

17506,49308

17506,48690

17506,48332

17506,50376

17506,48612

17506,48096

17506,46722

17506,49012

17506,48686

17506,48578

17506,48532

17506,47988

17506,48354

17506,48814

17506,47842

17506,48102

17506,48010

17506,46904

17506,46528

17506,44592

17506,46222

17506,45956

17506,46276

17506,47540

17506,45598

17506,45592

17507,46084

17507,45546

17507,46164

17507,44008

17507,43078

17507,42910

17507,43264

17507,44160

17507,44226

17507,42600

17507,43566

17507,42614

17507,43898

17507,41634

17507,42104

17507,41312

17507,40694

17507,40646

17507,39960

17507,39478

17507,41638

17507,40798

17507,40440

17507,41412

17507,39690

17507,40914

17507,40012

17507,40116

17507,41602

17507,40090

17507,41990

17507,40634

17507,41010

17507,42548

17507,40966

17507,41528

17513,40280

17513,40198

17513,41030

17513,40592

17513,39436

17513,38646

17513,39288

17513,39794

17513,37936

17513,37728

17513,38924

17513,39094

17513,38716

17513,39210

17513,39312

17513,38956

17513,39882

17513,39522

17513,36744

17513,38082

17513,37660

17513,39288

17513,39060

17513,37662

17513,37896

17513,38022

17513,40360

17514,38840

17514,38842

17514,38108

17514,38214

17514,39352

17514,39152

17514,39206

17514,39792

17514,39328

17514,40302

17514,40544

17514,39484

17514,41096

17514,40268

17514,39824

17514,41404

17514,41932

17514,41120

17514,41108

17514,40084

17514,41604

17514,43060

17514,41366

17514,40394

17514,43256

17514,42706

17514,42524

17514,43532

17514,43996

17514,44704

17514,44598

17514,45646

17514,46854

17514,44170

17514,43284

17514,45670

17514,44166

17514,44970

17514,44698

17514,43858

17514,45994

17514,44684

17514,47228

17514,46050

17514,45300

17514,45422

17514,47704

17514,46476

17514,47454

17514,48622

17514,46806

17514,47922

17514,48682

17514,48662

17514,49342

17514,50432

17514,48276

17514,49088

17514,51308

17514,51110

17514,51180

17514,53802

17514,54114

17514,51258

17514,52508

17515,51422

17515,49576

17515,50888

17515,51100

17515,52150

17515,51338

17515,52028

17515,52224

17515,53310

17515,53558

17515,54624

17515,54768

17515,51204

17515,52758

17515,52458

17515,52250

17515,52964

17515,51232

17515,51882

17515,52326

17515,51684

17515,52130

17515,51910

17515,52220

17515,52286

17515,51528

17515,50338

17515,50594

17515,50384

17515,52492

17515,52516

17515,51734

17515,51436

17515,52930

17515,52850

17515,53818

17521,52328

17521,52156

17521,52490

17521,53040

17521,54158

17521,51694

17521,52748

17521,52396

17521,52732

17521,51622

17521,52240

17521,52088

17521,53370

17521,52884

17521,53848

17521,53870

17521,51404

17521,53744

17521,51762

17521,52820

17521,52290

17521,52356

17521,52384

17521,52000

17521,52472

17521,53260

17521,52430

17522,52786

17522,52172

17522,51192

17522,52746

17522,51496

17522,52742

17522,52230

17522,52180

17522,52588

17522,50928

17522,51762

17522,52498

17522,51852

17522,52858

17522,51514

17522,52302

17522,50726

17522,50980

17522,51384

17522,50966

17522,50464

17522,50246

17522,50038

17522,49696

17522,50122

17522,50090

17522,51304

17522,49080

17522,48026

17522,46792

17522,49056

17522,48946

17522,47238

17522,46862

17522,46156

17522,47104

17522,47190

17522,47458

17522,46172

17522,46968

17522,47768

17522,47298

17522,45718

17522,47588

17522,44310

17522,43568

17522,45804

17522,45478

17522,45096

17522,46106

17522,44892

17522,45156

17522,44904

17522,46352

17522,46890

17522,46822

17522,46934

17522,45828

17522,45732

17522,45122

17522,44516

17522,46358

17522,44946

17522,46234

17522,47198

17523,46054

17523,47646

17523,46748

17523,44792

17523,43352

17523,44218

17523,44616

17523,44488

17523,43532

17523,43338

17523,44894

17523,44356

17523,44092

17523,43742

17523,42078

17523,43624

17523,44574

17523,43842

17523,45452

17523,44960

17523,44136

17523,44204

17523,44290

17523,43434

17523,43092

17523,43298

17523,42424

17523,42222

17523,42716

17523,41600

17523,42572

17523,42548

17523,42536

17523,42508

17523,41362

17523,42752

17529,41362

17529,41690

17529,42552

17529,41194

17529,41486

17529,41888

17529,42900

17529,42260

17529,40768

17529,41346

17529,41464

17529,40984

17529,41872

17529,39396

17529,40294

17529,40768

17529,39098

17529,37726

17529,39426

17529,37376

17529,38660

17529,41468

17529,38582

17529,38384

17529,39320

17529,40012

17529,40646

17530,38350

17530,39750

17530,39792

17530,40662

17530,39884

17530,41102

17530,40218

17530,38744

17530,41036

17530,41054

17530,38896

17530,38846

17530,39710

17530,39464

17530,40952

17530,39800

17530,40062

17530,40350

17530,39032

17530,42564

17530,40718

17530,40554

17530,38948

17530,38952

17530,39324

17530,38440

17530,37808

17530,39734

17530,39272

17530,38880

17530,38962

17530,39742

17530,40334

17530,40394

17530,39274

17530,39976

17530,40068

17530,40290

17530,42336

17530,40590

17530,39710

17530,39954

17530,40400

17530,41266

17530,40808

17530,42424

17530,41278

17530,40824

17530,41276

17530,40312

17530,40294

17530,41166

17530,40666

17530,40324

17530,40012

17530,41914

17530,40550

17530,40976

17530,40228

17530,41842

17530,42064

17530,40440

17530,40698

17530,41858

17530,43978

17531,43154

17531,42758

17531,43214

17531,43516

RAW_SUMMARY id=2 requested=5600 captured=5600 unused_capacity=400 max_pcm_abs=181192 raw_mean=28075.8 raw_abs_mean=55297.7 raw_min=-203184 raw_max=234940 baseline=-31.5

OK RAW

