# run: cfg_c32k_2
# firmware: role=analyzer git=9f584bb version=0.4.0
# imported-from: c32k_2.log (mtime 2026-10-09T10:37:10)
RAW_INFO mode=i2s output=csv

RAW_INFO row_size=12

RAW_BEGIN id=2 sr=32000 trigger_ms=17454 command_ms=17440 emit_seen=1 emit_start_ms=17454 emit_done_ms=17458 f=3200 dur=1 pre_ms=0 post_ms=350 decim=1 pre_samples=0 post_samples=6000 mode=i2s output=csv fields=ms,pcm

ms,pcm

17457,35298

17457,35378

17457,36794

17457,35910

17457,35992

17457,35118

17457,35702

17457,35098

17457,36074

17457,35050

17457,35350

17457,36204

17457,34018

17457,35290

17457,38776

17457,33634

17457,35384

17457,33364

17457,36128

17457,35664

17457,35792

17457,37264

17457,35838

17457,36192

17457,36178

17457,37018

17457,38250

17457,36808

17457,36738

17457,36082

17457,39422

17457,37046

17457,38006

17457,37708

17457,36242

17457,36966

17457,36348

17457,36330

17457,38912

17457,38476

17457,38918

17457,38866

17457,38184

17457,38984

17457,37628

17457,37960

17458,38246

17458,39840

17458,39872

17458,40958

17458,40190

17458,40150

17458,41528

17458,39416

17458,39614

17458,40746

17458,40668

17458,42930

17458,41888

17458,41436

17458,42038

17458,43008

17458,42264

17458,42284

17458,42782

17458,44362

17458,43028

17459,45144

17459,43148

17459,41946

17459,42746

17459,42270

17459,42446

17459,42436

17459,41842

17459,40360

17459,42412

17459,43648

17459,41342

17459,42548

17459,44026

17459,46216

17459,44358

17459,44572

17459,43858

17459,42706

17459,43768

17459,41440

17459,42400

17459,44026

17459,42058

17460,42544

17460,43878

17460,43634

17460,43784

17460,43486

17460,43122

17460,46094

17460,42676

17460,43944

17460,44310

17460,44814

17460,44528

17460,44806

17460,44442

17460,43572

17460,43796

17460,43180

17460,43330

17460,43654

17460,44592

17460,44102

17460,43692

17460,45064

17460,43134

17460,45062

17460,43266

17460,44884

17460,44680

17460,43748

17460,45366

17460,43766

17460,43200

17460,43436

17460,43976

17460,42500

17460,44250

17460,43350

17460,44976

17460,44446

17460,45700

17460,44228

17460,43230

17460,42740

17460,42350

17460,42988

17460,45126

17460,46256

17460,44938

17460,45658

17460,44676

17460,45506

17460,45084

17460,46132

17460,42668

17460,44488

17460,43264

17460,45164

17460,45534

17460,46638

17460,45658

17460,47448

17460,46794

17460,46888

17460,46644

17461,46204

17461,44298

17461,45244

17461,45906

17461,46260

17461,47304

17461,47662

17461,46594

17461,46402

17461,45742

17461,47060

17461,45766

17461,46828

17461,47210

17461,46670

17461,48216

17461,47700

17461,49908

17461,48112

17461,48788

17461,48844

17461,48328

17461,48708

17461,47516

17461,47958

17461,48436

17461,48462

17461,48154

17461,48626

17461,48464

17461,49106

17461,50072

17461,49862

17461,48784

17461,49522

17461,49746

17461,49398

17461,51116

17461,47904

17461,48580

17461,47630

17461,48244

17461,48962

17461,48066

17461,48284

17461,48574

17461,48774

17461,47720

17461,48702

17461,48086

17461,47290

17461,48588

17461,49108

17461,48512

17461,49610

17461,49752

17461,48458

17461,49200

17461,48776

17461,47836

17461,47082

17461,47642

17461,48646

17461,49252

17461,47714

17462,49594

17462,49172

17462,49238

17462,49204

17462,50894

17462,48454

17462,48190

17462,48780

17462,50454

17462,50474

17462,48380

17462,48170

17462,48916

17462,49696

17462,50060

17462,50526

17462,47530

17462,47442

17462,46748

17462,46750

17462,46568

17462,48506

17462,48008

17462,48804

17462,47140

17462,45562

17462,47082

17462,45904

17462,44212

17462,45338

17462,45516

17462,46620

17462,45426

17462,47444

17462,44564

17462,45834

17462,47016

17462,46764

17462,45934

17462,46000

17462,47988

17462,46084

17462,45538

17462,46132

17462,46786

17462,46674

17462,48080

17462,46598

17462,46994

17462,48412

17462,46856

17462,48048

17462,49024

17462,47498

17462,50252

17462,47948

17462,49732

17462,48586

17462,47732

17462,47252

17462,46652

17462,48438

17462,48216

17462,48292

17462,48280

17463,47150

17463,47392

17463,45774

17463,46254

17463,46210

17463,46854

17463,45948

17463,46072

17463,46870

17463,45978

17463,45504

17463,45786

17463,45958

17463,46406

17463,45072

17463,44968

17463,46992

17463,46760

17463,45150

17463,44922

17463,44302

17463,44234

17463,46700

17463,44220

17463,44374

17463,43548

17463,43384

17463,42862

17463,40208

17463,41790

17463,41082

17463,41424

17463,42510

17463,43802

17463,43364

17463,43538

17463,43634

17463,43282

17463,43188

17463,42874

17463,41724

17463,41838

17463,43034

17463,40030

17463,41824

17463,38970

17463,41844

17463,41374

17463,40818

17463,40664

17463,40540

17463,40970

17463,41212

17463,41160

17463,41792

17463,41264

17463,42478

17463,40226

17463,40508

17463,41144

17463,41376

17463,42034

17463,40582

17463,41360

17464,40790

17464,40060

17464,40762

17464,39738

17464,40944

17464,39666

17464,40172

17464,41604

17464,40922

17465,40002

17465,40736

17465,38972

17465,40298

17465,39880

17465,39364

17465,40098

17465,38968

17465,40260

17465,40208

17465,39034

17465,40892

17465,42030

17465,42512

17465,41122

17465,41856

17465,40806

17465,42874

17465,40780

17465,41360

17465,42884

17465,42952

17465,39750

17465,41304

17465,40718

17465,39040

17466,40006

17466,40108

17466,39614

17466,39240

17466,40522

17466,41704

17466,41938

17466,42510

17466,42770

17466,42116

17466,41226

17466,38588

17466,39108

17466,38756

17466,38376

17466,39074

17466,39350

17466,40130

17466,39632

17466,39470

17466,37520

17466,39634

17466,40748

17466,39404

17466,40132

17466,37892

17466,40366

17466,40184

17466,40086

17466,39436

17466,40064

17466,40228

17466,40330

17466,41202

17466,40128

17466,41028

17466,41736

17466,40590

17466,39622

17466,40162

17466,37690

17466,39582

17466,38246

17466,37702

17466,37922

17466,39342

17466,38036

17466,38444

17466,36078

17466,36100

17466,35744

17466,37202

17466,39258

17466,36892

17466,36782

17466,35346

17466,36930

17466,35396

17466,36560

17466,35678

17466,34290

17466,33378

17466,33844

17466,32744

17466,31670

17467,33138

17467,33154

17467,34886

17467,33700

17467,34498

17467,32526

17467,33532

17467,34114

17467,31822

17467,32836

17467,32212

17467,32404

17467,33054

17467,32728

17467,29950

17467,30804

17467,31872

17467,32582

17467,33246

17467,33348

17467,32270

17467,32008

17467,32660

17467,32142

17467,31242

17467,32602

17467,30264

17467,31178

17467,30834

17467,29582

17467,30676

17467,29368

17467,28940

17467,29072

17467,29350

17467,26972

17467,28490

17469,30824

17469,29114

17469,29376

17469,26720

17469,26868

17469,27124

17469,27574

17469,29182

17469,28720

17469,27826

17469,27546

17469,28776

17469,26004

17469,28134

17469,28620

17469,25764

17469,25766

17469,26156

17469,26780

17469,26542

17469,24852

17469,25844

17469,25128

17469,27490

17469,26748

17469,26770

17470,26566

17470,25316

17470,24718

17470,23254

17470,23594

17470,23422

17470,25054

17470,24614

17470,24294

17470,24736

17470,23364

17470,22830

17470,22210

17470,21062

17470,22556

17470,20136

17470,19818

17470,18948

17470,18046

17470,18026

17470,19030

17470,17696

17470,18468

17470,17870

17470,16738

17470,17906

17470,18394

17470,18448

17470,18008

17470,17848

17470,16606

17470,17976

17470,14966

17470,13894

17470,15688

17470,12990

17470,14582

17470,14750

17470,12334

17470,12436

17470,13650

17470,13920

17470,13526

17470,12704

17470,12918

17470,14310

17470,11750

17470,11732

17470,10112

17470,9992

17470,10546

17470,11272

17470,11592

17470,11600

17470,9608

17470,8632

17470,8716

17470,8358

17470,8064

17470,8222

17470,8106

17470,8340

17470,7126

17470,7430

17470,9708

17471,8260

17471,7198

17471,6356

17471,6294

17471,6818

17471,5978

17471,5438

17471,5752

17471,6214

17471,7364

17471,4340

17471,5456

17471,4896

17471,4938

17471,3206

17471,2944

17471,3046

17471,4134

17471,3598

17471,5162

17471,4612

17471,4226

17471,3626

17471,3884

17471,4516

17471,4184

17471,3318

17471,1702

17471,1952

17471,1490

17471,2316

17471,3368

17471,4476

17471,3968

17471,2066

17471,2384

17471,2702

17473,-86

17473,2030

17473,946

17473,1746

17473,1384

17473,502

17473,3576

17473,1848

17473,1232

17473,1116

17473,1436

17473,1698

17473,1232

17473,1224

17473,-264

17473,-1146

17473,268

17473,976

17473,-1014

17473,-1718

17473,-2230

17473,-198

17473,-1098

17473,750

17473,2124

17473,1176

17474,360

17474,2326

17474,1856

17474,1250

17474,392

17474,1274

17474,366

17474,584

17474,2378

17474,2154

17474,1092

17474,1024

17474,1378

17474,1614

17474,3020

17474,2284

17474,2426

17474,3268

17474,3578

17474,2088

17474,1320

17474,420

17474,932

17474,274

17474,698

17474,64

17474,1350

17474,308

17474,-310

17474,-880

17474,-716

17474,1572

17474,1330

17474,870

17474,-208

17474,2004

17474,-736

17474,3078

17474,1228

17474,1148

17474,-1436

17474,-92

17474,-1710

17474,-2676

17474,-1526

17474,-2534

17474,-1390

17474,306

17474,-1236

17474,-2944

17474,-1610

17474,-1252

17474,-530

17474,-326

17474,-2650

17474,-2154

17474,-2138

17474,-528

17474,-804

17474,-568

17474,-702

17474,-1954

17474,-1850

17474,-2524

17474,-2278

17475,-960

17475,-3604

17475,-3604

17475,-4164

17475,-3978

17475,-6376

17475,-4846

17475,-4946

17475,-6686

17475,-7090

17475,-7850

17475,-7140

17475,-5318

17475,-6932

17475,-8760

17475,-6614

17475,-5394

17475,-5784

17475,-6138

17475,-5020

17475,-3446

17475,-6316

17475,-6152

17475,-4366

17475,-5400

17475,-4684

17475,-7056

17475,-4842

17475,-6744

17475,-7744

17475,-9428

17475,-7108

17475,-9732

17475,-7876

17475,-11026

17475,-9662

17475,-9694

17477,-9088

17477,-7932

17477,-9712

17477,-10718

17477,-10490

17477,-9592

17477,-8754

17477,-9212

17477,-8814

17477,-8218

17477,-8964

17477,-8974

17477,-9510

17477,-10758

17477,-9288

17477,-10510

17477,-12298

17477,-11102

17477,-10686

17477,-10934

17477,-11334

17477,-13192

17477,-12076

17477,-12480

17477,-12924

17477,-13310

17478,-13384

17478,-14856

17478,-15804

17478,-13116

17478,-14690

17478,-13524

17478,-15282

17478,-16432

17478,-16910

17478,-16172

17478,-15482

17478,-15198

17478,-12612

17478,-17676

17478,-15214

17478,-15816

17478,-16554

17478,-16700

17478,-16762

17478,-18346

17478,-16906

17478,-16478

17478,-19058

17478,-17878

17478,-19330

17478,-19248

17478,-18982

17478,-18790

17478,-19438

17478,-20116

17478,-19438

17478,-18398

17478,-19766

17478,-16802

17478,-19204

17478,-18330

17478,-19762

17478,-20474

17478,-20540

17478,-20752

17478,-20074

17478,-22094

17478,-20788

17478,-20716

17478,-19212

17478,-20732

17478,-23298

17478,-19872

17478,-20506

17478,-21424

17478,-18782

17478,-18526

17478,-19428

17478,-20038

17478,-18706

17478,-21888

17478,-20118

17478,-22644

17478,-20104

17478,-20444

17478,-21654

17478,-21364

17478,-21276

17478,-19798

17478,-20178

17479,-20978

17479,-19904

17479,-19636

17479,-19436

17479,-20320

17479,-19866

17479,-21822

17479,-21916

17479,-22028

17479,-19918

17479,-19634

17479,-19896

17479,-20408

17479,-19626

17479,-18076

17479,-20796

17479,-20640

17479,-20586

17479,-20364

17479,-20076

17479,-20232

17479,-20522

17479,-19020

17479,-21962

17479,-21498

17479,-20740

17479,-21294

17479,-22026

17479,-21238

17479,-23128

17479,-21268

17479,-21272

17479,-20342

17479,-21014

17479,-19750

17479,-20338

17479,-20750

17481,-23094

17481,-21488

17481,-21248

17481,-20578

17481,-19394

17481,-21146

17481,-20684

17481,-19916

17481,-21052

17481,-19712

17481,-20374

17481,-18440

17481,-20484

17481,-20720

17481,-20158

17481,-18714

17481,-20584

17481,-19910

17481,-20626

17481,-19204

17481,-19382

17481,-21210

17481,-21124

17481,-19282

17481,-21476

17481,-21042

17482,-21868

17482,-20638

17482,-20020

17482,-19898

17482,-20376

17482,-20012

17482,-18200

17482,-20232

17482,-18452

17482,-18118

17482,-19042

17482,-19946

17482,-19896

17482,-20388

17482,-20494

17482,-23352

17482,-21276

17482,-21824

17482,-21450

17482,-20498

17482,-20526

17482,-20310

17482,-20696

17482,-21342

17482,-18988

17482,-19304

17482,-20518

17482,-20552

17482,-20740

17482,-19764

17482,-21650

17482,-18788

17482,-19098

17482,-20156

17482,-21094

17482,-18934

17482,-20016

17482,-17496

17482,-18716

17482,-20226

17482,-19870

17482,-19938

17482,-19578

17482,-19134

17482,-18744

17482,-18060

17482,-18236

17482,-18380

17482,-17364

17482,-19876

17482,-17826

17482,-17462

17482,-16880

17482,-15632

17482,-14258

17482,-14274

17482,-15228

17482,-15100

17482,-14826

17482,-16042

17482,-14248

17482,-13502

17482,-12966

17482,-13736

17482,-13004

17483,-12986

17483,-11322

17483,-10714

17483,-11916

17483,-12224

17483,-13258

17483,-12224

17483,-10804

17483,-11716

17483,-10444

17483,-9740

17483,-8364

17483,-9060

17483,-11108

17483,-8758

17483,-7662

17483,-10072

17483,-10990

17483,-9256

17483,-9952

17483,-8840

17483,-7194

17483,-7680

17483,-7974

17483,-9028

17483,-8170

17483,-9032

17483,-6856

17483,-5398

17483,-7116

17483,-9832

17483,-8450

17483,-8050

17483,-7354

17483,-6664

17483,-6614

17483,-5970

17485,-2270

17485,-5066

17485,-5882

17485,-5272

17485,-4908

17485,-4012

17485,-6562

17485,-5376

17485,-3936

17485,-6284

17485,-3382

17485,-4728

17485,-4496

17485,-3902

17485,-2130

17485,-2498

17485,-3122

17485,-2480

17485,-2650

17485,-2408

17485,-1580

17485,-1294

17485,-920

17485,-678

17485,-2318

17485,434

17486,-1820

17486,-2332

17486,-1258

17486,-690

17486,-746

17486,-370

17486,816

17486,1406

17486,-158

17486,10

17486,312

17486,1762

17486,3070

17486,1282

17486,2210

17486,2226

17486,858

17486,1688

17486,1742

17486,296

17486,1792

17486,756

17486,3894

17486,2466

17486,4128

17486,2936

17486,3386

17486,2074

17486,2544

17486,1694

17486,1784

17486,3300

17486,2276

17486,2902

17486,3084

17486,4020

17486,1668

17486,2884

17486,2848

17486,3990

17486,3384

17486,3158

17486,4750

17486,2720

17486,5150

17486,5072

17486,6438

17486,5384

17486,6076

17486,5586

17486,5688

17486,6866

17486,6450

17486,8184

17486,7770

17486,11056

17486,8602

17486,10138

17486,9554

17486,9102

17486,8956

17486,10850

17486,10422

17486,9928

17486,10620

17487,9786

17487,10996

17487,10898

17487,11132

17487,11936

17487,11060

17487,11836

17487,10662

17487,10716

17487,10406

17487,11560

17487,12452

17487,9924

17487,12414

17487,12852

17487,12502

17487,10408

17487,12114

17487,11912

17487,13536

17487,12408

17487,13338

17487,12636

17487,13630

17487,15420

17487,13606

17487,14440

17487,14168

17487,16178

17487,14018

17487,13868

17487,17370

17487,16678

17487,15504

17487,16444

17487,16986

17487,15854

17489,17200

17489,16350

17489,18790

17489,18082

17489,18942

17489,20428

17489,20606

17489,21726

17489,23722

17489,23390

17489,20906

17489,20066

17489,21106

17489,20810

17489,21632

17489,21864

17489,22136

17489,24402

17489,22642

17489,24614

17489,23830

17489,23576

17489,23778

17489,23702

17489,23300

17489,23678

17490,24650

17490,23204

17490,24252

17490,24970

17490,25576

17490,24370

17490,26538

17490,25764

17490,24776

17490,26536

17490,24768

17490,26444

17490,26002

17490,26130

17490,25482

17490,26390

17490,26540

17490,26082

17490,27968

17490,25180

17490,28004

17490,25784

17490,25700

17490,28136

17490,27318

17490,27332

17490,27260

17490,26802

17490,26776

17490,26566

17490,28136

17490,27496

17490,29016

17490,28092

17490,28856

17490,28762

17490,28778

17490,29388

17490,29058

17490,31280

17490,30656

17490,29182

17490,31354

17490,30174

17490,29306

17490,30882

17490,29526

17490,28684

17490,29992

17490,27664

17490,29576

17490,28844

17490,28900

17490,29576

17490,29720

17490,28358

17490,28198

17490,29182

17490,29040

17490,29536

17490,29316

17490,29358

17490,26642

17490,29418

17490,28482

17491,28946

17491,28562

17491,29706

17491,31746

17491,28232

17491,28700

17491,29114

17491,30700

17491,30534

17491,29270

17491,28346

17491,29068

17491,30676

17491,29328

17491,29324

17491,31050

17491,29388

17491,31432

17491,31148

17491,32102

17491,33656

17491,32260

17491,32258

17491,30090

17491,32614

17491,30100

17491,32472

17491,32398

17491,33450

17491,33750

17491,33854

17491,33744

17491,33524

17491,31608

17491,34622

17491,33662

17491,34466

17493,33622

17493,31954

17493,35726

17493,34098

17493,35560

17493,34308

17493,34580

17493,34186

17493,36754

17493,34324

17493,36954

17493,36138

17493,37450

17493,35776

17493,35520

17493,37282

17493,38512

17493,35598

17493,38298

17493,37462

17493,35340

17493,36046

17493,37970

17493,36650

17493,37844

17493,38840

17494,40016

17494,39870

17494,38668

17494,38000

17494,38118

17494,38646

17494,39666

17494,37722

17494,39270

17494,39938

17494,40268

17494,40202

17494,38570

17494,39812

17494,40752

17494,41520

17494,39790

17494,38738

17494,39452

17494,38450

17494,39178

17494,38118

17494,39300

17494,39656

17494,39344

17494,39484

17494,39806

17494,40418

17494,41302

17494,39134

17494,40066

17494,41016

17494,39988

17494,39234

17494,39582

17494,41032

17494,40762

17494,39214

17494,38850

17494,41026

17494,39810

17494,40004

17494,39398

17494,40382

17494,39366

17494,36688

17494,40326

17494,39880

17494,39558

17494,40754

17494,39158

17494,39782

17494,41164

17494,38656

17494,36488

17494,36068

17494,37226

17494,39154

17494,39172

17494,40540

17494,39872

17494,39518

17494,40262

17494,41288

17494,40146

17495,41004

17495,40958

17495,40446

17495,41742

17495,40426

17495,40436

17495,40334

17495,41620

17495,40830

17495,41060

17495,40086

17495,41478

17495,41774

17495,39390

17495,42266

17495,42500

17495,43572

17495,42480

17495,39384

17495,41692

17495,39844

17495,39650

17495,39984

17495,40036

17495,40178

17495,40704

17495,39154

17495,42196

17495,39950

17495,40472

17495,40656

17495,42086

17495,40450

17495,41538

17495,41290

17495,41206

17495,40800

17497,41068

17497,40684

17497,40964

17497,41074

17497,42064

17497,41962

17497,42584

17497,41080

17497,43554

17497,41354

17497,42136

17497,42318

17497,42448

17497,43628

17497,42248

17497,43018

17497,44154

17497,45086

17497,41594

17497,43066

17497,41258

17497,42054

17497,41648

17497,43418

17497,41758

17497,44006

17498,43246

17498,43148

17498,42936

17498,42504

17498,43114

17498,43682

17498,43008

17498,44962

17498,44282

17498,42582

17498,41516

17498,43840

17498,44176

17498,41536

17498,43968

17498,41730

17498,42466

17498,42008

17498,42392

17498,42802

17498,42986

17498,42558

17498,43966

17498,41518

17498,42088

17498,41212

17498,42148

17498,40046

17498,43518

17498,43354

17498,44110

17498,41146

17498,41796

17498,41626

17498,43006

17498,41168

17498,39718

17498,40662

17498,40440

17498,42434

17498,42090

17498,44490

17498,42140

17498,44736

17498,42868

17498,43990

17498,44194

17498,42448

17498,43188

17498,43752

17498,45616

17498,42834

17498,43790

17498,43736

17498,44944

17498,43320

17498,42300

17498,42764

17498,44720

17498,45204

17498,45932

17498,45612

17498,44204

17498,43746

17498,42642

17499,41270

17499,44120

17499,43264

17499,42262

17499,42446

17499,44576

17499,42802

17499,44900

17499,42454

17499,42472

17499,43688

17499,42456

17499,44250

17499,43846

17499,41682

17499,42942

17499,45018

17499,45052

17499,44888

17499,46226

17499,45398

17499,44036

17499,45770

17499,45220

17499,47732

17499,45364

17499,46552

17499,45404

17499,48210

17499,45588

17499,45978

17499,46410

17499,44680

17499,46150

17499,45608

17499,48088

17499,46110

17501,46714

17501,46860

17501,47052

17501,45330

17501,47072

17501,46342

17501,47276

17501,47968

17501,47032

17501,45694

17501,46194

17501,46446

17501,45980

17501,47592

17501,47046

17501,45578

17501,46100

17501,46036

17501,45052

17501,48120

17501,45844

17501,47128

17501,46978

17501,46164

17501,48264

17501,49016

17502,47322

17502,46920

17502,46964

17502,46948

17502,46934

17502,45882

17502,47564

17502,48580

17502,47628

17502,48822

17502,46284

17502,46042

17502,48088

17502,45018

17502,46326

17502,47598

17502,45492

17502,46770

17502,47034

17502,47036

17502,47132

17502,43778

17502,45362

17502,44120

17502,47406

17502,47864

17502,46580

17502,46156

17502,47774

17502,47946

17502,47514

17502,47304

17502,45110

17502,47072

17502,45804

17502,45870

17502,45408

17502,45512

17502,45244

17502,43876

17502,45912

17502,45066

17502,46278

17502,45158

17502,47370

17502,46340

17502,46472

17502,45134

17502,45822

17502,45436

17502,46472

17502,45926

17502,48174

17502,46694

17502,47474

17502,46670

17502,46774

17502,47874

17502,45774

17502,46606

17502,47300

17502,47644

17502,48930

17502,46976

17502,46494

17503,47954

17503,49928

17503,48724

17503,50786

17503,48648

17503,48660

17503,49030

17503,49184

17503,50698

17503,49054

17503,49892

17503,49548

17503,46556

17503,47950

17503,47934

17503,47852

17503,48832

17503,49764

17503,47294

17503,49094

17503,50756

17503,50042

17503,49772

17503,49460

17503,51660

17503,50076

17503,49140

17503,49984

17503,51064

17503,51792

17503,48794

17503,48648

17503,51186

17503,51610

17503,50258

17503,49710

17503,50872

17505,50164

17505,49588

17505,49284

17505,50648

17505,52394

17505,53264

17505,53904

17505,54562

17505,52778

17505,53932

17505,52686

17505,54144

17505,52528

17505,54236

17505,56520

17505,54050

17505,55376

17505,55172

17505,56044

17505,55644

17505,53566

17505,53666

17505,52978

17505,54460

17505,54990

17505,54742

17506,53244

17506,55138

17506,56258

17506,55642

17506,56780

17506,56108

17506,57598

17506,56620

17506,56518

17506,56220

17506,55868

17506,57294

17506,56236

17506,55444

17506,56724

17506,55938

17506,57464

17506,56664

17506,55394

17506,55392

17506,55444

17506,55536

17506,55388

17506,57122

17506,55204

17506,56456

17506,57330

17506,58484

17506,58206

17506,56244

17506,55450

17506,57504

17506,57792

17506,55040

17506,55834

17506,57898

17506,57890

17506,56768

17506,55454

17506,58010

17506,56798

17506,56114

17506,55772

17506,56378

17506,56888

17506,56856

17506,56558

17506,56954

17506,56070

17506,56702

17506,56652

17506,57244

17506,57680

17506,58860

17506,58878

17506,57252

17506,59710

17506,58154

17506,58908

17506,59134

17506,61578

17506,58818

17506,58654

17506,58848

17506,59248

17507,59182

17507,61164

17507,59254

17507,57574

17507,58022

17507,56980

17507,57984

17507,57994

17507,58682

17507,60240

17507,58184

17507,58422

17507,60014

17507,58388

17507,59284

17507,58332

17507,57574

17507,57304

17507,57412

17507,58682

17507,56926

17507,56026

17507,58402

17507,57574

17507,58358

17507,56764

17507,57500

17507,56004

17507,56804

17507,56766

17507,57408

17507,55694

17507,57142

17507,56606

17507,57374

17507,56912

17507,57222

17509,54308

17509,55700

17509,54578

17509,55826

17509,55778

17509,56014

17509,56694

17509,58838

17509,57478

17509,58986

17509,59112

17509,58790

17509,59968

17509,60770

17509,57634

17509,57144

17509,55578

17509,57110

17509,57634

17509,57256

17509,57764

17509,58276

17509,58482

17509,60120

17509,58184

17509,58466

17510,56980

17510,58814

17510,58482

17510,56040

17510,56302

17510,58720

17510,57742

17510,57370

17510,58666

17510,58394

17510,58720

17510,58198

17510,58752

17510,59474

17510,59658

17510,58742

17510,59352

17510,59436

17510,58732

17510,56362

17510,58990

17510,58652

17510,59252

17510,59272

17510,57504

17510,60084

17510,60844

17510,59088

17510,59000

17510,60038

17510,60426

17510,59534

17510,60218

17510,59062

17510,59494

17510,59820

17510,60404

17510,61670

17510,58092

17510,58354

17510,58916

17510,58606

17510,57024

17510,58136

17510,56496

17510,58156

17510,57106

17510,56558

17510,55604

17510,56034

17510,54906

17510,55384

17510,55896

17510,56468

17510,52612

17510,55372

17510,55500

17510,54560

17510,53562

17510,56314

17510,55544

17510,53458

17510,54556

17510,52236

17510,53844

17511,53276

17511,52098

17511,53344

17511,50728

17511,51096

17511,52418

17511,51680

17511,52142

17511,52712

17511,50496

17511,52014

17511,51924

17511,51296

17511,51428

17511,51900

17511,50738

17511,50844

17511,51494

17511,51102

17511,49934

17511,50836

17511,50448

17511,51276

17511,50178

17511,49292

17511,49170

17511,47628

17511,47492

17511,47462

17511,48244

17511,47586

17511,48708

17511,48788

17511,48018

17511,46876

17511,47416

17511,49356

17513,47796

17513,47568

17513,47690

17513,47212

17513,46228

17513,46756

17513,47126

17513,47410

17513,48800

17513,48120

17513,46942

17513,46724

17513,47960

17513,45210

17513,45346

17513,46558

17513,44348

17513,44080

17513,42268

17513,42238

17513,40216

17513,40954

17513,42172

17513,40492

17513,41748

17513,41810

17514,40014

17514,40210

17514,39358

17514,40658

17514,40632

17514,39722

17514,39920

17514,39458

17514,37092

17514,38666

17514,39052

17514,39088

17514,39874

17514,39370

17514,40288

17514,40090

17514,37626

17514,37822

17514,37020

17514,35466

17514,38410

17514,36200

17514,35364

17514,36692

17514,36384

17514,37200

17514,37408

17514,36256

17514,35660

17514,34854

17514,35536

17514,35154

17514,33162

17514,35368

17514,35930

17514,34272

17514,34506

17514,33418

17514,34576

17514,34220

17514,32030

17514,33050

17514,32174

17514,30132

17514,32432

17514,33542

17514,30980

17514,31436

17514,31288

17514,31754

17514,31322

17514,30646

17514,29872

17514,30736

17514,29416

17514,26892

17514,28392

17514,29238

17514,27306

17514,26820

17514,26536

17514,27052

17514,24492

17514,26506

17514,26836

17515,25238

17515,26022

17515,25038

17515,26328

17515,25514

17515,23452

17515,26074

17515,23534

17515,25604

17515,25522

17515,24396

17515,24814

17515,25596

17515,26194

17515,22518

17515,25156

17515,22668

17515,25396

17515,23476

17515,23022

17515,23602

17515,22886

17515,22712

17515,23364

17515,21780

17515,21462

17515,22292

17515,22306

17515,21224

17515,19138

17515,20378

17515,20664

17515,22596

17515,20644

17515,20496

17515,21184

17515,20774

17517,20584

17517,19646

17517,19040

17517,20686

17517,16542

17517,17318

17517,17162

17517,16888

17517,20300

17517,17472

17517,18308

17517,19032

17517,17484

17517,18242

17517,16552

17517,16894

17517,15252

17517,15924

17517,16096

17517,14460

17517,13366

17517,14142

17517,14580

17517,14448

17517,14044

17517,13534

17518,11760

17518,13398

17518,12394

17518,10802

17518,12328

17518,13688

17518,12828

17518,10812

17518,10006

17518,10648

17518,9450

17518,10046

17518,9318

17518,9976

17518,9620

17518,7790

17518,8660

17518,9220

17518,10146

17518,8556

17518,6832

17518,8798

17518,9046

17518,6734

17518,7186

17518,6356

17518,5742

17518,7166

17518,6500

17518,6700

17518,7002

17518,5320

17518,4500

17518,7688

17518,6052

17518,4536

17518,4780

17518,5944

17518,2834

17518,4488

17518,4264

17518,4432

17518,4050

17518,2728

17518,1500

17518,2606

17518,3224

17518,3016

17518,1036

17518,-1142

17518,-158

17518,790

17518,144

17518,912

17518,-1002

17518,-342

17518,-36

17518,-1158

17518,-460

17518,-258

17518,76

17518,-248

17518,-420

17518,-2192

17518,-804

17519,-984

17519,526

17519,1334

17519,-210

17519,-630

17519,194

17519,-272

17519,-568

17519,-224

17519,1070

17519,-710

17519,964

17519,738

17519,-1930

17519,440

17519,-40

17519,-464

17519,-1032

17519,-1000

17519,1218

17519,-1142

17519,162

17519,-374

17519,-2364

17519,-3238

17519,-2406

17519,-4778

17519,-2980

17519,-2838

17519,-3894

17519,-3694

17519,-2404

17519,-2696

17519,-2780

17519,-3282

17519,-4926

17519,-5270

17521,-7472

17521,-6776

17521,-5574

17521,-7992

17521,-4962

17521,-8684

17521,-4554

17521,-5936

17521,-4520

17521,-6222

17521,-6534

17521,-7222

17521,-7776

17521,-9000

17521,-7256

17521,-8146

17521,-8254

17521,-9082

17521,-9234

17521,-7742

17521,-8446

17521,-8854

17521,-10242

17521,-9662

17521,-11658

17521,-11490

17522,-10332

17522,-12492

17522,-12122

17522,-10186

17522,-12744

17522,-12070

17522,-13450

17522,-11380

17522,-13282

17522,-11444

17522,-12858

17522,-11006

17522,-11606

17522,-14442

17522,-11980

17522,-12998

17522,-13016

17522,-13222

17522,-13036

17522,-14930

17522,-15048

17522,-14742

17522,-16172

17522,-14368

17522,-16036

17522,-15166

17522,-16214

17522,-16114

17522,-16098

17522,-15806

17522,-16790

17522,-16050

17522,-14680

17522,-17130

17522,-15972

17522,-15802

17522,-13548

17522,-17390

17522,-15614

17522,-15554

17522,-17370

17522,-15956

17522,-17048

17522,-17368

17522,-15898

17522,-15900

17522,-15446

17522,-14844

17522,-17232

17522,-16730

17522,-15286

17522,-15886

17522,-16882

17522,-15230

17522,-14958

17522,-15006

17522,-17270

17522,-15574

17522,-18234

17522,-14608

17522,-15092

17522,-15106

17522,-14804

17522,-17272

17522,-16118

17523,-19230

17523,-17574

17523,-17170

17523,-17590

17523,-17726

17523,-16872

17523,-17922

17523,-17330

17523,-18352

17523,-16550

17523,-17392

17523,-16530

17523,-16940

17523,-16564

17523,-17826

17523,-19100

17523,-16252

17523,-15178

17523,-14552

17523,-15128

17523,-18186

17523,-16180

17523,-17536

17523,-18068

17523,-17466

17523,-14690

17523,-16592

17523,-16106

17523,-15820

17523,-18508

17523,-18400

17523,-17378

17523,-16248

17523,-15564

17523,-16202

17523,-15724

17523,-15246

17525,-17682

17525,-17042

17525,-17746

17525,-17866

17525,-16406

17525,-15352

17525,-13206

17525,-15926

17525,-14872

17525,-13444

17525,-13586

17525,-14726

17525,-14800

17525,-16214

17525,-15446

17525,-14984

17525,-14756

17525,-11394

17525,-14188

17525,-14082

17525,-13572

17525,-15288

17525,-13594

17525,-13364

17525,-13200

17525,-12370

17526,-13152

17526,-12158

17526,-10852

17526,-12528

17526,-13750

17526,-9422

17526,-11128

17526,-10242

17526,-11136

17526,-11448

17526,-11490

17526,-11336

17526,-9916

17526,-10168

17526,-10622

17526,-10988

17526,-11150

17526,-9068

17526,-9240

17526,-9816

17526,-8894

17526,-11250

17526,-10700

17526,-11478

17526,-9662

17526,-10764

17526,-11466

17526,-9976

17526,-11224

17526,-9424

17526,-8846

17526,-8502

17526,-9128

17526,-9842

17526,-7574

17526,-7390

17526,-7124

17526,-8120

17526,-8714

17526,-7952

17526,-7218

17526,-8996

17526,-6664

17526,-8378

17526,-8872

17526,-6730

17526,-9284

17526,-8194

17526,-9372

17526,-8616

17526,-9142

17526,-10216

17526,-9386

17526,-9448

17526,-8742

17526,-8012

17526,-7276

17526,-7664

17526,-9442

17526,-8694

17526,-8614

17526,-8732

17526,-8470

17526,-7518

17526,-6974

17527,-6470

17527,-5152

17527,-7698

17527,-6562

17527,-6764

17527,-7452

17527,-7102

17527,-6524

17527,-5208

17527,-6608

17527,-8594

17527,-5348

17527,-5400

17527,-6468

17527,-4424

17527,-5706

17527,-4832

17527,-4050

17527,-3004

17527,-4990

17527,-3392

17527,-2340

17527,-3874

17527,-3918

17527,-4764

17527,-4054

17527,-3268

17527,-2990

17527,-3600

17527,-4070

17527,-3664

17527,-3850

17527,-4118

17527,-2626

17527,-906

17527,-418

17527,-2220

17529,-664

17529,-2598

17529,-1820

17529,2

17529,-1446

17529,-124

17529,-2406

17529,-1406

17529,-472

17529,264

17529,-128

17529,-682

17529,1576

17529,-378

17529,1166

17529,2076

17529,2104

17529,1264

17529,2314

17529,4268

17529,2302

17529,2526

17529,416

17529,1598

17529,1018

17529,1358

17530,3044

17530,1476

17530,2314

17530,1844

17530,3282

17530,1562

17530,2512

17530,4608

17530,3870

17530,2784

17530,4212

17530,4586

17530,5116

17530,5554

17530,5488

17530,4860

17530,5202

17530,6284

17530,4878

17530,5462

17530,2920

17530,5152

17530,6810

17530,5528

17530,9080

17530,8958

17530,9904

17530,7860

17530,7922

17530,8150

17530,9628

17530,7770

17530,8616

17530,8984

17530,7038

17530,8658

17530,7922

17530,7560

17530,7338

17530,9466

17530,8134

17530,8294

17530,9822

17530,10520

17530,11486

17530,12454

17530,11584

17530,12118

17530,10528

17530,10856

17530,8270

17530,8542

17530,9190

17530,10682

17530,9910

17530,10524

17530,12898

17530,10530

17530,9550

17530,12534

17530,11962

17530,12622

17530,13872

17530,12918

17530,13456

17531,11880

17531,11720

17531,11028

17531,11872

17531,11608

17531,12088

17531,12850

17531,11758

17531,12538

17531,15066

17531,12238

17531,15154

17531,12642

17531,14028

17531,13684

17531,13808

17531,13104

17531,15412

17531,14356

17531,13304

17531,14978

17531,14338

17531,14762

17531,15004

17531,14222

17531,14606

17531,13196

17531,12502

17531,13666

17531,13736

17531,15856

17531,16068

17531,13632

17531,15716

17531,13586

17531,15104

17531,11940

17533,13656

17533,12232

17533,13918

17533,14650

17533,15396

17533,15242

17533,15230

17533,14312

17533,17152

17533,16130

17533,17138

17533,16536

17533,12976

17533,17044

17533,15972

17533,16014

17533,15526

17533,16552

17533,15366

17533,16262

17533,16864

17533,17210

17533,17342

17533,17230

17533,19334

17533,16782

17534,15744

17534,17500

17534,17630

17534,17232

17534,18280

17534,16566

17534,19108

17534,19964

17534,19596

17534,17734

17534,20160

17534,19850

17534,20510

17534,21066

17534,21666

17534,22634

17534,19998

17534,22430

17534,21938

17534,22304

17534,20508

17534,22038

17534,20326

17534,22514

17534,21384

17534,20318

17534,21026

17534,23354

17534,21852

17534,22772

17534,21164

17534,21828

17534,21908

17534,22486

17534,21020

17534,22880

17534,22204

17534,21640

17534,22850

17534,21642

17534,21162

17534,19872

17534,21172

17534,22630

17534,21110

17534,22112

17534,21716

17534,23278

17534,21396

17534,21574

17534,22994

17534,22932

17534,20992

17534,21238

17534,20772

17534,20924

17534,22244

17534,22904

17534,23316

17534,24368

17534,24050

17534,22990

17534,23212

17534,23914

17534,23904

17535,24278

17535,23556

17535,23568

17535,23306

17535,23232

17535,22826

17535,21910

17535,20846

17535,22584

17535,21306

17535,21696

17535,22600

17535,24394

17535,23894

17535,24080

17535,22400

17535,22976

17535,24866

17535,23292

17535,23296

17535,23214

17535,23118

17535,23788

17535,24954

17535,24578

17535,24904

17535,23610

17535,24524

17535,21594

17535,22712

17535,21258

17535,22766

17535,24948

17535,22390

17535,23808

17535,22160

17535,21926

17537,21744

17537,22914

17537,23070

17537,21266

17537,22476

17537,23700

17537,23944

17537,22298

17537,24300

17537,22704

17537,23092

17537,22134

17537,22082

17537,23292

17537,21466

17537,22340

17537,22466

17537,22682

17537,22034

17537,23142

17537,22338

17537,22338

17537,22502

17537,20784

17537,20228

17537,21650

17538,20930

17538,21246

17538,21198

17538,21200

17538,22402

17538,23596

17538,21072

17538,21886

17538,21406

17538,20488

17538,19606

17538,21348

17538,20588

17538,20338

17538,20804

17538,20042

17538,20752

17538,18100

17538,19562

17538,18524

17538,18804

17538,18122

17538,18878

17538,18356

17538,17434

17538,17324

17538,15260

17538,17278

17538,18590

17538,16642

17538,18250

17538,17890

17538,17406

17538,18570

17538,17926

17538,18032

17538,17696

17538,17544

17538,19062

17538,18970

17538,17730

17538,17110

17538,16446

17538,17018

17538,17648

17538,16924

17538,17676

17538,15672

17538,15664

17538,14276

17538,15894

17538,17486

17538,14604

17538,16514

17538,17926

17538,16830

17538,16414

17538,16030

17538,17520

17538,13500

17538,14892

17538,15498

17538,14376

17538,15496

17538,17324

17539,16366

17539,14774

17539,15044

17539,16694

17539,14920

17539,17282

17539,15884

17539,16334

17539,16154

17539,16082

17539,15154

17539,14924

17539,17378

17539,16500

17539,15436

17539,14856

17539,14524

17539,16354

17539,15648

17539,16458

17539,18058

17539,17040

17539,17686

17539,17842

17539,15472

17539,17468

17539,15454

17539,14198

17539,14300

17539,14314

17539,15000

17539,17094

17539,17016

17539,18308

17539,16658

17539,17810

17539,17212

17541,16718

17541,17570

17541,17756

17541,18696

17541,16766

17541,17026

17541,18740

17541,18592

17541,18078

17541,17666

17541,17626

17541,17852

17541,17250

17541,18642

17541,17436

17541,18156

17541,17910

17541,18268

17541,18118

17541,17564

17541,17258

17541,18096

17541,19206

17541,19568

17541,18344

17541,18472

17542,17190

17542,19002

17542,17868

17542,15986

17542,18678

17542,19394

17542,18444

17542,17282

17542,18660

17542,19016

17542,17782

17542,17772

17542,16342

17542,18490

17542,19652

17542,19764

17542,20736

17542,20630

17542,17920

17542,18368

17542,18452

17542,18250

17542,20286

17542,18252

17542,17710

17542,18318

17542,17736

17542,17326

17542,17596

17542,18094

17542,17318

17542,15206

17542,18232

17542,19056

17542,19184

17542,19222

17542,17146

17542,17304

17542,17026

17542,14890

17542,19134

17542,16202

17542,17360

17542,16686

17542,15090

17542,16734

17542,17926

17542,17968

17542,15736

17542,17130

17542,17824

17542,15968

17542,15032

17542,15226

17542,15956

17542,18696

17542,17894

17542,16682

17542,16178

17542,17422

17542,18260

17542,18424

17542,17720

17542,16514

17542,17886

17543,17268

17543,17272

17543,18068

17543,18874

17543,19434

17543,18386

17543,18422

17543,17936

17543,18322

17543,16586

17543,17380

17543,17850

17543,19144

17543,19540

17543,18840

17543,19194

17543,17344

17543,17768

17543,16094

17543,15932

17543,16864

17543,16964

17543,17052

17543,16682

17543,14774

17543,16796

17543,17202

17543,19392

17543,17534

17543,16038

17543,16804

17543,16592

17543,15406

17543,16918

17543,15226

17543,14948

17543,15686

17545,14854

17545,15424

17545,14168

17545,14826

17545,14318

17545,14344

17545,13208

17545,16290

17545,15452

17545,14228

17545,13976

17545,14194

17545,16032

17545,15896

17545,15206

17545,16458

17545,12548

17545,12704

17545,13196

17545,14844

17545,13090

17545,13402

17545,14298

17545,14436

17545,16338

17545,13292

17546,15442

17546,13948

17546,15094

17546,12902

17546,12898

17546,14090

17546,13806

17546,12510

17546,12920

17546,14614

17546,14788

17546,12538

17546,13874

17546,13118

17546,11754

17546,11374

17546,11236

17546,9776

17546,10924

17546,10640

17546,10792

17546,11652

17546,10698

17546,10288

17546,9526

17546,9408

17546,7620

17546,8372

17546,6322

17546,7630

17546,7594

17546,8916

17546,6498

17546,7690

17546,9580

17546,8376

17546,7076

17546,8010

17546,8488

17546,7838

17546,7842

17546,7092

17546,8602

17546,7586

17546,6316

17546,7878

17546,7402

17546,8910

17546,10544

17546,9702

17546,7730

17546,9518

17546,5720

17546,6990

17546,6358

17546,6214

17546,9268

17546,7434

17546,7070

17546,6710

17546,8562

17546,7324

17546,6898

17546,5718

17546,6306

17547,5132

17547,5190

17547,5916

17547,8030

17547,7004

17547,5440

17547,5592

17547,5344

17547,4688

17547,2856

17547,3642

17547,1462

17547,2166

17547,2194

17547,1058

17547,3272

17547,4450

17547,3454

17547,3074

17547,2690

17547,1050

17547,-580

17547,1316

17547,1932

17547,-534

17547,1876

17547,1460

17547,1654

17547,2242

17547,2090

17547,1740

17547,-338

17547,896

17547,1376

17547,896

17547,458

17547,620

17549,-1264

17549,200

17549,2146

17549,910

17549,986

17549,-434

17549,-144

17549,1222

17549,1536

17549,-960

17549,-130

17549,2012

17549,848

17549,-2772

17549,-1692

17549,-2488

17549,-478

17549,-1814

17549,-2176

17549,-384

17549,-2266

17549,-2814

17549,-1276

17549,-2546

17549,-2556

17549,-3450

17550,-1550

17550,-2712

17550,-1852

17550,-4944

17550,-3386

17550,-4472

17550,-2100

17550,-4370

17550,-4132

17550,-3850

17550,-4140

17550,-4632

17550,-4334

17550,-3714

17550,-4570

17550,-5862

17550,-6264

17550,-5902

17550,-6738

17550,-7256

17550,-7960

17550,-8726

17550,-6460

17550,-6368

17550,-6608

17550,-6930

17550,-9000

17550,-7414

17550,-9288

17550,-8044

17550,-7660

17550,-7716

17550,-7872

17550,-8434

17550,-8948

17550,-9550

17550,-9214

17550,-8572

17550,-9208

17550,-8876

17550,-9754

17550,-7974

17550,-10408

17550,-11134

17550,-9344

17550,-10348

17550,-9498

17550,-9098

17550,-8916

17550,-11308

17550,-8854

17550,-9252

17550,-9166

17550,-11880

17550,-9094

17550,-11392

17550,-11464

17550,-11652

17550,-9582

17550,-9492

17550,-10182

17550,-10686

17550,-8892

17550,-9318

17550,-9664

17551,-10618

17551,-10448

17551,-9276

17551,-11742

17551,-10790

17551,-9818

17551,-10392

17551,-12866

17551,-11826

17551,-12276

17551,-12734

17551,-10976

17551,-13640

17551,-12608

17551,-13920

17551,-12986

17551,-13340

17551,-14360

17551,-14434

17551,-14574

17551,-13024

17551,-16222

17551,-14372

17551,-13818

17551,-14230

17551,-12900

17551,-13978

17551,-14628

17551,-13820

17551,-15468

17551,-17884

17551,-13894

17551,-15546

17551,-14956

17551,-15832

17551,-17266

17551,-15412

17553,-16868

17553,-13994

17553,-13974

17553,-14288

17553,-14094

17553,-16800

17553,-14356

17553,-15172

17553,-16930

17553,-16826

17553,-17334

17553,-13368

17553,-15270

17553,-13870

17553,-15124

17553,-15686

17553,-15218

17553,-17346

17553,-16500

17553,-17566

17553,-17804

17553,-20202

17553,-16448

17553,-18336

17553,-18996

17553,-19102

17554,-18486

17554,-19004

17554,-18580

17554,-17374

17554,-17402

17554,-17550

17554,-18740

17554,-20460

17554,-18626

17554,-18262

17554,-18852

17554,-17334

17554,-18748

17554,-18496

17554,-16620

17554,-21102

17554,-21308

17554,-18458

17554,-20602

17554,-18902

17554,-21236

17554,-20608

17554,-21966

17554,-22054

17554,-21482

17554,-22692

17554,-22466

17554,-21768

17554,-21406

17554,-21246

17554,-24156

17554,-23412

17554,-22230

17554,-23022

17554,-21602

17554,-23148

17554,-22164

17554,-24008

17554,-23596

17554,-24548

17554,-24388

17554,-23612

17554,-23118

17554,-26566

17554,-23092

17554,-23808

17554,-23888

17554,-26336

17554,-24764

17554,-24698

17554,-23564

17554,-26632

17554,-25510

17554,-24958

17554,-25714

17554,-26400

17554,-26656

17554,-23358

17554,-24598

17554,-23488

17554,-25208

17554,-24724

17554,-23870

17554,-26152

17554,-26798

17555,-25424

17555,-27484

17555,-29300

17555,-27666

17555,-28192

17555,-27770

17555,-28014

17555,-26996

17555,-26670

17555,-28504

17555,-27002

17555,-28582

17555,-28014

17555,-28356

17555,-30004

17555,-28938

17555,-28404

17555,-27982

17555,-28850

17555,-27074

17555,-26340

17555,-28256

17555,-29850

17555,-29076

17555,-28580

17555,-29986

17555,-29962

17555,-30254

17555,-27740

17555,-26670

17555,-29188

17555,-30278

17555,-30332

17555,-29074

17555,-29644

17555,-29380

17555,-27902

17557,-29150

17557,-29248

17557,-29874

17557,-30108

17557,-27160

17557,-28324

17557,-28496

17557,-29368

17557,-28564

17557,-29428

17557,-28782

17557,-28130

17557,-30360

17557,-29718

17557,-29718

17557,-31388

17557,-31180

17557,-30074

17557,-31860

17557,-30160

17557,-31038

17557,-30838

17557,-31444

17557,-32382

17557,-32152

17557,-33548

17558,-32438

17558,-30942

17558,-31588

17558,-32930

17558,-33778

17558,-33610

17558,-33756

17558,-35272

17558,-34592

17558,-34316

17558,-35278

17558,-34368

17558,-33538

17558,-33484

17558,-35118

17558,-35522

17558,-34770

17558,-33686

17558,-35978

17558,-36664

17558,-36646

17558,-36748

17558,-36758

17558,-36474

17558,-34310

17558,-36994

17558,-36256

17558,-37782

17558,-37240

17558,-38678

17558,-38768

17558,-36786

17558,-38766

17558,-39934

17558,-39090

17558,-38612

17558,-36992

17558,-37568

17558,-37728

17558,-38480

17558,-37168

17558,-38386

17558,-36794

17558,-35112

17558,-35928

17558,-38468

17558,-37768

17558,-37530

17558,-39256

17558,-37924

17558,-37038

17558,-37268

17558,-37120

17558,-36964

17558,-34892

17558,-36318

17558,-36180

17558,-35390

17558,-35740

17558,-33930

17558,-36554

17558,-34366

17558,-37048

17558,-35198

17558,-36704

17559,-38074

17559,-37440

17559,-35994

17559,-35492

17559,-37956

17559,-36124

17559,-35790

17559,-37082

17559,-39164

17559,-36920

17559,-38260

17559,-36586

17559,-36848

17559,-35672

17559,-39142

17559,-38812

17559,-39662

17559,-37856

17559,-38508

17559,-37838

17559,-37712

17559,-38358

17559,-38814

17559,-40120

17559,-36086

17559,-37026

17559,-37216

17559,-37816

17559,-37348

17559,-38844

17559,-37430

17559,-40468

17559,-41044

17559,-37898

17559,-38402

17559,-36950

17559,-38046

17561,-35938

17561,-37836

17561,-37570

17561,-36678

17561,-36376

17561,-35864

17561,-35770

17561,-37130

17561,-35694

17561,-35618

17561,-37512

17561,-37158

17561,-36766

17561,-36568

17561,-36992

17561,-38306

17561,-36502

17561,-36694

17561,-36746

17561,-37594

17561,-36626

17561,-35566

17561,-34902

17561,-37128

17561,-35694

17561,-34920

17562,-36030

17562,-35348

17562,-33622

17562,-36050

17562,-34882

17562,-33754

17562,-35198

17562,-33842

17562,-35184

17562,-35628

17562,-33390

17562,-35090

17562,-34300

17562,-33534

17562,-33446

17562,-34860

17562,-32704

17562,-31588

17562,-31896

17562,-33076

17562,-32510

17562,-31750

17562,-32428

17562,-31514

17562,-31844

17562,-30820

17562,-31808

17562,-32868

17562,-31618

17562,-33512

17562,-31498

17562,-30970

17562,-31644

17562,-32658

17562,-33674

17562,-32348

17562,-32594

17562,-31792

17562,-31412

17562,-32164

17562,-31930

17562,-31246

17562,-31970

17562,-32438

17562,-31684

17562,-30840

17562,-31682

17562,-32100

17562,-31572

17562,-33092

17562,-30694

17562,-31802

17562,-30066

17562,-30268

17562,-30830

17562,-30724

17562,-29728

17562,-30736

17562,-31080

17562,-30586

17562,-31528

17562,-30062

17562,-29162

17562,-31068

17562,-30644

17563,-30312

17563,-31240

17563,-32556

17563,-31402

17563,-30598

17563,-29426

17563,-31690

17563,-29432

17563,-28724

17563,-29328

17563,-27660

17563,-27112

17563,-30128

17563,-28386

17563,-27504

17563,-28040

17563,-28976

17563,-28266

17563,-28032

17563,-28308

17563,-24362

17563,-26016

17563,-27686

17563,-27592

17563,-27178

17563,-27392

17563,-25670

17563,-26512

17563,-24742

17563,-25030

17563,-25124

17563,-26124

17563,-26542

17563,-26618

17563,-26508

17563,-27666

17563,-26074

17565,-26476

17565,-26908

17565,-25172

17565,-24392

17565,-24306

17565,-24502

17565,-24448

17565,-25194

17565,-26086

17565,-23876

17565,-24216

17565,-22682

17565,-25430

17565,-24158

17565,-24250

17565,-24276

17565,-23610

17565,-22468

17565,-22928

17565,-22852

17565,-22430

17565,-22852

17565,-22252

17565,-24382

17565,-21764

17565,-22560

17566,-20508

17566,-21236

17566,-20086

17566,-19222

17566,-18058

17566,-19306

17566,-19246

17566,-19104

17566,-20620

17566,-20910

17566,-22040

17566,-20228

17566,-20352

17566,-19654

17566,-18826

17566,-19438

17566,-18978

17566,-19872

17566,-20476

17566,-20340

17566,-19346

17566,-19404

17566,-19354

17566,-17742

17566,-18202

17566,-18370

17566,-17474

17566,-18976

17566,-17532

17566,-17132

17566,-17168

17566,-17860

17566,-18250

17566,-18036

17566,-18414

17566,-19592

17566,-19658

17566,-18110

17566,-17262

17566,-17924

17566,-17922

17566,-16182

17566,-18694

17566,-17708

17566,-16180

17566,-16324

17566,-16548

17566,-15798

17566,-15250

17566,-16656

17566,-14114

17566,-16070

17566,-17104

17566,-16476

17566,-16172

17566,-15066

17566,-16192

17566,-16732

17566,-15586

17566,-18466

17566,-15146

17566,-16088

17566,-14942

17566,-15172

17566,-13518

17567,-13250

17567,-13992

17567,-14024

17567,-12024

17567,-14024

17567,-13094

17567,-13970

17567,-13400

17567,-14216

17567,-12772

17567,-13922

17567,-13224

17567,-12150

17567,-14792

17567,-13564

17567,-10896

17567,-11234

17567,-12962

17567,-11710

17567,-11612

17567,-12058

17567,-14102

17567,-11156

17567,-12672

17567,-12746

17567,-10930

17567,-11796

17567,-13098

17567,-12548

17567,-12934

17567,-12038

17567,-13580

17567,-12238

17567,-12906

17567,-11866

17567,-10926

17567,-10582

17569,-11930

17569,-14284

17569,-11632

17569,-13190

17569,-13320

17569,-12498

17569,-10914

17569,-12472

17569,-12756

17569,-12476

17569,-13142

17569,-11920

17569,-9382

17569,-10748

17569,-10674

17569,-11452

17569,-9860

17569,-9424

17569,-11380

17569,-11398

17569,-10904

17569,-11758

17569,-11822

17569,-11296

17569,-11052

17569,-12398

17570,-10814

17570,-9286

17570,-9434

17570,-10998

17570,-9562

17570,-9334

17570,-8380

17570,-10048

17570,-10340

17570,-8466

17570,-11126

17570,-10316

17570,-7910

17570,-8930

17570,-8908

17570,-10276

17570,-9132

17570,-10320

17570,-10154

17570,-7296

17570,-7844

17570,-8410

17570,-8798

17570,-7314

17570,-7908

17570,-7088

17570,-6022

17570,-6330

17570,-6978

17570,-5688

17570,-6092

17570,-7888

17570,-6700

17570,-5466

17570,-6756

17570,-4558

17570,-6702

17570,-5306

17570,-7408

17570,-6916

17570,-7056

17570,-5848

17570,-5310

17570,-7374

17570,-6442

17570,-4916

17570,-7078

17570,-4270

17570,-4446

17570,-5388

17570,-4328

17570,-3286

17570,-4942

17570,-1920

17570,-5018

17570,-3496

17570,-3724

17570,-4352

17570,-4520

17570,-6394

17570,-3222

17570,-3954

17570,-4630

17570,-4626

17570,-3786

17571,-5692

17571,-5084

17571,-4062

17571,-4536

17571,-2468

17571,-4096

17571,-1486

17571,-820

17571,-634

17571,-374

17571,-1660

17571,-2980

17571,-1060

17571,-1098

17571,-2046

17571,402

17571,-1254

17571,184

17571,-526

17571,-3316

17571,-2110

17571,12

17571,-1620

17571,464

17571,-2248

17571,-2134

17571,-862

17571,-776

17571,-570

17571,296

17571,-1566

17571,-310

17571,202

17571,-522

17571,-790

17571,-1964

17571,402

17573,-1622

17573,1366

17573,188

17573,198

17573,-2104

17573,-1100

17573,-1830

17573,-346

17573,-274

17573,-42

17573,1290

17573,660

17573,1736

17573,2012

17573,-968

17573,430

17573,-906

17573,-1582

17573,2480

17573,908

17573,720

17573,308

17573,212

17573,872

17573,48

17573,-50

17574,140

17574,2578

17574,1082

17574,1016

17574,3138

17574,2928

17574,2574

17574,3500

17574,2746

17574,1620

17574,3548

17574,3808

17574,2242

17574,1696

17574,1828

17574,3004

17574,2062

17574,360

17574,1326

17574,1282

17574,1552

17574,3288

17574,2504

17574,3110

17574,2530

17574,1278

17574,2818

17574,1386

17574,1194

17574,486

17574,750

17574,-316

17574,-166

17574,-2700

17574,-32

17574,-900

17574,906

17574,964

17574,-460

17574,2186

17574,716

17574,1156

17574,1916

17574,1910

17574,-1878

17574,-1374

17574,1080

17574,2176

17574,654

17574,1176

17574,874

17574,312

17574,460

17574,1286

17574,436

17574,1512

17574,910

17574,508

17574,1148

17574,8

17574,-188

17574,320

17574,1194

17574,2764

17574,614

17575,1400

17575,3104

17575,624

17575,2014

17575,2176

17575,1262

17575,1160

17575,1274

17575,1190

17575,654

17575,1662

17575,616

17575,802

17575,1072

17575,622

17575,656

17575,756

17575,616

17575,2206

17575,2802

17575,3448

17575,498

17575,1280

17575,2596

17575,3148

17575,2544

17575,1910

17575,1256

17575,1858

17575,1650

17575,2328

17575,1634

17575,1684

17575,2666

17575,744

17575,2530

17575,1912

17577,4150

17577,4528

17577,3352

17577,3208

17577,4134

17577,4230

17577,5116

17577,4656

17577,3552

17577,4024

17577,3032

17577,4410

17577,4074

17577,3668

17577,3208

17577,4168

17577,5526

17577,3756

17577,5098

17577,5338

17577,5186

17577,4504

17577,5418

17577,3494

17577,4326

17577,4574

17578,4250

17578,4878

17578,4966

17578,4178

17578,3760

17578,3928

17578,5274

17578,3084

17578,3288

17578,2594

17578,2432

17578,2350

17578,2640

17578,2344

17578,3536

17578,3596

17578,3620

17578,3226

17578,1280

17578,2224

17578,1344

17578,3018

17578,1124

17578,1632

17578,772

17578,170

17578,1394

17578,1646

17578,2740

17578,1048

17578,1182

17578,2982

17578,3650

17578,2072

17578,3556

17578,2760

17578,2928

17578,940

17578,5748

17578,890

17578,878

17578,3344

17578,3742

17578,4156

17578,1296

17578,2056

17578,2128

17578,3256

17578,1582

17578,1628

17578,2802

17578,1602

17578,902

17578,2494

17578,2898

17578,4288

17578,3224

17578,3556

17578,3144

17578,3680

17578,2584

17578,3114

17578,3246

17578,3106

17578,3466

17579,3066

17579,4298

17579,3092

17579,3698

17579,3856

17579,1978

17579,3956

17579,1196

17579,1826

17579,2130

17579,2186

17579,2744

17579,2398

17579,3290

17579,1908

17579,724

17579,2878

17579,3246

17579,3972

17579,3720

17579,3312

17579,4990

17579,4962

17579,6958

17579,5072

17579,4416

17579,6184

17579,5216

17579,6576

17579,6992

17579,5514

17579,5554

17579,6788

17579,6292

17579,5422

17579,7072

17579,5250

17581,7376

17581,5202

17581,6904

17581,7434

17581,7134

17581,5908

17581,6686

17581,7190

17581,8062

17581,6658

17581,4652

17581,7240

17581,5634

17581,7502

17581,9150

17581,7778

17581,8596

17581,8146

17581,7944

17581,7122

17581,6896

17581,6834

17581,5902

17581,7304

17581,8680

17581,7926

17582,6858

17582,6764

17582,9250

17582,8360

17582,7648

17582,7402

17582,5500

17582,9278

17582,7756

17582,8234

17582,9718

17582,9178

17582,9482

17582,9440

17582,8462

17582,8210

17582,7232

17582,8312

17582,9428

17582,10332

17582,9590

17582,9122

17582,9622

17582,9980

17582,10810

17582,9950

17582,10590

17582,10668

17582,11118

17582,11088

17582,9614

17582,10424

17582,9800

17582,8128

17582,9606

17582,8884

17582,8372

17582,9862

17582,9520

17582,10424

17582,8716

17582,8760

17582,9210

17582,9426

17582,9702

17582,7262

17582,8700

17582,8586

17582,8668

17582,9632

17582,8906

17582,5714

17582,8240

17582,8202

17582,9838

17582,7534

17582,8802

17582,7410

17582,7428

17582,9386

17582,9218

17582,8680

17582,10488

17582,8124

17582,7424

17583,7742

17583,8684

17583,5932

17583,7858

17583,9188

17583,7690

17583,8556

17583,7964

17583,8462

17583,6692

17583,7248

17583,9044

17583,6432

17583,7240

17583,8654

17583,8950

17583,7306

17583,9868

17583,9452

17583,10746

17583,11100

17583,9608

17583,10124

17583,11312

17583,10902

17583,8764

17583,9988

17583,12016

17583,12228

17583,10192

17583,10798

17583,9184

17583,10216

17583,11216

17583,10882

17583,8586

17583,9786

17585,10390

17585,9418

17585,14220

17585,11402

17585,11644

17585,12418

17585,10334

17585,12042

17585,10908

17585,12276

17585,11264

17585,11736

17585,10498

17585,13614

17585,10294

17585,13114

17585,12644

17585,12664

17585,13798

17585,12978

17585,13718

17585,12960

17585,13408

17585,13032

17585,12500

17585,13686

17586,16028

17586,16170

17586,17076

17586,14616

17586,15562

17586,17410

17586,16210

17586,16354

17586,17488

17586,16270

17586,16824

17586,16932

17586,18890

17586,18780

17586,16886

17586,18260

17586,17974

17586,19424

17586,18994

17586,20374

17586,17348

17586,17636

17586,19552

17586,18946

17586,18840

17586,18874

17586,18608

17586,17924

17586,20488

17586,18848

17586,16548

17586,19874

17586,18572

17586,18012

17586,20138

17586,19668

17586,19860

17586,20386

17586,20518

17586,19038

17586,18646

17586,18504

17586,18948

17586,18742

17586,18710

17586,17792

17586,19042

17586,18056

17586,19116

17586,17724

17586,17568

17586,21542

17586,19958

17586,19868

17586,20412

17586,20206

17586,19068

17586,19858

17586,19478

17586,19714

17586,20186

17586,20966

17586,19386

17586,19672

17586,19180

17587,19800

17587,17738

17587,19340

17587,19244

17587,20026

17587,20250

17587,19456

17587,20804

17587,19442

17587,19754

17587,21062

17587,20560

17587,19636

17587,22416

17587,20152

17587,20452

17587,20904

17587,18766

17587,19784

17587,21018

17587,21738

17587,19774

17587,22034

17587,21312

17587,19712

17587,21146

17587,18738

17587,18420

17587,19950

17587,19150

17587,20854

17587,21946

17587,21016

17587,22682

17587,20964

17587,19558

17587,19576

17589,20514

17589,20880

17589,21280

17589,21948

17589,20502

17589,21150

17589,20670

17589,21148

17589,20638

17589,19786

17589,19866

17589,19784

17589,18606

17589,18858

17589,18642

17589,20682

17589,20946

17589,21352

17589,20204

17589,20238

17589,20120

17589,19298

17589,19678

17589,19404

17589,19304

17589,19588

17590,21582

17590,19532

17590,20356

17590,18880

17590,18586

17590,17122

17590,19656

17590,18918

17590,19326

17590,20298

17590,18868

17590,19896

17590,18860

17590,19476

17590,18044

17590,19244

17590,19302

17590,20684

17590,18854

17590,17462

17590,19346

17590,18520

17590,16614

17590,17078

17590,19436

17590,15800

17590,17606

17590,17530

17590,18480

17590,18300

17590,15278

17590,15938

17590,16580

17590,16602

17590,16278

17590,16282

17590,17018

17590,16826

17590,16388

17590,15240

17590,16550

17590,14810

17590,14914

17590,15772

17590,17186

17590,16668

17590,16662

17590,17858

17590,18204

17590,15626

17590,17030

17590,17186

17590,17316

17590,16766

17590,15980

17590,16960

17590,15142

17590,15310

17590,15528

17590,16370

17590,15632

17590,18692

17590,18202

17590,18996

17590,17324

17591,16676

17591,16666

17591,16080

17591,15918

17591,16622

17591,18890

17591,17366

17591,19380

17591,19008

17591,17928

17591,16724

17591,17146

17591,16822

17591,17566

17591,17562

17591,19052

17591,17508

17591,17206

17591,16884

17591,17220

17591,16344

17591,17016

17591,17600

17591,14384

17591,15584

17591,16616

17591,16592

17591,16400

17591,16376

17591,15194

17591,15742

17591,16950

17591,15104

17591,16174

17591,15436

17591,16250

17591,17098

17593,16752

17593,16806

17593,15494

17593,16962

17593,15668

17593,15336

17593,17494

17593,16066

17593,15780

17593,16636

17593,15728

17593,15864

17593,14310

17593,13018

17593,13168

17593,13426

17593,13142

17593,13366

17593,15022

17593,13374

17593,13128

17593,13638

17593,15480

17593,12800

17593,14058

17593,14832

17594,13252

17594,12438

17594,11418

17594,15114

17594,15788

17594,15144

17594,14720

17594,14438

17594,14300

17594,14138

17594,16148

17594,13164

17594,13792

17594,14848

17594,12820

17594,14444

17594,11654

17594,15608

17594,15914

17594,13672

17594,13484

17594,13516

17594,13496

17594,14580

17594,14056

17594,14014

17594,12226

17594,14334

17594,14582

17594,12984

17594,13060

17594,10850

17594,13224

17594,13544

17594,13336

17594,13274

17594,13312

17594,13000

17594,14228

17594,11872

17594,10002

17594,12414

17594,10768

17594,10502

17594,10816

17594,9440

17594,11446

17594,11452

17594,11862

17594,9614

17594,11152

17594,11930

17594,10996

17594,12444

17594,11748

17594,12110

17594,10380

17594,9448

17594,11470

17594,10652

17594,11602

17594,10430

17594,12264

17594,11394

17594,9274

17595,9142

17595,10142

17595,9994

17595,9310

17595,9680

17595,8894

17595,10382

17595,10636

17595,9826

17595,10594

17595,8364

17595,7430

17595,9912

17595,9730

17595,8708

17595,9032

17595,7744

17595,8006

17595,8954

17595,8116

17595,8600

17595,9004

17595,7800

17595,9262

17595,9044

17595,8378

17595,5824

17595,4826

17595,6104

17595,5068

17595,5306

17595,5940

17595,7574

17595,6570

17595,7058

17595,7074

17595,7762

17597,5060

17597,5918

17597,6000

17597,4940

17597,5750

17597,5078

17597,5250

17597,4584

17597,4862

17597,2108

17597,4042

17597,3822

17597,4418

17597,3996

17597,3414

17597,2570

17597,3986

17597,1046

17597,1804

17597,1804

17597,2966

17597,1696

17597,2646

17597,-794

17597,564

17597,534

17598,-18

17598,-1548

17598,-1246

17598,564

17598,-1880

17598,-732

17598,-556

17598,-740

17598,-1538

17598,-786

17598,-486

17598,-1340

17598,-2206

17598,-3940

17598,-3532

17598,-3168

17598,-2406

17598,-5076

17598,-5540

17598,-4136

17598,-2376

17598,-4682

17598,-4068

17598,-3680

17598,-4386

17598,-6142

17598,-5610

17598,-5274

17598,-5160

17598,-7372

17598,-6714

17598,-6936

17598,-6058

17598,-7564

17598,-6476

17598,-8298

17598,-8590

17598,-8934

17598,-8942

17598,-8344

17598,-8954

17598,-8370

17598,-10058

17598,-9324

17598,-9554

17598,-10178

17598,-8028

17598,-10336

17598,-9088

17598,-9360

17598,-10090

17598,-10528

17598,-11302

17598,-10894

17598,-10716

17598,-10956

17598,-11416

17598,-10220

17598,-10378

17598,-10846

17598,-10862

17598,-10204

17598,-9556

17598,-9970

17598,-9060

17599,-10848

17599,-12954

17599,-12116

17599,-11448

17599,-14078

17599,-11314

17599,-11058

17599,-9246

17599,-10672

17599,-10850

17599,-12168

17599,-11842

17599,-13056

17599,-12210

17599,-13156

17599,-12062

17599,-14820

17599,-13744

17599,-14942

17599,-14478

17599,-14662

17599,-14096

17599,-13128

17599,-12800

17599,-14218

17599,-15464

17599,-15046

17599,-16072

17599,-16942

17599,-15986

17599,-16124

17599,-15540

17599,-17946

17599,-15532

17599,-18068

17599,-19098

17599,-18544

17601,-19510

17601,-17038

17601,-19274

17601,-18466

17601,-19426

17601,-17724

17601,-20590

17601,-19628

17601,-19666

17601,-20112

17601,-20886

17601,-19270

17601,-19444

17601,-19180

17601,-19952

17601,-20806

17601,-18566

17601,-22580

17601,-20784

17601,-23088

17601,-22878

17601,-22844

17601,-23520

17601,-24446

17601,-24762

17601,-26654

17602,-25564

17602,-24594

17602,-25068

17602,-25110

17602,-24094

17602,-24782

17602,-25918

17602,-24454

17602,-25008

17602,-25810

17602,-27396

17602,-26204

17602,-27098

17602,-25678

17602,-24612

17602,-27472

17602,-27714

17602,-23660

17602,-26216

17602,-27250

17602,-28128

17602,-30248

17602,-27976

17602,-30124

17602,-29334

17602,-32588

17602,-32840

17602,-31294

17602,-32730

17602,-30970

17602,-30632

17602,-31448

17602,-30288

17602,-32620

17602,-31876

17602,-32498

17602,-30840

17602,-30652

17602,-32456

17602,-32576

17602,-33422

17602,-31452

17602,-33172

17602,-30622

17602,-31754

17602,-31242

17602,-33956

17602,-32448

17602,-32756

17602,-33184

17602,-34416

17602,-33272

17602,-32306

17602,-32802

17602,-33598

17602,-34396

17602,-33896

17602,-33804

17602,-35014

17602,-35020

17602,-34894

17602,-34240

17602,-34026

17602,-34274

17602,-32262

17603,-35370

17603,-32718

17603,-33198

17603,-34768

17603,-33418

17603,-35344

17603,-36712

17603,-35492

17603,-36376

17603,-36354

17603,-36226

17603,-36920

17603,-35334

17603,-33166

17603,-34662

17603,-33430

17603,-33758

17603,-34498

17603,-36022

17603,-37268

17603,-35348

17603,-37286

17603,-34138

17603,-36266

17603,-36312

17603,-35720

17603,-35398

17603,-36350

17603,-36240

17603,-37764

17603,-37698

17603,-37920

17603,-37420

17603,-38116

17603,-36486

17603,-36158

17603,-37376

17605,-38576

17605,-38626

17605,-39356

17605,-36910

17605,-39022

17605,-36676

17605,-37214

17605,-36396

17605,-36092

17605,-38672

17605,-39368

17605,-38924

17605,-38340

17605,-39494

17605,-37124

17605,-37568

17605,-38600

17605,-37200

17605,-37656

17605,-38284

17605,-39762

17605,-36182

17605,-35690

17605,-35824

17605,-34064

17605,-34978

17606,-37562

17606,-37564

17606,-37282

17606,-36514

17606,-37780

17606,-38346

17606,-39402

17606,-35914

17606,-37758

17606,-38384

17606,-39202

17606,-37302

17606,-37914

17606,-37846

17606,-37224

17606,-38082

17606,-37990

17606,-38356

17606,-39686

17606,-37536

17606,-36536

17606,-39614

17606,-36520

17606,-37440

17606,-37144

17606,-38392

17606,-38192

17606,-39332

17606,-37584

17606,-37198

17606,-36114

17606,-38230

17606,-37850

17606,-37972

17606,-37286

17606,-37986

17606,-37338

17606,-36136

17606,-37688

17606,-37392

17606,-37838

17606,-35822

17606,-36768

17606,-37640

17606,-37580

17606,-37886

17606,-36730

17606,-37782

17606,-37106

17606,-36916

17606,-36898

17606,-36974

17606,-36756

17606,-37576

17606,-36490

17606,-35894

17606,-33784

17606,-35718

17606,-38226

17606,-36938

17606,-36854

17606,-37578

17606,-35522

17606,-37256

17606,-38434

17607,-37176

17607,-36718

17607,-36914

17607,-34598

17607,-36804

17607,-36018

17607,-36810

17607,-35894

17607,-36746

17607,-34790

17607,-35504

17607,-35426

17607,-34256

17607,-35288

17607,-36044

17607,-35366

17607,-34756

17607,-36058

17607,-34784

17607,-33214

17607,-35934

17607,-33228

17607,-35884

17607,-34314

17607,-34648

17607,-34564

17607,-36848

17607,-35158

17607,-33986

17607,-33992

17607,-37388

17607,-34982

17607,-36726

17607,-35414

17607,-35768

17607,-35836

17607,-35770

17609,-35276

17609,-34118

17609,-34240

17609,-32184

17609,-33818

17609,-34558

17609,-33956

17609,-37364

17609,-34154

17609,-34360

17609,-34290

17609,-32566

17609,-34116

17609,-33000

17609,-31584

17609,-33218

17609,-32068

17609,-33874

17609,-33870

17609,-34484

17609,-34074

17609,-34496

17609,-33644

17609,-34576

17609,-35296

17609,-34494

17610,-33420

17610,-33156

17610,-33920

17610,-33044

17610,-30674

17610,-31184

17610,-32856

17610,-34674

17610,-32086

17610,-33212

17610,-32532

17610,-31398

17610,-33062

17610,-33744

17610,-32598

17610,-33306

17610,-32818

17610,-33306

17610,-31376

17610,-33544

17610,-31868

17610,-32158

17610,-31406

17610,-30470

17610,-32832

17610,-31594

17610,-31478

17610,-32470

17610,-31216

17610,-31406

17610,-30280

17610,-31134

17610,-31888

17610,-29626

17610,-32306

17610,-31070

17610,-31240

17610,-31214

17610,-30112

17610,-31164

17610,-28170

17610,-28020

17610,-27882

17610,-29928

17610,-28316

17610,-29506

17610,-28408

17610,-28834

17610,-28934

17610,-28678

17610,-28218

17610,-27206

17610,-26434

17610,-25008

17610,-25172

17610,-25952

17610,-25764

17610,-26170

17610,-26450

17610,-25380

17610,-26940

17610,-23990

17610,-25242

17610,-26338

17610,-26420

17611,-25020

17611,-24332

17611,-23414

17611,-22264

17611,-23056

17611,-23428

17611,-21618

17611,-24080

17611,-22832

17611,-26400

17611,-24518

17611,-22422

17611,-22034

17611,-22610

17611,-22240

17611,-23350

17611,-21764

17611,-22376

17611,-22610

17611,-21532

17611,-21154

17611,-21020

17611,-20996

17611,-21038

17611,-19694

17611,-21010

17611,-19032

17611,-19598

17611,-20102

17611,-17956

17611,-17702

17611,-18360

17611,-16622

17611,-16976

17611,-17088

17611,-18330

17611,-18748

17613,-18656

17613,-17784

17613,-17472

17613,-18100

17613,-17934

17613,-16938

17613,-16490

17613,-16486

17613,-17252

17613,-17866

17613,-16982

17613,-16642

17613,-19212

17613,-16922

17613,-16972

17613,-18084

17613,-16080

17613,-15778

17613,-14560

17613,-14058

17613,-17046

17613,-13704

17613,-15918

17613,-13658

17613,-12990

17613,-14600

17614,-12636

17614,-13644

17614,-13164

17614,-13058

17614,-14140

17614,-13186

17614,-13272

17614,-14808

17614,-12760

17614,-14006

17614,-12192

17614,-13414

17614,-13498

17614,-12914

17614,-11180

17614,-11232

17614,-11828

17614,-12962

17614,-11580

17614,-12296

17614,-12600

17614,-9834

17614,-9046

17614,-10480

17614,-10320

17614,-10262

17614,-11742

17614,-12328

17614,-13728

17614,-10852

17614,-10992

17614,-9426

17614,-9616

17614,-8526

17614,-8892

17614,-10422

17614,-9296

17614,-9716

17614,-9126

17614,-8262

17614,-6718

17614,-8096

17614,-9818

17614,-8754

17614,-9156

17614,-7596

17614,-6918

17614,-8382

17614,-6328

17614,-7708

17614,-8258

17614,-7592

17614,-7544

17614,-5666

17614,-9970

17614,-6818

17614,-6064

17614,-6614

17614,-4766

17614,-4986

17614,-4820

17614,-4924

17614,-6200

17614,-5762

17614,-4916

17615,-5766

17615,-6032

17615,-4546

17615,-3640

17615,-4538

17615,-3174

17615,-4356

17615,-3624

17615,-4690

17615,-4244

17615,-4670

17615,-3514

17615,-4740

17615,-4078

17615,-2898

17615,-4712

17615,-2190

17615,-3044

17615,-2702

17615,-5102

17615,-4718

17615,-3852

17615,-6282

17615,-1354

17615,-4930

17615,-4002

17615,-2490

17615,-3910

17615,-2808

17615,-2928

17615,-1594

17615,-980

17615,-2446

17615,-130

17615,-3322

17615,-2106

17615,-1172

17617,-1228

17617,-1030

17617,-896

17617,-478

17617,-1488

17617,58

17617,720

17617,200

17617,1874

17617,-244

17617,298

17617,1512

17617,824

17617,1484

17617,1618

17617,1870

17617,2364

17617,1774

17617,2850

17617,2438

17617,2344

17617,2362

17617,2584

17617,4578

17617,4012

17617,2416

17618,3814

17618,4154

17618,3600

17618,3688

17618,2380

17618,4548

17618,3180

17618,3692

17618,2580

17618,6520

17618,6270

17618,5166

17618,4552

17618,5010

17618,5566

17618,5550

17618,6238

17618,4592

17618,3342

17618,4556

17618,5162

17618,5342

17618,5202

17618,4322

17618,6136

17618,5372

17618,8670

17618,6702

17618,6472

17618,6876

17618,7918

17618,7210

17618,7060

17618,7588

17618,7080

17618,6564

17618,9734

17618,10708

17618,10860

17618,8738

17618,8736

17618,7888

17618,8326

17618,8882

17618,7674

17618,9084

17618,9642

17618,6992

17618,8012

17618,8996

17618,9756

17618,8608

17618,8520

17618,8716

17618,8844

17618,10162

17618,12126

17618,10916

17618,10430

17618,12142

17618,10168

17618,8390

17618,9656

17618,9670

17618,10956

17619,9346

17619,10016

17619,8140

17619,7560

17619,8488

17619,8548

17619,10346

17619,11348

17619,10714

17619,11734

17619,12634

17619,9768

17619,10318

17619,10630

17619,10406

17619,13658

17619,11494

17619,11664

17619,10226

17619,10102

17619,11396

17619,11644

17619,10766

17619,12480

17619,9230

17619,10548

17619,10018

17619,12100

17619,10078

17619,8490

17619,10656

17619,10674

17619,11292

17619,11218

17619,12838

17619,12276

17619,11494

17621,7856

17621,10550

17621,12168

17621,12074

17621,13096

17621,12524

17621,12392

17621,12718

17621,12218

17621,14390

17621,13280

17621,13678

17621,13054

17621,10162

17621,12858

17621,11546

17621,11710

17621,13176

17621,12978

17621,12380

17621,12758

17621,11836

17621,13188

17621,13512

17621,14060

17621,13252

17622,14754

17622,13418

17622,13628

17622,13350

17622,14066

17622,14066

17622,15428

17622,13564

17622,11656

17622,12738

17622,12300

17622,12628

17622,13446

17622,10648

17622,12368

17622,12212

17622,11420

17622,12566

17622,12710

17622,13406

17622,13118

17622,13900

17622,13142

17622,13294

17622,12614

17622,13524

17622,15108

17622,13768

17622,12562

17622,12976

17622,13990

17622,13356

17622,14216

17622,14334

17622,14460

17622,13826

17622,13556

17622,12524

17622,15010

17622,13874

17622,13494

17622,13060

17622,12700

17622,12796

17622,15970

17622,14882

17622,14428

17622,13112

17622,14574

17622,14130

17622,11442

17622,13950

17622,12342

17622,12716

17622,9428

17622,11610

17622,11834

17622,12516

17622,11328

17622,13344

17622,10590

17622,12292

17622,12698

17622,10824

17622,12858

17623,11502

17623,11920

17623,10684

17623,11940

17623,10272

17623,11320

17623,10624

17623,11362

17623,10596

17623,10906

17623,12446

17623,10374

17623,12446

17623,10386

17623,10558

17623,9230

17623,12892

17623,9624

17623,10284

17623,10264

17623,8826

17623,10298

17623,10562

17623,11536

17623,10348

17623,10662

17623,9712

17623,11548

17623,11074

17623,10106

17623,9208

17623,10904

17623,11412

17623,12750

17623,10812

17623,11332

17623,10514

17625,11638

17625,10202

17625,11052

17625,11212

17625,9966

17625,10138

17625,10742

17625,9330

17625,9984

17625,9444

17625,9988

17625,9472

17625,8816

17625,9502

17625,8562

17625,8682

17625,9018

17625,9816

17625,12120

17625,9882

17625,8734

17625,8130

17625,8218

17625,9122

17625,8440

17625,7690

17626,7800

17626,9108

17626,7142

17626,10074

17626,10282

17626,9974

17626,9016

17626,8296

17626,10410

17626,7466

17626,8152

17626,9242

17626,8322

17626,9350

17626,7984

17626,6972

17626,8458

17626,8246

17626,5890

17626,7256

17626,8274

17626,6904

17626,6630

17626,9528

17626,6850

17626,7100

17626,8296

17626,8112

17626,7904

17626,7226

17626,7140

17626,8454

17626,8328

17626,8622

17626,6508

17626,6918

17626,5594

17626,8044

17626,8720

17626,7718

17626,7190

17626,8170

17626,6206

17626,6434

17626,8156

17626,5612

17626,7716

17626,7440

17626,7214

17626,6556

17626,8138

17626,7764

17626,6628

17626,7870

17626,7432

17626,5898

17626,6294

17626,6282

17626,5854

17626,4824

17626,6402

17626,6082

17626,5294

17626,6626

17626,6736

17627,6162

17627,5324

17627,6056

17627,5514

17627,4814

17627,4286

17627,3666

17627,5456

17627,5252

17627,4654

17627,5492

17627,5318

17627,4942

17627,3426

17627,2784

17627,4390

17627,3370

17627,3396

17627,4246

17627,4800

17627,3580

17627,4420

17627,4702

17627,2542

17627,4024

17627,3644

17627,2576

17627,3630

17627,3968

17627,2834

17627,3324

17627,2530

17627,116

17627,3280

17627,4132

17627,4818

17627,4816

17629,4786

17629,4338

17629,3806

17629,3472

17629,2804

17629,2250

17629,1996

17629,2678

17629,3384

17629,3838

17629,2528

17629,4404

17629,2298

17629,1516

17629,1008

17629,3150

17629,278

17629,1332

17629,1778

17629,3066

17629,1008

17629,24

17629,678

17629,2530

17629,3250

17629,804

17630,2334

17630,1212

17630,1158

17630,690

17630,-404

17630,1608

17630,1448

17630,1938

17630,600

17630,-1326

17630,1142

17630,1254

17630,354

17630,680

17630,182

17630,2696

17630,1508

17630,1332

17630,3112

17630,1608

17630,-392

17630,1942

17630,3056

17630,2306

17630,1192

17630,826

17630,18

17630,-1190

17630,1914

17630,2600

17630,3262

17630,3434

17630,2772

17630,2330

17630,1606

17630,2816

17630,3368

17630,2002

17630,1738

17630,1544

17630,3788

17630,3168

17630,1004

17630,2784

17630,2244

17630,2098

17630,1548

17630,1860

17630,1708

17630,1960

17630,274

17630,3124

17630,244

17630,836

17630,-704

17630,2568

17630,1298

17630,-202

17630,850

17630,-1176

17630,36

17630,912

17630,-310

17630,-384

17630,-260

17631,-46

17631,-1388

17631,-1008

17631,958

17631,1026

17631,502

17631,-564

17631,-1534

17631,-204

17631,92

17631,-2300

17631,-910

17631,-2408

17631,-4154

17631,-3954

17631,-650

17631,-2922

17631,-2012

17631,-1052

17631,-360

17631,-1056

17631,-630

17631,-194

17631,404

17631,-448

17631,-170

17631,932

17631,-228

17631,-894

17631,-1838

17631,544

17631,1538

17631,1110

17631,-802

17631,928

17631,-728

17631,718

17633,954

17633,-448

17633,1140

17633,154

17633,-290

17633,1184

17633,2344

17633,-696

17633,348

17633,-686

17633,-268

17633,580

17633,-494

17633,-146

17633,12

17633,-1024

17633,1810

17633,-506

17633,-380

17633,-522

17633,-76

17633,212

17633,-286

17633,-292

17633,-1376

17633,-2646

17634,-2942

17634,-1738

17634,-1010

17634,24

17634,-1354

17634,-2978

17634,-2576

17634,-498

17634,-2808

17634,-1062

17634,-970

17634,-1832

17634,-1634

17634,-1412

17634,-1564

17634,-2886

17634,-1984

17634,-2286

17634,-742

17634,1544

17634,-2274

17634,-3786

17634,-3782

17634,-3562

17634,-5326

17634,-3878

17634,-4100

17634,-3138

17634,-3298

17634,-3808

17634,-2844

17634,-3104

17634,-3722

17634,-3444

17634,-3222

17634,-3626

17634,-3434

17634,-3192

17634,-2220

17634,-4022

17634,-4136

17634,-3652

17634,-3886

17634,-3070

17634,-4176

17634,-5100

17634,-5868

17634,-4388

17634,-3848

17634,-6770

17634,-7486

17634,-6620

17634,-6834

17634,-6244

17634,-6854

17634,-4690

17634,-5166

17634,-4752

17634,-6952

17634,-5180

17634,-6238

17634,-4342

17634,-5424

17634,-2382

17634,-3762

17635,-6716

17635,-5500

17635,-6074

17635,-6900

17635,-5902

17635,-6076

17635,-6922

17635,-7882

17635,-5588

17635,-6900

17635,-7860

17635,-7304

17635,-10110

17635,-7704

17635,-7602

17635,-5442

17635,-7288

17635,-6738

17635,-7916

17635,-7578

17635,-8434

17635,-8164

17635,-7162

17635,-6002

17635,-7938

17635,-8292

17635,-8470

17635,-10052

17635,-8826

17635,-9400

17635,-9258

17635,-9300

17635,-10276

17635,-8482

17635,-7436

17635,-10144

17635,-9012

17637,-8552

17637,-9322

17637,-8260

17637,-9914

17637,-8170

17637,-9226

17637,-8126

17637,-7898

17637,-8202

17637,-8340

17637,-8914

17637,-10310

17637,-10666

17637,-10372

17637,-12336

17637,-12266

17637,-12858

17637,-12412

17637,-12296

17637,-14932

17637,-10450

17637,-11496

17637,-12402

17637,-12780

17637,-10376

17637,-12190

17638,-12964

17638,-12742

17638,-13524

17638,-14114

17638,-13154

17638,-12138

17638,-13934

17638,-14434

17638,-14800

17638,-13074

17638,-15680

17638,-15342

17638,-14606

17638,-15376

17638,-15332

17638,-14704

17638,-14874

17638,-15624

17638,-16770

17638,-16466

17638,-17050

17638,-15106

17638,-15124

17638,-16308

17638,-16024

17638,-15836

17638,-15822

17638,-18504

17638,-17426

17638,-17888

17638,-16640

17638,-18242

17638,-16502

17638,-17994

17638,-17914

17638,-17302

17638,-16896

17638,-17516

17638,-16916

17638,-17054

17638,-16614

17638,-17356

17638,-15768

17638,-18480

17638,-18716

17638,-19088

17638,-16738

17638,-18558

17638,-18034

17638,-18032

17638,-16946

17638,-17860

17638,-15664

17638,-17240

17638,-16480

17638,-16842

17638,-15912

17638,-16718

17638,-17292

17638,-16164

17638,-16272

17638,-16878

17638,-13924

17638,-15742

17638,-15380

17639,-16212

17639,-15988

17639,-14784

17639,-13854

17639,-14942

17639,-14708

17639,-14552

17639,-16946

17639,-15022

17639,-15312

17639,-13608

17639,-16634

17639,-16148

17639,-14684

17639,-16334

17639,-15746

17639,-13768

17639,-14210

17639,-16554

17639,-15896

17639,-15786

17639,-15376

17639,-16500

17639,-18794

17639,-18582

17639,-15986

17639,-15050

17639,-17920

17639,-16082

17639,-16270

17639,-16330

17639,-15838

17639,-16632

17639,-16322

17639,-17068

17639,-16924

17639,-16300

17641,-16858

17641,-16460

17641,-14440

17641,-16170

17641,-17052

17641,-15814

17641,-14030

17641,-16766

17641,-17306

17641,-16852

RAW_SUMMARY id=2 requested=6000 captured=6000 unused_capacity=0 max_pcm_abs=61670 raw_mean=9038.5 raw_abs_mean=22493.1 raw_min=-41044 raw_max=61670 baseline=-24.6

OK RAW

