# run: cfg_c16k_apll_1
# firmware: role=analyzer git=9f584bb version=0.4.0
# imported-from: c16k_apll_1.log (mtime 2026-10-09T10:35:51)
RAW_INFO mode=i2s output=csv

RAW_INFO row_size=12

RAW_BEGIN id=1 sr=16000 trigger_ms=6149 command_ms=6134 emit_seen=1 emit_start_ms=6149 emit_done_ms=6153 f=3200 dur=1 pre_ms=0 post_ms=350 decim=1 pre_samples=0 post_samples=5600 mode=i2s output=csv fields=ms,pcm

ms,pcm

6154,45944

6154,50390

6154,49454

6154,48924

6154,48496

6154,47988

6154,49948

6155,49338

6155,48078

6155,49182

6155,48596

6155,48744

6155,48814

6155,50224

6155,51244

6155,50352

6155,50364

6155,48354

6155,48352

6155,46334

6155,48050

6155,48450

6155,44962

6155,46112

6155,44468

6155,44342

6155,41600

6155,42742

6155,44062

6155,44068

6155,43438

6155,44218

6155,44306

6155,43734

6155,44736

6155,44168

6155,44164

6155,45658

6155,46238

6155,44678

6155,43886

6155,42988

6155,43640

6155,43590

6155,43992

6155,44850

6155,41494

6155,41684

6155,38736

6155,43328

6155,44024

6155,40838

6155,40994

6155,37306

6155,40998

6155,40260

6155,41038

6155,42384

6155,42516

6155,41086

6155,38500

6155,38080

6155,40346

6155,40380

6155,39218

6155,41090

6155,37948

6155,39140

6155,38128

6155,36130

6155,35458

6155,37086

6156,35776

6156,35256

6156,35362

6156,36956

6156,34070

6156,35414

6156,33770

6156,35804

6156,36386

6156,35598

6156,37734

6156,36416

6156,35374

6156,33770

6156,33760

6156,31680

6156,31836

6156,34788

6156,34812

6156,33698

6156,34176

6156,34070

6156,37438

6156,35244

6156,34806

6156,36200

6156,36862

6156,35126

6156,33752

6156,34130

6156,35904

6156,37774

6156,34704

6156,35282

6156,35842

6156,35164

6156,35498

6156,32724

6156,33278

6156,36848

6156,36122

6156,36472

6156,38210

6156,37062

6156,36548

6156,34798

6156,33932

6156,35860

6156,38686

6156,37154

6156,37818

6156,38294

6156,36912

6156,37632

6156,38440

6156,40298

6161,38808

6161,37768

6161,35736

6161,36026

6161,36140

6161,34860

6161,35478

6161,36962

6161,35792

6161,36344

6161,33880

6161,36166

6161,33168

6161,32974

6161,34828

6161,34236

6161,34738

6161,35070

6161,35982

6161,37176

6161,37354

6161,37182

6161,39058

6161,39110

6161,34714

6161,38226

6161,38284

6161,35626

6162,36528

6162,39322

6162,37820

6162,38898

6162,40492

6162,39540

6162,38772

6162,37860

6162,38044

6162,38384

6162,39388

6162,42626

6162,44530

6162,41246

6162,40600

6162,39734

6162,41606

6162,41012

6162,40978

6162,39428

6162,42670

6162,40072

6162,41136

6162,42076

6162,40742

6162,44236

6162,41932

6162,43520

6162,43320

6162,44084

6162,43102

6162,43046

6162,43098

6162,42210

6162,43328

6162,44566

6162,41790

6162,42180

6162,44240

6162,45062

6162,40368

6162,42278

6162,42838

6162,41280

6162,41266

6162,42870

6162,41198

6162,42792

6162,39996

6162,42590

6162,43866

6162,40316

6162,42906

6162,43050

6162,45458

6162,45190

6162,45670

6162,45284

6162,46448

6162,45944

6162,46770

6162,45034

6162,45174

6162,45804

6162,41998

6163,42348

6163,40624

6163,41390

6163,41884

6163,39932

6163,40920

6163,41256

6163,39384

6163,38044

6163,38690

6163,38164

6163,38292

6163,37542

6163,35364

6163,32858

6163,32626

6163,34760

6163,34408

6163,33546

6163,33008

6163,34230

6163,32662

6163,33162

6163,32164

6163,34992

6163,38016

6163,37726

6163,39016

6163,35080

6163,33598

6163,32104

6163,29520

6163,29540

6163,26462

6163,25726

6169,24118

6169,22356

6169,25340

6169,21310

6169,22216

6169,24798

6169,24112

6169,25206

6169,28034

6169,29224

6169,31956

6169,31042

6169,32968

6169,29230

6169,29734

6169,30758

6169,29254

6169,26748

6169,26678

6169,24036

6169,24628

6169,23328

6169,21664

6169,22830

6169,23260

6169,23310

6169,24052

6169,22430

6170,22736

6170,26368

6170,27834

6170,27948

6170,28686

6170,26172

6170,27904

6170,26758

6170,25464

6170,26434

6170,26090

6170,24042

6170,22060

6170,23240

6170,21810

6170,22004

6170,18904

6170,19526

6170,19110

6170,19240

6170,20226

6170,18450

6170,19998

6170,20634

6170,19670

6170,21540

6170,23326

6170,21744

6170,23408

6170,22076

6170,19248

6170,16636

6170,18818

6170,18876

6170,17392

6170,18278

6170,18714

6170,16626

6170,14558

6170,15874

6170,13644

6170,15340

6170,18296

6170,18880

6170,21454

6170,21616

6170,22868

6170,22146

6170,20026

6170,20628

6170,21506

6170,18056

6170,19220

6170,18170

6170,17720

6170,18206

6170,16556

6170,13838

6170,16204

6170,14710

6170,15070

6170,16128

6170,16162

6170,14758

6170,14510

6171,14358

6171,15258

6171,14740

6171,14306

6171,15570

6171,14258

6171,14430

6171,13842

6171,11822

6171,11724

6171,10572

6171,11994

6171,10100

6171,8058

6171,6756

6171,5654

6171,3264

6171,2934

6171,5030

6171,2664

6171,862

6171,654

6171,388

6171,-1580

6171,-3846

6171,-3740

6171,-200

6171,-1176

6171,-596

6171,1272

6171,1640

6171,684

6171,1674

6171,634

6171,800

6177,1740

6177,326

6177,-1438

6177,-3312

6177,-4232

6177,-5346

6177,-8156

6177,-9282

6177,-9562

6177,-8294

6177,-7638

6177,-7734

6177,-11808

6177,-11402

6177,-10792

6177,-10234

6177,-12774

6177,-13164

6177,-13530

6177,-12104

6177,-11756

6177,-9418

6177,-10900

6177,-12128

6177,-11902

6177,-15350

6177,-14860

6177,-13216

6178,-16100

6178,-13988

6178,-13508

6178,-12778

6178,-14476

6178,-14978

6178,-16430

6178,-16442

6178,-21730

6178,-21738

6178,-20808

6178,-22770

6178,-21712

6178,-21390

6178,-22626

6178,-24016

6178,-22392

6178,-23416

6178,-26148

6178,-24436

6178,-21526

6178,-22134

6178,-23092

6178,-22394

6178,-22306

6178,-20408

6178,-20576

6178,-21368

6178,-18602

6178,-20096

6178,-20424

6178,-18994

6178,-20510

6178,-25238

6178,-24514

6178,-25216

6178,-27404

6178,-29036

6178,-24004

6178,-24120

6178,-24366

6178,-23214

6178,-24408

6178,-25648

6178,-29508

6178,-27960

6178,-26498

6178,-25070

6178,-24464

6178,-24892

6178,-23522

6178,-24834

6178,-25556

6178,-28206

6178,-29044

6178,-26662

6178,-27848

6178,-26680

6178,-27964

6178,-28306

6178,-29522

6178,-27302

6178,-26924

6178,-28394

6178,-25750

6179,-26886

6179,-27006

6179,-26596

6179,-28522

6179,-25268

6179,-23522

6179,-25358

6179,-26116

6179,-22610

6179,-24340

6179,-24582

6179,-25588

6179,-24798

6179,-25046

6179,-24436

6179,-23518

6179,-24630

6179,-24894

6179,-23414

6179,-23546

6179,-26028

6179,-23458

6179,-23202

6179,-24288

6179,-24584

6179,-24440

6179,-22718

6179,-21798

6179,-23910

6179,-26324

6179,-23576

6179,-23590

6179,-23874

6179,-24314

6179,-26250

6185,-24952

6185,-25680

6185,-25560

6185,-24432

6185,-26776

6185,-24994

6185,-24636

6185,-22684

6185,-22780

6185,-23134

6185,-23742

6185,-22784

6185,-23602

6185,-25448

6185,-23432

6185,-22670

6185,-23596

6185,-22474

6185,-23538

6185,-22630

6185,-26164

6185,-26716

6185,-26428

6185,-28258

6185,-25550

6185,-25904

6185,-26418

6185,-24594

6186,-23588

6186,-24480

6186,-26312

6186,-25992

6186,-22804

6186,-23854

6186,-23190

6186,-22342

6186,-22248

6186,-23084

6186,-23042

6186,-24660

6186,-22602

6186,-23556

6186,-24218

6186,-20316

6186,-23336

6186,-21430

6186,-22646

6186,-23244

6186,-22604

6186,-22362

6186,-22652

6186,-22308

6186,-22672

6186,-19946

6186,-20764

6186,-19128

6186,-18180

6186,-18286

6186,-17868

6186,-19104

6186,-18266

6186,-21124

6186,-19804

6186,-19638

6186,-21252

6186,-20418

6186,-18660

6186,-18672

6186,-19672

6186,-18732

6186,-19978

6186,-18596

6186,-16980

6186,-16266

6186,-14618

6186,-14304

6186,-11886

6186,-13812

6186,-13536

6186,-15334

6186,-13206

6186,-12218

6186,-13836

6186,-15372

6186,-14204

6186,-14118

6186,-14624

6186,-14040

6186,-13636

6186,-11300

6186,-11494

6186,-7962

6186,-13240

6187,-10292

6187,-8686

6187,-10000

6187,-12816

6187,-11292

6187,-12018

6187,-11148

6187,-12964

6187,-10992

6187,-11000

6187,-13432

6187,-13828

6187,-13466

6187,-13976

6187,-12724

6187,-11758

6187,-13538

6187,-15054

6187,-12592

6187,-10544

6187,-9720

6187,-10520

6187,-10510

6187,-9056

6187,-9852

6187,-10190

6187,-9258

6187,-7596

6187,-8318

6187,-7458

6187,-6806

6187,-7316

6187,-7236

6187,-8744

6187,-8788

6193,-9966

6193,-9894

6193,-9374

6193,-8390

6193,-9262

6193,-8636

6193,-7364

6193,-8084

6193,-6196

6193,-6508

6193,-4758

6193,-5734

6193,-3848

6193,-7296

6193,-6456

6193,-7280

6193,-6136

6193,-6646

6193,-5554

6193,-5440

6193,-5402

6193,-4406

6193,-5600

6193,-2718

6193,-3312

6193,-5870

6193,-7230

6193,-5200

6194,-5220

6194,-5320

6194,-5434

6194,-4124

6194,-3756

6194,-954

6194,-4410

6194,-5704

6194,-4810

6194,-5224

6194,-4130

6194,-4082

6194,-4956

6194,-4818

6194,-4692

6194,-4970

6194,-4798

6194,-5976

6194,-4248

6194,-3630

6194,-4378

6194,-3788

6194,-4094

6194,-3972

6194,-3574

6194,-4240

6194,-4244

6194,-5646

6194,-5296

6194,-5712

6194,-7020

6194,-6338

6194,-6210

6194,-5002

6194,-5634

6194,-5616

6194,-8274

6194,-8434

6194,-6516

6194,-5788

6194,-6292

6194,-7508

6194,-7362

6194,-8570

6194,-7338

6194,-8266

6194,-8458

6194,-9712

6194,-10294

6194,-10476

6194,-9266

6194,-9078

6194,-8734

6194,-7910

6194,-7710

6194,-7632

6194,-7416

6194,-9846

6194,-9624

6194,-9464

6194,-12908

6194,-10272

6194,-13134

6194,-9198

6194,-11148

6195,-9494

6195,-11436

6195,-12704

6195,-10190

6195,-11146

6195,-10684

6195,-10528

6195,-10874

6195,-10684

6195,-11968

6195,-11022

6195,-12212

6195,-11158

6195,-13076

6195,-13092

6195,-13948

6195,-14582

6195,-15510

6195,-14292

6195,-13236

6195,-13548

6195,-15886

6195,-13410

6195,-13792

6195,-14894

6195,-13482

6195,-17258

6195,-15398

6195,-16466

6195,-17904

6195,-16976

6195,-17520

6195,-17900

6195,-18598

6195,-17740

6201,-18424

6201,-18098

6201,-18492

6201,-18368

6201,-15318

6201,-18302

6201,-17336

6201,-17784

6201,-18864

6201,-18064

6201,-19646

6201,-18748

6201,-17924

6201,-18982

6201,-19200

6201,-19924

6201,-20462

6201,-21394

6201,-20988

6201,-21100

6201,-22946

6201,-21570

6201,-20208

6201,-21260

6201,-20694

6201,-20150

6201,-22086

6201,-21062

6202,-21130

6202,-22276

6202,-21990

6202,-22324

6202,-21888

6202,-23176

6202,-21370

6202,-21244

6202,-22622

6202,-22990

6202,-20348

6202,-20912

6202,-21454

6202,-22252

6202,-22578

6202,-21426

6202,-22210

6202,-20646

6202,-20398

6202,-19878

6202,-20990

6202,-19232

6202,-19516

6202,-19226

6202,-18178

6202,-17194

6202,-16530

6202,-18750

6202,-17844

6202,-16820

6202,-17520

6202,-18010

6202,-19214

6202,-18698

6202,-18930

6202,-18134

6202,-18444

6202,-19030

6202,-20164

6202,-19354

6202,-22230

6202,-21082

6202,-18032

6202,-19536

6202,-19696

6202,-20206

6202,-19984

6202,-19722

6202,-19404

6202,-20818

6202,-22458

6202,-21686

6202,-21600

6202,-24606

6202,-23288

6202,-25914

6202,-24702

6202,-25436

6202,-26602

6202,-28330

6202,-28238

6202,-28946

6202,-30444

6202,-30770

6202,-30244

6203,-31548

6203,-33098

6203,-33824

6203,-33854

6203,-31904

6203,-35982

6203,-37958

6203,-36432

6203,-36978

6203,-38146

6203,-37814

6203,-37882

6203,-40462

6203,-41122

6203,-41570

6203,-41624

6203,-42656

6203,-40304

6203,-40418

6203,-40150

6203,-39156

6203,-39848

6203,-37246

6203,-37808

6203,-37238

6203,-37062

6203,-35750

6203,-35296

6203,-34036

6203,-30850

6203,-30928

6203,-32328

6203,-30478

6203,-26966

6203,-27380

6209,-26716

6209,-26756

6209,-26628

6209,-22972

6209,-24564

6209,-22680

6209,-20662

6209,-19650

6209,-17642

6209,-15730

6209,-12440

6209,-12882

6209,-12348

6209,-8450

6209,-8814

6209,-6586

6209,-5800

6209,-4490

6209,-3434

6209,-216

6209,2432

6209,1330

6209,2704

6209,3842

6209,6314

6209,8624

6209,11116

6209,9948

6210,12464

6210,12974

6210,12904

6210,14734

6210,15408

6210,15038

6210,16980

6210,19452

6210,17798

6210,20294

6210,19116

6210,22702

6210,21470

6210,23280

6210,24896

6210,24106

6210,25520

6210,24982

6210,28436

6210,28032

6210,27416

6210,26382

6210,26508

6210,27998

6210,25718

6210,25966

6210,26954

6210,28000

6210,27240

6210,26622

6210,29000

6210,27198

6210,28866

6210,27010

6210,27048

6210,28278

6210,27026

6210,27214

6210,26932

6210,26014

6210,27582

6210,27696

6210,28188

6210,27962

6210,27804

6210,29114

6210,28018

6210,28970

6210,30550

6210,29586

6210,27014

6210,26248

6210,26590

6210,25094

6210,26938

6210,24248

6210,22406

6210,25320

6210,24392

6210,21514

6210,21206

6210,21150

6210,19574

6210,19210

6210,17144

6211,19452

6211,16342

6211,12722

6211,12056

6211,11282

6211,10744

6211,9440

6211,9400

6211,8058

6211,7836

6211,7510

6211,5964

6211,4840

6211,3398

6211,2488

6211,402

6211,-760

6211,-1264

6211,-1394

6211,-3570

6211,-8322

6211,-6682

6211,-9676

6211,-9894

6211,-10556

6211,-13646

6211,-16482

6211,-18842

6211,-23040

6211,-23950

6211,-28690

6211,-33506

6211,-37660

6211,-42798

6211,-47682

6217,-52962

6217,-57996

6217,-62258

6217,-66686

6217,-73306

6217,-76578

6217,-80926

6217,-82642

6217,-85280

6217,-86242

6217,-88896

6217,-91562

6217,-92502

6217,-94082

6217,-94700

6217,-93824

6217,-94184

6217,-95192

6217,-95658

6217,-97076

6217,-95602

6217,-97434

6217,-97326

6217,-97072

6217,-96064

6217,-94960

6217,-93198

6217,-94578

6218,-93342

6218,-92246

6218,-90392

6218,-87832

6218,-87648

6218,-86274

6218,-85714

6218,-82856

6218,-82842

6218,-80020

6218,-78586

6218,-74630

6218,-72970

6218,-72458

6218,-68846

6218,-63944

6218,-60450

6218,-57432

6218,-53136

6218,-49026

6218,-41904

6218,-37484

6218,-33974

6218,-27252

6218,-21946

6218,-15914

6218,-11174

6218,-4502

6218,1788

6218,2962

6218,7876

6218,13028

6218,16780

6218,20014

6218,25350

6218,28600

6218,33840

6218,36786

6218,40478

6218,44212

6218,47378

6218,49502

6218,50522

6218,52162

6218,54830

6218,53364

6218,55766

6218,54624

6218,53960

6218,52828

6218,52774

6218,52072

6218,51738

6218,51608

6218,51456

6218,49274

6218,47292

6218,46878

6218,44932

6218,43910

6218,43842

6218,45380

6218,44466

6218,42956

6218,41304

6219,39124

6219,39128

6219,39036

6219,37878

6219,37230

6219,36928

6219,38102

6219,36240

6219,38940

6219,38514

6219,37684

6219,36904

6219,39502

6219,40876

6219,40428

6219,40518

6219,41948

6219,40166

6219,41804

6219,44682

6219,44090

6219,45346

6219,43534

6219,45314

6219,45720

6219,44706

6219,44330

6219,44298

6219,42172

6219,41698

6219,42928

6219,43684

6219,41438

6219,41810

6219,38966

6225,35752

6225,34084

6225,30594

6225,30450

6225,28220

6225,25152

6225,22478

6225,19290

6225,16926

6225,14404

6225,11666

6225,8456

6225,5498

6225,4356

6225,1442

6225,1134

6225,-2976

6225,-2080

6225,-2692

6225,-6864

6225,-7868

6225,-7094

6225,-9198

6225,-10344

6225,-13418

6225,-15740

6225,-14902

6225,-17720

6226,-21422

6226,-22820

6226,-25828

6226,-28214

6226,-27596

6226,-28770

6226,-31476

6226,-33814

6226,-32944

6226,-33480

6226,-34886

6226,-34756

6226,-36326

6226,-37946

6226,-37644

6226,-39988

6226,-40232

6226,-40004

6226,-38266

6226,-40002

6226,-40190

6226,-39340

6226,-38534

6226,-39780

6226,-40298

6226,-39526

6226,-40020

6226,-37246

6226,-37038

6226,-35674

6226,-34770

6226,-32620

6226,-32694

6226,-30404

6226,-29100

6226,-31766

6226,-28006

6226,-29694

6226,-34634

6226,-39282

6226,-33624

6226,-6554

6226,10216

6226,14012

6226,14702

6226,20452

6226,29780

6226,26188

6226,1178

6226,-27856

6226,-52626

6226,-52388

6226,-43718

6226,-44364

6226,-48376

6226,-65680

6226,-98524

6226,-130172

6226,-144492

6226,-148696

6226,-150134

6226,-153648

6226,-168766

6226,-190916

6226,-213166

6227,-215500

6227,-204936

6227,-197034

6227,-206652

6227,-227042

6227,-239142

6227,-244950

6227,-246938

6227,-230134

6227,-219774

6227,-218598

6227,-216020

6227,-211880

6227,-194996

6227,-178760

6227,-150348

6227,-134558

6227,-132156

6227,-132836

6227,-126012

6227,-104352

6227,-80770

6227,-69348

6227,-73640

6227,-67700

6227,-64678

6227,-64322

6227,-78830

6227,-94748

6227,-98474

6227,-105330

6227,-120892

6227,-132644

6227,-123036

6227,-116736

6233,-114294

6233,-125372

6233,-133730

6233,-144778

6233,-153904

6233,-177016

6233,-183006

6233,-180860

6233,-179102

6233,-185108

6233,-195524

6233,-193292

6233,-205780

6233,-215246

6233,-216108

6233,-215634

6233,-219314

6233,-222280

6233,-230046

6233,-243690

6233,-246460

6233,-217154

6233,-192634

6233,-166016

6233,-147610

6233,-121778

6233,-109632

6233,-107126

6234,-98674

6234,-104172

6234,-123394

6234,-111198

6234,-91398

6234,-78076

6234,-57652

6234,-32004

6234,-5778

6234,14202

6234,36034

6234,50674

6234,54300

6234,55628

6234,67396

6234,82124

6234,94702

6234,100068

6234,103934

6234,107166

6234,124706

6234,141744

6234,154168

6234,166776

6234,168892

6234,178606

6234,188830

6234,199780

6234,206794

6234,209422

6234,199724

6234,185448

6234,178652

6234,174272

6234,176446

6234,177128

6234,174848

6234,175454

6234,180612

6234,196538

6234,213790

6234,233992

6234,260324

6234,276744

6234,290050

6234,300040

6234,307240

6234,311356

6234,325870

6234,329590

6234,325134

6234,311272

6234,300282

6234,295338

6234,290512

6234,289106

6234,291850

6234,291774

6234,284646

6234,282642

6234,277444

6234,274134

6234,274822

6234,276400

6234,279896

6235,288330

6235,293460

6235,299132

6235,299802

6235,299806

6235,303704

6235,295246

6235,284284

6235,272540

6235,262372

6235,243158

6235,233904

6235,219706

6235,209138

6235,207544

6235,200642

6235,192812

6235,196046

6235,194114

6235,194090

6235,194480

6235,197278

6235,200150

6235,200144

6235,202242

6235,200670

6235,194062

6235,185300

6235,177130

6235,166938

6235,152058

6235,141774

6235,132510

6235,131756

6235,124024

6241,118470

6241,111294

6241,105374

6241,94528

6241,80610

6241,63430

6241,49224

6241,41344

6241,28710

6241,14516

6241,5646

6241,-1058

6241,-9252

6241,-14702

6241,-28574

6241,-36900

6241,-45320

6241,-44866

6241,-55492

6241,-65612

6241,-75362

6241,-89522

6241,-96818

6241,-105812

6241,-102284

6241,-111798

6241,-111770

6241,-101470

6242,-88934

6242,-79236

6242,-78156

6242,-89322

6242,-101718

6242,-110996

6242,-105380

6242,-95942

6242,-87548

6242,-99590

6242,-106046

6242,-114030

6242,-124252

6242,-131498

6242,-135212

6242,-116430

6242,-92152

6242,-75278

6242,-69394

6242,-73506

6242,-91114

6242,-97786

6242,-104178

6242,-108692

6242,-104424

6242,-96612

6242,-84330

6242,-77984

6242,-74406

6242,-71644

6242,-69832

6242,-69740

6242,-62270

6242,-46882

6242,-43640

6242,-51782

6242,-67294

6242,-75542

6242,-70582

6242,-58778

6242,-49200

6242,-42278

6242,-49934

6242,-62356

6242,-85584

6242,-104298

6242,-87982

6242,-83688

6242,-79070

6242,-51108

6242,-43766

6242,-66934

6242,-89512

6242,-117118

6242,-125706

6242,-140688

6242,-140362

6242,-122650

6242,-99974

6242,-107556

6242,-108388

6242,-119086

6242,-161896

6242,-108854

6242,-72300

6243,-116860

6243,-120632

6243,24916

6243,210602

6243,328462

6243,287048

6243,159158

6243,87534

6243,14592

6243,-141272

6243,-337042

6243,-446340

6243,-474862

6243,-413282

6243,-329292

6243,-63110

6243,-7092

6243,-190306

6243,-244314

6243,-319600

6243,-325390

6243,-206276

6243,-10294

6243,122366

6243,27818

6243,-220432

6243,-378624

6243,-444612

6243,-485934

6243,-405082

6243,-343460

6243,-248080

6243,-141616

6243,-187792

6243,-212538

6249,-200866

6249,-125318

6249,-47810

6249,-39834

6249,-62698

6249,-125412

6249,-252002

6249,-424194

6249,-627646

6249,-728472

6249,-836724

6249,-997572

6249,-1054868

6249,-934992

6249,-781984

6249,-616312

6249,-440588

6249,-219510

6249,-104254

6249,-53684

6249,135194

6249,221498

6249,238354

6249,159400

6249,85774

6249,144514

6249,203826

6249,220518

6250,365722

6250,530826

6250,613200

6250,692774

6250,731340

6250,637676

6250,472010

6250,324050

6250,258976

6250,173486

6250,123836

6250,126822

6250,267528

6250,329294

6250,373908

6250,487284

6250,598168

6250,777470

6250,934384

6250,977608

6250,931484

6250,856014

6250,694194

6250,505034

6250,375052

6250,263882

6250,161642

6250,93694

6250,193848

6250,320066

6250,379792

6250,420094

6250,427954

6250,362852

6250,286224

6250,330168

6250,328144

6250,281346

6250,220318

6250,107698

6250,-7578

6250,-101434

6250,-139052

6250,-193984

6250,-245272

6250,-286284

6250,-322268

6250,-321484

6250,-300270

6250,-237518

6250,-209490

6250,-138480

6250,-96298

6250,-87788

6250,-31342

6250,60436

6250,164674

6250,239862

6250,267564

6250,326168

6250,332972

6250,303650

6250,285018

6250,243078

6250,200172

6251,149210

6251,97844

6251,49080

6251,18822

6251,-32410

6251,-40774

6251,-42924

6251,-48240

6251,-42218

6251,-62746

6251,-21868

6251,28074

6251,54270

6251,71932

6251,99390

6251,114630

6251,111968

6251,104230

6251,63314

6251,21700

6251,-32432

6251,-106442

6251,-141126

6251,-73012

6251,-68878

6251,-105174

6251,-95214

6251,-95928

6251,-102416

6251,-155976

6251,-173330

6251,-198780

6251,-192400

6251,-132182

6251,-103548

6257,-116644

6257,-112850

6257,-62386

6257,-45250

6257,15276

6257,72372

6257,81272

6257,45472

6257,18696

6257,-35176

6257,-106392

6257,-153602

6257,-188352

6257,-193252

6257,-213154

6257,-241752

6257,-285876

6257,-349956

6257,-441074

6257,-503460

6257,-518240

6257,-514002

6257,-488860

6257,-442634

6257,-388358

6257,-341838

6257,-314690

6257,-258488

6258,-157766

6258,-147406

6258,-16126

6258,233452

6258,298404

6258,333046

6258,327358

6258,297460

6258,331296

6258,371338

6258,333540

6258,372136

6258,383708

6258,411290

6258,346392

6258,226604

6258,154656

6258,90598

6258,88196

6258,78250

6258,58872

6258,127764

6258,238944

6258,293104

6258,270286

6258,271474

6258,256844

6258,212336

6258,260436

6258,324330

6258,331376

6258,356452

6258,393406

6258,424998

6258,479762

6258,547610

6258,600316

6258,561218

6258,562496

6258,562162

6258,503862

6258,438850

6258,386482

6258,391548

6258,360050

6258,262426

6258,170192

6258,89182

6258,53008

6258,4678

6258,-48124

6258,-34496

6258,-14980

6258,-30840

6258,-52332

6258,-56018

6258,-66514

6258,-74134

6258,-95456

6258,-89444

6258,-61158

6258,-4282

6258,49400

6258,82800

6258,111104

6259,143406

6259,128978

6259,97464

6259,77260

6259,78788

6259,81688

6259,47942

6259,5284

6259,-33176

6259,-78844

6259,-144900

6259,-190780

6259,-222280

6259,-216778

6259,-191072

6259,-139124

6259,-100784

6259,-76510

6259,-67632

6259,-66404

6259,-68458

6259,-93750

6259,-93074

6259,-108612

6259,-114550

6259,-148296

6259,-161564

6259,-161558

6259,-138796

6259,-128056

6259,-154624

6259,-152002

6259,-149028

6259,-161738

6259,-175182

6265,-228814

6265,-272522

6265,-256880

6265,-162582

6265,-84578

6265,-47968

6265,21988

6265,93778

6265,124218

6265,89536

6265,20658

6265,-81474

6265,-198684

6265,-244372

6265,-264186

6265,-285102

6265,-276570

6265,-339804

6265,-386504

6265,-450254

6265,-474452

6265,-471784

6265,-469210

6265,-426368

6265,-435454

6265,-469816

6265,-542150

6265,-617736

6266,-644218

6266,-642936

6266,-614684

6266,-571118

6266,-478074

6266,-366394

6266,-265888

6266,-142612

6266,-43728

6266,37642

6266,50966

6266,52802

6266,19728

6266,-24058

6266,-51232

6266,-94388

6266,-118102

6266,-149842

6266,-144124

6266,-107376

6266,-111946

6266,-103182

6266,-91446

6266,-113252

6266,-124438

6266,-118318

6266,-123376

6266,-177752

6266,-270246

6266,-359380

6266,-433424

6266,-504704

6266,-526858

6266,-474168

6266,-390150

6266,-262734

6266,-163912

6266,-51232

6266,39272

6266,92428

6266,145474

6266,154896

6266,139988

6266,103636

6266,44522

6266,7622

6266,-10542

6266,-46874

6266,-81010

6266,-111234

6266,-137044

6266,-192542

6266,-217706

6266,-202612

6266,-165456

6266,-125894

6266,-95406

6266,-83072

6266,-67804

6266,-31402

6266,-41210

6266,-23794

6266,19388

6266,40490

6266,48774

6267,77058

6267,130972

6267,179300

6267,199620

6267,202728

6267,240498

6267,292992

6267,302670

6267,234964

6267,183150

6267,125148

6267,96732

6267,116048

6267,105572

6267,65648

6267,76426

6267,116520

6267,189912

6267,279888

6267,348192

6267,381972

6267,366200

6267,338806

6267,266182

6267,188274

6267,104166

6267,49390

6267,17186

6267,15942

6267,52994

6267,100290

6267,108420

6267,111314

6267,123558

6267,150132

6273,184288

6273,259574

6273,318196

6273,329602

6273,321810

6273,312944

6273,292234

6273,253788

6273,220350

6273,177090

6273,145290

6273,149870

6273,181328

6273,208404

6273,239348

6273,272052

6273,295416

6273,308056

6273,313474

6273,292668

6273,272832

6273,236346

6273,221688

6273,195912

6273,145410

6273,136736

6273,123022

6273,98930

6274,63126

6274,19430

6274,-28798

6274,-80860

6274,-114734

6274,-165706

6274,-205502

6274,-232958

6274,-244354

6274,-260134

6274,-244486

6274,-244606

6274,-233522

6274,-205922

6274,-162958

6274,-102268

6274,-54310

6274,-19892

6274,10848

6274,31018

6274,38944

6274,39016

6274,10664

6274,-25020

6274,-59564

6274,-68700

6274,-67490

6274,-59044

6274,-41938

6274,-56624

6274,-75160

6274,-104648

6274,-130618

6274,-138650

6274,-145164

6274,-160398

6274,-190930

6274,-202724

6274,-216786

6274,-248052

6274,-268674

6274,-270692

6274,-283282

6274,-311036

6274,-339752

6274,-361482

6274,-384308

6274,-405036

6274,-391872

6274,-367238

6274,-342400

6274,-320928

6274,-305800

6274,-268196

6274,-247586

6274,-220332

6274,-173162

6274,-132284

6274,-97322

6274,-70012

6274,-48850

6274,-47842

6274,-59482

6274,-91714

6274,-133084

6275,-170704

6275,-201924

6275,-225882

6275,-233764

6275,-231496

6275,-248218

6275,-279738

6275,-302370

6275,-283254

6275,-240336

6275,-202334

6275,-181640

6275,-162004

6275,-162746

6275,-190474

6275,-210684

6275,-199024

6275,-160338

6275,-111962

6275,-50186

6275,3806

6275,42220

6275,44990

6275,22936

6275,664

6275,-23998

6275,-54776

6275,-100004

6275,-116868

6275,-105200

6275,-98244

6275,-82582

6275,-59346

6275,-42876

6275,-12514

6281,4014

6281,5846

6281,14440

6281,38382

6281,55124

6281,70780

6281,89250

6281,97414

6281,103808

6281,84758

6281,83076

6281,91280

6281,97944

6281,120332

6281,147856

6281,183688

6281,215470

6281,239502

6281,247164

6281,231186

6281,223248

6281,206184

6281,165690

6281,125828

6281,88058

6281,66824

6281,83974

6281,93524

6282,134992

6282,205726

6282,249704

6282,269678

6282,302676

6282,341810

6282,362034

6282,359436

6282,371604

6282,377944

6282,368716

6282,362070

6282,350282

6282,336294

6282,320132

6282,283902

6282,262478

6282,248634

6282,255238

6282,247844

6282,241184

6282,251636

6282,252624

6282,249818

6282,258068

6282,264392

6282,292776

6282,317316

6282,331220

6282,347262

6282,350352

6282,351584

6282,365192

6282,379500

6282,393626

6282,396922

6282,400538

6282,411960

6282,407608

6282,389450

6282,349986

6282,322772

6282,302454

6282,289526

6282,278424

6282,256982

6282,232432

6282,210848

6282,204678

6282,207308

6282,214222

6282,211218

6282,214324

6282,219160

6282,196342

6282,186074

6282,189586

6282,175654

6282,169768

6282,163874

6282,164146

6282,156780

6282,143296

6282,124340

6282,97190

6283,70392

6283,48002

6283,45110

6283,41496

6283,45082

6283,36930

6283,35124

6283,41062

6283,43106

6283,38388

6283,29474

6283,17568

6283,-7318

6283,-31958

6283,-60238

6283,-94016

6283,-130134

6283,-157206

6283,-184334

6283,-197792

6283,-222164

6283,-235412

6283,-254446

6283,-274276

6283,-298070

6283,-310984

6283,-322042

6283,-345942

6283,-357748

6283,-363114

6283,-379428

6283,-386142

6283,-383164

6283,-363160

6283,-367850

6289,-382382

6289,-387162

6289,-403978

6289,-419768

6289,-437800

6289,-447442

6289,-447430

6289,-451046

6289,-435036

6289,-416524

6289,-406092

6289,-392548

6289,-359202

6289,-337238

6289,-330692

6289,-324650

6289,-329000

6289,-331634

6289,-314502

6289,-276626

6289,-241376

6289,-210134

6289,-175344

6289,-156590

6289,-149238

6289,-149650

6289,-142628

6289,-133846

6290,-155482

6290,-167644

6290,-156854

6290,-142418

6290,-127086

6290,-133062

6290,-139304

6290,-137962

6290,-124744

6290,-108818

6290,-88310

6290,-68144

6290,-72242

6290,-90968

6290,-99356

6290,-114752

6290,-129664

6290,-135356

6290,-151596

6290,-154576

6290,-143946

6290,-127420

6290,-104372

6290,-69656

6290,-52248

6290,-41896

6290,-32426

6290,-12080

6290,5920

6290,21736

6290,26780

6290,23052

6290,45724

6290,62738

6290,69940

6290,81990

6290,102798

6290,128108

6290,147200

6290,161814

6290,149428

6290,130882

6290,113670

6290,90928

6290,76808

6290,75232

6290,76240

6290,79590

6290,78038

6290,84410

6290,93166

6290,89340

6290,87210

6290,95842

6290,94900

6290,75532

6290,71836

6290,70316

6290,46524

6290,8462

6290,-7110

6290,-18440

6290,-35788

6290,-41406

6290,-27198

6291,-23154

6291,806

6291,36380

6291,65064

6291,72304

6291,53642

6291,29022

6291,-12194

6291,-66170

6291,-114092

6291,-134944

6291,-125794

6291,-92934

6291,-85008

6291,-74574

6291,-38090

6291,-40278

6291,-54452

6291,-88600

6291,-112684

6291,-113390

6291,-86306

6291,-79228

6291,-73068

6291,-73704

6291,-99012

6291,-154850

6291,-168246

6291,-166674

6291,-167626

6291,-185866

6291,-213338

6291,-223960

6291,-259282

6291,-271942

6297,-270144

6297,-256608

6297,-251680

6297,-257028

6297,-250676

6297,-258108

6297,-297392

6297,-331754

6297,-373658

6297,-411348

6297,-448994

6297,-456080

6297,-462064

6297,-427982

6297,-383312

6297,-321100

6297,-273686

6297,-229990

6297,-182370

6297,-155538

6297,-134864

6297,-121004

6297,-105738

6297,-76470

6297,-25488

6297,15322

6297,63910

6297,96460

6298,112602

6298,125712

6298,132634

6298,147772

6298,145112

6298,136318

6298,113760

6298,79440

6298,36684

6298,-8432

6298,-25656

6298,-31614

6298,-34104

6298,-17272

6298,2122

6298,35114

6298,74068

6298,102868

6298,113714

6298,122444

6298,114002

6298,90006

6298,50886

6298,6886

6298,-23400

6298,-30608

6298,-4532

6298,39928

6298,103542

6298,163398

6298,211150

6298,243868

6298,256212

6298,263498

6298,255064

6298,256752

6298,254472

6298,249290

6298,242650

6298,211398

6298,166910

6298,133818

6298,101734

6298,77670

6298,68688

6298,66092

6298,50362

6298,44030

6298,59474

6298,75030

6298,83824

6298,109090

6298,150334

6298,188498

6298,234142

6298,257260

6298,274560

6298,272558

6298,272030

6298,278528

6298,279592

6298,292978

6298,300854

6298,289738

6298,269618

6299,248394

6299,228664

6299,203264

6299,183562

6299,166880

6299,150968

6299,130708

6299,118130

6299,120556

6299,121676

6299,124482

6299,149894

6299,183040

6299,210594

6299,217180

6299,215486

6299,208080

6299,199128

6299,176970

6299,155580

6299,138228

6299,125284

6299,121324

6299,131808

6299,138352

6299,141516

6299,148142

6299,143082

6299,131672

6299,117986

6299,101848

6299,93590

6299,90716

6299,81916

6299,80368

6305,85038

6305,85388

6305,99052

6305,123074

6305,144196

6305,169452

6305,200112

6305,207766

6305,203198

6305,202964

6305,196822

6305,194260

6305,193590

6305,192954

6305,193556

6305,170352

6305,134912

6305,84160

6305,25126

6305,-34574

6305,-92818

6305,-135104

6305,-146556

6305,-152884

6305,-142030

6305,-131398

6305,-111060

6305,-94260

6306,-70746

6306,-40102

6306,3750

6306,46856

6306,80340

6306,100902

6306,102032

6306,99130

6306,83082

6306,68538

6306,62098

6306,61184

6306,49852

6306,26606

6306,3692

6306,-19190

6306,-40520

6306,-42824

6306,-48638

6306,-51030

6306,-46786

6306,-32524

6306,-14930

6306,-15478

6306,-16698

6306,-3466

6306,20730

6306,50114

6306,77700

6306,110302

6306,137752

6306,143828

6306,160856

6306,177464

6306,175302

6306,169464

6306,167190

6306,152676

6306,132674

6306,104244

6306,89450

6306,73810

6306,69074

6306,78806

6306,81992

6306,76072

6306,75926

6306,83992

6306,82852

6306,62074

6306,44130

6306,34856

6306,23520

6306,13616

6306,4010

6306,-2914

6306,-8476

6306,3200

6306,19102

6306,35452

6306,47276

6306,53512

6306,47804

6306,33412

6306,26040

6307,28754

6307,21602

6307,10286

6307,4922

6307,15496

6307,7864

6307,3722

6307,-6340

6307,-11550

6307,-9520

6307,136

6307,15486

6307,18690

6307,28456

6307,26014

6307,19772

6307,-2958

6307,-24806

6307,-42518

6307,-48480

6307,-59250

6307,-50402

6307,-42270

6307,-13600

6307,2432

6307,6106

6307,27524

6307,43734

6307,60808

6307,64694

6307,72938

6307,66458

6307,41328

6307,35070

6307,28576

6313,19292

6313,11798

6313,14076

6313,1414

6313,-102

6313,-7122

6313,-19176

6313,-28830

6313,-27724

6313,-22742

6313,-18332

6313,-22768

6313,-14296

6313,924

6313,11756

6313,23422

6313,38920

6313,57714

6313,74148

6313,81054

6313,94944

6313,108032

6313,132284

6313,158436

6313,182606

6313,201546

6313,211204

6313,187700

6314,158124

6314,124648

6314,102846

6314,71472

6314,47454

6314,39730

6314,31162

6314,25904

6314,28954

6314,48324

6314,59336

6314,65410

6314,68808

6314,62234

6314,49538

6314,18092

6314,-23448

6314,-63880

6314,-98650

6314,-124598

6314,-133030

6314,-144320

6314,-146564

6314,-144778

6314,-140220

6314,-132100

6314,-137896

6314,-140042

6314,-138720

6314,-139990

6314,-126632

6314,-118632

6314,-122440

6314,-121470

6314,-130458

6314,-130228

6314,-118466

6314,-115514

6314,-112696

6314,-110298

6314,-114740

6314,-127006

6314,-143548

6314,-170798

6314,-197978

6314,-214036

6314,-220870

6314,-228564

6314,-230548

6314,-234306

6314,-227848

6314,-221794

6314,-213398

6314,-200810

6314,-200064

6314,-211788

6314,-218362

6314,-226898

6314,-240976

6314,-243956

6314,-242230

6314,-243004

6314,-261524

6314,-273246

6314,-276018

6315,-282658

6315,-292872

6315,-294170

6315,-296292

6315,-301804

6315,-306028

6315,-303218

6315,-296994

6315,-296308

6315,-280316

6315,-261920

6315,-248204

6315,-225612

6315,-206200

6315,-197004

6315,-188284

6315,-183970

6315,-174276

6315,-173358

6315,-179404

6315,-187492

6315,-197708

6315,-212916

6315,-214134

6315,-210486

6315,-211432

6315,-202372

6315,-186002

6315,-177038

6315,-167436

6315,-161478

6315,-163872

6315,-168724

6315,-170130

6315,-155134

6321,-135866

6321,-123344

6321,-102454

6321,-89716

6321,-92478

6321,-91398

6321,-91818

6321,-91496

6321,-94812

6321,-82516

6321,-62792

6321,-44230

6321,-35956

6321,-30194

6321,-14870

6321,-15192

6321,-7998

6321,-4336

6321,12694

6321,21110

6321,21030

6321,20542

6321,4546

6321,-12000

6321,-19558

6321,-13218

6321,-3322

6321,5630

6322,13016

6322,16534

6322,21694

6322,32828

6322,41100

6322,46142

6322,37504

6322,30888

6322,32948

6322,29988

6322,33994

6322,38388

6322,46920

6322,53680

6322,53040

6322,52160

6322,54378

6322,61862

6322,78968

6322,103340

6322,119564

6322,139024

6322,158364

6322,167328

6322,179450

6322,177492

6322,170236

6322,162474

6322,138696

6322,119590

6322,100302

6322,86662

6322,73704

6322,66920

6322,54960

6322,48436

6322,43268

6322,37270

6322,35168

6322,34308

6322,37878

6322,37922

6322,29442

6322,20096

6322,16042

6322,14394

6322,18472

6322,22028

6322,32928

6322,45588

6322,56170

6322,61538

6322,67470

6322,75518

6322,77004

6322,81660

6322,75234

6322,62648

6322,45928

6322,34354

6322,32000

6322,28584

6322,25804

6322,19252

6322,24120

6323,32308

6323,37090

6323,49212

6323,63540

6323,62824

6323,54048

6323,43906

6323,36466

6323,24364

6323,42

6323,-20466

6323,-42186

6323,-64312

6323,-81674

6323,-92400

6323,-98614

6323,-94784

6323,-84640

6323,-83206

6323,-80550

6323,-89628

6323,-102582

6323,-116512

6323,-133322

6323,-152012

6323,-170890

6323,-186536

6323,-195878

6323,-208970

6323,-215626

6323,-227614

6323,-221104

6323,-213722

6323,-199764

6323,-188302

6329,-173508

6329,-163542

6329,-163776

6329,-165740

6329,-159774

6329,-152416

6329,-147936

6329,-143970

6329,-135312

6329,-122162

6329,-116900

6329,-124256

6329,-130246

6329,-125980

6329,-129688

6329,-125070

6329,-122196

6329,-119292

6329,-117802

6329,-124514

6329,-140154

6329,-162130

6329,-172818

6329,-164960

6329,-150234

6329,-137620

6329,-121746

6329,-102312

6330,-69610

6330,-46336

6330,-32234

6330,-17494

6330,-11500

6330,-15560

6330,-18554

6330,-23414

6330,-28418

6330,-32332

6330,-33706

6330,-27036

6330,-21354

6330,-2864

6330,12760

6330,24738

6330,34056

6330,44866

6330,46186

6330,58454

6330,76908

6330,89944

6330,98238

6330,96262

6330,106898

6330,111882

6330,120540

6330,127566

6330,138284

6330,150090

6330,158410

6330,169628

6330,179066

6330,178480

6330,184114

6330,189038

6330,186190

6330,185074

6330,186776

6330,190288

6330,191740

6330,203106

6330,215198

6330,219060

6330,233284

6330,251702

6330,253800

6330,259100

6330,261630

6330,263368

6330,257252

6330,253518

6330,254158

6330,252236

6330,242652

6330,219094

6330,198872

6330,180544

6330,161594

6330,148140

6330,139332

6330,130714

6330,120896

6330,110078

6330,97038

6331,92768

6331,99360

6331,109232

6331,114418

6331,120994

6331,135818

6331,141662

6331,140594

6331,147712

6331,146622

6331,144682

6331,133172

6331,116732

6331,110688

6331,99348

6331,85702

6331,82266

6331,64548

6331,40972

6331,35580

6331,17508

6331,4362

6331,-1436

6331,-13072

6331,-24384

6331,-29582

6331,-23420

6331,-24206

6331,-25236

6331,-20526

6331,-19174

6331,-22694

6331,-28400

6331,-41096

6331,-45616

6337,-55786

6337,-69930

6337,-65962

6337,-66540

6337,-71952

6337,-70232

6337,-64830

6337,-73706

6337,-85458

6337,-88392

6337,-80992

6337,-92612

6337,-79018

6337,-63830

6337,-69276

6337,-72752

6337,-58482

6337,-43348

6337,-42424

6337,-29366

6337,-22086

6337,-22454

6337,-20576

6337,468

6337,4728

6337,5258

6337,12322

6337,28914

6338,18118

6338,3174

6338,4756

6338,-980

6338,-28776

6338,-42330

6338,-60902

6338,-64588

6338,-66748

6338,-78830

6338,-77514

6338,-77286

6338,-87904

6338,-91924

6338,-89816

6338,-84352

6338,-99102

6338,-85818

6338,-70136

6338,-53030

6338,-33282

6338,-13460

6338,1256

6338,360

6338,14328

6338,19456

6338,20892

6338,29682

6338,23528

6338,23670

6338,29272

6338,46956

6338,47436

6338,44346

6338,50848

6338,59420

6338,57756

6338,47464

6338,45688

6338,44788

6338,43290

6338,54628

6338,54410

6338,58280

6338,60780

6338,71474

6338,86664

6338,90218

6338,90734

6338,81164

6338,45840

6338,40586

6338,50392

6338,38560

6338,26504

6338,6278

6338,-4998

6338,-29636

6338,-34402

6338,-19832

6338,-27334

6338,-53852

6338,-63548

6338,-58890

6338,-59370

6339,-55390

6339,-48374

6339,-17776

6339,7262

6339,31676

6339,63298

6339,83488

6339,99396

6339,112456

6339,131692

6339,161066

6339,177376

6339,192434

6339,201648

6339,212316

6339,215590

6339,213716

6339,205340

6339,197946

6339,190436

6339,183062

6339,182110

6339,178828

6339,161020

6339,151388

6339,140362

6339,122352

6339,108648

6339,95298

6339,91374

6339,81872

6339,80822

6339,87672

6339,89374

6339,82546

6345,73492

6345,73022

6345,86132

6345,106534

6345,132522

6345,150688

6345,155454

6345,159818

6345,164794

6345,167638

6345,181168

6345,189998

6345,191670

6345,202790

6345,212130

6345,206908

6345,199662

6345,195802

6345,193986

6345,192402

6345,191160

6345,187606

6345,184930

6345,173780

6345,162070

6345,144492

6345,133646

6345,120946

6346,100208

6346,80262

6346,62974

6346,40764

6346,28994

6346,15462

6346,15948

6346,11232

6346,862

6346,-8676

6346,-10254

6346,-12796

6346,-9084

6346,-14200

6346,-3128

6346,-2802

6346,-8506

6346,-7876

6346,-4220

6346,-1376

6346,0

6346,1730

6346,-158

6346,-1880

6346,5070

6346,4858

6346,4336

6346,-708

6346,-4480

6346,-3284

6346,828

6346,-2308

6346,-440

6346,2028

6346,2034

6346,7772

6346,7394

6346,16836

6346,28450

6346,30998

6346,32444

6346,35232

6346,34218

6346,33312

6346,24612

6346,16630

6346,-830

6346,-8864

6346,-18590

6346,-22830

6346,-25188

6346,-24584

6346,-19758

6346,-18646

6346,-19722

6346,-25572

6346,-34712

6346,-36848

6346,-35354

6346,-40874

6346,-41862

6346,-36302

6346,-29942

6346,-23506

6346,-30594

6347,-33230

6347,-27212

6347,-24308

6347,-33306

6347,-31356

6347,-31002

6347,-32664

6347,-32406

6347,-29782

6347,-35206

6347,-43576

6347,-39786

6347,-36220

6347,-33470

6347,-36028

6347,-36572

6347,-34656

6347,-26576

6347,-15502

6347,268

6347,17330

6347,24994

6347,22036

6347,27120

6347,30890

6347,38820

6347,56244

6347,67396

6347,69842

6347,70718

6347,73104

6347,71058

6347,66022

6347,60738

6347,58110

6353,58728

6353,61456

6353,66060

6353,75238

6353,70676

6353,64400

6353,72968

6353,72994

6353,77638

6353,81332

6353,104444

6353,119760

6353,118188

6353,121722

6353,122736

6353,118158

6353,117950

6353,112872

6353,108638

6353,104038

6353,101518

6353,103282

6353,96882

6353,100138

6353,95500

6353,100508

6353,110750

6353,117416

6354,123250

6354,129510

6354,135756

6354,130152

6354,124558

6354,123382

6354,115844

6354,111248

6354,104598

6354,99388

6354,104034

6354,110180

6354,111922

6354,107786

6354,101638

6354,97830

6354,97236

6354,93772

6354,97934

6354,104150

6354,103426

6354,96510

6354,96474

6354,95290

6354,93876

6354,91160

6354,82932

6354,78286

6354,84928

6354,95192

6354,98712

6354,102110

6354,101966

6354,87032

6354,79098

6354,72256

6354,66372

6354,64582

6354,69474

6354,74218

6354,78526

6354,88554

6354,91956

6354,89562

6354,90990

6354,87184

6354,90126

6354,83976

6354,78824

6354,71084

6354,62634

6354,56254

6354,52800

6354,52454

6354,39228

6354,28210

6354,19480

6354,13348

6354,15358

6354,16844

6354,18920

6354,23896

6354,25538

6354,18480

6354,5868

6355,-7748

6355,-21014

6355,-28958

6355,-29766

6355,-25522

6355,-26432

6355,-23934

6355,-27386

6355,-31150

6355,-27632

6355,-33902

6355,-37964

6355,-47160

6355,-50192

6355,-51734

6355,-59156

6355,-57158

6355,-66660

6355,-76046

6355,-84398

6355,-85842

6355,-74420

6355,-70902

6355,-58354

6355,-44074

6355,-29950

6355,-24798

6355,-12986

6355,458

6355,10762

6355,16266

6355,16546

6355,10698

6355,-5566

6355,-17702

6361,-19908

6361,-24366

6361,-21610

6361,-16840

6361,-16694

6361,-18680

6361,-20454

6361,-28524

6361,-33358

6361,-38380

6361,-38600

6361,-43560

6361,-40766

6361,-37304

6361,-33948

6361,-22162

6361,-13286

6361,-1384

6361,8778

6361,25086

6361,39980

6361,58946

6361,85974

6361,108044

6361,121688

6361,134292

6361,145322

6361,151268

6362,157060

6362,163606

6362,160776

6362,160718

6362,157716

6362,158038

6362,166394

6362,170234

6362,174908

6362,179972

6362,183822

6362,189696

6362,187700

6362,192106

6362,187384

6362,181716

6362,179342

6362,171550

6362,161848

6362,151674

6362,143010

6362,139792

6362,143812

6362,144526

6362,148838

6362,150880

6362,144778

6362,141670

6362,145418

6362,154998

6362,159702

6362,167126

6362,172664

6362,175772

6362,171334

6362,166714

6362,158398

6362,150108

6362,144474

6362,135086

6362,129910

6362,133540

6362,133564

6362,137064

6362,136550

6362,136754

6362,143258

6362,150080

6362,151586

6362,152814

6362,156750

6362,151432

6362,149056

6362,148804

6362,143342

6362,141932

6362,141846

6362,140352

6362,136402

6362,137684

6362,138634

6362,134168

6362,123104

6362,111512

6362,102540

6363,95578

6363,91768

6363,93824

6363,99802

6363,93840

6363,93458

6363,91050

6363,89290

6363,92564

6363,93854

6363,96408

6363,97642

6363,99274

6363,97266

6363,90318

6363,80522

6363,73424

6363,61274

6363,55010

6363,44288

6363,28604

6363,18328

6363,6734

6363,530

6363,-4652

6363,-3510

6363,-1076

6363,-798

6363,462

6363,1052

6363,-1512

6363,1146

6363,10854

6363,17190

6363,24368

6369,32266

6369,37018

6369,42230

6369,41248

6369,43176

6369,49732

6369,51492

6369,50628

6369,52404

6369,53066

6369,51868

6369,49528

6369,46968

6369,46886

6369,46652

6369,41134

6369,36896

6369,31272

6369,28530

6369,30650

6369,29500

6369,27344

6369,22950

6369,19492

6369,20354

6369,20862

6369,25660

6369,34682

6370,39318

6370,43882

6370,49086

6370,56592

6370,62156

6370,64880

6370,69648

6370,78600

6370,92020

6370,108778

6370,119216

6370,131052

6370,139084

6370,141930

6370,148030

6370,152598

6370,161618

6370,168090

6370,170644

6370,172946

6370,178168

6370,183354

6370,190956

6370,197724

6370,203506

6370,204012

6370,199650

6370,194806

6370,186348

6370,179574

6370,175650

6370,169294

6370,166726

6370,167370

6370,166136

6370,167812

6370,169578

6370,169028

6370,164566

6370,161886

6370,159028

6370,158852

6370,158144

6370,159644

6370,163818

6370,165816

6370,168766

6370,173266

6370,175654

6370,182608

6370,183252

6370,184100

6370,186300

6370,189052

6370,190648

6370,193724

6370,198924

6370,205894

6370,208316

6370,214602

6370,218242

6370,220300

6370,223330

6370,227762

6370,230096

6371,234360

6371,240044

6371,246218

6371,250458

6371,254946

6371,255082

6371,250870

6371,249680

6371,245520

6371,241484

6371,238316

6371,230106

6371,219306

6371,213792

6371,201608

6371,188866

6371,178136

6371,163864

6371,153788

6371,145166

6371,143686

6371,138562

6371,133472

6371,127626

6371,120678

6371,116182

6371,109402

6371,101958

6371,92302

6371,83432

6371,80054

6371,76436

6371,75496

6371,76538

6371,77962

6377,87310

6377,97002

6377,104474

6377,105460

6377,99488

6377,91770

6377,88796

6377,86730

6377,80556

6377,79448

6377,79128

6377,75118

6377,70702

6377,70704

6377,65748

6377,61522

6377,61684

6377,62128

6377,55446

6377,48578

6377,45390

6377,39056

6377,32676

6377,32746

6377,34180

6377,36034

6377,38878

6377,41080

6378,39618

6378,36848

6378,36460

6378,33992

6378,34282

6378,32612

6378,34394

6378,41404

6378,47236

6378,46444

6378,43488

6378,40998

6378,40456

6378,41298

6378,44530

6378,42564

6378,44944

6378,49168

6378,49782

6378,52090

6378,49220

6378,49794

6378,49730

6378,46852

6378,40684

6378,36778

6378,33200

6378,32346

6378,27600

6378,28232

6378,30702

6378,31958

6378,34932

6378,32296

6378,27542

6378,27918

6378,31526

6378,35304

6378,39992

6378,49206

6378,53058

6378,57202

6378,61258

6378,58488

6378,54608

6378,49514

6378,46880

6378,41480

6378,41512

6378,45454

6378,42596

6378,31994

6378,19968

6378,8338

6378,-1630

6378,-11784

6378,-18068

6378,-19884

6378,-13802

6378,-5260

6378,2456

6378,9534

6378,15254

6378,24326

6378,34880

6379,46140

6379,53328

6379,65184

6379,75558

6379,86752

6379,96908

6379,104982

6379,108574

6379,107788

6379,110502

6379,113446

6379,117290

6379,116340

6379,117632

6379,116106

6379,114468

6379,108710

6379,106780

6379,101830

6379,102706

6379,103902

6379,106414

6379,108056

6379,109148

6379,107088

6379,105448

6379,105468

6379,106308

6379,107866

6379,108080

6379,107224

6379,110724

6379,111488

6379,115280

6379,117322

6385,119372

6385,122334

6385,123504

6385,120286

6385,114856

6385,113812

6385,110874

6385,109790

6385,108300

6385,108020

6385,108620

6385,111290

6385,115390

6385,117602

6385,120146

6385,122434

6385,128826

6385,133222

6385,138528

6385,135952

6385,137976

6385,142450

6385,141208

6385,140704

6385,141102

6385,140240

6385,135630

6385,132226

6386,128348

6386,122486

6386,114088

6386,107876

6386,97304

6386,87986

6386,83026

6386,79726

6386,75094

6386,67886

6386,59444

6386,52004

6386,42686

6386,40272

6386,38096

6386,37140

6386,40640

6386,44090

6386,47260

6386,52776

6386,59206

6386,62754

6386,64386

6386,62472

6386,55428

6386,51120

6386,45150

6386,38328

6386,31974

6386,30316

6386,26730

6386,24108

6386,26938

6386,23606

6386,22546

6386,17852

6386,12048

6386,7070

6386,-1480

6386,-5686

6386,-5702

6386,-5674

6386,-8142

6386,-3764

6386,4098

6386,6978

6386,10588

6386,15106

6386,15838

6386,14866

6386,8014

6386,180

6386,-6322

6386,-7760

6386,-11754

6386,-16226

6386,-22414

6386,-27436

6386,-28712

6386,-28162

6386,-33170

6386,-35382

6386,-31974

6386,-30614

6386,-30450

6387,-24980

6387,-20426

6387,-14288

6387,-2864

6387,8886

6387,15954

6387,23368

6387,28734

6387,29486

6387,28324

6387,26518

6387,27074

6387,23118

6387,23934

6387,23976

6387,26030

6387,27906

6387,28212

6387,31410

6387,33762

6387,34988

6387,39906

6387,44140

6387,46656

6387,50058

6387,53486

6387,56228

6387,56124

6387,58328

6387,58390

6387,59660

6387,62582

6387,66728

6387,67384

6387,66990

6393,65344

6393,62734

6393,65052

6393,68818

6393,72756

6393,78934

6393,88012

6393,90568

6393,96616

6393,101330

6393,105268

6393,110700

6393,117088

6393,122020

6393,130808

6393,132352

6393,133438

6393,130424

6393,126326

6393,127452

6393,131446

6393,132910

6393,131646

6393,128792

6393,126062

6393,125330

6393,123080

6393,121696

6394,120032

6394,118824

6394,123454

6394,127252

6394,130570

6394,130056

6394,133002

6394,135036

6394,134358

6394,134212

6394,138964

6394,145160

6394,148988

6394,147062

6394,149398

6394,149242

6394,140066

6394,133548

6394,124308

6394,116652

6394,112610

6394,112024

6394,108044

6394,107954

6394,112324

6394,118064

6394,119562

6394,121768

6394,125164

6394,125218

6394,131830

6394,137378

6394,144054

6394,150946

6394,155816

6394,155424

6394,152416

6394,147032

6394,143424

6394,135410

6394,131282

6394,132010

6394,124688

6394,118804

6394,114274

6394,107600

6394,105430

6394,102550

6394,94984

6394,89716

6394,90000

6394,92326

6394,96944

6394,97400

6394,97762

6394,99832

6394,100484

6394,100066

6394,101660

6394,98750

6394,95596

6394,91708

6394,88428

6394,84260

6394,78592

6395,70394

6395,62938

6395,55912

6395,52236

6395,50982

6395,47168

6395,42086

6395,40208

6395,33336

6395,28834

6395,28828

6395,27226

6395,25426

6395,27322

6395,28560

6395,28544

6395,29696

6395,27584

6395,28104

6395,30498

6395,32598

6395,35236

6395,37538

6395,37614

6395,36828

6395,31244

6395,30422

6395,28372

6395,29934

6395,33044

6395,31676

6395,32960

6395,33312

6395,31616

6395,30434

6401,29492

6401,28940

6401,31086

6401,29646

6401,34856

6401,38510

6401,40718

6401,43906

6401,47524

6401,49942

6401,50406

6401,51076

6401,51560

6401,50408

6401,53584

6401,54220

6401,56834

6401,62678

6401,63686

6401,66466

6401,69968

6401,73656

6401,77966

6401,76964

6401,78234

6401,81124

6401,81650

6401,83200

6402,84682

6402,86158

6402,85094

6402,87686

6402,89578

6402,89428

6402,96270

6402,101652

6402,104476

6402,106790

6402,108682

6402,108828

6402,112402

6402,115584

6402,111342

6402,107050

6402,102454

6402,101120

6402,98954

6402,99768

6402,103536

6402,107042

6402,115264

6402,123284

6402,127870

6402,125410

6402,126638

6402,123576

6402,126268

6402,128928

6402,132726

6402,135050

6402,135932

6402,136318

6402,139272

6402,143236

6402,146974

6402,152638

6402,156672

6402,157498

6402,160508

6402,161116

6402,164332

6402,163226

6402,159756

6402,155108

6402,149158

6402,146594

6402,143230

6402,141088

6402,135584

6402,129412

6402,125248

6402,122096

6402,121362

6402,119850

6402,118856

6402,113928

6402,112096

6402,109978

6402,109608

6402,112694

6402,117722

6402,114222

6402,112260

6403,111734

6403,108620

6403,108264

6403,104490

6403,100862

6403,94326

6403,90586

6403,87836

6403,81944

6403,72804

6403,67862

6403,64152

6403,62700

6403,55656

6403,51054

6403,47872

6403,47190

6403,46798

6403,43186

6403,38216

6403,35880

6403,35658

6403,35946

6403,32486

6403,30478

6403,28518

6403,25308

6403,24560

6403,26928

6403,29010

6403,27568

6403,27522

6403,26088

6403,25552

6403,25660

6409,26862

6409,28236

6409,30838

6409,29778

6409,27420

6409,23978

6409,17408

6409,14656

6409,15358

6409,16656

6409,21332

6409,22842

6409,23728

6409,27028

6409,25582

6409,25954

6409,26378

6409,24766

6409,26304

6409,29112

6409,30454

6409,29826

6409,32346

6409,34482

6409,35320

6409,30302

6409,28194

6409,24856

6410,25420

6410,26934

6410,28808

6410,26300

6410,23216

6410,22560

6410,21172

6410,16292

6410,13028

6410,14152

6410,14780

6410,17334

6410,22174

6410,26590

6410,27676

6410,32440

6410,37104

6410,36516

6410,36174

6410,37122

6410,36044

6410,39366

6410,39136

6410,44660

6410,47142

6410,49692

6410,50966

6410,49374

6410,50298

6410,49598

6410,47698

6410,47046

6410,47496

6410,45972

6410,45004

6410,45316

6410,40676

6410,43764

6410,42886

6410,42336

6410,42248

6410,46892

6410,50090

6410,54370

6410,56498

6410,55462

6410,57362

6410,59156

6410,62106

6410,67866

6410,71934

6410,74694

6410,77122

6410,80192

6410,81396

6410,83676

6410,85260

6410,87132

6410,90290

6410,89534

6410,92454

6410,91834

6410,96022

6410,96948

6410,94266

6411,97782

6411,101408

6411,104104

6411,106216

6411,111938

6411,112734

6411,113286

6411,111452

6411,112262

6411,111490

6411,107872

6411,107684

6411,106594

6411,105242

6411,103524

6411,102342

6411,99628

6411,94250

6411,88222

6411,83096

6411,79778

6411,77486

6411,72664

6411,69310

6411,65462

6411,64308

6411,65740

6411,65488

6411,69832

6411,73812

6411,74778

6411,76828

6411,74802

6411,76438

6411,78310

6417,81684

6417,81002

6417,81320

6417,84084

6417,83542

6417,83516

6417,83658

6417,85634

6417,80944

6417,75076

6417,73530

6417,69244

6417,71770

6417,72188

6417,72936

6417,74638

6417,75730

6417,77230

6417,75096

6417,73392

6417,75318

6417,72514

6417,69026

6417,66446

6417,62210

6417,55770

6417,49286

6417,48112

6418,42552

6418,38416

6418,39032

6418,39512

6418,38400

6418,34752

6418,33024

6418,32330

6418,29870

6418,28714

6418,25378

6418,23232

6418,22624

6418,21088

6418,17810

6418,13694

6418,15146

6418,13590

6418,14218

6418,14308

6418,13646

6418,15420

6418,17716

6418,19040

6418,24320

6418,24360

6418,22134

6418,24094

6418,23748

6418,20560

6418,18996

6418,19504

6418,20644

6418,20114

6418,18740

6418,20326

6418,15404

6418,11342

6418,9432

6418,6048

6418,3048

6418,5582

6418,6888

6418,6748

6418,5154

6418,3338

6418,2230

6418,1528

6418,2584

6418,4630

6418,8526

6418,7930

6418,7272

6418,8148

6418,10818

6418,12536

6418,15590

6418,18934

6418,21260

6418,24026

6418,27346

6418,32042

6418,34426

6418,37698

6418,43944

6419,47180

6419,50716

6419,55054

6419,56024

6419,58824

6419,61080

6419,64278

6419,65000

6419,66664

6419,68138

6419,67402

6419,68542

6419,65922

6419,68508

6419,67738

6419,69604

6419,72800

6419,76442

6419,78092

6419,77482

6419,77440

6419,75572

6419,75118

6419,73678

6419,73106

6419,71066

6419,70478

6419,71276

6419,72616

6419,72632

6419,71976

6419,71262

6419,75364

6419,76716

6419,80602

6425,86726

6425,90944

6425,94204

6425,100192

6425,103490

6425,101576

6425,102938

6425,104828

6425,108160

6425,108558

6425,112158

6425,111838

6425,112702

6425,114282

6425,114624

6425,116050

6425,112976

6425,113250

6425,112912

6425,114088

6425,113590

6425,115014

6425,113798

6425,115200

6425,114548

6425,111630

6425,109314

6425,106918

6426,106232

6426,107486

6426,111872

6426,115594

6426,114166

6426,115100

6426,115788

6426,113590

6426,113010

6426,116106

6426,116392

6426,119146

6426,122008

6426,121842

6426,122006

6426,122260

6426,120646

6426,121012

6426,118714

6426,118658

6426,116530

6426,114970

6426,112192

6426,111048

6426,110532

6426,107352

6426,108438

6426,103204

6426,103848

6426,101414

6426,96838

6426,97328

6426,93832

6426,96416

6426,96270

6426,92634

6426,90572

6426,90574

6426,92106

6426,92216

6426,91160

6426,90884

6426,88572

6426,84274

6426,82346

6426,79712

6426,77966

6426,76190

6426,77156

6426,75614

6426,71818

6426,65724

6426,63426

6426,56280

6426,51316

6426,45828

6426,43190

6426,42346

6426,41480

6426,39282

6426,39738

6426,40618

6426,42732

6426,44416

6426,45346

6427,51174

6427,56274

6427,61260

6427,63880

6427,69382

6427,73276

6427,74882

6427,76776

6427,79766

6427,81958

6427,82880

6427,82726

6427,83250

6427,81874

6427,81278

6427,82358

6427,80238

6427,82172

6427,83750

6427,84516

6427,86482

6427,87862

6427,89058

6427,89534

6427,90364

6427,92360

6427,94434

6427,90100

6427,89108

6427,90540

6427,93920

6427,95822

6427,98036

6427,100322

6427,99644

6433,98482

6433,97386

6433,94758

6433,93470

6433,93254

6433,93430

6433,93312

6433,95986

6433,99318

6433,99910

6433,105474

6433,106782

6433,108138

6433,107606

6433,114058

6433,120682

6433,123450

6433,130354

6433,133736

6433,138762

6433,144482

6433,151576

6433,153008

6433,153498

6433,155852

6433,154636

6433,154496

6433,154402

6434,155582

6434,154790

6434,153588

6434,149102

6434,148494

6434,144804

6434,145906

6434,145470

6434,145302

6434,143688

6434,141186

6434,144946

6434,145116

6434,145596

6434,145140

6434,144778

6434,147254

6434,145084

6434,143526

6434,143876

6434,144812

6434,144964

6434,146238

6434,144568

6434,143308

6434,143114

6434,142348

6434,139090

6434,133306

6434,130464

6434,129524

6434,128310

6434,126636

6434,125014

6434,127862

6434,126886

6434,125486

6434,125150

6434,123000

6434,122790

6434,122076

6434,122512

6434,122888

6434,123072

6434,123120

6434,122550

6434,123110

6434,119818

6434,114516

6434,114062

6434,113208

6434,113100

6434,112950

6434,113242

6434,112592

6434,108482

6434,106628

6434,102590

6434,104130

6434,101272

6434,100226

6434,99822

6434,100390

6434,101338

6434,99648

6435,98038

6435,94538

6435,90798

6435,92054

6435,87558

6435,84964

6435,83936

6435,84018

6435,81736

6435,77286

6435,74048

6435,70362

6435,68366

6435,64800

6435,62460

6435,61602

6435,62972

6435,61520

6435,61008

6435,62812

6435,64720

6435,66114

6435,67464

6435,66908

6435,67922

6435,70374

6435,70866

6435,70704

6435,72496

6435,77268

6435,80164

6435,80504

6435,79978

6435,82494

6435,80820

6441,81760

6441,81082

6441,80854

6441,82772

6441,82644

6441,80636

6441,79050

6441,78442

6441,79256

6441,76176

6441,75400

6441,75374

6441,74972

6441,73210

6441,73348

6441,72712

6441,71874

6441,75856

6441,78214

6441,80610

6441,83912

6441,89034

6441,90998

6441,92782

6441,94832

6441,94574

6441,93820

6441,94396

6442,93198

6442,94432

6442,93758

6442,94542

6442,95250

6442,93570

6442,91068

6442,87668

6442,88946

6442,88778

6442,87706

6442,89362

6442,91820

6442,92756

6442,94606

6442,96602

6442,96354

6442,95604

6442,93426

6442,91070

6442,92770

6442,94622

6442,93140

6442,91086

6442,92974

6442,94818

6442,96834

6442,102468

6442,104860

6442,108394

6442,110384

6442,111596

6442,110812

6442,111742

6442,111082

6442,110394

6442,110464

6442,111130

6442,111206

6442,113000

6442,112004

6442,112522

6442,113162

6442,112930

6442,110818

6442,109506

6442,113060

6442,112582

6442,113240

6442,114088

6442,114540

6442,113942

6442,110758

6442,108486

6442,104644

6442,102914

6442,100714

6442,98312

6442,98194

6442,97976

6442,95938

6442,94274

6442,91096

6442,87012

6442,84132

6443,80704

6443,77288

6443,76756

6443,77822

6443,77698

6443,77078

6443,79000

6443,77438

6443,78218

6443,79672

6443,78300

6443,76742

6443,74528

6443,73866

6443,70300

6443,64454

6443,59050

6443,55546

6443,50938

6443,47350

6443,45312

6443,42960

6443,40552

6443,37488

6443,34726

6443,32442

6443,29998

6443,26314

6443,25550

6443,24764

6443,25046

6443,26656

6443,26212

6443,28096

6443,28154

6449,28102

6449,24784

6449,25956

6449,26554

6449,25438

6449,28102

6449,26538

6449,27724

6449,28338

6449,26698

6449,27000

6449,26332

6449,26906

6449,27756

6449,30018

6449,30406

6449,29562

6449,28462

6449,26978

6449,28450

6449,26954

6449,26014

6449,26740

6449,27396

6449,29606

6449,27360

6449,26896

6449,28086

6450,27604

6450,25766

6450,22572

6450,24256

6450,23882

6450,25462

6450,26726

6450,29402

6450,26516

6450,30200

6450,32716

6450,31596

6450,32610

6450,33672

6450,34330

6450,32130

6450,29300

6450,29858

6450,28970

6450,29310

6450,26940

6450,27064

6450,27640

6450,30068

6450,33076

6450,35062

6450,35976

6450,40272

6450,42840

6450,42494

6450,46516

6450,47892

6450,46022

6450,48624

6450,49010

6450,49204

6450,50892

6450,53408

6450,55416

6450,57470

6450,62126

6450,63526

6450,65506

6450,65548

6450,66062

6450,65414

6450,63776

6450,62504

6450,63038

6450,62502

6450,59352

6450,58556

6450,56160

6450,56704

6450,57796

6450,60304

6450,60944

6450,65544

6450,67260

6450,68666

6450,73310

6450,79328

6450,85042

6450,92604

6450,96940

6451,95594

6451,98926

6451,101258

6451,100030

6451,100256

6451,102170

6451,97646

6451,96698

6451,96408

6451,92910

6451,91404

6451,91754

6451,92038

6451,89788

6451,88026

6451,87332

6451,85480

6451,86202

6451,86068

6451,88322

6451,89952

6451,86848

6451,88212

6451,88250

6451,90344

6451,90414

6451,93070

6451,91782

6451,92622

6451,93092

6451,91282

6451,90552

6451,89846

6451,90152

6451,89678

6457,89268

6457,89448

6457,88534

6457,88118

6457,89948

6457,93114

6457,94684

6457,93276

6457,91764

6457,91952

6457,92526

6457,94212

6457,92828

6457,93168

6457,92642

6457,91912

6457,92556

6457,94578

6457,90928

6457,92940

6457,89318

6457,85390

6457,88494

6457,87096

6457,84284

6457,86496

6457,86510

6457,86682

6458,86360

6458,86002

6458,84958

6458,83316

6458,80874

6458,81166

6458,79298

6458,77502

6458,78124

6458,77590

6458,78790

6458,80708

6458,77850

6458,76190

6458,76810

6458,75682

6458,76936

6458,74964

6458,75348

6458,74664

6458,74344

6458,77066

6458,80196

6458,80466

6458,79064

6458,81054

6458,81392

6458,82064

6458,83070

6458,80174

6458,81428

6458,82364

6458,83134

6458,83018

6458,85630

6458,85454

6458,81400

6458,77970

6458,76506

6458,71876

6458,72046

6458,72318

6458,71920

6458,69774

6458,67286

6458,69442

6458,71766

6458,72354

6458,71792

6458,73130

6458,76100

6458,78502

6458,81504

6458,81696

6458,84424

6458,86412

6458,91192

6458,93784

6458,93084

6458,93762

6458,89606

6458,89436

6458,92176

6458,91950

6458,91350

6459,92110

6459,92780

6459,89830

6459,91558

6459,96098

6459,101054

6459,99996

6459,102004

6459,106046

6459,102334

6459,96834

6459,98002

6459,103238

6459,105876

6459,106522

6459,107068

6459,109408

6459,108426

6459,108890

6459,109620

6459,111024

6459,108240

6459,110370

6459,112300

6459,112878

6459,114474

6459,118306

6459,126482

6459,129838

6459,133034

6459,136084

6459,138330

6459,135016

6459,134552

6459,136078

6465,133906

6465,129986

6465,134128

6465,130550

6465,128020

6465,129412

6465,131610

6465,136396

6465,136498

6465,133004

6465,134132

6465,134080

6465,134116

6465,135514

6465,137282

6465,135750

6465,133560

6465,135182

6465,138120

6465,141990

6465,141702

6465,145294

6465,146712

6465,144650

6465,143880

6465,144714

6465,144286

6465,143360

6466,142922

6466,143266

6466,141542

6466,141230

6466,141180

6466,139428

6466,139972

6466,138094

6466,138372

6466,138092

6466,135808

6466,132308

6466,132046

6466,133370

6466,133376

6466,136518

6466,134898

6466,132474

6466,133172

6466,133980

6466,136126

6466,135630

6466,136470

6466,137152

6466,139394

6466,139438

6466,141138

6466,137274

6466,140500

6466,138006

6466,136054

6466,135532

6466,133610

6466,130864

6466,126890

6466,119776

6466,114348

6466,113966

6466,109512

6466,112138

6466,110102

6466,106090

6466,105028

6466,107282

6466,103306

6466,97994

6466,99216

6466,98504

6466,99546

6466,101708

6466,101162

6466,98198

6466,97552

6466,95052

6466,93992

6466,93686

6466,92954

6466,88924

6466,88202

6466,88038

6466,85330

6466,85622

6466,84482

6466,83294

6466,80034

6467,79168

6467,80974

6467,78802

6467,80868

6467,79782

6467,81164

6467,84932

6467,81530

6467,84932

6467,85972

6467,83768

6467,83196

6467,83540

6467,80276

6467,80724

6467,83382

6467,82054

6467,81230

6467,76546

6467,78778

6467,74558

6467,73042

6467,72296

6467,72942

6467,71866

6467,71612

6467,70864

6467,69326

6467,72094

6467,72294

6467,73796

6467,79556

6467,80460

6467,82284

6467,87712

6473,87706

6473,88960

6473,91748

6473,94184

6473,93282

6473,94336

6473,95866

6473,97616

6473,99250

6473,100572

6473,101448

6473,103684

6473,101500

6473,106266

6473,106594

6473,106324

6473,108004

6473,106874

6473,104408

6473,106634

6473,103198

6473,103956

6473,103678

6473,103660

6473,107138

6473,109838

6473,108370

6473,111516

6474,113326

6474,110278

6474,116786

6474,115822

6474,116404

6474,118408

6474,118392

6474,120090

6474,122204

6474,123524

6474,126088

6474,131186

6474,130290

6474,130530

6474,132492

6474,132028

6474,131572

6474,138006

6474,138570

6474,135970

6474,140916

6474,141136

6474,142794

6474,143830

6474,144356

6474,150572

6474,147670

6474,146112

6474,147348

6474,149572

6474,147850

6474,149292

6474,148634

6474,145954

6474,148232

6474,142622

6474,142034

6474,141420

6474,136632

6474,133404

6474,130226

6474,127784

6474,126226

6474,122962

6474,123056

6474,121902

6474,118708

6474,119860

6474,122178

6474,123850

6474,126506

6474,127474

6474,125510

6474,128220

6474,125030

6474,122590

6474,123320

6474,121172

6474,119264

6474,118782

6474,116846

6474,112380

6474,110410

6474,107584

6474,105272

6475,104556

6475,106750

6475,106604

6475,102112

6475,101904

6475,98194

6475,99016

6475,99956

6475,98454

6475,97764

6475,97878

6475,97488

6475,93932

6475,92256

6475,93464

6475,92512

6475,89008

6475,93884

6475,96056

6475,93328

6475,95434

6475,95030

6475,96126

6475,92626

6475,93254

6475,97048

6475,99878

6475,102274

6475,102414

6475,106440

6475,104630

6475,104246

6475,106068

6475,108174

6475,107472

6481,106550

6481,104444

6481,104962

6481,101678

6481,105440

6481,108684

6481,108358

6481,106500

6481,108694

6481,108676

6481,107368

6481,106568

6481,107518

6481,106664

6481,104842

6481,105742

6481,109062

6481,109242

6481,107654

6481,107990

6481,107458

6481,110102

6481,111544

6481,113652

6481,114222

6481,106194

6481,106020

6481,114580

6482,121064

6482,122310

6482,119942

6482,121288

6482,123440

6482,113948

6482,114972

6482,116696

6482,119588

6482,118422

6482,118556

6482,118492

6482,117412

6482,115166

6482,115800

6482,117416

6482,117168

6482,115348

6482,116000

6482,119126

6482,121258

6482,122130

6482,124214

6482,122704

6482,119206

6482,122272

6482,123896

6482,121288

6482,124910

6482,127344

6482,124206

6482,124114

6482,123338

6482,123688

6482,124670

6482,122522

6482,122620

6482,123998

6482,126012

6482,126510

6482,127114

6482,130434

6482,127114

6482,124572

6482,124312

6482,126584

6482,129460

6482,128546

6482,124764

6482,126578

6482,126982

6482,121294

6482,123432

6482,123706

6482,122288

6482,119250

6482,121430

6482,121244

6482,117002

6482,113892

6482,113552

6482,111698

6482,111066

6482,111242

6482,111724

6483,108408

6483,106890

6483,105366

6483,106450

6483,106104

6483,106194

6483,104900

6483,105428

6483,106194

6483,109250

6483,108084

6483,109592

6483,104568

6483,105592

6483,107492

6483,106236

6483,108800

6483,110390

6483,111512

6483,112380

6483,113724

6483,112474

6483,112312

6483,109746

6483,110078

6483,107840

6483,106828

6483,105268

6483,105062

6483,103004

6483,99428

6483,97656

6483,96230

6483,95464

6483,95684

6489,91232

6489,87220

6489,82182

6489,86162

6489,84904

6489,80742

6489,81944

6489,83810

6489,83546

6489,82334

6489,85416

6489,84490

6489,83786

6489,86958

6489,90684

6489,94442

6489,92972

6489,92432

6489,91110

6489,89546

6489,90808

6489,92090

6489,97126

6489,96836

6489,94426

6489,95726

6489,95608

6489,94202

6490,95324

6490,98360

6490,100926

6490,98266

6490,98918

6490,100396

6490,94042

6490,93998

6490,95554

6490,93306

6490,91226

6490,89796

6490,88092

6490,88690

6490,85902

6490,86204

6490,85930

6490,85534

6490,81576

6490,82592

6490,84362

6490,85212

6490,84772

6490,84600

6490,86384

6490,85972

6490,88986

6490,91346

6490,98364

6490,102250

6490,100612

6490,102518

6490,106432

6490,108898

6490,109380

6490,108774

6490,109190

6490,110316

6490,113972

6490,117342

6490,119028

6490,117904

6490,121400

6490,121276

6490,120106

6490,120992

6490,122040

6490,120918

6490,119476

6490,118530

6490,122384

6490,122792

6490,124932

6490,123972

6490,121484

6490,125236

6490,124094

6490,125226

6490,129910

6490,130154

6490,129942

6490,130876

6490,127380

6490,127440

6490,127322

6491,132342

6491,133360

6491,131442

6491,136904

6491,139176

6491,136590

6491,134886

6491,139354

6491,138888

6491,141336

6491,142488

6491,143798

6491,143916

6491,146500

6491,144520

6491,139880

6491,139550

6491,141810

6491,141674

6491,136820

6491,136996

6491,135090

6491,137562

6491,137222

6491,136300

6491,135010

6491,135888

6491,133276

6491,131764

6491,132996

6491,134032

6491,132440

6491,132326

6491,131080

6491,132674

6497,133664

6497,133544

6497,134220

6497,133646

6497,138112

6497,141044

6497,137174

6497,136444

6497,138882

6497,135398

6497,135420

6497,137284

6497,133232

6497,135390

6497,139362

6497,136990

6497,136948

6497,133840

6497,133032

6497,130222

6497,128236

6497,128216

6497,126538

6497,128602

6497,128540

6497,129720

6497,130036

6497,132212

6498,133242

6498,133338

6498,135256

6498,132786

6498,135246

6498,136312

6498,137120

6498,135972

6498,137048

6498,139532

6498,138628

6498,138364

6498,136984

6498,135144

6498,133196

6498,134380

6498,133614

6498,132044

6498,130422

6498,127952

6498,126576

6498,126982

6498,125100

6498,123946

6498,124030

6498,125842

6498,127746

6498,127620

6498,126600

6498,127096

6498,123252

6498,126200

6498,125496

6498,127498

6498,129278

6498,128768

6498,125212

6498,124984

6498,123886

6498,122382

6498,125954

6498,124928

6498,129934

6498,133562

6498,135494

6498,137790

6498,137398

6498,137796

6498,136652

6498,137466

6498,137890

6498,137626

6498,137542

6498,141680

6498,142240

6498,142374

6498,141996

6498,144524

6498,144846

6498,142968

6498,140172

6498,142000

6498,143234

6498,145948

6498,145536

6499,147954

6499,151214

6499,154646

RAW_SUMMARY id=1 requested=5600 captured=5600 unused_capacity=400 max_pcm_abs=1054868 raw_mean=42385.4 raw_abs_mean=100117.6 raw_min=-1054868 raw_max=977608 baseline=23.8

OK RAW

