# run: cfg_c16k_1
# firmware: role=analyzer git=9f584bb version=0.4.0
# imported-from: c16k_1.log (mtime 2026-10-09T10:34:44)
RAW_INFO mode=i2s output=csv

RAW_INFO row_size=12

RAW_BEGIN id=1 sr=16000 trigger_ms=6090 command_ms=6075 emit_seen=1 emit_start_ms=6090 emit_done_ms=6094 f=3200 dur=1 pre_ms=0 post_ms=350 decim=1 pre_samples=0 post_samples=5600 mode=i2s output=csv fields=ms,pcm

ms,pcm

6092,-144926

6092,-144670

6092,-142086

6092,-144778

6092,-145274

6092,-144456

6093,-145268

6093,-145096

6093,-145352

6093,-146802

6093,-147072

6093,-146402

6093,-144610

6093,-145406

6093,-143766

6093,-143776

6093,-146376

6093,-147390

6093,-148754

6093,-148102

6093,-148422

6093,-147538

6093,-149532

6093,-147966

6093,-146514

6093,-146966

6093,-146604

6093,-147646

6093,-148668

6093,-148324

6093,-149832

6093,-151728

6093,-150472

6093,-150264

6093,-151586

6093,-150898

6093,-150346

6093,-150744

6093,-151608

6093,-152248

6093,-151104

6093,-151972

6093,-151914

6093,-152410

6093,-150104

6093,-151776

6093,-151752

6093,-152640

6093,-153166

6093,-152490

6093,-151422

6093,-151726

6093,-152250

6093,-152456

6093,-151466

6093,-152862

6093,-153554

6093,-152574

6093,-151366

6093,-152312

6093,-155180

6093,-155260

6093,-154732

6093,-156194

6093,-157388

6093,-155474

6095,-153938

6095,-154382

6095,-153376

6095,-153884

6095,-156512

6095,-157502

6095,-154936

6095,-156508

6095,-157146

6095,-156900

6095,-157800

6095,-157988

6095,-157960

6095,-156256

6095,-157560

6095,-158734

6095,-159504

6095,-159144

6095,-160816

6095,-159266

6095,-158260

6095,-160142

6095,-158102

6095,-159546

6095,-159820

6095,-159720

6095,-161014

6095,-160730

6095,-160414

6095,-158504

6095,-158918

6095,-161142

6095,-162618

6095,-163326

6095,-163932

6095,-161608

6095,-159638

6095,-161036

6095,-164598

6095,-163396

6095,-164144

6095,-162206

6095,-161620

6095,-161644

6095,-161116

6095,-163362

6095,-163380

6095,-165106

6096,-166672

6096,-165154

6096,-164836

6096,-163116

6096,-163874

6096,-163448

6096,-164436

6096,-167180

6096,-164288

6096,-166344

6096,-165128

6096,-164768

6097,-164340

6097,-164670

6097,-165422

6097,-164198

6097,-165756

6097,-164772

6097,-166072

6097,-166386

6097,-166536

6097,-166828

6097,-169054

6097,-168228

6097,-166656

6097,-167414

6097,-167836

6097,-169632

6097,-170092

6097,-169530

6097,-171568

6097,-171000

6097,-171070

6097,-171442

6097,-173140

6097,-173492

6097,-173370

6097,-173274

6097,-172386

6098,-171298

6098,-172896

6098,-174918

6098,-174474

6098,-175850

6098,-174582

6098,-173226

6098,-173342

6098,-173796

6098,-174894

6098,-175372

6098,-176446

6098,-177414

6098,-174006

6098,-176332

6098,-177556

6098,-177498

6098,-176426

6098,-177464

6098,-177270

6098,-175116

6098,-176536

6098,-176462

6098,-176714

6098,-178404

6098,-178666

6098,-178128

6098,-177858

6098,-179808

6098,-178908

6098,-177844

6098,-178220

6098,-178938

6098,-179716

6098,-180500

6098,-179786

6098,-180138

6098,-178262

6098,-179890

6098,-180604

6098,-180424

6098,-180880

6098,-181740

6098,-183162

6098,-182696

6098,-183242

6098,-183932

6098,-184600

6098,-183938

6098,-183948

6098,-183376

6098,-184098

6098,-183820

6098,-184294

6098,-183746

6098,-182988

6098,-185006

6098,-181866

6098,-183726

6098,-181312

6098,-181822

6098,-183386

6098,-184354

6098,-184360

6098,-182992

6099,-184462

6099,-184750

6099,-184542

6099,-184732

6099,-182844

6099,-183632

6099,-182774

6099,-183962

6099,-183354

6099,-183756

6099,-183078

6099,-185460

6099,-185096

6099,-184178

6099,-182618

6099,-185666

6099,-185344

6099,-184344

6099,-185116

6099,-185292

6099,-183190

6099,-181662

6099,-181978

6099,-184472

6099,-184992

6099,-184708

6099,-186070

6099,-184504

6099,-184182

6099,-183748

6099,-185596

6099,-180686

6099,-181636

6099,-183640

6099,-181946

6099,-183556

6105,-183458

6105,-182842

6105,-184478

6105,-182924

6105,-182194

6105,-181822

6105,-182554

6105,-183270

6105,-182186

6105,-183618

6105,-182646

6105,-183956

6105,-185524

6105,-185136

6105,-184616

6105,-184604

6105,-185480

6105,-185664

6105,-185998

6105,-187970

6105,-185684

6105,-186508

6105,-189460

6105,-186262

6105,-185802

6105,-187666

6105,-187256

6106,-185800

6106,-185328

6106,-184300

6106,-186898

6106,-186938

6106,-187160

6106,-186892

6106,-186578

6106,-187872

6106,-187312

6106,-186058

6106,-188276

6106,-187910

6106,-188786

6106,-190322

6106,-187662

6106,-188412

6106,-188694

6106,-191198

6106,-188870

6106,-190198

6106,-190976

6106,-188640

6106,-190316

6106,-189016

6106,-189250

6106,-190040

6106,-188390

6106,-189474

6106,-189004

6106,-190384

6106,-188136

6106,-187300

6106,-189174

6106,-187794

6106,-187886

6106,-186390

6106,-186160

6106,-187944

6106,-186730

6106,-187046

6106,-185174

6106,-187462

6106,-185390

6106,-185904

6106,-185862

6106,-185270

6106,-184132

6106,-182412

6106,-185018

6106,-187902

6106,-184742

6106,-185650

6106,-184654

6106,-184182

6106,-184202

6106,-184398

6106,-185248

6106,-183622

6106,-185490

6106,-185716

6106,-186208

6106,-184534

6106,-182830

6106,-183302

6107,-184238

6107,-184688

6107,-185122

6107,-184142

6107,-183584

6107,-183826

6107,-182430

6107,-182164

6107,-184904

6107,-181836

6107,-184388

6107,-186594

6107,-183020

6107,-184682

6107,-183780

6107,-180950

6107,-180214

6107,-182674

6107,-181162

6107,-181796

6107,-179406

6107,-179396

6107,-178564

6107,-178268

6107,-179840

6107,-179086

6107,-175524

6107,-175230

6107,-178036

6107,-177590

6107,-177822

6107,-178328

6107,-178262

6107,-178986

6107,-176336

6107,-175880

6113,-177352

6113,-174876

6113,-174966

6113,-173036

6113,-173256

6113,-174364

6113,-174254

6113,-175150

6113,-176044

6113,-177560

6113,-175490

6113,-172874

6113,-173984

6113,-173046

6113,-176516

6113,-175510

6113,-175022

6113,-174304

6113,-174530

6113,-175442

6113,-175514

6113,-178192

6113,-176002

6113,-174136

6113,-173350

6113,-173492

6113,-174882

6114,-174762

6114,-172492

6114,-172300

6114,-172582

6114,-171064

6114,-173738

6114,-173864

6114,-172182

6114,-169516

6114,-169526

6114,-169018

6114,-168448

6114,-169474

6114,-168196

6114,-167102

6114,-169188

6114,-167956

6114,-169236

6114,-166758

6114,-166494

6114,-167196

6114,-167110

6114,-167156

6114,-168402

6114,-166048

6114,-167758

6114,-167472

6114,-166626

6114,-168198

6114,-166980

6114,-167460

6114,-166346

6114,-166566

6114,-167828

6114,-167620

6114,-165732

6114,-166588

6114,-169198

6114,-166900

6114,-166854

6114,-169178

6114,-168678

6114,-168212

6114,-168716

6114,-168454

6114,-169876

6114,-170490

6114,-169396

6114,-167594

6114,-168834

6114,-168778

6114,-168936

6114,-170514

6114,-168458

6114,-168714

6114,-167398

6114,-168172

6114,-167688

6114,-167434

6114,-169332

6114,-166470

6114,-166212

6114,-166752

6114,-166048

6114,-166842

6115,-165486

6115,-165922

6115,-167048

6115,-165312

6115,-168896

6115,-167096

6115,-164452

6115,-165686

6115,-162416

6115,-165548

6115,-165902

6115,-165850

6115,-166888

6115,-165056

6115,-162824

6115,-164112

6115,-166442

6115,-164164

6115,-164456

6115,-163880

6115,-162926

6115,-162828

6115,-164274

6115,-163860

6115,-164282

6115,-165930

6115,-165854

6115,-165004

6115,-163324

6115,-162822

6115,-162392

6115,-166210

6115,-164442

6115,-164644

6115,-165220

6115,-163688

6121,-166982

6121,-166820

6121,-165856

6121,-164640

6121,-166124

6121,-167606

6121,-166198

6121,-166258

6121,-166336

6121,-167248

6121,-169182

6121,-168860

6121,-166554

6121,-169018

6121,-168588

6121,-167882

6121,-169430

6121,-168510

6121,-168116

6121,-168272

6121,-169522

6121,-170272

6121,-168812

6121,-168190

6121,-167434

6121,-169908

6121,-171140

6122,-169130

6122,-170648

6122,-171780

6122,-170376

6122,-169558

6122,-169852

6122,-168610

6122,-168552

6122,-169868

6122,-169556

6122,-169720

6122,-172530

6122,-169918

6122,-168920

6122,-170062

6122,-171590

6122,-172736

6122,-170610

6122,-170516

6122,-173098

6122,-173142

6122,-172788

6122,-173026

6122,-172490

6122,-173520

6122,-174014

6122,-175844

6122,-174046

6122,-175672

6122,-176310

6122,-174828

6122,-174246

6122,-173408

6122,-174148

6122,-174218

6122,-174886

6122,-175696

6122,-175498

6122,-175490

6122,-175956

6122,-176142

6122,-176782

6122,-177066

6122,-177280

6122,-178424

6122,-175950

6122,-175198

6122,-177110

6122,-176950

6122,-176818

6122,-176144

6122,-177606

6122,-179274

6122,-179100

6122,-180664

6122,-178848

6122,-177626

6122,-179748

6122,-180668

6122,-177738

6122,-179304

6122,-181754

6122,-181288

6122,-182702

6122,-182206

6123,-180852

6123,-179910

6123,-181984

6123,-183000

6123,-181744

6123,-180200

6123,-181858

6123,-180012

6123,-180280

6123,-181174

6123,-179902

6123,-180090

6123,-181312

6123,-179590

6123,-180962

6123,-180406

6123,-181376

6123,-180716

6123,-180962

6123,-181476

6123,-182936

6123,-181806

6123,-182112

6123,-182864

6123,-180678

6123,-182172

6123,-182934

6123,-183456

6123,-185330

6123,-185072

6123,-184986

6123,-185936

6123,-187182

6123,-187520

6123,-187930

6123,-187728

6129,-188386

6129,-187872

6129,-189558

6129,-190410

6129,-190636

6129,-192626

6129,-192280

6129,-194214

6129,-190852

6129,-193540

6129,-192710

6129,-191190

6129,-192262

6129,-191212

6129,-191338

6129,-194750

6129,-195190

6129,-193962

6129,-192166

6129,-193026

6129,-191874

6129,-192866

6129,-192760

6129,-194330

6129,-192908

6129,-190980

6129,-192654

6130,-192622

6130,-192362

6130,-194600

6130,-193508

6130,-194160

6130,-193178

6130,-192848

6130,-193366

6130,-193542

6130,-193338

6130,-193558

6130,-195146

6130,-195410

6130,-193150

6130,-191902

6130,-192946

6130,-193432

6130,-194792

6130,-193818

6130,-193982

6130,-196114

6130,-197198

6130,-197684

6130,-195546

6130,-195402

6130,-193634

6130,-193378

6130,-196226

6130,-195034

6130,-196840

6130,-193978

6130,-194526

6130,-193938

6130,-194024

6130,-192920

6130,-192012

6130,-191722

6130,-191692

6130,-191588

6130,-191316

6130,-192788

6130,-194668

6130,-196576

6130,-195060

6130,-194670

6130,-194064

6130,-192934

6130,-192962

6130,-193230

6130,-191676

6130,-193350

6130,-192008

6130,-194432

6130,-193634

6130,-193320

6130,-195292

6130,-194386

6130,-192472

6130,-190918

6130,-191974

6130,-190058

6130,-192228

6130,-190766

6130,-189586

6130,-193332

6131,-192972

6131,-192468

6131,-191878

6131,-190042

6131,-193182

6131,-194268

6131,-191326

6131,-191904

6131,-191720

6131,-191224

6131,-192066

6131,-194636

6131,-194424

6131,-192978

6131,-195010

6131,-193232

6131,-192842

6131,-192718

6131,-191952

6131,-191694

6131,-193134

6131,-195650

6131,-194068

6131,-193112

6131,-194806

6131,-194578

6131,-193096

6131,-196482

6131,-196066

6131,-194980

6131,-193924

6131,-193224

6131,-191518

6131,-194058

6131,-195886

6131,-195438

6137,-196500

6137,-196526

6137,-194818

6137,-193272

6137,-194004

6137,-195336

6137,-195874

6137,-196100

6137,-193072

6137,-192624

6137,-192464

6137,-191418

6137,-194736

6137,-195320

6137,-196402

6137,-195486

6137,-194900

6137,-194722

6137,-195912

6137,-196158

6137,-195528

6137,-195632

6137,-197166

6137,-196928

6137,-194466

6137,-194236

6137,-197356

6138,-195062

6138,-195776

6138,-195396

6138,-196596

6138,-195216

6138,-197578

6138,-196946

6138,-197540

6138,-195710

6138,-194896

6138,-194364

6138,-193032

6138,-194932

6138,-195772

6138,-196668

6138,-195364

6138,-196224

6138,-196058

6138,-197912

6138,-196508

6138,-197364

6138,-198872

6138,-199266

6138,-199148

6138,-198532

6138,-196298

6138,-197744

6138,-196166

6138,-196372

6138,-198006

6138,-196564

6138,-196954

6138,-196286

6138,-200332

6138,-198510

6138,-196602

6138,-197034

6138,-194004

6138,-194614

6138,-194924

6138,-197242

6138,-197446

6138,-197608

6138,-195318

6138,-195506

6138,-194402

6138,-195316

6138,-197604

6138,-195762

6138,-196820

6138,-195996

6138,-198020

6138,-198144

6138,-197842

6138,-196466

6138,-195354

6138,-198620

6138,-198040

6138,-197876

6138,-197450

6138,-195924

6138,-196610

6138,-197418

6138,-197390

6138,-198520

6139,-195902

6139,-196196

6139,-196132

6139,-197894

6139,-198756

6139,-197060

6139,-196598

6139,-196428

6139,-196714

6139,-198896

6139,-198918

6139,-198918

6139,-198562

6139,-198488

6139,-199870

6139,-197700

6139,-197650

6139,-195598

6139,-197204

6139,-200504

6139,-196868

6139,-197714

6139,-200216

6139,-201970

6139,-201664

6139,-201488

6139,-199926

6139,-198816

6139,-201050

6139,-202816

6139,-201450

6139,-201352

6139,-200428

6139,-202486

6139,-203218

6139,-203122

6145,-201062

6145,-204888

6145,-200720

6145,-198300

6145,-202694

6145,-202374

6145,-202628

6145,-204522

6145,-206088

6145,-202744

6145,-204384

6145,-206752

6145,-208176

6145,-205078

6145,-203644

6145,-206662

6145,-207410

6145,-203932

6145,-207096

6145,-203802

6145,-205226

6145,-204096

6145,-203034

6145,-201374

6145,-203692

6145,-204864

6145,-204792

6146,-204878

6146,-204506

6146,-207288

6146,-206664

6146,-205756

6146,-206448

6146,-206978

6146,-207562

6146,-206190

6146,-208316

6146,-207344

6146,-206106

6146,-206288

6146,-208736

6146,-208750

6146,-206890

6146,-208406

6146,-208948

6146,-206810

6146,-205214

6146,-207460

6146,-206978

6146,-207584

6146,-208298

6146,-208010

6146,-207844

6146,-209446

6146,-206726

6146,-207912

6146,-211092

6146,-213058

6146,-213318

6146,-207672

6146,-209430

6146,-210104

6146,-209486

6146,-207814

6146,-209724

6146,-211602

6146,-211192

6146,-213684

6146,-211228

6146,-211716

6146,-213736

6146,-214550

6146,-213592

6146,-210580

6146,-213094

6146,-212340

6146,-210140

6146,-213012

6146,-213454

6146,-214890

6146,-214486

6146,-212012

6146,-211830

6146,-213514

6146,-214118

6146,-214238

6146,-216634

6146,-215096

6146,-215530

6146,-217312

6146,-217816

6146,-218196

6147,-214198

6147,-214944

6147,-216846

6147,-217468

6147,-216770

6147,-217586

6147,-218654

6147,-217236

6147,-216060

6147,-217162

6147,-217240

6147,-216722

6147,-217928

6147,-217566

6147,-217456

6147,-218984

6147,-217470

6147,-217308

6147,-217766

6147,-217958

6147,-217110

6147,-217294

6147,-220022

6147,-218334

6147,-217468

6147,-217970

6147,-218408

6147,-218808

6147,-220314

6147,-220212

6147,-219154

6147,-216946

6147,-214990

6147,-215826

6147,-221774

6147,-216826

6153,-215662

6153,-215524

6153,-216126

6153,-217234

6153,-218778

6153,-218844

6153,-218482

6153,-217398

6153,-218628

6153,-217742

6153,-215790

6153,-216442

6153,-217182

6153,-217304

6153,-217910

6153,-220150

6153,-217412

6153,-216502

6153,-216316

6153,-218614

6153,-215630

6153,-213176

6153,-213660

6153,-214580

6153,-214754

6153,-215650

6153,-214966

6154,-215264

6154,-215072

6154,-215432

6154,-215086

6154,-213584

6154,-211950

6154,-215506

6154,-213980

6154,-213980

6154,-212834

6154,-214846

6154,-214192

6154,-212994

6154,-213744

6154,-211882

6154,-212370

6154,-211478

6154,-207872

6154,-209020

6154,-211108

6154,-212572

6154,-213730

6154,-212556

6154,-211422

6154,-213426

6154,-210326

6154,-213632

6154,-211330

6154,-211216

6154,-212460

6154,-209704

6154,-212374

6154,-212164

6154,-210842

6154,-210318

6154,-210570

6154,-210158

6154,-210046

6154,-210450

6154,-209786

6154,-212054

6154,-212046

6154,-211504

6154,-213066

6154,-211308

6154,-209582

6154,-210546

6154,-208452

6154,-209096

6154,-208684

6154,-208970

6154,-207398

6154,-205944

6154,-209180

6154,-211030

6154,-207932

6154,-206172

6154,-206226

6154,-206522

6154,-204910

6154,-205482

6154,-206484

6154,-206924

6154,-204512

6154,-204642

6155,-204296

6155,-207564

6155,-204250

6155,-205178

6155,-204532

6155,-204514

6155,-203818

6155,-202500

6155,-202594

6155,-201202

6155,-203668

6155,-205354

6155,-204568

6155,-205422

6155,-205168

6155,-205952

6155,-205420

6155,-203922

6155,-202494

6155,-203764

6155,-203348

6155,-203230

6155,-204678

6155,-203736

6155,-203784

6155,-203782

6155,-203508

6155,-204158

6155,-202450

6155,-200254

6155,-201856

6155,-198472

6155,-199028

6155,-200270

6155,-199242

6155,-199162

6161,-198024

6161,-199994

6161,-198446

6161,-199420

6161,-199010

6161,-200184

6161,-198858

6161,-198004

6161,-195826

6161,-198598

6161,-197796

6161,-195770

6161,-199838

6161,-200490

6161,-197426

6161,-199156

6161,-201044

6161,-199350

6161,-199022

6161,-196264

6161,-196756

6161,-196868

6161,-195862

6161,-197156

6161,-197660

6161,-197290

6161,-198748

6162,-195486

6162,-196048

6162,-195790

6162,-197536

6162,-198550

6162,-198636

6162,-199630

6162,-201366

6162,-196480

6162,-197262

6162,-195790

6162,-195696

6162,-195592

6162,-196060

6162,-197316

6162,-198254

6162,-197040

6162,-195980

6162,-195232

6162,-194200

6162,-194332

6162,-196530

6162,-194178

6162,-193636

6162,-194436

6162,-195938

6162,-193918

6162,-194300

6162,-195064

6162,-189874

6162,-191752

6162,-193756

6162,-194206

6162,-194332

6162,-193430

6162,-191414

6162,-190358

6162,-190314

6162,-189710

6162,-191720

6162,-192610

6162,-192846

6162,-192210

6162,-189644

6162,-189096

6162,-190700

6162,-193240

6162,-189724

6162,-189530

6162,-190244

6162,-190090

6162,-189394

6162,-188318

6162,-189154

6162,-187960

6162,-187530

6162,-188486

6162,-190174

6162,-189010

6162,-189660

6162,-189684

6162,-187712

6162,-189496

6162,-188364

6162,-190074

6163,-189038

6163,-186302

6163,-186136

6163,-187274

6163,-188142

6163,-188626

6163,-185958

6163,-185904

6163,-187564

6163,-185352

6163,-185580

6163,-186026

6163,-185838

6163,-181968

6163,-185854

6163,-185950

6163,-185508

6163,-184362

6163,-185898

6163,-186366

6163,-185202

6163,-184046

6163,-183636

6163,-184136

6163,-184246

6163,-184860

6163,-183382

6163,-184834

6163,-187116

6163,-186110

6163,-186198

6163,-185180

6163,-187166

6163,-188854

6163,-189390

6163,-190216

6169,-185562

6169,-186394

6169,-187258

6169,-187466

6169,-185238

6169,-184270

6169,-188520

6169,-188902

6169,-189002

6169,-187682

6169,-186618

6169,-186606

6169,-187248

6169,-187374

6169,-187062

6169,-187070

6169,-186866

6169,-187810

6169,-185928

6169,-184782

6169,-188050

6169,-186948

6169,-185500

6169,-189906

6169,-190944

6169,-187676

6169,-188938

6170,-188662

6170,-187988

6170,-187928

6170,-188506

6170,-188512

6170,-188152

6170,-189858

6170,-190244

6170,-189820

6170,-186184

6170,-189610

6170,-189866

6170,-186620

6170,-189234

6170,-188334

6170,-188984

6170,-189790

6170,-189556

6170,-188568

6170,-189858

6170,-190658

6170,-189888

6170,-188162

6170,-190986

6170,-190130

6170,-190288

6170,-191640

6170,-190640

6170,-190558

6170,-191126

6170,-192360

6170,-190666

6170,-190336

6170,-186646

6170,-185520

6170,-187364

6170,-188380

6170,-189658

6170,-188816

6170,-188832

6170,-189128

6170,-190762

6170,-187524

6170,-187226

6170,-187252

6170,-187692

6170,-186644

6170,-186126

6170,-187244

6170,-186966

6170,-189766

6170,-188560

6170,-187064

6170,-188348

6170,-188252

6170,-187356

6170,-186580

6170,-186212

6170,-187538

6170,-189856

6170,-188038

6170,-189416

6170,-190124

6170,-189736

6170,-191054

6171,-191080

6171,-190226

6171,-188346

6171,-190592

6171,-189526

6171,-190360

6171,-189534

6171,-190056

6171,-191752

6171,-191778

6171,-190958

6171,-190016

6171,-191132

6171,-191888

6171,-191946

6171,-190450

6171,-191224

6171,-189556

6171,-189654

6171,-187634

6171,-187530

6171,-191774

6171,-189828

6171,-191174

6171,-192198

6171,-189548

6171,-190526

6171,-191018

6171,-191058

6171,-188928

6171,-187620

6171,-186950

6171,-187736

6171,-188668

6171,-189544

6171,-190618

6177,-188196

6177,-185874

6177,-187390

6177,-189006

6177,-184472

6177,-182658

6177,-185698

6177,-185384

6177,-186150

6177,-184128

6177,-184634

6177,-185030

6177,-184200

6177,-181482

6177,-183704

6177,-184548

6177,-185348

6177,-184946

6177,-183132

6177,-182712

6177,-182884

6177,-182628

6177,-183114

6177,-180516

6177,-181288

6177,-181384

6177,-184100

6178,-184044

6178,-182260

6178,-181800

6178,-184500

6178,-181338

6178,-180322

6178,-179268

6178,-180844

6178,-181624

6178,-182040

6178,-181286

6178,-180878

6178,-181950

6178,-181252

6178,-181640

6178,-183290

6178,-184260

6178,-182530

6178,-183604

6178,-181882

6178,-182096

6178,-182028

6178,-182910

6178,-181928

6178,-182652

6178,-181890

6178,-181406

6178,-180432

6178,-182680

6178,-180556

6178,-184546

6178,-180150

6178,-179844

6178,-179688

6178,-179988

6178,-180784

6178,-180822

6178,-181176

6178,-181082

6178,-180774

6178,-180720

6178,-182866

6178,-182394

6178,-181028

6178,-176572

6178,-176280

6178,-176840

6178,-173422

6178,-174960

6178,-175806

6178,-177102

6178,-177258

6178,-178622

6178,-175624

6178,-175686

6178,-176916

6178,-174446

6178,-173680

6178,-174194

6178,-176402

6178,-175398

6178,-175138

6178,-173974

6178,-172470

6178,-173052

6179,-172664

6179,-172812

6179,-174810

6179,-172066

6179,-170428

6179,-172242

6179,-173248

6179,-173432

6179,-172542

6179,-171912

6179,-170444

6179,-170820

6179,-171358

6179,-171448

6179,-169216

6179,-169902

6179,-168768

6179,-169000

6179,-167986

6179,-169628

6179,-166160

6179,-165862

6179,-167286

6179,-165410

6179,-164718

6179,-169318

6179,-166676

6179,-165978

6179,-167786

6179,-165028

6179,-163624

6179,-162810

6179,-164012

6179,-163938

6179,-163430

6179,-164110

6185,-164100

6185,-162436

6185,-161314

6185,-164644

6185,-161184

6185,-161526

6185,-161036

6185,-159266

6185,-161960

6185,-162256

6185,-160552

6185,-160728

6185,-160046

6185,-159418

6185,-159294

6185,-158518

6185,-158286

6185,-156610

6185,-158404

6185,-157440

6185,-155204

6185,-155308

6185,-154916

6185,-156580

6185,-155962

6185,-157854

6185,-158208

6186,-156288

6186,-155216

6186,-156248

6186,-156436

6186,-153312

6186,-153276

6186,-150940

6186,-154588

6186,-155964

6186,-155108

6186,-154770

6186,-154896

6186,-152062

6186,-151796

6186,-150584

6186,-151080

6186,-153372

6186,-152634

6186,-150686

6186,-152852

6186,-150942

6186,-150512

6186,-151474

6186,-152422

6186,-152606

6186,-151686

6186,-152672

6186,-150868

6186,-148418

6186,-147682

6186,-148762

6186,-150086

6186,-150710

6186,-152038

6186,-148386

6186,-149676

6186,-149454

6186,-151018

6186,-147060

6186,-146482

6186,-145682

6186,-146824

6186,-148248

6186,-148404

6186,-148546

6186,-147328

6186,-145260

6186,-145004

6186,-144928

6186,-147062

6186,-146172

6186,-145632

6186,-148026

6186,-150368

6186,-149020

6186,-146030

6186,-146546

6186,-145900

6186,-148126

6186,-149842

6186,-149262

6186,-146840

6186,-145726

6186,-144230

6186,-144072

6187,-145116

6187,-147298

6187,-147318

6187,-148706

6187,-150192

6187,-148514

6187,-147814

6187,-146254

6187,-148076

6187,-147210

6187,-147698

6187,-148246

6187,-147226

6187,-147984

6187,-147134

6187,-147652

6187,-147878

6187,-147242

6187,-148284

6187,-148088

6187,-147910

6187,-146752

6187,-145718

6187,-144608

6187,-145942

6187,-144650

6187,-145768

6187,-145936

6187,-146030

6187,-147124

6187,-150138

6187,-147304

6187,-147272

6187,-147280

6187,-143376

6187,-142890

6193,-143460

6193,-145660

6193,-146118

6193,-147218

6193,-145564

6193,-144334

6193,-144124

6193,-145328

6193,-143310

6193,-143634

6193,-144544

6193,-144394

6193,-144020

6193,-144664

6193,-143020

6193,-146722

6193,-146726

6193,-146864

6193,-144822

6193,-141194

6193,-143698

6193,-141842

6193,-145782

6193,-145598

6193,-146084

6193,-144858

6193,-143734

6194,-146018

6194,-147004

6194,-145710

6194,-145124

6194,-146470

6194,-145826

6194,-144782

6194,-146028

6194,-146280

6194,-145230

6194,-146762

6194,-146018

6194,-146874

6194,-143484

6194,-143430

6194,-144518

6194,-146678

6194,-143798

6194,-145290

6194,-146912

6194,-144086

6194,-145924

6194,-145652

6194,-145372

6194,-143360

6194,-145506

6194,-145184

6194,-141398

6194,-143592

6194,-145390

6194,-146334

6194,-143184

6194,-144684

6194,-145666

6194,-142434

6194,-144014

6194,-141714

6194,-142040

6194,-140918

6194,-141770

6194,-142848

6194,-144036

6194,-141678

6194,-141864

6194,-140554

6194,-142918

6194,-141554

6194,-139364

6194,-142626

6194,-140612

6194,-142150

6194,-140822

6194,-140376

6194,-139560

6194,-139168

6194,-139956

6194,-140340

6194,-140992

6194,-140408

6194,-140920

6194,-141850

6194,-141732

6194,-140186

6194,-141400

6194,-141550

6195,-143048

6195,-142560

6195,-141034

6195,-138932

6195,-139670

6195,-141160

6195,-140968

6195,-141422

6195,-139030

6195,-141252

6195,-139858

6195,-140498

6195,-141134

6195,-140986

6195,-140526

6195,-141704

6195,-141094

6195,-141546

6195,-141456

6195,-137504

6195,-140360

6195,-138416

6195,-139886

6195,-140786

6195,-140954

6195,-139758

6195,-137830

6195,-137878

6195,-137240

6195,-141074

6195,-139250

6195,-140174

6195,-141982

6195,-140508

6195,-140594

6195,-139806

6201,-140476

6201,-141120

6201,-142278

6201,-142972

6201,-143004

6201,-143534

6201,-142768

6201,-145670

6201,-145768

6201,-145214

6201,-144870

6201,-144758

6201,-146110

6201,-145302

6201,-145852

6201,-144708

6201,-143452

6201,-142682

6201,-142250

6201,-143954

6201,-144072

6201,-141512

6201,-142168

6201,-140738

6201,-140686

6201,-141176

6201,-140190

6202,-141356

6202,-141618

6202,-139696

6202,-141518

6202,-141292

6202,-141468

6202,-140428

6202,-140488

6202,-141890

6202,-139754

6202,-137518

6202,-138334

6202,-138496

6202,-139800

6202,-138146

6202,-138874

6202,-139136

6202,-140218

6202,-138792

6202,-136144

6202,-135062

6202,-136288

6202,-137166

6202,-137306

6202,-135404

6202,-136456

6202,-139866

6202,-139000

6202,-137018

6202,-136958

6202,-136868

6202,-133318

6202,-133886

6202,-135226

6202,-135436

6202,-137602

6202,-136800

6202,-137452

6202,-136006

6202,-137596

6202,-136832

6202,-137114

6202,-135974

6202,-134498

6202,-132230

6202,-134106

6202,-133962

6202,-134692

6202,-135624

6202,-136368

6202,-134226

6202,-130876

6202,-130424

6202,-129644

6202,-133334

6202,-136138

6202,-134510

6202,-135052

6202,-131568

6202,-131912

6202,-131572

6202,-133758

6202,-135682

6202,-135006

6202,-133858

6203,-132032

6203,-133442

6203,-131638

6203,-131750

6203,-133660

6203,-134050

6203,-132158

6203,-130208

6203,-133008

6203,-133686

6203,-132824

6203,-130436

6203,-130114

6203,-128678

6203,-128466

6203,-130918

6203,-130848

6203,-131028

6203,-131190

6203,-132924

6203,-130776

6203,-130016

6203,-128448

6203,-128446

6203,-129038

6203,-130308

6203,-131414

6203,-129046

6203,-127766

6203,-128126

6203,-127900

6203,-127300

6203,-129966

6203,-130546

6203,-128364

6203,-128550

6209,-130922

6209,-132454

6209,-132040

6209,-128122

6209,-130758

6209,-132600

6209,-131784

6209,-132546

6209,-132420

6209,-132768

6209,-133928

6209,-132912

6209,-134728

6209,-136528

6209,-132496

6209,-132412

6209,-134238

6209,-132556

6209,-132564

6209,-134900

6209,-136162

6209,-134768

6209,-135856

6209,-134720

6209,-134606

6209,-135982

6209,-131898

6210,-133166

6210,-133920

6210,-134366

6210,-134526

6210,-136696

6210,-135600

6210,-134190

6210,-136552

6210,-137772

6210,-137074

6210,-136834

6210,-135860

6210,-134314

6210,-136314

6210,-135820

6210,-135964

6210,-136722

6210,-139338

6210,-139850

6210,-137034

6210,-139844

6210,-138334

6210,-138228

6210,-137292

6210,-137052

6210,-137712

6210,-138768

6210,-140024

6210,-138564

6210,-137924

6210,-139248

6210,-140344

6210,-138466

6210,-140100

6210,-138970

6210,-135896

6210,-139068

6210,-138530

6210,-140648

6210,-141684

6210,-141552

6210,-139154

6210,-138024

6210,-140314

6210,-139434

6210,-139084

6210,-139278

6210,-139098

6210,-138524

6210,-138210

6210,-141134

6210,-139670

6210,-138676

6210,-140028

6210,-140108

6210,-139800

6210,-140800

6210,-138012

6210,-138404

6210,-141294

6210,-140464

6210,-139440

6210,-138344

6210,-138138

6210,-137548

6211,-140574

6211,-140136

6211,-139786

6211,-136822

6211,-137856

6211,-139906

6211,-141460

6211,-139980

6211,-139762

6211,-142256

6211,-140548

6211,-139216

6211,-137704

6211,-139462

6211,-143454

6211,-143830

6211,-143602

6211,-140394

6211,-140534

6211,-139760

6211,-139808

6211,-141214

6211,-139634

6211,-139840

6211,-139048

6211,-137234

6211,-138844

6211,-139952

6211,-140544

6211,-138752

6211,-140746

6211,-139880

6211,-139074

6211,-138480

6211,-138978

6211,-140880

6217,-140784

6217,-142650

6217,-141564

6217,-142860

6217,-140016

6217,-140904

6217,-140938

6217,-140636

6217,-139572

6217,-140222

6217,-139548

6217,-137180

6217,-141280

6217,-140246

6217,-139934

6217,-139212

6217,-137148

6217,-138610

6217,-140080

6217,-138904

6217,-137688

6217,-136900

6217,-137824

6217,-138578

6217,-137348

6217,-137780

6217,-140382

6218,-137978

6218,-135428

6218,-133700

6218,-133934

6218,-137858

6218,-137636

6218,-133936

6218,-134914

6218,-134814

6218,-135756

6218,-135484

6218,-136044

6218,-134662

6218,-136086

6218,-136942

6218,-136854

6218,-135628

6218,-134130

6218,-133688

6218,-135230

6218,-135678

6218,-134158

6218,-135686

6218,-133816

6218,-135526

6218,-132542

6218,-134036

6218,-135670

6218,-133500

6218,-133094

6218,-134770

6218,-134054

6218,-132128

6218,-133692

6218,-131200

6218,-133720

6218,-131400

6218,-132866

6218,-131240

6218,-132164

6218,-135280

6218,-131720

6218,-130552

6218,-129072

6218,-126848

6218,-130484

6218,-131508

6218,-130806

6218,-130952

6218,-131064

6218,-132608

6218,-129424

6218,-129592

6218,-127178

6218,-131110

6218,-130934

6218,-127848

6218,-127486

6218,-130896

6218,-132074

6218,-128076

6218,-128236

6218,-126690

6218,-126724

6218,-125884

6219,-125242

6219,-127186

6219,-127988

6219,-126382

6219,-127548

6219,-126776

6219,-125330

6219,-126254

6219,-125078

6219,-126408

6219,-123616

6219,-123482

6219,-126198

6219,-123730

6219,-124600

6219,-125412

6219,-124332

6219,-122334

6219,-123748

6219,-123482

6219,-123296

6219,-123582

6219,-124816

6219,-123424

6219,-123656

6219,-123114

6219,-125792

6219,-123570

6219,-123412

6219,-122264

6219,-123378

6219,-121910

6219,-120540

6219,-120572

6219,-118798

6219,-120034

6225,-121740

6225,-117968

6225,-117502

6225,-119784

6225,-118296

6225,-118092

6225,-117018

6225,-118406

6225,-116664

6225,-117356

6225,-117014

6225,-113838

6225,-114688

6225,-114592

6225,-115812

6225,-113628

6225,-113342

6225,-112636

6225,-112534

6225,-112910

6225,-110966

6225,-113966

6225,-112650

6225,-111888

6225,-114174

6225,-112894

6225,-112214

6226,-110890

6226,-113884

6226,-112876

6226,-112446

6226,-112918

6226,-112624

6226,-110414

6226,-110060

6226,-112354

6226,-112212

6226,-110516

6226,-111386

6226,-113156

6226,-112902

6226,-114120

6226,-112502

6226,-111282

6226,-109566

6226,-109746

6226,-108612

6226,-107796

6226,-108204

6226,-109076

6226,-109192

6226,-111474

6226,-108432

6226,-106948

6226,-106916

6226,-107028

6226,-107986

6226,-108296

6226,-108410

6226,-107128

6226,-104652

6226,-107670

6226,-105450

6226,-104700

6226,-107300

6226,-107040

6226,-106454

6226,-101986

6226,-104074

6226,-105464

6226,-104966

6226,-104382

6226,-104862

6226,-104786

6226,-102556

6226,-104834

6226,-104274

6226,-101680

6226,-101974

6226,-101082

6226,-103274

6226,-105886

6226,-101666

6226,-102316

6226,-102592

6226,-105828

6226,-104518

6226,-102176

6226,-101764

6226,-101560

6226,-103854

6226,-102100

6227,-99972

6227,-98564

6227,-100328

6227,-98230

6227,-98452

6227,-97316

6227,-97470

6227,-96586

6227,-94930

6227,-96034

6227,-95644

6227,-96250

6227,-96754

6227,-96216

6227,-96530

6227,-92556

6227,-95066

6227,-96900

6227,-94770

6227,-92352

6227,-95036

6227,-95442

6227,-90552

6227,-91538

6227,-93008

6227,-93704

6227,-92996

6227,-91582

6227,-89894

6227,-92498

6227,-92352

6227,-90654

6227,-91202

6227,-91514

6227,-92446

6227,-90404

6233,-88276

6233,-87924

6233,-88362

6233,-88388

6233,-86364

6233,-87918

6233,-86256

6233,-87328

6233,-88804

6233,-85344

6233,-86144

6233,-84550

6233,-85058

6233,-84908

6233,-85892

6233,-84432

6233,-84618

6233,-86478

6233,-85472

6233,-85006

6233,-88276

6233,-86768

6233,-84992

6233,-83820

6233,-85448

6233,-86762

6233,-84220

6234,-86368

6234,-85826

6234,-87612

6234,-85934

6234,-88112

6234,-84146

6234,-84950

6234,-88060

6234,-85446

6234,-85376

6234,-84882

6234,-86500

6234,-85090

6234,-84516

6234,-84458

6234,-81814

6234,-82080

6234,-81838

6234,-83116

6234,-84436

6234,-82438

6234,-79882

6234,-81698

6234,-81850

6234,-80288

6234,-77192

6234,-81168

6234,-79266

6234,-78832

6234,-79004

6234,-80204

6234,-79126

6234,-79264

6234,-79458

6234,-79746

6234,-79234

6234,-79340

6234,-79684

6234,-77346

6234,-78298

6234,-76794

6234,-77740

6234,-77472

6234,-77574

6234,-78244

6234,-77010

6234,-77662

6234,-75718

6234,-74684

6234,-75456

6234,-76276

6234,-77602

6234,-74970

6234,-73856

6234,-73568

6234,-72490

6234,-73590

6234,-75448

6234,-73492

6234,-73314

6234,-74454

6234,-75174

6234,-74196

6234,-73852

6234,-71386

6235,-70436

6235,-73166

6235,-74836

6235,-75180

6235,-71652

6235,-74014

6235,-74702

6235,-71730

6235,-71930

6235,-70290

6235,-68776

6235,-71384

6235,-73114

6235,-69978

6235,-69322

6235,-67174

6235,-71164

6235,-73250

6235,-69548

6235,-71896

6235,-72618

6235,-69554

6235,-70690

6235,-71008

6235,-70376

6235,-68894

6235,-69268

6235,-70596

6235,-69400

6235,-70276

6235,-70620

6235,-68634

6235,-64812

6235,-63582

6235,-66152

6235,-66140

6241,-66454

6241,-68680

6241,-66946

6241,-66178

6241,-64942

6241,-65398

6241,-65208

6241,-65372

6241,-67678

6241,-74404

6241,-76244

6241,-71812

6241,-66938

6241,-63496

6241,-62504

6241,-61296

6241,-62300

6241,-61378

6241,-67398

6241,-66640

6241,-67214

6241,-67746

6241,-71058

6241,-72880

6241,-71250

6241,-71564

6241,-68052

6242,-65690

6242,-63438

6242,-64802

6242,-68682

6242,-71306

6242,-70046

6242,-69024

6242,-68910

6242,-69530

6242,-70574

6242,-68104

6242,-66126

6242,-67800

6242,-66646

6242,-61792

6242,-62904

6242,-61252

6242,-62778

6242,-60940

6242,-61750

6242,-60442

6242,-62862

6242,-63724

6242,-61444

6242,-63484

6242,-62068

6242,-60828

6242,-60292

6242,-59614

6242,-60462

6242,-58624

6242,-59964

6242,-58080

6242,-58826

6242,-59766

6242,-59702

6242,-58516

6242,-55986

6242,-58810

6242,-60804

6242,-63232

6242,-64674

6242,-64836

6242,-62074

6242,-60392

6242,-61512

6242,-61098

6242,-59272

6242,-57346

6242,-59834

6242,-63156

6242,-64278

6242,-65032

6242,-63796

6242,-61726

6242,-58526

6242,-60378

6242,-63442

6242,-67506

6242,-68986

6242,-65480

6242,-64748

6242,-61046

6242,-59496

6242,-62292

6243,-64890

6243,-67490

6243,-65732

6243,-61840

6243,-64236

6243,-64442

6243,-64398

6243,-61084

6243,-58698

6243,-57746

6243,-56262

6243,-54710

6243,-59006

6243,-61598

6243,-66440

6243,-69108

6243,-67896

6243,-66578

6243,-66514

6243,-63404

6243,-61248

6243,-60642

6243,-59524

6243,-59534

6243,-60664

6243,-62656

6243,-57470

6243,-60076

6243,-61558

6243,-63124

6243,-66112

6243,-64630

6243,-63966

6243,-60308

6243,-62208

6243,-67066

6249,-68500

6249,-65920

6249,-62190

6249,-63162

6249,-64962

6249,-65312

6249,-66122

6249,-67378

6249,-61234

6249,-59268

6249,-63636

6249,-66708

6249,-64666

6249,-63888

6249,-61614

6249,-62584

6249,-67688

6249,-67906

6249,-68674

6249,-63870

6249,-62332

6249,-69480

6249,-66550

6249,-65008

6249,-65778

6249,-62192

6249,-65478

6250,-66468

6250,-63016

6250,-62568

6250,-60186

6250,-62114

6250,-59572

6250,-64578

6250,-64556

6250,-62214

6250,-62664

6250,-64976

6250,-65092

6250,-66780

6250,-70026

6250,-71808

6250,-66308

6250,-62080

6250,-67754

6250,-68866

6250,-67286

6250,-66632

6250,-69534

6250,-66032

6250,-63956

6250,-65778

6250,-66096

6250,-74482

6250,-74828

6250,-72650

6250,-67320

6250,-68004

6250,-64070

6250,-66592

6250,-65592

6250,-68972

6250,-70764

6250,-65940

6250,-68512

6250,-65860

6250,-60628

6250,-59344

6250,-61436

6250,-57588

6250,-56340

6250,-57864

6250,-53756

6250,-51632

6250,-55832

6250,-55816

6250,-51608

6250,-54822

6250,-61204

6250,-59930

6250,-57074

6250,-56166

6250,-55156

6250,-55716

6250,-50592

6250,-49682

6250,-53094

6250,-49280

6250,-55608

6250,-50332

6250,-51268

6250,-47986

6251,-51048

6251,-51254

6251,-51682

6251,-53516

6251,-52446

6251,-53704

6251,-53750

6251,-55268

6251,-53214

6251,-48342

6251,-52586

6251,-51366

6251,-52118

6251,-40856

6251,-40564

6251,-40728

6251,-41588

6251,-42962

6251,-40714

6251,-40174

6251,-39128

6251,-40622

6251,-37196

6251,-36386

6251,-42466

6251,-40010

6251,-40140

6251,-43510

6251,-43870

6251,-45070

6251,-41634

6251,-40408

6251,-35920

6251,-36768

6251,-35104

6251,-34820

6257,-41598

6257,-36904

6257,-34612

6257,-38306

6257,-35752

6257,-32970

6257,-33626

6257,-31894

6257,-37566

6257,-35576

6257,-36088

6257,-35652

6257,-41468

6257,-41580

6257,-33122

6257,-27426

6257,-27018

6257,-31710

6257,-35458

6257,-35476

6257,-33434

6257,-33444

6257,-36184

6257,-38502

6257,-34302

6257,-28652

6257,-28666

6258,-34432

6258,-38272

6258,-41858

6258,-45252

6258,-45674

6258,-38058

6258,-29742

6258,-31874

6258,-32118

6258,-29326

6258,-35332

6258,-43530

6258,-38652

6258,-37006

6258,-36186

6258,-37080

6258,-30574

6258,-29698

6258,-36250

6258,-37570

6258,-42246

6258,-42816

6258,-39556

6258,-36506

6258,-34858

6258,-40450

6258,-39352

6258,-41980

6258,-40354

6258,-35820

6258,-40372

6258,-41696

6258,-40190

6258,-32466

6258,-39826

6258,-42686

6258,-37236

6258,-37648

6258,-37664

6258,-40486

6258,-36692

6258,-40572

6258,-44950

6258,-48924

6258,-46758

6258,-44708

6258,-42184

6258,-36376

6258,-48368

6258,-47944

6258,-42824

6258,-45320

6258,-48342

6258,-50648

6258,-40476

6258,-41810

6258,-39498

6258,-38040

6258,-40954

6258,-44204

6258,-42324

6258,-45904

6258,-46044

6258,-40212

6258,-36844

6259,-37698

6259,-34024

6259,-36802

6259,-46602

6259,-47584

6259,-43104

6259,-43348

6259,-43778

6259,-37216

6259,-38100

6259,-33276

6259,-39286

6259,-41144

6259,-44240

6259,-43082

6259,-41624

6259,-39558

6259,-38126

6259,-42910

6259,-39492

6259,-35152

6259,-32692

6259,-42208

6259,-38386

6259,-47382

6259,-43732

6259,-33480

6259,-39446

6259,-40636

6259,-44810

6259,-41994

6259,-41702

6259,-40172

6259,-48222

6259,-43600

6259,-39666

6265,-37530

6265,-35126

6265,-35284

6265,-30254

6265,-33138

6265,-37790

6265,-38118

6265,-37244

6265,-37518

6265,-39652

6265,-34520

6265,-34886

6265,-33688

6265,-33422

6265,-35884

6265,-29230

6265,-30438

6265,-30022

6265,-32780

6265,-28558

6265,-29198

6265,-31790

6265,-23210

6265,-35848

6265,-32988

6265,-33040

6265,-25524

6266,-27578

6266,-30644

6266,-30654

6266,-32198

6266,-26262

6266,-23716

6266,-28520

6266,-35076

6266,-33626

6266,-27418

6266,-32366

6266,-30110

6266,-34510

6266,-30630

6266,-29464

6266,-38190

6266,-25920

6266,-25292

6266,-22546

6266,-28142

6266,-31002

6266,-27476

6266,-32406

6266,-29356

6266,-26726

6266,-31916

6266,-29474

6266,-30760

6266,-33864

6266,-24070

6266,-28816

6266,-31306

6266,-30762

6266,-29120

6266,-22844

6266,-21124

6266,-30652

6266,-31818

6266,-27362

6266,-24490

6266,-18362

6266,-17888

6266,-23098

6266,-25778

6266,-18724

6266,-24612

6266,-26218

6266,-20128

6266,-25950

6266,-21904

6266,-19020

6266,-22478

6266,-18736

6266,-29364

6266,-34702

6266,-34044

6266,-28180

6266,-30156

6266,-25020

6266,-26754

6266,-33662

6266,-30388

6266,-31914

6266,-27206

6266,-23568

6267,-28738

6267,-34066

6267,-22938

6267,-20264

6267,-32860

6267,-28782

6267,-25394

6267,-29224

6267,-23920

6267,-20672

6267,-23010

6267,-27212

6267,-26102

6267,-20614

6267,-20090

6267,-15406

6267,-19146

6267,-17240

6267,-20402

6267,-24038

6267,-21196

6267,-24178

6267,-21214

6267,-10178

6267,-15226

6267,-26324

6267,-17462

6267,-20482

6267,-19710

6267,-20248

6267,-20968

6267,-15532

6267,-15164

6267,-15878

6267,-14616

6267,-20676

6273,-24966

6273,-25468

6273,-17384

6273,-20138

6273,-24608

6273,-23642

6273,-24944

6273,-19354

6273,-22984

6273,-22144

6273,-24544

6273,-22084

6273,-13016

6273,-19696

6273,-16732

6273,-18228

6273,-15824

6273,-22816

6273,-17174

6273,-16428

6273,-16746

6273,-14134

6273,-14010

6273,-12870

6273,-12630

6273,-7180

6273,-7316

6274,-8198

6274,-4138

6274,-880

6274,-1238

6274,-8246

6274,-6434

6274,-1288

6274,-3066

6274,-2282

6274,4550

6274,6566

6274,1928

6274,1868

6274,676

6274,-2182

6274,3686

6274,3856

6274,7382

6274,8092

6274,11472

6274,5464

6274,-1244

6274,1136

6274,-4306

6274,-1560

6274,8156

6274,8708

6274,6986

6274,8820

6274,10666

6274,7174

6274,3802

6274,11722

6274,11058

6274,8096

6274,8776

6274,10110

6274,13152

6274,7098

6274,8724

6274,12674

6274,3674

6274,4538

6274,14778

6274,10198

6274,6036

6274,13598

6274,16496

6274,6534

6274,12926

6274,9632

6274,14142

6274,17494

6274,14346

6274,17872

6274,11426

6274,20306

6274,15166

6274,16088

6274,12000

6274,13466

6274,21750

6274,16146

6274,17892

6274,14798

6275,14064

6275,15260

6275,16452

6275,15030

6275,14732

6275,18890

6275,23182

6275,21500

6275,22988

6275,24802

6275,26164

6275,27728

6275,22302

6275,21634

6275,21242

6275,22502

6275,26616

6275,24616

6275,18894

6275,18002

6275,21880

6275,22208

6275,17786

6275,19912

6275,17988

6275,15746

6275,21598

6275,21828

6275,21202

6275,25840

6275,21542

6275,20758

6275,22358

6275,21532

6275,21548

6275,14960

6281,23988

6281,24410

6281,26824

6281,28224

6281,16954

6281,28146

6281,30092

6281,25326

6281,34356

6281,32014

6281,28296

6281,24364

6281,33720

6281,30496

6281,27696

6281,30858

6281,34984

6281,34864

6281,35214

6281,39034

6281,36688

6281,34170

6281,32968

6281,38712

6281,36588

6281,32150

6281,34628

6282,32330

6282,36242

6282,37126

6282,34870

6282,33684

6282,34682

6282,31698

6282,34968

6282,33492

6282,29780

6282,33834

6282,32216

6282,35682

6282,39786

6282,33842

6282,33112

6282,31916

6282,35316

6282,36880

6282,39352

6282,39810

6282,36668

6282,34596

6282,38738

6282,32292

6282,29650

6282,33150

6282,38208

6282,40750

6282,35424

6282,37238

6282,39388

6282,36116

6282,44244

6282,47590

6282,38796

6282,40338

6282,49432

6282,41492

6282,45054

6282,47234

6282,41782

6282,41560

6282,39154

6282,42832

6282,41312

6282,40598

6282,37878

6282,40040

6282,39598

6282,46070

6282,44444

6282,36128

6282,37634

6282,37344

6282,40838

6282,39270

6282,44328

6282,45194

6282,39378

6282,39556

6282,37362

6282,37670

6282,38282

6282,42700

6283,36302

6283,36668

6283,36770

6283,34646

6283,35222

6283,31832

6283,32822

6283,37848

6283,40262

6283,38854

6283,41444

6283,43752

6283,42986

6283,35264

6283,36846

6283,43452

6283,42888

6283,44306

6283,45030

6283,39988

6283,38898

6283,35510

6283,40550

6283,40656

6283,38802

6283,42908

6283,44350

6283,40426

6283,45472

6283,46078

6283,45324

6283,46692

6283,49280

6283,46574

6283,50504

6283,45296

6289,42340

6289,43988

6289,47530

6289,50262

6289,51670

6289,50046

6289,52166

6289,51832

6289,47458

6289,48344

6289,43340

6289,47560

6289,50272

6289,49196

6289,53254

6289,48296

6289,49478

6289,47332

6289,49926

6289,52164

6289,56560

6289,55152

6289,55228

6289,53166

6289,51374

6289,48488

6289,58006

6290,59968

6290,61452

6290,58268

6290,62754

6290,63300

6290,56068

6290,62444

6290,61598

6290,57780

6290,58292

6290,62122

6290,64336

6290,63290

6290,63208

6290,61462

6290,66172

6290,66892

6290,70164

6290,63848

6290,62570

6290,68158

6290,63084

6290,66508

6290,69504

6290,72590

6290,64916

6290,61314

6290,60580

6290,65228

6290,67416

6290,62452

6290,61732

6290,63762

6290,62794

6290,64936

6290,65152

6290,66654

6290,62316

6290,70576

6290,70202

6290,67396

6290,69424

6290,63022

6290,62938

6290,69684

6290,73222

6290,71810

6290,72424

6290,71178

6290,67162

6290,69360

6290,69432

6290,68436

6290,67814

6290,66490

6290,69146

6290,76610

6290,75382

6290,70296

6290,71790

6290,73636

6290,78676

6290,77190

6290,79752

6290,81536

6291,80814

6291,81434

6291,79356

6291,79422

6291,76890

6291,81762

6291,82594

6291,85032

6291,82324

6291,80686

6291,81526

6291,77312

6291,78348

6291,87092

6291,88868

6291,81456

6291,81486

6291,78960

6291,87200

6291,84968

6291,83000

6291,90000

6291,82090

6291,86472

6291,88296

6291,86416

6291,86138

6291,84484

6291,82234

6291,79122

6291,80184

6291,81548

6291,83296

6291,84142

6291,77896

6291,77270

6297,83528

6297,87836

6297,86152

6297,87100

6297,83802

6297,81794

6297,74154

6297,80414

6297,84388

6297,79896

6297,84144

6297,80368

6297,81636

6297,80430

6297,86972

6297,84446

6297,80706

6297,86718

6297,84206

6297,86404

6297,83208

6297,83418

6297,83030

6297,87690

6297,82682

6297,77644

6297,86662

6298,86770

6298,79992

6298,86260

6298,91998

6298,88188

6298,86050

6298,84470

6298,86928

6298,81590

6298,90826

6298,89952

6298,87622

6298,88936

6298,93808

6298,88890

6298,90748

6298,91846

6298,88960

6298,85974

6298,88550

6298,93828

6298,91086

6298,91128

6298,88082

6298,91376

6298,87364

6298,88418

6298,88954

6298,92182

6298,95156

6298,88764

6298,87436

6298,91172

6298,94336

6298,94882

6298,99182

6298,101870

6298,106756

6298,98920

6298,95078

6298,90686

6298,98006

6298,98464

6298,98900

6298,101670

6298,99096

6298,104440

6298,103768

6298,105016

6298,105946

6298,105344

6298,105416

6298,103928

6298,102528

6298,100832

6298,105572

6298,106864

6298,109040

6298,111992

6298,107772

6298,110478

6298,111448

6298,110986

6298,111142

6298,110480

6299,111126

6299,113752

6299,117504

6299,112856

6299,114842

6299,122370

6299,117064

6299,121476

6299,117954

6299,116540

6299,116404

6299,109612

6299,111258

6299,114122

6299,116230

6299,117610

6299,113420

6299,111776

6299,116300

6299,118302

6299,113582

6299,116096

6299,121058

6299,116492

6299,113820

6299,118112

6299,118824

6299,121814

6299,121770

6299,118544

6299,118754

6299,123818

6299,124738

6299,121398

6299,126242

6299,129138

6305,128356

6305,126154

6305,122936

6305,126944

6305,117812

6305,121562

6305,127114

6305,124698

6305,125950

6305,129932

6305,133754

6305,126580

6305,128826

6305,131034

6305,132890

6305,129576

6305,122958

6305,130662

6305,126812

6305,126508

6305,126388

6305,125096

6305,127276

6305,132142

6305,135798

6305,125576

6305,126772

6306,129664

6306,121680

6306,124466

6306,128684

6306,122712

6306,122840

6306,120518

6306,121056

6306,124720

6306,124542

6306,127846

6306,125838

6306,124288

6306,123904

6306,128918

6306,127436

6306,125238

6306,128496

6306,129560

6306,122330

6306,125204

6306,127240

6306,125414

6306,128354

6306,132154

6306,136566

6306,136658

6306,135810

6306,139176

6306,136070

6306,134030

6306,136464

6306,138552

6306,136590

6306,137488

6306,140508

6306,138536

6306,140262

6306,142220

6306,143346

6306,139072

6306,140242

6306,136336

6306,138686

6306,143610

6306,147212

6306,146836

6306,143326

6306,144300

6306,146576

6306,142580

6306,143112

6306,145244

6306,144620

6306,139772

6306,142120

6306,143662

6306,138968

6306,139524

6306,140968

6306,144118

6306,137156

6306,136182

6306,138170

6306,138720

6307,140772

6307,136886

6307,139958

6307,137736

6307,136656

6307,136800

6307,136230

6307,140120

6307,139042

6307,138272

6307,135354

6307,135770

6307,140386

6307,137094

6307,137474

6307,131976

6307,133014

6307,137046

6307,137752

6307,140336

6307,138450

6307,137996

6307,137538

6307,139054

6307,144370

6307,134842

6307,138728

6307,137034

6307,135912

6307,137814

6307,135934

6307,138972

6307,136926

6307,138644

6307,139424

6307,137080

6313,135404

6313,135446

6313,136324

6313,132936

6313,138044

6313,133746

6313,134806

6313,137190

6313,130990

6313,135290

6313,136148

6313,131956

6313,130112

6313,133674

6313,137606

6313,134550

6313,134956

6313,130488

6313,131964

6313,130470

6313,124366

6313,127972

6313,129474

6313,128064

6313,132952

6313,130962

6313,125358

6314,126136

6314,128868

6314,123292

6314,124076

6314,126004

6314,122944

6314,123380

6314,125230

6314,127490

6314,124888

6314,119406

6314,126312

6314,128004

6314,126432

6314,129682

6314,124808

6314,128794

6314,124218

6314,129764

6314,130776

6314,126348

6314,127934

6314,129216

6314,125922

6314,126302

6314,123688

6314,123104

6314,123308

6314,118618

6314,120668

6314,120672

6314,119184

6314,118388

6314,118284

6314,114776

6314,113702

6314,117196

6314,117526

6314,120760

6314,120580

6314,118230

6314,120542

6314,123598

6314,124634

6314,121952

6314,120834

6314,125516

6314,127642

6314,132110

6314,129064

6314,127312

6314,125856

6314,132766

6314,135962

6314,131880

6314,132808

6314,128538

6314,132324

6314,134772

6314,129546

6314,128500

6314,131438

6314,140430

6314,142106

6314,141550

6315,140634

6315,138606

6315,139158

6315,136572

6315,134106

6315,133860

6315,133886

6315,127914

6315,131524

6315,135728

6315,139506

6315,138576

6315,134762

6315,133096

6315,130372

6315,134008

6315,134198

6315,133224

6315,135502

6315,134610

6315,132480

6315,138654

6315,134588

6315,133690

6315,138806

6315,137078

6315,138028

6315,134932

6315,130558

6315,130200

6315,130124

6315,129572

6315,131742

6315,132822

6315,132352

6315,133588

6321,137740

6321,133056

6321,138886

6321,135416

6321,137162

6321,140676

6321,137348

6321,138632

6321,134670

6321,138538

6321,139660

6321,143072

6321,138162

6321,135630

6321,133652

6321,133402

6321,136602

6321,132210

6321,130566

6321,132566

6321,134432

6321,131540

6321,130854

6321,125758

6321,126758

6321,130388

6321,133524

6322,135598

6322,134312

6322,126418

6322,124856

6322,127890

6322,131230

6322,131232

6322,128966

6322,132792

6322,129540

6322,134100

6322,131652

6322,128496

6322,132516

6322,135248

6322,137864

6322,137028

6322,137250

6322,135418

6322,137420

6322,138954

6322,138168

6322,137892

6322,135858

6322,137536

6322,134026

6322,133020

6322,136702

6322,135754

6322,131676

6322,130106

6322,131376

6322,132288

6322,135702

6322,136892

6322,141386

6322,142120

6322,139854

6322,133862

6322,137596

6322,137140

6322,136124

6322,138010

6322,138642

6322,136140

6322,136582

6322,133278

6322,128626

6322,129706

6322,130196

6322,129954

6322,132580

6322,130532

6322,131330

6322,133286

6322,130694

6322,136752

6322,135760

6322,131614

6322,129800

6322,131320

6322,134054

6322,134226

6322,129162

6322,127452

6323,128062

6323,127916

6323,127320

6323,123404

6323,120482

6323,121344

6323,124372

6323,127692

6323,128626

6323,130874

6323,128766

6323,126732

6323,125900

6323,125088

6323,125452

6323,131276

6323,133812

6323,131390

6323,127074

6323,130500

6323,132652

6323,136002

6323,135080

6323,140060

6323,137908

6323,134642

6323,138682

6323,139480

6323,140244

6323,138812

6323,133772

6323,137016

6323,137604

6323,136578

6323,136018

6323,132964

6329,134488

6329,135918

6329,135356

6329,139096

6329,137976

6329,138188

6329,138496

6329,142050

6329,142492

6329,141828

6329,140372

6329,140124

6329,138650

6329,134464

6329,136724

6329,136930

6329,138572

6329,137418

6329,137370

6329,141038

6329,144942

6329,142588

6329,138854

6329,137648

6329,140696

6329,141728

6329,139776

6330,144158

6330,143042

6330,143710

6330,146806

6330,145700

6330,142090

6330,144238

6330,142828

6330,140360

6330,143790

6330,143926

6330,142184

6330,140512

6330,143080

6330,144694

6330,145188

6330,144812

6330,145972

6330,150600

6330,150746

6330,152610

6330,150886

6330,150666

6330,147626

6330,146310

6330,143488

6330,143312

6330,140606

6330,143748

6330,145810

6330,140804

6330,138640

6330,139368

6330,140616

6330,134016

6330,136790

6330,137742

6330,132630

6330,131048

6330,135866

6330,134626

6330,137138

6330,138686

6330,135200

6330,134934

6330,135214

6330,133382

6330,139216

6330,138624

6330,133766

6330,135788

6330,138702

6330,143154

6330,144010

6330,140712

6330,138114

6330,136582

6330,142124

6330,140650

6330,138202

6330,137538

6330,143660

6330,141794

6330,136370

6330,135078

6331,134006

6331,135314

6331,129900

6331,129704

6331,130688

6331,128882

6331,131004

6331,130332

6331,126074

6331,127822

6331,127836

6331,126956

6331,124400

6331,127506

6331,128368

6331,125826

6331,123394

6331,119274

6331,124872

6331,124420

6331,127584

6331,132386

6331,132500

6331,135046

6331,135230

6331,134118

6331,133970

6331,130260

6331,130622

6331,128980

6331,130402

6331,131584

6331,126822

6331,129238

6331,135106

6331,137364

6337,134312

6337,138588

6337,136520

6337,132628

6337,127702

6337,128044

6337,131436

6337,128538

6337,129876

6337,127146

6337,127354

6337,127518

6337,125688

6337,127548

6337,129772

6337,127240

6337,129996

6337,132734

6337,131072

6337,126714

6337,127696

6337,127326

6337,124718

6337,122760

6337,125212

6337,122818

6337,121318

6338,120544

6338,122970

6338,125366

6338,121696

6338,123330

6338,125786

6338,126796

6338,126108

6338,124532

6338,123634

6338,124406

6338,126504

6338,125264

6338,124568

6338,125770

6338,133666

6338,128242

6338,131680

6338,130350

6338,134196

6338,133230

6338,129738

6338,134856

6338,128836

6338,129228

6338,128484

6338,131328

6338,132340

6338,128996

6338,130328

6338,131918

6338,133850

6338,135630

6338,134854

6338,129670

6338,129068

6338,130850

6338,128928

6338,131158

6338,134166

6338,135346

6338,135688

6338,138498

6338,139986

6338,137744

6338,140330

6338,142862

6338,141110

6338,139740

6338,141148

6338,144284

6338,145152

6338,142098

6338,137934

6338,142124

6338,146558

6338,144454

6338,142000

6338,144182

6338,146044

6338,144776

6338,147636

6338,146668

6338,148710

6338,145680

6339,143218

6339,144550

6339,142756

6339,144296

6339,141054

6339,142530

6339,145124

6339,144914

6339,147324

6339,150374

6339,148204

6339,145318

6339,148054

6339,149578

6339,149522

6339,148710

6339,145808

6339,146642

6339,151106

6339,153810

6339,152828

6339,155092

6339,157462

6339,158156

6339,161220

6339,158520

6339,160380

6339,159776

6339,157400

6339,159570

6339,159176

6339,162424

6339,164768

6339,164388

6339,161798

6339,161916

6345,162146

6345,160490

6345,160004

6345,160234

6345,155006

6345,152194

6345,152996

6345,156434

6345,153798

6345,153244

6345,151844

6345,153338

6345,153978

6345,147024

6345,147480

6345,147574

6345,149328

6345,147688

6345,147296

6345,149554

6345,149356

6345,148734

6345,149718

6345,150720

6345,149746

6345,150916

6345,150942

6346,150484

6346,152438

6346,154456

6346,158030

6346,156190

6346,157554

6346,157272

6346,162328

6346,161016

6346,156692

6346,157086

6346,155578

6346,155876

6346,162402

6346,160782

6346,159782

6346,160754

6346,158914

6346,154794

6346,156600

6346,157434

6346,153008

6346,154638

6346,152798

6346,155986

6346,153452

6346,153620

6346,154638

6346,155196

6346,151626

6346,153000

6346,151344

6346,153918

6346,155030

6346,154452

6346,151988

6346,150702

6346,149562

6346,148114

6346,151444

6346,154422

6346,153220

6346,153102

6346,151468

6346,149660

6346,151642

6346,152954

6346,152442

6346,154726

6346,154792

6346,152562

6346,155142

6346,157826

6346,159306

6346,158498

6346,157902

6346,163934

6346,166424

6346,165822

6346,163626

6346,163436

6346,161582

6346,164090

6346,163778

6346,164470

6347,165076

6347,165852

6347,163958

6347,160468

6347,164260

6347,162772

6347,164356

6347,164782

6347,164238

6347,164088

6347,161934

6347,162492

6347,163562

6347,164494

6347,165200

6347,163634

6347,164672

6347,166204

6347,163350

6347,164246

6347,162782

6347,161638

6347,162008

6347,160156

6347,160384

6347,163384

6347,163186

6347,166102

6347,164622

6347,164926

6347,166574

6347,163138

6347,166968

6347,168274

6347,168836

6347,167566

6353,166134

6353,161814

6353,163238

6353,165676

6353,168452

6353,168226

6353,165202

6353,164996

6353,165076

6353,163114

6353,164576

6353,165980

6353,165324

6353,163362

6353,162684

6353,158906

6353,163826

6353,161432

6353,160134

6353,161614

6353,159266

6353,157572

6353,156800

6353,157564

6353,156950

6353,156086

6353,158560

6354,157332

6354,157598

6354,156532

6354,156018

6354,157504

6354,156842

6354,158246

6354,158840

6354,155888

6354,155728

6354,161018

6354,158016

6354,158456

6354,158844

6354,159024

6354,161052

6354,160506

6354,160248

6354,159044

6354,158480

6354,157308

6354,159912

6354,158326

6354,157066

6354,156692

6354,156210

6354,156334

6354,156854

6354,156728

6354,157082

6354,158324

6354,154320

6354,156538

6354,158686

6354,154634

6354,154514

6354,154960

6354,158082

6354,154918

6354,153056

6354,153854

6354,156928

6354,155490

6354,155520

6354,158396

6354,154328

6354,153390

6354,157420

6354,158012

6354,155946

6354,152288

6354,154200

6354,155296

6354,154480

6354,153722

6354,155002

6354,157488

6354,156152

6354,156456

6354,156582

6354,155976

6354,154624

6354,155752

6354,159042

6354,156670

6355,155532

6355,153204

6355,153124

6355,154432

6355,153542

6355,155682

6355,156924

6355,156998

6355,157090

6355,157434

6355,157946

6355,158320

6355,158600

6355,158172

6355,161150

6355,162528

6355,162828

6355,160524

6355,162962

6355,166734

6355,165892

6355,165622

6355,165116

6355,170350

6355,169376

6355,168964

6355,169122

6355,169680

6355,170254

6355,168054

6355,170280

6355,171760

6355,169804

6355,173010

6355,175404

6355,174758

6361,176194

6361,175232

6361,176470

6361,174524

6361,172630

6361,171426

6361,172384

6361,170486

6361,169890

6361,173948

6361,169894

6361,169394

6361,170030

6361,168112

6361,167572

6361,166432

6361,168040

6361,165928

6361,163932

6361,169006

6361,168076

6361,163680

6361,167992

6361,167686

6361,166964

6361,169012

6361,171404

6362,168654

6362,169490

6362,173170

6362,173362

6362,174106

6362,176726

6362,174192

6362,173830

6362,176324

6362,172024

6362,171112

6362,174382

6362,174724

6362,172136

6362,174276

6362,172482

6362,171210

6362,172070

6362,172122

6362,171028

6362,168914

6362,169376

6362,169690

6362,172588

6362,169984

6362,169792

6362,172774

6362,173274

6362,174230

6362,174798

6362,170652

6362,170884

6362,168676

6362,165372

6362,166070

6362,164640

6362,167634

6362,168104

6362,168090

6362,166276

6362,166474

6362,163750

6362,163328

6362,165128

6362,164602

6362,163652

6362,163904

6362,163720

6362,164904

6362,165056

6362,165458

6362,164408

6362,166230

6362,166578

6362,162876

6362,161522

6362,160452

6362,163844

6362,163024

6362,161634

6362,161594

6362,165220

6362,166258

6362,162864

6362,163328

6363,163516

6363,165332

6363,166734

6363,168580

6363,169834

6363,170638

6363,171232

6363,173508

6363,171640

6363,170498

6363,171010

6363,171222

6363,173834

6363,175856

6363,174596

6363,174820

6363,174748

6363,174094

6363,172046

6363,173138

6363,176424

6363,170962

6363,171298

6363,170830

6363,171200

6363,171522

6363,169102

6363,169254

6363,174216

6363,174096

6363,173812

6363,174486

6363,172950

6363,169838

6363,172868

6363,174298

6369,172814

6369,173516

6369,172000

6369,176436

6369,177222

6369,174350

6369,176210

6369,176926

6369,175506

6369,176606

6369,174622

6369,175042

6369,174476

6369,176804

6369,182006

6369,179678

6369,182852

6369,183680

6369,179230

6369,178332

6369,179008

6369,179984

6369,178506

6369,177468

6369,178396

6369,176856

6369,176734

6370,176446

6370,177194

6370,178098

6370,179652

6370,179990

6370,180018

6370,179522

6370,178610

6370,180988

6370,182568

6370,176688

6370,174116

6370,175990

6370,175562

6370,173314

6370,175256

6370,175220

6370,173456

6370,172722

6370,175542

6370,174976

6370,174136

6370,174526

6370,173966

6370,170794

6370,168184

6370,171636

6370,172866

6370,171164

6370,173546

6370,174954

6370,175546

6370,174580

6370,175688

6370,176592

6370,173768

6370,174692

6370,174280

6370,173624

6370,176884

6370,170986

6370,171808

6370,173896

6370,173332

6370,173882

6370,175920

6370,175590

6370,179728

6370,176488

6370,172690

6370,173602

6370,172650

6370,172684

6370,171696

6370,172856

6370,169742

6370,170954

6370,172018

6370,172038

6370,170768

6370,171054

6370,170330

6370,171822

6370,174628

6370,169918

6371,168836

6371,166562

6371,169548

6371,168830

6371,167072

6371,165810

6371,167202

6371,164236

6371,167602

6371,166104

6371,166062

6371,167850

6371,165970

6371,165084

6371,167178

6371,167612

6371,165306

6371,166300

6371,166932

6371,164830

6371,165258

6371,164254

6371,165928

6371,167028

6371,165508

6371,167552

6371,164606

6371,166836

6371,167008

6371,168398

6371,169734

6371,168344

6371,168140

6371,168824

6371,168282

6371,168584

6377,168380

6377,166890

6377,165954

6377,169554

6377,170822

6377,169042

6377,166154

6377,169140

6377,170168

6377,169940

6377,171014

6377,167726

6377,167774

6377,168984

6377,169862

6377,169268

6377,169382

6377,171008

6377,169694

6377,170210

6377,170420

6377,165782

6377,167632

6377,170666

6377,170652

6377,168772

6377,164254

6378,166902

6378,169746

6378,166166

6378,168398

6378,168536

6378,166870

6378,167550

6378,166256

6378,169822

6378,170706

6378,170380

6378,170504

6378,172444

6378,174640

6378,172752

6378,169002

6378,172856

6378,175398

6378,172684

6378,170254

6378,172412

6378,172710

6378,172656

6378,172846

6378,171064

6378,172564

6378,170800

6378,169746

6378,169528

6378,171346

6378,172548

6378,172218

6378,173178

6378,170352

6378,170986

6378,170884

6378,167572

6378,168256

6378,168072

6378,168402

6378,168778

6378,167668

6378,163964

6378,166600

6378,167358

6378,164516

6378,165440

6378,164358

6378,169178

6378,170120

6378,168460

6378,166472

6378,163714

6378,165770

6378,165400

6378,167146

6378,165132

6378,165350

6378,167120

6378,167764

6378,167316

6378,168442

6378,168080

6378,168332

6378,167362

6379,167130

6379,169550

6379,166896

6379,171278

6379,170326

6379,175274

6379,176212

6379,172576

6379,170060

6379,168588

6379,169372

6379,168348

6379,167180

6379,166168

6379,164702

6379,164752

6379,167988

6379,166124

6379,165092

6379,168286

6379,167568

6379,169516

6379,170226

6379,169652

6379,168380

6379,165484

6379,165638

6379,164012

6379,163602

6379,161988

6379,160426

6379,157514

6379,159216

6379,159754

6379,162338

6379,161734

6385,158590

6385,161238

6385,162316

6385,162418

6385,160446

6385,161436

6385,165922

6385,164088

6385,164416

6385,165528

6385,163674

6385,164466

6385,165916

6385,161472

6385,164952

6385,163524

6385,163562

6385,163436

6385,163446

6385,162850

6385,162888

6385,162202

6385,164866

6385,164406

6385,162056

6385,161884

6385,162422

6386,163710

6386,164224

6386,163580

6386,164854

6386,162362

6386,159286

6386,162818

6386,163316

6386,158206

6386,154618

6386,154326

6386,156038

6386,153332

6386,158376

6386,156980

6386,157648

6386,160664

6386,160118

6386,159648

6386,157618

6386,159786

6386,157182

6386,155304

6386,154872

6386,153632

6386,154586

6386,157902

6386,158628

6386,159218

6386,158312

6386,159390

6386,160606

6386,160176

6386,158942

6386,157908

6386,157928

6386,160572

6386,161354

6386,160594

6386,163420

6386,164504

6386,161920

6386,161490

6386,163844

6386,164840

6386,163972

6386,163698

6386,161110

6386,162690

6386,161732

6386,160854

6386,162960

6386,164564

6386,164174

6386,166960

6386,169170

6386,168012

6386,169204

6386,172392

6386,174878

6386,176504

6386,173570

6386,172690

6386,169078

6386,170024

6387,170384

6387,170280

6387,167856

6387,171020

6387,169624

6387,169256

6387,171038

6387,167102

6387,170042

6387,173788

6387,174400

6387,174480

6387,172378

6387,176200

6387,175168

6387,179912

6387,179356

6387,176828

6387,179866

6387,181962

6387,179712

6387,179270

6387,178570

6387,179956

6387,176982

6387,174694

6387,176228

6387,174406

6387,174592

6387,175280

6387,175552

6387,177074

6387,178572

6387,178634

6387,180034

6387,180446

6393,182544

6393,182024

6393,181218

6393,181848

6393,183468

6393,182644

6393,182672

6393,184600

6393,183762

6393,184566

6393,185202

6393,185328

6393,188354

6393,187304

6393,192046

6393,192340

6393,192800

6393,192300

6393,189896

6393,189606

6393,188036

6393,185978

6393,186768

6393,187348

6393,184778

6393,185216

6393,184422

6394,181948

6394,183076

6394,181776

6394,180476

6394,182780

6394,180986

6394,180144

6394,181784

6394,178300

6394,178696

6394,179784

6394,179566

6394,179076

6394,179586

6394,179794

6394,178994

6394,181558

6394,181528

6394,184052

6394,186684

6394,187106

6394,188702

6394,185654

6394,186044

6394,189150

6394,187560

6394,186058

6394,187930

6394,183076

6394,184542

6394,181354

6394,181794

6394,180804

6394,179260

6394,177120

6394,172650

6394,171544

6394,170876

6394,170430

6394,168882

6394,169418

6394,164978

6394,163872

6394,166382

6394,165982

6394,168150

6394,166648

6394,164814

6394,163442

6394,164052

6394,166130

6394,168256

6394,170700

6394,170182

6394,169202

6394,173430

6394,169340

6394,173064

6394,173140

6394,172512

6394,172194

6394,172600

6394,168436

6394,168044

6394,169860

6395,162872

6395,164258

6395,163862

6395,165608

6395,165900

6395,166592

6395,164004

6395,166140

6395,163742

6395,166798

6395,169982

6395,169318

6395,169164

6395,169486

6395,172524

6395,173388

6395,168846

6395,170344

6395,171896

6395,169562

6395,166966

6395,167702

6395,166082

6395,165908

6395,167288

6395,167868

6395,171462

6395,171902

6395,170758

6395,171564

6395,173654

6395,172836

6395,175294

6395,177934

6395,176106

6395,173234

6401,175418

6401,173442

6401,174888

6401,174718

6401,171556

6401,170124

6401,168192

6401,171320

6401,174432

6401,175188

6401,174044

6401,176538

6401,175134

6401,174302

6401,176304

6401,175346

6401,175942

6401,177246

6401,176024

6401,173440

6401,172976

6401,176148

6401,177416

6401,175824

6401,176956

6401,172158

6401,171540

6402,173020

6402,175078

6402,174974

6402,174990

6402,174182

6402,173230

6402,176778

6402,175512

6402,176858

6402,175114

6402,175120

6402,179794

6402,176432

6402,176904

6402,180316

6402,176628

6402,178590

6402,178890

6402,181604

6402,182172

6402,180948

6402,181894

6402,178646

6402,178334

6402,180712

6402,183842

6402,185668

6402,183266

6402,182576

6402,183384

6402,184188

6402,184226

6402,184512

6402,183634

6402,182872

6402,183522

6402,176848

6402,176822

6402,179532

6402,180560

6402,179428

6402,177478

6402,179860

6402,179820

6402,182796

6402,182672

6402,183654

6402,184708

6402,183074

6402,181614

6402,181838

6402,182968

6402,181476

6402,180908

6402,183964

6402,181614

6402,183150

6402,181318

6402,180290

6402,181478

6402,182350

6402,181862

6402,181594

6402,183368

6402,182384

6403,186356

6403,188620

6403,189574

6403,190810

6403,188496

6403,188710

6403,186732

6403,185124

6403,185006

6403,181308

6403,180750

6403,181956

6403,180440

6403,179398

6403,178396

6403,180836

6403,181338

6403,182280

6403,183990

6403,184336

6403,186628

6403,190616

6403,194312

6403,189496

6403,188286

6403,189984

6403,190174

6403,193414

6403,195150

6403,193842

6403,193838

6403,193476

6403,192742

6403,194174

6403,189396

6403,189464

6409,190906

6409,191044

6409,191846

6409,192520

6409,190900

6409,190060

6409,191988

6409,195100

6409,192510

6409,190458

6409,188210

6409,188430

6409,188958

6409,188542

6409,188260

6409,189030

6409,188116

6409,189266

6409,190916

6409,191862

6409,188842

6409,193840

6409,196856

6409,197312

6409,196248

6409,197132

6409,196256

6410,196070

6410,197942

6410,199416

6410,200514

6410,200518

6410,199430

6410,200880

6410,198684

6410,198122

6410,197778

6410,194234

6410,195876

6410,197398

6410,198630

6410,199628

6410,198306

6410,196044

6410,198582

6410,197994

6410,197344

6410,198050

6410,201132

6410,202554

6410,202238

6410,203942

6410,203776

6410,205820

6410,207994

6410,204682

6410,205588

6410,208844

6410,212130

6410,210298

6410,211092

6410,210812

6410,208758

6410,206528

6410,206998

6410,203806

6410,204024

6410,200774

6410,200648

6410,201016

6410,198752

6410,196814

6410,194276

6410,194672

6410,195238

6410,196526

6410,198774

6410,196502

6410,200920

6410,201792

6410,202292

6410,207092

6410,204754

6410,209662

6410,211422

6410,208980

6410,209176

6410,205430

6410,203558

6410,204968

6410,203742

6410,204314

6411,203068

6411,202752

6411,203900

6411,201738

6411,199518

6411,199420

6411,202032

6411,202008

6411,199614

6411,197118

6411,195494

6411,195458

6411,197382

6411,196716

6411,196362

6411,196510

6411,194904

6411,194114

6411,197358

6411,196294

6411,193136

6411,194452

6411,196038

6411,193894

6411,194080

6411,196536

6411,194042

6411,192848

6411,196386

6411,197900

6411,194668

6411,197896

6411,196522

6411,198850

6411,201044

6411,200086

6417,200142

6417,198570

6417,198936

6417,200772

6417,202016

6417,202978

6417,204944

6417,201602

6417,201778

6417,201074

6417,205232

6417,204392

6417,203838

6417,203508

6417,205384

6417,203316

6417,203120

6417,202074

6417,200248

6417,201524

6417,196224

6417,197866

6417,193278

6417,190228

6417,190200

6417,191112

6417,191870

6418,194106

6418,195490

6418,192224

6418,192850

6418,198346

6418,194708

6418,196518

6418,197768

6418,195130

6418,195702

6418,194502

6418,194958

6418,193960

6418,194252

6418,194404

6418,193636

6418,192158

6418,195910

6418,194470

6418,193956

6418,194494

6418,193214

6418,191988

6418,193562

6418,189448

6418,188758

6418,189172

6418,189906

6418,190852

6418,186364

6418,187972

6418,186154

6418,185530

6418,187382

6418,185828

6418,186724

6418,187192

6418,185140

6418,183880

6418,185876

6418,188984

6418,187922

6418,186838

6418,188620

6418,188450

6418,189032

6418,190750

6418,188514

6418,189550

6418,191374

6418,190792

6418,192470

6418,187890

6418,189740

6418,194074

6418,188874

6418,188930

6418,190514

6418,188306

6418,189212

6418,188452

6418,187808

6418,189286

6418,192464

6418,192442

6419,192798

6419,190592

6419,190036

6419,190980

6419,191994

6419,195140

6419,193088

6419,194686

6419,193636

6419,193888

6419,196966

6419,192824

6419,192762

6419,191858

6419,188276

6419,191320

6419,189520

6419,188460

6419,187402

6419,186274

6419,190236

6419,191622

6419,189402

6419,189820

6419,190860

6419,191034

6419,193014

6419,192810

6419,193124

6419,191660

6419,193448

6419,192340

6419,192586

6419,193102

6419,189502

6419,190616

6425,191950

6425,190558

6425,189046

6425,185674

6425,186116

6425,186608

6425,185388

6425,184010

6425,182152

6425,183216

6425,183806

6425,185898

6425,186390

6425,187240

6425,184530

6425,186382

6425,186332

6425,186208

6425,189102

6425,191950

6425,191020

6425,189734

6425,188912

6425,186308

6425,187342

6425,188600

6425,187118

6426,186380

6426,188164

6426,187294

6426,189824

6426,189524

6426,189952

6426,191318

6426,192722

6426,191816

6426,190696

6426,192410

6426,195116

6426,197280

6426,192654

6426,191318

6426,192060

6426,192198

6426,190682

6426,191074

6426,191522

6426,188536

6426,189538

6426,188138

6426,189202

6426,190578

6426,192512

6426,188848

6426,188230

6426,192746

6426,189366

6426,187940

6426,193776

6426,188882

6426,191660

6426,194012

6426,192982

6426,193322

6426,195346

6426,192744

6426,192632

6426,193674

6426,194560

6426,193828

6426,193602

6426,192626

6426,191322

6426,192288

6426,193048

6426,198278

6426,195694

6426,194990

6426,194110

6426,195090

6426,196820

6426,195104

6426,196016

6426,194100

6426,193110

6426,192204

6426,192942

6426,195020

6426,194616

6426,196290

6426,196210

6426,199464

6427,199248

6427,197248

6427,195376

6427,199192

6427,202104

6427,201272

6427,200060

6427,201276

6427,201692

6427,200952

6427,202640

6427,202002

6427,201524

6427,202414

6427,202022

6427,201668

6427,198880

6427,196696

6427,198198

6427,199918

6427,200176

6427,200030

6427,198680

6427,202474

6427,200758

6427,206038

6427,201498

6427,199944

6427,204264

6427,202652

6427,203978

6427,202142

6427,200992

6427,204464

6427,205404

6427,202616

6433,203440

6433,201404

6433,204292

6433,204360

6433,205688

6433,207814

6433,206050

6433,205664

6433,202834

6433,204426

6433,203858

6433,203114

6433,205526

6433,205368

6433,205156

6433,203890

6433,202200

6433,201610

6433,200658

6433,198700

6433,195862

6433,195674

6433,194758

6433,196314

6433,196178

6433,192000

6433,195302

6434,198078

6434,200356

6434,199726

6434,199062

6434,200418

6434,201950

6434,202006

6434,202824

6434,198792

6434,195726

6434,197238

6434,198316

6434,197706

6434,198314

6434,198988

6434,198492

6434,199098

6434,199530

6434,199152

6434,196924

6434,201150

6434,198978

6434,197892

6434,199914

6434,196912

6434,196566

6434,199814

6434,200426

6434,198008

6434,197890

6434,197868

6434,196298

6434,195130

6434,193074

6434,191750

6434,193720

6434,192622

6434,193104

6434,194352

6434,190474

6434,194044

6434,192848

6434,190664

6434,190630

6434,189790

6434,192266

6434,193878

6434,193916

6434,194602

6434,190944

6434,189104

6434,188896

6434,186798

6434,188084

6434,188432

6434,186950

6434,188892

6434,186578

6434,187142

6434,185724

6434,183282

6434,186330

6434,184780

6434,184810

6434,185076

6435,187998

6435,189540

6435,188222

6435,185026

6435,187018

6435,187472

RAW_SUMMARY id=1 requested=5600 captured=5600 unused_capacity=400 max_pcm_abs=221774 raw_mean=-13490.7 raw_abs_mean=149457.5 raw_min=-221774 raw_max=212130 baseline=-38.3

OK RAW

