# run: cfg_undecoded_1
# firmware: role=analyzer git=9f584bb version=0.4.0
# imported-from: undecoded_1.log (mtime 2026-10-09T10:41:15)
RAW_INFO mode=i2s output=csv

RAW_INFO row_size=12

RAW_BEGIN id=1 sr=16000 trigger_ms=6099 command_ms=6084 emit_seen=1 emit_start_ms=6099 emit_done_ms=6102 f=3200 dur=1 pre_ms=0 post_ms=350 decim=1 pre_samples=0 post_samples=5600 mode=i2s output=csv fields=ms,pcm

ms,pcm

6101,6321152

6101,6658560

6101,6237696

6101,6641152

6101,6523904

6101,6275072

6101,6606336

6101,6156288

6101,6098432

6101,5842432

6101,5953536

6101,5939200

6101,5493248

6101,5726208

6101,5890048

6101,5450752

6101,5698560

6101,5703680

6101,5240320

6101,5401600

6101,5483008

6101,5601792

6101,5702144

6101,6056448

6101,5902336

6101,5645312

6101,5462528

6101,6068736

6101,5830144

6101,5604864

6101,5821952

6101,5317632

6101,5368320

6101,5005824

6101,4956160

6101,4720640

6101,5159936

6101,4690944

6102,4726784

6102,4710912

6102,4880896

6102,4844032

6102,4461568

6102,4356608

6102,3987456

6102,4077056

6102,4160512

6102,4185600

6102,3962368

6102,4213760

6102,4115456

6102,3846144

6102,4075008

6102,4252160

6102,4073472

6102,3953152

6102,4049408

6102,3557888

6102,3747840

6102,3663872

6102,3846656

6102,3802624

6102,3847680

6102,4357120

6102,4383232

6102,4013056

6102,3983360

6102,4122112

6103,3826176

6103,4143104

6103,4012032

6103,3788288

6103,3865088

6103,3577344

6103,3653632

6103,3625472

6103,3461632

6103,3799040

6103,3778560

6103,3300864

6103,3425792

6103,3712000

6104,3571712

6104,3937280

6104,3402240

6104,3936768

6104,3879424

6104,3508224

6104,3846656

6104,3970048

6104,3947520

6104,3709440

6105,3781632

6105,3356672

6105,3505152

6105,3034112

6105,3116032

6105,3315200

6105,2910208

6105,2873344

6105,2597888

6105,2803712

6105,2896384

6105,3109888

6105,2949120

6105,2835456

6105,3229696

6105,2963456

6105,2607616

6105,2865664

6105,2678784

6105,2314240

6105,2530816

6105,2141696

6105,2168320

6105,2387456

6105,2675200

6105,2587648

6105,2338816

6105,2534912

6106,2299904

6106,2242048

6106,2381312

6106,2179584

6106,2426880

6106,2064896

6106,2018816

6106,2248704

6106,2033152

6106,2616320

6106,2569216

6106,2531328

6106,2617856

6106,2620928

6106,2089984

6106,2082304

6106,1851904

6106,2289152

6106,2451456

6106,2578432

6106,2429440

6106,2406912

6106,2287616

6106,2156032

6106,2455552

6106,2045952

6106,2095104

6106,2251264

6106,2337792

6106,2256896

6106,2297344

6106,2230272

6106,2065920

6106,2426368

6106,2793984

6106,2379776

6106,2442240

6106,2334720

6106,2023424

6106,2435072

6106,2314240

6106,2042368

6106,2073600

6106,1794560

6106,1657856

6106,2235392

6106,1874944

6106,2086912

6106,2204160

6106,2577408

6106,2139648

6106,2831360

6106,2595840

6106,2821120

6106,2926080

6106,2459648

6106,2358272

6106,2852864

6106,3173376

6106,2955776

6106,3663872

6106,2980352

6106,3364864

6106,3204608

6106,3177472

6107,3606016

6107,3713536

6107,3166208

6107,3278848

6107,3001856

6107,2978304

6107,3264000

6107,3269120

6107,3227136

6107,3602432

6107,3629568

6107,3301888

6107,3435520

6107,3360768

6107,3299328

6107,3650048

6107,3005440

6107,3093504

6107,3008000

6107,3216896

6107,2989568

6107,2921984

6107,3445248

6107,3228672

6107,3383296

6107,2965504

6107,3091456

6107,3547648

6107,3423232

6107,3596800

6107,3505664

6107,3436544

6107,3553792

6107,3788288

6107,3555840

6113,3647488

6113,3718656

6113,3609600

6113,3623936

6113,4362240

6113,3976192

6113,3703808

6113,3933184

6113,3842560

6113,4152832

6113,3843584

6113,3793920

6113,3927552

6113,3807744

6113,4075520

6113,4092416

6113,3813888

6113,3907584

6113,3437568

6113,3812352

6113,3652096

6113,3281408

6113,3914752

6113,3926528

6113,3676672

6113,3999744

6113,4079616

6113,4076032

6114,4390400

6114,4557824

6114,4865024

6114,5337600

6114,4954112

6114,5067264

6114,5236224

6114,5587968

6114,5248000

6114,5671936

6114,5670400

6114,5982720

6114,6137344

6114,6229504

6114,5852672

6114,6157312

6114,6495744

6114,6136320

6114,6070784

6114,6010368

6114,5732864

6114,6130688

6114,6606336

6114,6297088

6114,6394368

6114,5908992

6114,5778432

6114,6084096

6114,6243328

6114,6232576

6114,6196224

6114,5982720

6114,6151168

6114,6275584

6114,6710272

6114,6180864

6114,6386688

6114,6506496

6114,6434816

6114,6506496

6114,6560768

6114,7378944

6114,6893568

6114,6686720

6114,6911488

6114,6809600

6114,6540288

6114,6921728

6114,6950400

6114,7172096

6114,7418880

6114,7652864

6114,7366144

6114,7143936

6114,7128576

6114,7223296

6114,6907904

6114,7195648

6114,6843904

6114,6769664

6114,7331328

6114,7315456

6114,7750656

6114,7283712

6114,6811136

6115,7036928

6115,6785024

6115,7182848

6115,7138304

6115,7412224

6115,7344640

6115,7292416

6115,7498752

6115,7392256

6115,7476224

6115,7631360

6115,7209984

6115,7356928

6115,7348224

6115,6714880

6115,7330816

6115,7094272

6115,7596544

6115,7171584

6115,7200256

6115,7762432

6115,7961088

6115,7592448

6115,7954432

6115,8144896

6115,8146944

6115,8419328

6115,8503296

6115,8340992

6115,8612864

6115,8359936

6115,8323584

6115,8321536

6115,8845312

6115,8721408

6121,8857088

6121,9000960

6121,8732672

6121,8608256

6121,8248320

6121,8135680

6121,8379392

6121,8592384

6121,8389632

6121,8966144

6121,9285120

6121,8983552

6121,9059328

6121,8570880

6121,8449536

6121,8736256

6121,8669696

6121,8504832

6121,8284160

6121,8432128

6121,8590848

6121,8259072

6121,8490496

6121,8494080

6121,8631808

6121,8743424

6121,8867840

6121,8550400

6122,8603648

6122,8540160

6122,8451584

6122,8208896

6122,8638464

6122,8786432

6122,8481280

6122,8827392

6122,8694272

6122,8657920

6122,8939520

6122,8537600

6122,8992768

6122,8910848

6122,9068544

6122,8747520

6122,8312832

6122,8147456

6122,8544256

6122,8014848

6122,8703488

6122,8568320

6122,8744448

6122,8812032

6122,8553472

6122,9060352

6122,8552960

6122,8560640

6122,9007616

6122,8585728

6122,8947200

6122,9041408

6122,9119744

6122,9230848

6122,9211904

6122,8994816

6122,8924160

6122,9560576

6122,9270784

6122,9451520

6122,9469440

6122,9997824

6122,9473536

6122,9365504

6122,9843200

6122,9203200

6122,9690624

6122,9725440

6122,9718784

6122,9309696

6122,9437696

6122,10207744

6122,10050560

6122,9394176

6122,9216000

6122,9297408

6122,9435136

6122,9702912

6122,9184256

6122,9350656

6122,9451520

6122,9581568

6122,9416192

6122,9012736

6122,9144320

6123,9344000

6123,9494528

6123,9188352

6123,9048064

6123,9257984

6123,9378816

6123,9498624

6123,9526272

6123,9613312

6123,9111552

6123,9714688

6123,9411072

6123,9379840

6123,9133056

6123,9262592

6123,9398784

6123,8859648

6123,9197056

6123,9198080

6123,8993792

6123,9266688

6123,9302528

6123,9389056

6123,9272320

6123,9300992

6123,9171456

6123,9182720

6123,9079808

6123,9350656

6123,9144320

6123,8972800

6123,9366016

6123,9054720

6123,8765440

6123,8934400

6129,9132032

6129,9158144

6129,9202176

6129,9297920

6129,9099776

6129,8760320

6129,8804352

6129,8665600

6129,9158144

6129,9256960

6129,8748032

6129,8598528

6129,8597504

6129,8502784

6129,8343040

6129,8389632

6129,8274432

6129,8503808

6129,8316928

6129,8398336

6129,8170496

6129,8163840

6129,8035328

6129,8116736

6129,7713280

6129,8194048

6129,7794688

6129,7862272

6130,7639040

6130,7627776

6130,7757824

6130,8038400

6130,7623680

6130,7418880

6130,7668736

6130,8065536

6130,7610880

6130,7363072

6130,7020032

6130,7100928

6130,7264768

6130,7534592

6130,7357440

6130,6930944

6130,7022080

6130,6828032

6130,7444992

6130,7425536

6130,6648320

6130,6612992

6130,6611968

6130,6868992

6130,6612480

6130,6778368

6130,6642688

6130,6479872

6130,7421952

6130,7105024

6130,6937600

6130,6945792

6130,6852096

6130,6910976

6130,7016960

6130,6505984

6130,6903296

6130,7297024

6130,6887936

6130,6723072

6130,6834688

6130,6922240

6130,7088640

6130,6782464

6130,6788096

6130,6728704

6130,6611456

6130,6206976

6130,6621696

6130,6521344

6130,6630912

6130,6409216

6130,6435328

6130,6670336

6130,6518784

6130,6469120

6130,6419456

6130,6239744

6130,6236672

6130,6074880

6130,6000128

6130,6088704

6130,5989888

6130,6607360

6130,6242816

6131,6138880

6131,5776384

6131,6127616

6131,5981696

6131,5968896

6131,5833728

6131,5892096

6131,6219264

6131,5710336

6131,5901312

6131,6089728

6131,5657088

6131,5727232

6131,5926400

6131,5928448

6131,5691392

6131,5588992

6131,5706752

6131,5747712

6131,5553152

6131,5328896

6131,5777920

6131,5889024

6131,5957120

6131,5545472

6131,5745664

6131,5555712

6131,5317120

6131,5391872

6131,5197312

6131,5312000

6131,5606912

6131,5106688

6131,5074432

6131,5188096

6137,5078528

6137,5171712

6137,5327360

6137,5031424

6137,4957696

6137,5250560

6137,4908032

6137,5471232

6137,5341696

6137,4806656

6137,5240320

6137,4994560

6137,4908032

6137,4908544

6137,4866048

6137,4722688

6137,4414464

6137,4426752

6137,4480000

6137,4592128

6137,4561408

6137,5004800

6137,4845056

6137,4250112

6137,4505088

6137,4399104

6137,4494848

6137,4484608

6138,4294144

6138,4289536

6138,4246016

6138,4035072

6138,3793920

6138,3339264

6138,3806720

6138,3442688

6138,3439104

6138,3438080

6138,3683328

6138,3141632

6138,2760192

6138,3405312

6138,3657728

6138,3590144

6138,3621888

6138,3481088

6138,3265024

6138,3077120

6138,3400704

6138,3549184

6138,3373056

6138,3930112

6138,3878912

6138,3809280

6138,3866624

6138,3820544

6138,4110848

6138,3950080

6138,4045824

6138,3609600

6138,3824640

6138,3424256

6138,3389440

6138,3304448

6138,3366400

6138,2977792

6138,2514432

6138,3319296

6138,3452928

6138,3681792

6138,3167232

6138,3466752

6138,3383808

6138,2918400

6138,3446272

6138,3667456

6138,3040768

6138,3081728

6138,2719744

6138,3036672

6138,2951168

6138,3467264

6138,3158528

6138,3242496

6138,3373056

6138,3284480

6138,3176960

6138,3138560

6138,3305984

6138,2756608

6138,2741760

6138,2601472

6138,3266560

6139,3234304

6139,2678272

6139,2729472

6139,2048000

6139,2150400

6139,2104832

6139,2076672

6139,2337280

6139,1982976

6139,1893376

6139,2610688

6139,2311680

6139,1865216

6139,2142720

6139,1932800

6139,1957376

6139,2119168

6139,1886208

6139,1534976

6139,1474048

6139,1884672

6139,1943552

6139,1794048

6139,1939456

6139,2356224

6139,2174464

6139,2306048

6139,1753600

6139,1687552

6139,1495040

6139,1809408

6139,1144320

6139,1272832

6139,1584640

6139,873472

6145,878080

6145,815104

6145,425472

6145,1117184

6145,753664

6145,585728

6145,356864

6145,404480

6145,317440

6145,644608

6145,373760

6145,680448

6145,587264

6145,553472

6145,782848

6145,592384

6145,201216

6145,186880

6145,342528

6145,403968

6145,181248

6145,566784

6145,224256

6145,270336

6145,-266752

6145,-288256

6145,1024

6145,12288

6146,-408576

6146,-164352

6146,60928

6146,-61440

6146,-167424

6146,-19968

6146,-198144

6146,-373760

6146,-650240

6146,-466944

6146,-269824

6146,-681472

6146,-558080

6146,-368640

6146,-688640

6146,-512000

6146,-621568

6146,-925696

6146,-897024

6146,-1204736

6146,-1234944

6146,-854016

6146,-1233920

6146,-1150464

6146,-1347584

6146,-1293824

6146,-1419776

6146,-1605632

6146,-1379328

6146,-1412608

6146,-1485824

6146,-1990656

6146,-2043904

6146,-1776128

6146,-1523200

6146,-1613824

6146,-1469440

6146,-1226752

6146,-1255936

6146,-1598464

6146,-1111040

6146,-1699840

6146,-2058240

6146,-1875968

6146,-1867264

6146,-1827328

6146,-1314816

6146,-2183168

6146,-2054656

6146,-2390528

6146,-2020864

6146,-1637376

6146,-2189824

6146,-2021888

6146,-2169856

6146,-1626624

6146,-1546752

6146,-1465344

6146,-1850880

6146,-1411072

6146,-1298944

6146,-1169920

6146,-1082880

6146,-969216

6146,-551424

6147,-205312

6147,-325120

6147,-489984

6147,-479232

6147,-927232

6147,-257536

6147,-186880

6147,-357376

6147,-605696

6147,-566784

6147,-475648

6147,-563200

6147,-643584

6147,-606208

6147,-388608

6147,-217600

6147,-391168

6147,-483840

6147,182784

6147,311296

6147,-120320

6147,326144

6147,112128

6147,-455168

6147,-770560

6147,-956416

6147,-899584

6147,-672256

6147,-398336

6147,-87552

6147,-667648

6147,-1330688

6147,-1288192

6147,-1455104

6147,-1224192

6153,-850944

6153,-877056

6153,-761856

6153,-515584

6153,-501248

6153,-250368

6153,-817152

6153,-431104

6153,-410624

6153,-460288

6153,-271872

6153,-254464

6153,-351744

6153,-600064

6153,-314368

6153,-423424

6153,-511488

6153,-505344

6153,-155136

6153,-259072

6153,-498688

6153,-1115136

6153,-1007104

6153,-1037312

6153,-800768

6153,-472576

6153,-775680

6153,-626688

6154,-1032704

6154,-943616

6154,-1475584

6154,-966144

6154,-782848

6154,-1085952

6154,-814080

6154,-1139200

6154,-1144320

6154,-476160

6154,-425472

6154,-283648

6154,-722944

6154,-550912

6154,-733696

6154,-880128

6154,-629248

6154,-544256

6154,-664064

6154,-655872

6154,-652800

6154,-487936

6154,-312832

6154,-448512

6154,-547840

6154,-839168

6154,-411648

6154,-501248

6154,-518144

6154,-257024

6154,-553472

6154,-451072

6154,-764928

6154,-689152

6154,-411136

6154,-858112

6154,-761344

6154,-906752

6154,-833024

6154,-630784

6154,-592384

6154,-641536

6154,-932864

6154,-513024

6154,-781312

6154,-392704

6154,-904704

6154,-1176064

6154,-865792

6154,-686080

6154,-413184

6154,-663040

6154,-871424

6154,-332800

6154,-706048

6154,-358912

6154,-268288

6154,-484864

6154,-434688

6154,-415232

6154,-228352

6154,-109056

6154,-323072

6154,-306688

6154,321536

6155,70144

6155,-103936

6155,18944

6155,-281088

6155,-394752

6155,-150016

6155,-41472

6155,-433152

6155,-292864

6155,-262144

6155,-474624

6155,135168

6155,181248

6155,-80384

6155,-26624

6155,168448

6155,132608

6155,283136

6155,17920

6155,-214016

6155,-144896

6155,73728

6155,-92160

6155,-142848

6155,259584

6155,-126464

6155,-214528

6155,145920

6155,-18944

6155,-163328

6155,2560

6155,44032

6155,117248

6155,368128

6155,464896

6161,802816

6161,637952

6161,427008

6161,-31232

6161,2048

6161,199168

6161,61952

6161,229376

6161,80384

6161,-307200

6161,62464

6161,-381440

6161,-528896

6161,-604160

6161,-267776

6161,-219136

6161,132608

6161,-575488

6161,-363008

6161,488448

6161,488448

6161,121856

6161,943104

6161,496640

6161,809472

6161,1168896

6161,1044992

6161,1109504

6162,685056

6162,841216

6162,1271296

6162,751616

6162,346624

6162,698368

6162,835072

6162,1148928

6162,931328

6162,158720

6162,115200

6162,517632

6162,282112

6162,433664

6162,1108992

6162,480256

6162,349696

6162,748032

6162,376320

6162,247808

6162,273408

6162,351232

6162,546816

6162,285696

6162,-52224

6162,-97792

6162,-31744

6162,-567808

6162,-544768

6162,-647168

6162,-463360

6162,-517632

6162,-423424

6162,-390144

6162,-281600

6162,-441344

6162,-187904

6162,-370176

6162,-477184

6162,-570368

6162,-196608

6162,91136

6162,-113152

6162,529920

6162,202240

6162,239104

6162,-379392

6162,43520

6162,-320000

6162,-48128

6162,-271872

6162,-216064

6162,-105472

6162,-787968

6162,-899584

6162,-535552

6162,-648704

6162,-791040

6162,-868352

6162,-983552

6162,-955392

6162,-1058816

6162,-1085952

6162,-1379840

6162,-1601024

6163,-1299968

6163,-1520640

6163,-1883136

6163,-1870336

6163,-2078720

6163,-1660416

6163,-2514432

6163,-2601472

6163,-2075136

6163,-2032640

6163,-2328576

6163,-2154496

6163,-2101760

6163,-2335232

6163,-2178560

6163,-2559488

6163,-2446848

6163,-2368000

6163,-2285568

6163,-2342400

6163,-2356736

6163,-2649600

6163,-2403840

6163,-2635264

6163,-2663424

6163,-2000384

6163,-2332672

6163,-2671616

6163,-2810368

6163,-2658304

6163,-2792960

6163,-2901504

6163,-3226112

6163,-2493952

6163,-3076608

6169,-3131904

6169,-3069440

6169,-3092480

6169,-3390976

6169,-3596800

6169,-3149312

6169,-3059200

6169,-3309056

6169,-3340288

6169,-3858944

6169,-3365888

6169,-3934720

6169,-3691520

6169,-3779584

6169,-4001280

6169,-4494848

6169,-4406784

6169,-4078592

6169,-4370944

6169,-3900416

6169,-4448768

6169,-4246528

6169,-4831744

6169,-4725760

6169,-4703744

6169,-4738048

6169,-4368384

6169,-4574208

6170,-4490240

6170,-4657664

6170,-5006336

6170,-5215232

6170,-5326336

6170,-5126656

6170,-5120000

6170,-5217280

6170,-4994560

6170,-5063168

6170,-5227008

6170,-5170176

6170,-5460480

6170,-4757504

6170,-4860928

6170,-5307392

6170,-5476352

6170,-5528576

6170,-5091328

6170,-5822976

6170,-5649920

6170,-5937664

6170,-5584384

6170,-4964352

6170,-5203968

6170,-5794816

6170,-5590016

6170,-5774848

6170,-5739008

6170,-5773312

6170,-6388736

6170,-6210560

6170,-6121984

6170,-5912576

6170,-5883904

6170,-5963776

6170,-6173184

6170,-6597632

6170,-6415872

6170,-6360064

6170,-6568960

6170,-6575616

6170,-6572544

6170,-6908416

6170,-6674944

6170,-6662656

6170,-6760448

6170,-6994944

6170,-6708224

6170,-6802432

6170,-6819840

6170,-7127552

6170,-7277056

6170,-7145984

6170,-7083520

6170,-7522304

6170,-7204864

6170,-7343616

6170,-7358976

6170,-7756288

6170,-7405568

6170,-7373312

6170,-7606784

6170,-7450624

6170,-7540224

6171,-7739392

6171,-7991296

6171,-7917056

6171,-7387648

6171,-7619584

6171,-8146944

6171,-7903232

6171,-7542784

6171,-7642624

6171,-7516672

6171,-7967232

6171,-7652352

6171,-7393280

6171,-7455744

6171,-7498240

6171,-7914496

6171,-7780352

6171,-8171008

6171,-7952384

6171,-8129536

6171,-7960576

6171,-8620544

6171,-8214016

6171,-8009728

6171,-8040448

6171,-7929856

6171,-8198656

6171,-8298496

6171,-8130048

6171,-8137728

6171,-8446464

6171,-8296960

6171,-8586240

6171,-8359424

6171,-8175616

6177,-8613888

6177,-8857600

6177,-8812544

6177,-8678912

6177,-8788992

6177,-8924672

6177,-8569344

6177,-8915968

6177,-9061888

6177,-9397760

6177,-9395712

6177,-9147392

6177,-8535552

6177,-8923648

6177,-8952320

6177,-9142272

6177,-9058304

6177,-8645632

6177,-9138176

6177,-9144320

6177,-9204736

6177,-9435648

6177,-9739264

6177,-9134592

6177,-9038848

6177,-9003008

6177,-9313280

6177,-9597952

6178,-9717760

6178,-9644544

6178,-9630208

6178,-9818112

6178,-9526272

6178,-9639936

6178,-9738752

6178,-9561600

6178,-9155072

6178,-8725504

6178,-8841728

6178,-9182720

6178,-9125376

6178,-9037824

6178,-9217024

6178,-8881664

6178,-8986624

6178,-9127424

6178,-8974848

6178,-8786432

6178,-8828416

6178,-8919552

6178,-8962048

6178,-9265664

6178,-9420800

6178,-9137152

6178,-8929280

6178,-8968704

6178,-9502208

6178,-9606656

6178,-9187328

6178,-9157120

6178,-8799232

6178,-8921088

6178,-8864256

6178,-8949760

6178,-9065472

6178,-8949760

6178,-8536064

6178,-8720896

6178,-8989696

6178,-8977920

6178,-8900096

6178,-8751104

6178,-9053184

6178,-8998400

6178,-8797696

6178,-9358336

6178,-8962560

6178,-8925696

6178,-8832000

6178,-8787456

6178,-8340480

6178,-8996352

6178,-8909824

6178,-8638464

6178,-8952320

6178,-8347136

6178,-8143872

6178,-8641536

6178,-8951296

6178,-8870400

6178,-8774656

6178,-8875520

6178,-8288768

6179,-8299008

6179,-8935424

6179,-8563712

6179,-8028672

6179,-7662080

6179,-7609856

6179,-7669760

6179,-7718912

6179,-7629824

6179,-7622144

6179,-7680000

6179,-7346176

6179,-7078912

6179,-7226368

6179,-7694848

6179,-7478784

6179,-7408128

6179,-7167488

6179,-7013888

6179,-6709248

6179,-6964224

6179,-7318016

6179,-7291904

6179,-6883328

6179,-6792704

6179,-6755840

6179,-6874624

6179,-6665216

6179,-6482432

6179,-6898176

6179,-6530048

6179,-6430208

6179,-6056448

6179,-6251520

6179,-6465024

6185,-6440448

6185,-6544896

6185,-6642176

6185,-6647296

6185,-6253056

6185,-6196736

6185,-6293504

6185,-5867520

6185,-5881344

6185,-5678592

6185,-6020096

6185,-5967360

6185,-5637632

6185,-5433344

6185,-5142016

6185,-5039616

6185,-5297152

6185,-4738048

6185,-5149184

6185,-5073408

6185,-4753408

6185,-5407744

6185,-5383168

6185,-5147648

6185,-5598208

6185,-5412864

6185,-4508672

6185,-4923904

6186,-4828672

6186,-4709376

6186,-4357632

6186,-4257280

6186,-4742656

6186,-4336128

6186,-4054528

6186,-4461568

6186,-4270592

6186,-4336128

6186,-4190720

6186,-4183040

6186,-4410368

6186,-4207616

6186,-3811328

6186,-3796992

6186,-4026880

6186,-3917824

6186,-3717120

6186,-3432448

6186,-3540992

6186,-3644928

6186,-3913728

6186,-3429888

6186,-2955264

6186,-3518976

6186,-3305472

6186,-3332608

6186,-3322880

6186,-3002368

6186,-3386880

6186,-3235840

6186,-3063808

6186,-2921984

6186,-3054592

6186,-2821632

6186,-2929664

6186,-2860032

6186,-2491904

6186,-2553856

6186,-2507264

6186,-2659840

6186,-2178048

6186,-2188288

6186,-2234368

6186,-2200064

6186,-1982976

6186,-2361856

6186,-2093056

6186,-1923584

6186,-2237952

6186,-2032640

6186,-2099712

6186,-2161152

6186,-1985536

6186,-1816576

6186,-1533440

6186,-2234368

6186,-2226688

6186,-1946112

6186,-1480192

6186,-1405952

6186,-1545216

6186,-1157120

6186,-1285120

6187,-903168

6187,-1507328

6187,-1635840

6187,-1327616

6187,-936960

6187,-1109504

6187,-1090560

6187,-856064

6187,-724480

6187,-934400

6187,-673792

6187,-297984

6187,-675328

6187,-802304

6187,-571904

6187,-524800

6187,-738816

6187,-564224

6187,-468992

6187,-543232

6187,-413184

6187,71168

6187,-102400

6187,-633344

6187,-591872

6187,-78848

6187,-47104

6187,528384

6187,374784

6187,619520

6187,801792

6187,584704

6187,1272320

6187,961024

6187,980992

6193,1369600

6193,1287680

6193,1146880

6193,1574912

6193,1602048

6193,1725440

6193,1669120

6193,1315328

6193,1435136

6193,936448

6193,1719808

6193,1454592

6193,1519616

6193,1786368

6193,1415168

6193,2476544

6193,2104832

6193,2310144

6193,2011648

6193,2302976

6193,2517504

6193,1803264

6193,2052608

6193,2182656

6193,2102272

6193,2184192

6193,2490880

6193,2070528

6194,2440192

6194,2276864

6194,2413568

6194,2095616

6194,2317824

6194,2189312

6194,2741760

6194,2911232

6194,3037696

6194,3409408

6194,3449856

6194,3288576

6194,3248128

6194,3221504

6194,3022848

6194,3538432

6194,3659264

6194,3529216

6194,3395072

6194,3782656

6194,4259840

6194,3622400

6194,3729408

6194,3831808

6194,3916800

6194,3905536

6194,4500992

6194,4274176

6194,4045824

6194,4228608

6194,4044800

6194,4278784

6194,4230144

6194,3708928

6194,3769856

6194,3868160

6194,3881472

6194,3715584

6194,3881984

6194,3745792

6194,4042752

6194,3954688

6194,4052480

6194,4374528

6194,4154368

6194,4512256

6194,4860416

6194,4381184

6194,4745728

6194,4769792

6194,4940800

6194,4791296

6194,4245504

6194,4848640

6194,4712448

6194,5059072

6194,4720128

6194,4976128

6194,5037568

6194,4955136

6194,5230080

6194,5609984

6194,5767168

6194,5708288

6194,5508608

6195,5829120

6195,5882368

6195,5693952

6195,5831168

6195,5451264

6195,5958144

6195,6248448

6195,6217216

6195,5901824

6195,5840896

6195,6268928

6195,6157312

6195,5837312

6195,5957120

6195,6241792

6195,6386176

6195,6509568

6195,6721024

6195,6526976

6195,6441472

6195,6573568

6195,6524928

6195,6124544

6195,6466048

6195,6252544

6195,6120448

6195,6028800

6195,6452224

6195,6045696

6195,5804032

6195,5960704

6195,5825024

6195,6205440

6195,6334464

6195,6513664

6201,6700544

6201,7183360

6201,7299072

6201,7196672

6201,7086592

6201,7291392

6201,7601664

6201,7533568

6201,7894016

6201,7851008

6201,7728640

6201,7870464

6201,7890944

6201,7782912

6201,8186368

6201,7754752

6201,7670272

6201,7872000

6201,7853056

6201,7675392

6201,7202816

6201,7326720

6201,8086016

6201,7681024

6201,7776256

6201,7638016

6201,7804416

6201,7457280

6202,7736832

6202,7730176

6202,8027136

6202,7748096

6202,7170560

6202,7502336

6202,7493632

6202,7511552

6202,7693312

6202,7551488

6202,7648256

6202,7746048

6202,7861248

6202,8258048

6202,8262144

6202,8010752

6202,8387072

6202,8110080

6202,7887872

6202,8049664

6202,7665152

6202,7752192

6202,8008704

6202,8119808

6202,8595968

6202,8924160

6202,8519680

6202,8361472

6202,8271360

6202,9014272

6202,9202176

6202,9182208

6202,9596928

6202,9546752

6202,9320960

6202,9145344

6202,9296384

6202,10060800

6202,9761280

6202,10033152

6202,9340416

6202,9411584

6202,9247232

6202,9752064

6202,9399296

6202,9379328

6202,9666560

6202,9725440

6202,9796096

6202,9410048

6202,9755136

6202,9947648

6202,10010624

6202,9769472

6202,10307584

6202,9860608

6202,9980416

6202,10158592

6202,9762816

6202,10096128

6202,9793024

6202,10314240

6202,10266624

6202,9990656

6202,9845760

6203,9806848

6203,9830400

6203,9840128

6203,9668096

6203,9921536

6203,9743360

6203,9616896

6203,9839104

6203,9973248

6203,10054144

6203,9757184

6203,9776640

6203,9882624

6203,9849856

6203,9837568

6203,10134528

6203,10169856

6203,10448896

6203,10138624

6203,10277888

6203,10481152

6203,10667008

6203,11354112

6203,10503680

6203,11051008

6203,11095040

6203,10884608

6203,10660352

6203,10771456

6203,10838016

6203,11124736

6203,10788352

6203,11481600

6203,11535872

6203,11339776

6209,11101184

6209,11491840

6209,11279360

6209,11461632

6209,11761152

6209,11789312

6209,12020736

6209,11798528

6209,11592192

6209,11829760

6209,12090880

6209,12043776

6209,12060160

6209,12342272

6209,12316160

6209,12078592

6209,12534784

6209,12559360

6209,12249600

6209,12440064

6209,12200960

6209,12667904

6209,13050368

6209,12908032

6209,13363712

6209,12465664

6209,12586496

6209,12954624

6210,12928512

6210,12802048

6210,12618240

6210,12658176

6210,13270016

6210,12963840

6210,13234688

6210,13100032

6210,13331456

6210,13184512

6210,12723200

6210,12343808

6210,12523520

6210,12632576

6210,13164032

6210,12831744

6210,12924416

6210,13389312

6210,12858368

6210,13443584

6210,12915200

6210,13118976

6210,13116416

6210,12873728

6210,12961792

6210,12761600

6210,12608000

6210,12486656

6210,12975616

6210,12861440

6210,12267008

6210,12882432

6210,12754432

6210,12869120

6210,13067776

6210,12993536

6210,12883456

6210,12802048

6210,12878848

6210,12791296

6210,12878336

6210,12862464

6210,12623872

6210,12319744

6210,12228608

6210,12330496

6210,12398592

6210,12274176

6210,12445696

6210,12001280

6210,11906048

6210,12018176

6210,11900416

6210,11939328

6210,11751424

6210,11687424

6210,11256320

6210,12048384

6210,11955712

6210,11935744

6210,12191232

6210,12028416

6210,11727360

6210,11356160

6210,11367424

6211,11491840

6211,10829312

6211,10870784

6211,10887680

6211,10743808

6211,10729472

6211,10320896

6211,10251264

6211,10355200

6211,10735616

6211,10699776

6211,10507264

6211,10408448

6211,10421248

6211,10357248

6211,10088448

6211,9702400

6211,10074112

6211,9982976

6211,9335808

6211,9645056

6211,9696256

6211,9753088

6211,9371136

6211,9339392

6211,8890368

6211,9413120

6211,9590784

6211,9304064

6211,9493504

6211,8933888

6211,8830464

6211,9183744

6211,9311744

6211,9056768

6217,8772608

6217,8825344

6217,8433152

6217,8471552

6217,8570368

6217,8289792

6217,7445504

6217,7554560

6217,8096256

6217,7866368

6217,7467008

6217,7721472

6217,7992832

6217,7535104

6217,7693824

6217,7355392

6217,7368192

6217,7193600

6217,7301632

6217,7062016

6217,6817792

6217,6819840

6217,6797312

6217,6258176

6217,6550016

6217,6584320

6217,6537216

6217,6449152

6218,6629888

6218,6788096

6218,6058496

6218,6235648

6218,6553600

6218,6192128

6218,5957120

6218,6062080

6218,6003712

6218,5909504

6218,6019584

6218,6701568

6218,6590976

6218,6265856

6218,6251008

6218,6132224

6218,5750272

6218,5913088

6218,5762560

6218,5545472

6218,5945344

6218,5576192

6218,5791744

6218,6064640

6218,5958656

6218,5840384

6218,5740544

6218,5783040

6218,5686272

6218,5583872

6218,5276160

6218,5362688

6218,5797888

6218,5816320

6218,5859328

6218,5330432

6218,5337600

6218,5549568

6218,5652480

6218,5563392

6218,5316608

6218,5114880

6218,5356544

6218,5404672

6218,5265920

6218,5462016

6218,5211136

6218,5142016

6218,5270016

6218,5216256

6218,5185536

6218,5262336

6218,4923392

6218,4896768

6218,5463040

6218,5031936

6218,4840448

6218,5008384

6218,4999680

6218,4887552

6218,4784128

6218,4975104

6218,5208576

6218,5084672

6218,4513792

6219,4734464

6219,5440512

6219,4780032

6219,4992512

6219,4347904

6219,4339712

6219,4540928

6219,4417536

6219,4238336

6219,4429312

6219,4880896

6219,4972032

6219,4186624

6219,4807680

6219,4406272

6219,4265472

6219,4422656

6219,3934208

6219,4255232

6219,4163584

6219,4224000

6219,3998720

6219,4259840

6219,4098048

6219,4237824

6219,3621888

6219,3708928

6219,3892224

6219,3728384

6219,3787776

6219,4144640

6219,3632640

6219,3672576

6219,3827200

6219,3663872

6225,3646976

6225,3566592

6225,3883008

6225,4001792

6225,3714560

6225,3945984

6225,3453952

6225,3188736

6225,3493376

6225,4156928

6225,3756032

6225,3603456

6225,3463168

6225,3507200

6225,3635712

6225,3928576

6225,4182016

6225,4083712

6225,3932672

6225,3807744

6225,3764736

6225,3659264

6225,3299840

6225,3418112

6225,3545088

6225,3753472

6225,3662336

6225,3727872

6226,3640832

6226,3349504

6226,3561984

6226,3551232

6226,3803136

6226,3747328

6226,4107264

6226,4288512

6226,3884544

6226,4489216

6226,3692544

6226,3650560

6226,3596288

6226,4254208

6226,4343296

6226,4527616

6226,4683776

6226,4428288

6226,4136448

6226,4822528

6226,4857344

6226,4461568

6226,4837888

6226,4674048

6226,4559360

6226,4675584

6226,4828672

6226,4563456

6226,4570112

6226,4887552

6226,5283840

6226,4983808

6226,4761600

6226,4604416

6226,4746752

6226,5193216

6226,5238272

6226,5334016

6226,5211136

6226,5244416

6226,4984832

6226,5225472

6226,4897280

6226,5261312

6226,5222912

6226,5134848

6226,5045248

6226,5300224

6226,5908992

6226,5464576

6226,5815808

6226,5854208

6226,6219776

6226,6445056

6226,6086656

6226,6335488

6226,6535168

6226,5915136

6226,5974528

6226,6499328

6226,6119424

6226,6215680

6226,6753792

6226,6637056

6226,6280192

6227,6397952

6227,7000064

6227,6958592

6227,7064576

6227,6952448

6227,7280128

6227,7553536

6227,7399936

6227,7473664

6227,7798272

6227,7821824

6227,7707648

6227,8175104

6227,8139264

6227,8405504

6227,8991744

6227,8501760

6227,8747520

6227,9156096

6227,9064448

6227,8851968

6227,9270784

6227,8642048

6227,8605696

6227,8842240

6227,8992768

6227,9110016

6227,9085440

6227,8673280

6227,9362432

6227,9073152

6227,9043968

6227,8652288

6227,8782848

6227,8834560

6233,8674816

6233,8947200

6233,8857088

6233,8624640

6233,8993280

6233,9085440

6233,9361920

6233,9187328

6233,8982528

6233,8600576

6233,8597504

6233,8786944

6233,8407552

6233,8945664

6233,9086976

6233,8957952

6233,9224192

6233,9468416

6233,9239040

6233,9632768

6233,9369088

6233,9297408

6233,9708544

6233,9542144

6233,9957888

6233,9896960

6233,10167808

6233,10017792

6234,9945088

6234,9524736

6234,9529856

6234,9269760

6234,9430016

6234,9817600

6234,9697280

6234,9614336

6234,9434624

6234,9062400

6234,9070592

6234,9017856

6234,9671680

6234,9326592

6234,9040896

6234,9324032

6234,9344000

6234,9209856

6234,9718784

6234,9776640

6234,9522688

6234,9596416

6234,9569792

6234,9661440

6234,9276416

6234,9416192

6234,9375232

6234,8973824

6234,9015808

6234,9339904

6234,9265664

6234,9466880

6234,9360896

6234,9015808

6234,8894976

6234,8676352

6234,9273856

6234,9024000

6234,8934400

6234,8710144

6234,8510464

6234,8641024

6234,8457216

6234,8616448

6234,8669184

6234,8830976

6234,8595456

6234,8634880

6234,8756224

6234,8121344

6234,8530432

6234,8486400

6234,8509952

6234,8076288

6234,8434176

6234,8494080

6234,8088576

6234,7956992

6234,7886848

6234,7608320

6234,8064512

6234,8159232

6234,8039936

6234,7889920

6234,7467520

6235,7798272

6235,7790592

6235,7709696

6235,7310336

6235,7205376

6235,7412224

6235,7024128

6235,7379968

6235,6687232

6235,7175680

6235,7172608

6235,6974976

6235,6745600

6235,6188544

6235,6583808

6235,7001088

6235,5997056

6235,5970432

6235,6182400

6235,6116864

6235,5925376

6235,5895680

6235,5581824

6235,5304832

6235,5179392

6235,4656640

6235,4974592

6235,5230592

6235,5128704

6235,4972544

6235,4710912

6235,4907520

6235,5051904

6235,4830208

6235,5020672

6241,4702208

6241,5203968

6241,4948992

6241,4589056

6241,4251648

6241,4344832

6241,4523520

6241,4372992

6241,4546048

6241,4486656

6241,3990528

6241,4646400

6241,4350976

6241,3892736

6241,3916288

6241,3994624

6241,4273664

6241,4230144

6241,3706368

6241,3527680

6241,3779584

6241,3871744

6241,3636736

6241,3525632

6241,3084800

6241,3001344

6241,2953216

6241,2922496

6242,2593792

6242,2145792

6242,2881536

6242,2506752

6242,2211840

6242,2086400

6242,2239488

6242,1988608

6242,1789440

6242,2109440

6242,2508800

6242,2582016

6242,2621440

6242,2724352

6242,2738688

6242,2330112

6242,2388480

6242,2712064

6242,2933760

6242,2806784

6242,2563072

6242,2605056

6242,2587136

6242,2750976

6242,2749952

6242,2966528

6242,3480576

6242,3592192

6242,3246592

6242,3025920

6242,2973696

6242,2971136

6242,3157504

6242,2767360

6242,3006976

6242,3168768

6242,3266048

6242,3344896

6242,3081728

6242,2837504

6242,3181056

6242,2901504

6242,2505216

6242,2535424

6242,3035136

6242,2765312

6242,2887680

6242,2924544

6242,3435008

6242,3209728

6242,2748928

6242,2905600

6242,2843648

6242,2749952

6242,3083776

6242,2721280

6242,2658304

6242,3071488

6242,3064320

6242,2792960

6242,2858496

6242,2636288

6242,2797568

6242,2857984

6242,2855424

6243,2843648

6243,2960384

6243,2533888

6243,2316288

6243,2820608

6243,2910208

6243,3457024

6243,3249152

6243,2903552

6243,2936832

6243,3139584

6243,3139584

6243,2884096

6243,2883072

6243,3208192

6243,3068416

6243,2951168

6243,2652672

6243,2625536

6243,3049472

6243,3123200

6243,3157504

6243,2982912

6243,2860032

6243,2682880

6243,2715136

6243,2377728

6243,2512896

6243,1891328

6243,2412032

6243,2508800

6243,2459648

6243,2516480

6243,2152960

6243,1973248

6249,2247680

6249,2108416

6249,1777664

6249,2064384

6249,2057728

6249,2429440

6249,2274304

6249,2185216

6249,1951232

6249,1730560

6249,1863168

6249,1992192

6249,2240000

6249,2355712

6249,2136576

6249,2719232

6249,2231296

6249,1856512

6249,979968

6249,1274880

6249,1184256

6249,1304576

6249,1192960

6249,1262592

6249,1662976

6249,1300480

6249,1105920

6249,1462784

6250,1474048

6250,633344

6250,660992

6250,399872

6250,787456

6250,1136128

6250,1236992

6250,1441792

6250,1531392

6250,2105856

6250,1666048

6250,1110528

6250,1030144

6250,793600

6250,1026048

6250,950272

6250,1065472

6250,1101312

6250,849408

6250,710656

6250,626176

6250,587776

6250,649216

6250,344576

6250,408576

6250,12800

6250,-105984

6250,294400

6250,538624

6250,510976

6250,400384

6250,656384

6250,439296

6250,391680

6250,330752

6250,386048

6250,158720

6250,324608

6250,-111616

6250,552960

6250,596480

6250,-160256

6250,377344

6250,376320

6250,1163264

6250,1053696

6250,534016

6250,456704

6250,625152

6250,741888

6250,440320

6250,515072

6250,413184

6250,550912

6250,1117184

6250,1341952

6250,1079296

6250,1282560

6250,1060864

6250,851968

6250,1073664

6250,1225728

6250,1143296

6250,986624

6250,992256

6251,1163776

6251,1142784

6251,1220608

6251,1634304

6251,1105920

6251,1353216

6251,835072

6251,1657856

6251,1259008

6251,1057280

6251,1011200

6251,966656

6251,616960

6251,514048

6251,819712

6251,987648

6251,544768

6251,614400

6251,632320

6251,666624

6251,823808

6251,810496

6251,553472

6251,143872

6251,98304

6251,678912

6251,496128

6251,363520

6251,603648

6251,355840

6251,705536

6251,253952

6251,590848

6251,393216

6251,489472

6257,669184

6257,759296

6257,601600

6257,463360

6257,663040

6257,886272

6257,543232

6257,713216

6257,1051136

6257,978944

6257,1057280

6257,846336

6257,681984

6257,911360

6257,473088

6257,340480

6257,466432

6257,372224

6257,902656

6257,1126912

6257,967680

6257,498688

6257,1118208

6257,542208

6257,-223232

6257,261632

6257,74240

6257,289280

6258,582656

6258,-65536

6258,257024

6258,83968

6258,322048

6258,202752

6258,-335872

6258,264192

6258,-120832

6258,165376

6258,-258048

6258,-273920

6258,66560

6258,25088

6258,308224

6258,-292864

6258,90624

6258,628736

6258,128512

6258,-193536

6258,-979456

6258,-196096

6258,-376832

6258,-512000

6258,-476160

6258,-676352

6258,-485888

6258,-516096

6258,-858112

6258,-1119232

6258,-1225728

6258,-1904640

6258,-1579520

6258,-1388544

6258,-1768448

6258,-1732608

6258,-1980928

6258,-1540096

6258,-1439232

6258,-1651712

6258,-1658880

6258,-1902080

6258,-1607680

6258,-1078784

6258,-1793024

6258,-2078208

6258,-1629184

6258,-1486336

6258,-1516544

6258,-1593344

6258,-2230784

6258,-2001920

6258,-2386432

6258,-2334720

6258,-2173952

6258,-2288640

6258,-2399744

6258,-1993728

6258,-1979904

6258,-2408960

6258,-1947648

6258,-2351616

6258,-2009600

6258,-2159616

6258,-2658304

6259,-2601984

6259,-2700288

6259,-2619392

6259,-2659328

6259,-2943488

6259,-2952192

6259,-2372096

6259,-3246592

6259,-3396608

6259,-3448832

6259,-3130368

6259,-3173888

6259,-3514880

6259,-3418112

6259,-3520000

6259,-3556864

6259,-3644416

6259,-3571200

6259,-3526144

6259,-3695616

6259,-4113408

6259,-3640832

6259,-3645440

6259,-3780096

6259,-3887616

6259,-4102656

6259,-3856896

6259,-4184064

6259,-4173312

6259,-4176384

6259,-4453888

6259,-4000768

6259,-4321792

6259,-4346880

6259,-4265472

6265,-4397568

6265,-4283392

6265,-4406784

6265,-4262400

6265,-4576256

6265,-4418560

6265,-4114432

6265,-4054528

6265,-4147712

6265,-4232192

6265,-4365312

6265,-4635648

6265,-4507648

6265,-4591616

6265,-4478464

6265,-4821504

6265,-4627968

6265,-5030912

6265,-5064704

6265,-5136896

6265,-4989952

6265,-5283840

6265,-4572672

6265,-4628992

6265,-4689920

6265,-4738560

6265,-4931584

6265,-4978176

6266,-4954112

6266,-4884992

6266,-4918272

6266,-4574208

6266,-4933120

6266,-4866048

6266,-5032960

6266,-4857344

6266,-4704256

6266,-4530688

6266,-4445184

6266,-4794368

6266,-4717568

6266,-4412416

6266,-5011968

6266,-4860416

6266,-4211200

6266,-4602880

6266,-4446208

6266,-3933184

6266,-4091392

6266,-4515840

6266,-4070400

6266,-4110336

6266,-4174336

6266,-4118528

6266,-4525568

6266,-4896256

6266,-4651520

6266,-4548608

6266,-4406784

6266,-4487680

6266,-4269056

6266,-4482048

6266,-3943936

6266,-4044288

6266,-3935232

6266,-4125696

6266,-4155392

6266,-4231680

6266,-3844608

6266,-4374016

6266,-4264960

6266,-4306944

6266,-4203520

6266,-3997184

6266,-3927552

6266,-4147200

6266,-4049920

6266,-4145664

6266,-4314112

6266,-4604928

6266,-4682240

6266,-4205568

6266,-4441088

6266,-4047360

6266,-4204032

6266,-4844032

6266,-4630528

6266,-4601856

6266,-4160512

6266,-4689920

6266,-5099520

6266,-4827648

6266,-4847104

6267,-4855808

6267,-4908544

6267,-4919808

6267,-5142528

6267,-5103104

6267,-4451840

6267,-4758016

6267,-4816384

6267,-4708352

6267,-4249088

6267,-4130816

6267,-4365824

6267,-4804608

6267,-5152256

6267,-5195776

6267,-4748288

6267,-4779520

6267,-4759552

6267,-4984832

6267,-4945920

6267,-4830720

6267,-4948480

6267,-4775936

6267,-4632576

6267,-4774912

6267,-4525056

6267,-5123072

6267,-4651520

6267,-4504064

6267,-4538368

6267,-4477952

6267,-4481024

6267,-4876800

6267,-4465664

6267,-4918784

6273,-4862464

6273,-4658688

6273,-4665344

6273,-4640256

6273,-5111296

6273,-4627968

6273,-4993536

6273,-5104128

6273,-4931072

6273,-5123584

6273,-4919808

6273,-4845568

6273,-4711424

6273,-4691456

6273,-4726784

6273,-4613120

6273,-5182464

6273,-5473280

6273,-5439488

6273,-5467136

6273,-5642752

6273,-5048320

6273,-5244928

6273,-5246976

6273,-5164544

6273,-5338112

6273,-5321216

6273,-5634560

6274,-5412352

6274,-5522944

6274,-5441024

6274,-5241856

6274,-5569536

6274,-5308416

6274,-5473280

6274,-5076480

6274,-5387264

6274,-5484544

6274,-5777920

6274,-5459456

6274,-5601792

6274,-5873152

6274,-5822464

6274,-5648896

6274,-5989376

6274,-6219264

6274,-6173696

6274,-5774336

6274,-6267392

6274,-6305792

6274,-6067200

6274,-6531584

6274,-6603264

6274,-6373376

6274,-6624768

6274,-6401024

6274,-6251520

6274,-6487040

6274,-6795776

6274,-7081472

6274,-7281664

6274,-6744064

6274,-6788608

6274,-6607360

6274,-6828544

6274,-6516224

6274,-6777344

6274,-7042048

6274,-7207936

6274,-7261696

6274,-7076864

6274,-7698944

6274,-7447040

6274,-7634944

6274,-7353344

6274,-8181248

6274,-7958528

6274,-7954432

6274,-7918592

6274,-8154624

6274,-7476224

6274,-7452160

6274,-7791616

6274,-7647232

6274,-8076800

6274,-7848448

6274,-8360448

6274,-8314368

6274,-7529984

6274,-7589888

6274,-8046592

6274,-7630336

6274,-7984640

6275,-7782400

6275,-7643648

6275,-8241664

6275,-8083456

6275,-8087040

6275,-8463360

6275,-8240128

6275,-8170496

6275,-7973376

6275,-7764992

6275,-7883264

6275,-7944704

6275,-7954432

6275,-7774720

6275,-8189440

6275,-8215040

6275,-8150016

6275,-8562176

6275,-8294912

6275,-8529408

6275,-8363520

6275,-8291840

6275,-8688640

6275,-8617472

6275,-8406528

6275,-8408064

6275,-8638976

6275,-8599552

6275,-9073664

6275,-9036800

6275,-8815104

6275,-9187840

6275,-9269760

6275,-9209344

6275,-9024000

6281,-9067008

6281,-9527808

6281,-9774592

6281,-9425408

6281,-10068992

6281,-9770496

6281,-10328576

6281,-10048000

6281,-9578496

6281,-10127872

6281,-10309632

6281,-10570752

6281,-10523136

6281,-10579968

6281,-10755072

6281,-11171840

6281,-11169280

6281,-11290112

6281,-11462144

6281,-11112960

6281,-11364864

6281,-11635200

6281,-11365376

6281,-11212288

6281,-11459072

6281,-11587072

6281,-11636224

6281,-11410432

6282,-11991040

6282,-11846656

6282,-11855872

6282,-11988480

6282,-12352512

6282,-12101120

6282,-11560448

6282,-11798016

6282,-11486208

6282,-11546624

6282,-12109312

6282,-12005888

6282,-12021760

6282,-12327936

6282,-12483072

6282,-12317696

6282,-12240384

6282,-11689984

6282,-12099072

6282,-12284928

6282,-12685312

6282,-12613120

6282,-12411392

6282,-12106752

6282,-12616192

6282,-12345344

6282,-11980288

6282,-11982336

6282,-12627456

6282,-12634624

6282,-12777984

6282,-12764160

6282,-12915712

6282,-12942848

6282,-12737024

6282,-12858880

6282,-12933120

6282,-13026304

6282,-13215232

6282,-13350400

6282,-13504512

6282,-13402624

6282,-13689856

6282,-13536256

6282,-13173248

6282,-13648384

6282,-13721088

6282,-13426688

6282,-13950976

6282,-14307840

6282,-13650432

6282,-13912064

6282,-14327296

6282,-14548480

6282,-14163456

6282,-14231552

6282,-14616064

6282,-14541824

6282,-14414848

6282,-14801920

6282,-14784000

6282,-14486528

6282,-14735872

6282,-14605312

6282,-14515200

6283,-14966272

6283,-14970880

6283,-15136256

6283,-15610368

6283,-15189504

6283,-15178752

6283,-15109120

6283,-15134208

6283,-15086592

6283,-15247360

6283,-15222784

6283,-15353856

6283,-15390720

6283,-15809536

6283,-15550464

6283,-16063488

6283,-15603712

6283,-15914496

6283,-15465984

6283,-15388672

6283,-15770624

6283,-15544832

6283,-15701504

6283,-16149504

6283,-16300032

6283,-16151552

6283,-16310272

6283,-16230912

6283,-16274432

6283,-15972864

6283,-16461824

6283,-16430080

6283,-16197632

6283,-16354304

6283,-16552448

6289,-15895040

6289,-16245248

6289,-16289792

6289,-15841280

6289,-16092160

6289,-15505920

6289,-15357952

6289,-15696896

6289,-15461888

6289,-15678464

6289,-15402496

6289,-15682560

6289,-15663104

6289,-15674880

6289,-15836160

6289,-15237120

6289,-15870976

6289,-15471616

6289,-15528960

6289,-16021504

6289,-15742464

6289,-15694848

6289,-16009216

6289,-15717376

6289,-15882752

6289,-15650816

6289,-15862272

6289,-15564288

6290,-15854080

6290,-15877120

6290,-16338944

6290,-15899648

6290,-15922688

6290,-15845376

6290,-15380992

6290,-15932416

6290,-15898112

6290,-15518208

6290,-15589888

6290,-15663104

6290,-15860224

6290,-15938560

6290,-15855616

6290,-15542272

6290,-15832064

6290,-16024064

6290,-15550464

6290,-15811584

6290,-15841280

6290,-15523328

6290,-15110656

6290,-15236096

6290,-15443456

6290,-15893504

6290,-15775232

6290,-15455744

6290,-15160832

6290,-15384064

6290,-15446016

6290,-15529984

6290,-15245312

6290,-14906368

6290,-15195136

6290,-14867456

6290,-14778368

6290,-15225344

6290,-14696448

6290,-14858752

6290,-15008256

6290,-15312896

6290,-14736896

6290,-14729216

6290,-15232512

6290,-15086592

6290,-14844928

6290,-15152128

6290,-14625280

6290,-15351808

6290,-15205888

6290,-15104512

6290,-15385600

6290,-15299584

6290,-15347712

6290,-15345664

6290,-15577600

6290,-15245312

6290,-15648256

6290,-15209472

6290,-15296512

6290,-15578624

6290,-15264768

6290,-16009728

6290,-15433728

6291,-15606272

6291,-15466496

6291,-14866944

6291,-15263744

6291,-15265792

6291,-15388160

6291,-15450624

6291,-15667712

6291,-15372288

6291,-15834112

6291,-15632384

6291,-15480832

6291,-15033344

6291,-15494656

6291,-15713280

6291,-15991296

6291,-15730688

6291,-15740928

6291,-16313856

6291,-16381952

6291,-15889408

6291,-15886336

6291,-16021504

6291,-16078336

6291,-16292352

6291,-16148992

6291,-16113664

6291,-16700416

6291,-17088512

6291,-16657920

6291,-16366592

6291,-16474624

6291,-16329216

6291,-16987136

6291,-16855040

6297,-16525824

6297,-17203712

6297,-16944640

6297,-17310720

6297,-17525248

6297,-17278976

6297,-17310720

6297,-17001472

6297,-17246208

6297,-17454592

6297,-17564160

6297,-18125824

6297,-17816064

6297,-17811968

6297,-17416704

6297,-17773056

6297,-18524160

6297,-18250752

6297,-18405888

6297,-18208256

6297,-18482688

6297,-18693632

6297,-18646528

6297,-18896896

6297,-18787840

6297,-18782720

6297,-18919424

6297,-18912768

6298,-18608640

6298,-18628096

6298,-19033088

6298,-18798592

6298,-18836480

6298,-18499584

6298,-19111424

6298,-19288064

6298,-18741760

6298,-19035648

6298,-19480064

6298,-19489280

6298,-19675136

6298,-19315200

6298,-19713536

6298,-19789824

6298,-20001792

6298,-19537408

6298,-19778560

6298,-19963904

6298,-20006400

6298,-19656704

6298,-19597312

6298,-19708416

6298,-19587072

6298,-20002816

6298,-19713536

6298,-19754496

6298,-19616768

6298,-19837952

6298,-19909632

6298,-20239872

6298,-19591168

6298,-19604480

6298,-20029440

6298,-20227072

6298,-19825152

6298,-20009472

6298,-20108288

6298,-20323840

6298,-20165120

6298,-19974656

6298,-20495360

6298,-20143616

6298,-20335104

6298,-20238336

6298,-19973120

6298,-19825152

6298,-19740672

6298,-19846144

6298,-20085760

6298,-20312064

6298,-20745728

6298,-20580864

6298,-20529664

6298,-20730368

6298,-20239360

6298,-20528640

6298,-20758016

6298,-20856832

6298,-20918272

6298,-20916736

6298,-20919296

6298,-21010944

6298,-20760064

6299,-20783616

6299,-20876288

6299,-20794368

6299,-20404736

6299,-21022720

6299,-21301760

6299,-20962816

6299,-20651008

6299,-20969472

6299,-20793344

6299,-20669952

6299,-20985856

6299,-20761600

6299,-20891648

6299,-21043712

6299,-20788736

6299,-20897280

6299,-20722688

6299,-20920320

6299,-21056512

6299,-21161472

6299,-20971520

6299,-20517376

6299,-20303872

6299,-20397568

6299,-20362752

6299,-20346368

6299,-20273152

6299,-19975168

6299,-20316672

6299,-20505088

6299,-20293632

6299,-20731392

6299,-20481024

6299,-20883456

6305,-20932608

6305,-20710912

6305,-21023744

6305,-20773376

6305,-20773376

6305,-20310528

6305,-20275200

6305,-20113408

6305,-19858432

6305,-19910144

6305,-20440576

6305,-19906048

6305,-20029952

6305,-20004352

6305,-19656192

6305,-19906048

6305,-20211712

6305,-20442624

6305,-20377600

6305,-20291072

6305,-20188672

6305,-20609536

6305,-20340224

6305,-20150272

6305,-19913728

6305,-19902976

6305,-19892736

6305,-19528192

6306,-19392512

6306,-19007488

6306,-19474432

6306,-19613696

6306,-19374080

6306,-19170304

6306,-19535360

6306,-19594240

6306,-19727360

6306,-19350528

6306,-19512832

6306,-19516416

6306,-18985984

6306,-19110912

6306,-19306496

6306,-19524096

6306,-19329024

6306,-19017216

6306,-19401216

6306,-18819584

6306,-19018752

6306,-19079168

6306,-18702336

6306,-18692608

6306,-18531840

6306,-18726912

6306,-18287104

6306,-18524672

6306,-18737664

6306,-18285056

6306,-18153472

6306,-18558464

6306,-18447872

6306,-18712576

6306,-18684416

6306,-17957888

6306,-18552832

6306,-18030592

6306,-18014208

6306,-17435136

6306,-17003520

6306,-17574912

6306,-17267712

6306,-17356288

6306,-17181184

6306,-16952832

6306,-17100288

6306,-16776704

6306,-16581632

6306,-16519168

6306,-16649728

6306,-16215552

6306,-16141312

6306,-15940608

6306,-16045056

6306,-15822336

6306,-15513088

6306,-15680000

6306,-15570944

6306,-15521280

6306,-15255552

6306,-15073792

6306,-14965248

6306,-14803456

6306,-14714368

6307,-14676992

6307,-14597120

6307,-14630912

6307,-14538240

6307,-14104064

6307,-13876224

6307,-14155264

6307,-14228480

6307,-13864960

6307,-13794304

6307,-13591552

6307,-13781504

6307,-13479424

6307,-13183488

6307,-13430784

6307,-13117952

6307,-12538880

6307,-12470784

6307,-12324352

6307,-12093952

6307,-11398144

6307,-10938368

6307,-11230208

6307,-11375104

6307,-11215360

6307,-10984960

6307,-10981888

6307,-10686464

6307,-10672128

6307,-9911296

6307,-10090496

6307,-10000896

6307,-9410048

6307,-9766912

6307,-9474560

6313,-9868800

6313,-9753088

6313,-9694720

6313,-9304064

6313,-8716288

6313,-8769536

6313,-8706560

6313,-8584704

6313,-8210944

6313,-7861760

6313,-7931904

6313,-7932416

6313,-7658496

6313,-7801856

6313,-7595520

6313,-7153152

6313,-7180288

6313,-6846976

6313,-6471168

6313,-6385152

6313,-6590976

6313,-6470656

6313,-6325760

6313,-5907456

6313,-6210048

6313,-5848576

6313,-5259264

6313,-5213184

6314,-5271552

6314,-5155328

6314,-5386752

6314,-5179904

6314,-5079040

6314,-4947968

6314,-4997632

6314,-4273664

6314,-4309504

6314,-4248576

6314,-4341248

6314,-4398592

6314,-4042240

6314,-4196352

6314,-4174336

6314,-4233216

6314,-3957760

6314,-3750400

6314,-3270656

6314,-3318272

6314,-3155456

6314,-2988544

6314,-3303936

6314,-3173888

6314,-3201536

6314,-3218432

6314,-3089920

6314,-2269184

6314,-2351104

6314,-2120192

6314,-2325504

6314,-2674688

6314,-2083840

6314,-2356736

6314,-1979392

6314,-1597440

6314,-1388032

6314,-1655296

6314,-1495040

6314,-1549312

6314,-1528320

6314,-1625088

6314,-1632768

6314,-1600000

6314,-1207808

6314,-1087488

6314,-1148416

6314,-1178624

6314,-1055744

6314,-902656

6314,-894976

6314,-1195520

6314,-1583104

6314,-1239040

6314,-1280000

6314,-1163264

6314,-1402880

6314,-1165312

6314,-1181696

6314,-1081344

6314,-556544

6314,-543744

6314,-502272

6314,-273920

6314,131584

6315,-37376

6315,35328

6315,304640

6315,-457216

6315,98304

6315,48128

6315,-233472

6315,-213504

6315,-593920

6315,-327680

6315,-261120

6315,23552

6315,676352

6315,178688

6315,578560

6315,297472

6315,28160

6315,554496

6315,533504

6315,834048

6315,836096

6315,915968

6315,1178624

6315,855040

6315,970752

6315,682496

6315,986112

6315,976384

6315,601088

6315,1166336

6315,1171968

6315,1317376

6315,1213440

6315,830976

6315,1067520

6321,1000960

6321,1027072

6321,930304

6321,996352

6321,1077248

6321,1148416

6321,872448

6321,1204736

6321,1379328

6321,699392

6321,813568

6321,849920

6321,588288

6321,591360

6321,545280

6321,581632

6321,625664

6321,233984

6321,919040

6321,608256

6321,386560

6321,469504

6321,1142272

6321,1226752

6321,557056

6321,404992

6321,584704

6321,1007104

6322,1475584

6322,1327104

6322,1174016

6322,1047552

6322,871424

6322,1114624

6322,677888

6322,630272

6322,793088

6322,1007616

6322,205824

6322,332800

6322,653824

6322,355328

6322,651776

6322,662016

6322,630272

6322,403456

6322,281088

6322,694784

6322,897536

6322,1200640

6322,1145856

6322,690688

6322,1161728

6322,1255424

6322,916480

6322,1257984

6322,1241088

6322,1268736

6322,1232384

6322,1381888

6322,1395712

6322,1272832

6322,1048576

6322,1190400

6322,968192

6322,1206272

6322,1398784

6322,1656832

6322,1235968

6322,1155584

6322,1466368

6322,1119232

6322,1563648

6322,2160640

6322,2093056

6322,1716736

6322,1614848

6322,2107392

6322,2059776

6322,2004992

6322,1915904

6322,1993728

6322,1550336

6322,1982464

6322,2121728

6322,2097152

6322,2208768

6322,2048000

6322,1984000

6322,2244608

6322,2549760

6322,2070528

6322,2070016

6323,2081280

6323,2206720

6323,2301952

6323,2549760

6323,2662400

6323,2420224

6323,2907136

6323,2720768

6323,2639872

6323,2571776

6323,2651136

6323,2305536

6323,2765312

6323,2905088

6323,2513920

6323,2273280

6323,2412032

6323,2172928

6323,2189824

6323,2576384

6323,2198016

6323,2813952

6323,2866176

6323,3070976

6323,2829824

6323,2601472

6323,2631680

6323,2590208

6323,2273792

6323,2286080

6323,2532864

6323,2447872

6323,2480128

6323,2379264

6323,2142720

6329,2495488

6329,2387968

6329,2377216

6329,2292224

6329,2272256

6329,2380800

6329,1829888

6329,1954304

6329,2009088

6329,2555904

6329,2425344

6329,2170368

6329,2422784

6329,1998336

6329,1903616

6329,1781760

6329,1629184

6329,1752576

6329,2066432

6329,1456640

6329,1810944

6329,2058752

6329,1595904

6329,1777152

6329,1828864

6329,1596928

6329,1869312

6329,1258496

6330,1531392

6330,1332224

6330,1315840

6330,1005568

6330,1186816

6330,890880

6330,1089536

6330,1241600

6330,1072640

6330,671232

6330,364544

6330,599040

6330,861696

6330,894976

6330,890368

6330,402432

6330,685568

6330,432128

6330,576000

6330,805888

6330,580608

6330,545280

6330,414720

6330,498688

6330,715264

6330,445440

6330,123904

6330,605696

6330,573952

6330,525824

6330,413696

6330,786944

6330,629248

6330,523264

6330,462336

6330,583680

6330,346112

6330,749568

6330,1053696

6330,398336

6330,611328

6330,113664

6330,500736

6330,122368

6330,79872

6330,452096

6330,538624

6330,634368

6330,687104

6330,587776

6330,806400

6330,756224

6330,249856

6330,537088

6330,572416

6330,605696

6330,568832

6330,1034752

6330,693760

6330,998400

6330,804864

6330,632832

6330,543744

6330,518144

6330,628224

6331,842240

6331,1480192

6331,1132544

6331,844288

6331,1113600

6331,1453056

6331,1545728

6331,1962496

6331,1649664

6331,2051584

6331,2357248

6331,1815552

6331,2000384

6331,1650176

6331,2068992

6331,1927680

6331,2268160

6331,2634240

6331,2229760

6331,2323456

6331,2415104

6331,2542592

6331,2262528

6331,2356736

6331,2092032

6331,1757184

6331,1979392

6331,1836544

6331,2188288

6331,2128384

6331,2162688

6331,2390016

6331,2295808

6331,2083328

6331,2028544

6337,1996288

6337,2327040

6337,2141696

6337,2107904

6337,2488320

6337,2320384

6337,2336256

6337,2481152

6337,2575872

6337,2569216

6337,2302464

6337,2703872

6337,2545152

6337,2129920

6337,2208768

6337,2357760

6337,2059776

6337,2530816

6337,2289664

6337,2179584

6337,2579968

6337,2269696

6337,2504704

6337,2409984

6337,2051584

6337,2184192

6337,1812480

6337,1357824

6338,1452032

6338,1994240

6338,2080768

6338,2264064

6338,2072576

6338,1501696

6338,1302528

6338,1055744

6338,1460736

6338,1256960

6338,1405952

6338,1010176

6338,1078272

6338,875008

6338,521216

6338,272896

6338,641536

6338,388096

6338,472576

6338,20992

6338,199168

6338,253952

6338,103424

6338,371712

6338,111104

6338,-57344

6338,-679424

6338,-204288

6338,83456

6338,124416

6338,97792

6338,279552

6338,443392

6338,2560

6338,-117248

6338,175104

6338,245760

6338,52736

6338,399872

6338,-9728

6338,183808

6338,68608

6338,-8192

6338,-257536

6338,-122880

6338,132608

6338,70656

6338,-97792

6338,-112128

6338,-232448

6338,-17920

6338,-27136

6338,-56320

6338,499200

6338,292352

6338,409088

6338,-389632

6338,68096

6338,375808

6338,311808

6338,-197120

6338,260096

6338,-300032

6338,-451584

6338,-251904

6339,110592

6339,-122368

6339,-385024

6339,-185344

6339,-104448

6339,69120

6339,156160

6339,15360

6339,-200704

6339,5632

6339,148480

6339,117248

6339,65536

6339,-87040

6339,-20480

6339,436736

6339,459264

6339,583168

6339,344064

6339,224256

6339,483840

6339,86016

6339,437760

6339,152064

6339,531968

6339,589312

6339,539136

6339,348160

6339,169472

6339,134656

6339,128512

6339,-70656

6339,231936

6339,361472

6339,169984

6345,353792

6345,507904

6345,235520

6345,202752

6345,61440

6345,301056

6345,96256

6345,-109056

6345,164864

6345,250880

6345,345600

6345,335360

6345,-10752

6345,340480

6345,677376

6345,547840

6345,27136

6345,859136

6345,763904

6345,64512

6345,356864

6345,409088

6345,263168

6345,408064

6345,724480

6345,257536

6345,201216

6345,33792

6346,482304

6346,850432

6346,247296

6346,316416

6346,381440

6346,692224

6346,928768

6346,860160

6346,800768

6346,511488

6346,777216

6346,488448

6346,295936

6346,505856

6346,882688

6346,638976

6346,623616

6346,684544

6346,689664

6346,776192

6346,700928

6346,699904

6346,835072

6346,611328

6346,478208

6346,659456

6346,859136

6346,578048

6346,832512

6346,1339904

6346,1155584

6346,1290240

6346,1149952

6346,866816

6346,922624

6346,942080

6346,1294336

6346,1777664

6346,1355776

6346,1631744

6346,1789952

6346,1524736

6346,1615872

6346,1832960

6346,1582080

6346,1802752

6346,1595904

6346,1965056

6346,1876992

6346,2113024

6346,2439168

6346,2018304

6346,2018304

6346,2563072

6346,2413056

6346,2624000

6346,2983424

6346,2757120

6346,3117568

6346,2850816

6346,3095040

6346,3306496

6346,3076096

6346,2968064

6346,3167232

6347,3176960

6347,3347456

6347,3392000

6347,3368448

6347,3833856

6347,3963904

6347,4326400

6347,4588032

6347,4481024

6347,4676608

6347,4713472

6347,4852736

6347,4599296

6347,4973056

6347,4571648

6347,4857344

6347,4673024

6347,4257792

6347,4921856

6347,4837888

6347,4797440

6347,4800000

6347,5071872

6347,4750336

6347,5016064

6347,4726272

6347,4618752

6347,4536320

6347,5104640

6347,4991488

6347,4978176

6347,5163008

6347,4871168

6347,4857856

6347,4427264

6353,4691456

6353,4655616

6353,4494336

6353,4873728

6353,4619264

6353,5009408

6353,5057024

6353,4799488

6353,4873216

6353,4877824

6353,4643840

6353,4577280

6353,4828672

6353,4854272

6353,5073920

6353,4600320

6353,4497920

6353,4031488

6353,4138496

6353,4343808

6353,4372480

6353,4467712

6353,4509184

6353,4278784

6353,4205056

6353,4160512

6353,4080128

6353,3946496

6354,3949056

6354,3501568

6354,3534336

6354,3430912

6354,3557376

6354,3522560

6354,3253760

6354,3795968

6354,3926528

6354,3827200

6354,3623424

6354,3274752

6354,3815424

6354,3791872

6354,3555840

6354,3206144

6354,3070976

6354,2778624

6354,3146240

6354,3445760

6354,3601408

6354,3398144

6354,2793984

6354,2703360

6354,2698752

6354,3402752

6354,3524608

6354,3434496

6354,2764288

6354,2642432

6354,2849280

6354,3043840

6354,3084800

6354,3264000

6354,3142144

6354,2557440

6354,2152448

6354,2126848

6354,2171392

6354,1747968

6354,1579008

6354,1765888

6354,1489920

6354,1422848

6354,1448448

6354,1171968

6354,1474048

6354,1124864

6354,1125376

6354,1027584

6354,467968

6354,309760

6354,296960

6354,257536

6354,145920

6354,-76800

6354,152064

6354,71168

6354,-460288

6354,-434688

6354,-733696

6354,-695808

6354,-396800

6354,-576000

6354,-814592

6355,-932864

6355,-1019904

6355,-713216

6355,-623616

6355,-916480

6355,-1164800

6355,-1000448

6355,-1064448

6355,-696320

6355,-1038336

6355,-1008640

6355,-1052160

6355,-1361408

6355,-1283072

6355,-1141760

6355,-1584128

6355,-1163264

6355,-1125376

6355,-1064448

6355,-1125376

6355,-1347072

6355,-1846784

6355,-1609216

6355,-1501696

6355,-1860608

6355,-1509376

6355,-1811456

6355,-1478144

6355,-1748480

6355,-1655808

6355,-2107904

6355,-1808384

6355,-1659904

6355,-1916416

6355,-1793024

6361,-2118144

6361,-2170368

6361,-2140160

6361,-1820672

6361,-1932800

6361,-2013184

6361,-1977856

6361,-1827840

6361,-2208256

6361,-2308096

6361,-2111488

6361,-2294272

6361,-2377728

6361,-2157568

6361,-2518528

6361,-2482176

6361,-2612736

6361,-2790400

6361,-2357248

6361,-2381312

6361,-2449408

6361,-2519552

6361,-2743296

6361,-2575360

6361,-2489344

6361,-2672128

6361,-2887168

6361,-3013120

6362,-3198464

6362,-3316224

6362,-3517440

6362,-3516928

6362,-3557888

6362,-3354112

6362,-3655680

6362,-3917312

6362,-3852800

6362,-3937280

6362,-4372480

6362,-4484096

6362,-4367872

6362,-4690432

6362,-4725248

6362,-4790784

6362,-4960768

6362,-4267520

6362,-4964864

6362,-5036032

6362,-4944384

6362,-5053440

6362,-5442048

6362,-5780992

6362,-5612032

6362,-5741056

6362,-5428224

6362,-5783552

6362,-5936640

6362,-6049280

6362,-6009856

6362,-6599680

6362,-6820864

6362,-6530560

6362,-6591488

6362,-6794240

6362,-7256576

6362,-7362560

6362,-7579648

6362,-7133184

6362,-7683072

6362,-7134720

6362,-7400960

6362,-8161792

6362,-7916544

6362,-8064512

6362,-8126976

6362,-8616448

6362,-8267264

6362,-8660992

6362,-8481280

6362,-8587776

6362,-8934912

6362,-9033728

6362,-9001472

6362,-9005056

6362,-8990720

6362,-9245184

6362,-9298944

6362,-10052096

6362,-9875456

6362,-9614336

6362,-9753088

6362,-9854464

6362,-10279936

6363,-10785792

6363,-10741248

6363,-10473472

6363,-10721280

6363,-10602496

6363,-10844160

6363,-11098624

6363,-10919936

6363,-10986496

6363,-11487744

6363,-11612160

6363,-11356160

6363,-11355136

6363,-11567104

6363,-11867648

6363,-12181504

6363,-11554816

6363,-12058624

6363,-12165120

6363,-12293632

6363,-12241408

6363,-12218880

6363,-12628992

6363,-12566528

6363,-12775424

6363,-13219328

6363,-12952064

6363,-12822016

6363,-13183488

6363,-13425152

6363,-13936640

6363,-13508608

6363,-13818368

6363,-13373440

6363,-13296128

6369,-14139392

6369,-13918720

6369,-14234112

6369,-14403584

6369,-14738944

6369,-14391296

6369,-14746624

6369,-15168512

6369,-15336960

6369,-15147008

6369,-15026176

6369,-15190528

6369,-14810624

6369,-15304704

6369,-15576064

6369,-15388672

6369,-15651328

6369,-15662080

6369,-15420928

6369,-15544832

6369,-15569920

6369,-15710720

6369,-15939072

6369,-15785984

6369,-16372224

6369,-16291840

6369,-16205824

6369,-16626176

6370,-16401920

6370,-16342528

6370,-16376832

6370,-16297984

6370,-16486400

6370,-16356864

6370,-16784896

6370,-16855040

6370,-16535552

6370,-16653824

6370,-16599040

6370,-16408064

6370,-16816640

6370,-16561152

6370,-16304128

6370,-16613376

6370,-16548864

6370,-16490496

6370,-16452608

6370,-16513024

6370,-16451584

6370,-16523264

6370,-16144896

6370,-16120832

6370,-16494592

6370,-16484352

6370,-16240128

6370,-16537088

6370,-16289280

6370,-16556544

6370,-16788480

6370,-16965120

6370,-16775168

6370,-16921088

6370,-17380864

6370,-16640512

6370,-17157120

6370,-16791040

6370,-16793088

6370,-16589312

6370,-16762880

6370,-16926720

6370,-17019904

6370,-17290752

6370,-17143296

6370,-17178112

6370,-16852480

6370,-16848384

6370,-16624640

6370,-17212416

6370,-17307648

6370,-17251328

6370,-17487360

6370,-16628224

6370,-17282560

6370,-17083904

6370,-17115648

6370,-17505280

6370,-17252864

6370,-18025984

6370,-17614848

6370,-17391104

6370,-17575936

6370,-17831936

6370,-17902080

6371,-17925120

6371,-17750016

6371,-18017280

6371,-18339328

6371,-18277376

6371,-18451456

6371,-18669056

6371,-18615296

6371,-18592256

6371,-18659328

6371,-18561024

6371,-18666496

6371,-18924544

6371,-18359296

6371,-18789888

6371,-18782208

6371,-18677760

6371,-18624512

6371,-18467328

6371,-18472960

6371,-18349056

6371,-19035136

6371,-18835968

6371,-18736640

6371,-19024384

6371,-19330048

6371,-19476480

6371,-18961920

6371,-19453952

6371,-19739136

6371,-19214336

6371,-19388928

6371,-19544576

6371,-19500032

6371,-19408896

6377,-19331584

6377,-19764224

6377,-19772416

6377,-19674112

6377,-19704320

6377,-19770368

6377,-19330048

6377,-20443136

6377,-20554752

6377,-20422144

6377,-20068864

6377,-19991040

6377,-20101632

6377,-20092416

6377,-20170240

6377,-20644352

6377,-21014528

6377,-20853248

6377,-20792320

6377,-20343808

6377,-20409856

6377,-20848128

6377,-21005312

6377,-21224960

6377,-20812800

6377,-21151744

6377,-21298688

6377,-21678080

6378,-21571072

6378,-21660160

6378,-21824512

6378,-21597696

6378,-21537792

6378,-22054912

6378,-22113792

6378,-21527552

6378,-21454336

6378,-21434880

6378,-21469696

6378,-22142464

6378,-22021120

6378,-21587456

6378,-21749248

6378,-21869568

6378,-21907456

6378,-21840384

6378,-21679616

6378,-22217728

6378,-21826048

6378,-21629440

6378,-21844480

6378,-21175808

6378,-21637632

6378,-22060544

6378,-21596672

6378,-22102016

6378,-21734912

6378,-21794816

6378,-21879808

6378,-21586944

6378,-22022144

6378,-22049792

6378,-22227968

6378,-22318592

6378,-21787136

6378,-22208512

6378,-21662720

6378,-21611008

6378,-22064128

6378,-21995008

6378,-21445632

6378,-21745152

6378,-22185472

6378,-22355456

6378,-22237184

6378,-22111232

6378,-21996544

6378,-22003200

6378,-21998592

6378,-22077952

6378,-21942784

6378,-21861888

6378,-21648384

6378,-21670400

6378,-21578240

6378,-21797888

6378,-21959680

6378,-21513216

6378,-21505024

6378,-21508608

6378,-21509632

6378,-21281792

6378,-21248000

6379,-21250560

6379,-21558784

6379,-21200384

6379,-21432832

6379,-21243392

6379,-20711936

6379,-21131264

6379,-21038592

6379,-21075456

6379,-20992000

6379,-20428800

6379,-20889600

6379,-20189696

6379,-20249088

6379,-20448256

6379,-20192768

6379,-20167680

6379,-19920384

6379,-19933184

6379,-20036608

6379,-19739648

6379,-19531264

6379,-20113408

6379,-19292672

6379,-19181056

6379,-19588608

6379,-19292672

6379,-18782208

6379,-18663936

6379,-18408960

6379,-18519040

6379,-18177024

6379,-17891840

6379,-18145792

6379,-17789440

6385,-17887744

6385,-18017280

6385,-17337856

6385,-17333760

6385,-17662464

6385,-17691648

6385,-17322496

6385,-16979968

6385,-17300480

6385,-17278976

6385,-16987136

6385,-17423872

6385,-16866816

6385,-17232384

6385,-16995328

6385,-17015808

6385,-17215488

6385,-16434176

6385,-16440832

6385,-16080384

6385,-16804352

6385,-16903168

6385,-16585216

6385,-15844864

6385,-16270848

6385,-16415744

6385,-16478720

6385,-16251904

6386,-15771648

6386,-15423488

6386,-15212544

6386,-15189504

6386,-15068160

6386,-15014912

6386,-14755328

6386,-14677504

6386,-14968320

6386,-14553600

6386,-14765568

6386,-14969856

6386,-14846976

6386,-14546944

6386,-14283264

6386,-14355456

6386,-14578688

6386,-14400512

6386,-14366720

6386,-14882816

6386,-14740992

6386,-14501888

6386,-14881792

6386,-14499328

6386,-14548992

6386,-14630400

6386,-14745088

6386,-14343168

6386,-14533120

6386,-14594048

6386,-14566400

6386,-14216192

6386,-13784576

6386,-13443584

6386,-13453824

6386,-13201920

6386,-13206016

6386,-13504512

6386,-14054400

6386,-13883392

6386,-13548032

6386,-13858816

6386,-13447680

6386,-13882880

6386,-13402112

6386,-13682176

6386,-13494272

6386,-13095936

6386,-13263872

6386,-13228032

6386,-13097984

6386,-13628416

6386,-13235200

6386,-13309952

6386,-13233152

6386,-13050368

6386,-12666880

6386,-13088256

6386,-13017088

6386,-12313600

6386,-12968448

6386,-12957696

6386,-12743168

6386,-12688384

6386,-12727296

6387,-13123584

6387,-12899328

6387,-12473856

6387,-12514304

6387,-12561408

6387,-12598784

6387,-12397568

6387,-12246528

6387,-12015616

6387,-11854336

6387,-12405248

6387,-13007360

6387,-12713984

6387,-12585472

6387,-13117440

6387,-12548096

6387,-12630528

6387,-12801024

6387,-12632576

6387,-12495872

6387,-12707328

6387,-12334592

6387,-12256768

6387,-12819968

6387,-12394496

6387,-12506624

6387,-12314624

6387,-11906048

6387,-12422656

6387,-12244480

6387,-12477952

6387,-12383232

6387,-12297216

6387,-12584960

6387,-12193792

6393,-12439040

6393,-12191744

6393,-12104704

6393,-12255744

6393,-12527616

6393,-12622336

6393,-11970048

6393,-12784640

6393,-12547584

6393,-13008896

6393,-12907008

6393,-12421120

6393,-12222976

6393,-12343296

6393,-12161536

6393,-11888128

6393,-12058624

6393,-12500480

6393,-12511744

6393,-12251136

6393,-12345344

6393,-12211200

6393,-12350464

6393,-12384256

6393,-12206080

6393,-11790336

6393,-12301824

6393,-12293632

6394,-12497408

6394,-12415488

6394,-12035584

6394,-12731392

6394,-12079104

6394,-12323328

6394,-11819520

6394,-12029952

6394,-12121088

6394,-11883008

6394,-11966464

6394,-11886080

6394,-11897344

6394,-11965952

6394,-11563520

6394,-11317760

6394,-11621376

6394,-11644416

6394,-11943936

6394,-11790336

6394,-11877376

6394,-11815936

6394,-11496448

6394,-11472384

6394,-10971136

6394,-10931712

6394,-10726912

6394,-10923520

6394,-10618880

6394,-10889728

6394,-10830848

6394,-10900992

6394,-10931712

6394,-10677760

6394,-10938880

6394,-10922496

6394,-10827776

6394,-11201024

6394,-11118592

6394,-11025408

6394,-11083776

6394,-11257344

6394,-11806208

6394,-11382272

6394,-11307008

6394,-11264512

6394,-11414528

6394,-11411456

6394,-11330560

6394,-11598848

6394,-11860992

6394,-11967488

6394,-11637760

6394,-11664896

6394,-11321344

6394,-11239936

6394,-11596800

6394,-11725824

6394,-11788288

6394,-11662336

6394,-11881984

6394,-11811840

6394,-11904512

6394,-11868160

6394,-11931648

6395,-12232704

6395,-12142592

6395,-12323840

6395,-12217856

6395,-12287488

6395,-12614656

6395,-12975616

6395,-12783616

6395,-12018176

6395,-12303360

6395,-12858368

6395,-12454400

6395,-12560384

6395,-12448256

6395,-12697600

6395,-12521472

6395,-12926464

6395,-13388800

6395,-13179904

6395,-13276672

6395,-13168128

6395,-12919808

6395,-12748800

6395,-12933120

6395,-13191680

6395,-13000704

6395,-12892160

6395,-12425216

6395,-12536832

6395,-12861952

6395,-12824576

6395,-12931072

6395,-13009408

6395,-13150208

6395,-12585984

6401,-12984832

6401,-12962816

6401,-12783104

6401,-12654592

6401,-12818432

6401,-12865536

6401,-12431872

6401,-12193792

6401,-12387328

6401,-11869184

6401,-12076032

6401,-11889152

6401,-12200960

6401,-11907584

6401,-11751424

6401,-11557888

6401,-11539456

6401,-11655168

6401,-11532800

6401,-11296256

6401,-11588096

6401,-11655168

6401,-11620864

6401,-12164608

6401,-11809280

6401,-11904000

6401,-11832320

6401,-11977728

6402,-12504576

6402,-12132352

6402,-11862016

6402,-12303872

6402,-12573696

6402,-12764672

6402,-12418560

6402,-12372992

6402,-12187648

6402,-12206592

6402,-12715520

6402,-12282368

6402,-12160512

6402,-12069888

6402,-12116480

6402,-12500480

6402,-12155904

6402,-12000256

6402,-12081152

6402,-12100096

6402,-12357120

6402,-12592128

6402,-12541440

6402,-12318208

6402,-12627968

6402,-12757504

6402,-12431872

6402,-12738048

6402,-12517376

6402,-12374016

6402,-12839424

6402,-12658688

6402,-13187584

6402,-13048320

6402,-13493760

6402,-13337088

6402,-13315584

6402,-13126144

6402,-13564416

6402,-13577216

6402,-13580800

6402,-14018560

6402,-13723136

6402,-13540352

6402,-13275648

6402,-13353472

6402,-13437440

6402,-13748224

6402,-13214208

6402,-13583360

6402,-13862400

6402,-13822464

6402,-13921280

6402,-13887488

6402,-14139392

6402,-13681664

6402,-13431296

6402,-13670912

6402,-13421056

6402,-13342208

6402,-13672448

6402,-13795328

6402,-13734400

6402,-14046208

6402,-13730304

6403,-13754880

6403,-13689344

6403,-13419520

6403,-13741056

6403,-13799424

6403,-13718016

6403,-13427712

6403,-13260288

6403,-12826624

6403,-13721088

6403,-13567488

6403,-13368832

6403,-13547520

6403,-13245952

6403,-13144576

6403,-13128704

6403,-13058560

6403,-13368832

6403,-13035008

6403,-13013504

6403,-12700672

6403,-12931584

6403,-13236736

6403,-13671424

6403,-13224960

6403,-13411840

6403,-13534720

6403,-13058048

6403,-12827136

6403,-12935168

6403,-12997632

6403,-12736512

6403,-12565504

6403,-12989952

6403,-12676096

6409,-12774400

6409,-12663296

6409,-12813312

6409,-12720640

6409,-12261888

6409,-12361216

6409,-12367872

6409,-12489728

6409,-12244992

6409,-12267008

6409,-11992064

6409,-12366848

6409,-12378112

6409,-12119040

6409,-11986944

6409,-12608512

6409,-11570688

6409,-11952128

6409,-12045824

6409,-12090880

6409,-11462144

6409,-11709952

6409,-12141056

6409,-11967488

6409,-12185088

6409,-11879936

6409,-11902976

6409,-12139008

6410,-11694592

6410,-11594752

6410,-11397120

6410,-11710976

6410,-12102144

6410,-11826688

6410,-11491840

6410,-11898880

6410,-11612160

6410,-12125696

6410,-12011520

6410,-11535872

6410,-11372544

6410,-11634688

6410,-11476480

6410,-11847680

6410,-11552256

6410,-11560960

6410,-11437568

6410,-11210752

6410,-11332608

6410,-10873344

6410,-10742272

6410,-11013632

6410,-10946048

6410,-10470400

6410,-10662400

6410,-10692608

6410,-10832384

6410,-10173440

6410,-10336768

6410,-10448896

6410,-10011648

6410,-10137088

6410,-9959424

6410,-10426880

6410,-10247680

6410,-9944576

6410,-9467392

6410,-10084352

6410,-9978368

6410,-10019328

6410,-9898496

6410,-9831424

6410,-9811968

6410,-9756672

6410,-9488896

6410,-9696768

6410,-9285120

6410,-9695232

6410,-9172992

6410,-9097216

6410,-9433088

6410,-8939520

6410,-8988160

6410,-8935936

6410,-8803840

6410,-8390656

6410,-8547840

6410,-8450560

6410,-8101376

6410,-8213504

6410,-8343552

6410,-8428544

6410,-8212992

6411,-8341504

6411,-8335872

6411,-8530944

6411,-8309760

6411,-8380416

6411,-8574464

6411,-8080896

6411,-8743936

6411,-8590336

6411,-8424448

6411,-8205824

6411,-8301568

6411,-8278016

6411,-8656896

6411,-8339456

6411,-8076800

6411,-8487424

6411,-7942144

6411,-7846400

6411,-8044544

6411,-7712256

6411,-7980032

6411,-7949824

6411,-8050688

6411,-7460352

6411,-7083520

6411,-7627264

6411,-7135232

6411,-7022080

6411,-7159296

6411,-7199744

6411,-7151616

6411,-7356416

6411,-7620096

6411,-7400960

6417,-7318528

6417,-7833088

6417,-7691264

6417,-7453696

6417,-7251456

6417,-6778880

6417,-7474688

6417,-7121920

6417,-6972416

6417,-6595584

6417,-6274560

6417,-6159872

6417,-6618112

6417,-6331904

6417,-6343680

6417,-6309888

6417,-5894144

6417,-5602304

6417,-5810688

6417,-5533696

6417,-5575168

6417,-5474304

6417,-5441536

6417,-6000128

6417,-5731328

6417,-5721600

6417,-5609984

6417,-5682688

6418,-5402624

6418,-4855808

6418,-5109248

6418,-4727296

6418,-4758528

6418,-4209152

6418,-4374016

6418,-4109312

6418,-4044288

6418,-4051968

6418,-3336192

6418,-3712000

6418,-3945984

6418,-3559424

6418,-3197440

6418,-3177984

6418,-3369472

6418,-3063296

6418,-3144704

6418,-2382848

6418,-2890240

6418,-2628608

6418,-2684416

6418,-1958400

6418,-2586112

6418,-2582528

6418,-2482688

6418,-2594816

6418,-2418176

6418,-2131456

6418,-2340352

6418,-2221568

6418,-2167808

6418,-2342912

6418,-2358272

6418,-2063360

6418,-2186240

6418,-2331648

6418,-2117120

6418,-2023424

6418,-2363904

6418,-2333184

6418,-2127360

6418,-1606656

6418,-1296384

6418,-1335296

6418,-1253376

6418,-1507840

6418,-1152512

6418,-1439744

6418,-1851904

6418,-1669120

6418,-1989120

6418,-1630208

6418,-1455104

6418,-1127936

6418,-1156096

6418,-932352

6418,-670720

6418,-592384

6418,-583168

6418,-503808

6418,-580608

6418,-628736

6418,-855040

6419,-630272

6419,-485888

6419,-335360

6419,-238592

6419,-46592

6419,3584

6419,-224768

6419,-1536

6419,-129536

6419,-268288

6419,-77312

6419,-283136

6419,453120

6419,521216

6419,878592

6419,709120

6419,191488

6419,288768

6419,125440

6419,584704

6419,580096

6419,425984

6419,164352

6419,529408

6419,702464

6419,847872

6419,698368

6419,871936

6419,600576

6419,964096

6419,1138176

6419,865792

6419,1006080

6419,948736

6419,919040

6425,1275904

6425,1151488

6425,845312

6425,1048064

6425,1053696

6425,1025024

6425,1569280

6425,1515520

6425,1653760

6425,1378304

6425,1255424

6425,1431040

6425,1618432

6425,1824256

6425,1518592

6425,1775104

6425,1776640

6425,2086400

6425,2258944

6425,2064384

6425,1839104

6425,1785856

6425,2342912

6425,2706432

6425,2633216

6425,2808320

6425,2671104

6425,2441728

6426,2403840

6426,2292736

6426,1945088

6426,2275840

6426,2419712

6426,3048960

6426,3048960

6426,2950144

6426,3026432

6426,2753536

6426,3060224

6426,2787328

6426,2892288

6426,3095552

6426,3281408

6426,3219968

6426,3143168

6426,3278848

6426,3262464

6426,3310080

6426,3685888

6426,3503104

6426,3679744

6426,3718656

6426,3441152

6426,3532800

6426,3695104

6426,4118528

6426,4427776

6426,4277248

6426,4175360

6426,3956736

6426,4545536

6426,4698624

6426,4251136

6426,4001792

6426,4268544

6426,4226048

6426,4154368

6426,4311040

6426,4594176

6426,4456960

6426,4402688

6426,4231680

6426,4084224

6426,4576256

6426,4755968

6426,4649472

6426,4739072

6426,5160448

6426,4475904

6426,4838400

6426,4851712

6426,4675584

6426,5017088

6426,5332992

6426,5616128

6426,5852160

6426,5828096

6426,5449728

6426,5320704

6426,5469696

6426,5765632

6426,5669888

6426,5554688

6427,6197248

6427,6420992

6427,6378496

6427,6526976

6427,6177280

6427,6401536

6427,6556160

6427,6537728

6427,6538752

6427,6320128

6427,6569984

6427,6744064

6427,7016960

6427,7250944

6427,6855168

6427,7057408

6427,7305728

6427,7974400

6427,7763968

6427,7613952

6427,7770624

6427,8284672

6427,8151040

6427,7814144

6427,8177664

6427,8333824

6427,8317952

6427,8488448

6427,8607232

6427,8269824

6427,8082432

6427,8245760

6427,8724992

6427,8779776

6427,8622592

6433,9086976

6433,9436160

6433,9036800

6433,9244672

6433,9163264

6433,9221120

6433,9163776

6433,9211904

6433,9315328

6433,9778688

6433,9626112

6433,9522688

6433,9404416

6433,9398784

6433,10075648

6433,9767936

6433,10155520

6433,10413056

6433,10073088

6433,10129920

6433,10409984

6433,10461696

6433,10563072

6433,10403328

6433,10499584

6433,10085376

6433,10636288

6433,10348544

6434,11247616

6434,11154944

6434,10611712

6434,10763776

6434,10146816

6434,10423808

6434,10583040

6434,10557440

6434,10805760

6434,10676224

6434,10894848

6434,11567104

6434,11079168

6434,11116032

6434,11171840

6434,11888640

6434,11990528

6434,11650560

6434,11444224

6434,11816960

6434,11510272

6434,12099072

6434,12457984

6434,11788800

6434,11580416

6434,12148224

6434,12253184

6434,12337152

6434,12209152

6434,12302848

6434,12076544

6434,11691008

6434,11971072

6434,12194304

6434,12319232

6434,12591616

6434,12324864

6434,12299776

6434,12635648

6434,12575744

6434,12628992

6434,12918272

6434,13089792

6434,13020672

6434,12904960

6434,13261312

6434,13281792

6434,12874752

6434,12590592

6434,12358144

6434,12640768

6434,12988416

6434,13129728

6434,13110784

6434,12948480

6434,13310976

6434,13144064

6434,12944384

6434,12950528

6434,12740608

6434,13073408

6434,13316608

6434,13051904

6434,12641792

6434,13053440

6435,12550656

6435,12821504

6435,13259776

6435,13115392

6435,13453312

6435,13228032

6435,13187584

6435,12681216

6435,12829184

6435,13272064

6435,12432384

6435,12639744

6435,12849152

6435,12445696

6435,12277248

6435,12365312

6435,12461056

6435,12205056

6435,11730432

6435,12037120

6435,11972096

6435,12165632

6435,11852800

6435,11603456

6435,11837952

6435,11929088

6435,11981312

6435,12083200

6435,11897856

6435,12027392

6435,11417088

6435,11571200

6435,11384320

6435,11572736

6435,11250176

6441,10956800

6441,10939904

6441,10857984

6441,11619328

6441,11148288

6441,11109376

6441,10977280

6441,10511360

6441,10989568

6441,11160064

6441,11366912

6441,11225088

6441,11037184

6441,10587648

6441,10862080

6441,11318784

6441,11077632

6441,11184128

6441,11494400

6441,11193856

6441,11166720

6441,11045888

6441,11177984

6441,11210240

6441,11233280

6441,11571712

6441,11612160

6441,11299328

6442,11206656

6442,11171328

6442,11513344

6442,11253248

6442,11566592

6442,11559936

6442,10938880

6442,11012608

6442,10934784

6442,10836992

6442,10752512

6442,10818560

6442,10932736

6442,11318272

6442,11017216

6442,10829824

6442,11027968

6442,11385344

6442,11548160

6442,11338240

6442,11230208

6442,11239936

6442,11295232

6442,11621376

6442,11465216

6442,11073536

6442,10533888

6442,10641920

6442,11068416

6442,10905088

6442,11277312

6442,11328512

6442,11738624

6442,11802112

6442,11421184

6442,11478016

6442,11369472

6442,11696128

6442,12295680

6442,12204032

6442,12377600

6442,12064256

6442,12619776

6442,12268544

6442,12295680

6442,12502016

6442,11963904

6442,12150784

6442,12425728

6442,12437504

6442,12055040

6442,11633664

6442,11898880

6442,11864576

6442,12450816

6442,12278784

6442,12310528

6442,12682240

6442,12263424

6442,12120576

6442,11971584

6442,11684352

6442,11570176

6442,11873280

6442,12115456

6443,12137984

6443,12278272

6443,11634176

6443,11399168

6443,11615744

6443,11807744

6443,12212224

6443,12243968

6443,12221440

6443,11645952

6443,11761152

6443,12036096

6443,11829248

6443,11928576

6443,11942400

6443,12227072

6443,12024320

6443,12174848

6443,11980800

6443,12353024

6443,12138496

6443,11999744

6443,12075520

6443,11803136

6443,11689472

6443,12101120

6443,12141568

6443,12325888

6443,11815424

6443,11701760

6443,11803648

6443,11485696

6443,11779072

6443,11637760

6443,11292160

6449,11159040

6449,11144704

6449,11142144

6449,11524096

RAW_SUMMARY id=1 requested=5600 captured=5600 unused_capacity=400 max_pcm_abs=22355456 raw_mean=-1186525.4 raw_abs_mean=7883478.5 raw_min=-22355456 raw_max=16327168 baseline=19.7

OK RAW

