# run: cfg_c48k_1
# firmware: role=analyzer git=9f584bb version=0.4.0
# imported-from: c48k_1.log (mtime 2026-10-09T10:38:05)
RAW_INFO mode=i2s output=csv

RAW_INFO row_size=12

RAW_BEGIN id=1 sr=48000 trigger_ms=6117 command_ms=6102 emit_seen=1 emit_start_ms=6117 emit_done_ms=6121 f=3200 dur=1 pre_ms=0 post_ms=350 decim=1 pre_samples=0 post_samples=6000 mode=i2s output=csv fields=ms,pcm

ms,pcm

6119,-24052

6119,-24564

6119,-25256

6119,-24280

6119,-25838

6119,-26768

6119,-27192

6119,-26006

6119,-25804

6119,-25780

6119,-27556

6119,-26316

6119,-26104

6119,-25206

6119,-27056

6120,-26498

6120,-24642

6120,-25154

6120,-24534

6120,-25892

6120,-26092

6120,-25226

6120,-27222

6120,-26480

6120,-29954

6120,-25350

6120,-28778

6120,-28508

6120,-28816

6120,-24706

6120,-26086

6120,-26504

6120,-26104

6120,-24338

6120,-24614

6120,-27122

6120,-25402

6120,-26996

6120,-25310

6120,-25236

6120,-25810

6120,-26116

6120,-26196

6120,-27124

6120,-28570

6120,-27348

6120,-28688

6120,-28492

6120,-26204

6120,-29478

6120,-27892

6120,-27198

6120,-28366

6120,-25172

6120,-26482

6120,-26292

6120,-26936

6120,-27124

6120,-27568

6120,-26700

6120,-28522

6120,-28826

6120,-26008

6120,-26714

6120,-29408

6120,-29158

6122,-29908

6122,-30662

6122,-30864

6122,-29660

6122,-28630

6122,-29392

6122,-29326

6122,-30276

6122,-31824

6122,-31310

6122,-29512

6122,-32944

6122,-29626

6122,-30584

6122,-29480

6122,-29910

6122,-32408

6122,-29454

6122,-30820

6122,-30072

6122,-29654

6122,-29236

6122,-30132

6122,-33480

6122,-31466

6122,-30370

6122,-31982

6122,-31012

6122,-33508

6122,-33946

6122,-31936

6122,-35874

6122,-34740

6122,-30930

6122,-35358

6122,-35722

6122,-33942

6122,-34012

6122,-32900

6122,-34398

6122,-34118

6122,-32642

6122,-35600

6122,-31402

6122,-32674

6122,-34934

6122,-32898

6122,-34402

6122,-34366

6122,-34236

6122,-33572

6122,-34556

6122,-33094

6122,-34196

6122,-33770

6122,-35420

6122,-33974

6123,-30840

6123,-34314

6123,-35710

6123,-34070

6123,-36050

6123,-33666

6123,-33912

6123,-34690

6123,-35412

6123,-35188

6123,-33304

6123,-33346

6123,-33070

6123,-32176

6123,-36342

6123,-31306

6123,-36564

6123,-36918

6123,-36182

6123,-37520

6123,-34242

6123,-37602

6123,-34218

6123,-37712

6123,-36788

6123,-35902

6123,-35096

6123,-35042

6123,-38638

6123,-33722

6123,-36318

6123,-36762

6123,-36762

6123,-36556

6123,-35616

6123,-34614

6123,-35700

6123,-36740

6123,-38834

6123,-36526

6123,-37906

6123,-40070

6123,-35946

6123,-39364

6123,-36776

6123,-37046

6123,-37816

6123,-39712

6123,-38474

6123,-40016

6123,-39312

6123,-39170

6123,-36808

6123,-36976

6123,-39474

6123,-37676

6123,-38772

6123,-36852

6123,-38494

6123,-37746

6123,-38710

6123,-39056

6123,-41062

6123,-36348

6124,-37790

6124,-39008

6124,-38330

6124,-40482

6124,-39086

6124,-37978

6124,-39304

6124,-41764

6124,-36206

6124,-37330

6124,-40422

6124,-36938

6124,-38568

6124,-38360

6124,-38036

6124,-39506

6124,-37718

6124,-36768

6124,-38008

6124,-37380

6124,-37882

6124,-38780

6124,-40694

6124,-40804

6124,-38626

6124,-39472

6124,-40518

6124,-37630

6124,-38210

6124,-39044

6124,-36974

6124,-39424

6124,-37250

6124,-37782

6124,-38414

6124,-37114

6124,-37292

6124,-36172

6124,-37404

6124,-38886

6124,-39946

6124,-36790

6124,-40296

6124,-38678

6124,-38362

6124,-39406

6124,-40702

6124,-38740

6124,-41288

6124,-36480

6124,-40020

6124,-39110

6124,-38246

6124,-38764

6124,-38038

6124,-36818

6124,-37046

6124,-39238

6124,-40062

6124,-40418

6124,-37954

6124,-41588

6124,-39090

6124,-38238

6124,-39690

6125,-39320

6125,-40588

6125,-38948

6125,-38930

6125,-39976

6125,-40850

6125,-38952

6125,-39658

6125,-42564

6125,-40042

6125,-39828

6125,-38604

6125,-37734

6125,-40460

6125,-40250

6125,-38320

6125,-40060

6125,-38000

6125,-40522

6125,-39404

6125,-40344

6125,-39820

6125,-40230

6125,-40752

6125,-41214

6125,-40014

6125,-39056

6125,-38360

6125,-39762

6125,-37964

6125,-38728

6125,-39390

6125,-36450

6125,-38724

6125,-38898

6125,-41116

6125,-41668

6125,-39068

6125,-38376

6125,-39568

6125,-36314

6125,-40216

6125,-39508

6125,-40886

6125,-41226

6125,-38960

6125,-40344

6125,-39264

6125,-39610

6125,-39632

6125,-41314

6125,-40326

6125,-40280

6125,-39390

6125,-38840

6125,-38112

6125,-41642

6125,-38468

6125,-39076

6125,-39008

6125,-37910

6125,-38616

6125,-37664

6125,-40580

6126,-36588

6126,-38462

6126,-37082

6126,-38346

6126,-39874

6126,-41268

6126,-39318

6126,-40272

6126,-39698

6126,-39562

6126,-38406

6126,-37922

6126,-37088

6126,-36488

6126,-37032

6126,-37912

6126,-39020

6126,-36662

6126,-39090

6126,-39722

6126,-40250

6126,-39516

6126,-35768

6126,-40082

6126,-38122

6126,-36666

6126,-39074

6126,-39564

6126,-37030

6126,-42652

6126,-39318

6126,-40604

6126,-39510

6126,-38718

6126,-40418

6126,-40810

6126,-37816

6126,-42008

6126,-37082

6126,-38250

6126,-40084

6126,-37452

6126,-40514

6126,-39148

6126,-38548

6126,-39342

6126,-39798

6126,-41320

6126,-36898

6126,-39768

6126,-39016

6126,-36798

6126,-40178

6126,-38746

6126,-41182

6126,-37248

6126,-37886

6126,-39472

6126,-40332

6126,-40006

6126,-39568

6126,-39820

6126,-38502

6126,-38224

6126,-38216

6127,-38494

6127,-36542

6127,-39792

6127,-35426

6127,-37224

6127,-36584

6127,-39710

6127,-35866

6127,-38154

6127,-37916

6127,-36716

6127,-35586

6127,-37876

6127,-39104

6127,-38354

6127,-39508

6127,-39894

6127,-37916

6127,-38180

6127,-39430

6127,-39824

6127,-38422

6127,-37284

6127,-39572

6127,-38412

6127,-40224

6127,-37032

6127,-37976

6127,-34892

6127,-36848

6127,-36618

6127,-40312

6127,-37934

6127,-37706

6127,-38986

6127,-38682

6127,-35218

6127,-40552

6127,-37764

6127,-37896

6127,-37176

6127,-37934

6127,-37026

6127,-37342

6127,-36574

6127,-36668

6127,-36252

6127,-35422

6127,-41794

6127,-33884

6127,-37468

6127,-33568

6127,-36526

6127,-35220

6127,-35260

6127,-36396

6127,-37948

6127,-35438

6127,-37164

6127,-36180

6127,-37634

6127,-35122

6127,-36986

6127,-37464

6128,-33440

6128,-39658

6128,-37422

6128,-37094

6128,-34100

6128,-36600

6128,-35270

6128,-39928

6128,-35474

6128,-37246

6128,-36174

6128,-33804

6128,-33380

6128,-32256

6128,-34086

6128,-33476

6128,-35034

6128,-33410

6128,-36994

6128,-34196

6128,-36472

6128,-32604

6128,-37396

6128,-35416

6128,-34858

6128,-34912

6128,-35356

6128,-34362

6128,-34336

6128,-31888

6128,-31928

6128,-32328

6128,-33238

6128,-33604

6128,-34964

6128,-34740

6128,-34274

6128,-34436

6128,-34916

6128,-34164

6128,-31752

6128,-32810

6128,-35466

6128,-29240

6128,-33674

6128,-33480

6128,-34460

6128,-31654

6128,-31310

6128,-33058

6128,-33898

6128,-33274

6128,-31616

6128,-33300

6128,-33614

6128,-30232

6128,-34270

6128,-33346

6128,-34872

6128,-30668

6128,-34410

6128,-31316

6128,-32630

6128,-30386

6128,-33574

6129,-30884

6129,-31228

6129,-31558

6129,-29764

6129,-30628

6129,-30344

6129,-30834

6129,-28536

6129,-30966

6129,-29970

6129,-28962

6129,-29208

6129,-33044

6129,-30392

6129,-30030

6129,-30112

6129,-34436

6129,-32516

6129,-31376

6129,-31732

6129,-31934

6129,-33774

6129,-29600

6129,-31150

6129,-32864

6129,-32886

6129,-30962

6129,-31446

6129,-32184

6129,-33096

6129,-29354

6129,-31232

6129,-28658

6129,-28526

6129,-27958

6129,-27698

6129,-30080

6129,-27940

6129,-28746

6129,-28814

6129,-28592

6129,-28664

6129,-30326

6129,-28662

6129,-28390

6129,-27934

6129,-30122

6129,-28908

6129,-27878

6129,-30104

6129,-30222

6129,-29094

6129,-27346

6129,-26782

6129,-28526

6129,-25892

6129,-29554

6129,-26436

6129,-26770

6129,-28626

6129,-25830

6129,-26164

6129,-27624

6129,-27404

6129,-26980

6130,-26214

6130,-27522

6130,-26978

6130,-28432

6130,-27212

6130,-26626

6130,-26634

6130,-26328

6130,-26810

6130,-26954

6130,-25828

6130,-24916

6130,-26958

6130,-25640

6130,-25186

6130,-26920

6130,-24896

6130,-23992

6130,-25984

6130,-22608

6130,-26304

6130,-21818

6130,-24198

6130,-25224

6130,-23918

6130,-25588

6130,-21480

6130,-24520

6130,-23356

6130,-21222

6130,-24534

6130,-23802

6130,-24126

6130,-24010

6130,-22254

6130,-21288

6130,-22972

6130,-25468

6130,-22888

6130,-24706

6130,-24438

6130,-22606

6130,-23076

6130,-20324

6130,-23782

6130,-21314

6130,-19816

6130,-21482

6130,-20278

6130,-22200

6130,-23156

6130,-20732

6130,-22632

6130,-18928

6130,-18246

6130,-23576

6130,-20236

6130,-21674

6130,-21172

6130,-20332

6130,-21586

6130,-20778

6130,-20518

6130,-18160

6131,-21380

6131,-21598

6131,-24064

6131,-21606

6131,-20550

6131,-18780

6131,-19876

6131,-20922

6131,-18568

6131,-22744

6131,-20394

6131,-19686

6131,-22268

6131,-21758

6131,-18502

6131,-21276

6131,-19810

6131,-16846

6131,-21188

6131,-18062

6131,-20692

6131,-18348

6131,-19510

6131,-18128

6131,-18672

6131,-19036

6131,-19440

6131,-19284

6131,-18450

6131,-16964

6131,-16498

6131,-19268

6131,-16080

6131,-19282

6131,-18008

6131,-19490

6131,-20010

6131,-17992

6131,-20808

6131,-21204

6131,-19704

6131,-19834

6131,-20998

6131,-20358

6131,-18882

6131,-18598

6131,-21474

6131,-17714

6131,-17264

6131,-21084

6131,-18814

6131,-19070

6131,-19350

6131,-18704

6131,-17796

6131,-20398

6131,-18424

6131,-19448

6131,-19052

6131,-19570

6131,-16676

6131,-20260

6131,-18536

6131,-19644

6131,-18130

6132,-20422

6132,-16952

6132,-19356

6132,-17592

6132,-17960

6132,-18174

6132,-16678

6132,-18918

6132,-19388

6132,-18994

6132,-17360

6132,-19128

6132,-18462

6132,-17338

6132,-18780

6132,-15024

6132,-18004

6132,-16570

6132,-18558

6132,-15886

6132,-16742

6132,-17292

6132,-17062

6132,-15822

6132,-16566

6132,-15540

6132,-16654

6132,-17786

6132,-15698

6132,-15202

6132,-16340

6132,-15018

6132,-15470

6132,-15088

6132,-17226

6132,-15660

6132,-16744

6132,-15160

6132,-14514

6132,-14362

6132,-13646

6132,-14016

6132,-15560

6132,-16208

6132,-15484

6132,-14224

6132,-15092

6132,-15918

6132,-13170

6132,-16132

6132,-16740

6132,-16678

6132,-15318

6132,-15270

6132,-17360

6132,-15994

6132,-15316

6132,-14598

6132,-16170

6132,-14012

6132,-13736

6132,-13514

6132,-12992

6132,-13446

6133,-17000

6133,-11886

6133,-13098

6133,-12364

6133,-15618

6133,-15004

6133,-10038

6133,-16454

6133,-14052

6133,-13722

6133,-12018

6133,-15506

6133,-14318

6133,-13332

6133,-12704

6133,-13358

6133,-12930

6133,-11946

6133,-13868

6133,-14430

6133,-14090

6133,-14404

6133,-15312

6133,-16226

6133,-17002

6133,-14304

6133,-13336

6133,-14410

6133,-14396

6133,-14050

6133,-13140

6133,-14660

6133,-15640

6133,-14568

6133,-14514

6133,-14710

6133,-13966

6133,-13696

6133,-11722

6133,-13774

6133,-11362

6133,-10716

6133,-12066

6133,-14148

6133,-13318

6133,-12736

6133,-14086

6133,-11462

6133,-14736

6133,-11484

6133,-14408

6133,-13308

6133,-15622

6133,-13470

6133,-11938

6133,-11582

6133,-11146

6133,-8998

6133,-12526

6133,-13092

6133,-11796

6133,-10362

6133,-10694

6133,-13558

6133,-9758

6134,-14118

6134,-12554

6134,-10870

6134,-9866

6134,-12682

6134,-12068

6134,-11722

6134,-13554

6134,-10932

6134,-11586

6134,-9414

6134,-11142

6134,-11360

6134,-13966

6134,-10336

6134,-12766

6134,-9262

6134,-9422

6134,-12054

6134,-10760

6134,-9304

6134,-11548

6134,-13302

6134,-12106

6134,-11798

6134,-12148

6134,-10460

6134,-13368

6134,-14314

6134,-13828

6134,-12416

6134,-12924

6134,-14308

6134,-13116

6134,-12706

6134,-13292

6134,-12262

6134,-12044

6134,-14740

6134,-15376

6134,-15102

6134,-14386

6134,-13898

6134,-15492

6134,-12304

6134,-15950

6134,-13606

6134,-13616

6134,-14688

6134,-14686

6134,-14924

6134,-14326

6134,-16044

6134,-14918

6134,-15648

6134,-13938

6134,-13212

6134,-14640

6134,-17706

6134,-15962

6134,-16148

6134,-14440

6134,-15834

6134,-18216

6135,-16256

6135,-18000

6135,-17324

6135,-16526

6135,-18044

6135,-17048

6135,-18784

6135,-19848

6135,-19444

6135,-17804

6135,-17626

6135,-17568

6135,-17694

6135,-18254

6135,-18422

6135,-16298

6135,-16902

6135,-17508

6135,-18680

6135,-17518

6135,-16340

6135,-17764

6135,-15608

6135,-17118

6135,-18064

6135,-17718

6135,-17342

6135,-17060

6135,-18024

6135,-18920

6135,-17488

6135,-18496

6135,-20612

6135,-21044

6135,-19946

6135,-17274

6135,-19922

6135,-17486

6135,-20838

6135,-19146

6135,-20060

6135,-17202

6135,-20464

6135,-18206

6135,-21180

6135,-20392

6135,-21998

6135,-18862

6135,-22204

6135,-20802

6135,-20836

6135,-21880

6135,-21464

6135,-22776

6135,-21666

6135,-23490

6135,-20072

6135,-19960

6135,-19902

6135,-19572

6135,-22688

6135,-23162

6135,-22950

6135,-22656

6135,-22250

6136,-21694

6136,-18630

6136,-21896

6136,-22292

6136,-21788

6136,-18648

6136,-19114

6136,-20196

6136,-22276

6136,-22574

6136,-22038

6136,-24398

6136,-24242

6136,-24416

6136,-24522

6136,-23342

6136,-26244

6136,-24400

6136,-25118

6136,-23938

6136,-24440

6136,-24754

6136,-25042

6136,-24334

6136,-21992

6136,-23028

6136,-24878

6136,-23204

6136,-27320

6136,-24390

6136,-23204

6136,-23856

6136,-23480

6136,-24678

6136,-24926

6136,-26432

6136,-23858

6136,-26216

6136,-25876

6136,-27810

6136,-25150

6136,-25984

6136,-26286

6136,-26446

6136,-25696

6136,-27774

6136,-27922

6137,-25606

6137,-26006

6137,-28646

6137,-24870

6137,-25644

6137,-25908

6137,-26214

6137,-25564

6137,-26488

6137,-29424

6137,-25594

6137,-26726

6137,-28676

6137,-24364

6137,-27112

6137,-27684

6137,-26778

6137,-25904

6137,-23622

6137,-26430

6137,-25838

6137,-25832

6137,-25464

6137,-29296

6137,-26008

6137,-25076

6138,-25582

6138,-26484

6138,-25318

6138,-27950

6138,-26784

6138,-29230

6138,-23400

6138,-26374

6138,-26644

6138,-26374

6138,-27036

6138,-24602

6138,-28412

6138,-27170

6138,-29098

6138,-27502

6138,-27796

6138,-29226

6138,-28488

6138,-28290

6138,-27226

6138,-28778

6138,-27044

6138,-26512

6138,-27338

6138,-29530

6138,-26692

6138,-27516

6138,-27032

6138,-29632

6138,-30502

6138,-28598

6138,-27972

6138,-28396

6138,-28608

6138,-28858

6138,-29258

6138,-28542

6138,-32050

6138,-27998

6138,-31014

6138,-27796

6138,-29152

6138,-27568

6138,-31662

6138,-27256

6138,-30640

6138,-30196

6138,-29178

6138,-30982

6138,-30364

6138,-33130

6138,-31538

6138,-32800

6138,-32922

6138,-34282

6138,-30670

6138,-31730

6138,-33906

6138,-33050

6138,-29750

6138,-35444

6138,-30648

6138,-31814

6138,-33346

6139,-34930

6139,-33416

6139,-33746

6139,-33520

6139,-31286

6139,-32500

6139,-33830

6139,-33850

6139,-32328

6139,-34658

6139,-32934

6139,-32780

6139,-33144

6139,-32092

6139,-34238

6139,-34206

6139,-34000

6139,-33278

6139,-31644

6139,-32792

6139,-34410

6139,-32578

6139,-34968

6139,-35214

6139,-33228

6139,-29142

6139,-32532

6139,-33786

6139,-34192

6139,-34086

6139,-33050

6139,-34798

6139,-35250

6139,-33930

6139,-36064

6139,-33040

6139,-33174

6139,-34168

6139,-34088

6139,-30174

6139,-31992

6139,-33590

6139,-30740

6139,-31758

6139,-32444

6139,-33694

6139,-29526

6139,-31160

6139,-30908

6139,-33536

6139,-31190

6139,-32962

6139,-31488

6139,-32702

6139,-32334

6139,-35072

6139,-31748

6139,-32942

6139,-31224

6139,-31934

6139,-32628

6139,-30626

6139,-33028

6139,-32614

6140,-32090

6140,-32188

6140,-30706

6140,-30874

6140,-31544

6140,-30638

6140,-32918

6140,-31762

6140,-33804

6140,-32170

6140,-32938

6140,-30672

6140,-31490

6140,-31226

6140,-34990

6140,-31980

6140,-33426

6140,-35524

6140,-31840

6140,-34820

6140,-30914

6140,-31598

6140,-29934

6140,-34268

6140,-31372

6140,-34342

6140,-32428

6140,-34858

6140,-31914

6140,-33368

6140,-35354

6140,-29818

6140,-33758

6140,-31740

6140,-34058

6140,-32826

6140,-33580

6140,-33796

6140,-32454

6140,-34398

6140,-33378

6140,-34654

6140,-35082

6140,-33794

6140,-34966

6140,-34340

6140,-36412

6140,-33878

6140,-36152

6140,-32456

6140,-31436

6140,-33484

6140,-35932

6140,-32546

6140,-34240

6140,-34368

6140,-35090

6140,-36902

6140,-33692

6140,-34078

6140,-33402

6140,-35342

6140,-34254

6140,-33426

6140,-30490

6141,-35946

6141,-31900

6141,-32486

6141,-31290

6141,-31792

6141,-31930

6141,-27720

6141,-34138

6141,-31726

6141,-32114

6141,-32022

6141,-30686

6141,-32744

6141,-33848

6141,-32614

6141,-32120

6141,-31738

6141,-31970

6141,-33554

6141,-33030

6141,-34214

6141,-30596

6141,-32546

6141,-32728

6141,-32352

6141,-31824

6141,-34406

6141,-31798

6141,-33376

6141,-34548

6141,-33270

6141,-34398

6141,-32050

6141,-31528

6141,-32038

6141,-31326

6142,-32124

6142,-32982

6142,-31602

6142,-32268

6142,-31374

6142,-33390

6142,-32132

6142,-31104

6142,-33408

6142,-29938

6142,-31944

6142,-30776

6142,-32302

6142,-31196

6142,-33120

6142,-33624

6142,-31614

6142,-30356

6142,-30674

6142,-30598

6142,-29762

6142,-30906

6142,-31774

6142,-32364

6142,-30594

6142,-33592

6143,-30918

6143,-32572

6143,-30864

6143,-30258

6143,-32234

6143,-32092

6143,-29554

6143,-33488

6143,-31556

6143,-30312

6143,-30670

6143,-32898

6143,-31570

6143,-31344

6143,-32340

6143,-32644

6143,-32666

6143,-33994

6143,-31876

6143,-32808

6143,-32468

6143,-33116

6143,-33066

6143,-31070

6143,-29586

6143,-32320

6143,-30904

6143,-29840

6143,-30330

6143,-31616

6143,-30944

6143,-31802

6143,-31572

6143,-32316

6143,-29354

6143,-30412

6143,-31826

6143,-30454

6143,-32984

6143,-31250

6143,-31734

6143,-31588

6143,-30770

6143,-29220

6143,-32596

6143,-28946

6143,-31442

6143,-31230

6143,-31082

6143,-30510

6143,-30440

6143,-28896

6143,-30850

6143,-29938

6143,-28940

6143,-30996

6143,-27682

6143,-29660

6143,-28428

6143,-32142

6143,-25952

6143,-30200

6143,-26826

6143,-27124

6143,-26848

6144,-30530

6144,-26684

6144,-25376

6144,-28066

6144,-29104

6144,-26720

6144,-27238

6144,-28100

6144,-25362

6144,-25646

6144,-25926

6144,-24730

6144,-24392

6144,-28362

6144,-26672

6144,-24638

6144,-28126

6144,-27692

6144,-26062

6144,-28526

6144,-28272

6144,-26552

6144,-27314

6144,-27442

6144,-27158

6144,-28940

6144,-26130

6144,-27610

6144,-26838

6144,-26796

6144,-27012

6144,-23630

6144,-27510

6144,-26002

6144,-27434

6144,-26146

6144,-28422

6145,-24388

6145,-26968

6145,-26994

6145,-26988

6145,-27506

6145,-29506

6145,-26222

6145,-28528

6145,-28690

6145,-29832

6145,-28708

6145,-28378

6145,-23724

6145,-27526

6145,-26404

6145,-28728

6145,-28496

6145,-27438

6145,-27186

6145,-26160

6145,-27162

6145,-27002

6145,-28032

6145,-25378

6145,-24740

6145,-25470

6146,-25816

6146,-26900

6146,-24910

6146,-26472

6146,-26180

6146,-24468

6146,-27592

6146,-27414

6146,-29736

6146,-28000

6146,-27958

6146,-27608

6146,-26516

6146,-28288

6146,-25394

6146,-26826

6146,-26340

6146,-25958

6146,-27336

6146,-22710

6146,-25566

6146,-24418

6146,-22918

6146,-27624

6146,-25326

6146,-25418

6146,-27100

6146,-26018

6146,-26536

6146,-26990

6146,-27110

6146,-27700

6146,-26106

6146,-26864

6146,-26466

6146,-26890

6146,-25936

6146,-26332

6146,-27088

6146,-24446

6146,-27468

6146,-26926

6146,-23896

6146,-23624

6146,-25466

6146,-26384

6146,-25542

6146,-27708

6146,-25360

6146,-27352

6146,-25226

6146,-24270

6146,-27138

6146,-25384

6146,-23816

6146,-23750

6146,-23970

6146,-26160

6146,-25794

6146,-26126

6146,-23806

6146,-25132

6146,-27528

6146,-23064

6146,-26524

6147,-25268

6147,-25740

6147,-27802

6147,-25346

6147,-24582

6147,-23992

6147,-26888

6147,-25266

6147,-25936

6147,-26354

6147,-24880

6147,-25744

6147,-25796

6147,-21170

6147,-24594

6147,-23938

6147,-23714

6147,-25140

6147,-23956

6147,-26730

6147,-24664

6147,-25764

6147,-23764

6147,-24458

6147,-24400

6147,-24462

6147,-27212

6147,-24214

6147,-25596

6147,-23380

6147,-25132

6147,-24416

6147,-25722

6147,-23476

6147,-25736

6147,-25034

6147,-22520

6147,-24146

6147,-26930

6147,-23916

6147,-24576

6147,-23772

6147,-25650

6147,-23784

6147,-24050

6147,-24040

6147,-25508

6147,-24978

6147,-24116

6147,-23788

6147,-22856

6147,-23424

6147,-24900

6147,-23310

6147,-25242

6147,-23426

6147,-23258

6147,-25724

6147,-23292

6147,-22918

6147,-22784

6147,-19422

6147,-20372

6147,-23796

6148,-23262

6148,-21558

6148,-22210

6148,-23652

6148,-21238

6148,-22400

6148,-23312

6148,-21616

6148,-24912

6148,-23224

6148,-25538

6148,-21882

6148,-23184

6148,-25526

6148,-22910

6148,-21418

6148,-24944

6148,-24980

6148,-22600

6148,-24518

6148,-21344

6148,-23164

6148,-20904

6148,-24128

6148,-21426

6148,-24852

6148,-23498

6148,-22288

6148,-21884

6148,-22816

6148,-22824

6148,-20246

6148,-23142

6148,-20422

6148,-21454

6148,-24344

6148,-23924

6148,-23876

6148,-23052

6148,-22988

6148,-21122

6148,-23324

6148,-21438

6148,-22166

6148,-23332

6148,-22966

6148,-23502

6148,-21394

6148,-24148

6148,-23854

6148,-20914

6148,-23108

6148,-22314

6148,-25164

6148,-23334

6148,-23586

6148,-22998

6148,-23330

6148,-22310

6148,-21500

6148,-24206

6148,-22478

6148,-24388

6148,-18404

6148,-23654

6149,-22758

6149,-22824

6149,-20590

6149,-21138

6149,-23488

6149,-22892

6149,-20034

6149,-21716

6149,-22372

6149,-21604

6149,-21794

6149,-21170

6149,-22188

6149,-21036

6149,-21444

6149,-23122

6149,-19576

6149,-21768

6149,-22800

6149,-23326

6149,-19072

6149,-22710

6149,-19438

6149,-20316

6149,-18520

6149,-19804

6149,-20906

6149,-20168

6149,-21492

6149,-21014

6149,-19446

6149,-22310

6149,-20420

6149,-21246

6149,-22612

6149,-21364

6150,-21086

6150,-19478

6150,-22856

6150,-20100

6150,-17488

6150,-19210

6150,-20558

6150,-18390

6150,-19870

6150,-21950

6150,-19336

6150,-21232

6150,-21572

6150,-24660

6150,-22468

6150,-21438

6150,-21922

6150,-20508

6150,-20070

6150,-22568

6150,-23014

6150,-22968

6150,-20666

6150,-22346

6150,-21256

6150,-19414

6151,-20048

6151,-18900

6151,-21192

6151,-20350

6151,-21440

6151,-20798

6151,-22074

6151,-18740

6151,-21060

6151,-20062

6151,-21184

6151,-20562

6151,-18982

6151,-19498

6151,-20236

6151,-21392

6151,-19422

6151,-19590

6151,-20664

6151,-22768

6151,-19146

6151,-19810

6151,-22766

6151,-20298

6151,-19910

6151,-20244

6151,-20784

6151,-18954

6151,-22206

6151,-18852

6151,-19658

6151,-20274

6151,-18976

6151,-19910

6151,-19694

6151,-18642

6151,-20586

6151,-21718

6151,-18382

6151,-20884

6151,-21086

6151,-17256

6151,-18746

6151,-18786

6151,-16786

6151,-17754

6151,-17632

6151,-15586

6151,-17862

6151,-16640

6151,-18924

6151,-17600

6151,-20028

6151,-16216

6151,-18130

6151,-15908

6151,-17694

6151,-18076

6151,-16990

6151,-17210

6151,-15926

6151,-16976

6151,-16244

6151,-16714

6151,-15022

6152,-19318

6152,-17922

6152,-16014

6152,-15638

6152,-17740

6152,-17190

6152,-17538

6152,-14626

6152,-15752

6152,-15936

6152,-14620

6152,-12782

6152,-13050

6152,-15518

6152,-16024

6152,-14276

6152,-16062

6152,-16652

6152,-12934

6152,-14122

6152,-15880

6152,-13908

6152,-12492

6152,-13210

6152,-10072

6152,-12738

6152,-11420

6152,-16558

6152,-11466

6152,-13912

6152,-14618

6152,-13940

6152,-15048

6152,-12286

6152,-14222

6152,-14754

6152,-11462

6153,-12280

6153,-10792

6153,-10792

6153,-14296

6153,-9564

6153,-13528

6153,-9498

6153,-13720

6153,-10590

6153,-13778

6153,-11938

6153,-12316

6153,-12538

6153,-14936

6153,-14216

6153,-14704

6153,-14548

6153,-14104

6153,-13640

6153,-12726

6153,-14856

6153,-16248

6153,-11694

6153,-15094

6153,-13494

6153,-11650

6154,-14584

6154,-13388

6154,-13446

6154,-12220

6154,-14578

6154,-10988

6154,-12424

6154,-11082

6154,-11364

6154,-13900

6154,-11672

6154,-12588

6154,-14350

6154,-12840

6154,-13862

6154,-16026

6154,-11514

6154,-13834

6154,-15998

6154,-15062

6154,-14470

6154,-14136

6154,-11298

6154,-13832

6154,-10294

6154,-10406

6154,-13434

6154,-12584

6154,-11414

6154,-14760

6154,-12040

6154,-9308

6154,-12456

6154,-12958

6154,-13484

6154,-11510

6154,-13954

6154,-9686

6154,-13614

6154,-10606

6154,-15060

6154,-12338

6154,-13238

6154,-12308

6154,-12838

6154,-13576

6154,-13544

6154,-12912

6154,-15934

6154,-15770

6154,-12954

6154,-13926

6154,-12944

6154,-16002

6154,-11792

6154,-13534

6154,-15032

6154,-12420

6154,-12848

6154,-11418

6154,-9918

6154,-14536

6154,-12370

6154,-13794

6154,-11684

6155,-13112

6155,-10836

6155,-14332

6155,-13544

6155,-11136

6155,-14606

6155,-11932

6155,-14782

6155,-13476

6155,-14554

6155,-13480

6155,-14220

6155,-13802

6155,-14508

6155,-12262

6155,-12576

6155,-12866

6155,-14154

6155,-12354

6155,-11458

6155,-10968

6155,-10788

6155,-9574

6155,-12512

6155,-11140

6155,-11794

6155,-12352

6155,-12870

6155,-14770

6155,-12032

6155,-11722

6155,-13508

6155,-11116

6155,-13610

6155,-10004

6155,-12740

6155,-14654

6155,-12622

6155,-14576

6155,-12992

6155,-12424

6155,-12394

6155,-11270

6155,-12588

6155,-10390

6155,-11290

6155,-10802

6155,-8352

6155,-9216

6155,-11612

6155,-10438

6155,-10298

6155,-10198

6155,-11506

6155,-10332

6155,-12814

6155,-12160

6155,-11794

6155,-13236

6155,-9846

6155,-11992

6155,-12060

6155,-9688

6155,-9170

6156,-10046

6156,-10868

6156,-13024

6156,-8918

6156,-12958

6156,-12586

6156,-12120

6156,-11296

6156,-10208

6156,-10476

6156,-10252

6156,-9340

6156,-12090

6156,-9442

6156,-11304

6156,-10656

6156,-11430

6156,-9314

6156,-9096

6156,-8440

6156,-8072

6156,-9654

6156,-8956

6156,-8738

6156,-10104

6156,-9840

6156,-10236

6156,-8802

6156,-10884

6156,-9658

6156,-9272

6156,-11070

6156,-8556

6156,-9316

6156,-9432

6156,-8790

6156,-8858

6156,-9926

6156,-7450

6156,-8256

6156,-9366

6156,-10986

6156,-9804

6156,-10472

6156,-10398

6156,-12818

6156,-9576

6156,-10058

6156,-11148

6156,-9632

6156,-10432

6156,-10646

6156,-9784

6156,-9712

6156,-10640

6156,-9520

6156,-8900

6156,-7166

6156,-10026

6156,-9016

6156,-11292

6156,-9552

6156,-9512

6156,-10300

6156,-9072

6157,-8144

6157,-10790

6157,-8072

6157,-10908

6157,-8636

6157,-9146

6157,-10024

6157,-8578

6157,-7422

6157,-9752

6157,-9526

6157,-9398

6157,-10056

6157,-8796

6157,-11098

6157,-10282

6157,-11520

6157,-9948

6157,-10476

6157,-11058

6157,-10250

6157,-10952

6157,-9146

6157,-9420

6157,-12400

6157,-9752

6157,-9436

6157,-10586

6157,-10916

6157,-12670

6157,-13358

6157,-11256

6157,-11050

6157,-12164

6157,-13312

6157,-12306

6158,-11238

6158,-9834

6158,-11416

6158,-12554

6158,-11584

6158,-11792

6158,-9228

6158,-12504

6158,-6956

6158,-13778

6158,-11440

6158,-11706

6158,-13262

6158,-11182

6158,-11066

6158,-9612

6158,-12874

6158,-10052

6158,-12562

6158,-13574

6158,-10636

6158,-11456

6158,-12064

6158,-10176

6158,-11320

6158,-11292

6159,-13042

6159,-10638

6159,-13180

6159,-12076

6159,-11096

6159,-13680

6159,-13670

6159,-15742

6159,-13264

6159,-14070

6159,-13686

6159,-14272

6159,-12850

6159,-13512

6159,-12826

6159,-13316

6159,-14694

6159,-14212

6159,-13724

6159,-12670

6159,-11992

6159,-12368

6159,-13000

6159,-10332

6159,-11356

6159,-15658

6159,-13090

6159,-13640

6159,-10050

6159,-10956

6159,-12152

6159,-13468

6159,-13660

6159,-13226

6159,-13562

6159,-12146

6159,-12590

6159,-12710

6159,-13474

6159,-13038

6159,-12732

6159,-13194

6159,-13776

6159,-14694

6159,-14506

6159,-13460

6159,-13532

6159,-14012

6159,-11948

6159,-15934

6159,-14596

6159,-11704

6159,-14042

6159,-13304

6159,-13528

6159,-15718

6159,-11358

6159,-13778

6159,-15176

6159,-15692

6159,-14232

6159,-16000

6159,-12792

6159,-16120

6159,-14438

6160,-16368

6160,-17230

6160,-15564

6160,-15214

6160,-14458

6160,-15376

6160,-12986

6160,-12200

6160,-15132

6160,-12788

6160,-13822

6160,-12982

6160,-12866

6160,-9838

6160,-14192

6160,-11738

6160,-12804

6160,-12120

6160,-12276

6160,-12884

6160,-11478

6160,-12118

6160,-13862

6160,-13656

6160,-11724

6160,-13610

6160,-9470

6160,-9570

6160,-11614

6160,-10242

6160,-7202

6160,-13328

6160,-11224

6160,-10824

6160,-11938

6160,-10590

6160,-12126

6161,-11866

6161,-11472

6161,-9716

6161,-9970

6161,-12700

6161,-9786

6161,-7762

6161,-10124

6161,-9876

6161,-10022

6161,-8122

6161,-9802

6161,-8454

6161,-10144

6161,-7556

6161,-9678

6161,-10902

6161,-8920

6161,-10360

6161,-9656

6161,-9312

6161,-9956

6161,-10740

6161,-9788

6161,-8734

6161,-11776

6162,-8424

6162,-10562

6162,-12184

6162,-8638

6162,-10376

6162,-11412

6162,-9676

6162,-9934

6162,-9362

6162,-9398

6162,-7604

6162,-10044

6162,-7918

6162,-7186

6162,-9604

6162,-7204

6162,-9466

6162,-8370

6162,-9184

6162,-7820

6162,-9634

6162,-9496

6162,-9232

6162,-9112

6162,-8400

6162,-8050

6162,-9498

6162,-6970

6162,-7834

6162,-11174

6162,-5780

6162,-9200

6162,-9478

6162,-10072

6162,-11870

6162,-7270

6162,-10396

6162,-7430

6162,-8416

6162,-5960

6162,-7448

6162,-6788

6162,-9688

6162,-7490

6162,-6786

6162,-7344

6162,-8138

6162,-9446

6162,-10856

6162,-8736

6162,-5572

6162,-10954

6162,-5572

6162,-7918

6162,-5564

6162,-6858

6162,-7582

6162,-7194

6162,-4890

6162,-5284

6162,-8312

6162,-8676

6162,-8580

6162,-8956

6162,-8336

6163,-7538

6163,-7908

6163,-7044

6163,-6618

6163,-5822

6163,-6514

6163,-5422

6163,-6806

6163,-6718

6163,-7106

6163,-6802

6163,-5694

6163,-4406

6163,-3948

6163,-5304

6163,-8498

6163,-7596

6163,-5598

6163,-5614

6163,-6736

6163,-6746

6163,-5352

6163,-5372

6163,-5098

6163,-6936

6163,-4916

6163,-4654

6163,-3382

6163,-6758

6163,-5978

6163,-6930

6163,-5954

6163,-7406

6163,-6148

6163,-6914

6163,-7504

6163,-4266

6163,-5294

6163,-6840

6163,-4986

6163,-7414

6163,-7676

6163,-6900

6163,-5664

6163,-7730

6163,-5280

6163,-5874

6163,-5272

6163,-5070

6163,-6396

6163,-5456

6163,-6008

6163,-3726

6163,-7084

6163,-4380

6163,-6956

6163,-8312

6163,-5444

6163,-7706

6163,-8188

6163,-7388

6163,-7352

6163,-7202

6163,-7058

6164,-8296

6164,-9622

6164,-7310

6164,-5582

6164,-6896

6164,-5428

6164,-9180

6164,-8562

6164,-5540

6164,-8602

6164,-6744

6164,-8380

6164,-10456

6164,-9280

6164,-7914

6164,-7754

6164,-9000

6164,-10056

6164,-8210

6164,-9164

6164,-6858

6164,-5932

6164,-7900

6164,-8368

6164,-7464

6164,-9726

6164,-8350

6164,-6632

6164,-6894

6164,-4992

6164,-9406

6164,-9126

6164,-6622

6164,-7740

6164,-7392

6164,-6848

6164,-7594

6164,-9810

6164,-9376

6164,-9638

6164,-12318

6164,-11222

6164,-10110

6164,-11358

6164,-9258

6164,-8534

6164,-9272

6164,-7876

6164,-8364

6164,-6822

6164,-10428

6164,-7492

6164,-8276

6164,-9134

6164,-8272

6164,-9068

6164,-9044

6164,-8354

6164,-7736

6164,-7530

6164,-10908

6164,-8242

6164,-7762

6164,-6294

6164,-7822

6165,-8394

6165,-5640

6165,-7794

6165,-7168

6165,-7274

6165,-6974

6165,-9744

6165,-7216

6165,-6540

6165,-7540

6165,-7658

6165,-8628

6165,-8104

6165,-6708

6165,-5696

6165,-7352

6165,-7988

6165,-5134

6165,-9166

6165,-10386

6165,-7830

6165,-9482

6165,-9496

6165,-6208

6165,-10602

6165,-6236

6165,-7698

6165,-8974

6165,-8454

6165,-7820

6165,-8852

6165,-10444

6165,-7722

6165,-8562

6165,-11132

6165,-7302

6166,-8976

6166,-9108

6166,-9690

6166,-10598

6166,-8470

6166,-9082

6166,-8184

6166,-9386

6166,-7596

6166,-7958

6166,-10110

6166,-9460

6166,-8712

6166,-9176

6166,-8138

6166,-9604

6166,-6444

6166,-9916

6166,-7022

6166,-10554

6166,-7282

6166,-9720

6166,-8538

6166,-9830

6166,-7526

6166,-10926

6167,-10000

6167,-13154

6167,-10306

6167,-12282

6167,-9764

6167,-11440

6167,-10882

6167,-11520

6167,-13422

6167,-10942

6167,-8298

6167,-9350

6167,-8988

6167,-9608

6167,-10940

6167,-10998

6167,-10544

6167,-10014

6167,-14344

6167,-8892

6167,-12950

6167,-12342

6167,-11260

6167,-9104

6167,-11144

6167,-11138

6167,-10148

6167,-9998

6167,-10988

6167,-11664

6167,-11716

6167,-11844

6167,-11382

6167,-10296

6167,-11648

6167,-10814

6167,-11050

6167,-12130

6167,-9894

6167,-10238

6167,-10334

6167,-11880

6167,-12044

6167,-12088

6167,-12526

6167,-10742

6167,-10966

6167,-11894

6167,-12916

6167,-9890

6167,-10440

6167,-12206

6167,-13786

6167,-10196

6167,-10236

6167,-10392

6167,-10628

6167,-8316

6167,-9356

6167,-6360

6167,-7932

6167,-9398

6167,-8500

6167,-9098

6167,-12366

6168,-9906

6168,-10604

6168,-8480

6168,-10478

6168,-10270

6168,-9970

6168,-10828

6168,-11916

6168,-9154

6168,-12202

6168,-8446

6168,-10636

6168,-9856

6168,-11198

6168,-9692

6168,-9928

6168,-9896

6168,-11276

6168,-9380

6168,-9726

6168,-10340

6168,-10780

6168,-12478

6168,-11640

6168,-11474

6168,-11020

6168,-9450

6168,-10476

6168,-11610

6168,-8706

6168,-11300

6168,-11930

6168,-10852

6168,-9436

6168,-9728

6168,-9016

6168,-9318

6169,-10556

6169,-11076

6169,-7394

6169,-9846

6169,-10890

6169,-9578

6169,-10846

6169,-8772

6169,-12372

6169,-10342

6169,-9116

6169,-9850

6169,-11630

6169,-8924

6169,-11794

6169,-8658

6169,-10520

6169,-8786

6169,-9668

6169,-8102

6169,-8102

6169,-7728

6169,-7486

6169,-8086

6169,-10170

6169,-9814

6170,-7138

6170,-8564

6170,-9080

6170,-8654

6170,-7708

6170,-7934

6170,-6030

6170,-7160

6170,-8284

6170,-7286

6170,-7672

6170,-8604

6170,-6298

6170,-8574

6170,-6554

6170,-9120

6170,-7862

6170,-7380

6170,-6494

6170,-7816

6170,-8050

6170,-5402

6170,-6044

6170,-6414

6170,-6282

6170,-9286

6170,-6374

6170,-8212

6170,-7628

6170,-6764

6170,-7750

6170,-7426

6170,-8670

6170,-8148

6170,-8878

6170,-6500

6170,-8824

6170,-7214

6170,-7476

6170,-6932

6170,-7690

6170,-6800

6170,-7430

6170,-6232

6170,-6354

6170,-9002

6170,-7760

6170,-7634

6170,-7400

6170,-6382

6170,-6828

6170,-7894

6170,-8266

6170,-8456

6170,-8142

6170,-8832

6170,-7732

6170,-7010

6170,-7022

6170,-9328

6170,-9616

6170,-7656

6170,-6276

6170,-8850

6170,-5916

6171,-9004

6171,-6946

6171,-7244

6171,-5838

6171,-7652

6171,-7418

6171,-4604

6171,-7426

6171,-8422

6171,-8502

6171,-5772

6171,-7510

6171,-4908

6171,-5384

6171,-6808

6171,-4156

6171,-7326

6171,-6234

6171,-6480

6171,-7110

6171,-5510

6171,-5754

6171,-5930

6171,-7564

6171,-5222

6171,-6668

6171,-5460

6171,-5934

6171,-8092

6171,-6292

6171,-6142

6171,-4032

6171,-3724

6171,-4630

6171,-6158

6171,-5454

6171,-4666

6171,-6718

6171,-2356

6171,-6742

6171,-5288

6171,-6038

6171,-4418

6171,-5136

6171,-4022

6171,-4272

6171,-5682

6171,-3892

6171,-3924

6171,-4606

6171,-5936

6171,-5752

6171,-3016

6171,-7484

6171,-4178

6171,-7548

6171,-5140

6171,-4646

6171,-5842

6171,-598

6171,-5708

6171,-1662

6171,-5828

6171,-3894

6172,-5574

6172,-3914

6172,-6648

6172,-5638

6172,-3816

6172,-4108

6172,-5132

6172,-6516

6172,-5602

6172,-7704

6172,-5786

6172,-4644

6172,-5858

6172,-5924

6172,-3816

6172,-6908

6172,-4342

6172,-5554

6172,-5088

6172,-5788

6172,-4090

6172,-4580

6172,-5930

6172,-5374

6172,-6376

6172,-3474

6172,-8360

6172,-5666

6172,-5848

6172,-5092

6172,-5934

6172,-5092

6172,-3102

6172,-4796

6172,-4432

6172,-5452

6172,-5748

6172,-4280

6172,-4366

6172,-3128

6172,-5682

6172,-1964

6172,-4218

6172,-3794

6172,-4212

6172,-4134

6172,-4558

6172,-3354

6172,-2796

6172,-4820

6172,-5532

6172,-6130

6172,-5062

6172,-2208

6172,-5862

6172,-3136

6172,-5554

6172,-1556

6172,-2646

6172,-1340

6172,-2658

6172,-5074

6172,-6440

6172,-4148

6172,-3376

6173,-5862

6173,-4358

6173,-6270

6173,-3120

6173,-3678

6173,-1726

6173,-3830

6173,-5194

6173,-2376

6173,-6206

6173,-6104

6173,-3570

6173,-5802

6173,-1916

6173,-2678

6173,-3764

6173,-2276

6173,-3822

6173,-2548

6173,-3494

6173,-3384

6173,-4432

6173,-2760

6173,-4248

6173,-2916

6173,-1396

6173,-720

6173,-1476

6173,-1866

6173,1808

6173,-1050

6173,220

6173,1026

6173,826

6173,56

6173,-174

6174,-2458

6174,408

6174,-818

6174,-892

6174,-1034

6174,-744

6174,-988

6174,2132

6174,-920

6174,-16

6174,-966

6174,10

6174,-876

6174,-1070

6174,840

6174,-1534

6174,-906

6174,-302

6174,418

6174,-1696

6174,3856

6174,372

6174,1560

6174,514

6174,432

6174,1218

6175,350

6175,-1148

6175,-556

6175,-922

6175,-1206

6175,2614

6175,140

6175,1846

6175,414

6175,-662

6175,2412

6175,26

6175,878

6175,2350

6175,636

6175,-66

6175,-1746

6175,2228

6175,-1422

6175,2128

6175,1336

6175,222

6175,1832

6175,494

6175,1550

6175,-436

6175,-1514

6175,-1220

6175,368

6175,-2166

6175,712

6175,-878

6175,616

6175,686

6175,-594

6175,2738

6175,652

6175,1640

6175,1050

6175,64

6175,2316

6175,1742

6175,1034

6175,2390

6175,1572

6175,1096

6175,3438

6175,950

6175,1928

6175,2042

6175,-2784

6175,2268

6175,2748

6175,-536

6175,1108

6175,5754

6175,3096

6175,4610

6175,3778

6175,1260

6175,5010

6175,1772

6175,1188

6175,4194

6175,3190

6176,3626

6176,3216

6176,4130

6176,1662

6176,4826

6176,1510

6176,3190

6176,2670

6176,3606

6176,3706

6176,5100

6176,3750

6176,4782

6176,1944

6176,5006

6176,3052

6176,4716

6176,5976

6176,4224

6176,5040

6176,4294

6176,6240

6176,5518

6176,4094

6176,3302

6176,3636

6176,3492

6176,4550

6176,3428

6176,6896

6176,3688

6176,2942

6176,5152

6176,4046

6176,4064

6176,2700

6176,4032

6177,1504

6177,1334

6177,3590

6177,1254

6177,4392

6177,944

6177,3430

6177,5308

6177,2988

6177,1522

6177,4652

6177,2206

6177,6158

6177,1054

6177,2452

6177,2704

6177,5562

6177,2882

6177,2866

6177,3170

6177,2236

6177,6486

6177,1838

6177,2472

6177,3586

6177,4382

6178,4348

6178,3976

6178,4716

6178,5002

6178,1900

6178,3778

6178,2626

6178,2218

6178,1298

6178,3842

6178,4260

6178,3912

6178,5538

6178,2788

6178,3870

6178,4520

6178,2486

6178,3398

6178,3678

6178,2662

6178,3448

6178,4498

6178,2348

6178,2866

6178,4954

6178,4852

6178,4862

6178,5648

6178,2798

6178,4940

6178,5086

6178,7570

6178,3948

6178,4248

6178,5156

6178,3744

6178,3346

6178,4734

6178,5226

6178,3344

6178,3978

6178,2386

6178,4292

6178,4014

6178,4364

6178,2862

6178,6432

6178,4976

6178,5824

6178,2660

6178,4760

6178,3580

6178,3454

6178,3708

6178,1818

6178,3424

6178,4536

6178,1850

6178,2502

6178,2106

6178,2796

6178,2948

6178,3114

6178,3608

6178,3318

6179,3294

6179,3682

6179,4516

6179,4734

6179,4906

6179,1330

6179,4452

6179,694

6179,4498

6179,4360

6179,3418

6179,2016

6179,3726

6179,4604

6179,2846

6179,3504

6179,1694

6179,3210

6179,2788

6179,1890

6179,1954

6179,3334

6179,4038

6179,4630

6179,2018

6179,4698

6179,1906

6179,2424

6179,4344

6179,6382

6179,1704

6179,2904

6179,3686

6179,3214

6179,4716

6179,4550

6179,5580

6179,5522

6179,5100

6179,7314

6179,4926

6179,6836

6179,7608

6179,6710

6179,6014

6179,2878

6179,3964

6179,5812

6179,4566

6179,5656

6179,7662

6179,7480

6179,5158

6179,6044

6179,5112

6179,5018

6179,6452

6179,7286

6179,5226

6179,4764

6179,5694

6179,6566

6179,3754

6179,3738

6180,4622

6180,5134

6180,4956

6180,5954

6180,1932

6180,2546

6180,4634

6180,4594

6180,6414

6180,3902

6180,4546

6180,4254

6180,4688

6180,3262

6180,4958

6180,5228

6180,6678

6180,4152

6180,4300

6180,6556

6180,7290

6180,7848

6180,5674

6180,5968

6180,2764

6180,8634

6180,4002

6180,5830

6180,5760

6180,5248

6180,4494

6180,5476

6180,4170

6180,7088

6180,5556

6180,7898

6180,3100

6180,4506

6180,5042

6180,4314

6180,3452

6180,5098

6180,2750

6180,4312

6180,4124

6180,5772

6180,4318

6180,4434

6180,4266

6180,6954

6180,3166

6180,2904

6180,3516

6180,3964

6180,4530

6180,4146

6180,2542

6180,3274

6180,2602

6180,5358

6180,4490

6180,3938

6180,4992

6180,3934

6180,6308

6181,2250

6181,2740

6181,3968

6181,6258

6181,3340

6181,6948

6181,6458

6181,4980

6181,2162

6181,4634

6181,2694

6181,3790

6181,2948

6181,4722

6181,5250

6181,3446

6181,6196

6181,3658

6181,6460

6181,3882

6181,3246

6181,4496

6181,2236

6181,1936

6181,4568

6181,2938

6181,2436

6181,2588

6181,2476

6181,2826

6181,3398

6181,3378

6181,4758

6181,4124

6181,1692

6181,2352

6182,2778

6182,3616

6182,4658

6182,4084

6182,3626

6182,3694

6182,3076

6182,5870

6182,2250

6182,3196

6182,3710

6182,2350

6182,5732

6182,1086

6182,5380

6182,3640

6182,2856

6182,3584

6182,4664

6182,5182

6182,6668

6182,4174

6182,7960

6182,5832

6182,5940

6182,5852

6183,7246

6183,6986

6183,6942

6183,5306

6183,6140

6183,6738

6183,4066

6183,7150

6183,2540

6183,5374

6183,4696

6183,7784

6183,4976

6183,5502

6183,7044

6183,7752

6183,6734

6183,5936

6183,7780

6183,2882

6183,6608

6183,8628

6183,5052

6183,7736

6183,8728

6183,5608

6183,9206

6183,5852

6183,8562

6183,5528

6183,10116

6183,7788

6183,8732

6183,7074

6183,8342

6183,6144

6183,9214

6183,6906

6183,8208

6183,6576

6183,7610

6183,2930

6183,4134

6183,5596

6183,6656

6183,7538

6183,5576

6183,9246

6183,3928

6183,7914

6183,8324

6183,5472

6183,6292

6183,6386

6183,9204

6183,7652

6183,5964

6183,7590

6183,8344

6183,5302

6183,8714

6183,6210

6183,5946

6183,9410

6183,5612

6184,6392

6184,9146

6184,8096

6184,10570

6184,5584

6184,10188

6184,9370

6184,8602

6184,6902

6184,9434

6184,7046

6184,7854

6184,6740

6184,7582

6184,7772

6184,7246

6184,10826

6184,9518

6184,9694

6184,7168

6184,10844

6184,8324

6184,9156

6184,8014

6184,9484

6184,6106

6184,12844

6184,9000

6184,10864

6184,8346

6184,12622

6184,10632

6184,9654

6184,8914

6184,8480

6184,11948

6184,9534

6185,12068

6185,13228

6185,10816

6185,12052

6185,9898

6185,10084

6185,10380

6185,6620

6185,12486

6185,9602

6185,10090

6185,8200

6185,10402

6185,11372

6185,11688

6185,8780

6185,8206

6185,9542

6185,9736

6185,8366

6185,9374

6185,7596

6185,10942

6185,9012

6185,8754

6185,10804

6186,7934

6186,8984

6186,8046

6186,10430

6186,7422

6186,9902

6186,10450

6186,10100

6186,8622

6186,9680

6186,7822

6186,9728

6186,9008

6186,7986

6186,9622

6186,7300

6186,8646

6186,3544

6186,10246

6186,6100

6186,6110

6186,7344

6186,6962

6186,6870

6186,7886

6186,6676

6186,5824

6186,5092

6186,6518

6186,5554

6186,2714

6186,6482

6186,1982

6186,6014

6186,3764

6186,5156

6186,4090

6186,5628

6186,5458

6186,7190

6186,3490

6186,6120

6186,5596

6186,4436

6186,6932

6186,3834

6186,8488

6186,5290

6186,8300

6186,5978

6186,7576

6186,6708

6186,7212

6186,6248

6186,7098

6186,5490

6186,5052

6186,4994

6186,7366

6186,4482

6186,5814

6186,6420

6186,6872

6186,6344

6186,7570

6187,7368

6187,7032

6187,7436

6187,7676

6187,9992

6187,10082

6187,7534

6187,10192

6187,10252

6187,10044

6187,11910

6187,9152

6187,9048

6187,10336

6187,9738

6187,7834

6187,7938

6187,8122

6187,7540

6187,6880

6187,8172

6187,9530

6187,8290

6187,3710

6187,9720

6187,7632

6187,7192

6187,9086

6187,8464

6187,10132

6187,8626

6187,6722

6187,7778

6187,10410

6187,9016

6187,9078

6187,10418

6187,7590

6187,9742

6187,6914

6187,10218

6187,7286

6187,9136

6187,9950

6187,9714

6187,9684

6187,9060

6187,7798

6187,8356

6187,7422

6187,9030

6187,7708

6187,5180

6187,9986

6187,5728

6187,8514

6187,7356

6187,7882

6187,6874

6187,6398

6187,5800

6187,8372

6187,6608

6187,7612

6188,6528

6188,8130

6188,5148

6188,8096

6188,4498

6188,8096

6188,6510

6188,6432

6188,4920

6188,7412

6188,8864

6188,6644

6188,5538

6188,8596

6188,6426

6188,8174

6188,9850

6188,7518

6188,6730

6188,6368

6188,6090

6188,9182

6188,5744

6188,7096

6188,7402

6188,7068

6188,6020

6188,7506

6188,7158

6188,5700

6188,7380

6188,7354

6188,5916

6188,6452

6188,7332

6188,6020

6188,6694

6188,8208

6188,5718

6188,7172

6188,7238

6188,6954

6188,8114

6188,6684

6188,6348

6188,6424

6188,8284

6188,7594

6188,7380

6188,6838

6188,5048

6188,7096

6188,4742

6188,7292

6188,6082

6188,4386

6188,8376

6188,7176

6188,8478

6188,8364

6188,8530

6188,5538

6188,7196

6188,7080

6188,8184

6189,6706

6189,7464

6189,7836

6189,6326

6189,9618

6189,7098

6189,8458

6189,5376

6189,7630

6189,7206

6189,8872

6189,4932

6189,4146

6189,8432

6189,5460

6189,7758

6189,5196

6189,10146

6189,7042

6189,8864

6189,8476

6189,9466

6189,9794

6189,9524

6189,7644

6189,8382

6189,8056

6189,7720

6189,10678

6189,7790

6189,9848

6189,8102

6189,10496

6189,9732

6189,13534

6189,9916

6190,10690

6190,11366

6190,9122

6190,9882

6190,6596

6190,10112

6190,10564

6190,10510

6190,12292

6190,10990

6190,11224

6190,9008

6190,8330

6190,13244

6190,8888

6190,9006

6190,10878

6190,6426

6190,11942

6190,9930

6190,10292

6190,12680

6190,11988

6190,10882

6190,11332

6190,11286

6191,8900

6191,13186

6191,12730

6191,11960

6191,12944

6191,13144

6191,11640

6191,14310

6191,12460

6191,10992

6191,14080

6191,11806

6191,13700

6191,11566

6191,13270

6191,12476

6191,11970

6191,11652

6191,10864

6191,11150

6191,13240

6191,11884

6191,12374

6191,9390

6191,12144

6191,9840

6191,10602

6191,11022

6191,10580

6191,11574

6191,12510

6191,10468

6191,11736

6191,12084

6191,10062

6191,10410

6191,11348

6191,10676

6191,12792

6191,10506

6191,12148

6191,11040

6191,9672

6191,11458

6191,10020

6191,11432

6191,12080

6191,9582

6191,10936

6191,11176

6191,11674

6191,11392

6191,11130

6191,12268

6191,13834

6191,12784

6191,13190

6191,10230

6191,12544

6191,13014

6191,10828

6191,11380

6191,12542

6191,10228

6191,12106

6192,13078

6192,11260

6192,11730

6192,12244

6192,12238

6192,12080

6192,12516

6192,8880

6192,10810

6192,10578

6192,10270

6192,8084

6192,8726

6192,11834

6192,10380

6192,10358

6192,11120

6192,8546

6192,10416

6192,12306

6192,10690

6192,10600

6192,13834

6192,12674

6192,8828

6192,11772

6192,9972

6192,13810

6192,9780

6192,11892

6192,11718

6192,10386

6192,10162

6192,8594

6192,13952

6192,8736

6192,12236

6193,9846

6193,11658

6193,9122

6193,11650

6193,10920

6193,11982

6193,11622

6193,11226

6193,13802

6193,11814

6193,12040

6193,11122

6193,12662

6193,12602

6193,14048

6193,12114

6193,14198

6193,10606

6193,13694

6193,13812

6193,12038

6193,12924

6193,13132

6193,10942

6193,12218

6193,10760

6194,12196

6194,12692

6194,11978

6194,13050

6194,13772

6194,11608

6194,14896

6194,10960

6194,12550

6194,11680

6194,12104

6194,10652

6194,12746

6194,11314

6194,12788

6194,11308

6194,12240

6194,14084

6194,10134

6194,13910

6194,12892

6194,14624

6194,13598

6194,14408

6194,13246

6194,14592

6194,11990

6194,13976

6194,14170

6194,12768

6194,11962

6194,14712

6194,12350

6194,11398

6194,16188

6194,13644

6194,12918

6194,14240

6194,11140

6194,12474

6194,10748

6194,13560

6194,13362

6194,12640

6194,12324

6194,14198

6194,14158

6194,14634

6194,13730

6194,14976

6194,14124

6194,12184

6194,14294

6194,15906

6194,12456

6194,13094

6194,15226

6194,13328

6194,14340

6194,13904

6194,14748

6194,14638

6194,15334

6194,14320

6194,11948

6195,16280

6195,15234

6195,15052

6195,15092

6195,12860

6195,13556

6195,14308

6195,13572

6195,14534

6195,13112

6195,13056

6195,11144

6195,14796

6195,15810

6195,13848

6195,14722

6195,16926

6195,15860

6195,17632

6195,16218

6195,16118

6195,13892

6195,15112

6195,14496

6195,16146

6195,15094

6195,15714

6195,15294

6195,13910

6195,15264

6195,14110

6195,18340

6195,14738

6195,15048

6195,13864

6195,13310

6195,17932

6195,14164

6195,13014

6195,14416

6195,14750

6195,13098

6195,15122

6195,12364

6195,14242

6195,15284

6195,14336

6195,14716

6195,15250

6195,14212

6195,14152

6195,14602

6195,16446

6195,15328

6195,13696

6195,15888

6195,13926

6195,15380

6195,15120

6195,13414

6195,13742

6195,15134

6195,14196

6195,14396

6196,15296

6196,12404

6196,12826

6196,14444

6196,13896

6196,17032

6196,12700

6196,15190

6196,15670

6196,14314

6196,14810

6196,15260

6196,12826

6196,14652

6196,15086

6196,15070

6196,14718

6196,12926

6196,12542

6196,13466

6196,11392

6196,10820

6196,14182

6196,15140

6196,11574

6196,15620

6196,14168

6196,14030

6196,12758

6196,11434

6196,13874

6196,11442

6196,11140

6196,10300

6196,12804

6196,11626

6196,11358

6196,13748

6196,11538

6196,13510

6196,12588

6196,14622

6196,12980

6196,13228

6196,14870

6196,12956

6196,14264

6196,13226

6196,14078

6196,13228

6196,14268

6196,11840

6196,13080

6196,14464

6196,13740

6196,13544

6196,11142

6196,12914

6196,10554

6196,14706

6196,14242

6196,13832

6196,13296

6196,12576

6196,13242

6197,14290

6197,14534

6197,13374

6197,15018

6197,16324

6197,13756

6197,13512

6197,14014

6197,14462

6197,14526

6197,13682

6197,14394

6197,16562

6197,16194

6197,15946

6197,15950

6197,15318

6197,16042

6197,18326

6197,14420

6197,16428

6197,14774

6197,13500

6197,13972

6197,14000

6197,16654

6197,11772

6197,13730

6197,14656

6197,16330

6197,14686

6197,15492

6197,13788

6197,14264

6197,13418

6197,15488

6198,13094

6198,13556

6198,14202

6198,13096

6198,14692

6198,13796

6198,14676

6198,11884

6198,15554

6198,13840

6198,13998

6198,13894

6198,14274

6198,14220

6198,12490

6198,16510

6198,11956

6198,12880

6198,15620

6198,14462

6198,13650

6198,13166

6198,14416

6198,11442

6198,14022

6198,14094

6199,12956

6199,15484

6199,13826

6199,14666

6199,13204

6199,15666

6199,12486

6199,14792

6199,11930

6199,16780

6199,13466

6199,15072

6199,14738

6199,15030

6199,14536

6199,13930

6199,14724

6199,17064

6199,15016

6199,16876

6199,15890

6199,14084

6199,16558

6199,15304

6199,15786

6199,15338

6199,14798

6199,15642

6199,13488

6199,13342

6199,14148

6199,12892

6199,13714

6199,13468

6199,13230

6199,14608

6199,11940

6199,12626

6199,11918

6199,11166

6199,10342

6199,11932

6199,11440

6199,12074

6199,13014

6199,12020

6199,12102

6199,10518

6199,13452

6199,15126

6199,12188

6199,14384

6199,12784

6199,10324

6199,11572

6199,12370

6199,14580

6199,11878

6199,12958

6199,12394

6199,11416

6199,14876

6199,12482

6199,13812

6199,14186

6200,10992

6200,13700

6200,12864

6200,11150

6200,13482

6200,13226

6200,13840

6200,14100

6200,14732

6200,10678

6200,13918

6200,13462

6200,14284

6200,14000

6200,10756

6200,10954

6200,12628

6200,9934

6200,12692

6200,13430

6200,11088

6200,13960

6200,13038

6200,13354

6200,14204

6200,11778

6200,13284

6200,11374

6200,11474

6200,11574

6200,8454

6200,12464

6200,10226

6200,10970

6200,11312

6200,11904

6200,13376

6201,10608

6201,11472

6201,13014

6201,10958

6201,12888

6201,10116

6201,12870

6201,10896

6201,10956

6201,11342

6201,11838

6201,12036

6201,11528

6201,11970

6201,11960

6201,11492

6201,10604

6201,10542

6201,9614

6201,9196

6201,10026

6201,11648

6201,11230

6201,10930

6201,11332

6201,8998

6202,11984

6202,10672

6202,13300

6202,13756

6202,12560

6202,13446

6202,12440

6202,13202

6202,15472

6202,11002

6202,14906

6202,12350

6202,13164

6202,13516

6202,12056

6202,11504

6202,13284

6202,12814

6202,12378

6202,15522

6202,11350

6202,13850

6202,12244

6202,11764

6202,15956

6202,13634

6202,12516

6202,14020

6202,12466

6202,12578

6202,13386

6202,15240

6202,13502

6202,12680

6202,12228

6202,13914

6202,12036

6202,12948

6202,13896

6202,14012

6202,13594

6202,14644

6202,13560

6202,12596

6202,13430

6202,14618

6202,14510

6202,12004

6202,15226

6202,13844

6202,14408

6202,13382

6202,13082

6202,14350

6202,12894

6202,11672

6202,11354

6202,12250

6202,11372

6202,12964

6202,9786

6202,14438

6202,10176

6202,9580

6202,10946

6203,10040

6203,13936

6203,12770

6203,10794

6203,12222

6203,12156

6203,13316

6203,11320

6203,11758

6203,9946

6203,12440

6203,9042

6203,10724

6203,9612

6203,7274

6203,7790

6203,9468

6203,10766

6203,9846

6203,9138

6203,11326

6203,11230

6203,9330

6203,11908

6203,8578

6203,11688

6203,8798

6203,8036

6203,9572

6203,9864

6203,7402

6203,10306

6203,7556

6203,7788

6203,8444

6203,9156

6203,8000

6203,10400

6203,9038

6203,8326

6203,10904

6203,10004

6203,7442

6203,10636

6203,9992

6203,9070

6203,12168

6203,10276

6203,13088

6203,9306

6203,12810

6203,9376

6203,9506

6203,10428

6203,9708

6203,9558

6203,7344

6203,10976

6203,8554

6203,9688

6203,9662

6203,8800

6203,10024

6203,10182

6204,10200

6204,11706

6204,10798

6204,11224

6204,7824

6204,9236

6204,11014

6204,10308

6204,11064

6204,8158

6204,11980

6204,8626

6204,7382

6204,8020

6204,8676

6204,8406

6204,7882

6204,7886

6204,9834

6204,8172

6204,8536

6204,9116

6204,8468

6204,8746

6204,10978

6204,8112

6204,7238

6204,8904

6204,5212

6204,9368

6204,7650

6204,10334

6204,8414

6204,7208

6204,6516

6204,8222

6204,6622

6204,5618

6204,2956

6204,6670

6204,3890

6204,7234

6204,5170

6204,4038

6204,7828

6204,4032

6204,5272

6204,6198

6204,4682

6204,5498

6204,2730

6204,4328

6204,4734

6204,3088

6204,5530

6204,3210

6204,6136

6204,5914

6204,7792

6204,5930

6204,7880

6204,6260

6204,4910

6204,6964

6204,4820

6205,6686

6205,2832

6205,7722

6205,4522

6205,5906

6205,5878

6205,6326

6205,5228

6205,8324

6205,5200

6205,8046

6205,6936

6205,5884

6205,6178

6205,2498

6205,5300

6205,4964

6205,5492

6205,5810

6205,3614

6205,5742

6205,5104

6205,5798

6205,3838

6205,4470

6205,3948

6205,4896

6205,7014

6205,5106

6205,3190

6205,6342

6205,4010

6205,3168

6205,3364

6205,4900

6205,3142

6206,6578

6206,3804

6206,5874

6206,3748

6206,6788

6206,4790

6206,4958

6206,3842

6206,2778

6206,2428

6206,3058

6206,3854

6206,1984

6206,2792

6206,3438

6206,2104

6206,2904

6206,1156

6206,3438

6206,3844

6206,3096

6206,2260

6206,1996

6206,1450

6206,1342

6206,4352

6207,4200

6207,-800

6207,4038

6207,1976

6207,2320

6207,1600

6207,3834

6207,3830

6207,3418

6207,4364

6207,3950

6207,2776

6207,4132

6207,3290

6207,5268

6207,4142

6207,3994

6207,1542

6207,5804

6207,5168

6207,4194

6207,4096

6207,5502

6207,6124

6207,3188

6207,3380

6207,3296

6207,5348

6207,5062

6207,6148

6207,7192

6207,6574

6207,5104

6207,5322

6207,6984

6207,3406

6207,5784

6207,8186

6207,6418

6207,5438

6207,4534

6207,5216

6207,5246

6207,7676

6207,5596

6207,3830

6207,5842

6207,6162

6207,5644

6207,2774

6207,9294

6207,5474

6207,5316

6207,5120

6207,5998

6207,5162

6207,7748

6207,6428

6207,5604

6207,8478

6207,7218

6207,6696

6207,3762

6207,6982

6207,5884

6208,7744

6208,8152

6208,4712

6208,7630

6208,8316

6208,6928

6208,8312

6208,4976

6208,9020

6208,8618

6208,8326

6208,7620

6208,8032

6208,7440

6208,5380

6208,7250

6208,6938

6208,7782

6208,7102

6208,7600

6208,8240

6208,5466

6208,7270

6208,7668

6208,7992

6208,8246

6208,8292

6208,5456

6208,8606

6208,6342

6208,7550

6208,6064

6208,8274

6208,5558

6208,6262

6208,7374

6208,4614

6209,5446

6209,5324

6209,6362

6209,3990

6209,4664

6209,7042

6209,5606

6209,5858

6209,6386

6209,5492

6209,4906

6209,6050

6209,6440

6209,6972

6209,5750

6209,6408

6209,4366

6209,8626

6209,2780

6209,5658

6209,5416

6209,3992

6209,2218

6209,4206

6209,3278

6209,1432

6210,3398

6210,3946

6210,2898

6210,4166

6210,4228

6210,4448

6210,3422

6210,2308

6210,1574

6210,3524

6210,1442

6210,2378

6210,4950

6210,4456

6210,4848

6210,2778

6210,5592

6210,2042

6210,1628

6210,4366

6210,3364

6210,3186

6210,2626

6210,4366

6210,1950

6210,2960

6210,2490

6210,-430

6210,1036

6210,950

6210,1990

6210,1028

6210,30

6210,2192

6210,256

6210,-328

6210,2680

6210,-258

6210,2514

6210,3530

6210,2482

6210,3250

6210,1840

6210,128

6210,1062

6210,3144

6210,1554

6210,3352

6210,4350

6210,220

6210,4036

6210,554

6210,1994

6210,1224

6210,1750

6210,2380

6210,1448

6210,1996

6210,734

6210,1714

6210,2778

6210,1268

6210,1366

6210,1808

6210,2172

6211,1068

6211,2766

6211,3536

6211,1762

6211,3770

6211,1112

6211,2536

6211,2024

6211,2840

6211,3516

6211,2216

6211,2824

6211,3592

6211,3006

6211,5926

6211,4536

6211,1936

6211,5624

6211,3366

6211,4004

6211,2872

6211,3476

6211,2862

6211,1184

6211,2988

6211,2994

6211,914

6211,2644

6211,4496

6211,1960

6211,2626

6211,3018

6211,6202

6211,3848

6211,2010

6211,1660

6211,2248

6211,2546

6211,2406

6211,3012

6211,3886

6211,3454

6211,5878

6211,3690

6211,3638

6211,4444

6211,5936

6211,3778

6211,5478

6211,4448

6211,5436

6211,5898

6211,4172

6211,3636

6211,4510

6211,3512

6211,4440

6211,4636

6211,3108

6211,5140

6211,5196

6211,4164

6211,6174

6211,5528

6212,5902

6212,6526

6212,4440

6212,5450

6212,5910

6212,6040

6212,5116

6212,4932

6212,4530

6212,5136

6212,6158

6212,4764

6212,6484

6212,6532

6212,6812

6212,4222

6212,9358

6212,6234

6212,6730

6212,4252

6212,5680

6212,8838

6212,8042

6212,6010

6212,8644

6212,6128

6212,8326

6212,8222

6212,7040

6212,7382

6212,7180

6212,9288

6212,3900

6212,6568

6212,7054

6212,7802

6212,7594

6212,9252

6212,9156

6212,8432

6212,8216

6212,9882

6212,7966

6212,7210

6212,11150

6212,5400

6212,9600

6212,5384

6212,9402

6212,7008

6212,7502

6212,5466

6212,6894

6212,3724

6212,6556

6212,4850

6212,7766

6212,6850

6212,5432

6212,8400

6212,9888

6212,9476

6212,8390

6212,8206

6212,4796

6213,8816

6213,5928

6213,6830

6213,8100

6213,6572

6213,6898

6213,5926

6213,6732

6213,9844

6213,8754

6213,6662

6213,8380

6213,6594

6213,7382

6213,7178

6213,6812

6213,6274

6213,5594

6213,6988

6213,7578

6213,6630

6213,7654

6213,5880

6213,5034

6213,7186

6213,4800

6213,8172

6213,6982

6213,6014

6213,5318

6213,5686

6213,6092

6213,7462

6213,7462

6213,7590

6213,5876

6214,7760

6214,4988

6214,6828

6214,7096

6214,6744

6214,5474

6214,8100

6214,6210

6214,7146

6214,5526

6214,8246

6214,4568

6214,5604

6214,7978

6214,4816

6214,6860

6214,7404

6214,7480

6214,7762

6214,8370

6214,10718

6214,6742

6214,6580

6214,9378

6214,5818

6214,9042

6215,7214

6215,8344

6215,7614

6215,7054

6215,6984

6215,9034

6215,9416

6215,10104

6215,8184

6215,10162

6215,6906

6215,7228

6215,11420

6215,10812

6215,8566

6215,10716

6215,10224

6215,10932

6215,11366

6215,10584

6215,12260

6215,10630

6215,8846

6215,6546

6215,10980

6215,8876

6215,10950

6215,8934

6215,11016

6215,9828

6215,9772

6215,9584

6215,11182

6215,9974

6215,10246

6215,11328

6215,9350

6215,10652

6215,10442

6215,8548

6215,11216

6215,11124

6215,10228

6215,10898

6215,11300

6215,9896

6215,10546

6215,10662

6215,10586

6215,7594

6215,11800

6215,10314

6215,9386

6215,8836

6215,7810

6215,9350

6215,7604

6215,9030

6215,10866

6215,8704

6215,9228

6215,6766

6215,8264

6215,8062

6215,7112

6216,6370

6216,6594

6216,8424

6216,7708

6216,8052

6216,7148

6216,10816

6216,6080

6216,9480

6216,8482

6216,6370

6216,11090

6216,10020

6216,8856

6216,8906

6216,8062

6216,9684

6216,8782

6216,8720

6216,8390

6216,8030

6216,8804

6216,9700

6216,7940

6216,10244

6216,9270

6216,9298

6216,7156

6216,4282

6216,10558

6216,7042

6216,11458

6216,8482

6216,7998

6216,10876

6216,9186

6216,8294

6217,10082

6217,7174

6217,9584

6217,9340

6217,7488

6217,8896

6217,9168

6217,9188

6217,5150

6217,7366

6217,6202

6217,5958

6217,6950

6217,7950

6217,8722

6217,9112

6217,10484

6217,7250

6217,8588

6217,7472

6217,9424

6217,5476

6217,7932

6217,5290

6217,8576

6217,8482

6218,6570

6218,7732

6218,6642

6218,10398

6218,9910

6218,8894

6218,7768

6218,10176

6218,6580

6218,8154

6218,11204

6218,8932

6218,7780

6218,6310

6218,8714

6218,8160

6218,7530

6218,8082

6218,5408

6218,8460

6218,7816

6218,7498

6218,6188

6218,6486

6218,8864

6218,7730

6218,6888

6218,7844

6218,5940

6218,7352

6218,6068

6218,4912

6218,4720

6218,4262

6218,5316

6218,5016

6218,4826

6218,6254

6218,6630

6218,5574

6218,4220

6218,4352

6218,4238

6218,3404

6218,2300

6218,2464

6218,4350

6218,4472

6218,4300

6218,5840

6218,2934

6218,4396

6218,5336

6218,4726

6218,3350

6218,3290

6218,5536

6218,3070

6218,4714

6218,6440

6218,3530

6218,5144

6218,2596

6218,4542

6218,2260

6219,1296

6219,3314

6219,2756

6219,1726

6219,250

6219,2670

6219,2784

6219,2872

6219,734

6219,1452

6219,1512

6219,3402

6219,2528

6219,3252

6219,2818

6219,1140

6219,1246

6219,2002

6219,2260

6219,1022

6219,-518

6219,1984

6219,1188

6219,2584

6219,2054

6219,3032

6219,3242

6219,1916

6219,2722

6219,2326

6219,2078

6219,3848

6219,1118

6219,4262

6219,1562

6219,1750

6219,708

6219,2056

6219,2842

6219,592

6219,1080

6219,1628

6219,-1392

6219,-2130

6219,240

6219,1738

6219,1004

6219,1752

6219,476

6219,1158

6219,2632

6219,3464

6219,-606

6219,1152

6219,318

6219,646

6219,762

6219,1290

6219,-2198

6219,-1116

6219,-470

6219,3022

6219,1396

6219,2506

6220,2842

6220,1464

6220,2430

6220,2204

6220,-2170

6220,2580

6220,178

6220,-572

6220,-1564

6220,-1338

6220,-1172

6220,-672

6220,-1992

6220,518

6220,-1234

6220,-1548

6220,530

6220,-3644

6220,640

6220,324

6220,-1196

6220,444

6220,1198

6220,-1116

6220,-110

6220,-1058

6220,-1146

6220,-762

6220,80

6220,2288

6220,-1410

6220,-178

6220,330

6220,-2082

6220,-482

6220,-1598

6220,-984

6220,-2268

6220,470

6220,-572

6220,18

6220,1264

6220,-566

6220,396

6220,-76

6220,-310

6220,-1484

6220,-400

6220,-1104

6220,-1840

6220,1002

6220,-3652

6220,510

6220,1826

6220,-754

6220,-676

6220,2146

6220,-640

6220,372

6220,-2240

6220,340

6220,-638

6220,-2332

6220,-802

6220,-1968

6221,-874

6221,-2366

6221,-1788

6221,-1742

6221,1218

6221,-1980

6221,806

6221,-598

6221,-2188

6221,-1802

6221,-1116

6221,-5360

6221,-2280

6221,-5794

6221,-5284

6221,-1998

6221,-7074

6221,-4264

6221,-6290

6221,-4644

6221,-3588

6221,-4778

6221,-1862

6221,-5134

6221,-2040

6221,-3358

6221,-4714

6221,-4890

6221,-2546

6221,-3632

6221,-3734

6221,-4902

6221,-4946

6221,-5154

6221,-4074

6221,-6722

6222,-5536

6222,-6236

6222,-1510

6222,-4854

6222,-5296

6222,-3296

6222,-5020

6222,-5398

6222,-3898

6222,-5134

6222,-4512

6222,-4726

6222,-6756

6222,-5622

6222,-3998

6222,-6594

6222,-5758

6222,-5366

6222,-5736

6222,-5070

6222,-5808

6222,-2660

6222,-6126

6222,-3188

6222,-4462

6222,-5826

6223,-7536

6223,-5720

6223,-6934

6223,-5366

6223,-4490

6223,-6626

6223,-7804

6223,-5058

6223,-5648

6223,-6852

6223,-5092

6223,-6336

6223,-3958

6223,-2664

6223,-6868

6223,-6436

6223,-7462

6223,-5972

6223,-5408

6223,-7018

6223,-6798

6223,-7366

6223,-4578

6223,-5086

6223,-8546

6223,-6734

6223,-7230

6223,-6908

6223,-8382

6223,-5368

6223,-6668

6223,-8894

6223,-8538

6223,-8196

6223,-8522

6223,-5992

6223,-7270

6223,-8158

6223,-7512

6223,-8854

6223,-6604

6223,-9272

6223,-7962

6223,-7956

6223,-7802

6223,-8598

6223,-9130

6223,-8418

6223,-8856

6223,-10678

6223,-10772

6223,-8564

6223,-9932

6223,-8798

6223,-10424

6223,-8600

6223,-9694

6223,-10276

6223,-7946

6223,-8274

6223,-11394

6223,-10472

6223,-11556

6223,-10050

6223,-12224

6224,-12254

6224,-12320

6224,-10852

6224,-11488

6224,-11648

6224,-11132

6224,-12948

6224,-12580

6224,-14374

6224,-14954

6224,-12552

6224,-15400

6224,-13610

6224,-15854

6224,-15646

6224,-14456

6224,-14928

6224,-14248

6224,-14836

6224,-15174

6224,-15232

6224,-14894

6224,-14634

6224,-15310

6224,-16156

6224,-15126

6224,-13548

6224,-15288

6224,-13890

6224,-16672

6224,-15276

6224,-15404

6224,-14282

6224,-13884

6224,-15058

6224,-17796

6224,-16934

6225,-15084

6225,-18354

6225,-15828

6225,-18676

6225,-16492

6225,-18146

6225,-19088

6225,-18230

6225,-15796

6225,-16792

6225,-17640

6225,-17836

6225,-18118

6225,-18566

6225,-18014

6225,-20642

6225,-16772

6225,-15848

6225,-16848

6225,-16116

6225,-15708

6225,-15022

6225,-14356

6225,-15622

6225,-15862

6225,-16418

6226,-17776

6226,-17646

6226,-17774

6226,-18688

6226,-16498

6226,-15236

6226,-16900

6226,-16196

6226,-13472

6226,-15532

6226,-15170

6226,-18030

6226,-17504

6226,-17120

6226,-15310

6226,-17234

6226,-17578

6226,-16572

6226,-17342

6226,-14590

6226,-15472

6226,-12872

6226,-13066

6226,-16168

6226,-13712

6226,-18968

6226,-16002

6226,-16024

6226,-19054

6226,-18406

6226,-20102

6226,-19358

6226,-18214

6226,-16366

6226,-18056

6226,-17432

6226,-16580

6226,-18306

6226,-14812

6226,-20760

6226,-15420

6226,-20164

6226,-16956

6226,-18322

6226,-17700

6226,-18112

6226,-20604

6226,-18784

6226,-18504

6226,-19712

6226,-19652

6226,-21218

6226,-19626

6226,-18472

6226,-19758

6226,-20652

6226,-18854

6226,-22072

6226,-22506

6226,-21462

6226,-23672

6226,-21060

6226,-19500

6226,-21358

6226,-22466

6227,-22068

6227,-21150

6227,-21026

6227,-21906

6227,-18708

6227,-21544

6227,-20716

6227,-19936

6227,-23508

6227,-19314

6227,-19620

6227,-19588

6227,-19454

6227,-21076

6227,-20662

6227,-21250

6227,-21318

6227,-21172

6227,-21844

6227,-22982

6227,-21486

6227,-21516

6227,-20606

6227,-20240

6227,-22072

6227,-22002

6227,-20800

6227,-22470

6227,-18722

6227,-21460

6227,-21984

6227,-22100

6227,-20396

6227,-19728

6227,-21208

6227,-19390

6227,-21786

6227,-23128

6227,-23390

6227,-21170

6227,-22306

6227,-21624

6227,-21318

6227,-24466

6227,-21270

6227,-22216

6227,-20542

6227,-21924

6227,-20710

6227,-21692

6227,-22522

6227,-20762

6227,-23150

6227,-19422

6227,-22364

6227,-23076

6227,-21650

6227,-21570

6227,-18252

6227,-20898

6227,-22480

6227,-21542

6227,-20468

6227,-22368

6228,-17306

6228,-18458

6228,-17596

6228,-20508

6228,-19248

6228,-23350

6228,-21556

6228,-22588

6228,-21578

6228,-22020

6228,-23516

6228,-23058

6228,-22458

6228,-22522

6228,-20982

6228,-22564

6228,-21058

6228,-20160

6228,-21774

6228,-22476

6228,-23174

6228,-22316

6228,-24084

6228,-21728

6228,-21742

6228,-22144

6228,-22902

6228,-22474

6228,-23062

6228,-20644

6228,-22898

6228,-23552

6228,-23288

6228,-22816

6228,-20980

6228,-23066

6228,-22986

6228,-22472

6228,-23362

6228,-22630

6228,-24044

6228,-20532

6228,-20848

6228,-23560

6228,-22444

6228,-24896

6228,-25110

6228,-23750

6228,-20498

6228,-23690

6228,-25244

6228,-23876

6228,-24514

6228,-21534

6228,-25130

6228,-21350

6228,-22410

6228,-20742

6228,-24272

6228,-22990

6228,-23248

6228,-21856

6228,-18850

6228,-21248

6228,-22480

6229,-23426

6229,-21446

6229,-22790

6229,-24028

6229,-23236

6229,-22884

6229,-22950

6229,-23394

6229,-24190

6229,-21038

6229,-22674

6229,-18912

6229,-25014

6229,-20048

6229,-19678

6229,-23140

6229,-23942

6229,-24624

6229,-25318

6229,-24150

6229,-21932

6229,-22480

6229,-23816

6229,-20424

6229,-20712

6229,-21620

6229,-20970

6229,-20360

6229,-19704

6229,-21962

6229,-19254

6229,-23170

6229,-22696

6229,-18778

6229,-21194

6229,-22084

6230,-19788

6230,-22014

6230,-21570

6230,-19540

6230,-19288

6230,-22390

6230,-20276

6230,-20762

6230,-20330

6230,-22138

6230,-20638

6230,-23176

6230,-20018

6230,-23972

6230,-22428

6230,-21504

6230,-22798

6230,-21052

6230,-20012

6230,-21374

6230,-19474

6230,-18202

6230,-19382

6230,-19412

6230,-18506

6230,-18824

6231,-19360

6231,-19442

6231,-20134

6231,-18876

6231,-20610

6231,-18750

6231,-20398

6231,-20838

6231,-22220

6231,-22890

6231,-22112

6231,-22792

6231,-23252

6231,-20214

6231,-20452

6231,-18554

6231,-20422

6231,-19798

6231,-17922

6231,-19920

6231,-19642

6231,-16436

6231,-19944

6231,-19228

6231,-19646

6231,-17902

6231,-18698

6231,-18674

6231,-21618

6231,-18948

6231,-18470

6231,-19296

6231,-15956

6231,-19498

6231,-19590

6231,-17524

6231,-19390

6231,-17960

6231,-16784

6231,-18116

6231,-16674

6231,-19396

6231,-15042

6231,-17368

6231,-13426

6231,-17500

6231,-16992

6231,-17126

6231,-16554

6231,-18602

6231,-20832

6231,-16756

6231,-17596

6231,-17536

6231,-17750

6231,-17034

6231,-18908

6231,-19130

6231,-19196

6231,-16280

6231,-16088

6231,-18300

6231,-19638

6231,-19190

6231,-19028

6232,-19116

6232,-16622

6232,-18762

6232,-17256

6232,-15568

6232,-18836

6232,-18090

6232,-18014

6232,-19452

6232,-17738

6232,-16806

6232,-17806

6232,-17116

6232,-16044

6232,-17788

6232,-16832

6232,-19012

6232,-15950

6232,-16118

6232,-17580

6232,-18618

6232,-16946

6232,-18312

6232,-14942

6232,-16582

6232,-15892

6232,-14164

6232,-16880

6232,-15370

6232,-16062

6232,-19406

6232,-14064

6232,-16304

6232,-15084

6232,-17352

6232,-15168

6232,-16558

6233,-17774

6233,-17158

6233,-17436

6233,-16298

6233,-18744

6233,-16812

6233,-16944

6233,-16550

6233,-15810

6233,-16902

6233,-15724

6233,-18922

6233,-16932

6233,-19024

6233,-17520

6233,-16186

6233,-16622

6233,-15324

6233,-14906

6233,-14478

6233,-17696

6233,-15032

6233,-16698

6233,-18278

6233,-13968

6233,-14952

6234,-15730

6234,-15738

6234,-16698

6234,-17874

6234,-15474

6234,-11940

6234,-12646

6234,-13828

6234,-14896

6234,-12282

6234,-15464

6234,-15832

6234,-14832

6234,-14122

6234,-13528

6234,-13120

6234,-13888

6234,-13412

6234,-12996

6234,-12910

6234,-10890

6234,-15260

6234,-14550

6234,-14812

6234,-15906

6234,-14674

6234,-15286

6234,-13434

6234,-16210

6234,-15084

6234,-15410

6234,-16092

6234,-10662

6234,-11678

6234,-12744

6234,-11404

6234,-11980

6234,-10882

6234,-13590

6234,-12068

6234,-10712

6234,-13972

6234,-10294

6234,-11142

6234,-11524

6234,-10282

6234,-11274

6234,-10288

6234,-9772

6234,-10284

6234,-10012

6234,-13820

6234,-9762

6234,-12758

6234,-14190

6234,-13068

6234,-12286

6234,-11716

6234,-11888

6234,-9172

6234,-11810

6234,-12866

6234,-14098

6234,-12584

6234,-11970

6235,-12494

6235,-12166

6235,-8770

6235,-11654

6235,-9792

6235,-10324

6235,-12392

6235,-10370

6235,-9600

6235,-7610

6235,-10658

6235,-10334

6235,-9396

6235,-8448

6235,-9254

6235,-8074

6235,-11426

6235,-8552

6235,-7786

6235,-8738

6235,-13410

6235,-8510

6235,-10574

6235,-9306

6235,-10390

6235,-9104

6235,-10486

6235,-9750

6235,-7844

6235,-9202

6235,-8310

6235,-10024

6235,-8856

6235,-7498

6235,-6026

6235,-9086

6235,-7390

6235,-7790

6235,-9712

6235,-7268

6235,-9126

6235,-7450

6235,-8770

6235,-8778

6235,-6070

6235,-8050

6235,-6906

6235,-7786

6235,-7502

6235,-5774

6235,-7250

6235,-8854

6235,-7764

6235,-7356

6235,-10112

6235,-7904

6235,-6022

6235,-7356

6235,-9922

6235,-6498

6235,-6614

6235,-5556

6235,-7992

6235,-6720

6236,-7580

6236,-7474

6236,-7174

6236,-8708

6236,-7848

6236,-6784

6236,-5452

6236,-8276

6236,-6814

6236,-5368

6236,-6980

6236,-6616

6236,-6638

6236,-8858

6236,-7464

6236,-6474

6236,-7542

6236,-8810

6236,-9120

6236,-5482

6236,-6986

6236,-5322

6236,-7300

6236,-4528

6236,-8824

6236,-5542

6236,-5862

6236,-5394

6236,-6480

6236,-6252

6236,-3852

6236,-8406

6236,-7030

6236,-8376

6236,-6680

6236,-6494

6236,-9378

6236,-7270

6236,-6378

6236,-7046

6236,-5708

6236,-8574

6236,-8468

6236,-6534

6236,-6106

6236,-7568

6236,-6706

6236,-3828

6236,-8824

6236,-6410

6236,-7630

6236,-6850

6236,-6184

6236,-8074

6236,-6562

6236,-8170

6236,-8180

6236,-8648

6236,-8640

6236,-5874

6236,-8182

6236,-10256

6236,-7780

6236,-7408

6236,-6758

6237,-8068

6237,-7286

6237,-7000

6237,-9386

6237,-6042

6237,-8494

6237,-5654

6237,-5784

6237,-8110

6237,-8120

6237,-5684

6237,-6876

6237,-7856

6237,-4438

6237,-9164

6237,-9062

6237,-8732

6237,-6822

6237,-9514

6237,-8172

6237,-7780

6237,-8112

6237,-11996

6237,-7164

6237,-9164

6237,-6702

6237,-7480

6237,-7950

6237,-8106

6237,-7218

6237,-6696

6237,-7174

6237,-8040

6237,-8440

6237,-8828

6237,-8112

6238,-8058

6238,-4364

6238,-5060

6238,-8654

6238,-5772

6238,-7596

6238,-5352

6238,-8722

6238,-7398

6238,-3932

6238,-7844

6238,-5272

6238,-6796

6238,-6850

6238,-4872

6238,-5186

6238,-8650

6238,-8006

6238,-5848

6238,-7370

6238,-7358

6238,-6764

6238,-7806

6238,-4382

6238,-8312

6238,-4522

6239,-5280

6239,-5174

6239,-7758

6239,-5628

6239,-4730

6239,-4310

6239,-6716

6239,-6116

6239,-5558

6239,-4938

6239,-4582

6239,-5562

6239,-3440

6239,-5462

6239,-5518

6239,-3286

6239,-5176

6239,-5750

6239,-4136

6239,-3348

6239,-3934

6239,-3894

6239,-6732

6239,-4522

6239,-5760

6239,-7342

6239,-7418

6239,-6166

6239,-6102

6239,-6494

6239,-6042

6239,-4466

6239,-8808

6239,-4660

6239,-7198

6239,-7820

6239,-7148

6239,-4784

6239,-5830

6239,-7742

6239,-6326

6239,-6652

6239,-5774

6239,-6266

6239,-5008

6239,-6972

6239,-5886

6239,-7348

6239,-8550

6239,-8216

6239,-5774

6239,-8960

6239,-8074

6239,-3860

6239,-3988

6239,-3942

6239,-4538

6239,-5880

6239,-6672

6239,-5494

6239,-5816

6239,-5858

6239,-5040

6239,-6780

6239,-4762

6240,-6806

6240,-4046

6240,-4730

6240,-4012

6240,-7028

6240,-3656

6240,-4346

6240,-6752

6240,-6726

6240,-4022

6240,-5926

6240,-5216

6240,-3842

6240,-6406

6240,-1164

6240,-6908

6240,-3356

6240,-3168

6240,-6052

6240,-2838

6240,-5992

6240,-3496

6240,-3546

6240,-3606

6240,-3410

6240,-3858

6240,-2958

6240,-3858

6240,-1272

6240,-2948

6240,-2792

6240,-1406

6240,-2632

6240,-3026

6240,-3850

6240,-3632

RAW_SUMMARY id=1 requested=6000 captured=6000 unused_capacity=0 max_pcm_abs=42652 raw_mean=-12481.8 raw_abs_mean=18154.4 raw_min=-42652 raw_max=18340 baseline=19.8

OK RAW

