# run: clap_r1_1
# firmware: role=analyzer git=1c743a2 version=0.4.0
# imported-from: clap_1.log (mtime 2026-10-09T11:59:46)
RAW_INFO mode=i2s output=csv

RAW_INFO row_size=12

RAW_BEGIN id=6 sr=2000 trigger_ms=226948 command_ms=226934 emit_seen=1 emit_start_ms=226948 emit_done_ms=227045 f=3200 dur=100 pre_ms=0 post_ms=3000 decim=8 pre_samples=0 post_samples=6000 mode=i2s output=csv fields=ms,pcm

ms,pcm

226951,-149122

226951,-97868

226951,-102228

226951,-144890

226951,-72562

226952,-146886

226952,-97440

226952,-89616

226952,-153810

226952,-59448

226952,-156922

226952,-94934

226952,-103658

226953,-150742

226953,-59970

226953,-150954

226959,-87546

226959,-90000

226959,-144342

226959,-44790

226959,-145574

226960,-81386

226960,-77594

226960,-137986

226960,-39794

226960,-132934

226960,-68920

226960,-74758

226960,-120476

226961,-38078

226961,-117722

226961,-67986

226967,-58060

226967,-119160

226967,-17436

226967,-114866

226967,-50680

226968,-50188

226968,-105640

226968,-12364

226968,-108608

226968,-44922

226968,-48958

226968,-102014

226968,-9708

226969,-108610

226969,-44560

226969,-48106

226975,-108038

226975,-5404

226975,-114394

226975,-41722

226975,-54578

226976,-105320

226976,-15848

226976,-114142

226976,-53790

226976,-59128

226976,-115666

226976,-23060

226976,-121372

226977,-58032

226977,-63350

226977,-124632

226983,-28762

226983,-132998

226983,-65724

226983,-76422

226983,-132124

226984,-37524

226984,-138854

226984,-73628

226984,-83540

226984,-137732

226984,-42570

226984,-148818

226984,-79002

226985,-93178

226985,-145626

226985,-51660

226991,-158684

226991,-86682

226991,-103792

226991,-152946

226991,-61462

226992,-168364

226992,-96174

226992,-112214

226992,-166450

226992,-72106

226992,-179566

226992,-112910

226992,-125476

226993,-182186

226993,-87512

226993,-188166

226999,-125016

226999,-132578

226999,-190474

226999,-95136

226999,-192414

227000,-128602

227000,-132976

227000,-187746

227000,-92560

227000,-192020

227000,-127068

227000,-131404

227000,-187628

227001,-94260

227001,-191264

227001,-129828

227007,-130966

227007,-188826

227007,-93582

227007,-191100

227007,-125032

227008,-128618

227008,-185768

227008,-89340

227008,-189012

227008,-123842

227008,-128496

227008,-181986

227008,-83070

227009,-184738

227009,-117454

227009,-126516

227015,-179552

227015,-83974

227015,-186380

227015,-119598

227015,-123106

227016,-179796

227016,-79640

227016,-184950

227016,-114472

227016,-120794

227016,-177654

227016,-81526

227016,-182584

227017,-117364

227017,-123572

227017,-179554

227023,-82882

227023,-184474

227023,-116644

227023,-123836

227023,-180096

227024,-80286

227024,-185850

227024,-119610

227024,-123514

227024,-180374

227024,-81484

227024,-188874

227024,-118718

227025,-124054

227025,-181206

227025,-83238

227031,-187614

227031,-121466

227031,-129568

227031,-185764

227031,-92266

227032,-193610

227032,-129882

227032,-133962

227032,-191560

227032,-96638

227032,-200536

227032,-134984

227032,-143310

227033,-198606

227033,-104112

227033,-205496

227039,-138294

227039,-147638

227039,-205316

227039,-109128

227039,-213456

227040,-145634

227040,-152234

227040,-207322

227040,-111678

227040,-215926

227040,-149320

227040,-157434

227040,-213618

227041,-116622

227041,-219038

227041,-153664

227047,-158576

227047,-214912

227047,-116054

227047,-210596

227047,-137664

227048,-183206

227048,-172636

227048,-147996

227048,-189182

227048,-154198

227048,-164418

227048,-173810

227048,-150040

227049,-174018

227049,-152518

227049,-162596

227055,-168374

227055,-147436

227055,-169728

227055,-157218

227055,-153916

227056,-160858

227056,-145158

227056,-153270

227056,-150372

227056,-144622

227056,-150514

227056,-144756

227056,-150876

227057,-136014

227057,-145744

227057,-144046

227063,-135008

227063,-143506

227063,-134206

227063,-138804

227063,-138978

227064,-127900

227064,-140284

227064,-124476

227064,-139108

227064,-130496

227064,-125188

227064,-132778

227064,-119122

227065,-124368

227065,-121468

227065,-117172

227071,-121786

227071,-114694

227071,-109202

227071,-111124

227071,-101546

227072,-106916

227072,-99994

227072,-95814

227072,-97062

227072,-88846

227072,-93780

227072,-89866

227072,-88292

227073,-93758

227073,-84226

227073,-91288

227079,-83204

227079,-79366

227079,-86510

227079,-72538

227079,-84522

227080,-72804

227080,-70288

227080,-73958

227080,-64450

227080,-68720

227080,-63928

227080,-59644

227080,-68354

227081,-53712

227081,-63348

227081,-57942

227087,-55088

227087,-60544

227087,-53856

227087,-58254

227087,-55266

227088,-49690

227088,-55520

227088,-45424

227088,-49452

227088,-47464

227088,-39794

227088,-45080

227088,-37300

227089,-40382

227089,-40602

227089,-34402

227095,-41032

227095,-33156

227095,-40342

227095,-37726

227095,-37930

227096,-43630

227096,-33824

227096,-44152

227096,-38492

227096,-36898

227096,-39472

227096,-30478

227096,-38058

227097,-31648

227097,-32718

227097,-41312

227103,-32124

227103,-42650

227103,-34782

227103,-38670

227103,-46102

227104,-36232

227104,-51236

227104,-38742

227104,-45648

227104,-46706

227104,-40516

227104,-48810

227104,-43184

227105,-47022

227105,-51900

227105,-43320

227111,-51966

227111,-51044

227111,-49908

227111,-58130

227111,-50780

227112,-61468

227112,-61506

227112,-62682

227112,-70140

227112,-64266

227112,-73530

227112,-70916

227112,-71742

227113,-79186

227113,-72368

227113,-81060

227119,-76652

227119,-76728

227119,-82960

227119,-75988

227119,-82658

227120,-79734

227120,-78988

227120,-84558

227120,-74698

227120,-85546

227120,-80902

227120,-79648

227120,-85630

227121,-79080

227121,-86108

227121,-84032

227127,-78078

227127,-84276

227127,-75826

227127,-82106

227127,-77784

227128,-74928

227128,-79046

227128,-71860

227128,-76432

227128,-68440

227128,-68866

227128,-73950

227128,-64000

227129,-70820

227129,-67724

227129,-67838

227135,-76030

227135,-68478

227135,-78152

227135,-78152

227135,-77712

227136,-86996

227136,-78280

227136,-88554

227136,-89566

227136,-88674

227136,-94226

227136,-85242

227136,-92284

227137,-88112

227137,-85884

227137,-95308

227143,-85778

227143,-89308

227143,-85848

227143,-82306

227143,-89198

227144,-79898

227144,-85794

227144,-83238

227144,-79568

227144,-83162

227144,-77486

227144,-79140

227144,-75896

227145,-71714

227145,-76920

227145,-69242

227151,-74240

227151,-72736

227151,-73764

227151,-78446

227151,-71698

227152,-78324

227152,-75774

227152,-74020

227152,-81818

227152,-78438

227152,-83404

227152,-83088

227152,-81450

227153,-86092

227153,-80778

227153,-86618

227159,-83370

227159,-83874

227159,-90042

227159,-88060

227159,-92692

227160,-89480

227160,-89988

227160,-92018

227160,-86974

227160,-90696

227160,-88964

227160,-88982

227160,-92502

227161,-86822

227161,-87582

227161,-84064

227167,-82006

227167,-84040

227167,-79040

227167,-80548

227167,-77274

227168,-73900

227168,-75100

227168,-70170

227168,-70722

227168,-67758

227168,-65038

227168,-64266

227168,-58030

227169,-55622

227169,-52736

227169,-52288

227175,-53892

227175,-51812

227175,-53536

227175,-52496

227175,-51056

227176,-49986

227176,-48456

227176,-51098

227176,-48198

227176,-47058

227176,-47576

227176,-45444

227176,-47522

227177,-44094

227177,-45584

227177,-47556

227183,-46254

227183,-48012

227183,-44966

227183,-48004

227183,-46644

227184,-48362

227184,-50192

227184,-51762

227184,-50602

227184,-52226

227184,-48634

227184,-48688

227184,-48272

227185,-48838

227185,-50568

227185,-49806

227191,-48486

227191,-45826

227191,-46638

227191,-44214

227191,-43756

227192,-46030

227192,-44384

227192,-45730

227192,-46716

227192,-45480

227192,-45102

227192,-45246

227192,-46014

227193,-47996

227193,-44848

227193,-46764

227199,-46600

227199,-46874

227199,-47690

227199,-50440

227199,-56198

227200,-56686

227200,-59978

227200,-60368

227200,-60316

227200,-62576

227200,-62400

227200,-67214

227200,-68820

227201,-68842

227201,-69288

227201,-68070

227207,-67222

227207,-66668

227207,-67142

227207,-65998

227207,-67422

227208,-66898

227208,-65840

227208,-64280

227208,-65112

227208,-65842

227208,-67202

227208,-65844

227208,-66244

227209,-64746

227209,-62604

227209,-61136

227215,-62678

227215,-64016

227215,-64204

227215,-62042

227215,-63712

227216,-59222

227216,-58886

227216,-59628

227216,-56896

227216,-55550

227216,-56734

227216,-54158

227216,-53724

227217,-54460

227217,-52382

227217,-52700

227223,-49908

227223,-52872

227223,-51010

227223,-50976

227223,-47892

227224,-46376

227224,-46614

227224,-43664

227224,-43606

227224,-41148

227224,-41052

227224,-39860

227224,-38678

227225,-40570

227225,-39446

227225,-39622

227231,-36490

227231,-36814

227231,-34358

227231,-32160

227231,-30488

227232,-30084

227232,-30070

227232,-27274

227232,-27036

227232,-25694

227232,-25566

227232,-24702

227232,-25094

227233,-23586

227233,-23778

227233,-22510

227239,-19826

227239,-20540

227239,-17372

227239,-17428

227239,-12542

227240,-10688

227240,-6966

227240,-6378

227240,-7458

227240,-6156

227240,-3110

227240,-4200

227240,-4566

227241,-9088

227241,-6842

227241,-5124

227247,-6032

227247,-1596

227247,-2330

227247,174

227247,2412

227248,4454

227248,4342

227248,5690

227248,3822

227248,2452

227248,2638

227248,4054

227248,6516

227249,7566

227249,5472

227249,4292

227255,1718

227255,2928

227255,5854

227255,5808

227255,5376

227256,9014

227256,8508

227256,11560

227256,9084

227256,13330

227256,13014

227256,11396

227256,15254

227257,11016

227257,9672

227257,8476

227263,8314

227263,7604

227263,5982

227263,5572

227263,4704

227264,6468

227264,4928

227264,5446

227264,4998

227264,6294

227264,7550

227264,5476

227264,4140

227265,1210

227265,4590

227265,4672

227271,6666

227271,5934

227271,6600

227271,7340

227271,7734

227272,6974

227272,8984

227272,11468

227272,11066

227272,8666

227272,9384

227272,5854

227272,7532

227273,7192

227273,5922

227273,7496

227279,11400

227279,8450

227279,8366

227279,8262

227279,9732

227280,10176

227280,12274

227280,13796

227280,14594

227280,16420

227280,14818

227280,15626

227280,14672

227281,13280

227281,16872

227281,18834

227287,20018

227287,23586

227287,24588

227287,27416

227287,29964

227288,34238

227288,38488

227288,40038

227288,42892

227288,43702

227288,44468

227288,47066

227288,48500

227289,51322

227289,51074

227289,49992

227295,51804

227295,52862

227295,53406

227295,54842

227295,53288

227296,52488

227296,55270

227296,57206

227296,59934

227296,61472

227296,64006

227296,64148

227296,65306

227297,68662

227297,68646

227297,68380

227303,68936

227303,71634

227303,70572

227303,73902

227303,74956

227304,74930

227304,74534

227304,76076

227304,77914

227304,80248

227304,81764

227304,82502

227304,83856

227305,87488

227305,86182

227305,88384

227311,88580

227311,88956

227311,90478

227311,87644

227311,87472

227312,89934

227312,90818

227312,91858

227312,90638

227312,93480

227312,93486

227312,92024

227312,92514

227313,95304

227313,95948

227313,96972

227319,97604

227319,97748

227319,97242

227319,96514

227319,100262

227320,100296

227320,99710

227320,103482

227320,101218

227320,101150

227320,101508

227320,103180

227320,104884

227321,106352

227321,105650

227321,108358

227327,108166

227327,108224

227327,110378

227327,113884

227327,115028

227328,115472

227328,117474

227328,120464

227328,116804

227328,117622

227328,118216

227328,121046

227328,122508

227329,125572

227329,127546

227329,126700

227335,127628

227335,130366

227335,132466

227335,133150

227335,133042

227336,133970

227336,133326

227336,136734

227336,136830

227336,138438

227336,138608

227336,139316

227336,135372

227337,136100

227337,134518

227337,133386

227343,133400

227343,131754

227343,129832

227343,132460

227343,132424

227344,133182

227344,130844

227344,133276

227344,131802

227344,132428

227344,132224

227344,132050

227344,133410

227345,131456

227345,135576

227345,138596

227351,137996

227351,139520

227351,138922

227351,139826

227351,138588

227352,140852

227352,141684

227352,143924

227352,142536

227352,140764

227352,135322

227352,137860

227352,136612

227353,136762

227353,136882

227353,136592

227359,136336

227359,134212

227359,133926

227359,130970

227359,129686

227360,129962

227360,125670

227360,126530

227360,124478

227360,124772

227360,126170

227360,124702

227360,127320

227361,128628

227361,128878

227361,128402

227367,126742

227367,123926

227367,127570

227367,129386

227367,128742

227368,129856

227368,127590

227368,127270

227368,126916

227368,125604

227368,127540

227368,128548

227368,129812

227369,129242

227369,129948

227369,131288

227375,132998

227375,133998

227375,132122

227375,132620

227375,132812

227376,130414

227376,130172

227376,130682

227376,130542

227376,130306

227376,130400

227376,129366

227376,127904

227377,127850

227377,126914

227377,126238

227383,123378

227383,125758

227383,126026

227383,124772

227383,122366

227384,122882

227384,121538

227384,121192

227384,119546

227384,118722

227384,119198

227384,118094

227384,115208

227385,114152

227385,115332

227385,115450

227391,119058

227391,117038

227391,118956

227391,117550

227391,116428

227392,117494

227392,119110

227392,119094

227392,122470

227392,123850

227392,125434

227392,127002

227392,127336

227393,125210

227393,128798

227393,129944

227399,133194

227399,133706

227399,132156

227399,136650

227399,137270

227400,137416

227400,138198

227400,138600

227400,139754

227400,139040

227400,140340

227400,139244

227400,137230

227401,136908

227401,134886

227401,133224

227407,134266

227407,131012

227407,131692

227407,130670

227407,129290

227408,128524

227408,127224

227408,126952

227408,124460

227408,127240

227408,126928

227408,129084

227408,126786

227409,127510

227409,127196

227409,126970

227415,127794

227415,128310

227415,128210

227415,127998

227415,127214

227416,125888

227416,126040

227416,127194

227416,128230

227416,128470

227416,128076

227416,127738

227416,128014

227417,127762

227417,127912

227417,126748

227423,126522

227423,127506

227423,127756

227423,126968

227423,127428

227424,127214

227424,127398

227424,126198

227424,126252

227424,124942

227424,122600

227424,123352

227424,123422

227425,124142

227425,123274

227425,122900

227431,122684

227431,123062

227431,122196

227431,122890

227431,121556

227432,122664

227432,119974

227432,122034

227432,118490

227432,120482

227432,122034

227432,118342

227432,117514

227433,119030

227433,117718

227433,115652

227439,118026

227439,117850

227439,120266

227439,121040

227439,121932

227440,122010

227440,125420

227440,128036

227440,129344

227440,129808

227440,130484

227440,133694

227440,134334

227441,135966

227441,137992

227441,138848

227447,141190

227447,143430

227447,146256

227447,148266

227447,151250

227448,150114

227448,151138

227448,147284

227448,147626

227448,145548

227448,144322

227448,141896

227448,140710

227449,139642

227449,134546

227449,132386

227455,129240

227455,126312

227455,127030

227455,125640

227455,124906

227456,120642

227456,119552

227456,117902

227456,116004

227456,113122

227456,111170

227456,108284

227456,108074

227457,106570

227457,104294

227457,105124

227463,107040

227463,106152

227463,104478

227463,102570

227463,101886

227464,101134

227464,99354

227464,97550

227464,97210

227464,96712

227464,96134

227464,96838

227464,97922

227465,96906

227465,93746

227465,93862

227471,90770

227471,91132

227471,89700

227471,87872

227471,84094

227472,82746

227472,80614

227472,76996

227472,73230

227472,73448

227472,69466

227472,67352

227472,65786

227473,63620

227473,60654

227473,59746

227479,56600

227479,53576

227479,54286

227479,50272

227479,50218

227480,45562

227480,46244

227480,45724

227480,41986

227480,38842

227480,38408

227480,34252

227480,32722

227481,28526

227481,25442

227481,23086

227487,20118

227487,16448

227487,15262

227487,13548

227487,10936

227488,10492

227488,9174

227488,7750

227488,6006

227488,6524

227488,3792

227488,6418

227488,3116

227489,3478

227489,4656

227489,3892

227495,4232

227495,1910

227495,1872

227495,258

227495,-1174

227496,50

227496,410

227496,6

227496,-4290

227496,-2854

227496,-2076

227496,-5766

227496,-3914

227497,-6710

227497,-9594

227497,-9056

227503,-10626

227503,-10494

227503,-11480

227503,-12466

227503,-15358

227504,-17968

227504,-20438

227504,-20522

227504,-22534

227504,-22886

227504,-21936

227504,-21392

227504,-21652

227505,-21728

227505,-19758

227505,-22732

227511,-25084

227511,-25068

227511,-23668

227511,-22562

227511,-24188

227512,-23548

227512,-22412

227512,-21032

227512,-17698

227512,-14358

227512,-10768

227512,-11804

227512,-12470

227513,-11228

227513,-8014

227513,-7336

227519,-5316

227519,-3112

227519,-2662

227519,-4354

227519,-4772

227520,-3920

227520,-6700

227520,-4596

227520,-4812

227520,-3510

227520,-3530

227520,-3782

227520,-2608

227521,-1246

227521,-968

227521,2606

227527,1006

227527,-566

227527,78

227527,290

227527,-2662

227528,-3130

227528,-580

227528,-2074

227528,-3370

227528,-4134

227528,-4700

227528,-5542

227528,-4678

227529,-5398

227529,-4130

227529,-4628

227535,-3302

227535,-3472

227535,-3912

227535,-6262

227535,-4750

227536,-7872

227536,-6396

227536,-8384

227536,-8310

227536,-10196

227536,-10856

227536,-13866

227536,-12988

227537,-11872

227537,-12142

227537,-12684

227543,-11558

227543,-12040

227543,-11702

227543,-12084

227543,-13504

227544,-11660

227544,-15354

227544,-20836

227544,-23370

227544,-26144

227544,-27248

227544,-31344

227544,-32006

227545,-32990

227545,-36076

227545,-39666

227551,-41154

227551,-41334

227551,-41062

227551,-42242

227551,-39468

227552,-40374

227552,-42582

227552,-42976

227552,-46404

227552,-48566

227552,-52208

227552,-54794

227552,-53804

227553,-56698

227553,-58260

227553,-59944

227559,-59636

227559,-61800

227559,-61824

227559,-63870

227559,-66112

227560,-68160

227560,-68460

227560,-65890

227560,-68358

227560,-70204

227560,-72428

227560,-71548

227560,-76314

227561,-77870

227561,-81816

227561,-84364

227567,-86324

227567,-88388

227567,-90574

227567,-93566

227567,-97468

227568,-100354

227568,-99996

227568,-100266

227568,-97312

227568,-99356

227568,-98496

227568,-98948

227568,-102262

227569,-99950

227569,-98588

227569,-99460

227575,-100294

227575,-99752

227575,-102218

227575,-104854

227575,-104862

227576,-105402

227576,-104352

227576,-103988

227576,-106828

227576,-107926

227576,-108996

227576,-108730

227576,-109404

227577,-107646

227577,-109204

227577,-112572

227583,-114236

227583,-116054

227583,-117892

227583,-119536

227583,-120150

227584,-120452

227584,-123680

227584,-123374

227584,-124308

227584,-123986

227584,-123530

227584,-122180

227584,-121748

227585,-124098

227585,-124358

227585,-125272

227591,-124762

227591,-123770

227591,-123856

227591,-123728

227591,-121408

227592,-122810

227592,-123350

227592,-122468

227592,-122124

227592,-122954

227592,-123598

227592,-122316

227592,-125388

227593,-129616

227593,-131908

227593,-132850

227599,-134182

227599,-134004

227599,-135148

227599,-136790

227599,-138786

227600,-142568

227600,-146016

227600,-146384

227600,-145180

227600,-147942

227600,-150630

227600,-152548

227600,-154306

227601,-157522

227601,-160594

227601,-162318

227607,-163262

227607,-165192

227607,-169416

227607,-173346

227607,-174004

227608,-176678

227608,-176680

227608,-177784

227608,-178956

227608,-178360

227608,-179982

227608,-181674

227608,-182790

227609,-185538

227609,-186442

227609,-189194

227615,-191532

227615,-191340

227615,-194536

227615,-195774

227615,-195408

227616,-193974

227616,-193926

227616,-193906

227616,-191276

227616,-192326

227616,-192794

227616,-193022

227616,-191280

227617,-191574

227617,-192928

227617,-191594

227623,-196196

227623,-197552

227623,-197260

227623,-197404

227623,-195464

227624,-194656

227624,-193878

227624,-193990

227624,-195322

227624,-194110

227624,-192702

227624,-191804

227624,-190706

227625,-190422

227625,-188140

227625,-185990

227631,-183168

227631,-180738

227631,-179384

227631,-176908

227631,-177486

227632,-173364

227632,-175362

227632,-176310

227632,-173132

227632,-172094

227632,-173438

227632,-173268

227632,-170338

227633,-169558

227633,-168950

227633,-167614

227639,-166856

227639,-164840

227639,-163550

227639,-162896

227639,-161662

227640,-164194

227640,-161732

227640,-159036

227640,-159622

227640,-158592

227640,-158830

227640,-156718

227640,-159448

227641,-158156

227641,-159364

227641,-160554

227647,-160758

227647,-157490

227647,-160146

227647,-159954

227647,-158668

227648,-158206

227648,-156620

227648,-158578

227648,-159546

227648,-159302

227648,-159514

227648,-160386

227648,-159978

227649,-159682

227649,-160316

227649,-159290

227655,-163162

227655,-164320

227655,-163458

227655,-163482

227655,-161870

227656,-162986

227656,-163662

227656,-166360

227656,-165044

227656,-165462

227656,-168328

227656,-167814

227656,-171344

227657,-174114

227657,-176320

227657,-177004

227663,-176136

227663,-177534

227663,-175628

227663,-178352

227663,-177046

227664,-178406

227664,-178180

227664,-183118

227664,-185022

227664,-188504

227664,-187790

227664,-187094

227664,-187556

227665,-190520

227665,-190986

227665,-188862

227671,-190864

227671,-188186

227671,-188412

227671,-187540

227671,-188490

227672,-190010

227672,-188420

227672,-186802

227672,-185812

227672,-187472

227672,-187358

227672,-185328

227672,-185586

227673,-189142

227673,-189366

227673,-188148

227679,-188020

227679,-186242

227679,-184828

227679,-184270

227679,-182558

227680,-183730

227680,-181744

227680,-182594

227680,-179896

227680,-177108

227680,-177058

227680,-177886

227680,-176620

227681,-171898

227681,-169394

227681,-170270

227687,-170480

227687,-169542

227687,-172726

227687,-171682

227687,-166878

227688,-163848

227688,-162344

227688,-157474

227688,-157134

227688,-152804

227688,-151504

227688,-147246

227688,-143044

227689,-139656

227689,-135090

227689,-130574

227695,-131986

227695,-130530

227695,-126266

227695,-125074

227695,-120006

227696,-118944

227696,-114588

227696,-112382

227696,-108782

227696,-104060

227696,-102412

227696,-99102

227696,-95914

227697,-88106

227697,-85032

227697,-82244

227703,-75910

227703,-74760

227703,-69496

227703,-68288

227703,-63186

227704,-59828

227704,-56508

227704,-52606

227704,-52200

227704,-48198

227704,-41946

227704,-37158

227704,-34226

227705,-29660

227705,-28034

227705,-22966

227711,-19504

227711,-11496

227711,-6444

227711,-2516

227711,-1932

227712,5112

227712,9078

227712,13822

227712,21076

227712,25642

227712,28196

227712,30336

227712,33466

227713,37728

227713,40566

227713,45116

227719,48316

227719,52700

227719,57526

227719,66294

227719,69656

227720,77790

227720,78578

227720,84764

227720,90200

227720,92246

227720,97984

227720,101366

227720,105728

227721,108264

227721,112332

227721,115452

227727,121910

227727,124098

227727,127842

227727,133774

227727,139398

227728,145600

227728,155642

227728,169636

227728,187798

227728,202068

227728,221494

227728,242874

227728,270338

227729,312376

227729,363240

227729,433870

227735,556028

227735,861494

227735,2311672

227735,6883906

227735,-1455022

227736,-8280834

227736,-794814

227736,-3380934

227736,8025208

227736,-4953632

227736,2136380

227736,952704

227736,-4462332

227737,-7003834

227737,-1607188

227737,3484722

227743,6107040

227743,-4423086

227743,-7816740

227743,-7281734

227743,6842602

227744,-7044652

227744,-7150584

227744,4962798

227744,-8040630

227744,-3647824

227744,2704276

227744,5202540

227744,-4583410

227745,7644962

227745,6770946

227745,-5905020

227751,4910300

227751,7954086

227751,8326744

227751,4717744

227751,7258426

227752,-8282596

227752,-7667338

227752,3085098

227752,-7838794

227752,-6692046

227752,6609236

227752,-6615434

227752,6953698

227753,-8146986

227753,7789876

227753,7707536

227759,6377448

227759,8191768

227759,7354778

227759,8233296

227759,7620698

227760,6753762

227760,6891920

227760,8053364

227760,7757442

227760,-7264290

227760,8317740

227760,7868488

227760,8273050

227761,6109370

227761,8057048

227761,8098882

227767,8004468

227767,7271562

227767,7388670

227767,7831254

227767,7223462

227768,6430748

227768,8332388

227768,7559538

227768,6988828

227768,-6518720

227768,7872770

227768,7631520

227768,7864628

227769,6977914

227769,-8176186

227769,8220660

227775,4234174

227775,8066964

227775,7280708

227775,7919336

227775,7464378

227776,8052034

227776,7782408

227776,6086378

227776,-8322100

227776,6240528

227776,6518740

227776,6970016

227776,7049132

227777,7624084

227777,6113968

227777,6352056

227783,7632312

227783,6881780

227783,6626488

227783,6411486

227783,7194274

227784,5019906

227784,7110322

227784,6588170

227784,7148722

227784,5786144

227784,6553868

227784,5643566

227784,5651274

227785,6359444

227785,5341382

227785,6168618

227791,6965684

227791,5887616

227791,5805414

227791,6530464

227791,5375044

227792,6226980

227792,5367250

227792,5407524

227792,5140068

227792,7061546

227792,5628432

227792,7037750

227792,5795686

227793,6215028

227793,6421212

227793,6499902

227799,5889240

227799,6565610

227799,5475564

227799,6231346

227799,6357378

227800,5690296

227800,6213956

227800,6359686

227800,6329766

227800,6326462

227800,6043658

227800,5993904

227800,6323154

227801,6750460

227801,6336526

227801,6733056

227807,6812644

227807,6123274

227807,6702828

227807,6802196

227807,6102580

227808,6312072

227808,6616006

227808,6965136

227808,6914274

227808,6710182

227808,6754544

227808,6644234

227808,7076704

227809,6875010

227809,6434176

227809,6321904

227815,5728268

227815,6647818

227815,6059162

227815,6423322

227815,6621770

227816,6082996

227816,5420492

227816,5973798

227816,7110138

227816,6741672

227816,6765732

227816,7728396

227816,6945900

227817,7982536

227817,8074364

227817,-7103972

227823,-6876536

227823,-5381970

227823,-5564720

227823,-6257614

227823,-5839370

227824,-6232704

227824,-6830062

227824,-7781446

227824,-7834998

227824,8203364

227824,7931868

227824,7751994

227824,7250470

227825,6671688

227825,6410614

227825,6177094

227831,5659576

227831,5501368

227831,4970672

227831,5135868

227831,4681578

227832,3710414

227832,3378290

227832,3993044

227832,3753494

227832,3394102

227832,3385654

227832,3178502

227832,2969132

227833,2927344

227833,2802690

227833,2236496

227839,2910168

227839,2746502

227839,2771176

227839,2664990

227839,2646404

227840,2318176

227840,3138818

227840,2493872

227840,3404888

227840,2450670

227840,2644838

227840,2765720

227840,2425316

227841,2771794

227841,2806456

227841,2798676

227847,2577804

227847,2347498

227847,2526270

227847,2687244

227847,2518844

227848,2561198

227848,2850418

227848,1812138

227848,2309524

227848,2331788

227848,2160782

227848,2092370

227848,2021854

227849,2328318

227849,2131072

227849,2523470

227855,2200164

227855,1962454

227855,2668730

227855,2187814

227855,2336534

227856,1939556

227856,2770218

227856,2537268

227856,1476200

227856,2316018

227856,1867008

227856,2211360

227856,1885286

227857,2220274

227857,1948530

227857,1781852

227863,1783492

227863,1671186

227863,1629464

227863,1534168

227863,1477078

227864,1515790

227864,1518584

227864,1315494

227864,1482706

227864,1819828

227864,1107148

227864,1399736

227864,1325138

227865,1609456

227865,1740662

227865,1331528

227871,1723714

227871,1655028

227871,1576446

227871,1486426

227871,1400112

227872,1891522

227872,1529418

227872,1566818

227872,1615570

227872,1210244

227872,1665188

227872,1575632

227872,1498028

227873,1523242

227873,1643588

227873,1534582

227879,1455738

227879,1333732

227879,1460034

227879,1265692

227879,1558668

227880,1381066

227880,1162822

227880,1353650

227880,1230302

227880,1034758

227880,1202486

227880,971296

227880,1033816

227881,894306

227881,1311562

227881,1209158

227887,995510

227887,1021680

227887,855012

227887,838060

227887,1129518

227888,708120

227888,948022

227888,1068088

227888,628410

227888,881672

227888,1089064

227888,761306

227888,956154

227889,875522

227889,1028190

227889,847436

227895,1131710

227895,1135170

227895,1237866

227895,1188736

227895,1138250

227896,1325226

227896,1399024

227896,1509278

227896,1707688

227896,1343662

227896,1552182

227896,1733944

227896,1654298

227897,1784150

227897,1824700

227897,1540906

227903,1595124

227903,1609796

227903,1435830

227903,1542110

227903,1425072

227904,1260860

227904,1369804

227904,1198042

227904,1165100

227904,1155266

227904,1088648

227904,1070282

227904,1169960

227905,891970

227905,957426

227905,1055306

227911,1144740

227911,884754

227911,953580

227911,981980

227911,905938

227912,859872

227912,848286

227912,875914

227912,868206

227912,735230

227912,702016

227912,677308

227912,741686

227913,547926

227913,691640

227913,542266

227919,625310

227919,586540

227919,543548

227919,572914

227919,520944

227920,517074

227920,541104

227920,624970

227920,384124

227920,542086

227920,495968

227920,551608

227920,516758

227921,394624

227921,515420

227921,593300

227927,445778

227927,662388

227927,618746

227927,653468

227927,442762

227928,670488

227928,623470

227928,539392

227928,622888

227928,561116

227928,651536

227928,514208

227928,523558

227929,481360

227929,574618

227929,515798

227935,452918

227935,384128

227935,397220

227935,290922

227935,444024

227936,340766

227936,317708

227936,386708

227936,219742

227936,209042

227936,360880

227936,222746

227936,248228

227937,172680

227937,246574

227937,64558

227943,180216

227943,171458

227943,86086

227943,136102

227943,13866

227944,64548

227944,36258

227944,77990

227944,10222

227944,12904

227944,-24578

227944,-41934

227944,53154

227945,16630

227945,-98288

227945,16722

227951,-45576

227951,-96850

227951,-60898

227951,-71422

227951,-130088

227952,-24122

227952,-110682

227952,-156636

227952,-130740

227952,-115736

227952,-68382

227952,-151692

227952,-165774

227953,-112154

227953,-38096

227953,-108106

227959,-112212

227959,-181672

227959,-129062

227959,-84346

227959,-82830

227960,-89518

227960,-32246

227960,-42712

227960,1108

227960,-74932

227960,30704

227960,10840

227960,22982

227961,18688

227961,-8380

227961,14566

227967,69540

227967,28006

227967,-5760

227967,23508

227967,65686

227968,45310

227968,95866

227968,82510

227968,119718

227968,143028

227968,130366

227968,177764

227968,186296

227969,153994

227969,219242

227969,211082

227975,203766

227975,199132

227975,201150

227975,180004

227975,215996

227976,167364

227976,201138

227976,157244

227976,121366

227976,137280

227976,73836

227976,112536

227976,163830

227977,150352

227977,118050

227977,108776

227983,130618

227983,132294

227983,121566

227983,150430

227983,81544

227984,147798

227984,93172

227984,73796

227984,125470

227984,62734

227984,50898

227984,59592

227984,110892

227985,13752

227985,81026

227985,45528

227991,82360

227991,44006

227991,71792

227991,42346

227991,29714

227992,79820

227992,50896

227992,22268

227992,6742

227992,-28624

227992,28848

227992,450

227992,12822

227993,-53920

227993,12066

227993,25288

227999,-18208

227999,5014

227999,35338

227999,-17502

227999,-24772

228000,33192

228000,-21782

228000,8620

228000,-12694

228000,21476

228000,-19504

228000,38514

228000,-19292

228001,37624

228001,11254

228001,12718

228007,10848

228007,60952

228007,34798

228007,41482

228007,85078

228008,53768

228008,69332

228008,69332

228008,103476

228008,106070

228008,82184

228008,110798

228008,114524

228009,143754

228009,89164

228009,150600

228015,141466

228015,105600

228015,141648

228015,153746

228015,141584

228016,126558

228016,165678

228016,121104

228016,149852

228016,183556

228016,160240

228016,147702

228016,171728

228017,151336

228017,139952

228017,159828

228023,126804

228023,170776

228023,164942

228023,123628

228023,106892

228024,142836

228024,126494

228024,142968

228024,124084

228024,108884

228024,129622

228024,101826

228024,120940

228025,105782

228025,131646

228025,106818

228031,123170

228031,120762

228031,123804

228031,133682

228031,148140

228032,142968

228032,136890

228032,160122

228032,143744

228032,139708

228032,163758

228032,158602

228032,158682

228033,147572

228033,189874

228033,169880

228039,190900

228039,168016

228039,167968

228039,179002

228039,173962

228040,161132

228040,179370

228040,207376

228040,177046

228040,200426

228040,170676

228040,186348

228040,169536

228041,202894

228041,177824

228041,182890

228047,186364

228047,166288

228047,175674

228047,182750

228047,183010

228048,159890

228048,162028

228048,154852

228048,171396

228048,172014

228048,176034

228048,165382

228048,168166

228049,181212

228049,154788

228049,157230

228055,164394

228055,160832

228055,150324

228055,154876

228055,157374

228056,156938

228056,160796

228056,139398

228056,139666

228056,141448

228056,135304

228056,145730

228056,153794

228057,132018

228057,122604

228057,139580

228063,128772

228063,136450

228063,138088

228063,137876

228063,133296

228064,143510

228064,122120

228064,131484

228064,130268

228064,139546

228064,135206

228064,124104

228064,141568

228065,138574

228065,117590

228065,137840

228071,131902

228071,123888

228071,133998

228071,134230

228071,139318

228072,127562

228072,137814

228072,128266

228072,136294

228072,119048

228072,110264

228072,129520

228072,131480

228073,116332

228073,131964

228073,109050

228079,109130

228079,109896

228079,104010

228079,99022

228079,120378

228080,101438

228080,117924

228080,96192

228080,94150

228080,107592

228080,93132

228080,102856

228080,95410

228081,88826

228081,90162

228081,91518

228087,98994

228087,82158

228087,103646

228087,96296

228087,90134

228088,95058

228088,98860

228088,91970

228088,99410

228088,102200

228088,91140

228088,84610

228088,105996

228089,95402

228089,94340

228089,90700

228095,94448

228095,95762

228095,114556

228095,94956

228095,105776

228096,107210

228096,101232

228096,117166

228096,109614

228096,115306

228096,108822

228096,112810

228096,118398

228097,116144

228097,123416

228097,121980

228103,115026

228103,123252

228103,115736

228103,127464

228103,136162

228104,136588

228104,141226

228104,126850

228104,123898

228104,133040

228104,139998

228104,143346

228104,139660

228105,143118

228105,134654

228105,130348

228111,138178

228111,133444

228111,139466

228111,125868

228111,139906

228112,129280

228112,124412

228112,131858

228112,132248

228112,124006

228112,126706

228112,128552

228112,115632

228113,127536

228113,123808

228113,118132

228119,118102

228119,110762

228119,108368

228119,113896

228119,106806

228120,103734

228120,99996

228120,95424

228120,98710

228120,96828

228120,88950

228120,86190

228120,82336

228121,79350

228121,70674

228121,66694

228127,70554

228127,68038

228127,63388

228127,59052

228127,56600

228128,44798

228128,51886

228128,53358

228128,47230

228128,49620

228128,44346

228128,32726

228128,24362

228129,31406

228129,22480

228129,18268

228135,17082

228135,11572

228135,3538

228135,-2912

228135,-4440

228136,-4706

228136,-14308

228136,-14512

228136,-16434

228136,-21296

228136,-13982

228136,-30734

228136,-33508

228137,-35514

228137,-42268

228137,-44658

228143,-51038

228143,-54364

228143,-59132

228143,-63850

228143,-71632

228144,-72902

228144,-70992

228144,-77700

228144,-88088

228144,-89230

228144,-89424

228144,-89536

228144,-96174

228145,-88402

228145,-98172

228145,-107252

228151,-103100

228151,-106170

228151,-107996

228151,-111348

228151,-106626

228152,-118746

228152,-128034

228152,-128764

228152,-123972

228152,-132614

228152,-127566

228152,-133702

228152,-136172

228153,-138906

228153,-138516

228153,-142134

228159,-143178

228159,-148588

228159,-143364

228159,-149512

228159,-153630

228160,-157540

228160,-159392

228160,-157808

228160,-167978

228160,-165986

228160,-173704

228160,-175980

228160,-176176

228161,-178716

228161,-178472

228161,-180438

228167,-183544

228167,-184160

228167,-187580

228167,-191318

228167,-196482

228168,-192796

228168,-191682

228168,-188838

228168,-191474

228168,-191152

228168,-192674

228168,-194722

228168,-195956

228169,-192768

228169,-189916

228169,-186868

228175,-194034

228175,-196238

228175,-196050

228175,-195066

228175,-193264

228176,-195038

228176,-197958

228176,-201832

228176,-198448

228176,-199256

228176,-197420

228176,-197980

228176,-197498

228177,-197692

228177,-199316

228177,-195100

228183,-199356

228183,-202910

228183,-203782

228183,-207014

228183,-208298

228184,-212834

228184,-217436

228184,-218992

228184,-226950

228184,-228604

228184,-228372

228184,-233904

228184,-238272

228185,-244798

228185,-246032

228185,-245988

228191,-249780

228191,-252932

228191,-256388

228191,-259164

228191,-263362

228192,-270780

228192,-273938

228192,-275524

228192,-279880

228192,-283100

228192,-289072

228192,-288682

228192,-292452

228193,-293366

228193,-293210

228193,-294416

228199,-295070

228199,-293300

228199,-300168

228199,-302680

228199,-309790

228200,-308132

228200,-314044

228200,-315622

228200,-319218

228200,-327368

228200,-332178

228200,-331200

228200,-338896

228201,-339358

228201,-343804

228201,-345090

228207,-351236

228207,-352194

228207,-356642

228207,-361292

228207,-359772

228208,-365038

228208,-366188

228208,-369038

228208,-376184

228208,-376026

228208,-378068

228208,-384136

228208,-381806

228209,-386976

228209,-391090

228209,-392496

228215,-391274

228215,-393008

228215,-394116

228215,-390020

228215,-390008

228216,-392784

228216,-391052

228216,-388892

228216,-389322

228216,-389400

228216,-387844

228216,-390394

228216,-388024

228217,-389470

228217,-389080

228217,-389158

228223,-389614

228223,-388764

228223,-391452

228223,-390876

228223,-392594

228224,-391058

228224,-389960

228224,-390550

228224,-389758

228224,-391150

228224,-390082

228224,-387932

228224,-387852

228225,-386036

228225,-385796

228225,-385420

228231,-381528

228231,-384430

228231,-385274

228231,-385818

228231,-386426

228232,-383880

228232,-386734

228232,-387104

228232,-391368

228232,-391640

228232,-391692

228232,-394928

228232,-394240

228233,-391902

228233,-391204

228233,-397670

228239,-397430

228239,-399722

228239,-401330

228239,-400452

228239,-399808

228240,-400644

228240,-403264

228240,-407550

228240,-410116

228240,-411940

228240,-417238

228240,-415082

228240,-420020

228241,-422036

228241,-419362

228241,-419308

228247,-419538

228247,-422940

228247,-422672

228247,-423750

228247,-419494

228248,-425310

228248,-426436

228248,-426980

228248,-426722

228248,-428928

228248,-432842

228248,-438928

228248,-441408

228249,-444794

228249,-443074

228249,-448620

228255,-450144

228255,-452504

228255,-455050

228255,-459248

228255,-463852

228256,-463222

228256,-465344

228256,-469382

228256,-467304

228256,-471212

228256,-474578

228256,-475962

228256,-474600

228257,-475148

228257,-477574

228257,-477010

228263,-480284

228263,-484202

228263,-485020

228263,-487968

228263,-489814

228264,-491362

228264,-495340

228264,-491176

228264,-494552

228264,-496588

228264,-498092

228264,-500904

228264,-504056

228265,-506214

228265,-505566

228265,-511384

228271,-513662

228271,-512786

228271,-515364

228271,-517522

228271,-521938

228272,-518168

228272,-525202

228272,-527754

228272,-530540

228272,-534710

228272,-539004

228272,-542842

228272,-543098

228273,-548456

228273,-551508

228273,-554604

228279,-562176

228279,-564730

228279,-562120

228279,-564664

228279,-567694

228280,-570458

228280,-576654

228280,-577754

228280,-582110

228280,-585888

228280,-588242

228280,-589752

228280,-591168

228281,-594654

228281,-598384

228281,-607064

228287,-606066

228287,-610478

228287,-612048

228287,-618716

228287,-619668

228288,-623342

228288,-625200

228288,-624346

228288,-624098

228288,-626824

228288,-625292

228288,-625856

228288,-628594

228289,-630936

228289,-631872

228289,-633112

228295,-633562

228295,-638362

228295,-640692

228295,-643014

228295,-643984

228296,-645392

228296,-648020

228296,-645086

228296,-647226

228296,-648528

228296,-645062

228296,-645790

228296,-645616

228297,-644994

228297,-642746

228297,-642190

228303,-643958

228303,-643032

228303,-644368

228303,-643458

228303,-643450

228304,-645864

228304,-645864

228304,-645188

228304,-646756

228304,-646652

228304,-648802

228304,-648010

228304,-650626

228305,-647566

228305,-648116

228305,-646960

228311,-646436

228311,-648374

228311,-648088

228311,-646622

228311,-643586

228312,-645102

228312,-642320

228312,-644648

228312,-642704

228312,-643898

228312,-640224

228312,-639504

228312,-641908

228313,-644678

228313,-650416

228313,-654170

228319,-650774

228319,-651008

228319,-651402

228319,-646288

228319,-648946

228320,-652552

228320,-652366

228320,-655196

228320,-653824

228320,-651270

228320,-649552

228320,-651430

228320,-653930

228321,-655198

228321,-655556

228321,-654916

228327,-654844

228327,-654744

228327,-654992

228327,-656970

228327,-655098

228328,-655068

228328,-650390

228328,-651534

228328,-651314

228328,-646366

228328,-647202

228328,-645840

228328,-643022

228329,-643970

228329,-641938

228329,-641400

228335,-639790

228335,-640080

228335,-638798

228335,-639220

228335,-642942

228336,-639190

228336,-640314

228336,-643578

228336,-641142

228336,-641680

228336,-643454

228336,-642980

228336,-641416

228337,-640052

228337,-642262

228337,-640368

228343,-640596

228343,-640116

228343,-641048

228343,-638974

228343,-640362

228344,-639072

228344,-641638

228344,-640148

228344,-641178

228344,-640090

228344,-640994

228344,-641966

228344,-641770

228345,-645436

228345,-645742

228345,-644950

228351,-645298

228351,-646680

228351,-642666

228351,-640276

228351,-641224

228352,-641352

228352,-640612

228352,-643156

228352,-639470

228352,-641764

228352,-639324

228352,-642376

228352,-647080

228353,-649690

228353,-650056

228353,-653220

228359,-656268

228359,-656912

228359,-662630

228359,-668128

228359,-672872

228360,-672546

228360,-673254

228360,-675762

228360,-679178

228360,-682178

228360,-684038

228360,-683448

228360,-683594

228361,-687782

228361,-689940

228361,-691244

228367,-692526

228367,-695700

228367,-700730

228367,-699484

228367,-702244

228368,-705880

228368,-709674

228368,-711274

228368,-714974

228368,-715874

228368,-715330

228368,-714200

228368,-715438

228369,-714450

228369,-717998

228369,-717726

228375,-720680

228375,-718990

228375,-718798

228375,-721918

228375,-721788

228376,-720416

228376,-721300

228376,-725708

228376,-725888

228376,-730798

228376,-731520

228376,-732758

228376,-732286

228377,-733000

228377,-731592

228377,-730106

228383,-730762

228383,-732074

228383,-733620

228383,-730658

228383,-730860

228384,-729364

228384,-728696

228384,-729360

228384,-728388

228384,-730562

228384,-732724

228384,-734582

228384,-735074

228385,-738414

228385,-737060

228385,-740018

228391,-739982

228391,-740702

228391,-741794

228391,-742436

228391,-740838

228392,-742354

228392,-745314

228392,-744302

228392,-746090

228392,-748036

228392,-749442

228392,-753684

228392,-751848

228393,-751790

228393,-754314

228393,-756152

228399,-754584

228399,-757412

228399,-756908

228399,-757152

228399,-758284

228400,-756508

228400,-755606

228400,-752350

228400,-753478

228400,-755730

228400,-754660

228400,-749708

228400,-748196

228401,-751286

228401,-753478

228401,-753154

228407,-752810

228407,-752364

228407,-752276

228407,-750128

228407,-749306

228408,-749262

228408,-747398

228408,-749216

228408,-747676

228408,-748572

228408,-749554

228408,-749004

228408,-747154

228409,-750550

228409,-752212

228409,-754904

228415,-754200

228415,-754490

228415,-754300

228415,-754050

228415,-756730

228416,-757704

228416,-761190

228416,-760658

228416,-765986

228416,-764760

228416,-765142

228416,-769596

228416,-770306

228417,-772074

228417,-770324

228417,-770588

228423,-770330

228423,-770930

228423,-769644

228423,-769396

228423,-775164

228424,-775326

228424,-777100

228424,-780918

228424,-778224

228424,-778702

228424,-778414

228424,-779038

228424,-783526

228425,-785114

228425,-787446

228425,-786284

228431,-783542

228431,-785688

228431,-787238

228431,-786158

228431,-787490

228432,-788700

228432,-786986

228432,-788812

228432,-788340

228432,-789286

228432,-790928

228432,-792132

228432,-790620

228433,-789872

228433,-792638

228433,-797132

228439,-799168

228439,-800442

228439,-803902

228439,-805768

228439,-805186

228440,-803932

228440,-807226

228440,-809804

228440,-810956

228440,-812990

228440,-813808

228440,-814364

228440,-816508

228441,-818670

228441,-820166

228441,-819416

228447,-820626

228447,-821996

228447,-820228

228447,-820956

228447,-819298

228448,-819914

228448,-815430

228448,-817248

228448,-816762

228448,-812628

228448,-813298

228448,-810336

228448,-808056

228449,-810048

228449,-810430

228449,-810220

228455,-812960

228455,-810480

228455,-806752

228455,-804352

228455,-802880

228456,-802252

228456,-798470

228456,-800308

228456,-795104

228456,-794520

228456,-793174

228456,-792006

228456,-794990

228457,-795316

228457,-796634

228457,-795616

228463,-796636

228463,-795024

228463,-794434

228463,-797674

228463,-799390

228464,-800828

228464,-801252

228464,-800778

228464,-799406

228464,-796912

228464,-799010

228464,-798848

228464,-796832

228465,-795524

228465,-795308

228465,-797890

228471,-798504

228471,-796902

228471,-796570

228471,-796948

228471,-796708

228472,-796382

228472,-798804

228472,-797310

228472,-797256

228472,-797354

228472,-798644

228472,-800578

228472,-799088

228473,-797604

228473,-796476

228473,-796784

228479,-797304

228479,-798984

228479,-798784

228479,-796938

228479,-796396

228480,-801804

228480,-802410

228480,-802352

228480,-805332

228480,-805676

228480,-810076

228480,-811990

228480,-813118

228481,-815662

228481,-818090

228481,-823426

228487,-823016

228487,-828252

228487,-831358

228487,-831680

228487,-831500

228488,-834098

228488,-834432

228488,-836922

228488,-839450

228488,-841244

228488,-841148

228488,-844456

228488,-843944

228489,-847274

228489,-850484

228489,-852320

228495,-855330

228495,-858490

228495,-861204

228495,-862684

228495,-866588

228496,-868034

228496,-869138

228496,-869066

228496,-871300

228496,-872146

228496,-874058

228496,-876214

228496,-880734

228497,-881820

228497,-883806

228497,-884932

228503,-885892

228503,-883362

228503,-887026

228503,-891818

228503,-891208

228504,-897010

228504,-896412

228504,-897424

228504,-902680

228504,-903792

228504,-907382

228504,-906002

228504,-908390

228505,-908486

228505,-911598

228505,-913806

228511,-918168

228511,-917726

228511,-920118

228511,-923054

228511,-927294

228512,-929408

228512,-931202

228512,-930806

228512,-935244

228512,-935270

228512,-937522

228512,-938884

228512,-940130

228513,-938372

228513,-939598

228513,-941160

228519,-940972

228519,-942290

228519,-943730

228519,-942922

228519,-944804

228520,-945170

228520,-946088

228520,-943552

228520,-943472

228520,-945424

228520,-947808

228520,-948486

228520,-947218

228521,-947172

228521,-947700

228521,-943348

228527,-944496

228527,-940978

228527,-943492

228527,-944414

228527,-946172

228528,-942460

228528,-942860

228528,-942234

228528,-942416

228528,-942350

228528,-939608

228528,-937350

228528,-939406

228529,-938328

228529,-938114

228529,-936628

228535,-933416

228535,-933464

228535,-932366

228535,-931908

228535,-928168

228536,-925488

228536,-928464

228536,-926632

228536,-928010

228536,-925308

228536,-924034

228536,-922906

228536,-921920

228537,-921836

228537,-917804

228537,-917056

228543,-915766

228543,-912126

228543,-909136

228543,-904134

228543,-901344

228544,-898062

228544,-896120

228544,-896790

228544,-894188

228544,-891356

228544,-889566

228544,-887768

228544,-886564

228545,-884214

228545,-881048

228545,-880698

228551,-877234

228551,-876740

228551,-878742

228551,-878760

228551,-878334

228552,-876592

228552,-874716

228552,-872672

228552,-873182

228552,-873740

228552,-874288

228552,-874726

228552,-872798

228553,-871538

228553,-873252

228553,-871256

228559,-871950

228559,-868480

228559,-869352

228559,-868078

228559,-868320

228560,-868692

228560,-865576

228560,-866072

228560,-866580

228560,-862660

228560,-862162

228560,-860800

228560,-860410

228561,-861238

228561,-858118

228561,-857904

228567,-856584

228567,-855814

228567,-854726

228567,-855270

228567,-856954

228568,-856470

228568,-856986

228568,-857148

228568,-857046

228568,-857058

228568,-856844

228568,-857202

228568,-857012

228569,-857914

228569,-859428

228569,-861400

228575,-863046

228575,-865126

228575,-863082

228575,-863576

228575,-863576

228576,-865030

228576,-866474

228576,-867038

228576,-869780

228576,-868788

228576,-870290

228576,-871534

228576,-875566

228577,-877628

228577,-881224

228577,-879874

228583,-882198

228583,-881832

228583,-882260

228583,-884532

228583,-885404

228584,-884926

228584,-884588

228584,-884162

228584,-886622

228584,-886004

228584,-883898

228584,-884510

228584,-884464

228585,-883448

228585,-881486

228585,-884576

228591,-884796

228591,-883492

228591,-884552

228591,-884390

228591,-884030

228592,-882576

228592,-881824

228592,-880370

228592,-880130

228592,-882610

228592,-882148

228592,-878244

228592,-875356

228593,-871254

228593,-869678

228593,-869778

228599,-869230

228599,-865370

228599,-862514

228599,-859938

228599,-860740

228600,-858106

228600,-856630

228600,-857426

228600,-857764

228600,-855530

228600,-855938

228600,-852882

228600,-850402

228601,-848834

228601,-848614

228601,-847640

228607,-844198

228607,-842532

228607,-837514

228607,-832632

228607,-829008

228608,-825736

228608,-825550

228608,-823498

228608,-822858

228608,-821736

228608,-821768

228608,-819438

228608,-817192

228609,-816912

228609,-816154

228609,-815410

228615,-815802

228615,-812268

228615,-812322

228615,-810384

228615,-807290

228616,-805210

228616,-802532

228616,-799344

228616,-795398

228616,-796412

228616,-795174

228616,-791802

228616,-792450

228617,-792036

228617,-791512

228617,-789082

228623,-788070

228623,-789194

228623,-787874

228623,-788728

228623,-789384

228624,-791272

228624,-789562

228624,-789266

228624,-787634

228624,-787572

228624,-783922

228624,-783796

228624,-784780

228625,-787778

228625,-786856

228625,-789186

228631,-791526

228631,-792382

228631,-791734

228631,-792078

228631,-794094

228632,-795170

228632,-796424

228632,-797354

228632,-796570

228632,-801778

228632,-803592

228632,-804768

228632,-808272

228633,-808834

228633,-810332

228633,-812768

228639,-814504

228639,-815200

228639,-815058

228639,-817104

228639,-817738

228640,-817494

228640,-818704

228640,-821286

228640,-819066

228640,-822562

228640,-825124

228640,-824188

228640,-828972

228641,-831324

228641,-831032

228641,-832318

228647,-834186

228647,-832818

228647,-834696

228647,-836242

228647,-836230

228648,-835496

228648,-835310

228648,-835638

228648,-837236

228648,-834940

228648,-836292

228648,-835100

228648,-834080

228649,-831104

228649,-829582

228649,-833476

228655,-833648

228655,-832396

228655,-832190

228655,-834868

228655,-834056

228656,-834676

228656,-831540

228656,-828080

228656,-823434

228656,-823812

228656,-819594

228656,-815854

228656,-813688

228657,-810818

228657,-811242

228657,-807878

228663,-803168

228663,-799114

228663,-794010

228663,-795518

228663,-794584

228664,-792432

228664,-791248

228664,-788410

228664,-785722

228664,-782340

228664,-780940

228664,-777934

228664,-775340

228665,-771004

228665,-771180

228665,-767964

228671,-766148

228671,-762482

228671,-758204

228671,-756856

228671,-751350

228672,-749918

228672,-747272

228672,-746238

228672,-745324

228672,-745468

228672,-743548

228672,-740468

228672,-737980

228673,-735800

228673,-734976

228673,-732732

228679,-731562

228679,-728114

228679,-726322

228679,-724070

228679,-721648

228680,-721134

228680,-718786

228680,-714946

228680,-710224

228680,-708672

228680,-707162

228680,-704796

228680,-705328

228681,-700940

228681,-699804

228681,-697050

228687,-696238

228687,-695786

228687,-694232

228687,-693846

228687,-692304

228688,-693212

228688,-691416

228688,-691088

228688,-688626

228688,-688384

228688,-687208

228688,-685782

228688,-686680

228689,-687630

228689,-686376

228689,-685034

228695,-681986

228695,-682176

228695,-681322

228695,-685022

228695,-684976

228696,-684004

228696,-684696

228696,-682428

228696,-683344

228696,-686408

228696,-684510

228696,-682796

228696,-685266

228697,-687168

228697,-685516

228697,-684454

228703,-686700

228703,-687614

228703,-687938

228703,-684674

228703,-683286

228704,-681120

228704,-682694

228704,-683578

228704,-685484

228704,-686256

228704,-682154

228704,-681776

228704,-682924

228705,-685964

228705,-688678

228705,-688082

228711,-688744

228711,-687914

228711,-689476

228711,-688574

228711,-689988

228712,-692882

228712,-691168

228712,-696332

228712,-697892

228712,-697274

228712,-699990

228712,-701556

228712,-702508

228713,-705300

228713,-706798

228713,-710056

228719,-713866

228719,-715754

228719,-716376

228719,-718206

228719,-719912

228720,-721080

228720,-723242

228720,-721468

228720,-722888

228720,-722226

228720,-726600

228720,-728300

228720,-729626

228721,-728390

228721,-730740

228721,-733092

228727,-733312

228727,-734416

228727,-735408

228727,-737824

228727,-739138

228728,-740066

228728,-739816

228728,-740588

228728,-740324

228728,-741812

228728,-742900

228728,-744038

228728,-743670

228729,-745940

228729,-745764

228729,-745780

228735,-746904

228735,-745922

228735,-749034

228735,-748336

228735,-749622

228736,-747402

228736,-746584

228736,-745526

228736,-744404

228736,-743646

228736,-741760

228736,-740692

228736,-736466

228737,-736614

228737,-734116

228737,-733414

228743,-732852

228743,-730658

228743,-731646

228743,-728828

228743,-726132

228744,-721816

228744,-719704

228744,-713846

228744,-715172

228744,-715208

228744,-712404

228744,-706990

228744,-705480

228745,-703238

228745,-699248

228745,-697344

228751,-696000

228751,-695454

228751,-693246

228751,-691390

228751,-689328

228752,-688100

228752,-682648

228752,-679612

228752,-680610

228752,-676450

228752,-672784

228752,-671432

228752,-668406

228753,-663768

228753,-662620

228753,-658178

228759,-656702

228759,-651294

228759,-650776

228759,-648350

228759,-645874

228760,-646190

228760,-644934

228760,-644128

228760,-640740

228760,-639002

228760,-633948

228760,-633892

228760,-632450

228761,-629798

228761,-629716

228761,-628918

228767,-627688

228767,-626742

228767,-623962

228767,-626900

228767,-626682

228768,-624504

228768,-623826

228768,-624200

228768,-627168

228768,-625084

228768,-625070

228768,-626564

228768,-626548

228769,-624554

228769,-624962

228769,-624488

228775,-625514

228775,-623524

228775,-623940

228775,-622410

228775,-621210

228776,-623346

228776,-624370

228776,-624738

228776,-626712

228776,-627098

228776,-626602

228776,-627824

228776,-626478

228777,-627116

228777,-628712

228777,-629046

228783,-632616

228783,-632348

228783,-630768

228783,-629748

228783,-627472

228784,-627304

228784,-627808

228784,-628924

228784,-629206

228784,-627928

228784,-632148

228784,-634580

228784,-636088

228785,-638502

228785,-639696

228785,-642912

228791,-642418

228791,-642358

228791,-644440

228791,-643684

228791,-644612

228792,-644020

228792,-643358

228792,-646914

228792,-646728

228792,-647822

228792,-647398

228792,-646244

228792,-645680

228793,-646976

228793,-646190

228793,-645672

228799,-645562

228799,-642910

228799,-644920

228799,-642862

228799,-643656

228800,-642610

228800,-637244

228800,-633426

228800,-635010

228800,-634256

228800,-630368

228800,-628788

228800,-626990

228801,-625670

228801,-624382

228801,-622716

228807,-621636

228807,-619604

228807,-618610

228807,-620400

228807,-620556

228808,-621584

228808,-619548

228808,-617688

228808,-619220

228808,-617410

228808,-616898

228808,-614164

228808,-612234

228809,-611824

228809,-609956

228809,-611724

228815,-611304

228815,-610654

228815,-610128

228815,-611106

228815,-609336

228816,-609500

228816,-610296

228816,-611402

228816,-609200

228816,-611514

228816,-611706

228816,-613056

228816,-612802

228817,-614086

228817,-614804

228817,-616990

228823,-616768

228823,-616258

228823,-615386

228823,-615560

228823,-616072

228824,-616004

228824,-619874

228824,-615714

228824,-616084

228824,-617066

228824,-616224

228824,-619070

228824,-616676

228825,-619562

228825,-618926

228825,-617952

228831,-618016

228831,-619360

228831,-618834

228831,-618840

228831,-621910

228832,-620858

228832,-620152

228832,-623080

228832,-619366

228832,-621342

228832,-618952

228832,-619712

228832,-622284

228833,-622756

228833,-624204

228833,-624204

228839,-624316

228839,-626628

228839,-627388

228839,-626946

228839,-628060

228840,-630262

228840,-629098

228840,-629834

228840,-630156

228840,-629906

228840,-630588

228840,-633028

228840,-632482

228841,-633342

228841,-635196

228841,-635922

228847,-638852

228847,-639868

228847,-640068

228847,-640212

228847,-639906

228848,-639364

228848,-639188

228848,-638676

228848,-636892

228848,-636462

228848,-636750

228848,-636910

228848,-639228

228849,-637678

228849,-639670

228849,-640224

228855,-640836

228855,-638534

228855,-639694

228855,-640564

228855,-640484

228856,-640028

228856,-639640

228856,-640692

228856,-643172

228856,-642516

228856,-642180

228856,-642784

228856,-641932

228857,-640498

228857,-641904

228857,-642532

228863,-642842

228863,-644448

228863,-643304

228863,-643096

228863,-640206

228864,-638906

228864,-636854

228864,-637990

228864,-638288

228864,-637630

228864,-636610

228864,-634018

228864,-631248

228865,-629162

228865,-628258

228865,-628592

228871,-626560

228871,-625946

228871,-624882

228871,-626442

228871,-624314

228872,-623534

228872,-625194

228872,-625022

228872,-624862

228872,-620198

228872,-618606

228872,-618050

228872,-615680

228873,-613878

228873,-614210

228873,-616378

228879,-613572

228879,-611230

228879,-608798

228879,-606584

228879,-605184

228880,-602774

228880,-603464

228880,-600728

228880,-601120

228880,-598354

228880,-594670

228880,-596440

228880,-595032

228881,-592908

228881,-593694

228881,-593754

228887,-593214

228887,-591442

228887,-588422

228887,-584444

228887,-584954

228888,-584496

228888,-582452

228888,-582788

228888,-581048

228888,-577716

228888,-577476

228888,-577126

228888,-576232

228889,-578402

228889,-580510

228889,-579128

228895,-579706

228895,-580224

228895,-575770

228895,-575500

228895,-575958

228896,-575580

228896,-574962

228896,-573226

228896,-570934

228896,-569388

228896,-568912

228896,-566294

228896,-565162

228897,-566634

228897,-562904

228897,-564530

228903,-560196

228903,-562000

228903,-558686

228903,-559892

228903,-560628

228904,-559394

228904,-557296

228904,-557666

228904,-557562

228904,-557210

228904,-553982

228904,-553234

228904,-551756

228905,-549376

228905,-548534

228905,-548892

228911,-552170

228911,-552374

228911,-553812

228911,-554318

228911,-554644

228912,-554194

228912,-554972

228912,-556524

228912,-558080

228912,-559692

228912,-559410

228912,-562204

228912,-561652

228913,-560666

228913,-560392

228913,-559358

228919,-557336

228919,-557046

228919,-555294

228919,-555702

228919,-554614

228920,-553524

228920,-549046

228920,-548552

228920,-548820

228920,-548442

228920,-546926

228920,-548004

228920,-547990

228921,-547674

228921,-545796

228921,-545470

228927,-545132

228927,-544224

228927,-541718

228927,-540362

228927,-539014

228928,-538038

228928,-535624

228928,-536074

228928,-537136

228928,-536226

228928,-537514

228928,-539016

228928,-541322

228929,-540212

228929,-544876

228929,-547208

228935,-551362

228935,-552482

228935,-554766

228935,-556020

228935,-556800

228936,-558230

228936,-559956

228936,-558720

228936,-560478

228936,-559524

228936,-558854

228936,-556636

228936,-557852

228937,-558694

228937,-557908

228937,-556656

228943,-558112

228943,-560082

228943,-560832

228943,-561272

228943,-563248

228944,-561944

228944,-564486

228944,-565492

228944,-566470

228944,-566148

228944,-569042

228944,-569338

228944,-568996

228945,-569086

228945,-569348

228945,-570696

228951,-574074

228951,-576226

228951,-576332

228951,-578406

228951,-578280

228952,-579012

228952,-579486

228952,-578394

228952,-580978

228952,-582028

228952,-581886

228952,-581600

228952,-581308

228953,-578606

228953,-579800

228953,-579172

228959,-577974

228959,-575758

228959,-577032

228959,-574344

228959,-570882

228960,-569080

228960,-569114

228960,-568696

228960,-570574

228960,-568124

228960,-567562

228960,-566494

228960,-565048

228961,-563416

228961,-564224

228961,-562584

228967,-560036

228967,-561822

228967,-557138

228967,-554592

228967,-552728

228968,-552016

228968,-551428

228968,-549838

228968,-547432

228968,-546246

228968,-545258

228968,-542422

228968,-541918

228969,-538854

228969,-536816

228969,-537328

228975,-536332

228975,-536106

228975,-536390

228975,-536096

228975,-535336

228976,-533872

228976,-532764

228976,-532380

228976,-532596

228976,-532282

228976,-530366

228976,-530194

228976,-529954

228977,-526426

228977,-527360

228977,-526064

228983,-524320

228983,-525850

228983,-525398

228983,-525752

228983,-523336

228984,-521822

228984,-520796

228984,-519246

228984,-516752

228984,-516058

228984,-514212

228984,-515120

228984,-514822

228985,-513792

228985,-511874

228985,-510242

228991,-508956

228991,-508756

228991,-505496

228991,-505748

228991,-506920

228992,-506316

228992,-506522

228992,-505420

228992,-505084

228992,-506538

228992,-507658

228992,-509158

228992,-508442

228993,-510118

228993,-510576

228993,-510516

228999,-511306

228999,-511984

228999,-510204

228999,-513558

228999,-514948

229000,-515726

229000,-515632

229000,-517802

229000,-515656

229000,-515076

229000,-511958

229000,-511006

229000,-512602

229001,-511766

229001,-510194

229001,-510550

229007,-509794

229007,-508056

229007,-506554

229007,-506986

229007,-505720

229008,-503816

229008,-500120

229008,-497512

229008,-498364

229008,-498086

229008,-497606

229008,-494810

229008,-492304

229009,-489794

229009,-487988

229009,-488210

229015,-485878

229015,-484992

229015,-486944

229015,-485802

229015,-485968

229016,-484738

229016,-483738

229016,-482364

229016,-481826

229016,-484202

229016,-483738

229016,-484194

229016,-483058

229017,-478332

229017,-476264

229017,-474718

229023,-472236

229023,-472518

229023,-471492

229023,-470756

229023,-467082

229024,-465880

229024,-466314

229024,-461932

229024,-457560

229024,-456952

229024,-458182

229024,-456092

229024,-452826

229025,-452892

229025,-450052

229025,-448530

229031,-442806

229031,-443192

229031,-440812

229031,-438358

229031,-435698

229032,-438344

229032,-435712

229032,-435358

229032,-433626

229032,-434178

229032,-435844

229032,-433958

229032,-434174

229033,-435106

229033,-433776

229033,-432242

229039,-429694

229039,-427630

229039,-427764

229039,-424412

229039,-424346

229040,-421750

229040,-421008

229040,-419242

229040,-416270

229040,-416568

229040,-415026

229040,-413232

229040,-413742

229041,-414514

229041,-414052

229041,-413722

229047,-412890

229047,-412766

229047,-412790

229047,-411796

229047,-412552

229048,-410124

229048,-411246

229048,-409724

229048,-408610

229048,-409112

229048,-409850

229048,-408128

229048,-409006

229049,-406996

229049,-406664

229049,-404070

229055,-405418

229055,-406992

229055,-405062

229055,-406184

229055,-407096

229056,-405604

229056,-405556

229056,-405938

229056,-402544

229056,-401644

229056,-401842

229056,-400856

229056,-402270

229057,-400578

229057,-397250

229057,-394604

229063,-393170

229063,-393192

229063,-389012

229063,-390812

229063,-390910

229064,-390884

229064,-388098

229064,-390352

229064,-389276

229064,-390146

229064,-389770

229064,-388804

229064,-389618

229065,-389928

229065,-389260

229065,-388274

229071,-387408

229071,-386838

229071,-388366

229071,-389150

229071,-386906

229072,-385832

229072,-386120

229072,-386400

229072,-383818

229072,-385894

229072,-386582

229072,-386602

229072,-388258

229073,-387408

229073,-388626

229073,-387098

229079,-385226

229079,-383924

229079,-386502

229079,-386008

229079,-386928

229080,-385152

229080,-383140

229080,-383320

229080,-383798

229080,-382184

229080,-380594

229080,-378076

229080,-378266

229081,-377508

229081,-374340

229081,-374888

229087,-372832

229087,-372894

229087,-371830

229087,-371086

229087,-369088

229088,-369482

229088,-368008

229088,-366366

229088,-365466

229088,-364054

229088,-361878

229088,-361378

229088,-358896

229089,-357956

229089,-357538

229089,-355610

229095,-353390

229095,-351208

229095,-351242

229095,-352524

229095,-351840

229096,-352994

229096,-354010

229096,-354622

229096,-355948

229096,-354668

229096,-355194

229096,-353178

229096,-356140

229097,-354994

229097,-356304

229097,-355208

229103,-352998

229103,-353212

229103,-353690

229103,-352826

229103,-350308

229104,-347872

229104,-345906

229104,-346404

229104,-343698

229104,-342030

229104,-342916

229104,-342404

229104,-343058

229105,-341434

229105,-341854

229105,-343252

229111,-340782

229111,-338322

229111,-337394

229111,-334730

229111,-333530

229112,-329878

229112,-330324

229112,-329732

229112,-326896

229112,-326546

229112,-324764

229112,-325632

229112,-327134

229113,-327628

229113,-328264

229113,-330558

229119,-331808

229119,-333754

229119,-331538

229119,-331070

229119,-331710

229120,-333382

229120,-333634

229120,-333904

229120,-333684

229120,-334198

229120,-335438

229120,-338294

229120,-336746

229121,-339562

229121,-336130

229121,-336924

229127,-338574

229127,-338402

229127,-341816

229127,-341734

229127,-341828

229128,-342204

229128,-344388

229128,-344026

229128,-343366

229128,-342320

229128,-344142

229128,-343198

229128,-343828

229129,-342542

229129,-340722

229129,-341472

229135,-341238

229135,-342722

229135,-340834

229135,-340410

229135,-342712

229136,-344578

229136,-343438

229136,-343146

229136,-346648

229136,-348304

229136,-349354

229136,-348500

229136,-347698

229137,-349886

229137,-348416

229137,-350142

229143,-348194

229143,-350656

229143,-349566

229143,-349584

229143,-348858

229144,-347426

229144,-345088

229144,-341538

229144,-339956

229144,-340814

229144,-341380

229144,-340206

229144,-338232

229145,-338038

229145,-338730

229145,-341020

229151,-340714

229151,-340880

229151,-338968

229151,-336558

229151,-337778

229152,-338506

229152,-340138

229152,-340310

229152,-339404

229152,-340764

229152,-342696

229152,-341090

229152,-342016

229153,-343110

229153,-343708

229153,-342784

229159,-341470

229159,-342422

229159,-343834

229159,-344750

229159,-343842

229160,-344108

229160,-340336

229160,-340946

229160,-337926

229160,-337890

229160,-337096

229160,-338392

229160,-337502

229161,-339418

229161,-339762

229161,-341434

229167,-339678

229167,-339094

229167,-341788

229167,-344372

229167,-341986

229168,-342350

229168,-342196

229168,-343520

229168,-342788

229168,-341298

229168,-340732

229168,-340232

229168,-339886

229169,-338772

229169,-338994

229169,-343330

229175,-345718

229175,-346152

229175,-346402

229175,-346366

229175,-347874

229176,-349032

229176,-353858

229176,-354888

229176,-355638

229176,-356160

229176,-357166

229176,-357186

229176,-361254

229177,-361664

229177,-362738

229177,-362808

229183,-361796

229183,-361060

229183,-360198

229183,-359378

229183,-356864

229184,-356564

229184,-353646

229184,-352478

229184,-350726

229184,-348244

229184,-348230

229184,-347778

229184,-347600

229185,-347986

229185,-349612

229185,-346832

229191,-346638

229191,-345758

229191,-343778

229191,-343850

229191,-343742

229192,-342592

229192,-342576

229192,-341514

229192,-341626

229192,-343062

229192,-340026

229192,-338694

229192,-338066

229193,-338586

229193,-338990

229193,-339450

229199,-339352

229199,-339826

229199,-340930

229199,-342154

229199,-343808

229200,-343488

229200,-343360

229200,-344546

229200,-344280

229200,-343118

229200,-344022

229200,-345006

229200,-344490

229201,-342422

229201,-343616

229201,-342642

229207,-341868

229207,-342542

229207,-342726

229207,-344312

229207,-344156

229208,-344434

229208,-345094

229208,-348794

229208,-349042

229208,-353614

229208,-356296

229208,-358536

229208,-360922

229209,-363388

229209,-367384

229209,-368846

229215,-373092

229215,-376284

229215,-378828

229215,-377906

229215,-381670

229216,-382478

229216,-385674

229216,-386690

229216,-390158

229216,-395110

229216,-397478

229216,-401580

229216,-400946

229217,-404440

229217,-406892

229217,-409116

229223,-408688

229223,-412016

229223,-412632

229223,-413576

229223,-415054

229224,-415732

229224,-416320

229224,-416360

229224,-417542

229224,-418964

229224,-421812

229224,-421486

229224,-422142

229225,-421794

229225,-422596

229225,-421310

229231,-421624

229231,-421684

229231,-421570

229231,-418128

229231,-418300

229232,-417484

229232,-417674

229232,-417744

229232,-416324

229232,-415266

229232,-414760

229232,-413832

229232,-412486

229233,-412600

229233,-412506

229233,-412034

229239,-412278

229239,-411634

229239,-412250

229239,-408998

229239,-410100

229240,-410126

229240,-408128

229240,-409214

229240,-404848

229240,-400408

229240,-399058

229240,-397872

229240,-397916

229241,-394084

229241,-391416

229241,-386848

229247,-387052

229247,-386422

229247,-382992

229247,-383464

229247,-379056

229248,-378438

229248,-377698

229248,-377038

229248,-375130

229248,-374134

229248,-373418

229248,-372314

229248,-369928

229249,-369206

229249,-367146

229249,-365472

229255,-363780

229255,-362426

229255,-361350

229255,-361420

229255,-359272

229256,-358462

229256,-359466

229256,-358336

229256,-358308

229256,-360702

229256,-361350

229256,-362622

229256,-361838

229257,-364174

229257,-362742

229257,-362986

229263,-362066

229263,-362018

229263,-360314

229263,-358958

229263,-360394

229264,-357200

229264,-357788

229264,-358616

229264,-358602

229264,-360332

229264,-359234

229264,-361084

229264,-362422

229265,-363412

229265,-362318

229265,-361196

229271,-361782

229271,-362562

229271,-362348

229271,-362486

229271,-361570

229272,-361988

229272,-360558

229272,-359750

229272,-358658

229272,-359606

229272,-359450

229272,-357340

229272,-355626

229273,-354952

229273,-355496

229273,-356400

229279,-354544

229279,-355400

229279,-355180

229279,-354904

229279,-354614

229280,-354692

229280,-355916

229280,-355922

229280,-357072

229280,-358348

229280,-358986

229280,-359686

229280,-357494

229281,-357740

229281,-360230

229281,-360848

229287,-360726

229287,-360544

229287,-361660

229287,-362402

229287,-364348

229288,-364934

229288,-362058

229288,-364106

229288,-363110

229288,-361878

229288,-362158

229288,-360948

229288,-359680

229289,-356870

229289,-359972

229289,-360106

229295,-361376

229295,-361862

229295,-359038

229295,-360906

229295,-361194

229296,-360226

229296,-359680

229296,-359548

229296,-357310

229296,-356268

229296,-356496

229296,-353780

229296,-354936

229297,-351730

229297,-352836

229297,-352150

229303,-350660

229303,-348684

229303,-348802

229303,-348254

229303,-348514

229304,-347258

229304,-346140

229304,-347098

229304,-346736

229304,-343912

229304,-341578

229304,-342100

229304,-340810

229305,-340818

229305,-339084

229305,-337202

229311,-335226

229311,-332696

229311,-333884

229311,-333826

229311,-333832

229312,-331224

229312,-333200

229312,-331664

229312,-331292

229312,-329264

229312,-326114

229312,-328086

229312,-326394

229313,-328960

229313,-327596

229313,-325794

229319,-324554

229319,-322664

229319,-321796

229319,-320816

229319,-318556

229320,-316178

229320,-314448

229320,-313078

229320,-314832

229320,-313606

229320,-314736

229320,-313196

229320,-311346

229321,-311116

229321,-309246

229321,-312276

229327,-311294

229327,-312278

229327,-311686

229327,-310010

229327,-311614

229328,-309274

229328,-307066

229328,-305812

229328,-306484

229328,-307520

229328,-308056

229328,-307870

229328,-308986

229329,-309668

229329,-312210

229329,-312738

229335,-314028

229335,-313108

229335,-314464

229335,-314268

229335,-314542

229336,-314174

229336,-315420

229336,-315046

229336,-316278

229336,-314768

229336,-311936

229336,-313606

229336,-311796

229337,-312490

229337,-313670

229337,-316796

229343,-315126

229343,-314498

229343,-312710

229343,-311866

229343,-311886

229344,-311620

229344,-310850

229344,-306736

229344,-305646

229344,-304648

229344,-303426

229344,-302768

229344,-302246

229345,-300058

229345,-299588

229345,-298934

229351,-300604

229351,-299012

229351,-297884

229351,-292892

229351,-293286

229352,-293142

229352,-291152

229352,-290322

229352,-285914

229352,-285068

229352,-281108

229352,-280680

229352,-279152

229353,-278930

229353,-279384

229353,-278284

229359,-277058

229359,-275474

229359,-272808

229359,-272538

229359,-271530

229360,-267736

229360,-267542

229360,-265500

229360,-264652

229360,-263018

229360,-262624

229360,-260206

229360,-256248

229361,-254774

229361,-250506

229361,-248480

229367,-246460

229367,-242674

229367,-243752

229367,-244142

229367,-241188

229368,-242252

229368,-237636

229368,-236900

229368,-235294

229368,-233708

229368,-230980

229368,-233146

229368,-231248

229369,-229952

229369,-226482

229369,-221768

229375,-221310

229375,-224030

229375,-222940

229375,-222068

229375,-219974

229376,-217506

229376,-216392

229376,-215192

229376,-211918

229376,-211398

229376,-210866

229376,-207914

229376,-209214

229377,-206672

229377,-209286

229377,-208836

229383,-211682

229383,-209312

229383,-208360

229383,-208306

229383,-207206

229384,-208310

229384,-209684

229384,-208612

229384,-206718

229384,-205272

229384,-203478

229384,-203568

229384,-202470

229385,-198718

229385,-198506

229385,-195440

229391,-194116

229391,-192652

229391,-192928

229391,-193472

229391,-193624

229392,-195736

229392,-192824

229392,-193880

229392,-190852

229392,-190140

229392,-189692

229392,-190068

229392,-189182

229393,-189560

229393,-189106

229393,-187898

229399,-187444

229399,-187764

229399,-188612

229399,-188624

229399,-187086

229400,-184370

229400,-184150

229400,-183764

229400,-183668

229400,-185960

229400,-184192

229400,-180936

229400,-179482

229401,-178202

229401,-178566

229401,-175566

229407,-177438

229407,-177780

229407,-177386

229407,-176786

229407,-173828

229408,-176144

229408,-173800

229408,-173308

229408,-172974

229408,-170886

229408,-170686

229408,-171460

229408,-170346

229409,-170020

229409,-169704

229409,-166782

229415,-166892

229415,-166846

229415,-166998

229415,-166078

229415,-166476

229416,-165000

229416,-166128

229416,-167370

229416,-167456

229416,-170368

229416,-169042

229416,-171434

229416,-174554

229417,-172434

229417,-175388

229417,-176466

229423,-178130

229423,-180428

229423,-181078

229423,-182188

229423,-179564

229424,-180400

229424,-178858

229424,-180248

229424,-180410

229424,-179732

229424,-182846

229424,-181754

229424,-184410

229425,-186926

229425,-187530

229425,-189184

229431,-188946

229431,-189472

229431,-188898

229431,-191258

229431,-192198

229432,-193416

229432,-193948

229432,-194834

229432,-197140

229432,-197394

229432,-199530

229432,-197504

229432,-199372

229433,-199864

229433,-202130

229433,-203806

229439,-202352

229439,-204162

229439,-204782

229439,-204426

229439,-204324

229440,-205500

229440,-206244

229440,-205932

229440,-208624

229440,-209028

229440,-211096

229440,-212074

229440,-212454

229441,-213042

229441,-212652

229441,-213898

229447,-213626

229447,-214338

229447,-215952

229447,-215780

229447,-216180

229448,-218326

229448,-216944

229448,-216774

229448,-216794

229448,-214926

229448,-213000

229448,-212988

229448,-213876

229449,-212514

229449,-212410

229449,-208978

229455,-209808

229455,-204720

229455,-203780

229455,-202940

229455,-199232

229456,-198854

229456,-199788

229456,-197682

229456,-197754

229456,-196006

229456,-195284

229456,-193972

229456,-192138

229457,-191984

229457,-189028

229457,-189498

229463,-187202

229463,-185596

229463,-182884

229463,-185052

229463,-181280

229464,-179222

229464,-177606

229464,-175554

229464,-173676

229464,-172876

229464,-172048

229464,-170630

229464,-168426

229465,-168854

229465,-169744

229465,-166564

229471,-166160

229471,-162954

229471,-163366

229471,-158744

229471,-159532

229472,-158026

229472,-155056

229472,-155004

229472,-154074

229472,-153800

229472,-151654

229472,-151912

229472,-153802

229473,-154792

229473,-155338

229473,-154374

229479,-153704

229479,-153878

229479,-152350

229479,-151774

229479,-153608

229480,-153778

229480,-155648

229480,-155824

229480,-156416

229480,-157772

229480,-157800

229480,-159584

229480,-159830

229481,-159450

229481,-160006

229481,-162804

229487,-163086

229487,-165052

229487,-167468

229487,-167918

229487,-170344

229488,-171088

229488,-170252

229488,-172466

229488,-173426

229488,-177334

229488,-175872

229488,-177646

229488,-178808

229489,-181956

229489,-182046

229489,-183096

229495,-181426

229495,-181972

229495,-182144

229495,-180894

229495,-184522

229496,-185928

229496,-186416

229496,-186842

229496,-188664

229496,-188606

229496,-190278

229496,-191942

229496,-195124

229497,-198436

229497,-200768

229497,-203320

229503,-207404

229503,-210294

229503,-214156

229503,-215534

229503,-216338

229504,-215780

229504,-218566

229504,-218684

229504,-220076

229504,-221052

229504,-219828

229504,-220704

229504,-221780

229505,-221746

229505,-223748

229505,-223310

229511,-225960

229511,-225120

229511,-224054

229511,-227300

229511,-227680

229512,-226538

229512,-226434

229512,-226434

229512,-226512

229512,-223374

229512,-223320

229512,-221866

229512,-222054

229513,-221990

229513,-223058

229513,-224460

229519,-225366

229519,-226768

229519,-229148

229519,-230722

229519,-234206

229520,-234064

229520,-235534

229520,-236386

229520,-238216

229520,-240378

229520,-241522

229520,-238402

229520,-239476

229521,-238694

229521,-237740

229521,-237028

229527,-239024

229527,-239232

229527,-238052

229527,-239064

229527,-236750

229528,-237086

229528,-235008

229528,-235164

229528,-234314

229528,-235008

229528,-236136

229528,-237508

229528,-236446

229529,-235992

229529,-235992

229529,-235674

229535,-235722

229535,-234794

229535,-236224

229535,-235516

229535,-232818

229536,-233166

229536,-233388

229536,-232418

229536,-232326

229536,-233544

229536,-233674

229536,-232914

229536,-233956

229537,-234818

229537,-234296

229537,-236316

229543,-236570

229543,-235968

229543,-236558

229543,-233954

229543,-231804

229544,-233076

229544,-230936

229544,-229918

229544,-227372

229544,-225910

229544,-226540

229544,-224620

229544,-223532

229545,-225008

229545,-226312

229545,-227660

229551,-226822

229551,-227488

229551,-226408

229551,-229970

229551,-231678

229552,-233136

229552,-235384

229552,-236668

229552,-237080

229552,-235306

229552,-235326

229552,-235684

229552,-237392

229553,-238686

229553,-240530

229553,-242152

229559,-241222

229559,-240398

229559,-243338

229559,-242328

229559,-242972

229560,-244034

229560,-243946

229560,-245306

229560,-246428

229560,-246724

229560,-248602

229560,-247192

229560,-247846

229561,-247088

229561,-244766

229561,-244486

229567,-245692

229567,-245900

229567,-246598

229567,-246752

229567,-247630

229568,-246956

229568,-248270

229568,-248108

229568,-246134

229568,-248946

229568,-250406

229568,-250726

229568,-250558

229569,-253822

229569,-254108

229569,-253348

229575,-252444

229575,-254660

229575,-253328

229575,-251872

229575,-251822

229576,-248830

229576,-248862

229576,-247572

229576,-243952

229576,-243438

229576,-240592

229576,-239992

229576,-239278

229577,-238524

229577,-236272

229577,-235840

229583,-237940

229583,-236338

229583,-237710

229583,-239034

229583,-237248

229584,-237328

229584,-236492

229584,-236008

229584,-236306

229584,-235992

229584,-236566

229584,-237100

229584,-239374

229585,-240114

229585,-238404

229585,-236438

229591,-234474

229591,-232084

229591,-231020

229591,-234864

229591,-234638

229592,-235682

229592,-236728

229592,-235322

229592,-235126

229592,-233460

229592,-234458

229592,-232664

229592,-233524

229593,-230928

229593,-231358

229593,-231016

229599,-230134

229599,-227036

229599,-227838

229599,-227030

229599,-225398

229600,-225850

229600,-224508

229600,-224362

229600,-224150

229600,-226334

229600,-229946

229600,-229406

229600,-229444

229601,-229916

229601,-229618

229601,-230534

229607,-232746

229607,-234728

229607,-235834

229607,-234666

229607,-232206

229608,-234996

229608,-233328

229608,-231256

229608,-232098

229608,-229524

229608,-230452

229608,-229506

229608,-230220

229609,-230490

229609,-232334

229609,-231648

229615,-232122

229615,-231176

229615,-230898

229615,-229798

229615,-227638

229616,-230860

229616,-229640

229616,-228304

229616,-226160

229616,-226644

229616,-225452

229616,-225854

229616,-224886

229617,-224096

229617,-224592

229617,-224216

229623,-225694

229623,-226188

229623,-228378

229623,-228470

229623,-230544

229624,-229762

229624,-231680

229624,-231370

229624,-232714

229624,-233452

229624,-232260

229624,-232040

229624,-232722

229625,-231032

229625,-228440

229625,-227658

229631,-227274

229631,-226518

229631,-228484

229631,-227292

229631,-228124

229632,-229312

229632,-229084

229632,-229076

229632,-228566

229632,-228980

229632,-229644

229632,-229012

229632,-230070

229633,-228922

229633,-226304

229633,-227610

229639,-224588

229639,-224414

229639,-222460

229639,-222516

229639,-222214

229640,-220256

229640,-220508

229640,-221454

229640,-222900

229640,-220548

229640,-222198

229640,-223508

229640,-220964

229641,-220456

229641,-218016

229641,-218192

229647,-217640

229647,-217408

229647,-216974

229647,-217158

229647,-217978

229648,-216000

229648,-214278

229648,-210342

229648,-207830

229648,-207076

229648,-206048

229648,-204934

229648,-202312

229649,-203734

229649,-201492

229649,-202152

229655,-201168

229655,-199278

229655,-199816

229655,-198124

229655,-199394

229656,-197676

229656,-194570

229656,-193948

229656,-193996

229656,-195070

229656,-196100

229656,-191750

229656,-189886

229657,-188788

229657,-188578

229657,-189008

229663,-187084

229663,-186650

229663,-182688

229663,-181906

229663,-178576

229664,-178036

229664,-177430

229664,-176608

229664,-175718

229664,-171318

229664,-169302

229664,-169720

229664,-170158

229665,-168292

229665,-167186

229665,-166746

229671,-164812

229671,-164474

229671,-161798

229671,-162046

229671,-161682

229672,-159944

229672,-158670

229672,-158458

229672,-157984

229672,-159770

229672,-158720

229672,-158054

229672,-159536

229673,-158876

229673,-158238

229673,-158448

229679,-155880

229679,-156082

229679,-155324

229679,-156494

229679,-155978

229680,-154396

229680,-151422

229680,-151086

229680,-147132

229680,-146256

229680,-143456

229680,-141914

229680,-139648

229681,-139178

229681,-139134

229681,-138526

229687,-137008

229687,-135702

229687,-135998

229687,-136584

229687,-135398

229688,-138356

229688,-137054

229688,-137362

229688,-140806

229688,-139882

229688,-141000

229688,-143746

229688,-144430

229689,-144852

229689,-148480

229689,-149654

229695,-149190

229695,-152602

229695,-153732

229695,-152860

229695,-152666

229696,-155534

229696,-153694

229696,-154212

229696,-154836

229696,-156996

229696,-156166

229696,-156182

229696,-157266

229697,-156598

229697,-157426

229697,-158978

229703,-159904

229703,-158776

229703,-160932

229703,-162168

229703,-163530

229704,-165550

229704,-168110

229704,-169772

229704,-169510

229704,-171890

229704,-172310

229704,-171298

229704,-172544

229705,-170574

229705,-173198

229705,-174062

229711,-175220

229711,-172174

229711,-173208

229711,-174794

229711,-175958

229712,-179364

229712,-180720

229712,-181344

229712,-178010

229712,-179170

229712,-179490

229712,-181286

229712,-180562

229713,-181372

229713,-181198

229713,-181798

229719,-178626

229719,-177048

229719,-175744

229719,-176580

229719,-176948

229720,-176830

229720,-178322

229720,-175200

229720,-176144

229720,-174162

229720,-174456

229720,-176284

229720,-177078

229721,-176924

229721,-177584

229721,-177632

229727,-175166

229727,-174630

229727,-174110

229727,-170964

229727,-173038

229728,-172150

229728,-169136

229728,-167154

229728,-164210

229728,-163324

229728,-161318

229728,-161224

229728,-160512

229729,-158196

229729,-156838

229729,-153606

229735,-154196

229735,-152448

229735,-152064

229735,-152016

229735,-151754

229736,-150732

229736,-150062

229736,-147900

229736,-147576

229736,-144276

229736,-140120

229736,-138918

229736,-141238

229737,-140928

229737,-140844

229737,-140742

229743,-142732

229743,-144636

229743,-146366

229743,-146264

229743,-147712

229744,-146160

229744,-146756

229744,-148070

229744,-146764

229744,-146646

229744,-145370

229744,-142816

229744,-141304

229745,-139036

229745,-137134

229745,-136422

229751,-138760

229751,-137684

229751,-139052

229751,-138404

229751,-137152

229752,-137736

229752,-137306

229752,-138478

229752,-142448

229752,-143800

229752,-144006

229752,-146068

229752,-148150

229753,-147622

229753,-147130

229753,-145022

229759,-145578

229759,-146684

229759,-144298

229759,-143622

229759,-143404

229760,-142120

229760,-143116

229760,-144270

229760,-142150

229760,-142576

229760,-143248

229760,-144082

229760,-145452

229761,-144870

229761,-143414

229761,-144752

229767,-144796

229767,-145394

229767,-144544

229767,-143298

229767,-142674

229768,-141108

229768,-138716

229768,-137190

229768,-136188

229768,-133446

229768,-133350

229768,-134408

229768,-133064

229769,-135888

229769,-136654

229769,-138646

229775,-139880

229775,-138930

229775,-141598

229775,-142614

229775,-147666

229776,-151282

229776,-154280

229776,-155324

229776,-157084

229776,-156876

229776,-157454

229776,-158230

229776,-160734

229777,-162616

229777,-163460

229777,-164230

229783,-161952

229783,-159684

229783,-161478

229783,-162528

229783,-163908

229784,-166616

229784,-166414

229784,-167290

229784,-166976

229784,-167980

229784,-168160

229784,-165428

229784,-166634

229785,-166176

229785,-165046

229785,-166006

229791,-164336

229791,-165504

229791,-163622

229791,-163854

229791,-163068

229792,-162722

229792,-162986

229792,-163168

229792,-163954

229792,-164944

229792,-165744

229792,-164230

229792,-164906

229793,-164826

229793,-163004

229793,-161580

229799,-164822

229799,-165764

229799,-165658

229799,-165058

229799,-163868

229800,-162362

229800,-162640

229800,-159828

229800,-159222

229800,-157980

229800,-157272

229800,-157110

229800,-154892

229801,-153542

229801,-153936

229801,-151956

229807,-150674

229807,-148700

229807,-148764

229807,-145230

229807,-144746

229808,-140860

229808,-141488

229808,-139042

229808,-137504

229808,-137588

229808,-136824

229808,-137464

229808,-137164

229809,-135102

229809,-138346

229809,-136100

229815,-135404

229815,-135524

229815,-134294

229815,-134060

229815,-133570

229816,-132960

229816,-132036

229816,-131900

229816,-131814

229816,-131242

229816,-129576

229816,-126370

229816,-125676

229817,-129346

229817,-130766

229817,-131770

229823,-132586

229823,-131450

229823,-132310

229823,-130376

229823,-132122

229824,-132574

229824,-133220

229824,-134172

229824,-134670

229824,-134908

229824,-137516

229824,-136792

229824,-139736

229825,-138946

229825,-139598

229825,-142408

229831,-142758

229831,-143874

229831,-145940

229831,-149702

229831,-151046

229832,-150112

229832,-151460

229832,-151166

229832,-155480

229832,-155304

229832,-156538

229832,-157258

229832,-157510

229833,-158698

229833,-159810

229833,-158838

229839,-156760

229839,-158214

229839,-159706

229839,-158846

229839,-160194

229840,-160576

229840,-159036

229840,-159360

229840,-156440

229840,-157416

229840,-158100

229840,-156702

229840,-157974

229841,-158758

229841,-158828

229841,-157402

229847,-156964

229847,-159440

229847,-159194

229847,-156992

229847,-155504

229848,-154670

229848,-154868

229848,-155626

229848,-154058

229848,-152168

229848,-153398

229848,-153508

229848,-155070

229849,-154500

229849,-153874

229849,-154914

229855,-155128

229855,-154370

229855,-156322

229855,-157396

229855,-160644

229856,-160732

229856,-160066

229856,-162708

229856,-164402

229856,-165894

229856,-166358

229856,-166662

229856,-170610

229857,-171736

229857,-173120

229857,-174132

229863,-173244

229863,-174916

229863,-174696

229863,-174146

229863,-174906

229864,-173624

229864,-174052

229864,-175174

229864,-174556

229864,-174598

229864,-172238

229864,-170256

229864,-168470

229865,-168210

229865,-165000

229865,-164442

229871,-164934

229871,-164990

229871,-162230

229871,-160102

229871,-159848

229872,-159884

229872,-161528

229872,-161190

229872,-161896

229872,-162400

229872,-161886

229872,-162050

229872,-162468

229873,-164804

229873,-164168

229873,-167134

229879,-169386

229879,-166106

229879,-166926

229879,-167144

229879,-165852

229880,-165814

229880,-167354

229880,-166252

229880,-164942

229880,-162278

229880,-161010

229880,-158832

229880,-157712

229881,-157632

229881,-153972

229881,-150392

229887,-147526

229887,-144366

229887,-143366

229887,-139798

229887,-138352

229888,-134832

229888,-130698

229888,-125200

229888,-123120

229888,-121630

229888,-117548

229888,-116498

229888,-117026

229889,-115480

229889,-112476

229889,-111026

229895,-109840

229895,-108938

229895,-112458

229895,-112332

229895,-111112

229896,-111252

229896,-111026

229896,-111736

229896,-112318

229896,-112914

229896,-113728

229896,-110192

229896,-110164

229897,-108356

229897,-104706

229897,-106354

229903,-107336

229903,-107956

229903,-104814

229903,-106152

229903,-104328

229904,-103652

229904,-104916

229904,-104068

229904,-102936

229904,-103694

229904,-104808

229904,-103024

229904,-103716

229905,-104446

229905,-105098

229905,-106208

229911,-104834

229911,-106104

229911,-104628

229911,-103980

229911,-106088

229912,-106820

229912,-107860

229912,-108378

229912,-109530

229912,-111602

229912,-112594

229912,-112672

229912,-112006

229913,-111410

229913,-114384

229913,-113352

229919,-113506

229919,-115046

229919,-114096

229919,-114636

229919,-116504

229920,-115810

229920,-115642

229920,-116126

229920,-115470

229920,-114528

229920,-113716

229920,-115108

229920,-115518

229921,-112852

229921,-114650

229921,-114418

229927,-112514

229927,-112050

229927,-113918

229927,-114404

229927,-116354

229928,-114042

229928,-113164

229928,-112064

229928,-111574

229928,-110736

229928,-110016

229928,-110496

229928,-110204

229929,-108054

229929,-107898

229929,-105680

229935,-104476

229935,-104026

229935,-103070

229935,-100726

229935,-100446

229936,-99626

229936,-96026

229936,-95296

229936,-92056

229936,-91016

229936,-92576

229936,-90688

229936,-89182

229937,-88962

229937,-86570

229937,-86572

229943,-85888

229943,-84674

229943,-85104

229943,-83108

229943,-83406

229944,-83032

229944,-82410

229944,-82754

229944,-83462

229944,-84964

229944,-84300

229944,-82994

229944,-82014

229945,-81998

229945,-78830

229945,-79434

RAW_SUMMARY id=6 requested=6000 captured=6000 unused_capacity=0 max_pcm_abs=8332388 raw_mean=-81056.2 raw_abs_mean=560739.4 raw_min=-8322100 raw_max=8332388 baseline=0.7

OK RAW

