# run: clap_r2_msb_7
# firmware: role=analyzer git=1c743a2 version=0.4.0
# imported-from: clap_7.log (mtime 2026-10-09T12:10:04)
RAW_INFO mode=i2s output=csv

RAW_INFO row_size=12

RAW_BEGIN id=7 sr=2000 trigger_ms=411122 command_ms=411108 emit_seen=1 emit_start_ms=411122 emit_done_ms=411218 f=3200 dur=100 pre_ms=0 post_ms=3000 decim=8 pre_samples=0 post_samples=6000 mode=i2s output=csv fields=ms,pcm

ms,pcm

411124,-104063

411124,-103774

411124,-104326

411124,-104424

411124,-105260

411124,-121592

411124,-83649

411124,-136429

411125,-89715

411125,-120849

411125,-115727

411125,-101935

411125,-134305

411125,-102278

411125,-122315

411125,-125811

411129,-104981

411129,-143603

411129,-106459

411129,-134871

411129,-129987

411130,-116591

411130,-148326

411130,-116025

411130,-140530

411130,-139901

411130,-119502

411130,-158669

411130,-123717

411131,-148562

411131,-147195

411131,-130876

411137,-163733

411137,-137311

411137,-158819

411137,-159724

411137,-144178

411138,-177600

411138,-144653

411138,-170194

411138,-166127

411138,-151583

411138,-183159

411138,-152829

411138,-176014

411139,-178204

411139,-159537

411139,-197487

411145,-165525

411145,-190232

411145,-194019

411145,-175671

411145,-215349

411146,-180800

411146,-206601

411146,-208242

411146,-188471

411146,-225073

411146,-191840

411146,-216031

411146,-216488

411147,-196950

411147,-231998

411147,-200027

411153,-221316

411153,-222708

411153,-203196

411153,-238943

411153,-206976

411154,-228823

411154,-232747

411154,-212413

411154,-249580

411154,-216425

411154,-240067

411154,-242907

411154,-223379

411155,-259979

411155,-227240

411155,-251637

411161,-251355

411161,-233064

411161,-269470

411161,-235353

411161,-259048

411162,-260193

411162,-237840

411162,-275561

411162,-241829

411162,-262432

411162,-264648

411162,-242571

411162,-278423

411163,-246317

411163,-267380

411163,-267446

411169,-245614

411169,-281408

411169,-247655

411169,-268485

411169,-271048

411170,-249074

411170,-286098

411170,-251871

411170,-273090

411170,-275337

411170,-252497

411170,-290830

411170,-254482

411171,-278795

411171,-279035

411171,-258620

411177,-295185

411177,-261107

411177,-281485

411177,-283491

411177,-259995

411178,-299134

411178,-261661

411178,-285284

411178,-285190

411178,-262142

411178,-300478

411178,-262931

411178,-287537

411179,-288560

411179,-263810

411179,-302566

411185,-263436

411185,-289770

411185,-287832

411185,-265688

411185,-305701

411186,-264321

411186,-292632

411186,-289745

411186,-268212

411186,-305649

411186,-267613

411186,-292339

411186,-290864

411187,-268432

411187,-308944

411187,-269673

411193,-296426

411193,-294131

411193,-271594

411193,-312504

411193,-273183

411194,-298794

411194,-297880

411194,-276980

411194,-315896

411194,-276432

411194,-304054

411194,-301141

411194,-278508

411195,-317089

411195,-276455

411195,-303946

411201,-301632

411201,-279800

411201,-318896

411201,-279591

411201,-305617

411202,-303058

411202,-279655

411202,-319561

411202,-278826

411202,-305154

411202,-302178

411202,-278904

411202,-318693

411203,-279432

411203,-305966

411203,-302668

411209,-278335

411209,-316117

411209,-275834

411209,-300610

411209,-297503

411210,-272400

411210,-309401

411210,-268073

411210,-292035

411210,-289203

411210,-264171

411210,-301241

411210,-259659

411211,-284196

411211,-279384

411211,-254832

411217,-291500

411217,-252327

411217,-277074

411219,-273979

411219,-250998

411220,-287861

411220,-247899

411220,-272324

411220,-268990

411220,-246060

411220,-282449

411220,-254255

411220,-262899

411220,-248865

411221,-255375

411221,-254613

411225,-248526

411225,-246771

411225,-247824

411225,-239973

411225,-248052

411226,-239032

411226,-238213

411226,-235502

411226,-231534

411226,-233097

411226,-227288

411226,-228813

411226,-226547

411227,-219771

411227,-222848

411227,-214323

411233,-217122

411233,-213877

411233,-208386

411233,-212209

411233,-203221

411234,-205250

411234,-203350

411234,-196453

411234,-200981

411234,-192997

411234,-194513

411234,-193780

411234,-189399

411235,-193384

411235,-185586

411235,-188887

411241,-187555

411241,-183480

411241,-187752

411241,-181965

411241,-183860

411242,-183027

411242,-180991

411242,-183661

411242,-178849

411242,-179954

411242,-178074

411242,-174626

411242,-177599

411243,-171664

411243,-175228

411243,-172699

411249,-170696

411249,-172040

411249,-167337

411249,-169339

411249,-167091

411250,-162017

411250,-166499

411250,-157467

411250,-162433

411250,-158097

411250,-156377

411250,-159325

411250,-153815

411251,-156664

411251,-154986

411251,-151160

411257,-154996

411257,-149491

411257,-151834

411257,-151010

411257,-144541

411258,-150307

411258,-142187

411258,-143547

411258,-142437

411258,-137941

411258,-141132

411258,-135643

411258,-136956

411259,-134881

411259,-131202

411259,-135742

411265,-129141

411265,-133899

411265,-130749

411265,-129844

411265,-131938

411266,-127398

411266,-130072

411266,-129655

411266,-126955

411266,-132523

411266,-126834

411266,-130741

411266,-129329

411267,-126829

411267,-128787

411267,-126574

411273,-128076

411273,-125813

411273,-124767

411273,-125322

411273,-122444

411274,-123909

411274,-121274

411274,-121073

411274,-121447

411274,-119659

411274,-120176

411274,-117597

411274,-118439

411275,-116246

411275,-116711

411275,-116719

411281,-116292

411281,-115640

411281,-114630

411281,-114482

411281,-113226

411282,-112319

411282,-110400

411282,-109011

411282,-109598

411282,-106779

411282,-106316

411282,-104509

411282,-101702

411283,-100703

411283,-96711

411283,-96532

411289,-93791

411289,-92389

411289,-92736

411289,-89400

411289,-92526

411290,-89549

411290,-89018

411290,-89068

411290,-84610

411290,-85466

411290,-82999

411290,-81313

411290,-83281

411291,-78797

411291,-78384

411291,-75416

411297,-72738

411297,-71617

411297,-68692

411297,-69361

411297,-66689

411298,-64786

411298,-62302

411298,-59608

411298,-59015

411298,-55664

411298,-53832

411298,-51675

411298,-45534

411299,-44492

411299,-40945

411299,-37092

411305,-36625

411305,-32515

411305,-30006

411305,-27037

411305,-24167

411306,-24144

411306,-19863

411306,-19606

411306,-15519

411306,-13615

411306,-11470

411306,-8327

411306,-6008

411307,-3001

411307,-459

411307,959

411313,4583

411313,4990

411313,8392

411313,10808

411313,15015

411314,18729

411314,21807

411314,25590

411314,28908

411314,30780

411314,34310

411314,34668

411314,37266

411315,37488

411315,39436

411315,42828

411321,43654

411321,45787

411321,45508

411321,47230

411321,49983

411322,49594

411322,53592

411322,54342

411322,58399

411322,59210

411322,58668

411322,62348

411322,62688

411323,65384

411323,68002

411323,68402

411329,70538

411329,71708

411329,73313

411329,77165

411329,77597

411330,81239

411330,83502

411330,85768

411330,90005

411330,91119

411330,92633

411330,93910

411330,95475

411331,97725

411331,99745

411331,103090

411337,105350

411337,105757

411337,108519

411337,109190

411337,110712

411338,110743

411338,110902

411338,112236

411338,111922

411338,114100

411338,113560

411338,114750

411338,117180

411339,116763

411339,119214

411339,120423

411345,120787

411345,122254

411345,122397

411345,123831

411345,124790

411346,125759

411346,127095

411346,127169

411346,127387

411346,127544

411346,127994

411346,128685

411346,130597

411347,132695

411347,132054

411347,133531

411353,133980

411353,134310

411353,135628

411353,136305

411353,138013

411354,139810

411354,141541

411354,143047

411354,143588

411354,144302

411354,145350

411354,145730

411354,145407

411355,145996

411355,146634

411355,146213

411361,147304

411361,148051

411361,147419

411361,147932

411361,148085

411362,148432

411362,146673

411362,146420

411362,145321

411362,144621

411362,144113

411362,143095

411362,141575

411363,140822

411363,138826

411363,139517

411369,138684

411369,138100

411369,137959

411369,137225

411369,137907

411370,138919

411370,138696

411370,139842

411370,138937

411370,140215

411370,139548

411370,138608

411370,139607

411371,138997

411371,138642

411371,138077

411377,136512

411377,136961

411377,136420

411377,135830

411377,136375

411378,135405

411378,137158

411378,137464

411378,138607

411378,138529

411378,139371

411378,139755

411378,139484

411379,140673

411379,141423

411379,141709

411385,142109

411385,141038

411385,140475

411385,139352

411385,139593

411386,139794

411386,139236

411386,138823

411386,139022

411386,138103

411386,138114

411386,137975

411386,136853

411387,135596

411387,135721

411387,135435

411393,136548

411393,136518

411393,136394

411393,134680

411393,135653

411394,136182

411394,136683

411394,137509

411394,137667

411394,137697

411394,137889

411394,137881

411394,136988

411395,137066

411395,137037

411395,135590

411401,136186

411401,134960

411401,135081

411401,135378

411401,133948

411402,133941

411402,132883

411402,133069

411402,133340

411402,133641

411402,132550

411402,132861

411402,133119

411403,131613

411403,131158

411403,130711

411409,129255

411409,129097

411409,127510

411409,127331

411409,126226

411410,125723

411410,124643

411410,122249

411410,121839

411410,119569

411410,119252

411410,119201

411410,117190

411411,118377

411411,118255

411411,117466

411417,117806

411417,117418

411417,117906

411417,117547

411417,119127

411418,119546

411418,119221

411418,120042

411418,119873

411418,119809

411418,121858

411418,121891

411418,122843

411419,121793

411419,121331

411419,120977

411425,119874

411425,119492

411425,118590

411425,119159

411425,118514

411426,117266

411426,117282

411426,116237

411426,116313

411426,115119

411426,113288

411426,112720

411426,111383

411427,110823

411427,109944

411427,109377

411433,109057

411433,107756

411433,106509

411433,105776

411433,103837

411434,102271

411434,101020

411434,100556

411434,100842

411434,99282

411434,97598

411434,96305

411434,95276

411435,93889

411435,93019

411435,91434

411441,90629

411441,89935

411441,89385

411441,88784

411441,86390

411442,86274

411442,85439

411442,85987

411442,84753

411442,84632

411442,83520

411442,83352

411442,81845

411443,80611

411443,79614

411443,79099

411449,78155

411449,77056

411449,75483

411449,73752

411449,71919

411450,69440

411450,67105

411450,65989

411450,63479

411450,61784

411450,59462

411450,58786

411450,56521

411451,56318

411451,55350

411451,53494

411457,51674

411457,49301

411457,47193

411457,44307

411457,42611

411458,40930

411458,38595

411458,36719

411458,34401

411458,31995

411458,30077

411458,28708

411458,26401

411459,24450

411459,23619

411459,21587

411465,19961

411465,18918

411465,17797

411465,15684

411465,14545

411466,12224

411466,10264

411466,10339

411466,9090

411466,8374

411466,8359

411466,7096

411466,7803

411467,8180

411467,6956

411467,7284

411473,6755

411473,5896

411473,5402

411473,2942

411473,125

411474,-773

411474,-1746

411474,-3367

411474,-5454

411474,-7536

411474,-9284

411474,-11417

411474,-13753

411475,-16646

411475,-18727

411475,-20719

411481,-21510

411481,-24223

411481,-26243

411481,-28752

411481,-30454

411482,-33075

411482,-35230

411482,-37287

411482,-40950

411482,-42930

411482,-44149

411482,-46482

411482,-49926

411483,-50414

411483,-53180

411483,-54642

411489,-55673

411489,-56081

411489,-57482

411489,-57855

411489,-58030

411490,-58426

411490,-60854

411490,-60848

411490,-62016

411490,-64273

411490,-66715

411490,-68996

411490,-71031

411491,-71532

411491,-74656

411491,-76974

411497,-79363

411497,-81233

411497,-82872

411497,-83965

411497,-86128

411498,-87233

411498,-88123

411498,-90416

411498,-91807

411498,-93979

411498,-94321

411498,-96351

411498,-97884

411499,-100806

411499,-102607

411499,-104890

411505,-105572

411505,-106758

411505,-108972

411505,-110818

411505,-112572

411506,-114298

411506,-116239

411506,-118021

411506,-118811

411506,-119241

411506,-121628

411506,-123509

411506,-124423

411507,-124811

411507,-124589

411507,-125549

411513,-126739

411513,-126450

411513,-127069

411513,-127434

411513,-128529

411514,-127781

411514,-128108

411514,-128116

411514,-128314

411514,-129295

411514,-132085

411514,-133425

411514,-135716

411515,-135963

411515,-138059

411515,-138760

411521,-140561

411521,-141381

411521,-141840

411521,-142241

411521,-143864

411522,-144764

411522,-147485

411522,-149410

411522,-149643

411522,-151009

411522,-153133

411522,-155001

411522,-155574

411523,-157448

411523,-158752

411523,-160562

411529,-161434

411529,-163219

411529,-166944

411529,-169457

411529,-171348

411530,-173922

411530,-175524

411530,-177690

411530,-180271

411530,-183548

411530,-186363

411530,-189777

411530,-192507

411531,-194384

411531,-197021

411531,-197974

411537,-198767

411537,-199832

411537,-202534

411537,-203995

411537,-206672

411538,-208642

411538,-211120

411538,-213188

411538,-215300

411538,-217340

411538,-219009

411538,-221146

411538,-223702

411539,-225627

411539,-226135

411539,-229381

411545,-231255

411545,-233663

411545,-235471

411545,-237012

411545,-239615

411546,-240227

411546,-241309

411546,-243533

411546,-244376

411546,-246849

411546,-249278

411546,-251288

411546,-252444

411547,-253314

411547,-255140

411547,-255324

411553,-257123

411553,-257213

411553,-259158

411553,-259982

411553,-262723

411554,-263476

411554,-265039

411554,-267566

411554,-269277

411554,-269729

411554,-272067

411554,-272526

411554,-273100

411555,-273778

411555,-275059

411555,-276095

411561,-278569

411561,-280320

411561,-280024

411561,-283058

411561,-284430

411562,-284221

411562,-284857

411562,-286639

411562,-287384

411562,-288715

411562,-291396

411562,-293024

411562,-293667

411563,-295927

411563,-296422

411563,-297933

411569,-299008

411569,-301483

411569,-302858

411569,-302261

411569,-303529

411570,-305403

411570,-305408

411570,-306264

411570,-305809

411570,-305888

411570,-306315

411570,-306922

411570,-307329

411571,-307916

411571,-307988

411571,-308165

411577,-306883

411577,-307512

411577,-306456

411577,-306217

411577,-305873

411578,-306006

411578,-305528

411578,-304445

411578,-303750

411578,-302468

411578,-301353

411578,-301190

411578,-299988

411579,-298400

411579,-297746

411579,-296799

411585,-296172

411585,-296728

411585,-296086

411585,-295140

411585,-294344

411586,-294916

411586,-294572

411586,-295191

411586,-294069

411586,-294012

411586,-292993

411586,-293107

411586,-293140

411587,-292775

411587,-290660

411587,-288867

411593,-287675

411593,-286232

411593,-286084

411593,-284478

411593,-282969

411594,-281930

411594,-280735

411594,-280334

411594,-279389

411594,-277642

411594,-276760

411594,-275491

411594,-274235

411595,-272924

411595,-272909

411595,-271323

411601,-271243

411601,-269842

411601,-269358

411601,-267485

411601,-267071

411602,-265435

411602,-264584

411602,-263801

411602,-264615

411602,-263651

411602,-263368

411602,-263308

411602,-262567

411603,-262031

411603,-261612

411603,-261748

411609,-260857

411609,-260203

411609,-259904

411609,-259216

411609,-258855

411610,-256542

411610,-256874

411610,-256997

411610,-255650

411610,-254967

411610,-252402

411610,-252902

411610,-252188

411611,-252334

411611,-251904

411611,-252225

411617,-252572

411617,-252704

411617,-252595

411617,-253115

411617,-251462

411618,-252052

411618,-251017

411618,-251287

411618,-250951

411618,-250101

411618,-249166

411618,-247853

411618,-246901

411619,-246029

411619,-244121

411619,-243991

411625,-243969

411625,-243397

411625,-242008

411625,-241830

411625,-241950

411626,-240756

411626,-240020

411626,-238709

411626,-237682

411626,-236592

411626,-234572

411626,-234760

411626,-231621

411627,-232056

411627,-229402

411627,-228844

411633,-226821

411633,-224513

411633,-222740

411633,-221922

411633,-220419

411634,-220837

411634,-220905

411634,-216936

411634,-218640

411634,-216624

411634,-216213

411634,-214960

411634,-214852

411635,-213987

411635,-211950

411635,-213112

411641,-205317

411641,-203969

411641,-198745

411641,-253631

411641,-246300

411642,-253297

411642,-243832

411642,-127018

411642,-117822

411642,-164742

411642,-147201

411642,-177109

411642,-211864

411643,-240481

411643,-269582

411643,-192599

411649,-240039

411649,-194027

411649,-169740

411649,-91917

411649,-160688

411650,-182756

411650,-160415

411650,-181678

411650,-165296

411650,-175422

411650,-193571

411650,-199825

411650,-188493

411651,-180841

411651,-161880

411651,-155566

411657,-153831

411657,-179813

411657,-161858

411657,-152282

411657,-126562

411658,-146392

411658,-131505

411658,-140514

411658,-147824

411658,-148121

411658,-140702

411658,-120811

411658,-126369

411659,-107786

411659,-115873

411659,-111367

411665,-112030

411665,-95779

411665,-105738

411665,-111346

411665,-103641

411666,-114041

411666,-109167

411666,-84954

411666,-79826

411666,-80771

411666,-89127

411666,-92272

411666,-92882

411667,-78714

411667,-80101

411667,-68966

411673,-79478

411673,-60487

411673,-64534

411673,-57507

411673,-62550

411674,-59373

411674,-40997

411674,-38450

411674,-48218

411674,-56715

411674,-55537

411674,-29586

411674,-39932

411675,-34419

411675,-33781

411675,-35391

411681,-36213

411681,-31118

411681,-38873

411681,-49187

411681,-57742

411682,-41499

411682,-46642

411682,-32093

411682,-24777

411682,-32762

411682,-32065

411682,-22416

411682,-31271

411683,-37121

411683,-35027

411683,-19302

411689,-9938

411689,-6723

411689,-13778

411689,-21193

411689,-26091

411690,-20976

411690,-13634

411690,-19263

411690,-26358

411690,-21957

411690,-14931

411690,-14008

411690,-17705

411691,-9293

411691,-4845

411691,-1739

411697,1970

411697,188

411697,-3794

411697,-14894

411697,-7996

411698,869

411698,1546

411698,-949

411698,16595

411698,12655

411698,8604

411698,13295

411698,19472

411699,16310

411699,21988

411699,18115

411705,23764

411705,19936

411705,22998

411705,27359

411705,17042

411706,24429

411706,19455

411706,27859

411706,37197

411706,35189

411706,38622

411706,45575

411706,48028

411707,39700

411707,49478

411707,56057

411713,53483

411713,56908

411713,59880

411713,58671

411713,58686

411714,59299

411714,58525

411714,57590

411714,51455

411714,54042

411714,59356

411714,61476

411714,56369

411715,54879

411715,55162

411715,58271

411721,65781

411721,72750

411721,73673

411721,69022

411721,74015

411722,75255

411722,70983

411722,74199

411722,84848

411722,74745

411722,79992

411722,82202

411722,83300

411723,80262

411723,73963

411723,84862

411729,71359

411729,85580

411729,84725

411729,90454

411729,93401

411730,95271

411730,99514

411730,100446

411730,100546

411730,103940

411730,98148

411730,102993

411730,105130

411731,110096

411731,109322

411731,118622

411737,116624

411737,123100

411737,122440

411737,123959

411737,121254

411738,119558

411738,123583

411738,121502

411738,124924

411738,131749

411738,137619

411738,139392

411738,142056

411739,141623

411739,143336

411739,145059

411745,145523

411745,146499

411745,148435

411745,150509

411745,151825

411746,152718

411746,152173

411746,155467

411746,160039

411746,161751

411746,162531

411746,161332

411746,159870

411747,160027

411747,166102

411747,166781

411753,164621

411753,166137

411753,166932

411753,163965

411753,168979

411754,163573

411754,169639

411754,169362

411754,171163

411754,168183

411754,171241

411754,168955

411754,171070

411755,173219

411755,169307

411755,171987

411761,174664

411761,180210

411761,180779

411761,180544

411761,180820

411762,181928

411762,181504

411762,177758

411762,179224

411762,181851

411762,180316

411762,178199

411762,181130

411763,182462

411763,188946

411763,188347

411769,189168

411769,190318

411769,187082

411769,184676

411769,182333

411770,181756

411770,179914

411770,179159

411770,177636

411770,175019

411770,178739

411770,180826

411770,180922

411771,182575

411771,180157

411771,178315

411777,179445

411777,178538

411777,174269

411777,178253

411777,175846

411778,181027

411778,179369

411778,176407

411778,178386

411778,177074

411778,177978

411778,179989

411778,180541

411779,180692

411779,184990

411779,184510

411785,184585

411785,183834

411785,180738

411785,180455

411785,180509

411786,181098

411786,181998

411786,183095

411786,182045

411786,182748

411786,183443

411786,180429

411786,178993

411787,182153

411787,184585

411787,187868

411793,187347

411793,188283

411793,190796

411793,194690

411793,194593

411794,194210

411794,196788

411794,198272

411794,194986

411794,194853

411794,194298

411794,194225

411794,194417

411795,193883

411795,195618

411795,193049

411801,195776

411801,193774

411801,193548

411801,193925

411801,191754

411802,194530

411802,195194

411802,195762

411802,194894

411802,194477

411802,191600

411802,191481

411802,191444

411803,190371

411803,190695

411803,190669

411809,191689

411809,191389

411809,191417

411809,191866

411809,191364

411810,190914

411810,189187

411810,188092

411810,190012

411810,189441

411810,187220

411810,189738

411810,188046

411811,189667

411811,189501

411811,187584

411817,188727

411817,186891

411817,185432

411817,186179

411817,185753

411818,184956

411818,183595

411818,181727

411818,181177

411818,180431

411818,180808

411818,181254

411818,181336

411819,179155

411819,178866

411819,178938

411825,176501

411825,176417

411825,175272

411825,176015

411825,175144

411826,173461

411826,171127

411826,171140

411826,169644

411826,168320

411826,167167

411826,166106

411826,164544

411827,163202

411827,161034

411827,160134

411833,157576

411833,156739

411833,156955

411833,158160

411833,157526

411834,156185

411834,154588

411834,155514

411834,155382

411834,154880

411834,153907

411834,152767

411834,150932

411835,149627

411835,147526

411835,146958

411841,146876

411841,146999

411841,147543

411841,148232

411841,146036

411842,146623

411842,147035

411842,146272

411842,145560

411842,146043

411842,145646

411842,143342

411842,142342

411843,140909

411843,138530

411843,136004

411849,133093

411849,132522

411849,130123

411849,128005

411849,124948

411850,123598

411850,123214

411850,123986

411850,122619

411850,119642

411850,118754

411850,116760

411850,115847

411851,114180

411851,112943

411851,112482

411857,111409

411857,111364

411857,109401

411857,108632

411857,109358

411858,109357

411858,108205

411858,108452

411858,108132

411858,106864

411858,106204

411858,106240

411858,108596

411859,109730

411859,108700

411859,109766

411865,110909

411865,112123

411865,110865

411865,111432

411865,112047

411866,113235

411866,113851

411866,115426

411866,116528

411866,116730

411866,116923

411866,118512

411866,117850

411867,118554

411867,118006

411867,117301

411873,117379

411873,116659

411873,117670

411873,117476

411873,117788

411874,117851

411874,118325

411874,118598

411874,120130

411874,120678

411874,120439

411874,120747

411874,120425

411875,120239

411875,119268

411875,119077

411881,119419

411881,120642

411881,120821

411881,121121

411881,121511

411882,121482

411882,121510

411882,123227

411882,123052

411882,124206

411882,124714

411882,125655

411882,126260

411883,126655

411883,126642

411883,127833

411889,127613

411889,127084

411889,126959

411889,127153

411889,127371

411890,126184

411890,126367

411890,126750

411890,125738

411890,126512

411890,125836

411890,124454

411890,126376

411891,126667

411891,126080

411891,126921

411897,124760

411897,124406

411897,123294

411897,123079

411897,123636

411898,122637

411898,121862

411898,120684

411898,119488

411898,118282

411898,117456

411898,118412

411898,117487

411899,118324

411899,116668

411899,117227

411905,116057

411905,115891

411905,115134

411905,114539

411905,113367

411906,113389

411906,112409

411906,110889

411906,110892

411906,110420

411906,109757

411906,109627

411906,109543

411907,108773

411907,108274

411907,107499

411913,106983

411913,107977

411913,108680

411913,108135

411913,108630

411914,109253

411914,110455

411914,111428

411914,112440

411914,111562

411914,112872

411914,114778

411914,116360

411915,116845

411915,117120

411915,117195

411921,116761

411921,116612

411921,116687

411921,117174

411921,117610

411922,118929

411922,118682

411922,120273

411922,120907

411922,122087

411922,122358

411922,122905

411922,125062

411923,125458

411923,126363

411923,126541

411929,128503

411929,127867

411929,129439

411929,128607

411929,130455

411930,131229

411930,132403

411930,133092

411930,133985

411930,134520

411930,133798

411930,135318

411930,135890

411931,136871

411931,139161

411931,139298

411937,141147

411937,141074

411937,141939

411937,142413

411937,142616

411938,143365

411938,143218

411938,142097

411938,142654

411938,142292

411938,142740

411938,141507

411938,141470

411939,140919

411939,139780

411939,140800

411945,141277

411945,140009

411945,140511

411945,138979

411945,137826

411946,138208

411946,138131

411946,137057

411946,137661

411946,136830

411946,138054

411946,138537

411946,138046

411947,137097

411947,137721

411947,136819

411953,137108

411953,136277

411953,136775

411953,136464

411953,136105

411954,135072

411954,134317

411954,134726

411954,133722

411954,132584

411954,131264

411954,130714

411954,130691

411955,128698

411955,128835

411955,128997

411961,128381

411961,128058

411961,126427

411961,126455

411961,125761

411962,125532

411962,124721

411962,125696

411962,124859

411962,125965

411962,125075

411962,124772

411962,124316

411963,123474

411963,123964

411963,125024

411969,125841

411969,125922

411969,125680

411969,126057

411969,126925

411970,126633

411970,126433

411970,127066

411970,127336

411970,127270

411970,128840

411970,129590

411970,130304

411971,130581

411971,130746

411971,130276

411977,130307

411977,130416

411977,129894

411977,130538

411977,129968

411978,130016

411978,130590

411978,131458

411978,130948

411978,130754

411978,130603

411978,131140

411978,130728

411979,131355

411979,130781

411979,132011

411985,131319

411985,131477

411985,130864

411985,130910

411985,130399

411986,129744

411986,129273

411986,128331

411986,128438

411986,127474

411986,126766

411986,126667

411986,125642

411987,126200

411987,124397

411987,125425

411993,125035

411993,124967

411993,124726

411993,124415

411993,124293

411994,124956

411994,124285

411994,122374

411994,122872

411994,122177

411994,121545

411994,121461

411994,121326

411995,120266

411995,120389

411995,120121

412001,121806

412001,122317

412001,122413

412001,121878

412001,121892

412002,122780

412002,124074

412002,125325

412002,126766

412002,127041

412002,127869

412002,127300

412002,128135

412003,126543

412003,127184

412003,127358

412009,128466

412009,128824

412009,128417

412009,128417

412009,127856

412010,127810

412010,127814

412010,127375

412010,126832

412010,126148

412010,125438

412010,126147

412010,125535

412011,125811

412011,124551

412011,124138

412017,123502

412017,122857

412017,122017

412017,122918

412017,122738

412018,122645

412018,123686

412018,123445

412018,124246

412018,124132

412018,124451

412018,124794

412018,127193

412019,127609

412019,129656

412019,130117

412025,130720

412025,131228

412025,131847

412025,131792

412025,132728

412026,132966

412026,133687

412026,133578

412026,134549

412026,135116

412026,134860

412026,137120

412026,137082

412027,136789

412027,136740

412027,136426

412033,136005

412033,134878

412033,134813

412033,134466

412033,135442

412034,134871

412034,134521

412034,133768

412034,132780

412034,132738

412034,131320

412034,131108

412034,131094

412035,131881

412035,132348

412035,131665

412041,132948

412041,132977

412041,132724

412041,132878

412041,131400

412042,131769

412042,130601

412042,130903

412042,131543

412042,130889

412042,130171

412042,129682

412042,128513

412043,128056

412043,126520

412043,126945

412049,126732

412049,127486

412049,127639

412049,128215

412049,126158

412050,126831

412050,127515

412050,126850

412050,127217

412050,126363

412050,125860

412050,124889

412050,124443

412051,125330

412051,123684

412051,122859

412057,121628

412057,120968

412057,120204

412057,119360

412057,118144

412058,116927

412058,117182

412058,117149

412058,115449

412058,114046

412058,114057

412058,113071

412058,112395

412059,111141

412059,110476

412059,110058

412065,108565

412065,107335

412065,105753

412065,104371

412065,101793

412066,101498

412066,100647

412066,99989

412066,98812

412066,97116

412066,97507

412066,96583

412066,95537

412067,94842

412067,93851

412067,94485

412073,94257

412073,94768

412073,94094

412073,94771

412073,94557

412074,94336

412074,94799

412074,93255

412074,94112

412074,92756

412074,91885

412074,91391

412074,91875

412075,91562

412075,91178

412075,91110

412081,92043

412081,92310

412081,93892

412081,94193

412081,93401

412082,93629

412082,93766

412082,94293

412082,94056

412082,93852

412082,94619

412082,94413

412082,94089

412083,93396

412083,93258

412083,93421

412089,93834

412089,95078

412089,95316

412089,95893

412089,95538

412090,95769

412090,96777

412090,97919

412090,97675

412090,97852

412090,97296

412090,97365

412090,98373

412091,98021

412091,98243

412091,97848

412097,97627

412097,98477

412097,98187

412097,98856

412097,98344

412098,98221

412098,99570

412098,99614

412098,99650

412098,99894

412098,99141

412098,99733

412098,98766

412099,98365

412099,98424

412099,97673

412105,97365

412105,96836

412105,96198

412105,94783

412105,94558

412106,94382

412106,93693

412106,93382

412106,93480

412106,93779

412106,93365

412106,92545

412106,91979

412107,91351

412107,89282

412107,87673

412113,86449

412113,85751

412113,84078

412113,82984

412113,81092

412114,79179

412114,79030

412114,76615

412114,74539

412114,73953

412114,71312

412114,68894

412114,68226

412115,66104

412115,64397

412115,62736

412121,62927

412121,62309

412121,60654

412121,59669

412121,58108

412122,56551

412122,55443

412122,54776

412122,53506

412122,52779

412122,51614

412122,50484

412122,49810

412123,49469

412123,48669

412123,49175

412129,48914

412129,48700

412129,48579

412129,49488

412129,49554

412130,49948

412130,49264

412130,50332

412130,49050

412130,47372

412130,47004

412130,47156

412130,47066

412131,47000

412131,46856

412131,45594

412137,43610

412137,43273

412137,42022

412137,40951

412137,41074

412138,40468

412138,39746

412138,40509

412138,40059

412138,39483

412138,39954

412138,39916

412138,38653

412139,39319

412139,37953

412139,36694

412145,35725

412145,36547

412145,35812

412145,35509

412145,34318

412146,34094

412146,33785

412146,34650

412146,34105

412146,33382

412146,34137

412146,35359

412146,34930

412147,35938

412147,35347

412147,35052

412153,33593

412153,33445

412153,32692

412153,31491

412153,31726

412154,31577

412154,30581

412154,30446

412154,29983

412154,28545

412154,26968

412154,27643

412154,26616

412155,26484

412155,26658

412155,25942

412161,26528

412161,26675

412161,26550

412161,26659

412161,25833

412162,24179

412162,24470

412162,24147

412162,24680

412162,22392

412162,21305

412162,20933

412162,20471

412163,20081

412163,20097

412163,18380

412169,18145

412169,18379

412169,17313

412169,16398

412169,16284

412170,16152

412170,15400

412170,15638

412170,16191

412170,16475

412170,15366

412170,15802

412170,15309

412171,13236

412171,13265

412171,12695

412177,11982

412177,12381

412177,11860

412177,11954

412177,12540

412178,12433

412178,13095

412178,13078

412178,14064

412178,15269

412178,15557

412178,15173

412178,16155

412179,17349

412179,18340

412179,19107

412185,19749

412185,19380

412185,19309

412185,19072

412185,19705

412186,19963

412186,20582

412186,20647

412186,21498

412186,21226

412186,21671

412186,21870

412186,22151

412187,21559

412187,22909

412187,23135

412193,23174

412193,23608

412193,25056

412193,25604

412193,26649

412194,26841

412194,26385

412194,26324

412194,26653

412194,27117

412194,26448

412194,26910

412194,26579

412195,26202

412195,26148

412195,26431

412201,26007

412201,27059

412201,25772

412201,26193

412201,27249

412202,27445

412202,27742

412202,27633

412202,28362

412202,27923

412202,27936

412202,27501

412202,28525

412203,27871

412203,28138

412203,27914

412209,28172

412209,26710

412209,26835

412209,26149

412209,26412

412210,24966

412210,24415

412210,24427

412210,24189

412210,23552

412210,23937

412210,23620

412210,23404

412211,23863

412211,23526

412211,23362

412217,22832

412217,22319

412217,22911

412217,22389

412217,21701

412218,21788

412218,20505

412218,19495

412218,18228

412218,16734

412218,16519

412218,16019

412218,14694

412219,14282

412219,12988

412219,12061

412225,11776

412225,11579

412225,10990

412225,10703

412225,10067

412226,9536

412226,8681

412226,8092

412226,7382

412226,6720

412226,5657

412226,6584

412226,6243

412227,6051

412227,6396

412227,6475

412233,6590

412233,6692

412233,7523

412233,9175

412233,8950

412234,9564

412234,10279

412234,10037

412234,11953

412234,11337

412234,11753

412234,12996

412234,12316

412235,11925

412235,12000

412235,11627

412241,11566

412241,12609

412241,12505

412241,13257

412241,13105

412242,12761

412242,13633

412242,12563

412242,13449

412242,12672

412242,11958

412242,11764

412242,11715

412243,10908

412243,10246

412243,9746

412249,10568

412249,11023

412249,10689

412249,11029

412249,11344

412250,11497

412250,12157

412250,13911

412250,14445

412250,15306

412250,16304

412250,17555

412250,17859

412251,17943

412251,17772

412251,17056

412257,16711

412257,17557

412257,16953

412257,15685

412257,16173

412258,15102

412258,14603

412258,13499

412258,12503

412258,12345

412258,11024

412258,10388

412258,10507

412259,10827

412259,9771

412259,9739

412265,7294

412265,6466

412265,4461

412265,3956

412265,4453

412266,2576

412266,2451

412266,2308

412266,2448

412266,1763

412266,1588

412266,1037

412266,67

412267,-1304

412267,-1847

412267,-2941

412273,-4183

412273,-5454

412273,-6209

412273,-8410

412273,-8622

412274,-9731

412274,-10447

412274,-12063

412274,-12805

412274,-13649

412274,-13440

412274,-14184

412274,-14749

412275,-15372

412275,-16304

412275,-18500

412281,-18822

412281,-19846

412281,-21202

412281,-21735

412281,-23731

412282,-23765

412282,-25137

412282,-24594

412282,-24160

412282,-24198

412282,-24419

412282,-24413

412282,-24459

412283,-24558

412283,-24448

412283,-23016

412289,-23263

412289,-21748

412289,-22246

412289,-21833

412289,-22250

412290,-21949

412290,-22058

412290,-21397

412290,-21467

412290,-21879

412290,-21002

412290,-20610

412290,-18771

412291,-18542

412291,-18171

412291,-16514

412297,-15962

412297,-15864

412297,-15982

412297,-16093

412297,-16257

412298,-14533

412298,-14414

412298,-13525

412298,-13700

412298,-14101

412298,-13525

412298,-13859

412298,-13317

412299,-11704

412299,-11064

412299,-10345

412305,-9082

412305,-8176

412305,-8319

412305,-8275

412305,-7840

412306,-8281

412306,-9019

412306,-8098

412306,-8949

412306,-9224

412306,-9694

412306,-11184

412306,-11731

412307,-11719

412307,-11046

412307,-9969

412313,-9578

412313,-10228

412313,-9787

412313,-9643

412313,-9015

412314,-9324

412314,-8914

412314,-8921

412314,-8965

412314,-9254

412314,-10609

412314,-11649

412314,-11655

412315,-11795

412315,-11591

412315,-11876

412321,-12989

412321,-12458

412321,-11860

412321,-12731

412321,-12155

412322,-12574

412322,-12545

412322,-13583

412322,-12600

412322,-13316

412322,-14423

412322,-13814

412322,-14076

412323,-15450

412323,-15583

412323,-16483

412329,-15593

412329,-16061

412329,-15541

412329,-15230

412329,-15345

412330,-15532

412330,-16045

412330,-16081

412330,-15042

412330,-14872

412330,-15058

412330,-14887

412330,-16588

412331,-17873

412331,-18806

412331,-18783

412337,-19486

412337,-20286

412337,-20191

412337,-20338

412337,-20259

412338,-21638

412338,-21790

412338,-21559

412338,-22928

412338,-22481

412338,-22828

412338,-24750

412338,-25318

412339,-26696

412339,-26703

412339,-28228

412345,-29943

412345,-30655

412345,-31880

412345,-32761

412345,-33421

412346,-34290

412346,-33797

412346,-33820

412346,-34105

412346,-34372

412346,-35111

412346,-35792

412346,-35301

412347,-35825

412347,-36498

412347,-37800

412353,-38726

412353,-39345

412353,-40738

412353,-41445

412353,-41679

412354,-41667

412354,-41296

412354,-41431

412354,-42286

412354,-43084

412354,-43683

412354,-43793

412354,-45504

412355,-45266

412355,-45483

412355,-45581

412361,-46599

412361,-47250

412361,-48326

412361,-48680

412361,-49169

412362,-50743

412362,-50867

412362,-50894

412362,-50356

412362,-49749

412362,-48536

412362,-47666

412362,-47568

412363,-48385

412363,-47540

412363,-47242

412369,-45969

412369,-45691

412369,-46976

412369,-45234

412369,-45584

412370,-45900

412370,-45757

412370,-45474

412370,-45330

412370,-45252

412370,-45202

412370,-44620

412370,-43599

412371,-42936

412371,-42690

412371,-41602

412377,-42989

412377,-42412

412377,-42230

412377,-42512

412377,-43887

412378,-42635

412378,-43654

412378,-43565

412378,-44651

412378,-44722

412378,-44520

412378,-44114

412378,-44688

412379,-45171

412379,-44332

412379,-44176

412385,-45048

412385,-45336

412385,-46763

412385,-46578

412385,-46979

412386,-48018

412386,-48602

412386,-48583

412386,-49149

412386,-49842

412386,-49407

412386,-48963

412386,-49420

412387,-49222

412387,-49067

412387,-47494

412393,-48095

412393,-48060

412393,-48889

412393,-49394

412393,-47308

412394,-47313

412394,-47016

412394,-46222

412394,-47265

412394,-46390

412394,-45807

412394,-45554

412394,-44803

412395,-43444

412395,-42877

412395,-41883

412401,-42132

412401,-42208

412401,-41585

412401,-41246

412401,-40795

412402,-39868

412402,-40121

412402,-39987

412402,-39479

412402,-38737

412402,-37681

412402,-37815

412402,-37986

412403,-36569

412403,-37198

412403,-36576

412409,-36998

412409,-35616

412409,-35106

412409,-34887

412409,-33762

412410,-33863

412410,-33466

412410,-33229

412410,-32322

412410,-31824

412410,-31702

412410,-31498

412410,-31552

412411,-29821

412411,-28682

412411,-28031

412417,-27400

412417,-26742

412417,-26501

412417,-26711

412417,-26942

412418,-26538

412418,-26434

412418,-26084

412418,-25554

412418,-25461

412418,-25579

412418,-25673

412418,-24941

412419,-25917

412419,-26489

412419,-25897

412425,-25787

412425,-25876

412425,-26930

412425,-27232

412425,-27436

412426,-28160

412426,-29019

412426,-29344

412426,-29682

412426,-29850

412426,-30815

412426,-30935

412426,-31578

412427,-31880

412427,-31889

412427,-31953

412433,-32825

412433,-33356

412433,-33895

412433,-34545

412433,-34433

412434,-34550

412434,-34821

412434,-35750

412434,-36239

412434,-37769

412434,-36887

412434,-35990

412434,-35570

412435,-36027

412435,-36545

412435,-36287

412441,-36275

412441,-36427

412441,-36634

412441,-36902

412441,-36905

412442,-36994

412442,-38270

412442,-38607

412442,-39821

412442,-40060

412442,-40732

412442,-41486

412442,-41990

412443,-42228

412443,-42984

412443,-42550

412449,-41389

412449,-42178

412449,-41221

412449,-39531

412449,-39636

412450,-39797

412450,-39077

412450,-38314

412450,-38398

412450,-37624

412450,-38860

412450,-37522

412450,-37595

412451,-37830

412451,-38369

412451,-38077

412457,-36477

412457,-35742

412457,-35286

412457,-35165

412457,-33811

412458,-33621

412458,-32638

412458,-32882

412458,-31324

412458,-32451

412458,-33374

412458,-32596

412458,-33564

412459,-34228

412459,-33313

412459,-33467

412465,-33201

412465,-32364

412465,-32485

412465,-33559

412465,-35022

412466,-34471

412466,-35736

412466,-34117

412466,-33647

412466,-33824

412466,-35610

412466,-35410

412466,-35742

412467,-36357

412467,-36505

412467,-36574

412473,-37215

412473,-38460

412473,-37623

412473,-37795

412473,-37032

412474,-38144

412474,-37510

412474,-38355

412474,-39015

412474,-39163

412474,-39455

412474,-39685

412474,-39296

412475,-40256

412475,-41283

412475,-42110

412481,-42683

412481,-45033

412481,-44440

412481,-46052

412481,-46597

412482,-46747

412482,-46411

412482,-49146

412482,-50026

412482,-50606

412482,-50529

412482,-52535

412482,-52959

412483,-54574

412483,-55936

412483,-56484

412489,-57126

412489,-58455

412489,-60143

412489,-60159

412489,-60771

412490,-60884

412490,-61517

412490,-63588

412490,-63674

412490,-63268

412490,-63833

412490,-63320

412490,-62346

412491,-61782

412491,-63197

412491,-62990

412497,-63434

412497,-64014

412497,-64481

412497,-64299

412497,-64673

412498,-66212

412498,-66056

412498,-67287

412498,-66439

412498,-66931

412498,-67607

412498,-68448

412498,-68135

412499,-67422

412499,-68161

412499,-67076

412505,-67922

412505,-67282

412505,-66569

412505,-67626

412505,-67127

412506,-67654

412506,-68433

412506,-68621

412506,-67870

412506,-68130

412506,-69859

412506,-69460

412506,-70745

412507,-69928

412507,-70020

412507,-70187

412513,-71204

412513,-69954

412513,-69349

412513,-69126

412513,-69455

412514,-68877

412514,-67991

412514,-68395

412514,-68876

412514,-69804

412514,-70740

412514,-71286

412514,-70013

412515,-70175

412515,-69158

412515,-69076

412521,-69230

412521,-68764

412521,-68796

412521,-67887

412521,-67693

412522,-68001

412522,-67314

412522,-65703

412522,-63816

412522,-62240

412522,-62700

412522,-62495

412522,-61257

412523,-60373

412523,-60853

412523,-60340

412529,-60570

412529,-60069

412529,-59700

412529,-60184

412529,-59055

412530,-58995

412530,-58447

412530,-57506

412530,-56717

412530,-56080

412530,-56265

412530,-56175

412530,-54890

412531,-53887

412531,-52604

412531,-52342

412537,-53229

412537,-53258

412537,-53736

412537,-52533

412537,-52650

412538,-51518

412538,-50027

412538,-49996

412538,-48818

412538,-47284

412538,-45832

412538,-44101

412538,-43546

412539,-43318

412539,-44096

412539,-41846

412545,-40497

412545,-39280

412545,-37103

412545,-37542

412545,-36639

412546,-36304

412546,-34371

412546,-34253

412546,-35253

412546,-34143

412546,-34372

412546,-34196

412546,-33860

412547,-33066

412547,-32496

412547,-32803

412553,-31556

412553,-30994

412553,-30604

412553,-29306

412553,-28164

412554,-26073

412554,-26873

412554,-27357

412554,-28857

412554,-28630

412554,-28823

412554,-29493

412554,-29169

412555,-30285

412555,-30408

412555,-31609

412561,-33581

412561,-32648

412561,-32406

412561,-33031

412561,-31764

412562,-32590

412562,-31645

412562,-30675

412562,-28525

412562,-28493

412562,-28572

412562,-26513

412562,-27853

412563,-29982

412563,-30935

412563,-31149

412569,-32135

412569,-34038

412569,-35483

412569,-37739

412569,-38541

412570,-38915

412570,-39648

412570,-38900

412570,-39734

412570,-40075

412570,-41161

412570,-41027

412570,-39886

412571,-39379

412571,-38684

412571,-38358

412577,-39064

412577,-39675

412577,-40492

412577,-41779

412577,-42311

412578,-41984

412578,-40697

412578,-40980

412578,-43238

412578,-42927

412578,-41325

412578,-39367

412578,-38360

412579,-38131

412579,-39727

412579,-40815

412585,-40172

412585,-38881

412585,-38420

412585,-36854

412585,-37562

412586,-38255

412586,-40623

412586,-40236

412586,-40444

412586,-39893

412586,-41478

412586,-41513

412586,-41824

412587,-41865

412587,-40825

412587,-40411

412593,-41647

412593,-41498

412593,-42720

412593,-42577

412593,-44643

412594,-46134

412594,-46728

412594,-46517

412594,-45309

412594,-46564

412594,-48582

412594,-50711

412594,-51882

412595,-52507

412595,-53426

412595,-55247

412601,-54968

412601,-55424

412601,-55866

412601,-55876

412601,-55245

412602,-56162

412602,-57260

412602,-56896

412602,-56707

412602,-57005

412602,-55629

412602,-55173

412602,-55037

412603,-54939

412603,-55617

412603,-56067

412609,-57320

412609,-58199

412609,-58869

412609,-59932

412609,-59424

412610,-59751

412610,-60237

412610,-61354

412610,-61192

412610,-61240

412610,-59901

412610,-59892

412610,-60269

412611,-59549

412611,-59404

412611,-58390

412617,-58371

412617,-59883

412617,-58613

412617,-57063

412617,-56378

412618,-55360

412618,-55648

412618,-53513

412618,-52513

412618,-50974

412618,-50226

412618,-48450

412618,-46722

412619,-46061

412619,-45933

412619,-44289

412625,-43475

412625,-42335

412625,-41783

412625,-41626

412625,-40129

412626,-39437

412626,-38201

412626,-38127

412626,-38315

412626,-37932

412626,-36101

412626,-34812

412626,-33212

412627,-32428

412627,-32824

412627,-31245

412633,-29178

412633,-26770

412633,-26237

412633,-25314

412633,-25108

412634,-24883

412634,-24245

412634,-24400

412634,-24122

412634,-23247

412634,-21254

412634,-20795

412634,-20646

412635,-20088

412635,-19121

412635,-18524

412641,-17355

412641,-15671

412641,-15141

412641,-15251

412641,-14879

412642,-15133

412642,-15550

412642,-14720

412642,-14333

412642,-14156

412642,-15028

412642,-16673

412642,-17452

412643,-17443

412643,-16669

412643,-16736

412649,-17727

412649,-18273

412649,-19274

412649,-18640

412649,-19630

412650,-20360

412650,-21151

412650,-20785

412650,-21321

412650,-23477

412650,-25651

412650,-25311

412650,-25530

412651,-26219

412651,-26079

412651,-26193

412657,-27278

412657,-26983

412657,-26939

412657,-26258

412657,-26508

412658,-27108

412658,-26409

412658,-26060

412658,-25425

412658,-25124

412658,-23758

412658,-23465

412658,-23536

412659,-23385

412659,-22958

412659,-22081

412665,-21873

412665,-21998

412665,-21979

412665,-20841

412665,-19999

412666,-18520

412666,-18834

412666,-18279

412666,-18394

412666,-17795

412666,-16406

412666,-16777

412666,-15425

412667,-15000

412667,-14799

412667,-14015

412673,-13912

412673,-13269

412673,-10958

412673,-9765

412673,-9876

412674,-9654

412674,-8395

412674,-7477

412674,-6441

412674,-5841

412674,-5507

412674,-6024

412674,-5941

412675,-4970

412675,-5145

412675,-4696

412681,-3627

412681,-3958

412681,-3592

412681,-3016

412681,-2364

412682,-1628

412682,-1136

412682,-933

412682,-964

412682,-635

412682,-304

412682,-493

412682,-197

412683,296

412683,2057

412683,2757

412689,3267

412689,3549

412689,3805

412689,3853

412689,5006

412690,7253

412690,8698

412690,9297

412690,10158

412690,11071

412690,12655

412690,12485

412690,13027

412691,12808

412691,12728

412691,13849

412697,15040

412697,13978

412697,15347

412697,15748

412697,15636

412698,15572

412698,15028

412698,15622

412698,13392

412698,12974

412698,13213

412698,12860

412698,11727

412699,10126

412699,8873

412699,8096

412705,6153

412705,5168

412705,3083

412705,1509

412705,264

412706,-495

412706,-1050

412706,-804

412706,-707

412706,-734

412706,-1842

412706,-2111

412706,-2311

412707,-1342

412707,-3496

412707,-3611

412713,-4212

412713,-4469

412713,-3204

412713,-2695

412713,-3829

412714,-4949

412714,-6320

412714,-7135

412714,-7234

412714,-6728

412714,-7423

412714,-7379

412714,-7314

412715,-7890

412715,-8419

412715,-11293

412721,-12068

412721,-13084

412721,-12961

412721,-13448

412721,-14592

412722,-15630

412722,-15421

412722,-16260

412722,-16950

412722,-17747

412722,-18953

412722,-21171

412722,-22235

412723,-23927

412723,-25839

412723,-27301

412729,-28338

412729,-29206

412729,-29818

412729,-30209

412729,-31493

412730,-32692

412730,-33253

412730,-34961

412730,-35677

412730,-36444

412730,-36399

412730,-36018

412730,-36473

412731,-36414

412731,-35917

412731,-35037

412737,-35724

412737,-35232

412737,-34901

412737,-33721

412737,-32494

412738,-32266

412738,-31610

412738,-30114

412738,-29386

412738,-28083

412738,-27119

412738,-26777

412738,-26509

412739,-25518

412739,-23309

412739,-22146

412745,-20530

412745,-19775

412745,-20080

412745,-19697

412745,-19226

412746,-19858

412746,-19324

412746,-18917

412746,-18841

412746,-18298

412746,-18643

412746,-18945

412746,-19485

412747,-18678

412747,-19515

412747,-19145

412753,-19147

412753,-20802

412753,-20074

412753,-21102

412753,-21072

412754,-21818

412754,-21982

412754,-21849

412754,-22413

412754,-22399

412754,-22683

412754,-21743

412754,-20522

412755,-19355

412755,-19118

412755,-19627

412761,-18629

412761,-18571

412761,-17448

412761,-17555

412761,-16473

412762,-15766

412762,-14467

412762,-12237

412762,-10039

412762,-9531

412762,-8720

412762,-9970

412762,-9145

412763,-7258

412763,-5868

412763,-4253

412769,-3010

412769,-1304

412769,-916

412769,637

412769,617

412770,-116

412770,781

412770,1379

412770,2344

412770,3145

412770,3672

412770,3196

412770,3270

412771,2094

412771,1889

412771,865

412777,926

412777,1168

412777,1211

412777,182

412777,1892

412778,2044

412778,4625

412778,4958

412778,5789

412778,5927

412778,5208

412778,4935

412778,5021

412779,4925

412779,5848

412779,5683

412785,6343

412785,5593

412785,6548

412785,6066

412785,5033

412786,5506

412786,5768

412786,4549

412786,5007

412786,6450

412786,7717

412786,10193

412786,11116

412787,11411

412787,11058

412787,10972

412793,10325

412793,9809

412793,9804

412793,9959

412793,8996

412794,9036

412794,9095

412794,7515

412794,7147

412794,6238

412794,5205

412794,4885

412794,5130

412795,4820

412795,3867

412795,3774

412801,3938

412801,3269

412801,1390

412801,509

412801,-683

412802,-1153

412802,-676

412802,-306

412802,-229

412802,-781

412802,-988

412802,-1787

412802,-3683

412803,-5028

412803,-6389

412803,-5542

412809,-6673

412809,-6506

412809,-6724

412809,-7162

412809,-7184

412810,-7641

412810,-7859

412810,-9520

412810,-9887

412810,-11028

412810,-11865

412810,-13651

412810,-16203

412811,-16692

412811,-17270

412811,-17799

412817,-18734

412817,-19935

412817,-20668

412817,-21919

412817,-21794

412818,-22274

412818,-22737

412818,-23402

412818,-24555

412818,-24021

412818,-24495

412818,-24132

412818,-24177

412819,-24171

412819,-24238

412819,-22754

412825,-23351

412825,-23464

412825,-24897

412825,-24096

412825,-23734

412826,-24562

412826,-24881

412826,-25264

412826,-25598

412826,-25751

412826,-25173

412826,-25280

412826,-25045

412827,-24720

412827,-23659

412827,-23486

412833,-22302

412833,-23782

412833,-23321

412833,-23719

412833,-23133

412834,-22736

412834,-22867

412834,-22873

412834,-23120

412834,-24590

412834,-24264

412834,-24921

412834,-24982

412835,-25618

412835,-24682

412835,-24499

412841,-24478

412841,-23023

412841,-23131

412841,-24201

412841,-22649

412842,-23802

412842,-22037

412842,-21174

412842,-20854

412842,-21526

412842,-23125

412842,-22056

412842,-21953

412843,-21804

412843,-22583

412843,-21383

412849,-20484

412849,-20764

412849,-20534

412849,-20524

412849,-20193

412850,-19658

412850,-19599

412850,-19025

412850,-18159

412850,-18239

412850,-17735

412850,-17748

412850,-16612

412851,-17618

412851,-17472

412851,-17098

412857,-16786

412857,-16171

412857,-16187

412857,-15748

412857,-14869

412858,-15346

412858,-15485

412858,-14150

412858,-14970

412858,-13785

412858,-12371

412858,-12051

412858,-10940

412859,-9413

412859,-9762

412859,-8816

412865,-10000

412865,-9599

412865,-9307

412865,-9086

412865,-9764

412866,-10199

412866,-10450

412866,-9529

412866,-9834

412866,-10075

412866,-9708

412866,-9193

412866,-8107

412867,-8732

412867,-7874

412867,-8306

412873,-6786

412873,-6791

412873,-7269

412873,-6570

412873,-7508

412874,-6612

412874,-7314

412874,-7352

412874,-7457

412874,-6737

412874,-5548

412874,-4364

412874,-4354

412875,-3527

412875,-3704

412875,-3818

412881,-1464

412881,-1473

412881,-579

412881,-58

412881,1120

412882,2068

412882,2390

412882,2118

412882,2733

412882,2612

412882,3580

412882,3728

412882,3099

412883,4200

412883,3215

412883,3194

412889,3906

412889,4741

412889,5430

412889,6567

412889,6588

412890,7231

412890,8270

412890,8619

412890,9847

412890,9839

412890,9655

412890,9422

412890,8442

412891,8385

412891,9703

412891,9891

412897,9900

412897,9502

412897,10292

412897,10772

412897,9953

412898,11325

412898,11086

412898,13803

412898,13905

412898,14413

412898,14039

412898,15553

412898,16070

412899,17482

412899,17801

412899,17207

412905,16775

412905,17133

412905,16649

412905,15858

412905,14264

412906,14605

412906,14113

412906,15038

412906,15671

412906,15457

412906,17771

412906,17150

412906,18417

412907,18184

412907,17885

412907,18439

412913,17418

412913,17883

412913,17489

412913,17101

412913,15600

412914,13674

412914,12657

412914,11425

412914,10315

412914,8883

412914,7353

412914,6776

412914,6132

412915,6016

412915,6491

412915,7184

412921,7130

412921,7548

412921,7404

412921,7482

412921,8873

412922,9199

412922,10873

412922,11310

412922,11038

412922,10942

412922,10648

412922,11515

412922,11496

412923,11889

412923,11449

412923,12008

412929,11651

412929,13202

412929,13830

412929,14929

412929,15839

412930,16182

412930,17646

412930,18615

412930,19343

412930,20473

412930,22581

412930,22532

412930,23183

412931,23538

412931,22742

412931,23741

412937,23316

412937,21995

412937,20360

412937,20449

412937,20343

412938,21319

412938,21335

412938,22085

412938,22945

412938,22388

412938,21915

412938,22442

412938,22011

412939,22597

412939,21086

412939,20112

412945,20472

412945,20341

412945,20236

412945,19165

412945,18700

412946,16629

412946,16515

412946,14912

412946,14691

412946,13952

412946,14722

412946,14232

412946,14893

412947,15124

412947,14129

412947,13438

412953,12679

412953,12819

412953,11814

412953,10632

412953,10339

412954,9934

412954,8211

412954,7084

412954,7206

412954,5813

412954,4632

412954,3037

412954,2577

412955,2855

412955,2877

412955,3649

412961,3426

412961,3121

412961,3610

412961,2610

412961,2047

412962,1387

412962,1099

412962,816

412962,1020

412962,-244

412962,-172

412962,-792

412962,-2037

412963,-3355

412963,-3989

412963,-4052

412969,-4435

412969,-4316

412969,-4175

412969,-4740

412969,-4986

412970,-4362

412970,-3802

412970,-3732

412970,-1842

412970,-1325

412970,-2002

412970,-1797

412970,-1811

412971,-2376

412971,-2120

412971,-2781

412977,-2945

412977,-3840

412977,-3707

412977,-3728

412977,-2228

412978,-2681

412978,-1655

412978,-1376

412978,-1190

412978,795

412978,863

412978,2586

412978,4933

412979,5393

412979,7235

412979,6908

412985,7343

412985,9756

412985,10828

412985,11274

412985,11944

412986,11739

412986,12410

412986,11967

412986,13320

412986,14670

412986,15423

412986,16617

412986,17750

412987,19316

412987,21196

412987,22017

412993,23125

412993,23851

412993,24361

412993,24560

412993,27229

412994,27598

412994,29569

412994,30701

412994,31119

412994,32255

412994,33051

412994,34650

412994,35248

412995,37196

412995,38354

412995,40505

413001,42962

413001,44508

413001,44849

413001,46305

413001,47900

413002,48438

413002,48879

413002,50535

413002,50982

413002,51244

413002,51955

413002,52624

413002,52798

413003,52791

413003,54479

413003,54943

413009,55202

413009,56522

413009,57436

413009,57752

413009,58247

413010,57407

413010,57410

413010,58171

413010,59115

413010,57727

413010,57499

413010,56842

413010,55545

413011,55607

413011,55663

413011,54343

413017,53580

413017,53159

413017,51782

413017,52826

413017,51465

413018,51407

413018,50253

413018,49029

413018,48113

413018,47008

413018,45108

413018,44131

413018,43001

413019,41117

413019,40202

413019,37216

413025,36414

413025,33205

413025,32159

413025,29361

413025,27307

413026,24646

413026,22203

413026,19255

413026,17725

413026,16332

413026,14573

413026,11546

413026,10126

413027,7573

413027,5743

413027,4357

413033,2792

413033,811

413033,-450

413033,-2312

413033,-4596

413034,-6518

413034,-8117

413034,-9044

413034,-10220

413034,-11688

413034,-13783

413034,-16509

413034,-17502

413035,-18125

413035,-18494

413035,-18836

413041,-19401

413041,-19871

413041,-21463

413041,-21262

413041,-22132

413042,-21188

413042,-21704

413042,-22079

413042,-21128

413042,-20690

413042,-21024

413042,-19733

413042,-19612

413043,-19139

413043,-18358

413043,-18662

413049,-17386

413049,-14807

413049,-15682

413049,-13516

413049,-11694

413050,-9101

413050,-6818

413050,-6044

413050,-4973

413050,-2021

413050,-614

413050,958

413050,2481

413051,2269

413051,2507

413051,3671

413057,4894

413057,5796

413057,7526

413057,8491

413057,9541

413058,9704

413058,10446

413058,11910

413058,13368

413058,14600

413058,16420

413058,17131

413058,18976

413059,20725

413059,22154

413059,22357

413065,23115

413065,23193

413065,24584

413065,26770

413065,25765

413066,26266

413066,27129

413066,28545

413066,29475

413066,31001

413066,31396

413066,31948

413066,33821

413067,32065

413067,31170

413067,32468

413073,31628

413073,33346

413073,32471

413073,33194

413073,33025

413074,30545

413074,31485

413074,30641

413074,30276

413074,29387

413074,28132

413074,27075

413074,25894

413075,25233

413075,24024

413075,23865

413081,22405

413081,20153

413081,18935

413081,17563

413081,16752

413082,16118

413082,15899

413082,15402

413082,14891

413082,14851

413082,14388

413082,15351

413082,14378

413083,13799

413083,14890

413083,14998

413089,13356

413089,14351

413089,14785

413089,15276

413089,15305

413090,16029

413090,16503

413090,17096

413090,18398

413090,19398

413090,19593

413090,20094

413090,20309

413091,20406

413091,21394

413091,20286

413097,19731

413097,19085

413097,18117

413097,17871

413097,16402

413098,16216

413098,15198

413098,13442

413098,13122

413098,12504

413098,13570

413098,13828

413098,13449

413099,12730

413099,14140

413099,13912

413105,13745

413105,14888

413105,14580

413105,14042

413105,13997

413106,13114

413106,12979

413106,13552

413106,13369

413106,13716

413106,13934

413106,15473

413106,16254

413107,17778

413107,17408

413107,17957

413113,19407

413113,20810

413113,21230

413113,21304

413113,21069

413114,20883

413114,20435

413114,20045

413114,20687

413114,20321

413114,19819

413114,19575

413114,19934

413115,20200

413115,20292

413115,20899

413121,21603

413121,22855

413121,23283

413121,23934

413121,24820

413122,25279

413122,26931

413122,28171

413122,29535

413122,30921

413122,31803

413122,33010

413122,33542

413123,35417

413123,36488

413123,36785

413129,38635

413129,39904

413129,41380

413129,43397

413129,44105

413130,45305

413130,47107

413130,48424

413130,48364

413130,48253

413130,51119

413130,52607

413130,53263

413131,54656

413131,55931

413131,57167

413137,59770

413137,60776

413137,62145

413137,63411

413137,65166

413138,65924

413138,67582

413138,68315

413138,69137

413138,68363

413138,69208

413138,69498

413138,69707

413139,69528

413139,70161

413139,69357

413145,69295

413145,68769

413145,69538

413145,68488

413145,67502

413146,66951

413146,66722

413146,65152

413146,64632

413146,64585

413146,64704

413146,63918

413146,63307

413147,62311

413147,62412

413147,61706

413153,60846

413153,60327

413153,58881

413153,57036

413153,55837

413154,54991

413154,54068

413154,51953

413154,51529

413154,49847

413154,49074

413154,48446

413154,47207

413155,45537

413155,45185

413155,45164

413161,42800

413161,42174

413161,40590

413161,39101

413161,38261

413162,36976

413162,36685

413162,35948

413162,34715

413162,34070

413162,31452

413162,30967

413162,31406

413163,31143

413163,30699

413163,30135

413169,28583

413169,28474

413169,26930

413169,27504

413169,26196

413170,25065

413170,24006

413170,23412

413170,23059

413170,22863

413170,22202

413170,21968

413170,20306

413171,19444

413171,19623

413171,19058

413177,18823

413177,18591

413177,18980

413177,18002

413177,18267

413178,17646

413178,17850

413178,18236

413178,18192

413178,18313

413178,19460

413178,19557

413178,19921

413179,19382

413179,19849

413179,18889

413185,19332

413185,18738

413185,19399

413185,19364

413185,19646

413186,19342

413186,19554

413186,18975

413186,19061

413186,20344

413186,19872

413186,20719

413186,20289

413187,21588

413187,21513

413187,21964

413193,21964

413193,22409

413193,20711

413193,21436

413193,22365

413194,23156

413194,22160

413194,22205

413194,22363

413194,21582

413194,22624

413194,22870

413194,22583

413195,22232

413195,22992

413195,22852

413201,22377

413201,22453

413201,22850

413201,22678

413201,23446

413202,22373

413202,22435

413202,21955

413202,23159

413202,21717

413202,21188

413202,21448

413202,21917

413203,22086

413203,22015

413203,22233

413209,23819

413209,24181

413209,24984

413209,26367

413209,27149

413210,27357

413210,28373

413210,30032

413210,30885

413210,30529

413210,30524

413210,30184

413210,31140

413211,29989

413211,30264

413211,30261

413217,29843

413217,27912

413217,28418

413217,28541

413217,29456

413218,30358

413218,30923

413218,30849

413218,30800

413218,30921

413218,31245

413218,30874

413218,31040

413219,30169

413219,28687

413219,28658

413225,28151

413225,26871

413225,26403

413225,26613

413225,26256

413226,25999

413226,26061

413226,25377

413226,26533

413226,26022

413226,24156

413226,24090

413226,24017

413227,25000

413227,24504

413227,24450

413233,23147

413233,23666

413233,24533

413233,24650

413233,23270

413234,22928

413234,22617

413234,22471

413234,22505

413234,22570

413234,21806

413234,21390

413234,20647

413235,20631

413235,20484

413235,19678

413241,20981

413241,19970

413241,18579

413241,20324

413241,18190

413242,19128

413242,20702

413242,20233

413242,20188

413242,20036

413242,19717

413242,19609

413242,19033

413243,19120

413243,19232

413243,19319

413249,18062

413249,18482

413249,18257

413249,18644

413249,18552

413250,18475

413250,19677

413250,19651

413250,19618

413250,19319

413250,19407

413250,20028

413250,19741

413251,20834

413251,20765

413251,20772

413257,20045

413257,19758

413257,19449

413257,19082

413257,18436

413258,18419

413258,17615

413258,15872

413258,16003

413258,15469

413258,14531

413258,14121

413258,14656

413259,13281

413259,11616

413259,11559

413265,11259

413265,10875

413265,10672

413265,9869

413265,8655

413266,7139

413266,6537

413266,6349

413266,6322

413266,6135

413266,6855

413266,6007

413266,6436

413267,6886

413267,7681

413267,7848

413273,7702

413273,7800

413273,7793

413273,8411

413273,8772

413274,8908

413274,9387

413274,10509

413274,10289

413274,9786

413274,9722

413274,9963

413274,9633

413275,12112

413275,10167

413275,10894

413281,11926

413281,12787

413281,12602

413281,12734

413281,13248

413282,13211

413282,12520

413282,13073

413282,12161

413282,11308

413282,11402

413282,10125

413282,10559

413283,10465

413283,9328

413283,10176

413289,7556

413289,8836

413289,8148

413289,7828

413289,7294

413290,7275

413290,7034

413290,6711

413290,6646

413290,7187

413290,6873

413290,7789

413290,6987

413291,6815

413291,6759

413291,6117

413297,4933

413297,5085

413297,5836

413297,5984

413297,4344

413298,4432

413298,2538

413298,1614

413298,-137

413298,-2751

413298,-3798

413298,-6445

413298,-8348

413299,-11891

413299,-14126

413299,-15926

413305,-18683

413305,-20804

413305,-22292

413305,-25184

413305,-28069

413306,-29423

413306,-29727

413306,-31849

413306,-34427

413306,-36764

413306,-37750

413306,-42723

413306,-45351

413307,-45875

413307,-48964

413307,-50856

413313,-52926

413313,-54286

413313,-56441

413313,-56794

413313,-57874

413314,-59417

413314,-60125

413314,-60930

413314,-60208

413314,-61427

413314,-61929

413314,-62139

413314,-62754

413315,-62743

413315,-63135

413315,-63385

413321,-63455

413321,-63524

413321,-64254

413321,-62851

413321,-62991

413322,-63436

413322,-62847

413322,-61679

413322,-61004

413322,-60524

413322,-60208

413322,-59696

413322,-59431

413323,-59155

413323,-58050

413323,-58674

413329,-59025

413329,-59344

413329,-59843

413329,-59445

413329,-58122

413330,-58743

413330,-59488

413330,-59180

413330,-59460

413330,-58909

413330,-57734

413330,-56440

413330,-56895

413331,-56755

413331,-56683

413331,-56087

413337,-55780

413337,-54517

413337,-53365

413337,-52737

413337,-52033

413338,-52169

413338,-50596

413338,-47944

413338,-45992

413338,-43115

413338,-43224

413338,-41864

413338,-39443

413339,-38484

413339,-36603

413339,-35663

413345,-34167

413345,-33900

413345,-34072

413345,-33249

413345,-32083

413346,-31825

413346,-31172

413346,-30642

413346,-30100

413346,-27732

413346,-27794

413346,-27157

413346,-26940

413347,-26399

413347,-24321

413347,-22860

413353,-22018

413353,-21528

413353,-20386

413353,-19157

413353,-17688

413354,-16836

413354,-16833

413354,-15928

413354,-14908

413354,-14040

413354,-14083

413354,-12215

413354,-11440

413355,-11108

413355,-11404

413355,-10204

413361,-8641

413361,-7913

413361,-6309

413361,-6015

413361,-6065

413362,-5112

413362,-4454

413362,-3935

413362,-3551

413362,-2533

413362,-4543

413362,-4308

413362,-3323

413363,-3615

413363,-3292

413363,-4304

413369,-3433

413369,-5231

413369,-5801

413369,-6986

413369,-6899

413370,-6408

413370,-7263

413370,-7669

413370,-8105

413370,-10469

413370,-10503

413370,-10824

413370,-12203

413371,-13006

413371,-13717

413371,-15515

413377,-17055

413377,-18784

413377,-19822

413377,-20858

413377,-23379

413378,-25595

413378,-28237

413378,-30628

413378,-32711

413378,-33198

413378,-34455

413378,-35239

413378,-35613

413379,-35690

413379,-37231

413379,-38337

413385,-39351

413385,-39845

413385,-42906

413385,-43605

413385,-45300

413386,-47594

413386,-48249

413386,-48944

413386,-49869

413386,-50948

413386,-51720

413386,-52158

413386,-52104

413387,-51768

413387,-51242

413387,-51389

413393,-51351

413393,-49805

413393,-49314

413393,-49857

413393,-48150

413394,-47367

413394,-47070

413394,-46817

413394,-45234

413394,-43919

413394,-43158

413394,-41909

413394,-40111

413395,-39326

413395,-38902

413395,-37519

413401,-36987

413401,-35671

413401,-34717

413401,-33397

413401,-32397

413402,-31955

413402,-29175

413402,-27811

413402,-26998

413402,-26692

413402,-26151

413402,-24878

413402,-23691

413403,-22528

413403,-21225

413403,-19935

413409,-18324

413409,-17994

413409,-15939

413409,-14924

413409,-13142

413410,-10358

413410,-9468

413410,-8253

413410,-6080

413410,-3962

413410,-2720

413410,-2544

413410,-2372

413411,-1103

413411,-1878

413411,-2280

413417,-2492

413417,-1978

413417,-3290

413417,-3294

413417,-2961

413418,-5010

413418,-5439

413418,-6161

413418,-6212

413418,-7021

413418,-8017

413418,-8887

413418,-8266

413419,-9802

413419,-8819

413419,-10706

413425,-12076

413425,-10912

413425,-12038

413425,-14565

413425,-14698

413426,-15218

413426,-15186

413426,-16273

413426,-18083

413426,-18936

413426,-18978

413426,-19996

413426,-21021

413427,-21516

413427,-22867

413427,-23696

413433,-23629

413433,-24373

413433,-25645

413433,-25251

413433,-25512

413434,-25784

413434,-28110

413434,-28751

413434,-29256

413434,-28390

413434,-28353

413434,-29015

413434,-28321

413435,-28137

413435,-27534

413435,-26196

413441,-26561

413441,-26494

413441,-25953

413441,-24735

413441,-23326

413442,-21085

413442,-19497

413442,-19044

413442,-18573

413442,-18838

413442,-18464

413442,-17670

413442,-16511

413443,-15815

413443,-15589

413443,-14549

413449,-13113

413449,-12822

413449,-11767

413449,-10127

413449,-9240

413450,-7465

413450,-5113

413450,-4112

413450,-3302

413450,-1047

413450,-351

413450,841

413450,1862

413451,1399

413451,1194

413451,1976

413457,2730

413457,2485

413457,3178

413457,3884

413457,5808

413458,5154

413458,7328

413458,8468

413458,9370

413458,11063

413458,11098

413458,11107

413458,12006

413459,12760

413459,14743

413459,13503

413465,14454

413465,14868

413465,16039

413465,15755

413465,15529

413466,16029

413466,15690

413466,14851

413466,13462

413466,12456

413466,12673

413466,12495

413466,11058

413467,11108

413467,9491

413467,9867

413473,8207

413473,7830

413473,7337

413473,6642

413473,5003

413474,5103

413474,3855

413474,3080

413474,4480

413474,4385

413474,4006

413474,4016

413474,4487

413475,4808

413475,5331

413475,5225

413481,4805

413481,6314

413481,8461

413481,9626

413481,9573

413482,10356

413482,10621

413482,11642

413482,13473

413482,13416

413482,13924

413482,14450

413482,14933

413483,14920

413483,16777

413483,17743

413489,18728

413489,19372

413489,19317

413489,18502

413489,18361

413490,18421

413490,19168

413490,19215

413490,19605

413490,20380

413490,19551

413490,20245

413490,19371

413491,20673

413491,21007

413491,21088

413497,20574

413497,18924

413497,18258

413497,19396

413497,20357

413498,19497

413498,20003

413498,20700

413498,20855

413498,20265

413498,20001

413498,20130

413498,19642

413499,19452

413499,20516

413499,20875

413505,20628

413505,20360

413505,20408

413505,20221

413505,19574

413506,19484

413506,18607

413506,19186

413506,18466

413506,18890

413506,18739

413506,19500

413506,19895

413507,19971

413507,19966

413507,19794

413513,20234

413513,22725

413513,22136

413513,21398

413513,22436

413514,21524

413514,21189

413514,19830

413514,19744

413514,19369

413514,19140

413514,19371

413514,19424

413515,18467

413515,18002

413515,17467

413521,16621

413521,15770

413521,16944

413521,17020

413521,17324

413522,17209

413522,16835

413522,16376

413522,16198

413522,15890

413522,14118

413522,13058

413522,12580

413523,13161

413523,13229

413523,12367

413529,12085

413529,11575

413529,11202

413529,11372

413529,10671

413530,10237

413530,10757

413530,10449

413530,9691

413530,9018

413530,8997

413530,8801

413530,8286

413531,7955

413531,7586

413531,6843

413537,6258

413537,5942

413537,5728

413537,6280

413537,6266

413538,6375

413538,6132

413538,6094

413538,5492

413538,4469

413538,2717

413538,1635

413538,1353

413539,457

413539,-872

413539,-2194

413545,-4097

413545,-5785

413545,-6737

413545,-8909

413545,-10443

413546,-12807

413546,-13880

413546,-15046

413546,-15393

413546,-15720

413546,-16604

413546,-16249

413546,-16809

413547,-17326

413547,-17628

413547,-17201

413553,-17609

413553,-17095

413553,-17013

413553,-17518

413553,-17293

413554,-16930

413554,-16982

413554,-16553

413554,-16013

413554,-14697

413554,-13084

413554,-11770

413554,-9860

413555,-7441

413555,-4873

413555,-4950

413561,-2396

413561,-1339

413561,-842

413561,-58

413561,1642

413562,2493

413562,3753

413562,5737

413562,7493

413562,9540

413562,10585

413562,12058

413562,13387

413563,14390

413563,15837

413563,17021

413569,19451

413569,20144

413569,21634

413569,22900

413569,23043

413570,24307

413570,24665

413570,26302

413570,26425

413570,26070

413570,26007

413570,27306

413570,27417

413571,27440

413571,28108

413571,28662

413577,28326

413577,27805

413577,27578

413577,26647

413577,26891

413578,27012

413578,26897

413578,26945

413578,26563

413578,25848

413578,25876

413578,25811

413578,24848

413579,24441

413579,24445

413579,24050

413585,22801

413585,21975

413585,20805

413585,21402

413585,19477

413586,18632

413586,17703

413586,16394

413586,15087

413586,14230

413586,13312

413586,11754

413586,10210

413587,7417

413587,5870

413587,3946

413593,2988

413593,953

413593,-827

413593,-2270

413593,-3052

413594,-5543

413594,-6979

413594,-8744

413594,-10196

413594,-10973

413594,-11177

413594,-13530

413594,-13577

413595,-15355

413595,-15716

413595,-16199

413601,-18006

413601,-18693

413601,-18156

413601,-18199

413601,-19532

413602,-18989

413602,-19957

413602,-20457

413602,-22500

413602,-22095

413602,-22707

413602,-23608

413602,-24878

413603,-26951

413603,-28353

413603,-29008

413609,-29878

413609,-32324

413609,-33955

413609,-35841

413609,-37471

413610,-36804

413610,-38147

413610,-40321

413610,-42221

413610,-43168

413610,-43486

413610,-43341

413610,-45377

413611,-45049

413611,-45528

413611,-46710

413617,-47908

413617,-48847

413617,-48481

413617,-49118

413617,-49204

413618,-49126

413618,-49265

413618,-48826

413618,-47929

413618,-46172

413618,-46382

413618,-46195

413618,-46680

413619,-46003

413619,-45628

413619,-45116

413625,-44095

413625,-42537

413625,-41608

413625,-41091

413625,-39381

413626,-38944

413626,-37285

413626,-37594

413626,-36689

413626,-36103

413626,-35046

413626,-35015

413626,-34722

413627,-34954

413627,-34170

413627,-33097

413633,-31821

413633,-32196

413633,-32957

413633,-31942

413633,-31553

413634,-30657

413634,-31132

413634,-29561

413634,-30018

413634,-29108

413634,-29443

413634,-28282

413634,-27743

413635,-26361

413635,-26538

413635,-25191

413641,-25387

413641,-24583

413641,-22365

413641,-21630

413641,-21905

413642,-21487

413642,-21074

413642,-21464

413642,-21812

413642,-20780

413642,-20364

413642,-19255

413642,-19140

413643,-20186

413643,-19844

413643,-19165

413649,-17678

413649,-17403

413649,-18231

413649,-18904

413649,-18754

413650,-18644

413650,-19345

413650,-20145

413650,-20311

413650,-21133

413650,-21845

413650,-24527

413650,-25836

413651,-27922

413651,-28775

413651,-31264

413657,-33903

413657,-34435

413657,-35785

413657,-36729

413657,-38425

413658,-40896

413658,-41187

413658,-42729

413658,-44114

413658,-43585

413658,-44074

413658,-45735

413658,-47848

413659,-48264

413659,-48886

413659,-51026

413665,-50986

413665,-51812

413665,-52129

413665,-52538

413665,-52116

413666,-52184

413666,-51196

413666,-51594

413666,-50952

413666,-51155

413666,-50389

413666,-50109

413666,-49928

413667,-49564

413667,-49227

413667,-49449

413673,-49153

413673,-49360

413673,-49356

413673,-50770

413673,-50129

413674,-50074

413674,-50882

413674,-50315

413674,-49436

413674,-50332

413674,-50249

413674,-51467

413674,-51320

413675,-51408

413675,-52646

413675,-52778

413681,-52286

413681,-53044

413681,-52599

413681,-52519

413681,-52463

413682,-51442

413682,-51483

413682,-51344

413682,-50496

413682,-51059

413682,-50714

413682,-50143

413682,-48842

413683,-47880

413683,-46976

413683,-46667

413689,-46015

413689,-45901

413689,-45990

413689,-46990

413689,-46261

413690,-45974

413690,-45923

413690,-45717

413690,-44538

413690,-46117

413690,-45596

413690,-45116

413690,-45648

413691,-45198

413691,-45006

413691,-45117

413697,-44521

413697,-45346

413697,-46297

413697,-47313

413697,-46889

413698,-47212

413698,-47519

413698,-47795

413698,-48481

413698,-47682

413698,-47353

413698,-46280

413698,-45069

413699,-44287

413699,-43954

413699,-44053

413705,-43643

413705,-42239

413705,-41745

413705,-42218

413705,-40885

413706,-39809

413706,-38993

413706,-38195

413706,-37539

413706,-37361

413706,-36053

413706,-35457

413706,-34228

413707,-32571

413707,-30838

413707,-29024

413713,-26694

413713,-24749

413713,-22878

413713,-21786

413713,-22576

413714,-20244

413714,-20925

413714,-19823

413714,-19370

413714,-19468

413714,-20294

413714,-20510

413714,-20884

413715,-21686

413715,-22031

413715,-22866

413721,-22333

413721,-22871

413721,-23983

413721,-23275

413721,-23434

413722,-23613

413722,-25018

413722,-25916

413722,-25616

413722,-26761

413722,-27797

413722,-28264

413722,-29113

413723,-30062

413723,-30965

413723,-32348

413729,-31628

413729,-33976

413729,-32671

413729,-33875

413729,-33562

413730,-33703

413730,-34144

413730,-34299

413730,-33895

413730,-34671

413730,-36755

413730,-36024

413730,-38117

413731,-39646

413731,-40008

413731,-40688

413737,-41445

413737,-41705

413737,-42803

413737,-43175

413737,-45074

413738,-46407

413738,-46682

413738,-47195

413738,-48304

413738,-49519

413738,-49911

413738,-52165

413738,-53218

413739,-54681

413739,-54312

413739,-55737

413745,-57048

413745,-58748

413745,-58297

413745,-59477

413745,-58949

413746,-59426

413746,-58921

413746,-58848

413746,-58613

413746,-59427

413746,-59793

413746,-58669

413746,-59313

413747,-58836

413747,-57852

413747,-57168

413753,-56032

413753,-55866

413753,-55051

413753,-53258

413753,-52086

413754,-51123

413754,-48466

413754,-47722

413754,-45055

413754,-42454

413754,-42340

413754,-41257

413754,-39494

413755,-37410

413755,-36137

413755,-35649

413761,-35046

413761,-33935

413761,-33136

413761,-31427

413761,-30612

413762,-30398

413762,-29091

413762,-27463

413762,-26543

413762,-26899

413762,-26468

413762,-25800

413762,-25976

413763,-25122

413763,-25005

413763,-25383

413769,-24142

413769,-24612

413769,-24898

413769,-24927

413769,-24553

413770,-25157

413770,-25414

413770,-25463

413770,-25679

413770,-25797

413770,-26185

413770,-26814

413770,-27894

413771,-28338

413771,-28597

413771,-30345

413777,-30432

413777,-31461

413777,-31376

413777,-31831

413777,-32733

413778,-33317

413778,-33531

413778,-32809

413778,-32173

413778,-31907

413778,-31025

413778,-29901

413778,-28225

413779,-27784

413779,-26812

413779,-25091

413785,-25586

413785,-25704

413785,-24581

413785,-24647

413785,-24470

413786,-24888

413786,-24979

413786,-24175

413786,-24913

413786,-23145

413786,-21999

413786,-21308

413786,-20641

413787,-19586

413787,-19249

413787,-17124

413793,-17137

413793,-17170

413793,-16169

413793,-15911

413793,-15799

413794,-16479

413794,-15933

413794,-15698

413794,-16390

413794,-17064

413794,-17388

413794,-17778

413794,-16030

413795,-15545

413795,-15115

413795,-14316

413801,-11468

413801,-11399

413801,-10227

413801,-7844

413801,-7357

413802,-6123

413802,-4036

413802,-3774

413802,-2768

413802,-1774

413802,-43

413802,1377

413802,2809

413803,3465

413803,4730

413803,4507

413809,5785

413809,6570

413809,7999

413809,8225

413809,8859

413810,9242

413810,9660

413810,10356

413810,10459

413810,10351

413810,10993

413810,9823

413810,10664

413811,11231

413811,11250

413811,11502

413817,9718

413817,9738

413817,8121

413817,7152

413817,6230

413818,3362

413818,3209

413818,1319

413818,655

413818,499

413818,-1434

413818,-750

413818,-2510

413819,-1700

413819,-1636

413819,-1475

413825,-1837

413825,-1872

413825,-2766

413825,-2933

413825,-3132

413826,-3873

413826,-3309

413826,-3409

413826,-2879

413826,-4160

413826,-4578

413826,-5465

413826,-4430

413827,-4785

413827,-3829

413827,-3631

413833,-2607

413833,-3552

413833,-3148

413833,-2958

413833,-1807

413834,-1911

413834,-1186

413834,-1892

413834,-1996

413834,-2559

413834,-2791

413834,-2378

413834,-3297

413835,-2072

413835,-2814

413835,-2624

413841,-2410

413841,-2299

413841,-2271

413841,-2605

413841,-3058

413842,-2477

413842,-1959

413842,-4105

413842,-4256

413842,-4162

413842,-4188

413842,-3228

413842,-3571

413843,-4298

413843,-4783

413843,-5227

413849,-4973

413849,-5296

413849,-5650

413849,-5696

413849,-5783

413850,-6718

413850,-6887

413850,-7562

413850,-8502

413850,-9333

413850,-9559

413850,-10586

413850,-10906

413851,-11017

413851,-12183

413851,-11678

413857,-12750

413857,-14992

413857,-14724

413857,-15839

413857,-16822

413858,-17680

413858,-19097

413858,-19926

413858,-20938

413858,-21043

413858,-21610

413858,-22532

413858,-23120

413859,-23709

413859,-23073

413859,-22617

413865,-21981

413865,-23022

413865,-21872

413865,-20386

413865,-19163

413866,-16627

413866,-15124

413866,-14199

413866,-14031

413866,-13837

413866,-13753

413866,-12963

413866,-12798

413867,-12533

413867,-11859

413867,-10161

413873,-8948

413873,-7799

413873,-6462

413873,-5274

413873,-4349

413874,-1499

413874,859

413874,1160

413874,2316

413874,2586

413874,2743

413874,3385

413874,3607

413875,4288

413875,4490

413875,4417

413881,4953

413881,5546

413881,6472

413881,6776

413881,6994

413882,8864

413882,9888

413882,10196

413882,10798

413882,10872

413882,11933

413882,13300

413882,14090

413883,14670

413883,14350

413883,15756

413889,15694

413889,16183

413889,16072

413889,17318

413889,17216

413890,18788

413890,19345

413890,20886

413890,21895

413890,21847

413890,22717

413890,23214

413890,22991

413891,22897

413891,22663

413891,22645

413897,22988

413897,22966

413897,23473

413897,22592

413897,21648

413898,20104

413898,20096

413898,19796

413898,19126

413898,19780

413898,19629

413898,18211

413898,19425

413899,18523

413899,18950

413899,18176

413905,16318

413905,16524

413905,15943

413905,15170

413905,15685

413906,15783

413906,15782

413906,15486

413906,14290

413906,14639

413906,13495

413906,14275

413906,13585

413907,14437

413907,14998

413907,15920

413913,15680

413913,16975

413913,16777

413913,18892

413913,18500

413914,18765

413914,19197

413914,17753

413914,18052

413914,18879

413914,19296

413914,18853

413914,18846

413915,18429

413915,18253

413915,19570

413921,18896

413921,17727

413921,18276

413921,16705

413921,17833

413922,18705

413922,19628

413922,18780

413922,19088

413922,17456

413922,17252

413922,15614

413922,13999

413923,14226

413923,12490

413923,11388

413929,10626

413929,7515

413929,6783

413929,6166

413929,5424

413930,4525

413930,3893

413930,4171

413930,3866

413930,2448

413930,3668

413930,2751

413930,1443

413931,1891

413931,2519

413931,2934

413937,2625

413937,2168

413937,1304

413937,616

413937,308

413938,599

413938,285

413938,-598

413938,936

413938,1846

413938,1645

413938,2185

413938,1520

413939,1681

413939,1640

413939,2426

413945,4338

413945,4837

413945,4757

413945,6829

413945,6117

413946,6138

413946,7577

413946,8321

413946,8373

413946,9518

413946,10606

413946,12420

413946,13989

413947,14816

413947,15570

413947,16843

413953,17484

413953,20646

413953,21033

413953,23447

413953,23103

413954,24100

413954,24132

413954,23807

413954,25297

413954,26038

413954,25750

413954,27444

413954,28243

413955,28821

413955,28991

413955,29888

413961,30100

413961,29300

413961,28927

413961,27893

413961,27218

413962,27407

413962,26495

413962,25968

413962,27146

413962,25783

413962,24840

413962,23392

413962,23160

413963,21932

413963,21724

413963,21409

413969,20930

413969,21320

413969,21356

413969,20962

413969,20105

413970,18524

413970,16520

413970,16063

413970,14609

413970,13395

413970,13360

413970,12087

413970,12213

413971,11495

413971,9931

413971,9407

413977,8753

413977,8141

413977,7540

413977,6861

413977,5489

413978,6082

413978,5638

413978,6094

413978,5266

413978,4487

413978,2877

413978,2463

413978,1237

413979,438

413979,359

413979,441

413985,-922

413985,-729

413985,-1327

413985,-2606

413985,-4212

413986,-4619

413986,-5441

413986,-6311

413986,-6836

413986,-9324

413986,-10176

413986,-11358

413986,-11731

413987,-11067

413987,-12286

413987,-13375

413993,-13212

413993,-12559

413993,-13886

413993,-13302

413993,-13943

413994,-14120

413994,-14012

413994,-14687

413994,-13828

413994,-14328

413994,-14466

413994,-15453

413994,-15241

413995,-14874

413995,-15186

413995,-14313

414001,-14073

414001,-13598

414001,-13290

414001,-12415

414001,-11348

414002,-10896

414002,-9797

414002,-10555

414002,-9274

414002,-8359

414002,-8315

414002,-8897

414002,-7968

414003,-6814

414003,-6284

414003,-7228

414009,-5997

414009,-6794

414009,-5729

414009,-5463

414009,-4524

414010,-3983

414010,-3081

414010,-2316

414010,-3219

414010,-3756

414010,-3457

414010,-3424

414010,-3922

414011,-3706

414011,-4661

414011,-4941

414017,-5591

414017,-5699

414017,-5768

414017,-5161

414017,-4788

414018,-4984

414018,-5284

414018,-5502

414018,-5827

414018,-4732

414018,-4320

414018,-4163

414018,-3831

414019,-3729

414019,-2937

414019,-3274

414025,-3402

414025,-2599

414025,-2622

414025,-968

414025,-1308

414026,-396

414026,623

414026,459

414026,1707

414026,2956

414026,4482

414026,5081

414026,4676

414027,4646

414027,4763

414027,5366

414033,4431

414033,4332

414033,4356

414033,4912

414033,4667

414034,4180

414034,3098

414034,2583

414034,2075

414034,1642

414034,728

414034,-526

414034,-1706

414035,-3577

414035,-4295

414035,-5295

414041,-6489

414041,-8325

414041,-10493

414041,-12283

414041,-14492

414042,-15274

414042,-16609

414042,-16786

414042,-18516

414042,-19117

414042,-20502

414042,-21273

414042,-22293

414043,-23475

414043,-22500

414043,-23402

414049,-24084

414049,-23551

414049,-22029

414049,-22517

414049,-22492

414050,-20660

414050,-20191

414050,-18912

414050,-17167

414050,-16478

414050,-14316

414050,-13031

414050,-11581

414051,-11184

414051,-9525

414051,-9590

414057,-8886

414057,-8745

414057,-8493

414057,-7621

414057,-7266

414058,-7625

414058,-6566

414058,-7993

414058,-7767

414058,-7349

414058,-6855

414058,-7098

414058,-5790

414059,-5264

414059,-5384

414059,-6210

414065,-5927

414065,-5268

414065,-5185

414065,-6262

414065,-7093

414066,-6758

414066,-6586

414066,-7523

414066,-7305

414066,-8559

414066,-5801

414066,-4211

414066,-3532

414067,-3645

414067,-2005

414067,-186

414073,-92

414073,2347

414073,2743

414073,3386

414073,2921

414074,3771

414074,4179

414074,4311

414074,4052

414074,3364

414074,3408

414074,2493

414074,3050

414075,2688

414075,3685

414075,3925

414081,4349

414081,5549

414081,5529

414081,3375

414081,3322

414082,2738

414082,2302

414082,1361

414082,-622

414082,-215

414082,-1613

414082,-1808

414082,-2278

414083,-3730

414083,-3593

414083,-4550

414089,-5884

414089,-6359

414089,-5879

414089,-5377

414089,-5532

414090,-6081

414090,-6841

414090,-7522

414090,-7566

414090,-8021

414090,-8421

414090,-8743

414090,-9008

414091,-8598

414091,-7958

414091,-8781

414097,-8711

414097,-8897

414097,-9732

414097,-9087

414097,-9732

414098,-8635

414098,-9257

414098,-10095

414098,-9613

414098,-10513

414098,-10520

414098,-9238

414098,-9674

414099,-9738

414099,-10054

414099,-10254

414105,-10645

414105,-10204

414105,-11179

414105,-10856

414105,-10573

414106,-10070

414106,-10756

414106,-12071

414106,-13393

414106,-15069

414106,-15366

414106,-17045

414106,-15790

414107,-16787

414107,-16390

414107,-16099

414113,-15549

414113,-15629

414113,-16096

414113,-16315

414113,-16439

414114,-15534

414114,-15622

414114,-15994

414114,-16895

414114,-17226

414114,-18769

414114,-19482

414114,-19289

414115,-19510

414115,-20190

414115,-19580

RAW_SUMMARY id=7 requested=6000 captured=6000 unused_capacity=0 max_pcm_abs=319561 raw_mean=-7249.8 raw_abs_mean=64697.9 raw_min=-319561 raw_max=198272 baseline=-1.3

OK RAW

