# run: clap_r2_msb_4
# firmware: role=analyzer git=1c743a2 version=0.4.0
# imported-from: clap_4.log (mtime 2026-10-09T12:09:29)
RAW_INFO mode=i2s output=csv

RAW_INFO row_size=12

RAW_BEGIN id=4 sr=2000 trigger_ms=376160 command_ms=376147 emit_seen=1 emit_start_ms=376160 emit_done_ms=376257 f=3200 dur=100 pre_ms=0 post_ms=3000 decim=8 pre_samples=0 post_samples=6000 mode=i2s output=csv fields=ms,pcm

ms,pcm

376162,46680

376162,52352

376162,31489

376162,49906

376162,58316

376162,31949

376162,63837

376162,30558

376163,51312

376163,52075

376163,31506

376163,63360

376163,29545

376163,49475

376163,51363

376163,26467

376169,59521

376169,23784

376169,44658

376169,42856

376169,23426

376170,54832

376170,21203

376170,40735

376170,41254

376170,18683

376170,51137

376170,17765

376170,38303

376171,37108

376171,18099

376171,49401

376177,14604

376177,36209

376177,34879

376177,14025

376177,47531

376178,12578

376178,32567

376178,32854

376178,11223

376178,46020

376178,8670

376178,30038

376178,30449

376179,7951

376179,43935

376179,7093

376185,30170

376185,29641

376185,4821

376185,41933

376185,3562

376186,24972

376186,26826

376186,2295

376186,38363

376186,1416

376186,22516

376186,21736

376186,472

376187,32823

376187,-1455

376187,17836

376193,19387

376193,-5572

376193,28090

376193,-8659

376193,11719

376194,11277

376194,-11804

376194,21707

376194,-13579

376194,6676

376194,4559

376194,-16567

376194,16008

376195,-18880

376195,2362

376195,602

376201,-21007

376201,13932

376201,-23351

376201,-1073

376201,-8

376202,-23180

376202,12965

376202,-23130

376202,-2420

376202,988

376202,-24140

376202,12637

376202,-22734

376203,-2041

376203,-601

376203,-22913

376209,14505

376209,-21407

376209,148

376209,2619

376209,-22174

376210,17242

376210,-20171

376210,1972

376210,4776

376210,-21715

376210,16761

376210,-19948

376210,1759

376211,5500

376211,-22111

376211,17650

376217,-21215

376217,879

376217,3331

376217,-25160

376217,16377

376218,-26174

376218,-2616

376218,-405

376218,-28839

376218,11826

376218,-30178

376218,-7039

376218,-6731

376219,-33863

376219,8006

376219,-34518

376225,-9718

376225,-8075

376225,-34971

376225,8299

376225,-35239

376226,-9718

376226,-9134

376226,-34781

376226,7085

376226,-36785

376226,-10263

376226,-10567

376226,-37009

376227,4647

376227,-38028

376227,-13502

376233,-13300

376233,-40643

376233,3332

376233,-38654

376233,-12616

376234,-11973

376234,-39946

376234,4230

376234,-38998

376234,-14093

376234,-13942

376234,-41175

376234,-16

376235,-43736

376235,-18588

376235,-19230

376241,-47551

376241,-5714

376241,-50127

376241,-23602

376241,-25166

376242,-52688

376242,-10766

376242,-53774

376242,-29055

376242,-29486

376242,-56577

376242,-14836

376242,-59638

376243,-33021

376243,-34086

376243,-59911

376249,-19718

376249,-61201

376249,-38760

376249,-38328

376249,-65710

376250,-24312

376250,-67757

376250,-41076

376250,-41080

376250,-66418

376250,-25405

376250,-68803

376250,-44440

376251,-44731

376251,-70655

376251,-30147

376258,-72544

376258,-48558

376258,-48115

376258,-74409

376258,-33068

376258,-75187

376259,-49969

376259,-55777

376259,-51337

376259,-60623

376259,-57258

376259,-59642

376259,-55776

376259,-59430

376260,-51083

376260,-59002

376265,-53105

376265,-58923

376265,-57322

376265,-55183

376265,-61685

376266,-56120

376266,-54277

376266,-62212

376266,-49061

376266,-60276

376266,-55021

376266,-55369

376266,-60843

376267,-52406

376267,-59029

376267,-55064

376273,-53709

376273,-60418

376273,-51043

376273,-61518

376273,-55910

376274,-56437

376274,-61737

376274,-53983

376274,-60447

376274,-56479

376274,-53572

376274,-62085

376274,-51557

376275,-61018

376275,-55685

376275,-56771

376281,-60460

376281,-53740

376281,-58914

376281,-55069

376281,-56432

376282,-57767

376282,-52900

376282,-56431

376282,-53919

376282,-52620

376282,-53729

376282,-48774

376282,-51737

376283,-48546

376283,-46892

376283,-49459

376289,-43353

376289,-47005

376289,-44148

376289,-43026

376289,-48829

376290,-41324

376290,-48179

376290,-42332

376290,-43532

376290,-45131

376290,-41161

376290,-43648

376290,-40801

376291,-40110

376291,-43756

376291,-37930

376297,-44026

376297,-41052

376297,-39745

376297,-44669

376297,-38709

376298,-44226

376298,-43009

376298,-43669

376298,-47022

376298,-43981

376298,-47669

376298,-46332

376298,-46584

376299,-49066

376299,-44109

376299,-50435

376305,-46658

376305,-49001

376305,-51223

376305,-47461

376305,-52810

376306,-50870

376306,-50407

376306,-54405

376306,-51071

376306,-55729

376306,-53622

376306,-55831

376306,-57291

376307,-55683

376307,-58916

376307,-58494

376313,-59001

376313,-61508

376313,-59039

376313,-63425

376313,-59164

376314,-63604

376314,-62709

376314,-64487

376314,-66632

376314,-65756

376314,-68869

376314,-67028

376314,-70029

376315,-71466

376315,-72879

376315,-73931

376321,-75704

376321,-77835

376321,-77492

376321,-79661

376321,-79968

376322,-80280

376322,-81582

376322,-81401

376322,-84213

376322,-85305

376322,-87613

376322,-89134

376322,-90750

376323,-94185

376323,-95777

376323,-95046

376329,-99446

376329,-99034

376329,-103085

376329,-103714

376329,-105858

376330,-107856

376330,-107485

376330,-110606

376330,-109192

376330,-110073

376330,-111696

376330,-110250

376330,-113686

376331,-113192

376331,-113716

376331,-115355

376337,-114684

376337,-116059

376337,-114286

376337,-115281

376337,-114725

376338,-114425

376338,-114918

376338,-114163

376338,-114297

376338,-113265

376338,-112949

376338,-114094

376338,-112863

376339,-112847

376339,-112764

376339,-111459

376345,-111506

376345,-110676

376345,-111038

376345,-111264

376345,-109879

376346,-111326

376346,-109495

376346,-110626

376346,-109139

376346,-110658

376346,-111055

376346,-110069

376346,-110276

376347,-108616

376347,-108590

376347,-109346

376353,-107601

376353,-109195

376353,-107455

376353,-107567

376353,-108177

376354,-108431

376354,-110590

376354,-108939

376354,-111154

376354,-111133

376354,-110219

376354,-113300

376354,-112863

376355,-114230

376355,-115688

376355,-114054

376361,-117113

376361,-115790

376361,-116971

376361,-119052

376361,-118757

376362,-121914

376362,-121530

376362,-123027

376362,-124212

376362,-125067

376362,-127101

376362,-127704

376362,-127558

376363,-128308

376363,-128370

376363,-129992

376369,-128670

376369,-129368

376369,-130264

376369,-129423

376369,-129751

376370,-128666

376370,-128502

376370,-129031

376370,-128776

376370,-130908

376370,-130462

376370,-131662

376370,-132267

376371,-131949

376371,-133313

376371,-132643

376377,-134316

376377,-135465

376377,-136396

376377,-137937

376377,-137003

376378,-138285

376378,-138149

376378,-139224

376378,-140228

376378,-142577

376378,-143597

376378,-145596

376378,-146133

376379,-148007

376379,-148681

376379,-149340

376385,-151598

376385,-151591

376385,-153986

376385,-154932

376385,-156751

376386,-158545

376386,-158743

376386,-159612

376386,-160166

376386,-159657

376386,-160393

376386,-157816

376386,-156386

376387,-155985

376387,-156145

376387,-153640

376393,-152253

376393,-151378

376393,-148432

376393,-148136

376393,-146549

376394,-145478

376394,-144520

376394,-142111

376394,-141388

376394,-139697

376394,-137958

376394,-137408

376394,-135155

376395,-133779

376395,-133429

376395,-131665

376401,-130930

376401,-129102

376401,-130046

376401,-128073

376401,-128123

376402,-127531

376402,-126498

376402,-127068

376402,-126043

376402,-125546

376402,-127025

376402,-126185

376402,-127526

376403,-126567

376403,-127023

376403,-126767

376409,-126378

376409,-126000

376409,-125771

376409,-125639

376409,-125446

376410,-124107

376410,-125270

376410,-125216

376410,-124737

376410,-124829

376410,-122910

376410,-123237

376410,-121490

376411,-120786

376411,-119847

376411,-117692

376417,-116484

376417,-115907

376417,-113796

376417,-112908

376417,-109952

376418,-109757

376418,-107657

376418,-105370

376418,-104754

376418,-101916

376418,-102615

376418,-101791

376418,-101838

376419,-101098

376419,-100887

376419,-100259

376425,-99684

376425,-99449

376425,-99468

376425,-99392

376425,-98857

376426,-98261

376426,-96914

376426,-97089

376426,-97247

376426,-98050

376426,-98460

376426,-100223

376426,-100381

376427,-102031

376427,-103438

376427,-105929

376433,-108474

376433,-110199

376433,-111563

376433,-113936

376433,-115337

376434,-118012

376434,-118227

376434,-119200

376434,-120278

376434,-119955

376434,-120735

376434,-120084

376434,-119495

376435,-117382

376435,-115691

376435,-115069

376441,-113528

376441,-112016

376441,-110553

376441,-108717

376441,-107508

376442,-106023

376442,-105350

376442,-105195

376442,-103387

376442,-103355

376442,-102523

376442,-103062

376442,-102762

376443,-103964

376443,-103555

376443,-104138

376449,-103808

376449,-102578

376449,-102855

376449,-101316

376449,-101103

376450,-100300

376450,-98274

376450,-97269

376450,-96278

376450,-95470

376450,-95720

376450,-96067

376450,-97405

376451,-98582

376451,-98679

376451,-100435

376457,-101420

376457,-102012

376457,-103219

376457,-103953

376457,-104051

376458,-105425

376458,-105330

376458,-105917

376458,-104622

376458,-104293

376458,-103364

376458,-103146

376458,-102368

376459,-100527

376459,-99031

376459,-97635

376465,-96917

376465,-94900

376465,-92316

376465,-90826

376465,-89425

376466,-87409

376466,-85869

376466,-83869

376466,-83176

376466,-81539

376466,-79399

376466,-78687

376466,-77785

376467,-76408

376467,-74166

376467,-72902

376473,-72745

376473,-72452

376473,-71675

376473,-69837

376473,-69747

376474,-69150

376474,-69807

376474,-70179

376474,-69120

376474,-68369

376474,-68086

376474,-68323

376474,-68821

376475,-69338

376475,-69371

376475,-69806

376481,-69290

376481,-69819

376481,-68783

376481,-68852

376481,-69541

376482,-69580

376482,-67566

376482,-67117

376482,-66051

376482,-65505

376482,-65514

376482,-64105

376482,-63440

376483,-62292

376483,-60439

376483,-57951

376489,-55521

376489,-54067

376489,-52707

376489,-50758

376489,-49211

376490,-48008

376490,-46215

376490,-44101

376490,-41967

376490,-40163

376490,-39710

376490,-38821

376490,-36590

376491,-36659

376491,-34941

376491,-33885

376497,-33742

376497,-33233

376497,-32785

376497,-33016

376497,-32748

376498,-31864

376498,-31951

376498,-32935

376498,-33170

376498,-32992

376498,-32700

376498,-32254

376498,-32376

376499,-31635

376499,-30755

376499,-30876

376505,-31181

376505,-31861

376505,-30705

376505,-30941

376505,-31050

376506,-30465

376506,-31125

376506,-30344

376506,-30827

376506,-30635

376506,-29625

376506,-29666

376506,-28999

376507,-29603

376507,-29308

376507,-27984

376513,-26098

376513,-25498

376513,-25082

376513,-25192

376513,-24221

376514,-23782

376514,-23732

376514,-21804

376514,-21591

376514,-20517

376514,-20172

376514,-21301

376514,-20762

376515,-21055

376515,-21048

376515,-22292

376521,-23152

376521,-22651

376521,-23727

376521,-23510

376521,-24862

376522,-25427

376522,-26704

376522,-27629

376522,-28431

376522,-29961

376522,-29544

376522,-30261

376522,-32077

376523,-32133

376523,-31811

376523,-31726

376529,-32069

376529,-32248

376529,-32664

376529,-32708

376529,-33406

376530,-33726

376530,-32922

376530,-32173

376530,-31849

376530,-32368

376530,-32217

376530,-31940

376530,-30961

376531,-30158

376531,-29226

376531,-28131

376537,-26248

376537,-26227

376537,-26378

376537,-26138

376537,-25835

376538,-24757

376538,-24931

376538,-26335

376538,-25684

376538,-26632

376538,-26140

376538,-27364

376538,-27130

376539,-27441

376539,-27374

376539,-26556

376545,-27290

376545,-26679

376545,-26827

376545,-26132

376545,-24592

376546,-24666

376546,-22351

376546,-21453

376546,-19580

376546,-18085

376546,-15320

376546,-13838

376546,-12690

376547,-10522

376547,-9187

376547,-8400

376553,-6059

376553,-4055

376553,-1781

376553,-1445

376553,-120

376554,3006

376554,6251

376554,9062

376554,13186

376554,16847

376554,20780

376554,24297

376554,28122

376555,32556

376555,36111

376555,39176

376561,41447

376561,44354

376561,47389

376561,49962

376561,52714

376562,54991

376562,58626

376562,62395

376562,64321

376562,66883

376562,69274

376562,71953

376562,74229

376563,76733

376563,79084

376563,81781

376569,84781

376569,87447

376569,89177

376569,90607

376569,91514

376570,93123

376570,94773

376570,96356

376570,96784

376570,97426

376570,99219

376570,100781

376570,101644

376571,102286

376571,103076

376571,103137

376577,103653

376577,103520

376577,103536

376577,103488

376577,103907

376578,103936

376578,103017

376578,102490

376578,101271

376578,100306

376578,98662

376578,98056

376578,97025

376579,96095

376579,95741

376579,93230

376585,92204

376585,90730

376585,88846

376585,87117

376585,86591

376586,84295

376586,83114

376586,81913

376586,80927

376586,79461

376586,79123

376586,76828

376586,75709

376587,75239

376587,74962

376587,74597

376593,73487

376593,72176

376593,71492

376593,71653

376593,71248

376594,71132

376594,71456

376594,71307

376594,69446

376594,68428

376594,67159

376594,65978

376594,65488

376595,65127

376595,64652

376595,64398

376601,63950

376601,63895

376601,63830

376601,62812

376601,63297

376602,63540

376602,64392

376602,64548

376602,65053

376602,65372

376602,65577

376602,65754

376602,66522

376603,66153

376603,67598

376603,69046

376609,71522

376609,72299

376609,74453

376609,76123

376609,77584

376610,79720

376610,82076

376610,84394

376610,86985

376610,90590

376610,93116

376610,95016

376610,98479

376611,101116

376611,103866

376611,106557

376617,108047

376617,109224

376617,111572

376617,113809

376617,115280

376618,118818

376618,120964

376618,122401

376618,124073

376618,125252

376618,125704

376618,126280

376618,127216

376619,128547

376619,129737

376619,129924

376625,130518

376625,130859

376625,130479

376625,129852

376625,129691

376626,129374

376626,128937

376626,128777

376626,129926

376626,130703

376626,131109

376626,132559

376626,132775

376627,133169

376627,133306

376627,134203

376633,135199

376633,135944

376633,136007

376633,137062

376633,137811

376634,138765

376634,138114

376634,138412

376634,137936

376634,138040

376634,137782

376634,136927

376634,136426

376635,136194

376635,135080

376635,134073

376641,133703

376641,132304

376641,130961

376641,128951

376641,126775

376642,123981

376642,121327

376642,118189

376642,116743

376642,114244

376642,111875

376642,109140

376642,106903

376643,103767

376643,102050

376643,99189

376649,96620

376649,95138

376649,94368

376649,91832

376649,89073

376650,87696

376650,86488

376650,84430

376650,82362

376650,81033

376650,79699

376650,78581

376650,77290

376651,77056

376651,77166

376651,77498

376657,76070

376657,75082

376657,75455

376657,74321

376657,74187

376658,75046

376658,75801

376658,75401

376658,76273

376658,76424

376658,77035

376658,75761

376658,75760

376659,76412

376659,76787

376659,77608

376665,76961

376665,77912

376665,78198

376665,78143

376665,78746

376666,78013

376666,77156

376666,76725

376666,76864

376666,75986

376666,75773

376666,74002

376666,74430

376667,74781

376667,75408

376667,73195

376673,73198

376673,73130

376673,71776

376673,71215

376673,71218

376674,71545

376674,71085

376674,71667

376674,72708

376674,71997

376674,72367

376674,73817

376674,74160

376675,75316

376675,77086

376675,77682

376681,78165

376681,80766

376681,80019

376681,81779

376681,82142

376682,84256

376682,84823

376682,84701

376682,85413

376682,87275

376682,87139

376682,88622

376682,89430

376683,89954

376683,91688

376683,91816

376689,93439

376689,94320

376689,95163

376689,95490

376689,96530

376690,97287

376690,96806

376690,97902

376690,97318

376690,96726

376690,96693

376690,97094

376690,95566

376691,95222

376691,94343

376691,93638

376697,92571

376697,90030

376697,88731

376697,87252

376697,85082

376698,84050

376698,83226

376698,81787

376698,79978

376698,80050

376698,77881

376698,76975

376698,75203

376699,74895

376699,73210

376699,70740

376705,69863

376705,69200

376705,68397

376705,67147

376705,66343

376706,64983

376706,64163

376706,64380

376706,63253

376706,63909

376706,62660

376706,62418

376706,61462

376707,60321

376707,60972

376707,60294

376713,59438

376713,59157

376713,57509

376713,55783

376713,54571

376714,52495

376714,51803

376714,50703

376714,50971

376714,49535

376714,48095

376714,46433

376714,45168

376715,43692

376715,42243

376715,42787

376721,42803

376721,41115

376721,41328

376721,39757

376721,38391

376722,36589

376722,35355

376722,34514

376722,34439

376722,33965

376722,33995

376722,33710

376722,33445

376723,33773

376723,34255

376723,34774

376729,36531

376729,37472

376729,39472

376729,39836

376729,43134

376730,45127

376730,46131

376730,48118

376730,50148

376730,52673

376730,54956

376730,58271

376730,59805

376731,62563

376731,64013

376731,65520

376737,67210

376737,67866

376737,70101

376737,70683

376737,71795

376738,73019

376738,73788

376738,74382

376738,75157

376738,76593

376738,76483

376738,78182

376738,77826

376739,78353

376739,77911

376739,77760

376745,76899

376745,75749

376745,75830

376745,73387

376745,70297

376746,69610

376746,67128

376746,67033

376746,64847

376746,69865

376746,71683

376746,72702

376746,84438

376747,10214

376747,18746

376747,117785

376753,137134

376753,252248

376753,236204

376753,102075

376753,54390

376754,-31875

376754,-70716

376754,-89666

376754,-85585

376754,-187

376754,44264

376754,49737

376754,76504

376755,76181

376755,50826

376755,33780

376761,74573

376761,54840

376761,49422

376761,33361

376761,21677

376762,32030

376762,27349

376762,53802

376762,75214

376762,70714

376762,28731

376762,9750

376762,43271

376763,55617

376763,30684

376763,29408

376769,46048

376769,69263

376769,66475

376769,57450

376769,3680

376770,13376

376770,1223

376770,5379

376770,19919

376770,31615

376770,24745

376770,22060

376770,20704

376771,3164

376771,5176

376771,24946

376777,31340

376777,51807

376777,36198

376777,48199

376777,37894

376778,8902

376778,16711

376778,25705

376778,48399

376778,29043

376778,40551

376778,43770

376778,37382

376779,27151

376779,29692

376779,44169

376785,45978

376785,27963

376785,23641

376785,18539

376785,38754

376786,42023

376786,39319

376786,29329

376786,18937

376786,17392

376786,36038

376786,21028

376786,20712

376787,28934

376787,28980

376787,26342

376793,34307

376793,37507

376793,48122

376793,24283

376793,22805

376794,24822

376794,27481

376794,29679

376794,29631

376794,20483

376794,21929

376794,13488

376794,8561

376795,2194

376795,19470

376795,17360

376801,15557

376801,3409

376801,-220

376801,3280

376801,7957

376802,13231

376802,28268

376802,22014

376802,28576

376802,22874

376802,18847

376802,13397

376802,6989

376803,1803

376803,7394

376803,2370

376809,-2545

376809,767

376809,8295

376809,-3288

376809,-6500

376810,-1646

376810,878

376810,-704

376810,316

376810,536

376810,1845

376810,-9926

376810,-25030

376811,-14761

376811,-1660

376811,-4211

376817,-4133

376817,-3303

376817,-1907

376817,-7069

376817,-11302

376818,-15700

376818,-20941

376818,-22102

376818,-11845

376818,-7465

376818,-9876

376818,-3754

376818,-8138

376819,-15675

376819,-21895

376819,-20637

376825,-13840

376825,-8801

376825,-6722

376825,-9965

376825,-4941

376826,-14668

376826,-10789

376826,-17935

376826,-11079

376826,-3442

376826,-1746

376826,-9653

376826,-17404

376827,-19772

376827,-19291

376827,-10858

376833,2113

376833,432

376833,-6322

376833,-8769

376833,63

376834,1375

376834,1560

376834,1201

376834,1231

376834,101

376834,2271

376834,4076

376834,1326

376835,-3654

376835,-2627

376835,448

376841,1494

376841,1018

376841,-913

376841,6388

376841,12856

376842,12203

376842,19504

376842,21982

376842,25502

376842,24865

376842,19177

376842,17545

376842,10335

376843,4245

376843,24

376843,675

376849,9908

376849,18961

376849,19074

376849,14018

376849,15296

376850,10972

376850,8265

376850,2501

376850,3324

376850,7350

376850,6213

376850,845

376850,-83

376851,376

376851,-6679

376851,-8210

376857,-10983

376857,-6263

376857,-8187

376857,-9242

376857,-12090

376858,-16554

376858,-15475

376858,-14660

376858,-12431

376858,-14944

376858,-16978

376858,-23639

376858,-29410

376859,-27874

376859,-21130

376859,-19107

376865,-21881

376865,-19401

376865,-15090

376865,-15599

376865,-17961

376866,-20301

376866,-23170

376866,-22938

376866,-23321

376866,-20284

376866,-19776

376866,-19258

376866,-20148

376867,-18332

376867,-21679

376867,-25364

376873,-25029

376873,-22988

376873,-24390

376873,-24896

376873,-23090

376874,-19602

376874,-18096

376874,-13117

376874,-15848

376874,-22971

376874,-24480

376874,-29208

376874,-28329

376875,-29014

376875,-28644

376875,-27130

376881,-27029

376881,-25906

376881,-23136

376881,-22246

376881,-21204

376882,-17316

376882,-17861

376882,-15798

376882,-12731

376882,-11845

376882,-9703

376882,-9719

376882,-6713

376883,-822

376883,2987

376883,5565

376889,4871

376889,5565

376889,7348

376889,14113

376889,15461

376890,15163

376890,18037

376890,21584

376890,23481

376890,26654

376890,27228

376890,28766

376890,29195

376891,27829

376891,25741

376891,26597

376897,27036

376897,28347

376897,28342

376897,27281

376897,23327

376898,19360

376898,22011

376898,21892

376898,23303

376898,22217

376898,21015

376898,18240

376898,18554

376899,18413

376899,17580

376899,13644

376905,10862

376905,8458

376905,7198

376905,7672

376905,7310

376906,9638

376906,9609

376906,5734

376906,1109

376906,1424

376906,2804

376906,5648

376906,7912

376907,7735

376907,5993

376907,4144

376913,4889

376913,6176

376913,4776

376913,6543

376913,8037

376914,7417

376914,4091

376914,3560

376914,3250

376914,3167

376914,3179

376914,230

376914,-701

376915,-1537

376915,-1748

376915,-3810

376921,-5333

376921,-5954

376921,-7439

376921,-9364

376921,-11759

376922,-13123

376922,-16186

376922,-16909

376922,-20640

376922,-23428

376922,-25735

376922,-27300

376922,-30095

376923,-30359

376923,-32476

376923,-32063

376929,-33423

376929,-34264

376929,-34829

376929,-33531

376929,-31542

376930,-32070

376930,-30631

376930,-30334

376930,-26758

376930,-24174

376930,-23744

376930,-21792

376930,-21223

376931,-20715

376931,-20750

376931,-17478

376937,-15482

376937,-14017

376937,-13270

376937,-13216

376937,-10981

376938,-10719

376938,-9369

376938,-7583

376938,-5366

376938,-4209

376938,-2738

376938,-730

376938,-989

376939,-503

376939,1572

376939,1069

376945,3237

376945,3877

376945,5021

376945,5097

376945,5151

376946,4050

376946,2692

376946,1395

376946,2263

376946,3960

376946,4362

376946,4950

376946,5232

376947,6380

376947,6747

376947,6507

376953,7983

376953,7226

376953,7853

376953,9193

376953,11226

376954,13145

376954,15648

376954,17278

376954,18868

376954,20068

376954,20598

376954,21485

376954,21206

376955,21734

376955,23554

376955,27132

376961,29071

376961,30711

376961,30868

376961,31419

376961,32178

376962,32947

376962,33651

376962,33500

376962,35162

376962,34992

376962,34493

376962,35134

376962,34155

376963,32156

376963,31733

376963,31780

376969,31377

376969,30071

376969,29611

376969,27587

376969,26707

376970,24459

376970,23588

376970,22356

376970,19562

376970,18419

376970,16051

376970,15633

376970,13257

376971,12529

376971,11440

376971,10567

376977,10734

376977,9134

376977,9637

376977,8141

376977,7874

376978,7292

376978,7129

376978,7751

376978,9046

376978,7741

376978,8316

376978,8406

376978,8613

376979,8792

376979,9443

376979,8584

376985,9142

376985,8809

376985,7723

376985,7267

376985,8583

376986,8887

376986,9463

376986,8870

376986,9893

376986,9239

376986,10561

376986,10189

376986,10140

376987,9423

376987,9686

376987,9693

376993,8512

376993,8503

376993,8289

376993,8205

376993,8647

376994,10315

376994,9471

376994,9167

376994,9461

376994,10173

376994,10996

376994,11562

376994,12568

376995,14543

376995,15615

376995,16178

377001,17930

377001,18428

377001,18173

377001,18804

377001,19173

377002,19954

377002,21077

377002,22752

377002,24575

377002,24741

377002,25483

377002,25189

377002,25679

377003,26191

377003,28357

377003,29451

377009,29984

377009,31389

377009,30685

377009,31827

377009,32781

377010,32969

377010,33502

377010,32963

377010,33762

377010,35053

377010,34949

377010,35037

377010,33798

377011,33766

377011,32022

377011,31807

377017,31129

377017,30330

377017,30834

377017,31019

377017,29956

377018,28588

377018,29118

377018,28523

377018,29006

377018,28718

377018,28452

377018,27518

377018,25290

377019,25539

377019,24187

377019,23736

377025,23227

377025,21988

377025,20403

377025,18630

377025,17037

377026,15908

377026,15263

377026,14451

377026,11541

377026,10141

377026,8723

377026,7380

377026,5385

377027,4886

377027,4659

377027,3345

377033,1767

377033,1219

377033,931

377033,885

377033,1523

377034,440

377034,-999

377034,-1201

377034,-1062

377034,-168

377034,-356

377034,-152

377034,-797

377035,-443

377035,-220

377035,-1083

377041,-1066

377041,-202

377041,168

377041,-351

377041,-457

377042,-127

377042,1638

377042,1637

377042,586

377042,340

377042,296

377042,215

377042,-59

377043,-854

377043,-15

377043,-572

377049,-858

377049,-714

377049,-1731

377049,-2674

377049,-3122

377050,-2966

377050,-2329

377050,-1679

377050,-1383

377050,-1456

377050,-1897

377050,-1559

377050,-1551

377051,-1841

377051,-1089

377051,-1385

377057,-1544

377057,-1178

377057,-847

377057,-1578

377057,-1476

377058,-329

377058,-679

377058,1078

377058,2418

377058,2276

377058,2108

377058,2612

377058,3314

377059,3572

377059,4140

377059,3877

377065,3022

377065,3353

377065,3719

377065,3640

377065,3893

377066,4290

377066,4570

377066,4658

377066,4464

377066,4511

377066,3592

377066,4609

377066,4210

377067,2966

377067,3628

377067,3175

377073,2438

377073,2851

377073,3211

377073,2943

377073,3068

377074,2816

377074,3379

377074,4272

377074,4223

377074,4657

377074,4950

377074,5795

377074,6394

377075,8110

377075,9356

377075,10496

377081,10690

377081,12244

377081,13084

377081,13080

377081,13569

377082,13384

377082,13421

377082,13506

377082,13460

377082,13077

377082,13910

377082,14771

377082,15278

377083,14912

377083,15421

377083,15297

377089,15039

377089,14740

377089,15273

377089,13783

377089,13851

377090,12959

377090,13420

377090,12287

377090,11505

377090,11637

377090,9935

377090,9591

377090,9409

377091,8399

377091,7925

377091,8882

377097,8644

377097,9196

377097,7352

377097,8292

377097,8475

377098,7730

377098,8744

377098,7061

377098,6768

377098,7008

377098,6747

377098,7304

377098,6321

377099,6113

377099,6631

377099,6734

377105,6153

377105,5624

377105,5325

377105,4951

377105,5185

377106,3938

377106,3104

377106,2269

377106,1758

377106,2314

377106,570

377106,1728

377106,1485

377107,1646

377107,1380

377107,727

377113,769

377113,619

377113,413

377113,-79

377113,-75

377114,-671

377114,-412

377114,-233

377114,-807

377114,-715

377114,-278

377114,-1490

377114,-1510

377115,-621

377115,-176

377115,-74

377121,-13

377121,1254

377121,1700

377121,1407

377121,758

377122,1409

377122,391

377122,575

377122,2104

377122,2781

377122,1387

377122,457

377122,-332

377123,737

377123,461

377123,945

377129,138

377129,-642

377129,-2098

377129,-1042

377129,-1450

377130,-1823

377130,-2838

377130,-3666

377130,-4275

377130,-4422

377130,-4848

377130,-5425

377130,-6066

377131,-6625

377131,-7573

377131,-6551

377137,-7099

377137,-6726

377137,-7713

377137,-7307

377137,-7713

377138,-8246

377138,-9570

377138,-10503

377138,-10670

377138,-12409

377138,-13839

377138,-15264

377138,-17162

377139,-17888

377139,-18898

377139,-19698

377145,-19883

377145,-19722

377145,-20074

377145,-20729

377145,-21461

377146,-20881

377146,-20885

377146,-21687

377146,-20966

377146,-22286

377146,-21653

377146,-22085

377146,-23974

377147,-23972

377147,-23577

377147,-22999

377153,-21286

377153,-22485

377153,-22776

377153,-21863

377153,-21836

377154,-21416

377154,-19988

377154,-19788

377154,-19404

377154,-19359

377154,-19242

377154,-18788

377154,-19127

377155,-18380

377155,-17216

377155,-16645

377161,-15781

377161,-15459

377161,-14532

377161,-13455

377161,-10964

377162,-11018

377162,-10829

377162,-8969

377162,-8730

377162,-7485

377162,-7277

377162,-5106

377162,-4541

377163,-4557

377163,-4145

377163,-3361

377169,-2510

377169,-2014

377169,-2139

377169,-1852

377169,-522

377170,-478

377170,1309

377170,927

377170,2758

377170,1489

377170,2917

377170,4127

377170,4968

377171,5485

377171,5706

377171,6188

377177,6640

377177,7280

377177,6945

377177,7196

377177,7980

377178,8481

377178,9735

377178,9234

377178,10173

377178,10168

377178,10940

377178,11307

377178,11693

377179,11893

377179,11250

377179,10661

377185,10459

377185,9957

377185,9641

377185,7483

377185,5632

377186,5580

377186,3955

377186,3010

377186,2066

377186,782

377186,-1243

377186,-2185

377186,-2510

377187,-3973

377187,-5868

377187,-6084

377193,-7368

377193,-7524

377193,-8279

377193,-9603

377193,-9436

377194,-9490

377194,-10928

377194,-11733

377194,-11628

377194,-12298

377194,-13616

377194,-14235

377194,-15776

377195,-16291

377195,-17197

377195,-16387

377201,-17020

377201,-16396

377201,-16917

377201,-16273

377201,-16900

377202,-16045

377202,-16458

377202,-15542

377202,-14881

377202,-14015

377202,-13821

377202,-12438

377202,-11073

377203,-12129

377203,-11453

377203,-10526

377209,-10545

377209,-11909

377209,-11963

377209,-13646

377209,-14155

377210,-15231

377210,-15041

377210,-15648

377210,-14677

377210,-15111

377210,-15203

377210,-16767

377210,-18182

377211,-18807

377211,-19579

377211,-19718

377217,-20046

377217,-21992

377217,-22239

377217,-21799

377217,-23093

377218,-22479

377218,-23317

377218,-23258

377218,-22842

377218,-22966

377218,-22471

377218,-23073

377218,-22610

377219,-22285

377219,-22195

377219,-20724

377225,-19999

377225,-20286

377225,-20049

377225,-19267

377225,-19758

377226,-17626

377226,-18181

377226,-17055

377226,-15725

377226,-15506

377226,-15224

377226,-15027

377226,-14922

377227,-15156

377227,-15048

377227,-15232

377233,-15876

377233,-15281

377233,-14948

377233,-15691

377233,-16685

377234,-16955

377234,-17296

377234,-17267

377234,-18420

377234,-18471

377234,-20918

377234,-19871

377234,-20579

377235,-21047

377235,-21614

377235,-22659

377241,-23662

377241,-25078

377241,-26270

377241,-25960

377241,-27202

377242,-27733

377242,-27203

377242,-27574

377242,-27920

377242,-28037

377242,-27516

377242,-28133

377242,-28013

377243,-27798

377243,-27640

377243,-27749

377249,-26891

377249,-27232

377249,-25365

377249,-26179

377249,-27170

377250,-26632

377250,-26733

377250,-26075

377250,-25716

377250,-25327

377250,-24906

377250,-24171

377250,-24334

377251,-25107

377251,-25341

377251,-25657

377257,-26324

377257,-27266

377257,-27817

377257,-28789

377257,-31045

377258,-31569

377258,-32075

377258,-32956

377258,-32675

377258,-34392

377258,-36917

377258,-36387

377258,-37111

377259,-39863

377259,-39958

377259,-41066

377265,-43728

377265,-43916

377265,-45229

377265,-43821

377265,-46186

377266,-46002

377266,-46019

377266,-45914

377266,-44027

377266,-44233

377266,-44826

377266,-45606

377266,-46798

377267,-46688

377267,-45635

377267,-44684

377273,-44123

377273,-43957

377273,-43927

377273,-43568

377273,-43526

377274,-42339

377274,-41100

377274,-39477

377274,-38481

377274,-36889

377274,-35636

377274,-34999

377274,-33547

377275,-33368

377275,-31361

377275,-30349

377281,-29887

377281,-28879

377281,-28344

377281,-26863

377281,-25958

377282,-26341

377282,-24279

377282,-22643

377282,-21274

377282,-20309

377282,-18792

377282,-17897

377282,-16486

377283,-16261

377283,-15769

377283,-14693

377289,-13589

377289,-12636

377289,-11275

377289,-11218

377289,-11527

377290,-11933

377290,-11894

377290,-11903

377290,-10968

377290,-9331

377290,-8209

377290,-8102

377290,-7231

377291,-7590

377291,-6866

377291,-5059

377297,-5589

377297,-4820

377297,-4891

377297,-4957

377297,-5356

377298,-4762

377298,-4286

377298,-5026

377298,-5367

377298,-5097

377298,-4593

377298,-5589

377298,-5708

377299,-5303

377299,-4082

377299,-5043

377305,-6569

377305,-6473

377305,-8337

377305,-8357

377305,-10370

377306,-10899

377306,-10373

377306,-10779

377306,-11605

377306,-13037

377306,-14958

377306,-15853

377306,-16548

377307,-18349

377307,-20008

377307,-21429

377313,-22486

377313,-24413

377313,-25556

377313,-26259

377313,-27616

377314,-28113

377314,-28413

377314,-29264

377314,-29070

377314,-30081

377314,-28842

377314,-29332

377314,-29903

377315,-30508

377315,-29368

377315,-29985

377321,-30541

377321,-30374

377321,-30931

377321,-31059

377321,-31325

377322,-30020

377322,-31338

377322,-31158

377322,-30365

377322,-30068

377322,-29257

377322,-28482

377322,-26952

377323,-26482

377323,-24091

377323,-22987

377329,-22036

377329,-21474

377329,-19596

377329,-19040

377329,-17561

377330,-17176

377330,-17031

377330,-17622

377330,-17355

377330,-16087

377330,-16575

377330,-15903

377330,-15985

377331,-15220

377331,-13596

377331,-13429

377337,-12100

377337,-12334

377337,-9811

377337,-9395

377337,-8515

377338,-7197

377338,-6214

377338,-5587

377338,-5487

377338,-4424

377338,-5303

377338,-4657

377338,-4592

377339,-4018

377339,-4059

377339,-3981

377345,-3028

377345,-2081

377345,-1274

377345,-24

377345,-157

377346,1667

377346,2266

377346,1975

377346,2988

377346,3590

377346,3537

377346,3210

377346,2469

377347,2200

377347,1879

377347,1700

377353,417

377353,1220

377353,1900

377353,1295

377353,2231

377354,1884

377354,2239

377354,2074

377354,2359

377354,3161

377354,3316

377354,3044

377354,2779

377355,2473

377355,1831

377355,1612

377361,2053

377361,1804

377361,1994

377361,2686

377361,2109

377362,2403

377362,2826

377362,3089

377362,2728

377362,2912

377362,3226

377362,3044

377362,2469

377363,1165

377363,-230

377363,-297

377369,489

377369,-789

377369,-1823

377369,-2475

377369,-3177

377370,-3336

377370,-4778

377370,-6047

377370,-6770

377370,-7334

377370,-8532

377370,-8992

377370,-10073

377371,-10308

377371,-10916

377371,-11569

377377,-11212

377377,-11630

377377,-12322

377377,-13140

377377,-13330

377378,-13378

377378,-13108

377378,-12006

377378,-13420

377378,-13596

377378,-13329

377378,-13921

377378,-15141

377379,-15132

377379,-15508

377379,-14711

377385,-15751

377385,-15720

377385,-16693

377385,-16151

377385,-16338

377386,-15928

377386,-15118

377386,-15361

377386,-14811

377386,-14120

377386,-13728

377386,-14154

377386,-13825

377387,-14204

377387,-14938

377387,-15692

377393,-15868

377393,-16700

377393,-17921

377393,-17724

377393,-17916

377394,-18816

377394,-18805

377394,-19004

377394,-19699

377394,-19899

377394,-19981

377394,-20152

377394,-19003

377395,-18226

377395,-18099

377395,-17368

377401,-18469

377401,-17663

377401,-17056

377401,-16771

377401,-16999

377402,-17017

377402,-17204

377402,-17693

377402,-16532

377402,-16526

377402,-15921

377402,-16727

377402,-16183

377403,-16757

377403,-17079

377403,-16246

377409,-16867

377409,-16597

377409,-17342

377409,-17729

377409,-18951

377410,-18861

377410,-20304

377410,-20934

377410,-22401

377410,-24371

377410,-25500

377410,-26606

377410,-27277

377411,-28662

377411,-29173

377411,-30861

377417,-31320

377417,-32565

377417,-34076

377417,-35429

377417,-36523

377418,-37615

377418,-38138

377418,-38722

377418,-38809

377418,-38898

377418,-40073

377418,-40846

377418,-40254

377419,-40145

377419,-39670

377419,-39472

377425,-39490

377425,-37986

377425,-36248

377425,-35249

377425,-34298

377426,-34851

377426,-33780

377426,-33095

377426,-32577

377426,-30737

377426,-29876

377426,-28639

377426,-27440

377427,-26574

377427,-26205

377427,-24712

377433,-24351

377433,-23661

377433,-22397

377433,-21428

377433,-21257

377434,-21459

377434,-20268

377434,-19174

377434,-16562

377434,-15456

377434,-13750

377434,-13253

377434,-11562

377435,-9894

377435,-7884

377435,-5248

377441,-4043

377441,-2849

377441,-283

377441,468

377441,904

377442,1804

377442,3817

377442,4805

377442,6529

377442,7118

377442,8953

377442,10263

377442,11209

377443,12106

377443,14572

377443,15508

377449,16500

377449,17448

377449,18099

377449,18473

377449,18817

377450,20233

377450,19000

377450,18314

377450,17372

377450,16502

377450,15135

377450,15099

377450,14017

377451,13221

377451,11197

377451,10938

377457,11066

377457,9937

377457,8964

377457,7153

377457,6193

377458,4717

377458,3662

377458,1061

377458,-60

377458,-1675

377458,-3520

377458,-6459

377458,-8745

377459,-10939

377459,-12900

377459,-15384

377465,-16704

377465,-19165

377465,-20997

377465,-22053

377465,-23089

377466,-24687

377466,-26020

377466,-27472

377466,-28329

377466,-28104

377466,-29393

377466,-28961

377466,-29844

377467,-30455

377467,-32035

377467,-33124

377473,-33351

377473,-34488

377473,-34896

377473,-35896

377473,-35298

377474,-36848

377474,-37768

377474,-37661

377474,-37369

377474,-38513

377474,-38200

377474,-37732

377474,-37223

377475,-37017

377475,-35733

377475,-36304

377481,-35837

377481,-35568

377481,-35292

377481,-34698

377481,-34924

377482,-34430

377482,-34462

377482,-34838

377482,-32897

377482,-33564

377482,-33144

377482,-32788

377482,-32211

377483,-30586

377483,-29788

377483,-29418

377489,-28385

377489,-27183

377489,-25356

377489,-23785

377489,-23250

377490,-21229

377490,-19478

377490,-18942

377490,-17138

377490,-15711

377490,-14700

377490,-13216

377490,-12168

377491,-9504

377491,-6915

377491,-4113

377497,-2628

377497,306

377497,1733

377497,3751

377497,6283

377498,9293

377498,11624

377498,13381

377498,15666

377498,16532

377498,18702

377498,20361

377498,22237

377499,23222

377499,24285

377499,24457

377505,24915

377505,26768

377505,27344

377505,28195

377505,29963

377506,30405

377506,31907

377506,32490

377506,33249

377506,33123

377506,34098

377506,34185

377506,34336

377507,34287

377507,33593

377507,33858

377513,33223

377513,33019

377513,33161

377513,32776

377513,32557

377514,33307

377514,33515

377514,34197

377514,33831

377514,34006

377514,33705

377514,33930

377514,33087

377515,33511

377515,34472

377515,34066

377521,32852

377521,32183

377521,31074

377521,31332

377521,29807

377522,28149

377522,27590

377522,26026

377522,25061

377522,24869

377522,24248

377522,22799

377522,20617

377523,18522

377523,15765

377523,15006

377529,12524

377529,9815

377529,7746

377529,4917

377529,2798

377530,-463

377530,-3846

377530,-7206

377530,-9869

377530,-13071

377530,-16429

377530,-20159

377530,-23220

377531,-25370

377531,-28602

377531,-29637

377537,-31294

377537,-34879

377537,-36290

377537,-38242

377537,-39183

377538,-40285

377538,-41135

377538,-39661

377538,-41524

377538,-40487

377538,-40597

377538,-40718

377538,-40190

377539,-40420

377539,-38613

377539,-38952

377545,-36547

377545,-36411

377545,-35706

377545,-33555

377545,-33265

377546,-30927

377546,-30649

377546,-28712

377546,-27154

377546,-25133

377546,-23006

377546,-22124

377546,-21132

377547,-19215

377547,-17588

377547,-15851

377553,-14045

377553,-13425

377553,-12162

377553,-10771

377553,-9952

377554,-9148

377554,-6517

377554,-5865

377554,-3722

377554,-2265

377554,-1162

377554,932

377554,2557

377555,3889

377555,7637

377555,9986

377561,11966

377561,13044

377561,15226

377561,16639

377561,18105

377562,20309

377562,22212

377562,22688

377562,24138

377562,26616

377562,26076

377562,27872

377562,28497

377563,29468

377563,30234

377563,32362

377569,32631

377569,34262

377569,33271

377569,33261

377569,35825

377570,35159

377570,35588

377570,34925

377570,35805

377570,34982

377570,34479

377570,33815

377570,33757

377571,31820

377571,29339

377571,28899

377577,27458

377577,26131

377577,25835

377577,24656

377577,23314

377578,22489

377578,22700

377578,20861

377578,21119

377578,20286

377578,19662

377578,16823

377578,16489

377579,14765

377579,12755

377579,11500

377585,10006

377585,8819

377585,7009

377585,4827

377585,2940

377586,1202

377586,-508

377586,-911

377586,-1024

377586,-2707

377586,-4136

377586,-5098

377586,-6419

377587,-8292

377587,-9418

377587,-12153

377593,-13415

377593,-14803

377593,-16647

377593,-16968

377593,-18120

377594,-19518

377594,-20616

377594,-23370

377594,-23358

377594,-24031

377594,-25915

377594,-27216

377594,-27702

377595,-30117

377595,-30521

377595,-31749

377601,-32846

377601,-33913

377601,-33413

377601,-35192

377601,-36540

377602,-37334

377602,-37071

377602,-38065

377602,-38675

377602,-39481

377602,-39488

377602,-40832

377602,-41646

377603,-42997

377603,-43356

377603,-42373

377609,-42511

377609,-41672

377609,-42562

377609,-43578

377609,-42859

377610,-42852

377610,-42681

377610,-43202

377610,-43412

377610,-44013

377610,-44559

377610,-43171

377610,-43092

377611,-42257

377611,-41659

377611,-41427

377617,-39712

377617,-38376

377617,-38179

377617,-36747

377617,-36745

377618,-34983

377618,-31440

377618,-30040

377618,-28540

377618,-27381

377618,-27067

377618,-24680

377618,-22686

377619,-22429

377619,-20071

377619,-19163

377625,-17582

377625,-15130

377625,-13027

377625,-10988

377625,-9047

377626,-7812

377626,-6466

377626,-4969

377626,-3077

377626,289

377626,1658

377626,3752

377626,5214

377627,7300

377627,9141

377627,10107

377633,11127

377633,12363

377633,13496

377633,14274

377633,15770

377634,16419

377634,18051

377634,17785

377634,19285

377634,20328

377634,21364

377634,22917

377634,22183

377635,23585

377635,24281

377635,24778

377641,24638

377641,25004

377641,24765

377641,24424

377641,24475

377642,23538

377642,24099

377642,23276

377642,22807

377642,21895

377642,21057

377642,20496

377642,20458

377643,20989

377643,20520

377643,20636

377649,19771

377649,19875

377649,19862

377649,19910

377649,21168

377650,20372

377650,19632

377650,19671

377650,19439

377650,19309

377650,18907

377650,17433

377650,16054

377651,15939

377651,15579

377651,15330

377657,15140

377657,13531

377657,14763

377657,14694

377657,14069

377658,13369

377658,12450

377658,12258

377658,11509

377658,11086

377658,10584

377658,8884

377658,8614

377659,7816

377659,5856

377659,4320

377665,3361

377665,2201

377665,1693

377665,700

377665,-807

377666,-907

377666,-845

377666,-319

377666,-1335

377666,-2348

377666,-3209

377666,-4452

377666,-4084

377667,-5417

377667,-6966

377667,-9402

377673,-10769

377673,-12029

377673,-14324

377673,-16583

377673,-17554

377674,-18230

377674,-19562

377674,-18978

377674,-19897

377674,-21407

377674,-20941

377674,-19843

377674,-19988

377675,-20817

377675,-20746

377675,-21309

377681,-22039

377681,-22581

377681,-23007

377681,-24017

377681,-23541

377682,-24117

377682,-24319

377682,-24770

377682,-25773

377682,-25451

377682,-25922

377682,-26770

377682,-27442

377683,-28148

377683,-28117

377683,-28181

377689,-27725

377689,-27806

377689,-28493

377689,-28718

377689,-30004

377690,-29987

377690,-30651

377690,-31212

377690,-29983

377690,-29930

377690,-30711

377690,-30270

377690,-29975

377691,-28801

377691,-29796

377691,-28941

377697,-27686

377697,-26852

377697,-25688

377697,-24842

377697,-24632

377698,-23309

377698,-21456

377698,-20853

377698,-18857

377698,-17853

377698,-14891

377698,-14059

377698,-12302

377699,-10622

377699,-8503

377699,-6536

377705,-4854

377705,-2598

377705,-1426

377705,-604

377705,398

377706,1762

377706,3636

377706,5308

377706,6977

377706,8012

377706,10152

377706,11978

377706,13541

377707,13660

377707,15828

377707,16693

377713,17632

377713,17480

377713,18261

377713,19463

377713,19539

377714,19723

377714,20640

377714,19773

377714,19861

377714,20508

377714,19977

377714,21085

377714,20562

377715,21887

377715,21314

377715,20631

377721,20492

377721,21242

377721,20365

377721,19643

377721,19698

377722,18450

377722,16965

377722,16955

377722,15526

377722,14134

377722,13288

377722,13108

377722,12868

377723,12360

377723,11595

377723,11460

377729,8669

377729,7855

377729,6329

377729,5627

377729,4175

377730,4064

377730,2419

377730,815

377730,-1480

377730,-2359

377730,-4874

377730,-5654

377730,-6962

377731,-9227

377731,-11148

377731,-12343

377737,-13270

377737,-14872

377737,-16949

377737,-18189

377737,-20551

377738,-21563

377738,-24992

377738,-27186

377738,-28224

377738,-28559

377738,-31188

377738,-32518

377738,-33325

377739,-34413

377739,-34845

377739,-35572

377745,-35416

377745,-36118

377745,-36058

377745,-36394

377745,-37557

377746,-39586

377746,-39407

377746,-39842

377746,-40685

377746,-40379

377746,-40467

377746,-40383

377746,-40330

377747,-39792

377747,-38514

377747,-37999

377753,-38822

377753,-37519

377753,-38473

377753,-38028

377753,-37282

377754,-36492

377754,-36738

377754,-36380

377754,-36572

377754,-35333

377754,-35215

377754,-34486

377754,-34730

377755,-33807

377755,-32797

377755,-31640

377761,-30838

377761,-28590

377761,-27142

377761,-26022

377761,-24782

377762,-24610

377762,-22715

377762,-21044

377762,-20278

377762,-18659

377762,-16932

377762,-16389

377762,-14966

377763,-13509

377763,-12279

377763,-10674

377769,-8515

377769,-7114

377769,-5856

377769,-5288

377769,-4333

377770,-3376

377770,-3959

377770,-2932

377770,-1247

377770,-1126

377770,-236

377770,455

377770,231

377771,850

377771,2037

377771,2986

377777,3918

377777,5128

377777,4981

377777,5933

377777,5867

377778,6490

377778,5607

377778,5590

377778,5678

377778,4607

377778,3987

377778,5193

377778,4434

377779,4200

377779,4338

377779,4840

377785,5078

377785,5086

377785,4852

377785,4142

377785,4117

377786,4429

377786,4530

377786,4271

377786,3529

377786,3216

377786,2563

377786,3888

377786,2021

377787,1320

377787,-683

377787,-1793

377793,-3587

377793,-4037

377793,-6445

377793,-7732

377793,-8922

377794,-11171

377794,-13397

377794,-15363

377794,-15638

377794,-18259

377794,-20522

377794,-22986

377794,-25506

377795,-28108

377795,-30129

377795,-31722

377801,-33427

377801,-36453

377801,-37764

377801,-40572

377801,-42443

377802,-45467

377802,-46811

377802,-48443

377802,-49303

377802,-52011

377802,-55875

377802,-59196

377802,-63340

377803,-67576

377803,-71713

377803,-74762

377809,-78095

377809,-79392

377809,-82439

377809,-83821

377809,-86710

377810,-88653

377810,-89805

377810,-91407

377810,-94082

377810,-95525

377810,-99337

377810,-100391

377810,-102349

377811,-103215

377811,-104943

377811,-106509

377817,-107600

377817,-108820

377817,-108354

377817,-108696

377817,-108461

377818,-107707

377818,-108109

377818,-106721

377818,-105275

377818,-103730

377818,-102121

377818,-99176

377818,-99462

377819,-97787

377819,-95483

377819,-94972

377825,-93162

377825,-92203

377825,-89356

377825,-88512

377825,-87398

377826,-87086

377826,-86754

377826,-85711

377826,-85978

377826,-85595

377826,-85217

377826,-84624

377826,-84123

377827,-83113

377827,-83947

377827,-83623

377833,-83619

377833,-83330

377833,-81436

377833,-80414

377833,-79685

377834,-79949

377834,-79957

377834,-81249

377834,-81780

377834,-80814

377834,-81676

377834,-81751

377834,-83796

377835,-83932

377835,-83464

377835,-83068

377841,-83505

377841,-82586

377841,-82894

377841,-82204

377841,-81080

377842,-81153

377842,-80957

377842,-80868

377842,-79679

377842,-78667

377842,-77012

377842,-76819

377842,-77129

377843,-77363

377843,-77395

377843,-77096

377849,-77403

377849,-77926

377849,-78520

377849,-78861

377849,-79620

377850,-80183

377850,-80849

377850,-81341

377850,-81894

377850,-83739

377850,-84414

377850,-85726

377850,-86447

377851,-87221

377851,-89442

377851,-90470

377857,-92708

377857,-95100

377857,-96173

377857,-97608

377857,-99379

377858,-101250

377858,-103585

377858,-105959

377858,-106607

377858,-108695

377858,-110022

377858,-111533

377858,-111809

377859,-112650

377859,-113478

377859,-113457

377865,-115629

377865,-115257

377865,-113530

377865,-112463

377865,-111598

377866,-110118

377866,-109232

377866,-108250

377866,-107849

377866,-106744

377866,-106270

377866,-105517

377866,-103887

377867,-102898

377867,-102875

377867,-101823

377873,-101576

377873,-101699

377873,-101552

377873,-101867

377873,-102429

377874,-102443

377874,-103907

377874,-103089

377874,-103484

377874,-104630

377874,-104333

377874,-107815

377874,-108361

377875,-109668

377875,-111186

377875,-112182

377881,-113398

377881,-114360

377881,-115782

377881,-115344

377881,-114522

377882,-115020

377882,-114275

377882,-113728

377882,-112885

377882,-112325

377882,-109532

377882,-108458

377882,-106159

377883,-104711

377883,-103311

377883,-101902

377889,-100435

377889,-98539

377889,-95592

377889,-92197

377889,-89570

377890,-86247

377890,-82978

377890,-81590

377890,-78056

377890,-75966

377890,-72642

377890,-70603

377890,-67815

377891,-65662

377891,-63422

377891,-62121

377897,-60307

377897,-58335

377897,-57751

377897,-56427

377897,-54925

377898,-55311

377898,-55989

377898,-55485

377898,-56069

377898,-56660

377898,-57776

377898,-58096

377898,-58990

377899,-59787

377899,-62307

377899,-64351

377905,-66820

377905,-69050

377905,-70474

377905,-72805

377905,-74656

377906,-77185

377906,-78802

377906,-80025

377906,-81139

377906,-83845

377906,-84666

377906,-85947

377906,-87423

377907,-88457

377907,-88282

377907,-89607

377913,-91737

377913,-92247

377913,-94531

377913,-95377

377913,-95959

377914,-96680

377914,-98266

377914,-97857

377914,-98164

377914,-98212

377914,-98043

377914,-97763

377914,-97693

377915,-98011

377915,-97920

377915,-97163

377921,-97125

377921,-98541

377921,-98277

377921,-98645

377921,-100360

377922,-99849

377922,-100126

377922,-100733

377922,-100653

377922,-100761

377922,-101082

377922,-101092

377922,-99908

377923,-97777

377923,-95751

377923,-96094

377929,-98416

377929,-99410

377929,-101356

377929,-98986

377929,-97223

377930,-95131

377930,-92973

377930,-92804

377930,-91627

377930,-90315

377930,-87836

377930,-85925

377930,-83280

377931,-80940

377931,-79288

377931,-76055

377937,-74108

377937,-71350

377937,-68746

377937,-66972

377937,-65694

377938,-64190

377938,-62265

377938,-59204

377938,-56758

377938,-54630

377938,-52669

377938,-49909

377938,-47604

377939,-45234

377939,-43957

377939,-42448

377945,-40658

377945,-38806

377945,-37314

377945,-34962

377945,-33634

377946,-31931

377946,-31888

377946,-31952

377946,-30201

377946,-29168

377946,-27267

377946,-27625

377946,-26331

377947,-26860

377947,-26604

377947,-25922

377953,-27736

377953,-26590

377953,-25716

377953,-26729

377953,-27897

377954,-26091

377954,-27502

377954,-27726

377954,-28180

377954,-27854

377954,-28788

377954,-28846

377954,-29448

377955,-29264

377955,-29933

377955,-29562

377961,-30214

377961,-31552

377961,-32068

377961,-33513

377961,-33712

377962,-33572

377962,-32385

377962,-32715

377962,-31685

377962,-32990

377962,-31740

377962,-30925

377962,-29072

377963,-28349

377963,-27830

377963,-27083

377969,-27083

377969,-26824

377969,-27750

377969,-27885

377969,-27261

377970,-27458

377970,-27309

377970,-26003

377970,-27385

377970,-27702

377970,-27774

377970,-27415

377970,-26359

377971,-26761

377971,-26569

377971,-26693

377977,-25770

377977,-25246

377977,-24196

377977,-24218

377977,-23944

377978,-23264

377978,-22746

377978,-23878

377978,-23260

377978,-24036

377978,-23836

377978,-24263

377978,-23371

377979,-24058

377979,-22745

377979,-22656

377985,-20817

377985,-20955

377985,-19188

377985,-17391

377985,-16147

377986,-14396

377986,-11355

377986,-10520

377986,-9382

377986,-7459

377986,-6242

377986,-3885

377986,-4451

377987,-3329

377987,-2308

377987,-2835

377993,-1999

377993,-2064

377993,-1119

377993,-771

377993,1306

377994,1237

377994,1865

377994,2406

377994,2795

377994,2873

377994,3471

377994,4443

377994,4249

377995,4948

377995,5435

377995,6112

378001,6185

378001,7827

378001,10195

378001,12451

378001,15308

378002,18292

378002,21719

378002,22643

378002,25115

378002,26194

378002,29640

378002,30874

378002,33431

378003,35186

378003,36951

378003,40923

378009,42342

378009,44435

378009,44977

378009,46153

378009,48416

378010,49766

378010,51336

378010,52380

378010,52948

378010,55185

378010,55843

378010,56179

378010,56695

378011,57110

378011,58818

378011,58859

378017,61098

378017,61503

378017,62338

378017,64383

378017,64574

378018,64097

378018,65308

378018,64207

378018,65426

378018,65030

378018,65981

378018,66565

378018,65543

378019,66291

378019,66527

378019,66791

378025,66508

378025,66088

378025,66159

378025,67115

378025,67675

378026,67727

378026,69935

378026,71122

378026,73197

378026,73933

378026,73486

378026,73039

378026,73570

378027,74464

378027,74355

378027,74918

378033,75345

378033,75390

378033,74903

378033,74282

378033,74465

378034,74675

378034,73378

378034,72976

378034,73117

378034,71627

378034,71755

378034,70611

378034,71607

378035,70754

378035,70314

378035,69333

378041,69384

378041,68920

378041,69081

378041,69041

378041,69043

378042,70112

378042,71253

378042,72376

378042,71315

378042,72293

378042,73064

378042,74242

378042,74766

378043,76108

378043,75793

378043,77089

378049,78165

378049,80218

378049,80230

378049,80607

378049,81267

378050,80678

378050,82249

378050,82190

378050,83698

378050,84236

378050,84585

378050,84789

378050,84889

378051,84610

378051,84717

378051,83129

378057,84332

378057,84834

378057,84356

378057,84162

378057,83701

378058,83590

378058,83427

378058,82297

378058,82586

378058,80431

378058,80762

378058,81526

378058,81988

378059,81658

378059,82130

378059,82632

378065,84122

378065,83171

378065,82865

378065,82698

378065,83619

378066,84929

378066,84774

378066,86615

378066,87702

378066,89249

378066,90069

378066,90751

378066,92363

378067,94060

378067,95920

378067,97697

378073,99276

378073,101178

378073,102098

378073,103415

378073,104638

378074,107417

378074,108001

378074,109969

378074,111065

378074,112807

378074,114868

378074,116232

378074,118596

378075,121366

378075,123042

378075,124656

378081,125676

378081,127291

378081,128705

378081,128060

378081,129542

378082,130541

378082,132203

378082,133752

378082,135193

378082,137814

378082,138858

378082,140082

378082,141013

378083,143492

378083,144646

378083,145539

378089,147187

378089,149739

378089,150837

378089,151255

378089,151176

378090,151253

378090,151476

378090,151544

378090,150893

378090,151017

378090,150740

378090,150611

378090,150471

378091,150968

378091,150871

378091,150436

378097,150597

378097,150468

378097,150272

378097,149513

378097,147295

378098,146805

378098,147363

378098,146630

378098,144746

378098,144425

378098,143000

378098,141363

378098,140849

378099,140324

378099,139514

378099,137623

378105,136808

378105,136091

378105,135168

378105,134344

378105,133924

378106,133670

378106,132294

378106,132430

378106,131312

378106,131749

378106,131348

378106,131493

378106,131090

378107,129630

378107,129030

378107,128173

378113,127670

378113,126239

378113,124174

378113,123555

378113,121099

378114,118884

378114,117703

378114,114823

378114,112897

378114,111109

378114,109286

378114,107511

378114,105061

378115,103126

378115,100701

378115,98866

378121,96746

378121,94936

378121,92805

378121,92040

378121,90354

378122,88153

378122,87364

378122,85651

378122,84911

378122,84295

378122,83137

378122,82359

378122,81935

378123,80322

378123,79313

378123,79012

378129,79282

378129,79275

378129,79234

378129,78664

378129,78374

378130,78278

378130,78966

378130,78799

378130,78578

378130,77541

378130,77501

378130,77788

378130,77379

378131,77127

378131,76953

378131,75453

378137,75257

378137,74532

378137,74457

378137,74400

378137,75316

378138,75594

378138,76267

378138,76941

378138,77118

378138,76929

378138,77233

378138,77718

378138,78819

378139,78966

378139,79671

378139,80781

378145,80697

378145,82520

378145,82953

378145,84395

378145,84736

378146,85413

378146,87440

378146,88625

378146,90639

378146,92239

378146,94323

378146,95599

378146,97284

378147,99259

378147,100561

378147,103010

378153,103717

378153,104313

378153,105810

378153,106471

378153,107434

378154,108054

378154,108847

378154,110008

378154,110573

378154,111744

378154,111603

378154,111720

378154,112022

378155,112264

378155,112372

378155,114404

378161,114773

378161,115562

378161,115448

378161,115446

378161,115057

378162,114449

378162,115144

378162,114230

378162,114565

378162,115077

378162,114260

378162,114168

378162,113131

378163,112432

378163,111820

378163,111341

378169,110283

378169,108755

378169,107979

378169,108225

378169,106070

378170,104505

378170,103744

378170,101459

378170,100356

378170,98988

378170,97658

378170,96137

378170,94923

378171,93891

378171,92525

378171,92060

378177,90174

378177,88637

378177,87299

378177,85097

378177,83010

378178,81877

378178,80045

378178,78746

378178,77618

378178,75605

378178,73377

378178,72469

378178,72114

378179,70899

378179,69826

378179,69595

378185,69582

378185,68592

378185,67558

378185,66819

378185,66197

378186,64980

378186,65537

378186,65213

378186,64525

378186,62786

378186,61187

378186,59887

378186,59567

378187,58298

378187,57439

378187,57123

378193,55933

378193,55059

378193,53740

378193,51658

378193,50493

378194,49611

378194,49026

378194,46924

378194,45821

378194,44544

378194,43775

378194,43164

378194,41880

378195,41078

378195,39892

378195,40946

378201,40483

378201,38336

378201,37180

378201,36951

378201,36049

378202,36315

378202,36088

378202,35530

378202,35404

378202,34056

378202,35033

378202,35660

378202,36287

378203,36391

378203,37618

378203,38547

378209,40396

378209,41288

378209,43355

378209,44854

378209,51094

378210,45574

378210,51258

378210,52303

378210,52882

378210,54343

378210,57348

378210,59124

378210,61221

378211,62135

378211,64003

378211,66566

378217,69669

378217,73162

378217,76091

378217,77274

378217,80365

378218,83532

378218,83943

378218,86664

378218,89999

378218,89756

378218,91591

378218,95598

378218,94945

378219,97128

378219,94933

378219,97257

378225,96984

378225,95071

378225,101087

378225,102026

378225,98388

378226,99600

378226,100224

378226,101150

378226,100948

378226,100465

378226,102075

378226,99312

378226,103466

378227,102796

378227,101271

378227,100711

378233,100921

378233,100361

378233,100219

378233,97215

378233,97512

378234,96561

378234,95157

378234,92744

378234,91456

378234,91714

378234,89012

378234,86568

378234,86720

378235,85829

378235,83933

378235,82990

378241,78957

378241,76677

378241,74881

378241,72994

378241,70567

378242,67373

378242,65214

378242,60800

378242,59967

378242,56922

378242,54764

378242,50912

378242,48315

378243,46067

378243,43311

378243,43038

378249,39245

378249,36219

378249,35129

378249,33580

378249,30867

378250,28793

378250,25477

378250,26168

378250,22684

378250,19196

378250,19570

378250,18095

378250,14875

378251,12563

378251,12516

378251,9048

378257,9184

378257,7453

378257,8059

378257,5883

378257,6090

378258,4711

378258,3443

378258,3784

378258,3412

378258,3545

378258,2948

378258,4434

378258,2718

378259,2512

378259,4402

378259,5066

378265,6257

378265,6134

378265,6219

378265,6933

378265,8167

378266,9183

378266,7982

378266,10871

378266,10339

378266,11054

378266,10659

378266,10609

378266,11845

378267,11859

378267,14087

378267,14170

378273,14514

378273,14776

378273,16659

378273,16622

378273,17298

378274,18607

378274,18611

378274,18557

378274,19066

378274,19001

378274,20748

378274,22078

378274,22065

378275,23068

378275,23194

378275,25280

378281,24361

378281,26891

378281,27566

378281,27920

378281,29086

378282,30109

378282,31516

378282,31952

378282,32204

378282,32959

378282,34355

378282,36204

378282,37297

378283,37271

378283,39102

378283,39760

378289,40056

378289,41682

378289,42755

378289,42977

378289,42766

378290,43729

378290,44489

378290,43357

378290,45079

378290,44970

378290,44965

378290,47148

378290,46397

378291,47188

378291,47097

378291,47129

378297,48063

378297,49074

378297,48267

378297,47860

378297,46721

378298,47237

378298,47225

378298,46847

378298,45825

378298,44754

378298,44312

378298,41510

378298,39504

378299,38915

378299,37505

378299,34428

378305,34054

378305,31935

378305,29970

378305,29610

378305,27678

378306,26586

378306,25022

378306,24791

378306,23080

378306,22074

378306,20938

378306,20640

378306,19944

378307,19790

378307,18330

378307,17576

378313,16687

378313,16095

378313,15913

378313,15387

378313,15097

378314,15204

378314,13705

378314,14403

378314,14658

378314,14526

378314,13927

378314,13631

378314,12985

378315,12889

378315,13619

378315,14369

378321,13024

378321,12282

378321,11400

378321,10971

378321,9031

378322,8444

378322,6964

378322,6807

378322,5544

378322,4002

378322,3092

378322,1642

378322,411

378323,825

378323,341

378323,-417

378329,-91

378329,-1699

378329,-309

378329,-1338

378329,-1724

378330,-2776

378330,-2983

378330,-2437

378330,-2359

378330,-3707

378330,-4570

378330,-5456

378330,-6084

378331,-6478

378331,-7017

378331,-7757

378337,-9056

378337,-10537

378337,-10954

378337,-10603

378337,-10730

378338,-10775

378338,-10865

378338,-11065

378338,-11010

378338,-8713

378338,-9364

378338,-9951

378338,-10776

378339,-10360

378339,-10690

378339,-10197

378345,-10191

378345,-10524

378345,-10729

378345,-9541

378345,-8844

378346,-9127

378346,-9759

378346,-9867

378346,-9156

378346,-8423

378346,-9560

378346,-9285

378346,-9231

378347,-8850

378347,-9309

378347,-10104

378353,-8689

378353,-9921

378353,-9280

378353,-8786

378353,-9130

378354,-9171

378354,-8107

378354,-7131

378354,-7710

378354,-7405

378354,-7272

378354,-7996

378354,-5994

378355,-5078

378355,-4922

378355,-4222

378361,-4281

378361,-3701

378361,-4980

378361,-5251

378361,-5317

378362,-6391

378362,-6284

378362,-6493

378362,-5305

378362,-4673

378362,-4812

378362,-3678

378362,-3561

378363,-3835

378363,-4945

378363,-4800

378369,-3742

378369,-4388

378369,-4008

378369,-4023

378369,-4138

378370,-4617

378370,-4972

378370,-5748

378370,-6431

378370,-6655

378370,-7342

378370,-7671

378370,-7841

378371,-8015

378371,-6991

378371,-7166

378377,-7353

378377,-6519

378377,-6553

378377,-7062

378377,-7573

378378,-7307

378378,-7503

378378,-7393

378378,-6649

378378,-6761

378378,-8241

378378,-8466

378378,-8850

378379,-8750

378379,-8930

378379,-9919

378385,-8773

378385,-9815

378385,-10074

378385,-9839

378385,-9255

378386,-8356

378386,-9922

378386,-10790

378386,-10178

378386,-10732

378386,-10896

378386,-10721

378386,-11606

378387,-11349

378387,-11196

378387,-11962

378393,-10808

378393,-11818

378393,-11654

378393,-12513

378393,-12050

378394,-11885

378394,-12075

378394,-12388

378394,-12864

378394,-11652

378394,-11303

378394,-12476

378394,-13362

378395,-13432

378395,-12400

378395,-13730

378401,-13022

378401,-13275

378401,-14555

378401,-14977

378401,-15439

378402,-15282

378402,-15424

378402,-15123

378402,-16579

378402,-16779

378402,-17026

378402,-16821

378402,-16365

378403,-16615

378403,-16551

378403,-16462

378409,-15498

378409,-16532

378409,-17354

378409,-18033

378409,-17658

378410,-18106

378410,-18950

378410,-18075

378410,-19457

378410,-20510

378410,-20990

378410,-21401

378410,-21948

378411,-22374

378411,-22413

378411,-23882

378417,-24169

378417,-24355

378417,-22036

378417,-21886

378417,-20631

378418,-19781

378418,-19608

378418,-17714

378418,-18885

378418,-18236

378418,-16858

378418,-16769

378418,-16115

378419,-16490

378419,-16399

378419,-16322

378425,-16316

378425,-15946

378425,-15026

378425,-13918

378425,-12872

378426,-11028

378426,-9816

378426,-8691

378426,-6324

378426,-5455

378426,-4675

378426,-3755

378426,-3472

378427,-3423

378427,-1926

378427,-1771

378433,-833

378433,-985

378433,-866

378433,-1238

378433,-1233

378434,-1622

378434,-1924

378434,-656

378434,-301

378434,44

378434,64

378434,376

378434,772

378435,1795

378435,2915

378435,3080

378441,3436

378441,3988

378441,4837

378441,3758

378441,4144

378442,4801

378442,4980

378442,5192

378442,5681

378442,5487

378442,5063

378442,6041

378442,5315

378443,5738

378443,6843

378443,6735

378449,7941

378449,7624

378449,8639

378449,8429

378449,8550

378450,9592

378450,9471

378450,9077

378450,8394

378450,9700

378450,9413

378450,10282

378450,10129

378451,9758

378451,8820

378451,8180

378457,7430

378457,7286

378457,7104

378457,6495

378457,5971

378458,5409

378458,5697

378458,6029

378458,4766

378458,4565

378458,4272

378458,3480

378458,4449

378459,5108

378459,3830

378459,4792

378465,3570

378465,3001

378465,2179

378465,311

378465,-119

378466,-318

378466,-447

378466,-635

378466,-1209

378466,-2125

378466,-2375

378466,-2703

378466,-2543

378467,-3396

378467,-3570

378467,-4625

378473,-5270

378473,-6484

378473,-7878

378473,-9080

378473,-9847

378474,-10886

378474,-10823

378474,-11337

378474,-10951

378474,-10898

378474,-10774

378474,-10676

378474,-10169

378475,-9313

378475,-9136

378475,-7591

378481,-7439

378481,-6236

378481,-6589

378481,-5938

378481,-5857

378482,-5072

378482,-4717

378482,-3936

378482,-3572

378482,-2571

378482,-1519

378482,-749

378482,1032

378483,182

378483,1199

378483,2938

378489,4579

378489,6418

378489,8228

378489,8564

378489,9504

378490,9998

378490,10187

378490,11042

378490,11855

378490,12484

378490,12715

378490,13042

378490,13865

378491,14412

378491,15155

378491,16183

378497,15523

378497,15544

378497,17066

378497,17307

378497,18887

378498,20470

378498,20926

378498,23010

378498,24492

378498,25013

378498,26615

378498,26108

378498,28616

378499,30159

378499,30946

378499,33009

378505,34488

378505,35760

378505,37263

378505,38762

378505,40511

378506,42083

378506,43816

378506,45133

378506,46510

378506,48647

378506,49054

378506,49713

378506,50324

378507,51770

378507,52742

378507,53379

378513,53889

378513,53502

378513,53784

378513,53137

378513,52340

378514,52123

378514,50959

378514,50272

378514,50381

378514,49247

378514,50226

378514,49407

378514,49095

378515,48464

378515,49595

378515,49926

378521,50558

378521,50725

378521,51724

378521,51196

378521,51888

378522,52023

378522,52511

378522,53090

378522,53878

378522,53922

378522,53834

378522,53454

378522,53281

378523,54413

378523,54433

378523,53988

378529,54403

378529,54738

378529,54542

378529,55218

378529,54988

378530,54471

378530,54293

378530,53912

378530,53200

378530,51974

378530,51384

378530,49804

378530,49045

378531,47983

378531,46952

378531,47477

378537,47303

378537,46128

378537,45456

378537,44781

378537,43902

378538,42892

378538,44234

378538,42817

378538,41049

378538,40799

378538,40111

378538,38021

378538,37363

378539,36043

378539,35164

378539,33356

378545,31399

378545,30248

378545,28651

378545,28224

378545,27439

378546,26477

378546,26059

378546,26586

378546,26859

378546,26535

378546,26165

378546,25586

378546,25246

378547,26149

378547,26222

378547,26446

378553,26097

378553,25989

378553,24520

378553,24007

378553,23317

378554,23123

378554,22367

378554,23811

378554,23701

378554,24897

378554,24919

378554,25685

378554,27398

378555,28477

378555,28824

378555,29702

378561,30422

378561,31499

378561,30710

378561,32178

378561,32542

378562,32873

378562,33954

378562,34198

378562,36060

378562,36958

378562,37468

378562,38303

378562,39158

378563,41402

378563,43075

378563,45025

378569,46369

378569,47333

378569,48891

378569,49737

378569,51227

378570,52334

378570,53893

378570,54067

378570,55210

378570,56276

378570,56858

378570,56890

378570,57867

378571,58684

378571,59387

378571,61391

378577,61877

378577,61972

378577,62993

378577,63508

378577,64098

378578,65185

378578,65106

378578,65028

378578,65339

378578,65409

378578,65188

378578,66118

378578,65894

378579,65165

378579,65500

378579,65794

378585,65603

378585,65905

378585,65803

378585,65664

378585,65059

378586,63717

378586,64603

378586,63744

378586,64051

378586,63891

378586,62936

378586,62767

378586,62227

378587,61779

378587,60778

378587,60177

378593,58586

378593,58498

378593,57411

378593,57110

378593,56999

378594,57395

378594,56634

378594,57186

378594,57370

378594,57355

378594,57531

378594,57144

378594,57301

378595,57544

378595,56735

378595,57111

378601,57831

378601,58199

378601,57930

378601,57685

378601,57333

378602,56930

378602,57107

378602,57322

378602,55018

378602,55341

378602,53820

378602,54737

378602,53750

378603,53412

378603,53639

378603,53015

378609,53461

378609,52358

378609,51141

378609,50077

378609,48586

378610,47656

378610,45996

378610,44316

378610,42953

378610,39945

378610,39255

378610,37566

378610,35503

378611,33371

378611,32651

378611,31994

378617,31679

378617,30843

378617,31481

378617,30481

378617,29223

378618,28811

378618,28412

378618,28274

378618,28196

378618,27743

378618,26092

378618,26179

378618,24840

378619,23783

378619,22633

378619,22080

378625,22088

378625,22593

378625,21903

378625,21973

378625,22129

378626,22328

378626,22252

378626,22172

378626,21539

378626,20921

378626,20471

378626,20332

378626,20125

378627,18954

378627,17630

378627,16840

378633,17086

378633,15922

378633,15818

378633,15661

378633,14545

378634,14926

378634,14123

378634,15460

378634,16331

378634,16276

378634,16596

378634,17204

378634,17986

378635,17959

378635,18442

378635,19198

378641,21019

378641,21813

378641,22961

378641,23241

378641,23717

378642,24928

378642,25528

378642,26739

378642,28760

378642,29494

378642,31895

378642,34079

378642,35273

378643,37055

378643,38680

378643,39904

378649,41205

378649,40780

378649,41036

378649,40755

378649,40146

378650,39373

378650,38712

378650,38244

378650,38070

378650,37109

378650,36578

378650,34826

378650,33487

378651,31045

378651,30529

378651,29439

378657,28101

378657,27974

378657,26777

378657,25240

378657,23876

378658,22345

378658,21262

378658,19015

378658,17745

378658,16807

378658,15269

378658,13609

378658,12078

378659,10921

378659,9226

378659,6682

378665,4044

378665,1247

378665,386

378665,-670

378665,-1321

378666,-2557

378666,-4907

378666,-6128

378666,-7074

378666,-7848

378666,-8826

378666,-9862

378666,-10450

378667,-12066

378667,-13342

378667,-14308

378673,-16122

378673,-18143

378673,-18522

378673,-21415

378673,-22384

378674,-23763

378674,-24448

378674,-24669

378674,-25442

378674,-25631

378674,-27228

378674,-27877

378674,-27716

378675,-29453

378675,-29458

378675,-30164

378681,-30401

378681,-31555

378681,-31817

378681,-32887

378681,-32915

378682,-33312

378682,-31869

378682,-33327

378682,-33518

378682,-32639

378682,-32554

378682,-32851

378682,-31609

378683,-31813

378683,-31538

378683,-31185

378689,-29931

378689,-29263

378689,-28986

378689,-28160

378689,-28758

378690,-28216

378690,-27926

378690,-26263

378690,-26270

378690,-23822

378690,-23531

378690,-23223

378690,-20929

378691,-20571

378691,-19952

378691,-19621

378697,-18793

378697,-18579

378697,-16934

378697,-16890

378697,-14938

378698,-14351

378698,-14236

378698,-12019

378698,-12295

378698,-11359

378698,-8978

378698,-7750

378698,-6664

378699,-5070

378699,-4128

378699,-3076

378705,-690

378705,966

378705,2777

378705,4304

378705,6868

378706,8720

378706,8996

378706,10078

378706,11388

378706,13012

378706,13944

378706,13951

378706,15847

378707,17182

378707,18627

378707,19226

378713,19523

378713,20154

378713,20393

378713,20784

378713,20719

378714,20428

378714,20788

378714,20337

378714,20096

378714,19268

378714,18996

378714,17852

378714,16836

378715,16617

378715,16742

378715,16753

378721,16614

378721,16438

378721,16554

378721,14778

378721,13953

378722,12739

378722,12419

378722,12038

378722,10632

378722,10901

378722,9524

378722,8431

378722,7624

378723,7393

378723,8382

378723,8107

378729,7314

378729,7303

378729,5000

378729,3584

378729,2757

378730,1738

378730,-205

378730,-1465

378730,-1795

378730,-3854

378730,-4605

378730,-6056

378730,-7500

378731,-9028

378731,-9621

378731,-12087

378737,-14000

378737,-14905

378737,-16976

378737,-18473

378737,-19382

378738,-21723

378738,-22374

378738,-24221

378738,-25474

378738,-28099

378738,-30256

378738,-31305

378738,-33082

378739,-33400

378739,-33283

378739,-35235

378745,-36689

378745,-39417

378745,-39584

378745,-39996

378745,-41879

378746,-42695

378746,-44358

378746,-45802

378746,-47632

378746,-48262

378746,-49519

378746,-50500

378746,-51381

378747,-52680

378747,-53486

378747,-53383

378753,-54550

378753,-55545

378753,-55546

378753,-57099

378753,-58749

378754,-59250

378754,-60292

378754,-60161

378754,-60295

378754,-61167

378754,-61317

378754,-62559

378754,-62635

378755,-63285

378755,-62289

378755,-63303

378761,-62775

378761,-63790

378761,-65020

378761,-65956

378761,-65852

378762,-65863

378762,-66218

378762,-65710

378762,-66640

378762,-67778

378762,-67684

378762,-68072

378762,-67598

378763,-65924

378763,-65719

378763,-65788

378769,-65718

378769,-64630

378769,-63080

378769,-62262

378769,-61708

378770,-59892

378770,-58854

378770,-58380

378770,-57188

378770,-54950

378770,-54325

378770,-51831

378770,-49596

378771,-48050

378771,-46143

378771,-43413

378777,-41755

378777,-40516

378777,-39576

378777,-36665

378777,-34214

378778,-33589

378778,-33015

378778,-32380

378778,-33085

378778,-31570

378778,-30859

378778,-30523

378778,-29450

378779,-29605

378779,-29404

378779,-28945

378785,-28257

378785,-28626

378785,-28941

378785,-29111

378785,-28786

378786,-28404

378786,-27902

378786,-28872

378786,-28696

378786,-29352

378786,-28788

378786,-28168

378786,-28864

378787,-30196

378787,-30233

378787,-30756

378793,-30727

378793,-31508

378793,-32984

378793,-34234

378793,-35388

378794,-35958

378794,-37556

378794,-37990

378794,-38788

378794,-39904

378794,-42681

378794,-43960

378794,-45786

378795,-46148

378795,-47762

378795,-49151

378801,-50250

378801,-51749

378801,-53637

378801,-53381

378801,-54800

378802,-56100

378802,-56553

378802,-58562

378802,-59540

378802,-61001

378802,-61563

378802,-63618

378802,-64885

378803,-65139

378803,-65501

378803,-66774

378809,-67716

378809,-68543

378809,-69533

378809,-70326

378809,-72369

378810,-74045

378810,-75737

378810,-77333

378810,-79172

378810,-80133

378810,-81432

378810,-83402

378810,-83602

378811,-84417

378811,-85352

378811,-85280

378817,-85622

378817,-85946

378817,-84660

378817,-83831

378817,-82650

378818,-81636

378818,-81696

378818,-81279

378818,-81007

378818,-81453

378818,-80569

378818,-80846

378818,-81049

378819,-80513

378819,-79863

378819,-79210

378825,-78708

378825,-78045

378825,-77411

378825,-76837

378825,-76077

378826,-74544

378826,-74079

378826,-73606

378826,-73149

378826,-73673

378826,-72292

378826,-71976

378826,-72001

378827,-71585

378827,-72102

378827,-71537

378833,-70112

378833,-69264

378833,-68362

378833,-67900

378833,-65622

378834,-64242

378834,-62180

378834,-60872

378834,-60615

378834,-60001

378834,-60082

378834,-60243

378834,-60338

378835,-59665

378835,-60532

378835,-61086

378841,-61672

378841,-61658

378841,-61224

378841,-60539

378841,-60617

378842,-59550

378842,-59481

378842,-58660

378842,-57715

378842,-56386

378842,-54223

378842,-53105

378842,-50693

378843,-50040

378843,-47902

378843,-47866

378849,-45993

378849,-45180

378849,-42850

378849,-41860

378849,-43591

378850,-44127

378850,-44886

378850,-45172

378850,-45787

378850,-46342

378850,-47112

378850,-48358

378850,-48960

378851,-50367

378851,-51407

378851,-52561

378857,-53530

378857,-55159

378857,-57271

378857,-57487

378857,-59450

378858,-60156

378858,-63091

378858,-64045

378858,-65471

378858,-67426

378858,-68621

378858,-68514

378858,-69165

378859,-70203

378859,-72023

378859,-74544

378865,-76144

378865,-78688

378865,-78437

378865,-78409

378865,-80929

378866,-82476

378866,-84206

378866,-88114

378866,-91275

378866,-94896

378866,-98521

378866,-101846

378866,-104654

378867,-107145

378867,-110554

378867,-114017

378873,-117093

378873,-120197

378873,-122325

378873,-124645

378873,-127822

378874,-129209

378874,-130750

378874,-133433

378874,-133904

378874,-134543

378874,-135514

378874,-136548

378874,-138007

378875,-137893

378875,-139188

378875,-140277

378881,-141395

378881,-143101

378881,-145090

378881,-145298

378881,-147335

378882,-146938

378882,-147692

378882,-148905

378882,-149348

378882,-148569

378882,-148968

378882,-149024

378882,-149574

378883,-149179

378883,-148025

378883,-148001

378889,-147959

378889,-147932

378889,-147812

378889,-148733

378889,-148595

378890,-148663

378890,-149102

378890,-150136

378890,-150765

378890,-150900

378890,-151722

378890,-152158

378890,-152077

378891,-152211

378891,-151505

378891,-151446

378897,-150789

378897,-149548

378897,-150119

378897,-149477

378897,-148693

378898,-148722

378898,-146851

378898,-146107

378898,-145520

378898,-145121

378898,-145305

378898,-143509

378898,-142969

378899,-142745

378899,-143146

378899,-142050

378905,-142214

378905,-140800

378905,-140819

378905,-140859

378905,-140209

378906,-139089

378906,-139117

378906,-137477

378906,-138029

378906,-137328

378906,-136616

378906,-137084

378906,-136555

378907,-137936

378907,-138267

378907,-139523

378913,-140126

378913,-139872

378913,-140393

378913,-140400

378913,-141049

378914,-142104

378914,-142162

378914,-142334

378914,-142608

378914,-143693

378914,-144869

378914,-146340

378914,-147345

378915,-148134

378915,-148273

378915,-149687

378921,-150463

378921,-151989

378921,-152757

378921,-154589

378921,-154868

378922,-155952

378922,-155836

378922,-156516

378922,-156730

378922,-155927

378922,-155359

378922,-154905

378922,-152549

378923,-151293

378923,-149551

378923,-150331

378929,-149358

378929,-148508

378929,-148823

378929,-147709

378929,-146957

378930,-146254

378930,-146853

378930,-145756

378930,-144313

378930,-144387

378930,-143027

378930,-144030

378930,-143757

378931,-144564

378931,-144490

378931,-143602

378937,-143889

378937,-143685

378937,-144181

378937,-145395

378937,-145272

378938,-144816

378938,-145809

378938,-146219

378938,-145997

378938,-147029

378938,-147979

378938,-148035

378938,-149580

378939,-150682

378939,-150097

378939,-151157

378945,-150875

378945,-150677

378945,-151717

378945,-151982

378945,-151677

378946,-151580

378946,-150224

378946,-149837

378946,-148395

378946,-146395

378946,-145526

378946,-144097

378946,-143140

378947,-141331

378947,-139865

378947,-138780

378953,-138017

378953,-136531

378953,-135830

378953,-135259

378953,-133787

378954,-133046

378954,-131301

378954,-130452

378954,-129886

378954,-128766

378954,-126884

378954,-126002

378954,-125504

378955,-123480

378955,-122117

378955,-121615

378961,-121037

378961,-120208

378961,-119550

378961,-119410

378961,-120048

378962,-120071

378962,-121308

378962,-121104

378962,-120743

378962,-121381

378962,-120163

378962,-119889

378962,-119350

378963,-118726

378963,-118018

378963,-118060

378969,-117417

378969,-116668

378969,-117245

378969,-116980

378969,-115492

378970,-117011

378970,-116811

378970,-117662

378970,-117600

378970,-119193

378970,-118649

378970,-118611

378970,-119512

378971,-118349

378971,-117982

378971,-118007

378977,-117527

378977,-115873

378977,-115113

378977,-113054

378977,-112153

378978,-111694

378978,-110342

378978,-109246

378978,-107660

378978,-106469

378978,-106507

378978,-106776

378978,-105848

378979,-106177

378979,-107748

378979,-107216

378985,-106929

378985,-109144

378985,-108949

378985,-110323

378985,-111970

378986,-112854

378986,-114457

378986,-116542

378986,-118161

378986,-118505

378986,-120950

378986,-120999

378986,-122999

378987,-123435

378987,-124983

378987,-125768

378993,-126201

378993,-127094

378993,-127813

378993,-129408

378993,-130050

378994,-130942

378994,-131652

378994,-132031

378994,-132422

378994,-132531

378994,-132749

378994,-132772

378994,-133304

378995,-133471

378995,-133914

378995,-134714

379001,-134049

379001,-134480

379001,-134745

379001,-134772

379001,-134298

379002,-132972

379002,-133188

379002,-133375

379002,-133464

379002,-133547

379002,-132273

379002,-131816

379002,-130084

379003,-127951

379003,-126098

379003,-123769

379009,-121595

379009,-120038

379009,-118489

379009,-117101

379009,-115945

379010,-114771

379010,-112680

379010,-113229

379010,-112193

379010,-112397

379010,-113219

379010,-114685

379010,-114057

379011,-113738

379011,-114383

379011,-114447

379017,-114433

379017,-112714

379017,-111488

379017,-110144

379017,-108725

379018,-108063

379018,-106895

379018,-105738

379018,-104113

379018,-103226

379018,-101910

379018,-101781

379018,-100515

379019,-99457

379019,-98202

379019,-96732

379025,-95346

379025,-94759

379025,-93257

379025,-90850

379025,-89185

379026,-88823

379026,-86855

379026,-85839

379026,-85390

379026,-85011

379026,-84067

379026,-83785

379026,-82981

379027,-83283

379027,-81726

379027,-81246

379033,-80387

379033,-80625

379033,-79640

379033,-79324

379033,-77821

379034,-77092

379034,-76335

379034,-75830

379034,-76478

379034,-75309

379034,-75250

379034,-74942

379034,-73741

379035,-73553

379035,-75276

379035,-75825

379041,-76028

379041,-77205

379041,-77661

379041,-78034

379041,-78992

379042,-79965

379042,-81791

379042,-81690

379042,-83457

379042,-83423

379042,-84075

379042,-83442

379042,-83255

379043,-83033

379043,-82581

379043,-82252

379049,-82183

379049,-80952

379049,-80701

379049,-81208

379049,-82286

379050,-82778

379050,-83032

379050,-83714

379050,-83058

379050,-84703

379050,-84936

379050,-85573

379050,-85603

379051,-86869

379051,-85983

379051,-86225

379057,-85206

379057,-85870

379057,-84929

379057,-84442

379057,-84630

379058,-84414

379058,-84216

379058,-84518

379058,-84727

379058,-83518

379058,-84187

379058,-82921

379058,-81765

379059,-81535

379059,-80685

379059,-78597

379065,-76553

379065,-76077

379065,-74436

379065,-73743

379065,-73668

379066,-72552

379066,-71749

379066,-72315

379066,-71647

379066,-71572

379066,-71751

379066,-73138

379066,-74083

379067,-73873

379067,-75179

379067,-75294

379073,-76254

379073,-77540

379073,-77842

379073,-77802

379073,-77429

379074,-77565

379074,-77399

379074,-77778

379074,-78508

379074,-79890

379074,-79262

379074,-79685

379074,-81517

379075,-82634

379075,-82436

379075,-83062

379081,-83722

379081,-82599

379081,-82428

379081,-82221

379081,-80969

379082,-81197

379082,-80428

379082,-80213

379082,-79744

379082,-80480

379082,-79271

379082,-78357

379082,-78199

379083,-77213

379083,-77240

379083,-76361

379089,-75710

379089,-74853

379089,-74686

379089,-74320

379089,-73013

379090,-71732

379090,-70803

379090,-69883

379090,-68895

379090,-68533

379090,-67825

379090,-67918

379090,-69270

379091,-68921

379091,-68525

379091,-68782

379097,-68884

379097,-67870

379097,-67744

379097,-66632

379097,-65725

379098,-65224

379098,-65072

379098,-64583

379098,-64733

379098,-64050

379098,-63141

379098,-64117

379098,-63854

379099,-63180

379099,-63948

379099,-63965

379105,-64324

379105,-63577

379105,-63598

379105,-62258

379105,-61538

379106,-58847

379106,-57430

379106,-54726

379106,-52298

379106,-50130

379106,-48220

379106,-47941

379106,-46879

379107,-44534

379107,-42504

379107,-41413

379113,-40210

379113,-39603

379113,-38572

379113,-37226

379113,-36093

379114,-35105

379114,-34347

379114,-32841

379114,-31980

379114,-30817

379114,-29572

379114,-27767

379114,-27579

379115,-27787

379115,-27958

379115,-29360

379121,-29284

379121,-30106

379121,-31288

379121,-31860

379121,-32882

379122,-32233

379122,-32990

379122,-32062

379122,-31308

379122,-31010

379122,-29995

379122,-30206

379122,-29132

379123,-28203

379123,-28181

379123,-29013

379129,-30345

379129,-31447

379129,-33419

379129,-33779

379129,-34903

379130,-37098

379130,-38460

379130,-39366

379130,-40665

379130,-41487

379130,-42167

379130,-42185

379130,-41028

379131,-40960

379131,-39631

379131,-38877

379137,-37541

379137,-37778

379137,-35441

379137,-34528

379137,-33198

379138,-32586

379138,-33028

379138,-32186

379138,-31428

379138,-32225

379138,-31252

379138,-30653

379138,-30796

379139,-29397

379139,-29857

379139,-30569

379145,-31249

379145,-32068

379145,-32430

379145,-32646

379145,-34584

379146,-36035

379146,-35461

379146,-35729

379146,-37077

379146,-36527

379146,-37945

379146,-38828

379146,-38729

379147,-40052

379147,-41262

379147,-41425

379153,-40826

379153,-41455

379153,-40768

379153,-39306

379153,-39144

379154,-39375

379154,-39635

379154,-39594

379154,-38401

379154,-37548

379154,-38040

379154,-37469

379154,-36667

379155,-35513

379155,-34438

379155,-33773

RAW_SUMMARY id=4 requested=6000 captured=6000 unused_capacity=0 max_pcm_abs=252248 raw_mean=-10930.9 raw_abs_mean=48152.4 raw_min=-160393 raw_max=252248 baseline=15.9

OK RAW

