# run: clap_r1_4
# firmware: role=analyzer git=1c743a2 version=0.4.0
# imported-from: clap_4.log (mtime 2026-10-09T12:00:22)
RAW_INFO mode=i2s output=csv

RAW_INFO row_size=12

RAW_BEGIN id=9 sr=2000 trigger_ms=263509 command_ms=263496 emit_seen=1 emit_start_ms=263509 emit_done_ms=263606 f=3200 dur=100 pre_ms=0 post_ms=3000 decim=8 pre_samples=0 post_samples=6000 mode=i2s output=csv fields=ms,pcm

ms,pcm

263511,-32584

263511,-19826

263511,4292

263511,-39914

263511,2632

263511,-37238

263511,-10512

263511,-21396

263512,-35488

263512,6342

263512,-57424

263512,-3240

263512,-29482

263512,-41676

263512,1590

263512,-61702

263519,-8500

263519,-32804

263519,-54784

263519,2500

263519,-77776

263520,-9206

263520,-41322

263520,-63080

263520,2274

263520,-80150

263520,-21720

263520,-39530

263520,-73744

263521,-6184

263521,-87844

263521,-30914

263527,-46916

263527,-77890

263527,-16650

263527,-91170

263527,-37560

263528,-46364

263528,-82762

263528,-9148

263528,-92086

263528,-31846

263528,-45794

263528,-79778

263528,-6270

263529,-92064

263529,-26060

263529,-49016

263535,-74792

263535,-8580

263535,-96244

263535,-23336

263535,-53882

263536,-76018

263536,-8648

263536,-91182

263536,-22010

263536,-46952

263536,-74354

263536,-3670

263536,-88834

263537,-20644

263537,-42830

263537,-68772

263543,-3086

263543,-83680

263543,-19344

263543,-40998

263543,-68136

263544,2062

263544,-80528

263544,-11424

263544,-35354

263544,-61068

263544,6590

263544,-78810

263544,-8878

263545,-34188

263545,-62818

263545,8276

263551,-80604

263551,-9788

263551,-34950

263551,-63358

263551,5884

263552,-78934

263552,-8448

263552,-33730

263552,-64128

263552,9056

263552,-83492

263552,-9746

263552,-38608

263553,-66760

263553,5322

263553,-84130

263559,-14008

263559,-40690

263559,-72712

263559,-1302

263559,-87154

263560,-24946

263560,-46680

263560,-82160

263560,-6892

263560,-95614

263560,-30378

263560,-52068

263560,-89568

263561,-16900

263561,-107688

263561,-42060

263567,-64148

263567,-100344

263567,-23550

263567,-109772

263567,-48936

263568,-65452

263568,-105356

263568,-30898

263568,-122792

263568,-54750

263568,-78252

263568,-111584

263568,-34572

263569,-125880

263569,-55654

263569,-79020

263575,-109886

263575,-37316

263575,-126938

263575,-59918

263575,-82786

263576,-115748

263576,-43742

263576,-134024

263576,-63886

263576,-86004

263576,-115904

263576,-41652

263576,-127230

263577,-62312

263577,-78708

263577,-114300

263583,-36564

263583,-125572

263583,-56900

263583,-75258

263583,-110006

263584,-38034

263584,-126296

263584,-58166

263584,-77014

263584,-109616

263584,-35790

263584,-123554

263584,-54712

263585,-76628

263585,-105696

263585,-30938

263591,-117230

263591,-49008

263591,-69528

263591,-100182

263591,-25242

263592,-116460

263592,-45292

263592,-66946

263592,-95522

263592,-23546

263592,-109250

263592,-39964

263592,-61298

263593,-88938

263593,-17572

263593,-105152

263599,-36348

263599,-59496

263599,-88070

263599,-15820

263599,-100692

263600,-32008

263600,-53156

263600,-84052

263600,-11106

263600,-101548

263600,-33196

263600,-56676

263600,-84914

263601,-13468

263601,-102760

263601,-31844

263607,-59314

263607,-88482

263607,-16908

263607,-104760

263607,-33672

263607,-59450

263608,-64130

263608,-48422

263608,-76714

263608,-35446

263608,-52736

263608,-62686

263608,-31788

263608,-62758

263609,-35736

263609,-46846

263615,-51012

263615,-39544

263615,-46796

263615,-44576

263615,-32866

263616,-55836

263616,-29248

263616,-50650

263616,-38564

263616,-40636

263616,-48964

263616,-34136

263616,-44718

263617,-35996

263617,-42492

263617,-43056

263623,-36746

263623,-48956

263623,-33522

263623,-44086

263623,-52042

263624,-31514

263624,-61734

263624,-35080

263624,-51928

263624,-46640

263624,-35974

263624,-52284

263624,-35966

263625,-44048

263625,-37990

263625,-30068

263631,-44542

263631,-29142

263631,-35586

263631,-35672

263631,-21898

263632,-37216

263632,-28560

263632,-29654

263632,-30796

263632,-34238

263632,-33166

263632,-39276

263632,-32976

263633,-42970

263633,-30010

263633,-43396

263639,-34230

263639,-37652

263639,-43504

263639,-32980

263639,-46300

263640,-36138

263640,-37784

263640,-42114

263640,-35156

263640,-44490

263640,-40596

263640,-41930

263640,-46932

263641,-39020

263641,-48062

263641,-44702

263647,-40942

263647,-48768

263647,-37688

263647,-44260

263647,-38614

263648,-34738

263648,-42750

263648,-32606

263648,-40470

263648,-35680

263648,-30130

263648,-39422

263648,-28814

263649,-38438

263649,-36416

263649,-32860

263655,-42170

263655,-33850

263655,-41932

263655,-38112

263655,-39156

263656,-40496

263656,-35906

263656,-42738

263656,-35228

263656,-40612

263656,-41682

263656,-39788

263656,-48616

263657,-37624

263657,-46900

263657,-45566

263663,-42106

263663,-50058

263663,-42076

263663,-48900

263663,-47592

263664,-43000

263664,-51866

263664,-42410

263664,-48468

263664,-44084

263664,-38802

263664,-47508

263664,-38184

263665,-45450

263665,-41888

263665,-38136

263671,-44438

263671,-33304

263671,-42396

263671,-38778

263671,-34902

263672,-40788

263672,-34144

263672,-38392

263672,-39724

263672,-36124

263672,-44204

263672,-36346

263672,-39902

263673,-39494

263673,-36846

263673,-41064

263679,-32280

263679,-36310

263679,-34676

263679,-27942

263679,-36976

263680,-30728

263680,-35316

263680,-35582

263680,-31962

263680,-37334

263680,-28492

263680,-33454

263680,-34106

263681,-28934

263681,-41882

263681,-33364

263687,-38690

263687,-39312

263687,-36838

263687,-41596

263687,-32904

263688,-35390

263688,-38658

263688,-32284

263688,-41846

263688,-33812

263688,-38218

263688,-39212

263688,-31962

263689,-41926

263689,-30886

263689,-38046

263695,-40576

263695,-33656

263695,-43168

263695,-35640

263695,-36458

263696,-40476

263696,-32118

263696,-40332

263696,-31484

263696,-34794

263696,-37468

263696,-28918

263696,-36876

263697,-31180

263697,-30652

263697,-33334

263703,-28034

263703,-34382

263703,-30120

263703,-32438

263703,-37080

263704,-29880

263704,-37388

263704,-31744

263704,-33058

263704,-37060

263704,-31244

263704,-37684

263704,-30506

263705,-31980

263705,-32212

263705,-26762

263711,-30578

263711,-27582

263711,-24774

263711,-28014

263711,-21838

263712,-28334

263712,-25860

263712,-25682

263712,-29078

263712,-23448

263712,-29150

263712,-22438

263712,-22206

263713,-22148

263713,-18614

263713,-24846

263719,-19402

263719,-21974

263719,-20604

263719,-15580

263719,-16498

263720,-12308

263720,-12882

263720,-14482

263720,-11456

263720,-16024

263720,-9820

263720,-10176

263720,-10018

263721,-6696

263721,-10368

263721,-7906

263727,-7932

263727,-7428

263727,-3256

263727,-3000

263727,-42

263728,2444

263728,30

263728,5820

263728,3756

263728,8088

263728,7908

263728,9150

263728,14414

263729,10444

263729,14092

263729,9744

263735,9916

263735,13676

263735,12086

263735,15498

263735,15904

263736,15806

263736,21262

263736,20448

263736,24662

263736,23772

263736,25230

263736,28144

263736,25248

263737,31062

263737,27600

263737,28164

263743,28418

263743,26976

263743,26252

263743,25254

263743,23508

263744,24040

263744,23294

263744,24910

263744,22184

263744,22378

263744,26748

263744,24910

263744,28152

263745,26198

263745,27460

263745,30726

263751,28756

263751,31794

263751,31324

263751,35912

263751,36972

263752,35250

263752,36564

263752,36420

263752,38134

263752,41372

263752,40320

263752,42376

263752,40752

263753,41364

263753,43462

263753,42560

263759,45680

263759,43156

263759,43374

263759,45450

263759,42722

263760,45386

263760,44990

263760,43908

263760,44788

263760,42084

263760,41480

263760,37294

263760,37462

263761,36876

263761,34290

263761,33768

263767,31740

263767,30550

263767,30724

263767,29716

263767,30176

263768,30478

263768,29350

263768,30330

263768,30844

263768,27970

263768,29310

263768,26910

263768,27354

263769,24636

263769,24286

263769,23912

263775,23422

263775,21656

263775,19730

263775,17558

263775,15442

263776,14662

263776,12764

263776,12190

263776,14056

263776,13114

263776,12610

263776,12152

263776,13250

263777,13102

263777,11872

263777,11134

263783,9278

263783,9040

263783,9278

263783,5624

263783,4692

263784,3366

263784,-440

263784,-1028

263784,-1600

263784,-2608

263784,-3272

263784,-4092

263784,-3928

263785,-5186

263785,-6544

263785,-7324

263791,-7464

263791,-6794

263791,-6722

263791,-6602

263791,-7100

263792,-9120

263792,-8070

263792,-10966

263792,-11492

263792,-11244

263792,-13468

263792,-13240

263792,-12378

263793,-12166

263793,-10554

263793,-9582

263799,-7982

263799,-6188

263799,-3836

263799,-2424

263799,-1240

263800,-584

263800,-1002

263800,1754

263800,1506

263800,-404

263800,-1262

263800,132

263800,-1878

263801,-2332

263801,-1252

263801,1762

263807,1522

263807,2296

263807,3438

263807,5466

263807,6170

263808,8946

263808,11612

263808,14236

263808,13356

263808,13344

263808,12938

263808,12994

263808,16324

263809,12560

263809,11526

263809,12284

263815,11118

263815,11412

263815,12532

263815,11652

263815,15902

263816,17788

263816,17918

263816,19978

263816,21574

263816,21982

263816,22212

263816,23758

263816,23140

263817,20724

263817,20204

263817,17398

263823,15814

263823,13564

263823,8858

263823,6020

263823,4214

263824,2372

263824,1076

263824,382

263824,1084

263824,2820

263824,3194

263824,4594

263824,6058

263825,6562

263825,3696

263825,3376

263831,2356

263831,1672

263831,-1266

263831,-402

263831,188

263832,1684

263832,-808

263832,-3666

263832,-3556

263832,-4012

263832,-1586

263832,-2866

263832,-1608

263833,-1726

263833,-2300

263833,-1860

263839,-2166

263839,-2650

263839,-3694

263839,-5364

263839,-5780

263840,-8132

263840,-7948

263840,-9290

263840,-10060

263840,-9028

263840,-7740

263840,-8504

263840,-10200

263841,-10096

263841,-11288

263841,-15128

263847,-15926

263847,-16768

263847,-14426

263847,-13514

263847,-12572

263848,-11698

263848,-9738

263848,-9320

263848,-7910

263848,-8206

263848,-7048

263848,-10640

263848,-7860

263849,-8080

263849,-7616

263849,-8876

263855,-8954

263855,-7512

263855,-8922

263855,-10840

263855,-10384

263856,-9106

263856,-10256

263856,-10222

263856,-11122

263856,-10884

263856,-9908

263856,-9236

263856,-7790

263857,-8020

263857,-8574

263857,-11282

263863,-13080

263863,-14900

263863,-15108

263863,-17070

263863,-16152

263864,-17164

263864,-16246

263864,-16788

263864,-17392

263864,-16968

263864,-16318

263864,-19244

263864,-19636

263865,-19476

263865,-19076

263865,-18518

263871,-18662

263871,-19908

263871,-17922

263871,-17700

263871,-17628

263872,-17988

263872,-18774

263872,-20876

263872,-23194

263872,-21674

263872,-23212

263872,-24486

263872,-24356

263873,-24656

263873,-25310

263873,-26184

263879,-28260

263879,-30296

263879,-32420

263879,-33212

263879,-31114

263880,-33344

263880,-33418

263880,-32640

263880,-34064

263880,-35664

263880,-35022

263880,-37730

263880,-37614

263881,-39224

263881,-40908

263881,-42844

263887,-46188

263887,-47316

263887,-46968

263887,-48342

263887,-48724

263888,-46184

263888,-48710

263888,-46792

263888,-47102

263888,-45762

263888,-45122

263888,-43676

263888,-42602

263889,-42280

263889,-42370

263889,-43422

263895,-44370

263895,-45200

263895,-45466

263895,-45828

263895,-45336

263896,-44982

263896,-41666

263896,-42578

263896,-43772

263896,-43580

263896,-43684

263896,-45622

263896,-45490

263897,-48444

263897,-47844

263897,-50904

263903,-50154

263903,-51848

263903,-54530

263903,-55948

263903,-57492

263904,-60292

263904,-62028

263904,-63806

263904,-65466

263904,-65436

263904,-66686

263904,-65748

263904,-65310

263905,-66160

263905,-66974

263905,-68152

263911,-68764

263911,-69544

263911,-72730

263911,-71328

263911,-72436

263912,-76024

263912,-74824

263912,-74250

263912,-76376

263912,-76072

263912,-75084

263912,-73840

263912,-74714

263913,-73544

263913,-73458

263913,-71052

263919,-70444

263919,-69248

263919,-68410

263919,-68120

263919,-65550

263920,-67358

263920,-67350

263920,-63546

263920,-61628

263920,-60882

263920,-60404

263920,-61840

263920,-63210

263921,-62984

263921,-63618

263921,-62062

263927,-61392

263927,-61832

263927,-61748

263927,-60006

263927,-59486

263928,-58240

263928,-58062

263928,-56710

263928,-56914

263928,-54824

263928,-54406

263928,-53524

263928,-49510

263929,-49808

263929,-48410

263929,-49732

263935,-47296

263935,-45574

263935,-47002

263935,-46366

263935,-43006

263936,-41184

263936,-40888

263936,-38334

263936,-35098

263936,-34504

263936,-33268

263936,-29050

263936,-27342

263937,-25214

263937,-21444

263937,-21200

263943,-19058

263943,-16662

263943,-18878

263943,-16694

263943,-16616

263944,-17208

263944,-19654

263944,-22972

263944,-23414

263944,-26008

263944,-24872

263944,-24680

263944,-24990

263945,-22534

263945,-21336

263945,-21910

263951,-21358

263951,-21436

263951,-20856

263951,-20522

263951,-20110

263952,-17444

263952,-17612

263952,-18884

263952,-20576

263952,-21274

263952,-22226

263952,-20808

263952,-20448

263953,-19770

263953,-17088

263953,-15362

263959,-14118

263959,-13970

263959,-12068

263959,-7430

263959,-6468

263960,-7134

263960,-5926

263960,-5592

263960,-3960

263960,-3178

263960,1408

263960,1964

263960,3232

263961,4346

263961,6774

263961,9138

263967,11262

263967,15690

263967,18798

263967,19130

263967,21606

263968,20734

263968,23532

263968,24374

263968,25846

263968,27416

263968,28120

263968,30006

263968,30620

263969,31198

263969,32402

263969,33506

263975,33454

263975,36432

263975,36934

263975,39896

263975,40578

263976,40994

263976,39758

263976,41738

263976,42096

263976,40748

263976,41732

263976,40504

263976,42270

263977,44124

263977,45376

263977,46782

263983,47214

263983,48172

263983,48572

263983,47586

263983,48288

263984,46934

263984,48384

263984,49852

263984,48466

263984,48034

263984,46806

263984,44778

263984,45542

263985,41690

263985,39090

263985,38200

263991,37940

263991,39976

263991,41216

263991,41310

263991,41868

263992,42034

263992,44720

263992,42568

263992,42312

263992,40292

263992,38346

263992,39524

263992,38068

263993,37246

263993,37008

263993,37788

263999,38250

263999,37480

263999,40550

263999,43130

263999,45900

264000,48764

264000,51030

264000,54606

264000,58854

264000,61766

264000,63114

264000,65550

264000,66732

264001,66078

264001,66976

264001,67828

264007,68562

264007,70904

264007,71094

264007,70660

264007,70930

264008,70230

264008,71532

264008,75062

264008,77444

264008,81488

264008,82740

264008,84608

264008,88788

264009,87854

264009,89240

264009,89178

264015,88170

264015,87128

264015,85952

264015,83944

264015,85840

264016,85282

264016,85852

264016,85940

264016,85692

264016,85402

264016,86878

264016,88188

264016,88896

264017,88636

264017,90292

264017,90712

264023,90326

264023,91208

264023,92496

264023,90858

264023,89688

264024,89480

264024,87598

264024,88032

264024,89550

264024,90456

264024,89850

264024,88968

264024,88232

264025,86410

264025,84710

264025,82698

264031,84444

264031,86898

264031,88918

264031,90568

264031,90136

264032,90982

264032,89338

264032,86382

264032,84922

264032,82038

264032,80804

264032,81302

264032,81454

264033,78886

264033,77332

264033,76702

264039,73790

264039,73006

264039,72788

264039,70114

264039,72670

264040,75150

264040,77972

264040,79992

264040,79008

264040,80168

264040,80482

264040,81146

264040,80730

264041,82838

264041,80284

264041,82212

264047,85148

264047,85750

264047,87936

264047,88428

264047,90460

264048,91476

264048,94678

264048,93172

264048,97394

264048,99488

264048,101662

264048,104556

264048,103606

264049,107206

264049,108840

264049,109496

264055,111192

264055,111086

264055,110100

264055,109022

264055,111510

264056,116034

264056,118608

264056,119880

264056,121984

264056,121142

264056,126790

264056,129416

264056,133400

264057,138140

264057,137858

264057,138976

264063,139948

264063,145772

264063,147262

264063,145146

264063,148498

264064,151884

264064,152254

264064,152402

264064,152008

264064,155000

264064,158224

264064,161618

264064,161938

264065,165620

264065,170488

264065,172660

264071,176222

264071,178596

264071,180734

264071,183442

264071,190368

264072,191342

264072,196300

264072,198032

264072,200112

264072,202854

264072,208306

264072,211998

264072,213862

264073,217716

264073,218976

264073,222966

264079,224538

264079,226450

264079,226692

264079,232470

264079,234672

264080,238448

264080,240806

264080,240450

264080,244806

264080,242938

264080,242140

264080,244258

264080,242812

264081,242736

264081,240886

264081,242602

264087,245470

264087,240754

264087,240566

264087,240598

264087,238568

264088,241120

264088,238424

264088,239130

264088,236552

264088,238836

264088,237566

264088,241088

264088,242924

264089,240900

264089,240102

264089,239120

264095,235834

264095,238552

264095,240910

264095,238394

264095,241532

264096,233112

264096,229624

264096,218068

264096,199556

264096,122980

264096,491460

264096,18008

264096,-358158

264097,-4206094

264097,1993310

264097,-1699414

264103,1175752

264103,-4926740

264103,-4794280

264103,4389118

264103,-3486616

264104,-3156220

264104,-1928794

264104,2415348

264104,701194

264104,1781492

264104,-6523974

264104,-3308552

264104,-2698344

264105,-2051866

264105,-1876234

264105,-1730106

264111,564186

264111,-4344910

264111,-3150234

264111,-2812012

264111,-1776432

264112,-4136822

264112,-2747650

264112,-1484832

264112,-3889720

264112,-3636604

264112,-2481400

264112,-531862

264112,-517066

264113,-1848132

264113,-3980084

264113,-4026928

264119,-245654

264119,-1483154

264119,-4787892

264119,-2125828

264119,-1318658

264120,-3839392

264120,-2699682

264120,563320

264120,-813976

264120,-1861454

264120,-2932040

264120,-2219582

264120,-2658368

264121,-1355318

264121,-1936250

264121,-2688676

264127,-2909106

264127,-1921012

264127,-2727860

264127,-4052310

264127,-1585718

264128,-2697062

264128,-764698

264128,-591746

264128,-2979740

264128,-1464370

264128,-2383490

264128,-1349540

264128,-2903436

264129,-1333164

264129,-1159388

264129,-2917526

264135,-2082934

264135,-1617540

264135,-3003174

264135,-2150066

264135,-1108586

264136,-2534118

264136,-1541972

264136,-2021002

264136,-2710664

264136,-552900

264136,-1843516

264136,-1403458

264136,-2486438

264137,-2097746

264137,-2061016

264137,-1993868

264143,-1332662

264143,-2634966

264143,-1485472

264143,-991308

264143,-2347470

264144,-1954410

264144,-1534674

264144,-1926266

264144,-2409672

264144,-1834218

264144,-2184248

264144,-660948

264144,-1824816

264145,-2675358

264145,-1827076

264145,-2360780

264151,-1748226

264151,-2382194

264151,-1577852

264151,-1909644

264151,-1495622

264152,-1847416

264152,-2207388

264152,-1999666

264152,-1722662

264152,-2172564

264152,-1965316

264152,-1749076

264152,-2299092

264153,-2061680

264153,-1596952

264153,-1620398

264159,-1957228

264159,-565122

264159,-2403610

264159,-2169432

264159,-1874560

264160,-1953326

264160,-1480336

264160,-1918734

264160,-2050432

264160,-1686190

264160,-1576382

264160,-1752752

264160,-1753282

264161,-2117630

264161,-1177700

264161,-1970148

264167,-1941760

264167,-1697648

264167,-1949592

264167,-1473488

264167,-1160324

264168,-1581328

264168,-1573914

264168,-2083144

264168,-2198398

264168,-1965538

264168,-992182

264168,-1585124

264168,-1663244

264169,-1744226

264169,-1828004

264169,-2124582

264175,-1499316

264175,-1719038

264175,-1738506

264175,-1888546

264175,-1521450

264176,-1889838

264176,-1644898

264176,-1623466

264176,-1628728

264176,-1405810

264176,-1694650

264176,-985696

264176,-1908186

264177,-1617850

264177,-1920128

264177,-1463842

264183,-1640560

264183,-1502508

264183,-1297854

264183,-1532048

264183,-1656898

264184,-1627498

264184,-1628912

264184,-1543534

264184,-1348700

264184,-1068394

264184,-2096354

264184,-1857668

264184,-1563054

264185,-1794708

264185,-1445750

264185,-1416246

264191,-1208646

264191,-1870084

264191,-1261248

264191,-1245184

264191,-1542600

264192,-1395392

264192,-1404904

264192,-1199078

264192,-1521416

264192,-1350764

264192,-1328682

264192,-1145488

264192,-1690136

264193,-1744490

264193,-1033328

264193,-938790

264199,-1675246

264199,-1590732

264199,-1491704

264199,-1432080

264199,-1432602

264200,-1422230

264200,-1413694

264200,-1103652

264200,-1183384

264200,-1531358

264200,-1550098

264200,-1304912

264200,-1251122

264201,-1151454

264201,-1042664

264201,-1374806

264207,-1082234

264207,-1407630

264207,-1289570

264207,-1107660

264207,-1303344

264208,-1056452

264208,-1340798

264208,-1297670

264208,-1305558

264208,-1195312

264208,-1261716

264208,-1249238

264208,-1261724

264209,-1021418

264209,-1064440

264209,-1441670

264215,-1323962

264215,-1164608

264215,-1142716

264215,-1051606

264215,-1081920

264216,-1224948

264216,-1186668

264216,-1243308

264216,-1390848

264216,-1006354

264216,-919122

264216,-1378964

264216,-953006

264217,-1045574

264217,-1082968

264217,-1427880

264223,-1348900

264223,-922506

264223,-1217842

264223,-999360

264223,-1130016

264224,-1315036

264224,-1090700

264224,-1131156

264224,-1049228

264224,-1100738

264224,-1139094

264224,-1268072

264224,-1133634

264225,-1101276

264225,-960554

264225,-1146888

264231,-1144750

264231,-1225834

264231,-1082448

264231,-1080826

264231,-981090

264232,-994076

264232,-993908

264232,-1112310

264232,-1039660

264232,-1076984

264232,-1010330

264232,-737490

264232,-1111602

264233,-1075740

264233,-994996

264233,-1080260

264239,-990370

264239,-1186790

264239,-781440

264239,-1061796

264239,-901748

264240,-1151002

264240,-1148424

264240,-1107624

264240,-1015648

264240,-922890

264240,-951812

264240,-940980

264240,-939062

264241,-1162334

264241,-834602

264241,-900524

264247,-912050

264247,-991068

264247,-788086

264247,-986134

264247,-964232

264248,-775296

264248,-816686

264248,-1122482

264248,-1098770

264248,-805126

264248,-870550

264248,-908944

264248,-843826

264249,-973996

264249,-755062

264249,-1034914

264255,-922326

264255,-851292

264255,-899870

264255,-1154494

264255,-858076

264256,-862456

264256,-983146

264256,-889602

264256,-833866

264256,-926576

264256,-910658

264256,-832498

264256,-771664

264257,-790382

264257,-810842

264257,-857500

264263,-899940

264263,-742240

264263,-742468

264263,-738240

264263,-872196

264264,-824226

264264,-835720

264264,-878946

264264,-690006

264264,-727468

264264,-868820

264264,-737410

264264,-759524

264265,-803120

264265,-651902

264265,-808470

264271,-767912

264271,-757524

264271,-772012

264271,-714720

264271,-694302

264272,-797268

264272,-656788

264272,-792242

264272,-800994

264272,-781720

264272,-668780

264272,-664278

264272,-753278

264273,-705786

264273,-738812

264273,-581950

264279,-726696

264279,-706546

264279,-691438

264279,-656410

264279,-664488

264280,-717854

264280,-547428

264280,-696746

264280,-576328

264280,-721514

264280,-601136

264280,-680528

264280,-638238

264281,-643806

264281,-620430

264281,-583410

264287,-742942

264287,-604374

264287,-551880

264287,-657976

264287,-673236

264288,-597924

264288,-515674

264288,-602628

264288,-718254

264288,-628904

264288,-669104

264288,-646806

264288,-585790

264289,-564332

264289,-652808

264289,-628952

264295,-599882

264295,-591388

264295,-568964

264295,-653060

264295,-545814

264296,-593406

264296,-560880

264296,-693798

264296,-577450

264296,-561610

264296,-548886

264296,-629214

264296,-576028

264297,-644548

264297,-504362

264297,-533960

264303,-563822

264303,-563990

264303,-509758

264303,-616740

264303,-481492

264304,-487106

264304,-558992

264304,-564596

264304,-526760

264304,-493106

264304,-525602

264304,-461548

264304,-492670

264305,-490700

264305,-510732

264305,-504524

264311,-488232

264311,-495680

264311,-421090

264311,-451984

264311,-465756

264312,-484052

264312,-508476

264312,-389742

264312,-482272

264312,-462834

264312,-459854

264312,-448822

264312,-446526

264313,-430180

264313,-489062

264313,-432394

264319,-364022

264319,-439124

264319,-445972

264319,-468488

264319,-394522

264320,-411562

264320,-456956

264320,-356246

264320,-422486

264320,-371680

264320,-350118

264320,-374326

264320,-432408

264321,-397864

264321,-306116

264321,-399260

264327,-381196

264327,-379058

264327,-341858

264327,-371826

264327,-370352

264328,-331612

264328,-318702

264328,-314974

264328,-303056

264328,-352802

264328,-322186

264328,-284398

264328,-336286

264329,-284146

264329,-301806

264329,-276090

264335,-325006

264335,-306072

264335,-304308

264335,-262522

264335,-276286

264336,-289438

264336,-257144

264336,-284946

264336,-267076

264336,-250132

264336,-264496

264336,-270298

264336,-226494

264337,-272072

264337,-238840

264337,-265316

264343,-246238

264343,-227718

264343,-244504

264343,-202286

264343,-222292

264344,-220252

264344,-205266

264344,-205946

264344,-209852

264344,-227030

264344,-173684

264344,-212240

264344,-200282

264345,-172016

264345,-200612

264345,-164108

264351,-156958

264351,-199960

264351,-170108

264351,-136188

264351,-161860

264352,-188668

264352,-126972

264352,-163142

264352,-122028

264352,-135334

264352,-133916

264352,-159806

264352,-149074

264353,-85816

264353,-154394

264353,-121948

264359,-121426

264359,-128574

264359,-104342

264359,-122302

264359,-104294

264360,-96072

264360,-92208

264360,-94180

264360,-118438

264360,-60890

264360,-97344

264360,-118478

264360,-65646

264361,-54438

264361,-96810

264361,-98280

264367,-79600

264367,-81332

264367,-86648

264367,-82104

264367,-93484

264368,-99144

264368,-92286

264368,-102876

264368,-78494

264368,-89486

264368,-111826

264368,-105740

264368,-96546

264369,-117920

264369,-78648

264369,-95090

264375,-100016

264375,-122330

264375,-93098

264375,-79500

264375,-97560

264376,-97914

264376,-130272

264376,-101452

264376,-151146

264376,-145236

264376,-128184

264376,-159850

264376,-166316

264377,-159994

264377,-160066

264377,-193038

264383,-175198

264383,-180334

264383,-212234

264383,-188660

264383,-185818

264384,-199110

264384,-173626

264384,-160064

264384,-158722

264384,-147682

264384,-158194

264384,-151600

264384,-144808

264385,-141400

264385,-171628

264385,-166650

264391,-163042

264391,-151138

264391,-165860

264391,-182070

264391,-166850

264392,-168170

264392,-196248

264392,-193504

264392,-195766

264392,-208192

264392,-205140

264392,-221222

264392,-202866

264393,-221498

264393,-221468

264393,-213350

264399,-233818

264399,-211974

264399,-221954

264399,-218798

264399,-201340

264400,-218946

264400,-203434

264400,-212240

264400,-200704

264400,-211966

264400,-198444

264400,-196662

264400,-196688

264401,-188352

264401,-183648

264401,-184374

264407,-188038

264407,-158146

264407,-178034

264407,-160284

264407,-166072

264408,-163706

264408,-174552

264408,-157706

264408,-167076

264408,-181296

264408,-174908

264408,-181104

264408,-194050

264409,-200598

264409,-191050

264409,-213526

264415,-206026

264415,-209424

264415,-238722

264415,-225972

264415,-233152

264416,-233588

264416,-246254

264416,-246332

264416,-242996

264416,-245668

264416,-245316

264416,-256478

264416,-257742

264417,-260692

264417,-267016

264417,-261802

264423,-262656

264423,-269012

264423,-258332

264423,-256414

264423,-266586

264424,-260232

264424,-257298

264424,-247846

264424,-251120

264424,-237364

264424,-236344

264424,-240010

264424,-233718

264425,-227364

264425,-226768

264425,-214606

264431,-221674

264431,-211370

264431,-209532

264431,-197490

264431,-194364

264432,-203768

264432,-198992

264432,-185864

264432,-189204

264432,-201920

264432,-184206

264432,-184348

264432,-184814

264433,-190244

264433,-190072

264433,-197670

264439,-191806

264439,-203092

264439,-204922

264439,-194392

264439,-206038

264440,-201308

264440,-201014

264440,-198766

264440,-196414

264440,-190966

264440,-198076

264440,-201598

264440,-185692

264441,-201322

264441,-187428

264441,-197476

264447,-186326

264447,-189766

264447,-183764

264447,-175920

264447,-182696

264448,-170328

264448,-168968

264448,-169142

264448,-169882

264448,-159560

264448,-154960

264448,-160860

264448,-151176

264449,-144146

264449,-148166

264449,-138114

264455,-141618

264455,-132034

264455,-131112

264455,-119830

264455,-115814

264456,-118448

264456,-108998

264456,-97862

264456,-102758

264456,-88530

264456,-83070

264456,-81854

264456,-75552

264457,-74530

264457,-72622

264457,-65498

264463,-71430

264463,-58252

264463,-59424

264463,-56594

264463,-65552

264464,-59450

264464,-56434

264464,-51742

264464,-49220

264464,-48288

264464,-48770

264464,-42652

264464,-43042

264465,-36068

264465,-33888

264465,-34198

264471,-26666

264471,-25330

264471,-28642

264471,-28664

264471,-16972

264472,-18564

264472,-18052

264472,-13820

264472,-11416

264472,-17378

264472,-12072

264472,-14160

264472,-3998

264473,-12830

264473,-3546

264473,-6430

264479,-5840

264479,-4332

264479,-194

264479,-5280

264479,-2128

264480,2928

264480,4984

264480,-1648

264480,9216

264480,4680

264480,13606

264480,21704

264480,22504

264481,32370

264481,34612

264481,44506

264487,60314

264487,61236

264487,71842

264487,82126

264487,94610

264488,96464

264488,107832

264488,114670

264488,118046

264488,120692

264488,125776

264488,136020

264488,141964

264489,140852

264489,145826

264489,145230

264495,151324

264495,157482

264495,159174

264495,164674

264495,161516

264496,166560

264496,164806

264496,176322

264496,172944

264496,175602

264496,181726

264496,183912

264496,183768

264497,184072

264497,190948

264497,194396

264503,191390

264503,199120

264503,197754

264503,195816

264503,203944

264504,204656

264504,209334

264504,208094

264504,214092

264504,222390

264504,228406

264504,236938

264504,238212

264505,245020

264505,251514

264505,256208

264511,263724

264511,270510

264511,273760

264511,280946

264511,287206

264512,291314

264512,291978

264512,294546

264512,299076

264512,296482

264512,297590

264512,299990

264512,299554

264513,304008

264513,305332

264513,311490

264519,308362

264519,304376

264519,315556

264519,310884

264519,315380

264520,315902

264520,317218

264520,317332

264520,324270

264520,329750

264520,328486

264520,326264

264520,332518

264521,331142

264521,331832

264521,331632

264527,333660

264527,337966

264527,338194

264527,342644

264527,337460

264528,343230

264528,343640

264528,344282

264528,344402

264528,348964

264528,354590

264528,359716

264528,358026

264529,362938

264529,363088

264529,371708

264535,368850

264535,369730

264535,371910

264535,373926

264535,370882

264536,374168

264536,374250

264536,376346

264536,376738

264536,376614

264536,376046

264536,376960

264536,378416

264537,374924

264537,378292

264537,381890

264543,385754

264543,385140

264543,386730

264543,385352

264543,383022

264544,381194

264544,378404

264544,379500

264544,374578

264544,380934

264544,379456

264544,378084

264544,383238

264545,378248

264545,378476

264545,374230

264551,377814

264551,380124

264551,379816

264551,385206

264551,387374

264552,388674

264552,390896

264552,388618

264552,392690

264552,395082

264552,395518

264552,399126

264552,400974

264553,403760

264553,404408

264553,406346

264559,407486

264559,410746

264559,413002

264559,414434

264559,418416

264560,423536

264560,422396

264560,427298

264560,428632

264560,430506

264560,434554

264560,437660

264560,442018

264561,443522

264561,442338

264561,446862

264567,448912

264567,454252

264567,455984

264567,456918

264567,458302

264568,461934

264568,464762

264568,468762

264568,471530

264568,473754

264568,474662

264568,473500

264568,473978

264569,478014

264569,481592

264569,483554

264575,481964

264575,482580

264575,479822

264575,481984

264575,483040

264576,484156

264576,482582

264576,486600

264576,488690

264576,486720

264576,491362

264576,493246

264576,490790

264577,493012

264577,495478

264577,493994

264583,496302

264583,498354

264583,496784

264583,496776

264583,500026

264584,501642

264584,501024

264584,500450

264584,502160

264584,502240

264584,503022

264584,504884

264584,504778

264585,506712

264585,506980

264585,508298

264591,506376

264591,508958

264591,510598

264591,511004

264591,512860

264592,512836

264592,514306

264592,520994

264592,523378

264592,522224

264592,523976

264592,522254

264592,527174

264593,526872

264593,529898

264593,533102

264599,532714

264599,535888

264599,536332

264599,540146

264599,542396

264600,543302

264600,548470

264600,547184

264600,549430

264600,549662

264600,552222

264600,553616

264600,553654

264601,557022

264601,555098

264601,560044

264607,564634

264607,567274

264607,570966

264607,575090

264607,575328

264608,578042

264608,578870

264608,584728

264608,586134

264608,587914

264608,588694

264608,586908

264608,586548

264609,585756

264609,583202

264609,583022

264615,580630

264615,581900

264615,579154

264615,578942

264615,575686

264616,572482

264616,572298

264616,566568

264616,568530

264616,568788

264616,564842

264616,562498

264616,559698

264617,558270

264617,553758

264617,551496

264623,550862

264623,546340

264623,541732

264623,538778

264623,538066

264624,534702

264624,533948

264624,532732

264624,526106

264624,523260

264624,520784

264624,520072

264624,519110

264625,516580

264625,517228

264625,515850

264631,514590

264631,515908

264631,517254

264631,515002

264631,515634

264632,514162

264632,515594

264632,515146

264632,511190

264632,511816

264632,511294

264632,508508

264632,507620

264633,505910

264633,501564

264633,500612

264639,498662

264639,494782

264639,495058

264639,493748

264639,494818

264640,494088

264640,494128

264640,492660

264640,493822

264640,493034

264640,491154

264640,491436

264640,493286

264641,491060

264641,489610

264641,488432

264647,484032

264647,482836

264647,480964

264647,479922

264647,477544

264648,476872

264648,474464

264648,472234

264648,471124

264648,469758

264648,471664

264648,473056

264648,469618

264649,472042

264649,468832

264649,466292

264655,466924

264655,464650

264655,467128

264655,466026

264655,468542

264656,467050

264656,465902

264656,465712

264656,462018

264656,464540

264656,465622

264656,464824

264656,464496

264657,464324

264657,465432

264657,465642

264663,467718

264663,465928

264663,466234

264663,463040

264663,461342

264664,459198

264664,455978

264664,454848

264664,456298

264664,455124

264664,455430

264664,453978

264664,452548

264665,452866

264665,450716

264665,455782

264671,453876

264671,453680

264671,454404

264671,453222

264671,452186

264672,452526

264672,447420

264672,447112

264672,446322

264672,444686

264672,443316

264672,440926

264672,436622

264673,435956

264673,435456

264673,435392

264679,434012

264679,431676

264679,432376

264679,431478

264679,430366

264680,429922

264680,427862

264680,427834

264680,426926

264680,427938

264680,426074

264680,425146

264680,424302

264681,421686

264681,419326

264681,416616

264687,416136

264687,415470

264687,415200

264687,415912

264687,414234

264688,412682

264688,411582

264688,410846

264688,409834

264688,408194

264688,408162

264688,407826

264688,408326

264689,407916

264689,405326

264689,402298

264695,403812

264695,400490

264695,395938

264695,393790

264695,391976

264696,392712

264696,390962

264696,390470

264696,390406

264696,387820

264696,387846

264696,386182

264696,384658

264697,384902

264697,382950

264697,385304

264703,384166

264703,382650

264703,382782

264703,381534

264703,378594

264704,378466

264704,377428

264704,376822

264704,378440

264704,377480

264704,378144

264704,378218

264704,378418

264705,378212

264705,380166

264705,380862

264711,381624

264711,382940

264711,385602

264711,386866

264711,388836

264712,389560

264712,392662

264712,396552

264712,396118

264712,398552

264712,400994

264712,402974

264712,403704

264713,405716

264713,406000

264713,408984

264719,408472

264719,408932

264719,408234

264719,408474

264719,412096

264720,415184

264720,416072

264720,418042

264720,416808

264720,417048

264720,419354

264720,419396

264720,420190

264721,419482

264721,416820

264721,416316

264727,417278

264727,417988

264727,419252

264727,420288

264727,421292

264728,423340

264728,426800

264728,429224

264728,433108

264728,436320

264728,439086

264728,438960

264728,439210

264729,439306

264729,440296

264729,445588

264735,446514

264735,443852

264735,444636

264735,447462

264735,445352

264736,445418

264736,446216

264736,445514

264736,447330

264736,446994

264736,448750

264736,449632

264736,447710

264737,448572

264737,448232

264737,445454

264743,447848

264743,446866

264743,449174

264743,449626

264743,449646

264744,447588

264744,447842

264744,445446

264744,447628

264744,445482

264744,445434

264744,441054

264744,440028

264745,442960

264745,446028

264745,448164

264751,450872

264751,451546

264751,450454

264751,454062

264751,456280

264752,459186

264752,459588

264752,463204

264752,464722

264752,467188

264752,467862

264752,469750

264752,471390

264753,472010

264753,472032

264753,474642

264759,476844

264759,478590

264759,479062

264759,480724

264759,481102

264760,484700

264760,484584

264760,487276

264760,489118

264760,492224

264760,492382

264760,493460

264760,493494

264761,495758

264761,499372

264761,501958

264767,502330

264767,502592

264767,502178

264767,499822

264767,496726

264768,495684

264768,494864

264768,494710

264768,496520

264768,496178

264768,498036

264768,499740

264768,500468

264769,501264

264769,503630

264769,506998

264775,503506

264775,503958

264775,507070

264775,508910

264775,513280

264776,513814

264776,514260

264776,515602

264776,515630

264776,518960

264776,521514

264776,524368

264776,525802

264777,530432

264777,531720

264777,532002

264783,535644

264783,537610

264783,538128

264783,539632

264783,541494

264784,542588

264784,545714

264784,547190

264784,548142

264784,548898

264784,547316

264784,545664

264784,546944

264785,544982

264785,543874

264785,547776

264791,547382

264791,549986

264791,550244

264791,549956

264791,548762

264792,548678

264792,547722

264792,548086

264792,548268

264792,548110

264792,549926

264792,548954

264792,549470

264793,547066

264793,547120

264793,547536

264799,550584

264799,551326

264799,552734

264799,554880

264799,558198

264800,560424

264800,562012

264800,563700

264800,566494

264800,566986

264800,565890

264800,562776

264800,565616

264801,562638

264801,563598

264801,560992

264807,559470

264807,556342

264807,552320

264807,551348

264807,549536

264808,548216

264808,546020

264808,545272

264808,543944

264808,543252

264808,542684

264808,542298

264808,540980

264809,540088

264809,538814

264809,539302

264815,537694

264815,537378

264815,534584

264815,535808

264815,537174

264816,535826

264816,534584

264816,533450

264816,534084

264816,532726

264816,530710

264816,530110

264816,530270

264817,529418

264817,527946

264817,529294

264823,527934

264823,528156

264823,526776

264823,525634

264823,524622

264824,525882

264824,524608

264824,524806

264824,527474

264824,526832

264824,528226

264824,529880

264824,530296

264825,530952

264825,531342

264825,531326

264831,532796

264831,532052

264831,529966

264831,531922

264831,532754

264832,532542

264832,533744

264832,533316

264832,535722

264832,534576

264832,537316

264832,536120

264832,536104

264833,533620

264833,537992

264833,537512

264839,537228

264839,537734

264839,543724

264839,544546

264839,547254

264840,549810

264840,551438

264840,552268

264840,554098

264840,555012

264840,555780

264840,557330

264840,557794

264841,558228

264841,558644

264841,554606

264847,556542

264847,557068

264847,554748

264847,554810

264847,554796

264848,555562

264848,556432

264848,558518

264848,557740

264848,557724

264848,559658

264848,560296

264848,561116

264849,564574

264849,562372

264849,560314

264855,560256

264855,561222

264855,561106

264855,559496

264855,559784

264856,559294

264856,556796

264856,555656

264856,555152

264856,556204

264856,557668

264856,560062

264856,560830

264857,562274

264857,562040

264857,563436

264863,565298

264863,567258

264863,567654

264863,568444

264863,566486

264864,566784

264864,564954

264864,565238

264864,561602

264864,561456

264864,558982

264864,559138

264864,559094

264865,559456

264865,557626

264865,558164

264871,557200

264871,553672

264871,553060

264871,554666

264871,553074

264872,554660

264872,553702

264872,554264

264872,554110

264872,554354

264872,551316

264872,550976

264872,549774

264873,552048

264873,554238

264873,556362

264879,560498

264879,560842

264879,563948

264879,567976

264879,570222

264880,574182

264880,575312

264880,574738

264880,576712

264880,579098

264880,582520

264880,584636

264880,581992

264881,585698

264881,584488

264881,585012

264887,584126

264887,582066

264887,582272

264887,582588

264887,581902

264888,583156

264888,583488

264888,582388

264888,582212

264888,580384

264888,579820

264888,579442

264888,579394

264889,581116

264889,581152

264889,584226

264895,584020

264895,583842

264895,584932

264895,585108

264895,587502

264896,587064

264896,587972

264896,588764

264896,590664

264896,592440

264896,595848

264896,596638

264896,598236

264897,598738

264897,598020

264897,598530

264903,597454

264903,599180

264903,597398

264903,597812

264903,597994

264904,597898

264904,595534

264904,594720

264904,594616

264904,596588

264904,596980

264904,597980

264904,599158

264905,600354

264905,601260

264905,602984

264911,602526

264911,601962

264911,601128

264911,599282

264911,599468

264912,600226

264912,601774

264912,602596

264912,603312

264912,602534

264912,603542

264912,605090

264912,606392

264913,607158

264913,608986

264913,609988

264919,611280

264919,611950

264919,611452

264919,614772

264919,611676

264920,613142

264920,610556

264920,609892

264920,607686

264920,606084

264920,605178

264920,603244

264920,600356

264921,597342

264921,595296

264921,590648

264927,589496

264927,588292

264927,587124

264927,586622

264927,585090

264928,581950

264928,578276

264928,574960

264928,570842

264928,572038

264928,569282

264928,568224

264928,566776

264929,565286

264929,566052

264929,563884

264935,561802

264935,560414

264935,558676

264935,556724

264935,555984

264936,555916

264936,551832

264936,550036

264936,547414

264936,548570

264936,546956

264936,546634

264936,548908

264937,545204

264937,544922

264937,545334

264943,543432

264943,540672

264943,538748

264943,540836

264943,537724

264944,534990

264944,532800

264944,532648

264944,532142

264944,530884

264944,533072

264944,529902

264944,526656

264945,526584

264945,524872

264945,521860

264951,523096

264951,523766

264951,520156

264951,519770

264951,520254

264952,519338

264952,520386

264952,520842

264952,518814

264952,519360

264952,518114

264952,515016

264952,515948

264953,517288

264953,518412

264953,517916

264959,518106

264959,516220

264959,518468

264959,519694

264959,519510

264960,522560

264960,525592

264960,526126

264960,526692

264960,527010

264960,526726

264960,524898

264960,526766

264961,523354

264961,525962

264961,525296

264967,526560

264967,524802

264967,525534

264967,525028

264967,524050

264968,525222

264968,527428

264968,529558

264968,529658

264968,528186

264968,527094

264968,526670

264968,524778

264969,524632

264969,526812

264969,527068

264975,527110

264975,527132

264975,525094

264975,526564

264975,525342

264976,523396

264976,522506

264976,523668

264976,524120

264976,523496

264976,525760

264976,526906

264976,527930

264977,528096

264977,530832

264977,531160

264983,532042

264983,532552

264983,532868

264983,534364

264983,535874

264984,537620

264984,537628

264984,539790

264984,540198

264984,540156

264984,543790

264984,544186

264984,545116

264985,546058

264985,548392

264985,544690

264991,547636

264991,546684

264991,547988

264991,546630

264991,544802

264992,546000

264992,545958

264992,544996

264992,548400

264992,548752

264992,546794

264992,545920

264992,543870

264993,544042

264993,544328

264993,542240

264999,542320

264999,541070

264999,543078

264999,542692

264999,541078

265000,542412

265000,547278

265000,547974

265000,550984

265000,549870

265000,552322

265000,553650

265000,554354

265001,555064

265001,554558

265001,556494

265007,558048

265007,557402

265007,559088

265007,558426

265007,559008

265008,558686

265008,560710

265008,561818

265008,561376

265008,560250

265008,560268

265008,560774

265008,560450

265009,559836

265009,557992

265009,557310

265015,558802

265015,557470

265015,555148

265015,554522

265015,554162

265016,552206

265016,549056

265016,547900

265016,546818

265016,545622

265016,544858

265016,544228

265016,544566

265017,544490

265017,542386

265017,543530

265023,540604

265023,537518

265023,534176

265023,534510

265023,535406

265024,533682

265024,531246

265024,532376

265024,529090

265024,527680

265024,525844

265024,523500

265024,523418

265025,523710

265025,525164

265025,525078

265031,523314

265031,522362

265031,523398

265031,522942

265031,522746

265032,522890

265032,522852

265032,518702

265032,519306

265032,518098

265032,516084

265032,513510

265032,513018

265033,512194

265033,508438

265033,504902

265039,502040

265039,499898

265039,500236

265039,501516

265039,498508

265040,496650

265040,496048

265040,492134

265040,491674

265040,490734

265040,491734

265040,492706

265040,490142

265041,491910

265041,491978

265041,490844

265047,489680

265047,485786

265047,485558

265047,482206

265047,479552

265048,478424

265048,476096

265048,474464

265048,471862

265048,471068

265048,471190

265048,470968

265048,469442

265049,468374

265049,467146

265049,468732

265055,469622

265055,470274

265055,471074

265055,472580

265055,470200

265056,467560

265056,466126

265056,463560

265056,465650

265056,466088

265056,466976

265056,464344

265056,466366

265057,466952

265057,465386

265057,464450

265063,462810

265063,463294

265063,461874

265063,463528

265063,461760

265064,460126

265064,461536

265064,462014

265064,460684

265064,458338

265064,458044

265064,456012

265064,452336

265065,450894

265065,449356

265065,447532

265071,446534

265071,446936

265071,446040

265071,447062

265071,444956

265072,444072

265072,444880

265072,443628

265072,440218

265072,439998

265072,438074

265072,440070

265072,439134

265073,438892

265073,437292

265073,433702

265079,431644

265079,431086

265079,428532

265079,429898

265079,428808

265080,428532

265080,427118

265080,429190

265080,427566

265080,426042

265080,426400

265080,424722

265080,424726

265081,422056

265081,422086

265081,422384

265087,422346

265087,421522

265087,423590

265087,420418

265087,418622

265088,419096

265088,420334

265088,420076

265088,422650

265088,425606

265088,426140

265088,425926

265088,426380

265089,425360

265089,425366

265089,427118

265095,427610

265095,426522

265095,425644

265095,423452

265095,424702

265096,426544

265096,427018

265096,426066

265096,428372

265096,431320

265096,432156

265096,434272

265096,435064

265097,436708

265097,438478

265097,438046

265103,440366

265103,442436

265103,441020

265103,442604

265103,443002

265104,446422

265104,447500

265104,447912

265104,452688

265104,454604

265104,455724

265104,458792

265104,459050

265105,461002

265105,460068

265105,461348

265111,461610

265111,461362

265111,461752

265111,463458

265111,466122

265112,468640

265112,470460

265112,473424

265112,473606

265112,474808

265112,477184

265112,478488

265112,482030

265113,481986

265113,484816

265113,485382

265119,485484

265119,486078

265119,485330

265119,487240

265119,488534

265120,490328

265120,487732

265120,491332

265120,493066

265120,493206

265120,495446

265120,494284

265120,496208

265121,495946

265121,495936

265121,497156

265127,497688

265127,500292

265127,500292

265127,503126

265127,502832

265128,505818

265128,507024

265128,505620

265128,505156

265128,505802

265128,504860

265128,506494

265128,506444

265129,505402

265129,504334

265129,505114

265135,503056

265135,503574

265135,501986

265135,504190

265135,502116

265136,501072

265136,500938

265136,501976

265136,500988

265136,500576

265136,497958

265136,497932

265136,498538

265137,500960

265137,500028

265137,498520

265143,500182

265143,499882

265143,498334

265143,496270

265143,495640

265144,492160

265144,490418

265144,488472

265144,487092

265144,485286

265144,483378

265144,481980

265144,478270

265145,474812

265145,472104

265145,470368

265151,467548

265151,465660

265151,465456

265151,464488

265151,462920

265152,459980

265152,456788

265152,457072

265152,456508

265152,452512

265152,451768

265152,449728

265152,446416

265153,447168

265153,444524

265153,442394

265159,440132

265159,439266

265159,437450

265159,438694

265159,438192

265160,437480

265160,437886

265160,436598

265160,437116

265160,437402

265160,434116

265160,432244

265160,430830

265161,430846

265161,430304

265161,429732

265167,430340

265167,428072

265167,427498

265167,428542

265167,423306

265168,424870

265168,424224

265168,423126

265168,419356

265168,419708

265168,415696

265168,413584

265168,410840

265169,410320

265169,407064

265169,404328

265175,403022

265175,400432

265175,399310

265175,399840

265175,396694

265176,399504

265176,399206

265176,399190

265176,397074

265176,394260

265176,393618

265176,393034

265176,390650

265177,388250

265177,389020

265177,386252

265183,383036

265183,384614

265183,380982

265183,379488

265183,379360

265184,379724

265184,381016

265184,381666

265184,380178

265184,381256

265184,380986

265184,379102

265184,380476

265185,382794

265185,380684

265185,380310

265191,375884

265191,377158

265191,375706

265191,375396

265191,373458

265192,371806

265192,369292

265192,368974

265192,366544

265192,366648

265192,367796

265192,367340

265192,367398

265193,366282

265193,365982

265193,363128

265199,362774

265199,363164

265199,362000

265199,360506

265199,358582

265200,357694

265200,356452

265200,353934

265200,354564

265200,349262

265200,346906

265200,345386

265200,343294

265201,342796

265201,344412

265201,343924

265207,345332

265207,346726

265207,345212

265207,345384

265207,343104

265208,342038

265208,340800

265208,342270

265208,342658

265208,343006

265208,345128

265208,345302

265208,344516

265209,343034

265209,342454

265209,343534

265215,343314

265215,342896

265215,342996

265215,343204

265215,342938

265216,342230

265216,343356

265216,342436

265216,343392

265216,342154

265216,341646

265216,340880

265216,339930

265217,340660

265217,337930

265217,336548

265223,334634

265223,331594

265223,327696

265223,327536

265223,323118

265224,320918

265224,319602

265224,317582

265224,317272

265224,317436

265224,316430

265224,316288

265224,313804

265225,313492

265225,309450

265225,306664

265231,307136

265231,304790

265231,301792

265231,301908

265231,298892

265232,298880

265232,297664

265232,296858

265232,297096

265232,295340

265232,294896

265232,293210

265232,293756

265233,291576

265233,286922

265233,289900

265239,289638

265239,290000

265239,290876

265239,291528

265239,292400

265240,288718

265240,290810

265240,288466

265240,286674

265240,286724

265240,285660

265240,283820

265240,279182

265241,274994

265241,272638

265241,272542

265247,271112

265247,272868

265247,272612

265247,272954

265247,271870

265248,273336

265248,272648

265248,271338

265248,271314

265248,270092

265248,269230

265248,269804

265248,269364

265249,267224

265249,267090

265249,264532

265255,264610

265255,264010

265255,261438

265255,262960

265255,263354

265256,262828

265256,260440

265256,262766

265256,265556

265256,263054

265256,262638

265256,262094

265256,263066

265257,266260

265257,264046

265257,265004

265263,263074

265263,261768

265263,263514

265263,264280

265263,262886

265264,261314

265264,258892

265264,257500

265264,257876

265264,257084

265264,258000

265264,259218

265264,259502

265265,257442

265265,257016

265265,253186

265271,254336

265271,252776

265271,250344

265271,247276

265271,241872

265272,238276

265272,234626

265272,230260

265272,228532

265272,226344

265272,221408

265272,218884

265272,217052

265273,214614

265273,209814

265273,203090

265279,199824

265279,199074

265279,196408

265279,193990

265279,191026

265280,189194

265280,184880

265280,181624

265280,179798

265280,176382

265280,174726

265280,169114

265280,169738

265281,165366

265281,162112

265281,158992

265287,157926

265287,153904

265287,151078

265287,145362

265287,145498

265288,141860

265288,140082

265288,136306

265288,136746

265288,136494

265288,133424

265288,132460

265288,128462

265289,127382

265289,125700

265289,125320

265295,123706

265295,121862

265295,120162

265295,122220

265295,119952

265296,119902

265296,117482

265296,115226

265296,114102

265296,114016

265296,112666

265296,111058

265296,110366

265297,108080

265297,107154

265297,106196

265303,103458

265303,101228

265303,97990

265303,97320

265303,93318

265304,92218

265304,93492

265304,91858

265304,90518

265304,90048

265304,89008

265304,89388

265304,88710

265305,86482

265305,86650

265305,84520

265311,83332

265311,79996

265311,81026

265311,79180

265311,76420

265312,73580

265312,70412

265312,69292

265312,67906

265312,70924

265312,69174

265312,67860

265312,67202

265313,65846

265313,64716

265313,63502

265319,62728

265319,60592

265319,62462

265319,58288

265319,57296

265320,55652

265320,55732

265320,53266

265320,50618

265320,48954

265320,47606

265320,46946

265320,42188

265321,41146

265321,41694

265321,38824

265327,40058

265327,38978

265327,40212

265327,38528

265327,38140

265328,36808

265328,36090

265328,36054

265328,33490

265328,34414

265328,34796

265328,34426

265328,36074

265329,35822

265329,35268

265329,38310

265335,39216

265335,38442

265335,38020

265335,38098

265335,41068

265336,40752

265336,42324

265336,41968

265336,41078

265336,39176

265336,39224

265336,39032

265336,38760

265337,40912

265337,41608

265337,39602

265343,40196

265343,39858

265343,35148

265343,35934

265343,34480

265344,34002

265344,32606

265344,31872

265344,32782

265344,32712

265344,32238

265344,34982

265344,34934

265345,35084

265345,32920

265345,32950

265351,34098

265351,34980

265351,35404

265351,36504

265351,36304

265352,36272

265352,35472

265352,36092

265352,35074

265352,34276

265352,34022

265352,34954

265352,36598

265353,37292

265353,39300

265353,39910

265359,39296

265359,41014

265359,40340

265359,39748

265359,40150

265360,42730

265360,39376

265360,35056

265360,33732

265360,31836

265360,33504

265360,32230

265360,26264

265361,26108

265361,23092

265361,24422

265367,24390

265367,28076

265367,25062

265367,24736

265367,22996

265368,26118

265368,23236

265368,19046

265368,26208

265368,37432

265368,39442

265368,40138

265368,34896

265369,31542

265369,33844

265369,36550

265375,40566

265375,44354

265375,43370

265375,46132

265375,37684

265376,39664

265376,36696

265376,42348

265376,42198

265376,40610

265376,38006

265376,34956

265376,38554

265377,40412

265377,42664

265377,43886

265383,43482

265383,37348

265383,38112

265383,37774

265383,40520

265384,39266

265384,37652

265384,31948

265384,28142

265384,28138

265384,21994

265384,20106

265384,18950

265385,15208

265385,15354

265385,19014

265391,17874

265391,19248

265391,17326

265391,17158

265391,16204

265392,15050

265392,15172

265392,18364

265392,19906

265392,17496

265392,13708

265392,13412

265392,13426

265393,11738

265393,10576

265393,12700

265399,12390

265399,11284

265399,12406

265399,13124

265399,12084

265400,10230

265400,9630

265400,11300

265400,11032

265400,10298

265400,10750

265400,8998

265400,9832

265401,9634

265401,7390

265401,8236

265407,6752

265407,5904

265407,6564

265407,9922

265407,10222

265408,8932

265408,8970

265408,8726

265408,7750

265408,8782

265408,10940

265408,11298

265408,10270

265409,9460

265409,7204

265409,5754

265415,4654

265415,4354

265415,4116

265415,4036

265415,858

265416,-790

265416,-3180

265416,-2624

265416,-5456

265416,-3662

265416,-7190

265416,-8332

265416,-8582

265417,-9732

265417,-9784

265417,-12274

265423,-12734

265423,-15918

265423,-16672

265423,-21164

265423,-22500

265424,-22622

265424,-26128

265424,-29468

265424,-31530

265424,-32940

265424,-35418

265424,-35470

265424,-37000

265425,-40428

265425,-41014

265425,-42978

265431,-44226

265431,-48802

265431,-49208

265431,-52324

265431,-54456

265432,-55510

265432,-56750

265432,-58244

265432,-60804

265432,-60936

265432,-65410

265432,-66910

265432,-67182

265433,-69120

265433,-72392

265433,-71496

265439,-73060

265439,-75126

265439,-76500

265439,-77662

265439,-78226

265440,-78712

265440,-78934

265440,-78804

265440,-80146

265440,-79098

265440,-80514

265440,-80542

265440,-82168

265441,-86420

265441,-85366

265441,-86246

265447,-86024

265447,-87730

265447,-88238

265447,-89506

265447,-87598

265448,-85100

265448,-83810

265448,-83658

265448,-79540

265448,-81074

265448,-79436

265448,-80842

265448,-80926

265449,-79684

265449,-79094

265449,-80776

265455,-80768

265455,-81860

265455,-84140

265455,-84664

265455,-86358

265456,-85646

265456,-89824

265456,-89158

265456,-89502

265456,-88396

265456,-91288

265456,-89906

265456,-89792

265457,-89960

265457,-90638

265457,-91168

265463,-90996

265463,-92802

265463,-93196

265463,-92012

265463,-95122

265464,-95996

265464,-95592

265464,-95974

265464,-94818

265464,-94738

265464,-93710

265464,-92002

265464,-94220

265465,-94838

265465,-94584

265465,-94536

265471,-94398

265471,-96896

265471,-98040

265471,-99490

265471,-102672

265472,-102772

265472,-105028

265472,-108674

265472,-107858

265472,-108366

265472,-111672

265472,-114810

265472,-115646

265473,-115152

265473,-116574

265473,-114060

265479,-115342

265479,-116604

265479,-116740

265479,-117802

265479,-114776

265480,-113128

265480,-112772

265480,-110930

265480,-110736

265480,-113206

265480,-112040

265480,-110056

265480,-109330

265481,-107874

265481,-109602

265481,-111316

265487,-109632

265487,-109834

265487,-111024

265487,-109030

265487,-104856

265488,-102644

265488,-103576

265488,-102122

265488,-99904

265488,-100210

265488,-98530

265488,-98220

265488,-97054

265489,-96782

265489,-97052

265489,-95062

265495,-95478

265495,-95270

265495,-95252

265495,-94900

265495,-95322

265496,-99726

265496,-98054

265496,-99864

265496,-100474

265496,-99332

265496,-99122

265496,-100116

265496,-99062

265497,-97744

265497,-98248

265497,-98460

265503,-99972

265503,-99980

265503,-100356

265503,-103610

265503,-105170

265504,-107014

265504,-109504

265504,-112430

265504,-114294

265504,-114668

265504,-117100

265504,-116122

265504,-116224

265505,-117818

265505,-118872

265505,-118792

265511,-117770

265511,-118388

265511,-117846

265511,-119008

265511,-118544

265512,-118254

265512,-119416

265512,-120438

265512,-122652

265512,-122850

265512,-125446

265512,-124782

265512,-124460

265513,-131336

265513,-130416

265513,-133508

265519,-135058

265519,-136724

265519,-136574

265519,-140668

265519,-141186

265520,-142906

265520,-145666

265520,-145126

265520,-144410

265520,-145412

265520,-147166

265520,-147916

265520,-152254

265521,-152076

265521,-155104

265521,-155644

265527,-156510

265527,-157436

265527,-157186

265527,-157408

265527,-157802

265528,-156926

265528,-153928

265528,-151198

265528,-151530

265528,-151276

265528,-151114

265528,-150306

265528,-150538

265529,-148978

265529,-148276

265529,-146006

265535,-144448

265535,-141272

265535,-141260

265535,-139856

265535,-138716

265536,-139724

265536,-139830

265536,-137080

265536,-137860

265536,-139568

265536,-137798

265536,-136860

265536,-137246

265537,-139616

265537,-140006

265537,-142748

265543,-144024

265543,-142858

265543,-143994

265543,-143714

265543,-146854

265544,-148718

265544,-151362

265544,-152518

265544,-153210

265544,-154248

265544,-156158

265544,-155650

265544,-156558

265545,-158896

265545,-164364

265545,-168274

265551,-173408

265551,-176528

265551,-180286

265551,-184730

265551,-186870

265552,-190354

265552,-193514

265552,-198714

265552,-201910

265552,-204470

265552,-208322

265552,-209294

265552,-215076

265553,-218122

265553,-222138

265553,-226630

265559,-229440

265559,-232606

265559,-235538

265559,-240366

265559,-244680

265560,-247096

265560,-247996

265560,-253340

265560,-257894

265560,-257844

265560,-259418

265560,-259698

265560,-261460

265561,-263954

265561,-265168

265561,-269556

265567,-272546

265567,-273686

265567,-278134

265567,-283742

265567,-286400

265568,-292634

265568,-296262

265568,-301744

265568,-304916

265568,-305942

265568,-307560

265568,-311414

265568,-312958

265569,-316304

265569,-315942

265569,-318676

265575,-321008

265575,-324056

265575,-326784

265575,-329794

265575,-335508

265576,-340006

265576,-344040

265576,-349044

265576,-351422

265576,-355058

265576,-358272

265576,-358808

265576,-361438

265577,-364068

265577,-364946

265577,-366144

265583,-366932

265583,-368004

265583,-370526

265583,-373678

265583,-377224

265584,-379132

265584,-380686

265584,-382478

265584,-386452

265584,-390696

265584,-392862

265584,-395560

265584,-397282

265585,-399822

265585,-401970

265585,-404092

265591,-404390

265591,-406138

265591,-407974

265591,-409208

265591,-409354

265592,-411868

265592,-411784

265592,-410884

265592,-411042

265592,-411148

265592,-412004

265592,-413008

265592,-412444

265593,-414364

265593,-415482

265593,-415830

265599,-415718

265599,-416404

265599,-416642

265599,-416666

265599,-415966

265600,-413280

265600,-413508

265600,-412606

265600,-410954

265600,-409488

265600,-408990

265600,-409134

265600,-405188

265601,-403954

265601,-401986

265601,-402810

265607,-401860

265607,-398888

265607,-398338

265607,-395514

265607,-391368

265608,-386750

265608,-387248

265608,-382020

265608,-381290

265608,-379742

265608,-375496

265608,-375802

265608,-374228

265609,-368422

265609,-366338

265609,-362508

265615,-360632

265615,-359646

265615,-359936

265615,-358956

265615,-359006

265616,-358700

265616,-359170

265616,-358772

265616,-358400

265616,-360090

265616,-359642

265616,-360530

265616,-359356

265617,-358662

265617,-355706

265617,-355146

265623,-352092

265623,-351668

265623,-351314

265623,-352052

265623,-351196

265624,-353226

265624,-353372

265624,-353998

265624,-353382

265624,-355254

265624,-356440

265624,-357536

265624,-360854

265625,-363122

265625,-361084

265625,-361036

265631,-361466

265631,-360862

265631,-363748

265631,-364066

265631,-362478

265632,-360944

265632,-358850

265632,-357734

265632,-357984

265632,-356174

265632,-358698

265632,-357908

265632,-357654

265633,-360032

265633,-358504

265633,-357120

265639,-357244

265639,-360394

265639,-361748

265639,-361430

265639,-359440

265640,-358940

265640,-359058

265640,-358486

265640,-357012

265640,-354220

265640,-352520

265640,-352428

265640,-351078

265641,-351544

265641,-350344

265641,-351050

265647,-349680

265647,-348146

265647,-348306

265647,-349340

265647,-349254

265648,-345250

265648,-347738

265648,-345356

265648,-343972

265648,-343266

265648,-345704

265648,-344702

265648,-342690

265649,-340432

265649,-340066

265649,-339200

265655,-337934

265655,-335760

265655,-334504

265655,-336762

265655,-334334

265656,-334080

265656,-334060

265656,-333218

265656,-329638

265656,-329540

265656,-328692

265656,-326404

265656,-326328

265657,-327980

265657,-328100

265657,-328122

265663,-324412

265663,-323774

265663,-323234

265663,-322424

265663,-321938

265664,-318950

265664,-317364

265664,-316066

265664,-313454

265664,-312022

265664,-312268

265664,-307974

265664,-306220

265665,-301744

265665,-303134

265665,-307470

265671,-304202

265671,-304862

265671,-302946

265671,-302656

265671,-303868

265672,-303030

265672,-298042

265672,-295734

265672,-288508

265672,-286446

265672,-283288

265672,-281304

265672,-277168

265673,-273780

265673,-269790

265673,-267362

265679,-264422

265679,-264658

265679,-263034

265679,-264622

265679,-261404

265680,-260290

265680,-256826

265680,-258184

265680,-256180

265680,-254242

265680,-251492

265680,-248048

265680,-243686

265681,-241590

265681,-237054

265681,-232720

265687,-229628

265687,-226482

265687,-223056

265687,-222718

265687,-221228

265688,-217388

265688,-215234

265688,-213908

265688,-212452

265688,-210486

265688,-207748

265688,-205962

265688,-204988

265689,-199424

265689,-197558

265689,-195422

265695,-189140

265695,-188316

265695,-184740

265695,-181980

265695,-180010

265696,-175990

265696,-175356

265696,-171416

265696,-169906

265696,-169436

265696,-169458

265696,-169212

265696,-170590

265697,-171262

265697,-172136

265697,-174762

265703,-173258

265703,-171162

265703,-170808

265703,-172930

265703,-173530

265704,-171670

265704,-170054

265704,-170608

265704,-168266

265704,-169378

265704,-168994

265704,-169776

265704,-171756

265705,-172982

265705,-174578

265705,-176798

265711,-177238

265711,-177136

265711,-178542

265711,-177534

265711,-177878

265712,-177514

265712,-177296

265712,-177822

265712,-176610

265712,-175738

265712,-174924

265712,-172132

265712,-169984

265713,-169910

265713,-167606

265713,-164834

265719,-163542

265719,-160050

265719,-158954

265719,-157380

265719,-154422

265720,-153904

265720,-152486

265720,-150596

265720,-150330

265720,-152764

265720,-149914

265720,-151926

265720,-149528

265721,-149384

265721,-146642

265721,-146594

265727,-142912

265727,-142150

265727,-140054

265727,-135602

265727,-133652

265728,-131256

265728,-130902

265728,-128914

265728,-125456

265728,-121914

265728,-121892

265728,-122364

265728,-122638

265729,-121108

265729,-119980

265729,-117918

265735,-114686

265735,-112894

265735,-110228

265735,-108266

265735,-106050

265736,-105560

265736,-102064

265736,-98002

265736,-96052

265736,-92218

265736,-92528

265736,-91364

265736,-89554

265737,-89594

265737,-87672

265737,-87654

265743,-85564

265743,-85530

265743,-82084

265743,-81056

265743,-79938

265744,-78596

265744,-78276

265744,-78212

265744,-77754

265744,-78438

265744,-76456

265744,-77186

265744,-75852

265745,-74370

265745,-73520

265745,-74790

265751,-75194

265751,-76888

265751,-78054

265751,-77078

265751,-79236

265752,-78296

265752,-76544

265752,-78218

265752,-76404

265752,-75466

265752,-73710

265752,-72636

265752,-70036

265753,-69814

265753,-66552

265753,-65648

265759,-67190

265759,-64424

265759,-63324

265759,-61596

265759,-61606

265760,-60868

265760,-58786

265760,-60746

265760,-60182

265760,-59584

265760,-58454

265760,-56056

265760,-52724

265761,-51856

265761,-49838

265761,-46528

265767,-43872

265767,-44338

265767,-41814

265767,-43280

265767,-44458

265768,-45322

265768,-45958

265768,-47630

265768,-48716

265768,-49602

265768,-51208

265768,-52154

265768,-52310

265769,-52988

265769,-54044

265769,-55112

265775,-56456

265775,-57440

265775,-57452

265775,-61516

265775,-58256

265776,-60576

265776,-58616

265776,-59156

265776,-59232

265776,-58692

265776,-57404

265776,-57560

265776,-59306

265777,-62320

265777,-61690

265777,-61176

265783,-61362

265783,-62874

265783,-62724

265783,-63950

265783,-65500

265784,-66310

265784,-67350

265784,-66250

265784,-64138

265784,-62612

265784,-62584

265784,-63200

265784,-62350

265785,-64024

265785,-64332

265785,-63186

265791,-67122

265791,-68764

265791,-70084

265791,-74524

265791,-75922

265792,-75762

265792,-75922

265792,-76544

265792,-77980

265792,-79424

265792,-81220

265792,-82556

265792,-81158

265793,-81018

265793,-81378

265793,-80102

265799,-78856

265799,-78396

265799,-77826

265799,-78678

265799,-78184

265800,-78990

265800,-78372

265800,-77934

265800,-78302

265800,-76926

265800,-74126

265800,-72968

265800,-72512

265801,-69694

265801,-65866

265801,-60890

265807,-57132

265807,-57112

265807,-51858

265807,-51934

265807,-49294

265808,-46854

265808,-45630

265808,-41128

265808,-36760

265808,-39326

265808,-39426

265808,-37554

265808,-38284

265809,-33236

265809,-31018

265809,-33112

265815,-31662

265815,-30766

265815,-30180

265815,-26478

265815,-28702

265816,-25372

265816,-25194

265816,-25402

265816,-23830

265816,-22222

265816,-21828

265816,-23104

265816,-20702

265817,-20310

265817,-21968

265817,-22946

265823,-22218

265823,-23402

265823,-23232

265823,-24974

265823,-29072

265824,-31126

265824,-33160

265824,-32074

265824,-34024

265824,-35182

265824,-33940

265824,-31396

265824,-32196

265825,-31242

265825,-29680

265825,-28880

265831,-29076

265831,-28356

265831,-26498

265831,-25414

265831,-26830

265832,-27120

265832,-27468

265832,-27868

265832,-28966

265832,-27232

265832,-27530

265832,-27354

265832,-26518

265833,-25548

265833,-24232

265833,-25038

265839,-23636

265839,-23124

265839,-21150

265839,-22002

265839,-20072

265840,-21284

265840,-20674

265840,-22218

265840,-26028

265840,-27842

265840,-29244

265840,-32544

265840,-32054

265841,-34012

265841,-33806

265841,-34668

265847,-35784

265847,-33500

265847,-33328

265847,-29698

265847,-28830

265848,-28762

265848,-27368

265848,-27064

265848,-27742

265848,-27466

265848,-24940

265848,-25008

265848,-24594

265849,-24298

265849,-24476

265849,-22686

265855,-21460

265855,-19858

265855,-18310

265855,-17540

265855,-16082

265856,-14798

265856,-12220

265856,-10734

265856,-8084

265856,-8868

265856,-9664

265856,-9508

265856,-9734

265857,-9788

265857,-12866

265857,-12526

265863,-15162

265863,-16308

265863,-17212

265863,-15878

265863,-17286

265864,-18164

265864,-19628

265864,-21292

265864,-24310

265864,-25884

265864,-27958

265864,-30126

265864,-30728

265865,-33992

265865,-35098

265865,-36900

265871,-39638

265871,-41790

265871,-42054

265871,-43682

265871,-46698

265872,-47078

265872,-48498

265872,-48136

265872,-45494

265872,-46216

265872,-44132

265872,-43206

265872,-42046

265873,-42052

265873,-41230

265873,-38982

265879,-39082

265879,-35340

265879,-34432

265879,-31802

265879,-30594

265880,-28272

265880,-28684

265880,-28364

265880,-27702

265880,-27086

265880,-27212

265880,-29656

265880,-28582

265881,-28026

265881,-24920

265881,-26040

265887,-26808

265887,-26104

265887,-24864

265887,-24168

265887,-24554

265888,-21916

265888,-21962

265888,-25506

265888,-26380

265888,-26558

265888,-27594

265888,-29174

265888,-27724

265889,-28456

265889,-29102

265889,-29866

265895,-29730

265895,-29108

265895,-25232

265895,-23640

265895,-28066

265896,-29142

265896,-29654

265896,-29938

265896,-32928

265896,-32310

265896,-30926

265896,-31650

265896,-30532

265897,-29014

265897,-29306

265897,-30108

265903,-29710

265903,-31584

265903,-34154

265903,-37178

265903,-37646

265904,-38276

265904,-36846

265904,-36662

265904,-39244

265904,-40416

265904,-43034

265904,-44958

265904,-45286

265905,-46268

265905,-48140

265905,-48138

265911,-48342

265911,-50498

265911,-50228

265911,-49942

265911,-55832

265912,-54174

265912,-55378

265912,-59406

265912,-58516

265912,-58398

265912,-56730

265912,-58270

265912,-59246

265913,-60126

265913,-61056

265913,-61564

265919,-61482

265919,-60084

265919,-59400

265919,-59640

265919,-56398

265920,-57020

265920,-55592

265920,-54842

265920,-51928

265920,-54356

265920,-56500

265920,-57786

265920,-57736

265921,-58586

265921,-58674

265921,-57902

265927,-56538

265927,-56070

265927,-55274

265927,-50248

265927,-48010

265928,-47612

265928,-45670

265928,-45958

265928,-43870

265928,-43336

265928,-42308

265928,-44008

265928,-44540

265929,-46576

265929,-48102

265929,-47822

265935,-50672

265935,-48026

265935,-46138

265935,-42358

265935,-41426

265936,-39058

265936,-39814

265936,-37920

265936,-35912

265936,-33310

265936,-30756

265936,-28966

265936,-26678

265937,-25830

265937,-23562

265937,-21568

265943,-21638

265943,-22126

265943,-23386

265943,-24644

265943,-28116

265944,-28644

265944,-28110

265944,-25986

265944,-25326

265944,-26890

265944,-27960

265944,-28742

265944,-30008

265945,-30202

265945,-30622

265945,-31848

265951,-32942

265951,-36952

265951,-36844

265951,-37726

265951,-38394

265952,-39708

265952,-40554

265952,-40764

265952,-42700

265952,-45506

265952,-46196

265952,-47440

265952,-49200

265953,-50320

265953,-53098

265953,-53526

265959,-55634

265959,-56482

265959,-58418

265959,-59830

265959,-60240

265960,-58882

265960,-57542

265960,-55416

265960,-53354

265960,-55340

265960,-56374

265960,-57280

265960,-59832

265961,-61244

265961,-63644

265961,-61618

265967,-62918

265967,-63826

265967,-64608

265967,-65720

265967,-67628

265968,-69366

265968,-71068

265968,-73224

265968,-73786

265968,-74366

265968,-76408

265968,-79734

265968,-80148

265969,-80088

265969,-80146

265969,-77230

265975,-77562

265975,-80506

265975,-78890

265975,-82234

265975,-81440

265976,-83680

265976,-85972

265976,-87632

265976,-89720

265976,-91350

265976,-91762

265976,-91694

265976,-88156

265977,-89456

265977,-91420

265977,-91832

265983,-89126

265983,-91912

265983,-91732

265983,-92544

265983,-92196

265984,-92366

265984,-93716

265984,-93372

265984,-90396

265984,-91706

265984,-91462

265984,-91380

265984,-91922

265985,-93020

265985,-97018

265985,-94798

265991,-95452

265991,-98950

265991,-101024

265991,-103936

265991,-106766

265992,-107946

265992,-108672

265992,-108916

265992,-110572

265992,-108456

265992,-105528

265992,-104020

265992,-102470

265993,-100952

265993,-99852

265993,-99528

265999,-97958

265999,-98286

265999,-98750

265999,-99214

265999,-97708

266000,-98510

266000,-100280

266000,-99848

266000,-97188

266000,-97594

266000,-98290

266000,-97430

266000,-96306

266001,-95116

266001,-94370

266001,-92538

266007,-92100

266007,-92488

266007,-92582

266007,-93322

266007,-93708

266008,-92234

266008,-93428

266008,-92528

266008,-91780

266008,-94130

266008,-93914

266008,-91962

266008,-90310

266009,-89882

266009,-89666

266009,-88350

266015,-88336

266015,-88552

266015,-87442

266015,-89276

266015,-89780

266016,-90444

266016,-87232

266016,-88320

266016,-88458

266016,-87876

266016,-88432

266016,-90170

266016,-86750

266017,-86156

266017,-85434

266017,-86634

266023,-86110

266023,-88348

266023,-90186

266023,-95140

266023,-97312

266024,-97150

266024,-100546

266024,-101474

266024,-105028

266024,-103376

266024,-105366

266024,-106700

266024,-106208

266025,-110418

266025,-112278

266025,-113626

266031,-114724

266031,-115232

266031,-118440

266031,-119476

266031,-122392

266032,-123934

266032,-126052

266032,-131792

266032,-132498

266032,-131888

266032,-133776

266032,-130784

266032,-132778

266033,-131858

266033,-132398

266033,-135904

266039,-137358

266039,-135956

266039,-136418

266039,-137312

266039,-138106

266040,-138724

266040,-142536

266040,-143906

266040,-144446

266040,-145704

266040,-147268

266040,-147884

266040,-151294

266041,-151378

266041,-152804

266041,-151396

266047,-152492

266047,-152994

266047,-153634

266047,-152284

266047,-154054

266048,-150494

266048,-153438

266048,-152954

266048,-151570

266048,-148414

266048,-150636

266048,-152000

266048,-152706

266049,-153020

266049,-152242

266049,-153118

266055,-151614

266055,-154586

266055,-154338

266055,-156392

266055,-160056

266056,-158848

266056,-161216

266056,-161960

266056,-161824

266056,-160966

266056,-162454

266056,-160292

266056,-161548

266057,-165906

266057,-167680

266057,-165986

266063,-169598

266063,-170818

266063,-171116

266063,-169730

266063,-171040

266064,-171246

266064,-170544

266064,-173084

266064,-172330

266064,-173622

266064,-172346

266064,-175334

266064,-174968

266065,-175634

266065,-177166

266065,-177446

266071,-179582

266071,-180208

266071,-183518

266071,-183868

266071,-181312

266072,-180340

266072,-179854

266072,-182560

266072,-185484

266072,-185704

266072,-188250

266072,-190482

266072,-191646

266073,-195558

266073,-196772

266073,-195930

266079,-199716

266079,-200576

266079,-199722

266079,-202116

266079,-200166

266080,-198178

266080,-200886

266080,-201910

266080,-203132

266080,-202350

266080,-205358

266080,-205322

266080,-207348

266081,-206832

266081,-209386

266081,-209542

266087,-210928

266087,-213268

266087,-214318

266087,-217498

266087,-218796

266088,-220020

266088,-219194

266088,-217516

266088,-217750

266088,-216948

266088,-218508

266088,-219534

266088,-222220

266089,-220656

266089,-222074

266089,-219148

266095,-219766

266095,-217308

266095,-217388

266095,-218948

266095,-217854

266096,-217090

266096,-218520

266096,-218230

266096,-218314

266096,-218560

266096,-219590

266096,-218544

266096,-215584

266097,-215550

266097,-215648

266097,-216750

266103,-217846

266103,-218254

266103,-218690

266103,-218608

266103,-218556

266104,-216416

266104,-214006

266104,-212598

266104,-211818

266104,-213414

266104,-212360

266104,-210440

266104,-208882

266105,-207608

266105,-208728

266105,-207348

266111,-208118

266111,-207814

266111,-203382

266111,-201994

266111,-202290

266112,-199900

266112,-197698

266112,-196296

266112,-194068

266112,-193142

266112,-190976

266112,-189612

266112,-188118

266113,-185542

266113,-182014

266113,-179030

266119,-175750

266119,-176038

266119,-176524

266119,-173992

266119,-170200

266120,-165872

266120,-164032

266120,-161346

266120,-158650

266120,-156646

266120,-152722

266120,-149260

266120,-144978

266121,-141882

266121,-138322

266121,-136884

266127,-133786

266127,-130530

266127,-128398

266127,-126808

266127,-121794

266128,-118282

266128,-114096

266128,-111442

266128,-108762

266128,-105248

266128,-99132

266128,-96676

266128,-92086

266129,-89100

266129,-85202

266129,-81362

266135,-79874

266135,-77598

266135,-75860

266135,-74692

266135,-72180

266136,-71944

266136,-69234

266136,-66340

266136,-60768

266136,-55886

266136,-54494

266136,-52816

266136,-47018

266137,-41680

266137,-37042

266137,-33314

266143,-29436

266143,-28028

266143,-26468

266143,-24834

266143,-21596

266144,-20548

266144,-19424

266144,-19110

266144,-15436

266144,-11014

266144,-12420

266144,-9938

266144,-8366

266145,-5540

266145,-1932

266145,480

266151,3526

266151,5790

266151,7458

266151,11958

266151,13434

266152,17392

266152,21316

266152,19720

266152,21382

266152,25300

266152,27180

266152,27572

266152,30278

266153,31284

266153,34050

266153,37052

266159,43290

266159,44124

266159,46728

266159,50138

266159,49612

266160,50200

266160,50842

266160,50886

266160,52982

266160,53094

266160,53596

266160,56100

266160,55156

266161,56086

266161,53176

266161,54682

266167,52848

266167,53840

266167,51636

266167,54248

266167,55542

266168,54430

266168,52642

266168,51240

266168,50226

266168,50670

266168,51136

266168,49758

266168,51056

266169,51888

266169,51992

266169,51632

266175,53230

266175,53884

266175,54502

266175,54102

266175,53520

266176,53930

266176,55130

266176,55534

266176,55716

266176,56778

266176,57830

266176,56560

266176,56986

266177,59800

266177,62506

266177,63026

266183,65158

266183,66984

266183,70086

266183,68644

266183,70044

266184,70728

266184,70882

266184,71310

266184,70100

266184,71566

266184,72076

266184,75660

266184,76960

266185,76502

266185,79342

266185,80282

266191,82106

266191,82294

266191,82824

266191,82866

266191,84424

266192,85814

266192,86578

266192,85688

266192,84126

266192,85228

266192,85522

266192,87118

266192,87818

266193,88192

266193,88162

266193,89656

266199,89714

266199,89326

266199,90366

266199,92908

266199,91828

266200,94562

266200,97484

266200,96050

266200,95968

266200,98012

266200,96018

266200,98030

266200,101838

266201,102324

266201,104368

266201,104904

266207,108684

266207,110986

266207,112006

266207,110728

266207,113200

266208,112282

266208,118004

266208,117192

266208,119536

266208,119248

266208,120478

266208,120246

266208,121996

266209,123032

266209,124294

266209,122790

266215,125070

266215,126518

266215,125360

266215,127540

266215,126302

266216,125374

266216,124782

266216,125956

266216,125322

266216,127946

266216,127430

266216,125338

266216,126856

266217,126062

266217,127432

266217,130074

266223,130264

266223,130676

266223,132014

266223,126558

266223,125346

266224,126206

266224,124052

266224,125092

266224,123420

266224,123150

266224,124922

266224,128050

266224,129462

266225,132446

266225,134380

266225,136252

266231,137936

266231,140138

266231,141886

266231,141862

266231,142094

266232,145128

266232,145402

266232,149556

266232,149546

266232,149750

266232,151348

266232,153236

266232,151918

266233,153096

266233,153552

266233,155958

266239,157486

266239,158416

266239,158916

266239,160322

266239,161884

266240,163020

266240,168282

266240,173122

266240,176784

266240,182976

266240,185328

266240,189706

266240,192812

266241,196292

266241,200558

266241,204438

266247,207854

266247,213310

266247,214824

266247,219252

266247,222330

266248,226996

266248,232166

266248,238324

266248,242728

266248,246858

266248,251184

266248,252844

266248,255964

266249,259608

266249,262542

266249,265350

266255,267732

266255,269246

266255,269588

266255,272772

266255,276722

266256,277814

266256,280056

266256,281184

266256,287132

266256,291918

266256,295456

266256,297476

266256,301896

266257,304208

266257,305226

266257,307922

266263,309584

266263,311704

266263,310946

266263,314566

266263,315824

266264,314222

266264,314894

266264,315356

266264,312990

266264,313854

266264,312206

266264,314478

266264,317876

266265,320274

266265,323910

266265,326106

266271,326294

266271,326324

266271,326566

266271,325478

266271,323742

266272,328014

266272,330798

266272,328994

266272,329048

266272,329850

266272,327376

266272,326588

266272,326144

266273,323836

266273,323962

266273,319852

266279,320270

266279,318228

266279,317418

266279,317470

266279,320874

266280,319356

266280,319594

266280,318694

266280,317044

266280,316314

266280,314372

266280,315370

266280,314916

266281,316576

266281,315176

266281,314562

266287,312204

266287,310386

266287,309656

266287,311742

266287,309906

266288,310132

266288,312758

266288,314560

266288,316758

266288,317274

266288,315220

266288,312910

266288,312058

266289,310312

266289,308522

266289,307456

266295,305814

266295,305342

266295,302176

266295,300842

266295,298630

266296,295008

266296,294534

266296,295186

266296,294206

266296,294490

266296,295072

266296,293238

266296,291902

266297,289866

266297,288804

266297,286196

266303,285034

266303,280112

266303,275022

266303,274062

266303,271526

266304,267666

266304,266348

266304,264264

266304,264480

266304,262104

266304,258250

266304,258206

266304,258482

266305,255626

266305,256090

266305,254860

266311,256014

266311,255634

266311,254990

266311,254164

266311,255412

266312,253582

266312,252246

266312,250150

266312,250644

266312,250256

266312,250046

266312,248350

266312,245680

266313,248178

266313,248692

266313,248184

266319,246002

266319,247028

266319,248374

266319,247814

266319,249854

266320,250274

266320,251726

266320,250600

266320,252132

266320,247784

266320,247260

266320,245870

266320,246122

266321,244968

266321,243348

266321,240802

266327,240256

266327,240654

266327,239572

266327,239994

266327,238046

266328,235302

266328,237716

266328,237132

266328,238886

266328,237034

266328,237152

266328,235698

266328,236250

266329,236010

266329,237276

266329,234834

266335,232586

266335,231650

266335,229458

266335,228804

266335,227282

266336,225632

266336,222944

266336,221326

266336,221394

266336,223670

266336,223928

266336,220982

266336,221756

266337,221718

266337,220462

266337,217486

266343,216420

266343,216726

266343,212688

266343,211894

266343,209296

266344,205926

266344,205806

266344,202084

266344,200600

266344,198428

266344,196030

266344,195368

266344,192448

266345,193506

266345,191592

266345,190164

266351,188872

266351,189850

266351,189506

266351,191530

266351,192108

266352,191502

266352,190058

266352,188850

266352,186460

266352,184160

266352,182770

266352,181286

266352,179858

266353,180958

266353,181060

266353,183564

266359,184216

266359,183810

266359,185444

266359,186160

266359,184244

266360,185206

266360,185738

266360,187690

266360,186176

266360,186496

266360,186678

266360,185060

266360,183046

266361,183730

266361,183344

266361,184628

266367,183744

266367,183524

266367,183714

266367,186786

266367,187588

266368,190672

266368,194078

266368,194252

266368,197356

266368,196876

266368,200360

266368,201846

266368,202372

266369,203918

266369,205280

266369,204854

266375,206968

266375,205866

266375,206956

266375,206184

266375,206600

266376,206692

266376,206948

266376,205280

266376,205158

266376,205906

266376,205090

266376,204254

266376,205022

266377,206574

266377,210236

266377,209870

266383,208458

266383,208598

266383,207150

266383,208816

266383,207844

266384,208386

266384,208486

266384,210110

266384,207454

266384,204364

266384,203390

266384,204128

266384,203060

266385,203758

266385,203730

266385,202314

266391,204036

266391,205852

266391,206152

266391,205822

266391,208254

266392,209166

266392,209942

266392,209442

266392,209726

266392,209380

266392,210740

266392,209532

266392,209426

266393,211728

266393,211062

266393,213388

266399,212102

266399,214604

266399,218834

266399,220366

266399,218510

266400,218152

266400,218878

266400,218514

266400,219668

266400,223004

266400,221722

266400,220556

266400,219420

266401,216974

266401,213024

266401,209620

266407,207784

266407,204596

266407,201962

266407,199952

266407,196856

266408,196518

266408,195370

266408,194292

266408,192756

266408,192244

266408,191284

266408,189152

266408,187926

266409,186892

266409,182780

266409,181640

266415,180380

266415,177248

266415,175264

266415,174714

266415,170318

266416,167014

266416,166046

266416,164658

266416,165868

266416,166936

266416,170166

266416,171256

266416,171628

266417,169996

266417,168572

266417,168366

266423,167168

266423,166726

266423,164142

266423,160562

266423,158474

266424,156178

266424,158714

266424,157348

266424,156926

266424,156144

266424,155924

266424,156922

266424,156456

266425,155018

266425,157792

266425,157518

266431,157070

266431,157072

266431,158280

266431,159386

266431,158792

266432,157768

266432,157050

266432,156646

266432,155324

266432,156860

266432,156846

266432,159874

266432,160646

266433,161968

266433,163304

266433,162626

266439,166452

266439,167544

266439,169306

266439,173082

266439,175460

266440,176518

266440,181430

266440,182258

266440,184638

266440,186866

266440,187910

266440,188774

266440,191122

266441,195356

266441,195022

266441,195366

266447,198164

266447,200580

266447,201750

266447,205688

266447,207810

266448,208224

266448,206828

266448,210162

266448,209388

266448,208308

266448,208282

266448,208454

266448,208360

266449,208126

266449,207824

266449,207274

266455,208238

266455,209086

266455,209636

266455,208792

266455,207390

266456,208550

266456,204992

266456,204156

266456,205788

266456,208122

266456,207516

266456,207064

266456,208760

266457,206808

266457,204982

266457,206092

266463,206814

266463,205076

266463,205518

266463,208298

266463,207314

266464,208826

266464,210002

266464,207364

266464,207976

266464,207564

266464,204454

266464,202824

266464,201476

266465,199984

266465,199894

266465,198040

266471,197678

266471,195704

266471,193602

266471,192658

266471,190402

266472,187790

266472,188142

266472,187038

266472,187386

266472,185766

266472,184480

266472,180350

266472,180790

266473,178844

266473,179314

266473,177860

266479,177902

266479,176238

266479,176280

266479,174502

266479,170880

266480,169254

266480,170616

266480,170238

266480,170256

266480,165714

266480,163640

266480,161174

266480,160054

266481,160840

266481,160626

266481,162686

266487,161010

266487,160954

266487,162346

266487,161362

266487,156738

266488,156318

266488,154184

266488,155008

266488,151910

266488,150798

266488,148604

266488,147912

266488,147014

266489,145456

266489,146422

266489,145222

266495,144938

266495,143684

266495,143372

266495,142194

266495,142394

266496,143342

266496,142100

266496,144956

266496,143034

266496,142562

266496,143186

266496,143620

266496,141766

266497,141168

266497,141604

266497,142166

266503,141006

266503,142092

266503,142818

266503,144872

266503,144428

266504,144904

266504,145034

266504,147032

266504,147236

266504,150204

266504,154542

266504,155618

266504,158162

266505,157558

266505,157516

266505,158650

RAW_SUMMARY id=9 requested=6000 captured=6000 unused_capacity=0 max_pcm_abs=6523974 raw_mean=8339.0 raw_abs_mean=299179.3 raw_min=-6523974 raw_max=4389118 baseline=2.6

OK RAW

