# run: clap_r1_3
# firmware: role=analyzer git=1c743a2 version=0.4.0
# imported-from: clap_3.log (mtime 2026-10-09T12:00:10)
RAW_INFO mode=i2s output=csv

RAW_INFO row_size=12

RAW_BEGIN id=8 sr=2000 trigger_ms=251056 command_ms=251043 emit_seen=1 emit_start_ms=251056 emit_done_ms=251153 f=3200 dur=100 pre_ms=0 post_ms=3000 decim=8 pre_samples=0 post_samples=6000 mode=i2s output=csv fields=ms,pcm

ms,pcm

251058,-28250

251058,-32194

251058,-31394

251058,-31256

251058,-34614

251058,-35682

251059,-23022

251059,-69972

251059,-2228

251059,-79404

251059,-9464

251059,-57498

251059,-46752

251059,-19060

251059,-95994

251063,-10484

251063,-81996

251063,-60380

251063,-23208

251063,-102096

251064,-10482

251064,-86092

251064,-59578

251064,-30348

251064,-117160

251064,-18278

251064,-103420

251064,-72778

251065,-38750

251065,-127958

251065,-26418

251071,-104418

251071,-83828

251071,-40324

251071,-134816

251071,-39106

251072,-116572

251072,-91950

251072,-53656

251072,-134892

251072,-36626

251072,-103414

251072,-94122

251072,-42046

251073,-144864

251073,-39692

251073,-117652

251079,-101366

251079,-48512

251079,-146758

251079,-38784

251079,-121502

251080,-99804

251080,-58670

251080,-153492

251080,-45824

251080,-132710

251080,-102784

251080,-60520

251080,-153586

251081,-42576

251081,-130948

251081,-103534

251087,-67906

251087,-162286

251087,-54028

251087,-138254

251087,-110464

251088,-70880

251088,-163256

251088,-54890

251088,-136212

251088,-112518

251088,-72184

251088,-170318

251088,-61332

251089,-152216

251089,-119126

251089,-83070

251095,-173512

251095,-64220

251095,-152698

251095,-125448

251095,-86742

251096,-184226

251096,-74352

251096,-162584

251096,-133682

251096,-91164

251096,-186736

251096,-74394

251096,-160872

251097,-133304

251097,-92686

251097,-189026

251103,-77678

251103,-166558

251103,-134570

251103,-92348

251103,-188572

251104,-74746

251104,-161418

251104,-133894

251104,-88382

251104,-188172

251104,-76336

251104,-160668

251104,-136470

251105,-91358

251105,-186648

251105,-73302

251111,-155392

251111,-135160

251111,-87308

251111,-190954

251111,-82312

251112,-169960

251112,-146722

251112,-103084

251112,-201388

251112,-93304

251112,-178034

251112,-156994

251112,-110964

251113,-212484

251113,-102384

251113,-186202

251119,-164716

251119,-119832

251119,-218138

251119,-103188

251119,-190934

251120,-165018

251120,-124370

251120,-222902

251120,-110832

251120,-195322

251120,-166748

251120,-121646

251120,-215476

251121,-99830

251121,-184328

251121,-157184

251127,-113612

251127,-214798

251127,-103552

251127,-187056

251127,-162412

251128,-112516

251128,-204160

251128,-86054

251128,-171156

251128,-145544

251128,-102326

251128,-201680

251128,-92926

251129,-177714

251129,-152974

251129,-108136

251135,-203486

251135,-88512

251135,-177460

251135,-151324

251135,-108244

251136,-206680

251136,-94596

251136,-179624

251136,-154982

251136,-107232

251136,-200306

251136,-83816

251136,-168576

251137,-140312

251137,-97644

251137,-192568

251143,-82078

251143,-166992

251143,-137020

251143,-89938

251143,-184346

251144,-70172

251144,-154110

251144,-123176

251144,-80132

251144,-173744

251144,-59846

251144,-142710

251144,-112600

251145,-65114

251145,-158590

251145,-42392

251151,-125300

251151,-93842

251151,-50540

251151,-148944

251151,-37498

251152,-124998

251152,-99326

251152,-53626

251154,-149256

251154,-34522

251154,-121902

251154,-99368

251154,-68462

251154,-118404

251155,-66058

251155,-113672

251159,-107136

251159,-70242

251159,-127924

251159,-81206

251159,-106514

251160,-101612

251160,-100972

251160,-114682

251160,-113188

251160,-121666

251160,-130482

251160,-113706

251160,-138188

251161,-121544

251161,-131546

251161,-133240

251167,-125686

251167,-139110

251167,-128056

251167,-138806

251167,-134206

251168,-131372

251168,-143990

251168,-125598

251168,-143826

251168,-135472

251168,-135432

251168,-158680

251168,-134144

251169,-164344

251169,-148584

251169,-160240

251175,-168952

251175,-149042

251175,-169710

251175,-157820

251175,-163526

251176,-174260

251176,-160180

251176,-184062

251176,-170094

251176,-171692

251176,-184088

251176,-168556

251176,-182984

251177,-178418

251177,-180032

251177,-183810

251183,-184188

251183,-182430

251183,-192268

251183,-183262

251183,-199860

251184,-189260

251184,-195768

251184,-197398

251184,-195330

251184,-211198

251184,-202970

251184,-213294

251184,-217484

251185,-213514

251185,-220598

251185,-211696

251191,-212232

251191,-212348

251191,-204930

251191,-215394

251191,-212254

251192,-216108

251192,-221282

251192,-211642

251192,-219602

251192,-207488

251192,-211740

251192,-212808

251192,-205572

251193,-216140

251193,-208414

251193,-214430

251199,-216454

251199,-204848

251199,-215692

251199,-204264

251199,-208426

251200,-211734

251200,-204824

251200,-214138

251200,-209624

251200,-212754

251200,-217176

251200,-213024

251200,-221918

251201,-212634

251201,-220238

251201,-220520

251207,-218376

251207,-225678

251207,-216868

251207,-225856

251207,-221090

251208,-218528

251208,-221604

251208,-211158

251208,-217176

251208,-212786

251208,-208830

251208,-214502

251208,-204444

251209,-213458

251209,-208696

251209,-206096

251215,-213590

251215,-200432

251215,-208602

251215,-202456

251215,-200214

251216,-204832

251216,-196428

251216,-205612

251216,-200404

251216,-198148

251216,-202988

251216,-198540

251216,-205110

251217,-204760

251217,-202584

251217,-212808

251223,-209642

251223,-217432

251223,-219100

251223,-220424

251223,-229942

251224,-225740

251224,-232742

251224,-234148

251224,-232078

251224,-243216

251224,-237056

251224,-247136

251224,-247388

251225,-249708

251225,-255118

251225,-248796

251231,-252640

251231,-251010

251231,-245352

251231,-255560

251231,-248436

251232,-255244

251232,-256770

251232,-252954

251232,-258222

251232,-253360

251232,-257304

251232,-256528

251232,-249002

251233,-258234

251233,-251762

251233,-257738

251239,-258338

251239,-252816

251239,-259790

251239,-247814

251239,-251700

251240,-250488

251240,-248610

251240,-255764

251240,-249820

251240,-254080

251240,-256348

251240,-249980

251240,-259304

251241,-249902

251241,-256886

251241,-254554

251247,-248896

251247,-259462

251247,-249072

251247,-254420

251247,-252310

251248,-245570

251248,-254594

251248,-246350

251248,-247452

251248,-248678

251248,-244514

251248,-251360

251248,-244352

251249,-248168

251249,-246900

251249,-241540

251255,-246852

251255,-237986

251255,-239272

251255,-237830

251255,-231154

251256,-235118

251256,-228956

251256,-227996

251256,-226510

251256,-223918

251256,-228950

251256,-223104

251256,-222980

251257,-221454

251257,-215424

251257,-219842

251263,-213914

251263,-217050

251263,-217028

251263,-213112

251263,-216878

251264,-209828

251264,-212490

251264,-210082

251264,-208164

251264,-212714

251264,-208332

251264,-211844

251264,-210564

251265,-209412

251265,-215046

251265,-208516

251271,-212848

251271,-212206

251271,-212008

251271,-218274

251271,-215306

251272,-218378

251272,-219332

251272,-217834

251272,-220290

251272,-219658

251272,-223372

251272,-224878

251272,-222588

251273,-224636

251273,-221662

251273,-223080

251279,-223586

251279,-223028

251279,-223408

251279,-221392

251279,-220280

251280,-218620

251280,-216870

251280,-217216

251280,-213796

251280,-216414

251280,-217108

251280,-215714

251280,-217090

251281,-215190

251281,-215172

251281,-212426

251287,-211496

251287,-212040

251287,-211768

251287,-213372

251287,-209708

251288,-212138

251288,-212920

251288,-209866

251288,-210964

251288,-206162

251288,-206694

251288,-204992

251288,-203984

251289,-208960

251289,-207388

251289,-208982

251295,-211308

251295,-207640

251295,-209808

251295,-210094

251295,-211450

251296,-211902

251296,-208176

251296,-211020

251296,-207130

251296,-205658

251296,-205294

251296,-203258

251296,-201684

251297,-197520

251297,-195750

251297,-196372

251303,-194558

251303,-197490

251303,-197898

251303,-196384

251303,-196212

251304,-197228

251304,-197440

251304,-196016

251304,-193648

251304,-193346

251304,-190292

251304,-192562

251304,-191184

251305,-189328

251305,-189660

251305,-188836

251311,-185912

251311,-183908

251311,-181638

251311,-182274

251311,-181220

251312,-181300

251312,-180302

251312,-180404

251312,-181554

251312,-181100

251312,-180736

251312,-179136

251312,-179154

251313,-180452

251313,-182006

251313,-183022

251319,-182388

251319,-182780

251319,-181490

251319,-178414

251319,-178216

251320,-179544

251320,-177162

251320,-175918

251320,-175646

251320,-177036

251320,-176312

251320,-178576

251320,-178354

251321,-182052

251321,-183198

251321,-184220

251327,-184490

251327,-185588

251327,-187046

251327,-188700

251327,-186684

251328,-188630

251328,-189082

251328,-190248

251328,-190884

251328,-189834

251328,-191034

251328,-191168

251328,-192638

251329,-195610

251329,-196798

251329,-201504

251335,-200726

251335,-203384

251335,-203954

251335,-205110

251335,-208554

251336,-211240

251336,-213320

251336,-216602

251336,-218796

251336,-220064

251336,-224054

251336,-224030

251336,-227554

251337,-227570

251337,-229660

251337,-229462

251343,-227368

251343,-230082

251343,-226760

251343,-230164

251343,-230732

251344,-230882

251344,-230320

251344,-230978

251344,-232052

251344,-230914

251344,-231454

251344,-230260

251344,-229484

251345,-230348

251345,-228080

251345,-225366

251351,-224716

251351,-223210

251351,-222236

251351,-220292

251351,-218334

251352,-216692

251352,-215912

251352,-217748

251352,-218766

251352,-220450

251352,-220570

251352,-218618

251352,-217606

251353,-214098

251353,-211702

251353,-211712

251359,-210428

251359,-212850

251359,-211884

251359,-210300

251359,-208262

251360,-205464

251360,-204350

251360,-204208

251360,-202860

251360,-201630

251360,-199874

251360,-197834

251360,-194030

251361,-192914

251361,-190154

251361,-188816

251367,-185864

251367,-183124

251367,-178758

251367,-176964

251367,-174936

251368,-172750

251368,-169734

251368,-170804

251368,-166850

251368,-166614

251368,-168394

251368,-165276

251368,-163608

251369,-160970

251369,-160138

251369,-157374

251375,-156782

251375,-157826

251375,-159164

251375,-158852

251375,-157126

251376,-154862

251376,-157810

251376,-157954

251376,-158620

251376,-158378

251376,-160126

251376,-162826

251376,-165724

251377,-167300

251377,-169518

251377,-170944

251383,-170172

251383,-171102

251383,-172958

251383,-174532

251383,-176964

251384,-176636

251384,-177162

251384,-177984

251384,-177670

251384,-177640

251384,-178186

251384,-180354

251384,-179740

251385,-179988

251385,-179564

251385,-179772

251391,-179386

251391,-179418

251391,-178594

251391,-177782

251391,-178236

251392,-179530

251392,-175662

251392,-178230

251392,-176174

251392,-177286

251392,-175406

251392,-175560

251392,-175966

251393,-175258

251393,-174866

251393,-173940

251399,-171008

251399,-172476

251399,-170224

251399,-172366

251399,-170822

251400,-170532

251400,-170412

251400,-170480

251400,-170376

251400,-168434

251400,-168440

251400,-171870

251400,-171442

251401,-173212

251401,-175696

251401,-176018

251407,-177482

251407,-176816

251407,-174028

251407,-173360

251407,-174034

251408,-172540

251408,-169518

251408,-165428

251408,-163950

251408,-160350

251408,-156666

251408,-153152

251408,-149276

251409,-147022

251409,-142802

251409,-141740

251415,-140864

251415,-137332

251415,-136444

251415,-134220

251415,-131758

251416,-129274

251416,-127568

251416,-125030

251416,-125110

251416,-124254

251416,-121262

251416,-116342

251416,-116308

251417,-111916

251417,-111250

251417,-110554

251423,-108592

251423,-106786

251423,-108006

251423,-106654

251423,-108268

251424,-107390

251424,-108072

251424,-109634

251424,-109104

251424,-110802

251424,-110312

251424,-112186

251424,-110814

251425,-109490

251425,-107348

251425,-107188

251431,-106592

251431,-107056

251431,-105606

251431,-105748

251431,-105188

251432,-104458

251432,-104948

251432,-104476

251432,-105874

251432,-105572

251432,-104042

251432,-102680

251432,-102944

251433,-102116

251433,-101550

251433,-101876

251439,-102828

251439,-102336

251439,-100016

251439,-95650

251439,-91434

251440,-86436

251440,-86820

251440,-86578

251440,-86192

251440,-84416

251440,-83050

251440,-81020

251440,-77838

251441,-75378

251441,-74286

251441,-73922

251447,-74402

251447,-73796

251447,-73526

251447,-73070

251447,-72838

251448,-70224

251448,-69020

251448,-67918

251448,-68160

251448,-67208

251448,-64948

251448,-62078

251448,-59554

251449,-56986

251449,-54356

251449,-52206

251455,-51226

251455,-49148

251455,-47568

251455,-48412

251455,-45842

251456,-46736

251456,-46020

251456,-46768

251456,-47162

251456,-46932

251456,-45128

251456,-44384

251456,-42340

251457,-39892

251457,-37210

251457,-35898

251463,-33158

251463,-31652

251463,-32534

251463,-32632

251463,-33850

251464,-34920

251464,-33010

251464,-36198

251464,-35952

251464,-36586

251464,-37458

251464,-40038

251464,-42288

251465,-42732

251465,-43400

251465,-39810

251471,-40340

251471,-40728

251471,-39316

251471,-38100

251471,-40510

251472,-41692

251472,-39918

251472,-39624

251472,-40724

251472,-39072

251472,-39376

251472,-41254

251472,-42516

251473,-41344

251473,-41260

251473,-41472

251479,-40766

251479,-40926

251479,-38622

251479,-39404

251479,-37218

251480,-36562

251480,-34360

251480,-34138

251480,-31826

251480,-30226

251480,-28728

251480,-27862

251480,-28816

251481,-29888

251481,-31444

251481,-30284

251487,-30254

251487,-31528

251487,-30412

251487,-30808

251487,-31324

251488,-29042

251488,-27556

251488,-27026

251488,-25764

251488,-22342

251488,-21044

251488,-18672

251488,-17668

251489,-18342

251489,-15984

251489,-15996

251495,-14150

251495,-12480

251495,-12312

251495,-11082

251495,-9634

251496,-6888

251496,-7778

251496,-5482

251496,-2942

251496,1636

251496,4788

251496,7214

251496,12124

251497,14918

251497,16488

251497,17068

251503,22418

251503,21932

251503,26752

251503,32102

251503,36338

251504,40522

251504,43924

251504,47424

251504,50160

251504,53842

251504,58296

251504,62796

251504,65986

251505,71068

251505,75340

251505,79938

251511,83238

251511,87558

251511,91426

251511,96190

251511,98644

251512,101794

251512,103824

251512,107028

251512,113624

251512,114714

251512,117900

251512,122702

251512,126570

251513,130172

251513,135250

251513,138548

251519,141782

251519,144146

251519,148724

251519,155158

251519,157430

251520,161010

251520,161486

251520,164846

251520,166290

251520,168828

251520,172796

251520,172524

251520,176556

251521,178082

251521,178996

251521,179700

251527,181610

251527,181752

251527,185398

251527,185914

251527,185614

251528,189252

251528,188242

251528,190386

251528,192014

251528,191160

251528,192138

251528,191130

251528,191726

251529,192688

251529,191766

251529,189690

251535,190262

251535,188572

251535,191662

251535,191140

251535,190526

251536,190896

251536,192398

251536,189836

251536,188666

251536,187616

251536,186300

251536,187262

251536,188110

251537,191104

251537,189898

251537,188112

251543,185796

251543,185818

251543,184502

251543,183928

251543,181780

251544,183864

251544,181298

251544,179618

251544,178746

251544,177192

251544,176632

251544,173240

251544,171278

251545,169992

251545,170998

251545,170330

251551,169082

251551,167480

251551,167830

251551,168068

251551,166086

251552,165498

251552,165574

251552,164992

251552,162538

251552,161926

251552,159932

251552,160020

251552,160686

251553,161842

251553,161176

251553,164034

251559,165054

251559,164106

251559,163932

251559,167804

251559,169696

251560,171468

251560,174978

251560,173384

251560,173358

251560,177162

251560,172842

251560,172302

251560,168610

251561,170950

251561,171162

251561,173598

251567,174396

251567,175456

251567,174042

251567,175098

251567,175044

251568,175622

251568,176916

251568,178820

251568,181520

251568,185774

251568,187694

251568,186738

251568,190274

251569,190732

251569,190840

251569,193658

251575,192906

251575,195450

251575,198542

251575,196322

251575,198646

251576,199660

251576,199656

251576,200122

251576,198814

251576,201080

251576,202964

251576,201662

251576,201814

251577,204230

251577,203402

251577,204110

251583,206584

251583,207528

251583,210152

251583,207996

251583,210112

251584,211556

251584,212340

251584,213090

251584,214890

251584,219146

251584,219232

251584,219706

251584,219226

251585,217084

251585,216584

251585,215976

251591,217566

251591,214354

251591,213242

251591,213164

251591,211148

251592,208410

251592,205222

251592,202352

251592,198802

251592,199254

251592,194784

251592,194920

251592,191498

251593,191104

251593,187814

251593,185992

251599,185370

251599,183462

251599,181700

251599,178502

251599,179818

251600,177402

251600,177194

251600,174496

251600,172926

251600,171816

251600,172840

251600,170236

251600,168392

251601,167892

251601,163544

251601,161590

251607,160514

251607,160686

251607,161798

251607,163278

251607,162072

251608,163020

251608,163140

251608,163226

251608,162800

251608,163502

251608,165776

251608,165888

251608,166896

251609,168052

251609,168092

251609,169388

251615,167716

251615,167660

251615,168102

251615,170076

251615,167688

251616,168554

251616,167020

251616,168846

251616,168842

251616,167838

251616,169328

251616,171688

251616,172480

251617,173814

251617,173694

251617,172808

251623,174200

251623,174334

251623,175070

251623,175534

251623,175822

251624,177168

251624,176498

251624,178496

251624,177446

251624,179316

251624,179658

251624,180208

251624,179196

251625,182876

251625,184804

251625,187854

251631,191550

251631,193592

251631,195904

251631,198164

251631,201278

251632,202620

251632,205454

251632,210866

251632,212122

251632,212170

251632,215770

251632,218016

251632,220706

251633,223306

251633,227016

251633,228856

251639,230374

251639,230668

251639,231118

251639,232938

251639,232452

251640,232900

251640,235314

251640,234960

251640,233152

251640,234418

251640,232002

251640,232092

251640,230762

251641,230578

251641,229494

251641,230506

251647,233710

251647,233628

251647,235684

251647,231766

251647,229286

251648,230074

251648,229082

251648,228344

251648,226740

251648,228300

251648,225360

251648,225568

251648,224532

251649,224360

251649,225554

251649,225544

251655,226108

251655,226216

251655,224022

251655,222988

251655,221336

251656,221110

251656,219592

251656,216456

251656,218602

251656,219508

251656,216378

251656,214420

251656,213256

251657,211500

251657,212354

251657,209436

251663,208840

251663,207454

251663,206562

251663,204264

251663,202834

251664,202030

251664,201120

251664,200322

251664,197014

251664,193328

251664,188718

251664,186980

251664,181502

251665,179000

251665,174568

251665,169374

251671,166432

251671,163434

251671,158702

251671,157772

251671,154486

251672,149976

251672,147864

251672,147740

251672,148348

251672,147274

251672,147934

251672,146032

251672,146098

251673,144962

251673,142116

251673,143064

251679,142222

251679,142118

251679,140072

251679,140118

251679,137966

251680,134908

251680,135130

251680,134082

251680,135982

251680,136020

251680,138174

251680,139780

251680,141050

251681,139698

251681,138674

251681,137898

251687,140104

251687,138922

251687,141900

251687,144324

251687,146052

251688,148884

251688,147062

251688,147502

251688,150406

251688,150548

251688,150002

251688,152212

251688,152146

251689,153534

251689,153908

251689,154990

251695,156454

251695,161348

251695,162424

251695,164834

251695,166404

251696,167378

251696,168664

251696,169656

251696,173440

251696,180468

251696,182218

251696,188206

251696,192008

251697,194488

251697,199378

251697,203244

251703,205622

251703,209842

251703,210760

251703,213550

251703,213962

251704,216800

251704,217588

251704,218056

251704,217740

251704,217860

251704,218368

251704,221926

251704,225122

251705,226826

251705,229140

251705,228066

251711,227324

251711,224752

251711,223920

251711,220514

251711,219484

251712,218312

251712,217370

251712,214574

251712,212828

251712,212188

251712,211478

251712,209782

251712,208342

251713,209020

251713,207686

251713,204250

251719,205400

251719,205108

251719,205426

251719,209272

251719,210000

251720,211712

251720,212510

251720,212132

251720,212306

251720,213136

251720,211412

251720,212138

251720,212152

251721,211144

251721,210318

251721,209440

251727,207820

251727,205602

251727,205120

251727,205604

251727,202900

251728,204438

251728,204858

251728,204006

251728,200106

251728,199502

251728,197166

251728,193340

251728,192978

251729,191314

251729,188822

251729,188816

251735,189070

251735,190476

251735,188946

251735,187108

251735,184206

251736,181528

251736,181408

251736,180672

251736,181162

251736,181970

251736,181654

251736,182502

251736,181668

251737,183230

251737,185448

251737,187848

251743,190228

251743,192096

251743,194056

251743,194526

251743,196640

251744,195100

251744,197542

251744,199926

251744,199418

251744,200744

251744,202122

251744,201314

251744,199722

251745,200298

251745,201488

251745,203842

251751,202624

251751,201744

251751,202932

251751,201158

251751,198844

251752,198022

251752,198086

251752,198158

251752,197774

251752,197644

251752,198396

251752,196728

251752,191876

251753,190920

251753,190582

251753,191352

251759,188970

251759,189008

251759,187558

251759,185860

251759,186862

251760,184222

251760,183804

251760,187460

251760,187948

251760,189688

251760,192564

251760,195380

251760,197742

251761,201588

251761,202110

251761,200120

251767,200144

251767,199694

251767,200300

251767,199374

251767,200504

251768,201970

251768,202438

251768,201886

251768,202734

251768,203548

251768,201958

251768,204396

251768,204374

251769,203586

251769,203978

251769,202458

251775,203202

251775,202766

251775,201300

251775,200536

251775,197446

251776,194544

251776,193568

251776,191100

251776,188242

251776,184872

251776,185618

251776,186496

251776,185722

251777,181840

251777,175464

251777,171390

251783,171168

251783,172214

251783,172788

251783,170102

251783,170174

251784,170184

251784,167238

251784,166492

251784,164910

251784,163542

251784,163056

251784,161692

251784,163560

251785,164118

251785,164588

251785,163834

251791,162798

251791,164774

251791,165372

251791,168010

251791,167232

251792,170016

251792,170312

251792,171122

251792,170556

251792,170822

251792,173418

251792,172842

251792,172704

251793,167978

251793,168656

251793,168864

251799,166812

251799,169562

251799,170592

251799,169584

251799,172484

251800,173440

251800,175456

251800,175686

251800,176512

251800,181850

251800,185334

251800,187548

251800,188570

251801,194026

251801,199760

251801,201150

251807,204136

251807,210968

251807,214188

251807,216922

251807,222894

251808,227778

251808,230054

251808,234162

251808,236384

251808,240628

251808,246676

251808,249598

251808,250952

251809,259492

251809,263122

251809,270192

251815,273334

251815,278464

251815,281250

251815,283366

251815,285152

251816,289686

251816,298080

251816,301540

251816,309930

251816,312108

251816,315104

251816,320714

251816,325468

251817,332214

251817,338718

251817,345396

251823,351758

251823,351580

251823,362946

251823,365482

251823,376538

251824,382814

251824,391368

251824,395276

251824,408788

251824,417462

251824,426394

251824,442996

251824,463864

251825,489282

251825,529448

251825,678196

251831,561916

251831,611792

251831,888708

251831,1192884

251831,2546472

251832,-3193696

251832,2920766

251832,-3252004

251832,6869960

251832,-5137100

251832,-5795222

251832,-1914458

251832,7105544

251833,-3065194

251833,-1561710

251833,-6384768

251839,-3114828

251839,-8355602

251839,7899948

251839,-4831098

251839,-6985180

251840,-7293858

251840,-7391470

251840,-5737388

251840,-4772344

251840,-8126636

251840,8286912

251840,-4874592

251840,-7167276

251841,-7017778

251841,6859340

251841,7327620

251847,7816142

251847,-6425222

251847,-6928138

251847,-5520502

251847,-5214766

251848,-5002780

251848,-7625174

251848,-7715046

251848,-6083110

251848,-8353168

251848,-7985632

251848,-7664762

251848,-6352400

251849,-7384180

251849,-7262684

251849,-6418028

251855,-7729826

251855,-7766430

251855,7846264

251855,-6697512

251855,-7652184

251856,8347918

251856,-7898962

251856,7762476

251856,7535976

251856,-7548790

251856,6967964

251856,7783764

251856,8141614

251857,-7888940

251857,-7729122

251857,-7448498

251863,8134600

251863,7822030

251863,8207020

251863,-7754490

251863,7811480

251864,7605440

251864,-7957016

251864,7656456

251864,8095922

251864,-8212310

251864,7810156

251864,7503974

251864,8118610

251865,8219996

251865,7474774

251865,7201230

251871,7982662

251871,7587980

251871,7896176

251871,7880780

251871,7219416

251872,-8143700

251872,7099922

251872,7112010

251872,8070744

251872,7579302

251872,7624928

251872,7551478

251872,7503466

251873,7341436

251873,7696780

251873,7192944

251879,7573768

251879,7178662

251879,7373052

251879,7242358

251879,6302538

251880,7135624

251880,7155624

251880,6941848

251880,7249576

251880,6966988

251880,6939984

251880,6886996

251880,7227654

251881,6765022

251881,6944842

251881,6873310

251887,6406068

251887,6888224

251887,6461710

251887,6566284

251887,6458924

251888,6605202

251888,6559490

251888,6786168

251888,6682434

251888,7231732

251888,6028440

251888,6250250

251888,6548804

251889,6542412

251889,6062898

251889,5963546

251895,6377194

251895,6501578

251895,6090334

251895,6133670

251895,6088982

251896,5862252

251896,6194884

251896,6121384

251896,6334776

251896,5863004

251896,6222966

251896,6088958

251896,5999014

251897,6063164

251897,5789106

251897,5878330

251903,5332506

251903,5797900

251903,6147200

251903,5452932

251903,5854256

251904,5708472

251904,5228296

251904,5432500

251904,5330902

251904,5536094

251904,5340470

251904,5264830

251904,5805546

251905,5234040

251905,5444512

251905,5417594

251911,5520558

251911,5630486

251911,5501364

251911,5236528

251911,5105856

251912,5393924

251912,5155144

251912,5004344

251912,5044126

251912,5230062

251912,5570032

251912,5389684

251912,4967140

251913,4979770

251913,5055620

251913,5110956

251919,5153966

251919,4837660

251919,4717736

251919,4465292

251919,4669296

251920,4516054

251920,4842980

251920,4696782

251920,5040120

251920,4621902

251920,5049146

251920,4789816

251920,4721998

251921,5138738

251921,4732246

251921,4793648

251927,4846816

251927,4369496

251927,4493802

251927,4862986

251927,4604570

251928,4478410

251928,4644076

251928,4743936

251928,4326072

251928,4454290

251928,4255440

251928,4503214

251928,4264588

251929,4620220

251929,4198656

251929,4438152

251935,4530640

251935,4511906

251935,4123502

251935,4148072

251935,4424216

251936,4479402

251936,4534286

251936,4449700

251936,4151516

251936,4173882

251936,4294520

251936,4247040

251936,4244402

251937,4175632

251937,4165114

251937,4118716

251943,4101152

251943,4093458

251943,4100828

251943,4121756

251943,4012868

251944,4195202

251944,4122416

251944,3732378

251944,4107520

251944,3958272

251944,3793144

251944,4227928

251944,4062948

251945,3775282

251945,3862480

251945,3938186

251951,3796934

251951,3822202

251951,4058982

251951,3749718

251951,4180786

251952,3671752

251952,3668078

251952,3603980

251952,3782402

251952,3802582

251952,3693826

251952,3752702

251952,3427648

251953,3636694

251953,3696680

251953,3650064

251959,3631792

251959,3570010

251959,3519290

251959,3530636

251959,3686514

251960,3497530

251960,3315156

251960,3502024

251960,3375350

251960,3489162

251960,3499280

251960,3690728

251960,3329672

251961,3422032

251961,3486388

251961,3420168

251967,3505212

251967,3517330

251967,3512170

251967,3468074

251967,3270212

251968,3260186

251968,3290772

251968,3356068

251968,3309064

251968,3265684

251968,3229016

251968,3164012

251968,3280934

251969,3057600

251969,3022080

251969,3067128

251975,2938862

251975,3132578

251975,3138152

251975,3051158

251975,3074996

251976,2877446

251976,3094544

251976,2962886

251976,2882036

251976,3049376

251976,2992186

251976,2877784

251976,3015676

251977,2883726

251977,2869942

251977,2745652

251983,2903530

251983,2815452

251983,2819672

251983,2966444

251983,2825386

251984,2806258

251984,2874930

251984,2651176

251984,2691292

251984,2644752

251984,2673704

251984,2518946

251984,2633806

251985,2654874

251985,2696904

251985,2528634

251991,2558616

251991,2472390

251991,2574400

251991,2558480

251991,2587480

251992,2636562

251992,2553336

251992,2458700

251992,2368498

251992,2499006

251992,2534748

251992,2483506

251992,2438768

251993,2327860

251993,2405530

251993,2414294

251999,2466216

251999,2346892

251999,2319644

251999,2285974

251999,2365120

252000,2304738

252000,2410024

252000,2329016

252000,2326802

252000,2367564

252000,2293416

252000,2271726

252000,2270812

252001,2271578

252001,2281258

252001,2145356

252007,2104068

252007,2183014

252007,2270804

252007,2148484

252007,2132488

252008,2219536

252008,2122590

252008,2168108

252008,2144920

252008,2056688

252008,2106052

252008,2107988

252008,2073830

252009,2110360

252009,2187166

252009,2012626

252015,2079336

252015,2006138

252015,2107556

252015,2068088

252015,2081310

252016,1999224

252016,1993712

252016,2009588

252016,1892464

252016,1953088

252016,1993188

252016,1887470

252016,1893422

252017,1905408

252017,1896244

252017,1824258

252023,1817652

252023,1873474

252023,1825454

252023,1807580

252023,1810604

252024,1701198

252024,1742554

252024,1796916

252024,1704242

252024,1803220

252024,1731278

252024,1663348

252024,1711066

252025,1683316

252025,1712430

252025,1621624

252031,1687090

252031,1595708

252031,1692064

252031,1612700

252031,1561890

252032,1595458

252032,1620402

252032,1610118

252032,1572990

252032,1600214

252032,1595864

252032,1511530

252032,1543118

252033,1534124

252033,1544198

252033,1510694

252039,1485998

252039,1473766

252039,1500808

252039,1470330

252039,1475364

252040,1443624

252040,1388418

252040,1486632

252040,1426976

252040,1453536

252040,1471944

252040,1440348

252040,1404858

252041,1369630

252041,1427046

252041,1427412

252047,1339622

252047,1396610

252047,1405574

252047,1376524

252047,1388074

252048,1369830

252048,1334368

252048,1383384

252048,1405766

252048,1402360

252048,1427804

252048,1347306

252048,1393406

252049,1408012

252049,1393012

252049,1407188

252055,1423730

252055,1401012

252055,1446134

252055,1402250

252055,1438840

252056,1470366

252056,1496890

252056,1470502

252056,1485100

252056,1447738

252056,1500580

252056,1487156

252056,1546818

252057,1565842

252057,1547764

252057,1546262

252063,1559220

252063,1578064

252063,1613940

252063,1617084

252063,1561854

252064,1605354

252064,1591112

252064,1587046

252064,1573990

252064,1568150

252064,1574186

252064,1583340

252064,1561126

252065,1580266

252065,1588954

252065,1566530

252071,1547400

252071,1569892

252071,1562816

252071,1520884

252071,1567056

252072,1520700

252072,1515108

252072,1502416

252072,1503118

252072,1513950

252072,1495392

252072,1515354

252072,1463124

252073,1463654

252073,1461642

252073,1451146

252079,1476166

252079,1411778

252079,1422520

252079,1422558

252079,1395372

252080,1401400

252080,1357584

252080,1388026

252080,1332592

252080,1310104

252080,1301606

252080,1284742

252080,1293542

252081,1226982

252081,1258428

252081,1200510

252087,1192334

252087,1159468

252087,1156434

252087,1124980

252087,1088692

252088,1073354

252088,1056630

252088,1050524

252088,995312

252088,978308

252088,998896

252088,956844

252088,951466

252089,931924

252089,917430

252089,884336

252095,870350

252095,875428

252095,841744

252095,820796

252095,835310

252096,823990

252096,792868

252096,794746

252096,754438

252096,774754

252096,763182

252096,742972

252096,708664

252097,685460

252097,687712

252097,683488

252103,668276

252103,643592

252103,615906

252103,610556

252103,573768

252104,546750

252104,540880

252104,493164

252104,492128

252104,486790

252104,468482

252104,434148

252104,416104

252105,415264

252105,381096

252105,389806

252111,350752

252111,374084

252111,366716

252111,324804

252111,363418

252112,341148

252112,342832

252112,315438

252112,326104

252112,316012

252112,293576

252112,291548

252112,274580

252113,279428

252113,270778

252113,248630

252119,261052

252119,249432

252119,237908

252119,245772

252119,241722

252120,246948

252120,253478

252120,274332

252120,283966

252120,301784

252120,304890

252120,310212

252120,321944

252121,322280

252121,317516

252121,322334

252127,300968

252127,262668

252127,259990

252127,233262

252127,211228

252128,180986

252128,159634

252128,128432

252128,85512

252128,94300

252128,50946

252128,48044

252128,45278

252129,23266

252129,10806

252129,-1608

252135,-4954

252135,-26180

252135,-15420

252135,-30830

252135,-47314

252136,-49458

252136,-44522

252136,-48102

252136,-60804

252136,-51772

252136,-50684

252136,-37366

252136,-43236

252137,-39394

252137,-30374

252137,-7820

252143,-14632

252143,166

252143,12828

252143,17634

252143,12736

252144,8590

252144,31796

252144,14900

252144,14872

252144,5862

252144,4880

252144,13082

252144,4958

252145,-1890

252145,-15914

252145,-9204

252151,-6556

252151,-16600

252151,-14462

252151,-16156

252151,-24070

252152,-14518

252152,-25190

252152,-25880

252152,-22446

252152,-34728

252152,-33050

252152,-40402

252152,-34716

252153,-39190

252153,-48422

252153,-46706

252159,-53898

252159,-55434

252159,-67638

252159,-70610

252159,-75866

252160,-74606

252160,-81494

252160,-74678

252160,-80790

252160,-77324

252160,-90808

252160,-87424

252160,-95646

252161,-102174

252161,-95832

252161,-103546

252167,-111008

252167,-115368

252167,-106660

252167,-119012

252167,-127396

252168,-134984

252168,-134290

252168,-143152

252168,-140198

252168,-157660

252168,-153612

252168,-157804

252168,-167750

252169,-165248

252169,-169066

252169,-171968

252175,-178870

252175,-175914

252175,-184342

252175,-182404

252175,-186274

252176,-202432

252176,-195898

252176,-209178

252176,-206192

252176,-218246

252176,-226766

252176,-229454

252176,-234344

252177,-228018

252177,-236168

252177,-239700

252183,-243524

252183,-243146

252183,-244548

252183,-258604

252183,-252554

252184,-250032

252184,-248844

252184,-255674

252184,-254568

252184,-258054

252184,-258264

252184,-249492

252184,-249894

252185,-258082

252185,-248922

252185,-253772

252191,-260492

252191,-258750

252191,-264960

252191,-263994

252191,-258836

252192,-260892

252192,-259666

252192,-262898

252192,-262942

252192,-253232

252192,-265100

252192,-264130

252192,-271594

252193,-267090

252193,-273674

252193,-273860

252199,-272010

252199,-270414

252199,-283004

252199,-278654

252199,-278696

252200,-283632

252200,-290812

252200,-283884

252200,-281132

252200,-283134

252200,-285624

252200,-284488

252200,-281334

252201,-278482

252201,-287570

252201,-274164

252207,-277890

252207,-276282

252207,-273258

252207,-272524

252207,-276018

252208,-283388

252208,-274798

252208,-274564

252208,-273472

252208,-272914

252208,-269060

252208,-273834

252208,-269320

252209,-272096

252209,-265744

252209,-267312

252215,-261752

252215,-263400

252215,-261164

252215,-257922

252215,-260148

252216,-256692

252216,-252854

252216,-259602

252216,-264154

252216,-261258

252216,-264970

252216,-265278

252216,-267292

252217,-269300

252217,-274232

252217,-278760

252223,-283756

252223,-282838

252223,-288120

252223,-290224

252223,-293714

252224,-300246

252224,-302994

252224,-315510

252224,-312862

252224,-313900

252224,-320240

252224,-331300

252224,-334392

252225,-343078

252225,-354988

252225,-358848

252231,-372276

252231,-375280

252231,-384676

252231,-388862

252231,-394838

252232,-396336

252232,-402956

252232,-406238

252232,-415296

252232,-414670

252232,-422122

252232,-430508

252232,-429808

252233,-437524

252233,-440872

252233,-451308

252239,-450852

252239,-458026

252239,-463416

252239,-471014

252239,-480306

252240,-481354

252240,-492594

252240,-498216

252240,-498718

252240,-502174

252240,-507032

252240,-514842

252240,-519568

252241,-525002

252241,-530254

252241,-533984

252247,-541800

252247,-547604

252247,-548206

252247,-555144

252247,-562068

252248,-564322

252248,-576604

252248,-580882

252248,-589818

252248,-594228

252248,-595774

252248,-609104

252248,-613306

252249,-619808

252249,-623466

252249,-625556

252255,-626660

252255,-627664

252255,-632410

252255,-636642

252255,-642318

252256,-646966

252256,-651376

252256,-654460

252256,-654406

252256,-659274

252256,-669426

252256,-673234

252256,-678688

252257,-684656

252257,-684632

252257,-692458

252263,-697398

252263,-698094

252263,-699952

252263,-701552

252263,-701828

252264,-700554

252264,-704532

252264,-701744

252264,-703430

252264,-708242

252264,-709128

252264,-710890

252264,-714028

252265,-717362

252265,-719032

252265,-719720

252271,-726842

252271,-726034

252271,-733168

252271,-736718

252271,-737188

252272,-735706

252272,-733738

252272,-736710

252272,-734854

252272,-736994

252272,-737162

252272,-732918

252272,-735182

252273,-738442

252273,-738654

252273,-740594

252279,-742572

252279,-740940

252279,-747886

252279,-746166

252279,-750636

252280,-757262

252280,-752244

252280,-754754

252280,-752362

252280,-749420

252280,-750896

252280,-750036

252280,-749128

252281,-748404

252281,-745502

252281,-749034

252287,-744376

252287,-744472

252287,-748236

252287,-746814

252287,-755402

252288,-758696

252288,-759672

252288,-760760

252288,-763456

252288,-769134

252288,-768784

252288,-776270

252288,-776740

252289,-777216

252289,-779532

252289,-777704

252295,-780168

252295,-780412

252295,-783538

252295,-784630

252295,-789724

252296,-790892

252296,-793038

252296,-795980

252296,-799194

252296,-802438

252296,-807538

252296,-808484

252296,-811770

252297,-812394

252297,-812160

252297,-814844

252303,-814742

252303,-814746

252303,-819468

252303,-818158

252303,-819334

252304,-820490

252304,-818954

252304,-823618

252304,-820846

252304,-820160

252304,-824266

252304,-821042

252304,-825294

252305,-826638

252305,-834392

252305,-835860

252311,-837230

252311,-839942

252311,-843810

252311,-842112

252311,-845044

252312,-847790

252312,-846056

252312,-848892

252312,-846624

252312,-848058

252312,-852320

252312,-856516

252312,-855630

252313,-857544

252313,-860946

252313,-864360

252319,-866316

252319,-870246

252319,-874746

252319,-879914

252319,-882728

252320,-888656

252320,-888080

252320,-888926

252320,-890884

252320,-891544

252320,-887848

252320,-894004

252320,-893658

252321,-892856

252321,-898400

252321,-894986

252327,-898746

252327,-896810

252327,-897610

252327,-897712

252327,-895904

252328,-898850

252328,-898610

252328,-899332

252328,-900294

252328,-901662

252328,-904006

252328,-905030

252328,-906984

252329,-902982

252329,-901446

252329,-901540

252335,-900674

252335,-899974

252335,-898462

252335,-897664

252335,-900866

252336,-898080

252336,-897190

252336,-896732

252336,-899180

252336,-904230

252336,-903780

252336,-908458

252336,-910038

252337,-914266

252337,-915068

252337,-915800

252343,-917976

252343,-917520

252343,-917456

252343,-913726

252343,-915350

252344,-918944

252344,-919416

252344,-920024

252344,-921228

252344,-923580

252344,-922936

252344,-922294

252344,-923312

252345,-926338

252345,-922510

252345,-925254

252351,-924284

252351,-922978

252351,-925392

252351,-927914

252351,-927754

252352,-930786

252352,-928150

252352,-926932

252352,-927216

252352,-929644

252352,-928320

252352,-931722

252352,-930978

252353,-932648

252353,-934676

252353,-933882

252359,-931662

252359,-933290

252359,-934802

252359,-936420

252359,-939096

252360,-944356

252360,-947440

252360,-952132

252360,-957652

252360,-963754

252360,-969982

252360,-975822

252360,-976566

252361,-980366

252361,-986074

252361,-987484

252367,-989030

252367,-991788

252367,-992998

252367,-994480

252367,-995376

252368,-994008

252368,-993108

252368,-995298

252368,-997058

252368,-1001046

252368,-1005202

252368,-1008618

252368,-1011244

252369,-1011878

252369,-1014814

252369,-1018308

252375,-1018148

252375,-1018496

252375,-1019742

252375,-1023430

252375,-1021888

252376,-1023170

252376,-1023894

252376,-1024396

252376,-1027276

252376,-1028768

252376,-1027646

252376,-1026772

252376,-1030686

252377,-1032550

252377,-1035230

252377,-1036666

252383,-1036522

252383,-1040532

252383,-1039986

252383,-1039484

252383,-1045204

252384,-1046302

252384,-1050490

252384,-1049960

252384,-1051060

252384,-1051646

252384,-1048624

252384,-1050574

252384,-1049980

252385,-1052512

252385,-1053986

252385,-1050176

252391,-1051584

252391,-1048830

252391,-1050218

252391,-1050326

252391,-1051158

252392,-1052396

252392,-1050534

252392,-1047922

252392,-1045276

252392,-1042746

252392,-1039276

252392,-1033904

252392,-1033216

252393,-1028758

252393,-1023822

252393,-1024962

252399,-1018706

252399,-1017576

252399,-1016358

252399,-1013844

252399,-1013734

252400,-1014074

252400,-1011916

252400,-1011628

252400,-1010614

252400,-1006578

252400,-1006670

252400,-1003486

252400,-1005890

252401,-1005810

252401,-1004392

252401,-1000168

252407,-1000024

252407,-999128

252407,-998298

252407,-997820

252407,-998532

252408,-997656

252408,-995530

252408,-995830

252408,-993814

252408,-993406

252408,-991918

252408,-990272

252408,-991026

252409,-983392

252409,-981990

252409,-980672

252415,-979422

252415,-977394

252415,-973770

252415,-974520

252415,-970788

252416,-971762

252416,-969066

252416,-965968

252416,-967476

252416,-966246

252416,-961866

252416,-963628

252416,-964656

252417,-963632

252417,-965768

252417,-967282

252423,-968862

252423,-968620

252423,-968506

252423,-968266

252423,-970000

252424,-971496

252424,-971092

252424,-976444

252424,-978656

252424,-979872

252424,-981454

252424,-981698

252424,-985458

252425,-985090

252425,-988306

252425,-987736

252431,-994710

252431,-997870

252431,-1000024

252431,-1000352

252431,-1003608

252432,-1004610

252432,-1006382

252432,-1006166

252432,-1006070

252432,-1009092

252432,-1008550

252432,-1008884

252432,-1006540

252433,-1004684

252433,-1007074

252433,-1006892

252439,-1005800

252439,-1006318

252439,-1003396

252439,-1002770

252439,-999606

252440,-998752

252440,-999522

252440,-1000248

252440,-1000940

252440,-1002512

252440,-1002288

252440,-999212

252440,-1001206

252441,-1002094

252441,-1003504

252441,-1005406

252447,-1005742

252447,-1009920

252447,-1008352

252447,-1005672

252447,-1005458

252448,-1006414

252448,-1009634

252448,-1007482

252448,-1004968

252448,-1006998

252448,-1007756

252448,-1009204

252448,-1004388

252449,-1008168

252449,-1008600

252449,-1007304

252455,-1004326

252455,-1004054

252455,-1005528

252455,-1003772

252455,-1000090

252456,-995838

252456,-994196

252456,-991020

252456,-987678

252456,-984096

252456,-980964

252456,-977388

252456,-980328

252457,-979372

252457,-978598

252457,-976846

252463,-978040

252463,-975468

252463,-973524

252463,-974808

252463,-973066

252464,-968214

252464,-966954

252464,-966118

252464,-962688

252464,-961516

252464,-958398

252464,-960878

252464,-953918

252465,-954868

252465,-947934

252465,-945164

252471,-945134

252471,-943716

252471,-948308

252471,-947156

252471,-945992

252472,-946806

252472,-945406

252472,-948940

252472,-947862

252472,-947354

252472,-951132

252472,-949072

252472,-949300

252473,-946300

252473,-949390

252473,-952112

252479,-953530

252479,-954072

252479,-957094

252479,-958738

252479,-963902

252480,-965824

252480,-968998

252480,-968456

252480,-972976

252480,-973274

252480,-977116

252480,-977426

252480,-978028

252481,-979554

252481,-980020

252481,-979330

252487,-979428

252487,-978724

252487,-979948

252487,-979676

252487,-979774

252488,-983924

252488,-980748

252488,-980578

252488,-983754

252488,-984782

252488,-985554

252488,-986574

252488,-991740

252489,-993514

252489,-993232

252489,-997732

252495,-994440

252495,-999428

252495,-1000290

252495,-999568

252495,-1004408

252496,-1003514

252496,-1005790

252496,-1002794

252496,-1005026

252496,-1003848

252496,-1004292

252496,-1006812

252496,-1005340

252497,-1007430

252497,-1009122

252497,-1013316

252503,-1012784

252503,-1015492

252503,-1017248

252503,-1014472

252503,-1015598

252504,-1015616

252504,-1014956

252504,-1013432

252504,-1010824

252504,-1011406

252504,-1007160

252504,-1004720

252504,-1003750

252505,-1001150

252505,-999252

252505,-995354

252511,-993624

252511,-992636

252511,-993260

252511,-991624

252511,-989034

252512,-987346

252512,-987930

252512,-986674

252512,-981788

252512,-976160

252512,-973794

252512,-970582

252512,-968860

252513,-966036

252513,-959714

252513,-955840

252519,-952248

252519,-951516

252519,-947512

252519,-945322

252519,-942772

252520,-942288

252520,-938808

252520,-936190

252520,-933432

252520,-932050

252520,-931432

252520,-930052

252520,-927564

252521,-925856

252521,-926084

252521,-924974

252527,-922540

252527,-920338

252527,-916676

252527,-915330

252527,-911974

252528,-909476

252528,-909758

252528,-905888

252528,-902252

252528,-902584

252528,-901894

252528,-900552

252528,-899900

252529,-897858

252529,-896556

252529,-895472

252535,-893710

252535,-891096

252535,-889036

252535,-887128

252535,-883800

252536,-879300

252536,-876348

252536,-874888

252536,-872762

252536,-868336

252536,-868338

252536,-863964

252536,-862842

252537,-864194

252537,-861300

252537,-857864

252543,-856810

252543,-855772

252543,-855706

252543,-856894

252543,-856694

252544,-858792

252544,-859220

252544,-860198

252544,-858180

252544,-859366

252544,-858558

252544,-859804

252544,-861236

252545,-861322

252545,-859614

252545,-861738

252551,-862102

252551,-862248

252551,-865964

252551,-866558

252551,-873318

252552,-872642

252552,-876748

252552,-878480

252552,-881378

252552,-881166

252552,-886198

252552,-887922

252552,-889870

252553,-892996

252553,-894010

252553,-895912

252559,-894202

252559,-894658

252559,-895928

252559,-898186

252559,-899562

252560,-900026

252560,-899740

252560,-901558

252560,-903816

252560,-906018

252560,-904974

252560,-905324

252560,-907832

252561,-910070

252561,-910698

252561,-911406

252567,-914084

252567,-912552

252567,-911888

252567,-912814

252567,-912066

252568,-911694

252568,-907238

252568,-905776

252568,-902126

252568,-905314

252568,-905338

252568,-902936

252568,-904280

252569,-903224

252569,-902814

252569,-903264

252575,-904836

252575,-902844

252575,-902184

252575,-903142

252575,-903946

252576,-902096

252576,-903746

252576,-904332

252576,-906596

252576,-903074

252576,-903602

252576,-898962

252576,-902386

252577,-901752

252577,-899916

252577,-903044

252583,-904018

252583,-900914

252583,-902786

252583,-898962

252583,-901506

252584,-902948

252584,-902196

252584,-903996

252584,-901422

252584,-900402

252584,-898548

252584,-897520

252584,-895714

252585,-896392

252585,-894122

252585,-893860

252591,-891996

252591,-890432

252591,-891388

252591,-891378

252591,-891422

252592,-890394

252592,-891330

252592,-891798

252592,-891272

252592,-895386

252592,-891472

252592,-890966

252592,-891126

252593,-895320

252593,-895640

252593,-894934

252599,-895432

252599,-894918

252599,-893088

252599,-894966

252599,-893804

252600,-895140

252600,-895282

252600,-892964

252600,-892138

252600,-890034

252600,-891828

252600,-895252

252600,-894490

252601,-895550

252601,-897546

252601,-900378

252607,-897676

252607,-899552

252607,-903174

252607,-900748

252607,-897456

252608,-899516

252608,-895090

252608,-894710

252608,-891436

252608,-889140

252608,-888466

252608,-884838

252608,-884272

252609,-880410

252609,-878530

252609,-877828

252615,-877716

252615,-875612

252615,-876072

252615,-875914

252615,-872930

252616,-871890

252616,-869914

252616,-869596

252616,-865182

252616,-867380

252616,-864190

252616,-862414

252616,-859768

252617,-858018

252617,-854280

252617,-853176

252623,-855660

252623,-855050

252623,-854222

252623,-852770

252623,-854976

252624,-852054

252624,-851094

252624,-851526

252624,-850488

252624,-849252

252624,-847796

252624,-848842

252624,-845784

252625,-845570

252625,-842498

252625,-838664

252631,-836700

252631,-835474

252631,-838238

252631,-837500

252631,-839306

252632,-839158

252632,-840318

252632,-841766

252632,-844104

252632,-846182

252632,-847004

252632,-848984

252632,-849416

252633,-851894

252633,-853118

252633,-855320

252639,-855666

252639,-857242

252639,-861640

252639,-862618

252639,-864166

252640,-863076

252640,-866148

252640,-869216

252640,-869256

252640,-869906

252640,-873180

252640,-874710

252640,-876722

252641,-878554

252641,-876296

252641,-876000

252647,-880648

252647,-881744

252647,-878484

252647,-880020

252647,-878252

252648,-881212

252648,-881236

252648,-880542

252648,-881114

252648,-880540

252648,-878596

252648,-878802

252648,-874556

252649,-873172

252649,-873272

252649,-874198

252655,-873348

252655,-872468

252655,-869290

252655,-866250

252655,-870546

252656,-866452

252656,-865142

252656,-862946

252656,-860444

252656,-861208

252656,-858596

252656,-856732

252656,-853494

252657,-849854

252657,-844848

252657,-840658

252663,-839802

252663,-834718

252663,-836114

252663,-838638

252663,-837460

252664,-836552

252664,-834882

252664,-831138

252664,-833072

252664,-830184

252664,-829348

252664,-828824

252664,-828232

252665,-831624

252665,-829646

252665,-825252

252671,-824126

252671,-821228

252671,-819672

252671,-814120

252671,-811150

252672,-809928

252672,-806472

252672,-806768

252672,-807082

252672,-804906

252672,-806954

252672,-807810

252672,-806456

252673,-804254

252673,-804326

252673,-803806

252679,-804122

252679,-805364

252679,-806194

252679,-806508

252679,-806464

252680,-806822

252680,-805722

252680,-808392

252680,-812016

252680,-811230

252680,-814066

252680,-815684

252680,-821914

252681,-825838

252681,-829944

252681,-832200

252687,-836372

252687,-840206

252687,-842214

252687,-843408

252687,-849940

252688,-852392

252688,-857122

252688,-861326

252688,-865624

252688,-869206

252688,-873154

252688,-874344

252688,-877640

252689,-880052

252689,-880386

252689,-882748

252695,-885270

252695,-889200

252695,-894420

252695,-897908

252695,-899384

252696,-899000

252696,-902020

252696,-905376

252696,-905732

252696,-907162

252696,-908376

252696,-909302

252696,-908002

252697,-907688

252697,-907118

252697,-907466

252703,-910648

252703,-908078

252703,-907562

252703,-907544

252703,-908322

252704,-914276

252704,-913958

252704,-915526

252704,-922034

252704,-921906

252704,-924518

252704,-924738

252704,-927958

252705,-928014

252705,-931866

252705,-931710

252711,-932396

252711,-932916

252711,-935004

252711,-935192

252711,-936554

252712,-937216

252712,-939006

252712,-935174

252712,-937710

252712,-938848

252712,-939860

252712,-939974

252712,-942456

252713,-943182

252713,-939914

252713,-941214

252719,-938526

252719,-937520

252719,-936260

252719,-934468

252719,-933900

252720,-935412

252720,-934216

252720,-933290

252720,-927740

252720,-925180

252720,-922824

252720,-921890

252720,-920824

252721,-919096

252721,-917756

252721,-913500

252727,-915154

252727,-912630

252727,-912074

252727,-910740

252727,-906816

252728,-904444

252728,-902600

252728,-904540

252728,-901322

252728,-900936

252728,-899398

252728,-893716

252728,-893296

252729,-889250

252729,-887264

252729,-884570

252735,-885036

252735,-888584

252735,-887412

252735,-884818

252735,-888460

252736,-888554

252736,-890488

252736,-890410

252736,-887220

252736,-887740

252736,-886458

252736,-887726

252736,-884176

252737,-882928

252737,-881564

252737,-879296

252743,-880832

252743,-880414

252743,-877996

252743,-880288

252743,-879666

252744,-882306

252744,-881236

252744,-880614

252744,-882810

252744,-885752

252744,-886276

252744,-885858

252744,-883724

252745,-885244

252745,-886254

252745,-884506

252751,-886012

252751,-885568

252751,-890386

252751,-890496

252751,-895170

252752,-890462

252752,-897086

252752,-901930

252752,-900980

252752,-907958

252752,-911136

252752,-916150

252752,-918196

252753,-925038

252753,-926688

252753,-926286

252759,-928774

252759,-930632

252759,-936204

252759,-938970

252759,-938804

252760,-941450

252760,-943550

252760,-943256

252760,-944528

252760,-945454

252760,-950246

252760,-953368

252760,-954172

252761,-956976

252761,-956940

252761,-959390

252767,-961328

252767,-964034

252767,-965514

252767,-964964

252767,-961798

252768,-962132

252768,-964736

252768,-962860

252768,-962236

252768,-963464

252768,-964268

252768,-962526

252768,-965000

252769,-967322

252769,-966326

252769,-967638

252775,-966568

252775,-968016

252775,-969004

252775,-967134

252775,-965944

252776,-963424

252776,-961550

252776,-961264

252776,-958050

252776,-953162

252776,-953086

252776,-952456

252776,-951516

252777,-951516

252777,-947234

252777,-947174

252783,-944232

252783,-938242

252783,-940910

252783,-936444

252783,-933340

252784,-933404

252784,-931482

252784,-926822

252784,-925246

252784,-919752

252784,-918858

252784,-916060

252784,-916448

252785,-914926

252785,-909766

252785,-910212

252791,-906754

252791,-905544

252791,-904636

252791,-904348

252791,-904558

252792,-902482

252792,-900988

252792,-900252

252792,-894198

252792,-896278

252792,-895016

252792,-898376

252792,-898692

252793,-901994

252793,-899962

252793,-897140

252799,-895092

252799,-894520

252799,-894938

252799,-893102

252799,-897068

252800,-894886

252800,-894432

252800,-892648

252800,-890102

252800,-888614

252800,-888476

252800,-889204

252800,-885952

252801,-887314

252801,-885462

252801,-888100

252807,-891326

252807,-894096

252807,-897642

252807,-895464

252807,-896036

252808,-897814

252808,-894758

252808,-897214

252808,-896026

252808,-895192

252808,-898982

252808,-899592

252808,-901654

252809,-901848

252809,-903986

252809,-906290

252815,-910138

252815,-912304

252815,-915084

252815,-915266

252815,-916346

252816,-922918

252816,-922522

252816,-924954

252816,-921970

252816,-926422

252816,-926892

252816,-929374

252816,-930138

252817,-933816

252817,-935576

252817,-935644

252823,-939914

252823,-944240

252823,-945446

252823,-947170

252823,-948624

252824,-952456

252824,-953362

252824,-957036

252824,-958118

252824,-964986

252824,-967414

252824,-967320

252824,-971274

252825,-970546

252825,-971200

252825,-971840

252831,-971454

252831,-974470

252831,-978408

252831,-977166

252831,-978678

252832,-976232

252832,-977948

252832,-974484

252832,-973970

252832,-973348

252832,-969822

252832,-966498

252832,-968100

252833,-966690

252833,-966212

252833,-964168

252839,-962994

252839,-962734

252839,-961336

252839,-958514

252839,-959464

252840,-958896

252840,-953574

252840,-955798

252840,-950140

252840,-952472

252840,-947426

252840,-949500

252840,-945956

252841,-942024

252841,-939608

252841,-935738

252847,-939360

252847,-933758

252847,-932094

252847,-927798

252847,-921364

252848,-918668

252848,-911048

252848,-909110

252848,-906118

252848,-902004

252848,-896824

252848,-894020

252848,-892002

252849,-884020

252849,-879364

252849,-873086

252855,-870012

252855,-863680

252855,-860516

252855,-856348

252855,-855192

252856,-850518

252856,-847142

252856,-846764

252856,-840636

252856,-839012

252856,-833414

252856,-833892

252856,-826450

252857,-824040

252857,-823198

252857,-819136

252863,-816744

252863,-813362

252863,-815016

252863,-812666

252863,-812278

252864,-811158

252864,-811698

252864,-812316

252864,-812480

252864,-813744

252864,-815664

252864,-821660

252864,-822204

252865,-823262

252865,-823812

252865,-825706

252871,-827042

252871,-830874

252871,-834756

252871,-837304

252871,-839786

252872,-841552

252872,-842844

252872,-843028

252872,-843202

252872,-841582

252872,-841252

252872,-844344

252872,-842754

252873,-844982

252873,-849510

252873,-850004

252879,-851128

252879,-853254

252879,-854106

252879,-854330

252879,-853158

252880,-854612

252880,-853272

252880,-854922

252880,-855874

252880,-858502

252880,-855980

252880,-855568

252880,-853918

252881,-854032

252881,-851290

252881,-849390

252887,-846496

252887,-847074

252887,-848142

252887,-850334

252887,-850410

252888,-848928

252888,-848738

252888,-845118

252888,-843874

252888,-845096

252888,-843446

252888,-843686

252888,-844398

252889,-842584

252889,-842368

252889,-841888

252895,-839506

252895,-838694

252895,-836284

252895,-837238

252895,-836830

252896,-835236

252896,-834694

252896,-832136

252896,-835750

252896,-837240

252896,-835850

252896,-835458

252896,-831810

252897,-831424

252897,-833348

252897,-829750

252903,-828538

252903,-829294

252903,-824562

252903,-822478

252903,-819672

252904,-817566

252904,-814042

252904,-812152

252904,-813816

252904,-810646

252904,-810942

252904,-810460

252904,-808180

252905,-809312

252905,-808372

252905,-805962

252911,-809220

252911,-806048

252911,-805762

252911,-807752

252911,-805870

252912,-806620

252912,-807494

252912,-809210

252912,-808404

252912,-803140

252912,-804118

252912,-801728

252912,-803564

252913,-802954

252913,-804766

252913,-805662

252919,-807220

252919,-809226

252919,-811160

252919,-806800

252919,-809906

252920,-809160

252920,-811388

252920,-807752

252920,-808446

252920,-807436

252920,-806570

252920,-808702

252920,-809262

252921,-805240

252921,-805970

252921,-802604

252927,-800342

252927,-800862

252927,-800424

252927,-797954

252927,-798698

252928,-796534

252928,-796038

252928,-790168

252928,-791084

252928,-786480

252928,-785438

252928,-781906

252928,-781864

252929,-780434

252929,-779404

252929,-779084

252935,-774748

252935,-775840

252935,-773516

252935,-769804

252935,-766854

252936,-764054

252936,-761880

252936,-764760

252936,-762224

252936,-762734

252936,-757730

252936,-758750

252936,-755144

252937,-755826

252937,-754986

252937,-752040

252943,-754914

252943,-753678

252943,-752892

252943,-753240

252943,-754416

252944,-757258

252944,-756226

252944,-758158

252944,-756808

252944,-754884

252944,-754898

252944,-756690

252944,-757324

252945,-756316

252945,-755152

252945,-754802

252951,-755906

252951,-757218

252951,-758342

252951,-760412

252951,-760284

252952,-764672

252952,-767554

252952,-767882

252952,-767566

252952,-769656

252952,-768494

252952,-765376

252952,-767204

252953,-765834

252953,-766110

252953,-764982

252959,-765206

252959,-763670

252959,-761454

252959,-761070

252959,-760152

252960,-759520

252960,-760002

252960,-757722

252960,-756140

252960,-754514

252960,-753998

252960,-753120

252960,-750984

252961,-748786

252961,-747328

252961,-743910

252967,-739880

252967,-739020

252967,-739414

252967,-738522

252967,-734328

252968,-731652

252968,-730900

252968,-725472

252968,-722160

252968,-719768

252968,-717080

252968,-714778

252968,-712702

252969,-709142

252969,-706218

252969,-706718

252975,-705016

252975,-699764

252975,-697622

252975,-692810

252975,-690154

252976,-686098

252976,-683752

252976,-685900

252976,-683340

252976,-682096

252976,-681122

252976,-679202

252976,-678700

252977,-678618

252977,-677586

252977,-679468

252983,-680562

252983,-679096

252983,-677826

252983,-676992

252983,-676906

252984,-676254

252984,-674286

252984,-671508

252984,-671042

252984,-669022

252984,-670048

252984,-672290

252984,-670172

252985,-671330

252985,-671088

252985,-673080

252991,-672260

252991,-674516

252991,-672368

252991,-672270

252991,-675624

252992,-675074

252992,-676548

252992,-674282

252992,-676076

252992,-674620

252992,-673696

252992,-675524

252992,-674720

252993,-676190

252993,-675680

252993,-676246

252999,-676660

252999,-677430

252999,-677896

252999,-681844

252999,-680278

253000,-678832

253000,-677300

253000,-676750

253000,-677718

253000,-675900

253000,-677356

253000,-676520

253000,-675194

253001,-675132

253001,-672558

253001,-673810

253007,-672664

253007,-671120

253007,-671788

253007,-669290

253007,-668346

253008,-668484

253008,-667788

253008,-666138

253008,-665178

253008,-666510

253008,-663860

253008,-665508

253008,-662670

253009,-662318

253009,-660498

253009,-658330

253015,-659306

253015,-653126

253015,-653194

253015,-651022

253015,-649670

253016,-648478

253016,-646420

253016,-646258

253016,-648980

253016,-648462

253016,-647218

253016,-649070

253016,-647932

253017,-647868

253017,-650702

253017,-649648

253023,-651518

253023,-654582

253023,-652838

253023,-653680

253023,-653694

253024,-654044

253024,-653988

253024,-655042

253024,-657360

253024,-655276

253024,-655312

253024,-659804

253024,-662328

253025,-664710

253025,-672424

253025,-672276

253031,-673604

253031,-675116

253031,-680888

253031,-684052

253031,-686928

253032,-688584

253032,-694008

253032,-693142

253032,-695952

253032,-698064

253032,-697400

253032,-697160

253032,-700318

253033,-703118

253033,-706408

253033,-707458

253039,-707372

253039,-707750

253039,-711934

253039,-715488

253039,-715992

253040,-718190

253040,-718360

253040,-717026

253040,-718022

253040,-719036

253040,-716186

253040,-715282

253040,-716508

253041,-714164

253041,-712356

253041,-710768

253047,-709114

253047,-709396

253047,-708154

253047,-706612

253047,-702282

253048,-703106

253048,-702800

253048,-701430

253048,-697296

253048,-696290

253048,-692604

253048,-692226

253048,-691538

253049,-689730

253049,-689662

253049,-686088

253055,-682760

253055,-681502

253055,-680770

253055,-679872

253055,-677892

253056,-675082

253056,-675012

253056,-676660

253056,-674574

253056,-672952

253056,-673336

253056,-670672

253056,-670440

253057,-668150

253057,-666838

253057,-667668

253063,-668158

253063,-666622

253063,-667844

253063,-668106

253063,-667620

253064,-663770

253064,-665998

253064,-664350

253064,-664024

253064,-664532

253064,-660480

253064,-659984

253064,-659546

253065,-654876

253065,-657978

253065,-655778

253071,-659970

253071,-657826

253071,-663574

253071,-664250

253071,-665250

253072,-669080

253072,-672732

253072,-676836

253072,-679130

253072,-680712

253072,-685630

253072,-687240

253072,-690918

253073,-689962

253073,-693068

253073,-696570

253079,-700202

253079,-698966

253079,-705404

253079,-709720

253079,-714432

253080,-718186

253080,-719994

253080,-719520

253080,-721680

253080,-725306

253080,-726726

253080,-729196

253080,-730628

253081,-729196

253081,-731776

253081,-732700

253087,-730186

253087,-731860

253087,-729302

253087,-730552

253087,-728526

253088,-729504

253088,-726522

253088,-724398

253088,-723114

253088,-718912

253088,-718130

253088,-714664

253088,-713590

253089,-711466

253089,-709750

253089,-708854

253095,-703984

253095,-702290

253095,-702140

253095,-696534

253095,-697696

253096,-697402

253096,-695064

253096,-694222

253096,-693964

253096,-693578

253096,-695554

253096,-692776

253096,-688948

253097,-682770

253097,-677798

253097,-675286

253103,-671274

253103,-668434

253103,-665310

253103,-663070

253103,-662638

253104,-658478

253104,-656868

253104,-653906

253104,-651940

253104,-650142

253104,-647866

253104,-646702

253104,-642976

253105,-640704

253105,-636416

253105,-633228

253111,-630760

253111,-629370

253111,-626062

253111,-622884

253111,-618392

253112,-617458

253112,-615816

253112,-615784

253112,-612380

253112,-616032

253112,-616554

253112,-614292

253112,-614580

253113,-613524

253113,-612604

253113,-611918

253119,-611038

253119,-610570

253119,-610080

253119,-604958

253119,-601672

253120,-599430

253120,-596240

253120,-596396

253120,-593516

253120,-591840

253120,-591802

253120,-590476

253120,-588470

253121,-591214

253121,-593178

253121,-594690

253127,-595800

253127,-596526

253127,-597412

253127,-593322

253127,-592252

253128,-592540

253128,-590764

253128,-589774

253128,-588054

253128,-588760

253128,-589840

253128,-588018

253128,-585352

253129,-584260

253129,-588112

253129,-589370

253135,-591310

253135,-593702

253135,-597220

253135,-598224

253135,-598274

253136,-597606

253136,-597718

253136,-598998

253136,-602138

253136,-602934

253136,-602130

253136,-603588

253136,-602664

253137,-604658

253137,-602684

253137,-601656

253143,-604126

253143,-604996

253143,-608434

253143,-607656

253143,-609346

253144,-609240

253144,-612712

253144,-612120

253144,-612750

253144,-616048

253144,-618780

253144,-620006

253144,-620136

253145,-619686

253145,-620726

253145,-621974

253151,-619646

253151,-619350

253151,-616208

253151,-616730

253151,-616836

253152,-613604

253152,-611542

253152,-613040

253152,-613802

253152,-609300

253152,-610190

253152,-609422

253152,-607742

253153,-608328

253153,-609728

253153,-606370

253159,-604258

253159,-602712

253159,-602448

253159,-599594

253159,-599850

253160,-597224

253160,-595526

253160,-592516

253160,-592598

253160,-589604

253160,-586616

253160,-581694

253160,-576604

253161,-573900

253161,-570846

253161,-566846

253167,-565418

253167,-562506

253167,-560402

253167,-558422

253167,-552840

253168,-549292

253168,-541580

253168,-540206

253168,-534548

253168,-531328

253168,-526894

253168,-522720

253168,-519362

253169,-513998

253169,-509568

253169,-504658

253175,-498348

253175,-495074

253175,-489478

253175,-485628

253175,-481220

253176,-479678

253176,-477194

253176,-474824

253176,-470944

253176,-468952

253176,-463964

253176,-463566

253176,-462910

253177,-460850

253177,-460690

253177,-456506

253183,-457482

253183,-455406

253183,-455050

253183,-455612

253183,-455488

253184,-457874

253184,-457684

253184,-460944

253184,-461174

253184,-457822

253184,-459432

253184,-455566

253184,-458914

253185,-458726

253185,-458574

253185,-461454

253191,-461624

253191,-462798

253191,-462790

253191,-462592

253191,-461920

253192,-465086

253192,-466470

253192,-465748

253192,-468426

253192,-470576

253192,-472980

253192,-472968

253192,-476642

253193,-478810

253193,-480582

253193,-484766

253199,-485052

253199,-487388

253199,-488016

253199,-488118

253199,-489646

253200,-491216

253200,-487784

253200,-489166

253200,-489036

253200,-491032

253200,-493816

253200,-494170

253200,-498172

253201,-497368

253201,-497014

253201,-496968

253207,-498288

253207,-495828

253207,-494516

253207,-495876

253207,-494564

253208,-490716

253208,-490984

253208,-488892

253208,-486376

253208,-485838

253208,-486388

253208,-483718

253208,-483728

253209,-483788

253209,-485122

253209,-484264

253215,-481164

253215,-479274

253215,-477564

253215,-477348

253215,-473610

253216,-470498

253216,-469722

253216,-466262

253216,-465634

253216,-465494

253216,-460624

253216,-459248

253216,-454310

253217,-452746

253217,-451998

253217,-449262

253223,-449414

253223,-447498

253223,-446994

253223,-445898

253223,-443600

253224,-440616

253224,-438646

253224,-434132

253224,-432070

253224,-427758

253224,-427356

253224,-425668

253224,-423108

253225,-420768

253225,-417862

253225,-416860

253231,-414528

253231,-415956

253231,-415092

253231,-416078

253231,-414600

253232,-412320

253232,-411914

253232,-413548

253232,-411106

253232,-412438

253232,-415150

253232,-414832

253232,-415820

253233,-413356

253233,-413818

253233,-413102

253239,-411164

253239,-411132

253239,-409940

253239,-410846

253239,-410374

253240,-410476

253240,-411504

253240,-411248

253240,-409354

253240,-409976

253240,-407670

253240,-405664

253240,-404796

253241,-405690

253241,-407586

253241,-406338

253247,-404696

253247,-404712

253247,-403002

253247,-400162

253247,-399032

253248,-394594

253248,-392640

253248,-391040

253248,-389884

253248,-389334

253248,-388812

253248,-386090

253248,-384272

253249,-384150

253249,-382326

253249,-381924

253255,-381258

253255,-378594

253255,-380588

253255,-379412

253255,-379072

253256,-376824

253256,-377370

253256,-377878

253256,-376214

253256,-374322

253256,-377532

253256,-376002

253256,-375334

253257,-374672

253257,-374306

253257,-376058

253263,-379362

253263,-379032

253263,-383162

253263,-386580

253263,-386810

253264,-389718

253264,-391968

253264,-394216

253264,-395138

253264,-399002

253264,-399126

253264,-401056

253264,-405888

253265,-406324

253265,-410316

253265,-414276

253271,-416740

253271,-420014

253271,-420516

253271,-425642

253271,-428740

253272,-430214

253272,-429764

253272,-430034

253272,-433252

253272,-433294

253272,-437294

253272,-438212

253272,-440782

253273,-443320

253273,-447782

253273,-448446

253279,-451452

253279,-455182

253279,-458060

253279,-460086

253279,-462726

253280,-466338

253280,-469048

253280,-472234

253280,-474648

253280,-477102

253280,-480652

253280,-481552

253280,-483808

253281,-486538

253281,-491582

253281,-493502

253287,-496846

253287,-501512

253287,-503852

253287,-503154

253287,-502370

253288,-504140

253288,-501084

253288,-499956

253288,-502682

253288,-501766

253288,-498512

253288,-497264

253288,-495562

253289,-491252

253289,-489182

253289,-486394

253295,-483666

253295,-479614

253295,-477256

253295,-474584

253295,-473662

253296,-472510

253296,-470232

253296,-467570

253296,-463100

253296,-458892

253296,-456892

253296,-457102

253296,-455152

253297,-452418

253297,-452160

253297,-449594

253303,-447982

253303,-447318

253303,-446150

253303,-443644

253303,-445092

253304,-444090

253304,-441846

253304,-441620

253304,-441396

253304,-440270

253304,-438566

253304,-438904

253304,-438762

253305,-438728

253305,-435272

253305,-435120

253311,-432262

253311,-432006

253311,-429558

253311,-427638

253311,-425904

253312,-424396

253312,-420602

253312,-420736

253312,-420228

253312,-416740

253312,-415600

253312,-414114

253312,-413852

253313,-411234

253313,-411770

253313,-410976

253319,-412596

253319,-410686

253319,-414294

253319,-411070

253319,-412352

253320,-412238

253320,-411760

253320,-413168

253320,-413346

253320,-412960

253320,-413092

253320,-413086

253320,-414282

253321,-415046

253321,-414636

253321,-416920

253327,-420160

253327,-423304

253327,-424060

253327,-425164

253327,-427880

253328,-428322

253328,-430588

253328,-430200

253328,-431238

253328,-431070

253328,-432380

253328,-434842

253328,-432576

253329,-434194

253329,-432960

253329,-431614

253335,-433416

253335,-433916

253335,-432176

253335,-432684

253335,-434042

253336,-434426

253336,-433228

253336,-430956

253336,-433932

253336,-431224

253336,-433448

253336,-434620

253336,-434330

253337,-433318

253337,-433212

253337,-433092

253343,-433346

253343,-435424

253343,-434836

253343,-434052

253343,-435522

253344,-433312

253344,-434570

253344,-434858

253344,-438386

253344,-439674

253344,-440624

253344,-443818

253344,-444154

253345,-446082

253345,-448206

253345,-450912

253351,-455006

253351,-455120

253351,-456834

253351,-455626

253351,-456890

253352,-456420

253352,-458612

253352,-457768

253352,-460598

253352,-458776

253352,-458644

253352,-457194

253352,-457380

253353,-454560

253353,-451478

253353,-449542

253359,-448942

253359,-446162

253359,-445170

253359,-443846

253359,-441202

253360,-442628

253360,-440084

253360,-436822

253360,-436674

253360,-432692

253360,-431418

253360,-427384

253360,-426332

253361,-425634

253361,-425066

253361,-423032

253367,-422612

253367,-422670

253367,-420524

253367,-421696

253367,-420188

253368,-418388

253368,-420320

253368,-418640

253368,-420732

253368,-417936

253368,-418454

253368,-417408

253368,-417242

253369,-415616

253369,-412416

253369,-409692

253375,-409362

253375,-406528

253375,-406184

253375,-403512

253375,-400526

253376,-395514

253376,-391214

253376,-389144

253376,-385456

253376,-384270

253376,-382304

253376,-381374

253376,-380128

253377,-377324

253377,-374968

253377,-373152

253383,-372124

253383,-372078

253383,-373160

253383,-373016

253383,-374242

253384,-375232

253384,-375930

253384,-376742

253384,-376010

253384,-376324

253384,-378052

253384,-379416

253384,-380640

253385,-383870

253385,-385208

253385,-389090

253391,-390238

253391,-393874

253391,-397808

253391,-403170

253391,-405478

253392,-410142

253392,-412222

253392,-415080

253392,-419726

253392,-424208

253392,-427674

253392,-432422

253392,-432448

253393,-436190

253393,-436692

253393,-438782

253399,-439680

253399,-443400

253399,-445808

253399,-449184

253399,-451846

253400,-452878

253400,-454358

253400,-452418

253400,-453418

253400,-455008

253400,-456990

253400,-458706

253400,-460820

253401,-462542

253401,-462104

253401,-465376

253407,-464478

253407,-461892

253407,-461992

253407,-460940

253407,-457878

253408,-456662

253408,-459006

253408,-456800

253408,-458876

253408,-458294

253408,-457934

253408,-458492

253408,-459454

253409,-460178

253409,-456822

253409,-456114

253415,-454414

253415,-455132

253415,-453166

253415,-453164

253415,-453566

253416,-450494

253416,-446632

253416,-445802

253416,-443182

253416,-442154

253416,-440778

253416,-440816

253416,-436782

253417,-433912

253417,-430744

253417,-425590

253423,-421872

253423,-418320

253423,-415462

253423,-413716

253423,-414230

253424,-409622

253424,-408138

253424,-404918

253424,-401594

253424,-398204

253424,-393890

253424,-391178

253424,-387850

253425,-381992

253425,-379466

253425,-379464

253431,-380002

253431,-377850

253431,-378270

253431,-375002

253431,-374878

253432,-374770

253432,-372956

253432,-372038

253432,-369730

253432,-367332

253432,-364556

253432,-362742

253432,-359648

253433,-358418

253433,-353008

253433,-349952

253439,-345356

253439,-342938

253439,-342906

253439,-342530

253439,-341628

253440,-342970

253440,-340998

253440,-339578

253440,-337590

253440,-337124

253440,-337942

253440,-336490

253440,-336334

253441,-336354

253441,-332496

253441,-331338

253447,-330404

253447,-329680

253447,-328194

253447,-326020

253447,-324558

253448,-323750

253448,-325074

253448,-327084

253448,-327202

253448,-329750

253448,-329108

253448,-330564

253448,-333366

253449,-334538

253449,-334984

253449,-336764

253455,-336510

253455,-338668

253455,-339412

253455,-342222

253455,-343314

253456,-342346

253456,-341304

253456,-340372

253456,-343006

253456,-340718

253456,-341980

253456,-339890

253456,-341804

253457,-342494

253457,-343306

253457,-342866

253463,-342936

253463,-342196

253463,-341830

253463,-343436

253463,-343716

253464,-344018

253464,-343144

253464,-342214

253464,-342736

253464,-343648

253464,-341452

253464,-341368

253464,-342840

253465,-343288

253465,-346928

253465,-351362

253471,-351262

253471,-354162

253471,-356698

253471,-361648

253471,-364588

253472,-365610

253472,-366798

253472,-368050

253472,-370930

253472,-373224

253472,-376262

253472,-378588

253472,-380526

253473,-379958

253473,-380266

253473,-382124

253479,-384106

253479,-389346

253479,-389232

253479,-390436

253479,-391994

253480,-391116

253480,-393598

253480,-395618

253480,-396202

253480,-396810

253480,-399334

253480,-402820

253480,-404112

253481,-405796

253481,-404672

253481,-406678

253487,-405206

253487,-403894

253487,-403952

253487,-404212

253487,-404778

253488,-407052

253488,-407378

253488,-408764

253488,-408756

253488,-411584

253488,-417922

253488,-420548

253488,-422676

253489,-421644

253489,-424030

253489,-427944

253495,-432052

253495,-434006

253495,-435466

253495,-433030

253495,-435134

253496,-432536

253496,-436478

253496,-434304

253496,-429354

253496,-429290

253496,-431342

253496,-432612

253496,-434274

253497,-432988

253497,-431438

253497,-432252

253503,-431598

253503,-431658

253503,-429580

253503,-429190

253503,-425784

253504,-421136

253504,-423800

253504,-421056

253504,-419224

253504,-414880

253504,-412320

253504,-412346

253504,-409598

253505,-410206

253505,-408508

253505,-408670

253511,-405910

253511,-403596

253511,-405080

253511,-406576

253511,-408352

253512,-408050

253512,-406804

253512,-404616

253512,-407000

253512,-405294

253512,-407632

253512,-409290

253512,-407376

253513,-404588

253513,-405286

253513,-400636

253519,-396000

253519,-391316

253519,-389904

253519,-389952

253519,-389682

253520,-389282

253520,-389110

253520,-386572

253520,-384598

253520,-384150

253520,-383656

253520,-381620

253520,-385208

253521,-383974

253521,-381238

253521,-380344

253527,-379324

253527,-378332

253527,-373998

253527,-374036

253527,-370624

253528,-368618

253528,-364162

253528,-361242

253528,-363508

253528,-368738

253528,-365694

253528,-363792

253528,-367742

253529,-368570

253529,-367646

253529,-367504

253535,-369038

253535,-368096

253535,-371312

253535,-372158

253535,-372432

253536,-371778

253536,-373186

253536,-373652

253536,-376658

253536,-374002

253536,-373036

253536,-372948

253536,-372680

253537,-372142

253537,-376510

253537,-375972

253543,-375020

253543,-373918

253543,-374162

253543,-374628

253543,-377240

253544,-378400

253544,-376684

253544,-375556

253544,-377128

253544,-375610

253544,-372638

253544,-374198

253544,-372858

253545,-371338

253545,-372876

253545,-374172

253551,-375042

253551,-376744

253551,-377122

253551,-376978

253551,-377158

253552,-381138

253552,-384338

253552,-384564

253552,-388388

253552,-390068

253552,-391696

253552,-394448

253552,-395354

253553,-394936

253553,-393174

253553,-393900

253559,-398240

253559,-398048

253559,-396116

253559,-395184

253559,-396148

253560,-396030

253560,-398394

253560,-397262

253560,-395652

253560,-396262

253560,-395464

253560,-395646

253560,-395562

253561,-394854

253561,-397748

253561,-400192

253567,-398136

253567,-396158

253567,-394150

253567,-392400

253567,-388530

253568,-386758

253568,-383270

253568,-382944

253568,-381654

253568,-383852

253568,-384696

253568,-384692

253568,-383938

253569,-383918

253569,-383864

253569,-386266

253575,-388106

253575,-387444

253575,-388598

253575,-389926

253575,-389900

253576,-386592

253576,-384562

253576,-381394

253576,-381318

253576,-381750

253576,-378740

253576,-374546

253576,-372182

253577,-370304

253577,-373206

253577,-371530

253583,-371006

253583,-369512

253583,-368096

253583,-369650

253583,-370618

253584,-371650

253584,-368590

253584,-368300

253584,-366314

253584,-368322

253584,-367372

253584,-366272

253584,-364702

253585,-363416

253585,-361984

253585,-362638

253591,-365072

253591,-367362

253591,-369546

253591,-369654

253591,-372854

253592,-374146

253592,-376510

253592,-379602

253592,-380552

253592,-382274

253592,-384890

253592,-386592

253592,-388490

253593,-390360

253593,-392820

253593,-395072

253599,-392926

253599,-390560

253599,-387122

253599,-390268

253599,-392902

253600,-394668

253600,-391976

253600,-393510

253600,-392234

253600,-394658

253600,-396976

253600,-395596

253600,-396842

253601,-397450

253601,-396178

253601,-400180

253607,-400138

253607,-401388

253607,-399220

253607,-397510

253607,-399926

253608,-400704

253608,-399452

253608,-395624

253608,-395150

253608,-394206

253608,-396358

253608,-395056

253608,-396132

253609,-398036

253609,-399712

253609,-400456

253615,-399186

253615,-399816

253615,-400188

253615,-401672

253615,-400724

253616,-396286

253616,-395864

253616,-395424

253616,-394590

253616,-391764

253616,-390544

253616,-390922

253616,-390048

253617,-389854

253617,-388162

253617,-390916

253623,-387606

253623,-386904

253623,-384826

253623,-384492

253623,-384476

253624,-388236

253624,-385920

253624,-386652

253624,-385366

253624,-386034

253624,-389580

253624,-386894

253624,-382032

253625,-381954

253625,-380446

253625,-381898

253631,-382964

253631,-383542

253631,-384234

253631,-384998

253631,-387050

253632,-384756

253632,-384456

253632,-385070

253632,-387500

253632,-389978

253632,-389940

253632,-391584

253632,-392518

253633,-393556

253633,-395240

253633,-393636

253639,-392894

253639,-392458

253639,-390500

253639,-390176

253639,-388456

253640,-388498

253640,-386380

253640,-387326

253640,-386488

253640,-384764

253640,-383142

253640,-382446

253640,-379596

253641,-377476

253641,-375904

253641,-374218

253647,-374162

253647,-372160

253647,-370154

253647,-368006

253647,-363884

253648,-360962

253648,-362320

253648,-358024

253648,-352760

253648,-350116

253648,-347936

253648,-347902

253648,-345640

253649,-340548

253649,-336352

253649,-334162

253655,-332090

253655,-332976

253655,-332768

253655,-329044

253655,-329404

253656,-329328

253656,-327992

253656,-324180

253656,-319718

253656,-316426

253656,-314810

253656,-311734

253656,-308788

253657,-307148

253657,-306372

253657,-306506

253663,-303014

253663,-300866

253663,-297086

253663,-297640

253663,-297188

253664,-295832

253664,-293658

253664,-295614

253664,-295886

253664,-299248

253664,-299182

253664,-296910

253664,-295970

253665,-297632

253665,-297706

253665,-296598

253671,-296270

253671,-296682

253671,-300644

253671,-302954

253671,-303406

253672,-302458

253672,-302700

253672,-305682

253672,-308868

253672,-309314

253672,-310686

253672,-312840

253672,-317386

253673,-316996

253673,-316690

253673,-314642

253679,-314934

253679,-314878

253679,-316076

253679,-316152

253679,-318412

253680,-316428

253680,-314506

253680,-311322

253680,-309830

253680,-310968

253680,-312534

253680,-309260

253680,-306662

253681,-304282

253681,-305200

253681,-304630

253687,-304882

253687,-305344

253687,-306010

253687,-309000

253687,-309152

253688,-306374

253688,-306740

253688,-306190

253688,-304474

253688,-305558

253688,-305098

253688,-303626

253688,-303810

253689,-303136

253689,-304992

253689,-305684

253695,-305154

253695,-303380

253695,-303160

253695,-304478

253695,-308092

253696,-307614

253696,-305760

253696,-307956

253696,-310832

253696,-312384

253696,-311210

253696,-310862

253696,-308940

253697,-313406

253697,-311942

253697,-313136

253703,-311988

253703,-309386

253703,-309482

253703,-309990

253703,-309512

253704,-310056

253704,-310780

253704,-310978

253704,-312040

253704,-313594

253704,-313800

253704,-310588

253704,-308562

253705,-308922

253705,-311952

253705,-313860

253711,-310974

253711,-311572

253711,-310980

253711,-313572

253711,-311096

253712,-314756

253712,-314242

253712,-315044

253712,-315392

253712,-317894

253712,-318984

253712,-318170

253712,-319370

253713,-320766

253713,-321790

253713,-322422

253719,-322776

253719,-322188

253719,-322138

253719,-323778

253719,-320614

253720,-318770

253720,-318320

253720,-315698

253720,-314608

253720,-314408

253720,-316026

253720,-316778

253720,-314554

253721,-311058

253721,-308382

253721,-308448

253727,-308946

253727,-309944

253727,-309046

253727,-308002

253727,-305612

253728,-305574

253728,-304192

253728,-303000

253728,-302942

253728,-303558

253728,-302544

253728,-299982

253728,-297674

253729,-297426

253729,-296248

253729,-294954

253735,-294678

253735,-294076

253735,-292268

253735,-293072

253735,-292230

253736,-290222

253736,-289914

253736,-290458

253736,-292018

253736,-291450

253736,-293752

253736,-294390

253736,-294576

253737,-292180

253737,-290234

253737,-287264

253743,-286068

253743,-285916

253743,-283010

253743,-282392

253743,-283310

253744,-282616

253744,-282558

253744,-282538

253744,-282630

253744,-283872

253744,-282188

253744,-281960

253744,-281776

253745,-279240

253745,-279846

253745,-278894

253751,-277742

253751,-275850

253751,-271100

253751,-267460

253751,-265752

253752,-260418

253752,-257230

253752,-255432

253752,-253180

253752,-251790

253752,-250242

253752,-249324

253752,-248206

253753,-248226

253753,-247178

253753,-247252

253759,-245528

253759,-246344

253759,-243230

253759,-241002

253759,-240730

253760,-237752

253760,-235996

253760,-231036

253760,-227944

253760,-225938

253760,-226002

253760,-222918

253760,-221062

253761,-218586

253761,-217260

253761,-215758

253767,-215106

253767,-212260

253767,-207498

253767,-205916

253767,-205148

253768,-203594

253768,-201802

253768,-201126

253768,-200302

253768,-199394

253768,-196666

253768,-194242

253768,-193658

253769,-193238

253769,-191072

253769,-190000

253775,-190302

253775,-190016

253775,-189306

253775,-190606

253775,-191212

253776,-189980

253776,-192680

253776,-194826

253776,-196116

253776,-199300

253776,-201274

253776,-202328

253776,-205098

253777,-205312

253777,-206796

253777,-205822

253783,-203946

253783,-202090

253783,-199300

253783,-199182

253783,-198544

253784,-199782

253784,-201218

253784,-200100

253784,-200984

253784,-200832

253784,-200780

253784,-200154

253784,-201224

253785,-201240

253785,-198694

253785,-196518

253791,-194098

253791,-194322

253791,-194224

253791,-193764

253791,-189844

253792,-189748

253792,-189514

253792,-186900

253792,-188256

253792,-186362

253792,-186084

253792,-184900

253792,-185782

253793,-183932

253793,-184014

253793,-183376

253799,-183788

253799,-181698

253799,-182618

253799,-180636

253799,-178722

253800,-173644

253800,-172240

253800,-169252

253800,-167712

253800,-162346

253800,-158230

253800,-153632

253800,-149998

253801,-147658

253801,-144924

253801,-144072

253807,-141978

253807,-142196

253807,-140238

253807,-136886

253807,-132508

253808,-129508

253808,-129736

253808,-129208

253808,-126010

253808,-121556

253808,-117804

253808,-115552

253808,-111136

253809,-108794

253809,-108846

253809,-110496

253815,-111132

253815,-109578

253815,-109874

253815,-108768

253815,-110478

253816,-109586

253816,-109812

253816,-110468

253816,-112128

253816,-112720

253816,-114462

253816,-113422

253816,-114420

253817,-119576

253817,-120738

253817,-118530

253823,-118124

253823,-118700

253823,-118124

253823,-118350

253823,-119198

253824,-118916

253824,-118726

253824,-122940

253824,-125316

253824,-125346

253824,-127084

253824,-129666

253824,-131904

253825,-131980

253825,-134056

253825,-138736

253831,-140688

253831,-143100

253831,-143216

253831,-148446

253831,-149616

253832,-151822

253832,-151498

253832,-150270

253832,-152628

253832,-154380

253832,-155876

253832,-160036

253832,-161664

253833,-165816

253833,-167100

253833,-167258

253839,-167036

253839,-168768

253839,-171556

253839,-172218

253839,-172804

253840,-173988

253840,-171850

253840,-170900

253840,-172356

253840,-171278

253840,-167752

253840,-166900

253840,-165066

253841,-163020

253841,-163822

253841,-162886

253847,-162058

253847,-162736

253847,-160354

253847,-160804

253847,-157788

253848,-155710

253848,-155908

253848,-157290

253848,-156314

253848,-153490

253848,-151888

253848,-151922

253848,-147408

253849,-147422

253849,-143976

253849,-141808

253855,-141814

253855,-142898

253855,-144636

253855,-143180

253855,-143362

253856,-144656

253856,-143502

253856,-144328

253856,-145480

253856,-145130

253856,-142332

253856,-140376

253856,-139842

253857,-140462

253857,-139282

253857,-138282

253863,-137074

253863,-136144

253863,-137062

253863,-135252

253863,-136078

253864,-135200

253864,-135796

253864,-135830

253864,-134490

253864,-132476

253864,-130714

253864,-128608

253864,-129924

253865,-126380

253865,-122070

253865,-118356

253871,-117990

253871,-114190

253871,-112474

253871,-111848

253871,-112514

253872,-110922

253872,-109072

253872,-107780

253872,-104676

253872,-104838

253872,-104348

253872,-104652

253872,-105440

253873,-105150

253873,-104020

253873,-104426

253879,-102632

253879,-101452

253879,-100690

253879,-100416

253879,-99378

253880,-97952

253880,-97548

253880,-96818

253880,-96298

253880,-98652

253880,-94314

253880,-95298

253880,-93852

253881,-92856

253881,-92998

253881,-90484

253887,-94038

253887,-94154

253887,-92768

253887,-90522

253887,-90968

253888,-94232

253888,-94462

253888,-96784

253888,-93178

253888,-94052

253888,-96248

253888,-98556

253888,-96086

253889,-95456

253889,-95452

253889,-98614

253895,-99836

253895,-101410

253895,-103404

253895,-104232

253895,-105236

253896,-107488

253896,-107996

253896,-109286

253896,-113676

253896,-115514

253896,-118552

253896,-119744

253896,-119328

253897,-123548

253897,-126752

253897,-128312

253903,-127026

253903,-130334

253903,-130462

253903,-131694

253903,-133726

253904,-133602

253904,-134708

253904,-130124

253904,-133590

253904,-144832

253904,-133238

253904,-134134

253904,-136480

253905,-137356

253905,-139738

253905,-139008

253911,-138478

253911,-138724

253911,-136322

253911,-133114

253911,-133514

253912,-131310

253912,-130556

253912,-128940

253912,-124578

253912,-121574

253912,-120540

253912,-121360

253912,-120910

253913,-120332

253913,-118906

253913,-115078

253919,-117178

253919,-110832

253919,-109556

253919,-110366

253919,-112880

253920,-111842

253920,-109006

253920,-109304

253920,-104806

253920,-101910

253920,-99392

253920,-97934

253920,-97144

253921,-96008

253921,-98082

253921,-97248

253927,-96856

253927,-96122

253927,-94978

253927,-96432

253927,-96006

253928,-95120

253928,-98324

253928,-97918

253928,-97296

253928,-96724

253928,-92290

253928,-92332

253928,-89140

253929,-88204

253929,-84496

253929,-82484

253935,-83346

253935,-84520

253935,-82964

253935,-84404

253935,-86246

253936,-86996

253936,-85678

253936,-88098

253936,-89606

253936,-91166

253936,-91526

253936,-93396

253936,-94338

253937,-93310

253937,-93888

253937,-94466

253943,-93644

253943,-92690

253943,-91878

253943,-92104

253943,-93230

253944,-96074

253944,-95964

253944,-100034

253944,-102174

253944,-99886

253944,-101792

253944,-103848

253944,-105178

253945,-107460

253945,-110626

253945,-112700

253951,-115024

253951,-115504

253951,-115924

253951,-114070

253951,-116786

253952,-117330

253952,-119270

253952,-120732

253952,-121052

253952,-123424

253952,-125248

253952,-131108

253952,-132862

253953,-136068

253953,-136622

253953,-138768

253959,-142484

253959,-144568

253959,-148736

253959,-150890

253959,-151228

253960,-154074

253960,-156226

253960,-154736

253960,-155956

253960,-159528

253960,-158126

253960,-160236

253960,-160242

253961,-161572

253961,-160702

253961,-162008

253967,-162954

253967,-162316

253967,-163370

253967,-165506

253967,-167438

253968,-169790

253968,-168402

253968,-169764

253968,-168624

253968,-166836

253968,-167444

253968,-166538

253968,-165038

253969,-166810

253969,-169062

253969,-168340

253975,-172144

253975,-175732

253975,-176820

253975,-177494

253975,-176144

253976,-176676

253976,-180184

253976,-181264

253976,-180378

253976,-177932

253976,-179182

253976,-176226

253976,-178174

253977,-177154

253977,-178370

253977,-179552

253983,-177544

253983,-175814

253983,-175988

253983,-178230

253983,-176836

253984,-178034

253984,-177654

253984,-176438

253984,-178200

253984,-176550

253984,-175650

253984,-175652

253984,-173546

253985,-173352

253985,-171402

253985,-169982

253991,-168960

253991,-171060

253991,-168902

253991,-166840

253991,-167066

253992,-165168

253992,-165518

253992,-165110

253992,-161222

253992,-161954

253992,-158812

253992,-159538

253992,-158224

253993,-155414

253993,-155984

253993,-153284

253999,-151998

253999,-148816

253999,-145460

253999,-143792

253999,-143956

254000,-142716

254000,-141604

254000,-141744

254000,-138784

254000,-138480

254000,-139396

254000,-138708

254000,-139176

254001,-137992

254001,-136548

254001,-134390

254007,-136162

254007,-135670

254007,-134928

254007,-130762

254007,-126642

254008,-128194

254008,-128400

254008,-126102

254008,-122872

254008,-122256

254008,-121062

254008,-122434

254008,-124368

254009,-124910

254009,-125334

254009,-123942

254015,-124846

254015,-125596

254015,-127064

254015,-126614

254015,-122868

254016,-124996

254016,-126176

254016,-125440

254016,-125094

254016,-124738

254016,-123308

254016,-123720

254016,-122146

254017,-121200

254017,-120298

254017,-118124

254023,-119980

254023,-121832

254023,-122060

254023,-119460

254023,-121534

254024,-120592

254024,-123216

254024,-122696

254024,-122190

254024,-121770

254024,-121264

254024,-120662

254024,-120766

254025,-120700

254025,-122138

254025,-121850

254031,-122844

254031,-123270

254031,-124366

254031,-126624

254031,-126756

254032,-126780

254032,-129210

254032,-130278

254032,-130290

254032,-129392

254032,-126620

254032,-126052

254032,-124970

254033,-124488

254033,-129252

254033,-126608

254039,-125454

254039,-125008

254039,-123664

254039,-126954

254039,-128982

254040,-128128

254040,-128138

254040,-126064

254040,-124430

254040,-129300

254040,-127650

254040,-128454

254040,-126934

254041,-125734

254041,-125496

254041,-125314

254047,-126500

254047,-123888

254047,-122752

254047,-123132

254047,-124718

254048,-127816

254048,-129068

254048,-128660

254048,-129452

254048,-127070

254048,-124846

254048,-123262

254048,-123990

254049,-123490

254049,-123700

254049,-121782

254055,-124338

RAW_SUMMARY id=8 requested=6000 captured=6000 unused_capacity=0 max_pcm_abs=8355602 raw_mean=-119737.8 raw_abs_mean=743151.1 raw_min=-8355602 raw_max=8347918 baseline=-4.0

OK RAW

