# run: clap_r1_8
# firmware: role=analyzer git=1c743a2 version=0.4.0
# imported-from: clap_8.log (mtime 2026-10-09T12:01:11)
RAW_INFO mode=i2s output=csv

RAW_INFO row_size=12

RAW_BEGIN id=13 sr=2000 trigger_ms=312288 command_ms=312274 emit_seen=1 emit_start_ms=312288 emit_done_ms=312384 f=3200 dur=100 pre_ms=0 post_ms=3000 decim=8 pre_samples=0 post_samples=6000 mode=i2s output=csv fields=ms,pcm

ms,pcm

312290,65036

312290,64842

312290,68200

312290,68866

312290,69088

312290,89196

312290,33946

312290,122796

312291,27294

312291,105760

312291,65474

312291,52522

312291,105452

312291,28878

312291,91386

312291,59710

312295,31902

312295,93684

312295,8492

312295,79500

312295,41474

312296,27756

312296,84138

312296,412

312296,81552

312296,40842

312296,25534

312296,85204

312296,-8484

312297,71180

312297,34524

312297,11192

312303,79832

312303,-19732

312303,64492

312303,18942

312303,10510

312304,69632

312304,-16182

312304,55316

312304,21906

312304,-4832

312304,74914

312304,-30430

312304,53164

312305,9152

312305,-11516

312305,59198

312311,-43236

312311,43998

312311,-3592

312311,-12098

312311,53064

312312,-46050

312312,40182

312312,-3754

312312,-17220

312312,56674

312312,-44988

312312,48326

312312,-5910

312313,-16994

312313,52050

312313,-46944

312319,35940

312319,-9518

312319,-23858

312319,41556

312319,-51578

312320,37270

312320,-2044

312320,-18336

312320,54646

312320,-44462

312320,41912

312320,-4178

312320,-15668

312321,49856

312321,-45340

312321,39292

312327,-9544

312327,-20132

312327,45658

312327,-52400

312327,38232

312328,-12116

312328,-21908

312328,46846

312328,-52818

312328,42846

312328,-5440

312328,-14582

312328,51102

312329,-52938

312329,36900

312329,-16294

312335,-30118

312335,36298

312335,-66260

312335,26336

312335,-18970

312336,-29642

312336,41046

312336,-54474

312336,34164

312336,-5938

312336,-21938

312336,48470

312336,-49386

312337,38388

312337,-6134

312337,-22332

312343,50278

312343,-49354

312343,34474

312343,-5650

312343,-25052

312344,47490

312344,-49178

312344,32472

312344,-2428

312344,-26318

312344,49334

312344,-48590

312344,38898

312345,-6460

312345,-23964

312345,48288

312351,-51890

312351,34966

312351,-9556

312351,-27222

312351,46094

312352,-52918

312352,39446

312352,-1390

312352,-15926

312352,56178

312352,-43778

312352,45094

312352,4576

312353,-12798

312353,62082

312353,-39080

312359,48530

312359,5710

312359,-9450

312359,61604

312359,-36354

312360,50932

312360,10756

312360,-8114

312360,67548

312360,-32424

312360,54562

312360,11348

312360,-7464

312361,62498

312361,-37530

312361,47924

312367,2652

312367,-15168

312367,55910

312367,-46570

312367,38734

312368,-4630

312368,-20624

312368,50674

312368,-53372

312368,32500

312368,-14138

312368,-30798

312368,40160

312369,-59058

312369,24300

312369,-22060

312375,-41392

312375,30860

312375,-66148

312375,20758

312375,-25588

312376,-39750

312376,30638

312376,-67062

312376,22366

312376,-19710

312376,-33202

312376,36882

312376,-61882

312377,25988

312377,-19098

312377,-39188

312383,32566

312383,-65244

312385,24786

312385,-24188

312385,-37410

312386,31500

312386,-66324

312386,20538

312386,-24638

312386,-40016

312386,30524

312386,-44854

312386,14086

312386,-25054

312387,-21774

312387,5318

312391,-40216

312391,1340

312391,-21920

312391,-20924

312391,-6550

312392,-27726

312392,-9274

312392,-15818

312392,-23092

312392,730

312392,-26910

312392,-8742

312392,-16024

312393,-18464

312393,-4784

312393,-15264

312399,-17458

312399,-10122

312399,-16002

312399,-10904

312399,-15918

312400,-2992

312400,-11858

312400,-5976

312400,-3736

312400,-14418

312400,-132

312400,-12458

312400,-5526

312401,-4080

312401,-8108

312401,3732

312407,-12218

312407,-4666

312407,-2236

312407,-4320

312407,4672

312408,-5892

312408,-2806

312408,-3312

312408,-9184

312408,-2236

312408,-5576

312408,-10838

312408,-7898

312409,-14968

312409,-20964

312409,-14678

312415,-27576

312415,-19866

312415,-30812

312415,-23728

312415,-23624

312416,-30402

312416,-24482

312416,-31896

312416,-30554

312416,-31198

312416,-36502

312416,-28948

312416,-41232

312417,-35602

312417,-34204

312417,-41844

312423,-32066

312423,-38782

312423,-38952

312423,-34986

312423,-42740

312424,-30980

312424,-42390

312424,-37456

312424,-35552

312424,-41732

312424,-34432

312424,-42572

312424,-41216

312425,-43394

312425,-48866

312425,-39724

312431,-49010

312431,-44116

312431,-45932

312431,-53446

312431,-44060

312432,-48562

312432,-47310

312432,-46368

312432,-56270

312432,-49848

312432,-53516

312432,-48712

312432,-49108

312433,-50418

312433,-46210

312433,-53514

312439,-46622

312439,-51704

312439,-51364

312439,-45308

312439,-50934

312440,-41506

312440,-47232

312440,-43046

312440,-37442

312440,-45340

312440,-35622

312440,-39752

312440,-39824

312441,-36802

312441,-46872

312441,-31432

312447,-39436

312447,-35138

312447,-32456

312447,-36376

312447,-27070

312448,-34006

312448,-32064

312448,-31664

312448,-35412

312448,-28008

312448,-30132

312448,-30442

312448,-28964

312449,-37494

312449,-33352

312449,-39406

312455,-40428

312455,-37192

312455,-43538

312455,-39680

312455,-44336

312456,-46302

312456,-40206

312456,-48686

312456,-38330

312456,-44086

312456,-41554

312456,-40560

312456,-48466

312457,-43254

312457,-46398

312457,-46838

312463,-42248

312463,-50562

312463,-42470

312463,-45852

312463,-48666

312464,-42776

312464,-46542

312464,-40814

312464,-40946

312464,-43592

312464,-34850

312464,-43388

312464,-36290

312465,-37558

312465,-36504

312465,-31094

312471,-36330

312471,-27630

312471,-29152

312471,-30866

312471,-25438

312472,-33662

312472,-26484

312472,-27292

312472,-29154

312472,-19180

312472,-29234

312472,-22854

312472,-27764

312473,-26196

312473,-17034

312473,-24322

312479,-14976

312479,-14948

312479,-19332

312479,-11862

312479,-14720

312480,-8080

312480,-8698

312480,-7340

312480,-2362

312480,-10784

312480,-5020

312480,-6988

312480,-8146

312481,-8

312481,-4930

312481,4600

312487,1030

312487,1282

312487,10406

312487,6912

312487,16228

312488,18784

312488,17452

312488,26350

312488,23972

312488,29996

312488,30512

312488,27760

312488,31672

312489,24510

312489,30282

312489,29038

312495,26136

312495,28456

312495,24686

312495,29256

312495,28160

312496,25490

312496,30586

312496,24332

312496,25538

312496,25408

312496,21324

312496,23798

312496,20642

312497,23328

312497,19904

312497,15952

312503,15920

312503,11682

312503,9466

312503,8204

312503,4868

312504,9118

312504,4816

312504,8610

312504,8776

312504,10918

312504,13334

312504,9212

312504,6736

312505,7544

312505,7546

312505,11936

312511,9834

312511,11994

312511,9734

312511,9742

312511,12690

312512,11164

312512,13262

312512,11782

312512,9642

312512,8610

312512,3104

312512,6060

312512,2510

312513,5972

312513,4488

312513,5230

312519,3948

312519,134

312519,1036

312519,1180

312519,-60

312520,4138

312520,4018

312520,7100

312520,10084

312520,12918

312520,10238

312520,7600

312520,7096

312521,7576

312521,3540

312521,5432

312527,6332

312527,4082

312527,2220

312527,1870

312527,5700

312528,4694

312528,6400

312528,6794

312528,5424

312528,4020

312528,4308

312528,6942

312528,6124

312529,8458

312529,11328

312529,9298

312535,11090

312535,12658

312535,11304

312535,11022

312535,9664

312536,10012

312536,12016

312536,13096

312536,15434

312536,17374

312536,16716

312536,18178

312536,16140

312537,16728

312537,19446

312537,21012

312543,20380

312543,19390

312543,20990

312543,22230

312543,22890

312544,21714

312544,22566

312544,22436

312544,22308

312544,21654

312544,20900

312544,23598

312544,26910

312545,28996

312545,27182

312545,27108

312551,25194

312551,24388

312551,25462

312551,25220

312551,23520

312552,23490

312552,24130

312552,25120

312552,27364

312552,24480

312552,27838

312552,28604

312552,26820

312553,28660

312553,25962

312553,23498

312559,21378

312559,19942

312559,19210

312559,19324

312559,19964

312560,16036

312560,16620

312560,16098

312560,14482

312560,13044

312560,12294

312560,14094

312560,13686

312561,12944

312561,15712

312561,13098

312567,10292

312567,10592

312567,6196

312567,6804

312567,5226

312568,584

312568,130

312568,-1226

312568,1862

312568,290

312568,-2126

312568,-3266

312568,-7428

312569,-6572

312569,-9926

312569,-12858

312575,-16830

312575,-15004

312575,-16614

312575,-16254

312575,-18730

312576,-19406

312576,-20984

312576,-23092

312576,-25744

312576,-29082

312576,-28730

312576,-26792

312576,-30208

312577,-30830

312577,-31110

312577,-30270

312583,-34210

312583,-32130

312583,-33488

312583,-32154

312583,-29468

312584,-30500

312584,-29190

312584,-29212

312584,-26464

312584,-24726

312584,-23910

312584,-23450

312584,-24346

312585,-24670

312585,-24040

312585,-19774

312591,-19344

312591,-21880

312591,-22512

312591,-16644

312591,-15556

312592,-10568

312592,-9762

312592,-9254

312592,-7706

312592,-6688

312592,-3190

312592,-2112

312592,590

312593,992

312593,5540

312593,9214

312599,10404

312599,12098

312599,14636

312599,19450

312599,22090

312600,25612

312600,28244

312600,31568

312600,33792

312600,38824

312600,41280

312600,42348

312600,41264

312601,43290

312601,45264

312601,46186

312607,50822

312607,53592

312607,56044

312607,61112

312607,64378

312608,65480

312608,67756

312608,69198

312608,74096

312608,76518

312608,77684

312608,80640

312608,80598

312609,82474

312609,80322

312609,81906

312615,86662

312615,85866

312615,84992

312615,86062

312615,88604

312616,88226

312616,89756

312616,90542

312616,92900

312616,93146

312616,91920

312616,94136

312616,92424

312617,96022

312617,96280

312617,97892

312623,96648

312623,96324

312623,97910

312623,102128

312623,103298

312624,101096

312624,99790

312624,98176

312624,99790

312624,100496

312624,103662

312624,106876

312624,106270

312625,106184

312625,107506

312625,102962

312631,104868

312631,103544

312631,103120

312631,105764

312631,104126

312632,104728

312632,102710

312632,105980

312632,107410

312632,105922

312632,105232

312632,101216

312632,101766

312633,101596

312633,100442

312633,100390

312639,99022

312639,98784

312639,96838

312639,94584

312639,89278

312640,86656

312640,82884

312640,80968

312640,77438

312640,75024

312640,73484

312640,71392

312640,69284

312641,64730

312641,59726

312641,58302

312647,57140

312647,57252

312647,54092

312647,50936

312647,47122

312648,45778

312648,44732

312648,44588

312648,45354

312648,45674

312648,40400

312648,39198

312648,37136

312649,35480

312649,34274

312649,33596

312655,36710

312655,36118

312655,36496

312655,37596

312655,33382

312656,33542

312656,29846

312656,28552

312656,28110

312656,25702

312656,25882

312656,24606

312656,25922

312657,25278

312657,19450

312657,17984

312663,16246

312663,17498

312663,16046

312663,15696

312663,12390

312664,9766

312664,9910

312664,7912

312664,9976

312664,9572

312664,8052

312664,8870

312664,7698

312665,7648

312665,6370

312665,6706

312671,7402

312671,7832

312671,10710

312671,10488

312671,11908

312672,10274

312672,11452

312672,15400

312672,16568

312672,17830

312672,19814

312672,18248

312672,18108

312673,18174

312673,16024

312673,15340

312679,14426

312679,14290

312679,11106

312679,9758

312679,5740

312680,4118

312680,4084

312680,5720

312680,9492

312680,7192

312680,7342

312680,7740

312680,9524

312681,11000

312681,11210

312681,11624

312687,5760

312687,-250

312687,1918

312687,1268

312687,808

312688,-720

312688,-3498

312688,-2114

312688,-3376

312688,-3930

312688,-5826

312688,-7370

312688,-4472

312689,-6102

312689,-7320

312689,-7618

312695,-7916

312695,-10954

312695,-14438

312695,-15388

312695,-17474

312696,-18678

312696,-20524

312696,-23718

312696,-22908

312696,-25958

312696,-28880

312696,-30690

312696,-30084

312697,-30418

312697,-30252

312697,-28186

312703,-26928

312703,-24766

312703,-25084

312703,-26290

312703,-27288

312704,-24618

312704,-24512

312704,-24910

312704,-25108

312704,-25472

312704,-26310

312704,-28386

312704,-29942

312705,-30590

312705,-29858

312705,-28162

312711,-27646

312711,-27224

312711,-26824

312711,-24556

312711,-22540

312712,-22588

312712,-19892

312712,-17640

312712,-14970

312712,-13992

312712,-14864

312712,-12608

312712,-11748

312713,-13836

312713,-11310

312713,-10594

312719,-12262

312719,-9650

312719,-12140

312719,-13184

312719,-17702

312720,-18306

312720,-18120

312720,-17924

312720,-19096

312720,-19296

312720,-20224

312720,-17018

312720,-17960

312721,-15520

312721,-13902

312721,-11372

312727,-8706

312727,-7698

312727,-7360

312727,-6616

312727,-4340

312728,-8772

312728,-7798

312728,-5264

312728,-9916

312728,-8678

312728,-12980

312728,-12904

312728,-12664

312729,-11686

312729,-9924

312729,-11866

312735,-6608

312735,-4130

312735,-3640

312735,-920

312735,-3994

312736,-6282

312736,-7850

312736,-8644

312736,-9508

312736,-12786

312736,-11910

312736,-12244

312736,-13482

312737,-15726

312737,-16920

312737,-17022

312743,-15358

312743,-15806

312743,-14508

312743,-14790

312743,-13784

312744,-9334

312744,-6568

312744,-5598

312744,-4698

312744,-5948

312744,-6652

312744,-3546

312744,-4782

312745,-6794

312745,-5658

312745,-6018

312751,-4712

312751,-4390

312751,-5512

312751,-8410

312751,-6224

312752,-6184

312752,-3668

312752,-3474

312752,-2624

312752,1458

312752,2414

312752,4546

312752,6916

312753,12916

312753,13534

312753,15028

312759,9736

312759,7374

312759,7194

312759,6928

312759,7352

312760,8690

312760,8352

312760,7636

312760,6124

312760,3978

312760,4704

312760,1946

312760,4248

312761,2378

312761,3322

312761,4886

312767,2610

312767,88

312767,1874

312767,-1390

312767,-5254

312768,-9008

312768,-11734

312768,-13324

312768,-14886

312768,-15282

312768,-17302

312768,-21330

312768,-19218

312769,-20126

312769,-18874

312769,-22750

312775,-22902

312775,-22578

312775,-20462

312775,-18808

312775,-19518

312776,-22930

312776,-23572

312776,-24182

312776,-27358

312776,-32064

312776,-36490

312776,-36022

312776,-36382

312777,-36636

312777,-36812

312777,-37988

312783,-38402

312783,-41602

312783,-38716

312783,-39076

312783,-44774

312784,-45340

312784,-47280

312784,-45844

312784,-45344

312784,-44794

312784,-44022

312784,-44104

312784,-42330

312785,-39830

312785,-39408

312785,-41004

312791,-41552

312791,-38996

312791,-40370

312791,-35474

312791,-33560

312792,-33988

312792,-30612

312792,-32174

312792,-29724

312792,-29560

312792,-28722

312792,-28730

312792,-24366

312793,-21442

312793,-20084

312793,-18362

312799,-17764

312799,-20414

312799,-18620

312799,-20282

312799,-22206

312800,-24380

312800,-23548

312800,-21316

312800,-20252

312800,-18712

312800,-17486

312800,-15184

312800,-15512

312801,-13444

312801,-8984

312801,-9996

312807,-8878

312807,-10610

312807,-9458

312807,-10506

312807,-10204

312808,-9278

312808,-10042

312808,-11526

312808,-12044

312808,-13082

312808,-12212

312808,-10546

312808,-9496

312809,-7650

312809,-6620

312809,-1316

312815,-970

312815,-650

312815,-2806

312815,-3718

312815,-3716

312816,-4880

312816,-5926

312816,-3888

312816,-4468

312816,-3722

312816,-270

312816,2380

312816,2034

312817,3080

312817,3988

312817,3684

312823,1982

312823,3984

312823,6104

312823,8490

312823,13008

312824,14076

312824,16838

312824,18858

312824,19596

312824,19546

312824,23076

312824,25942

312824,30148

312825,32658

312825,35204

312825,38958

312831,43956

312831,46974

312831,49118

312831,49810

312831,48874

312832,53452

312832,57346

312832,59872

312832,65456

312832,67540

312832,71380

312832,77864

312832,83248

312833,83744

312833,84526

312833,84746

312839,83694

312839,87988

312839,88224

312839,87002

312839,87600

312840,91302

312840,91496

312840,90930

312840,90154

312840,88842

312840,88730

312840,89360

312840,92804

312841,96556

312841,97156

312841,100012

312847,101670

312847,102624

312847,101274

312847,98590

312847,96906

312848,96050

312848,98290

312848,95760

312848,93848

312848,94252

312848,95616

312848,99704

312848,101734

312849,102400

312849,101622

312849,99990

312855,100682

312855,103012

312855,103216

312855,103944

312855,106338

312856,105462

312856,106542

312856,106222

312856,103556

312856,101166

312856,103012

312856,105440

312856,105054

312857,107528

312857,106876

312857,105668

312863,106194

312863,105434

312863,103088

312863,99564

312863,97508

312864,96876

312864,96952

312864,97460

312864,97678

312864,98490

312864,99420

312864,97794

312864,99370

312865,95452

312865,96356

312865,94420

312871,94988

312871,96770

312871,98256

312871,99076

312871,100640

312872,101514

312872,101150

312872,98446

312872,101064

312872,102272

312872,105492

312872,106706

312872,107624

312873,106808

312873,106220

312873,109666

312879,109960

312879,107728

312879,104372

312879,103796

312879,101140

312880,99856

312880,102212

312880,104166

312880,102844

312880,102474

312880,102234

312880,98426

312880,97496

312881,96420

312881,92748

312881,90832

312887,89746

312887,88544

312887,86718

312887,84456

312887,81292

312888,77882

312888,75018

312888,73886

312888,74988

312888,73066

312888,74758

312888,76104

312888,75608

312889,74464

312889,74010

312889,71028

312895,66478

312895,60480

312895,56306

312895,53466

312895,51930

312896,49558

312896,47560

312896,43870

312896,45582

312896,43150

312896,42280

312896,43296

312896,43848

312897,45434

312897,44716

312897,50730

312903,48372

312903,50974

312903,49248

312903,51712

312903,50814

312904,51170

312904,52482

312904,50454

312904,51188

312904,49054

312904,51244

312904,50798

312904,49752

312905,47822

312905,47068

312905,46654

312911,46168

312911,47146

312911,43978

312911,44604

312911,43498

312912,47740

312912,48638

312912,48830

312912,48906

312912,48756

312912,49258

312912,48806

312912,50164

312913,48446

312913,50436

312913,51310

312919,54086

312919,54494

312919,52808

312919,53324

312919,52282

312920,54090

312920,55230

312920,55974

312920,59154

312920,61688

312920,63774

312920,65124

312920,65456

312921,65380

312921,67150

312921,69972

312927,70438

312927,68606

312927,66416

312927,68718

312927,68832

312928,66734

312928,64418

312928,62960

312928,62530

312928,59350

312928,62488

312928,65756

312928,67356

312929,69706

312929,68164

312929,67972

312935,69696

312935,69004

312935,69968

312935,67854

312935,64266

312936,66068

312936,64862

312936,62682

312936,62578

312936,60416

312936,61414

312936,60872

312936,63052

312937,59634

312937,59566

312937,59898

312943,61758

312943,63756

312943,63376

312943,63952

312943,66080

312944,65850

312944,68688

312944,71100

312944,72192

312944,71082

312944,71538

312944,70526

312944,71634

312945,71452

312945,68460

312945,67614

312951,70738

312951,70112

312951,70704

312951,69838

312951,71984

312952,74114

312952,75660

312952,76318

312952,79302

312952,78412

312952,78240

312952,74894

312952,71244

312953,68694

312953,64040

312953,63954

312959,59600

312959,54278

312959,49156

312959,46748

312959,43768

312960,42504

312960,42786

312960,44936

312960,45378

312960,45336

312960,43240

312960,44066

312960,45162

312961,45954

312961,44772

312961,45372

312967,44654

312967,45740

312967,46942

312967,45692

312967,45832

312968,43220

312968,41668

312968,37340

312968,37788

312968,38518

312968,38846

312968,41678

312968,41962

312969,38876

312969,42678

312969,44442

312975,43286

312975,42292

312975,47166

312975,49280

312975,49332

312976,47144

312976,47240

312976,47844

312976,50042

312976,46898

312976,45192

312976,41690

312976,37340

312977,37972

312977,40128

312977,43068

312983,46300

312983,47270

312983,47776

312983,49226

312983,51156

312984,52380

312984,55752

312984,52974

312984,58462

312984,58524

312984,59256

312984,57044

312984,56408

312985,54980

312985,53282

312985,54104

312991,53240

312991,50336

312991,53384

312991,55348

312991,56832

312992,56988

312992,59452

312992,63328

312992,67000

312992,68634

312992,69480

312992,71058

312992,69992

312993,69346

312993,70368

312993,72364

312999,70196

312999,66930

312999,61756

312999,59602

312999,59330

313000,60930

313000,63154

313000,61184

313000,61410

313000,65220

313000,63084

313000,62356

313000,59748

313001,58556

313001,56316

313001,57712

313007,53566

313007,52792

313007,50606

313007,49852

313007,50920

313008,49548

313008,48136

313008,46734

313008,43776

313008,45144

313008,48126

313008,48126

313008,47026

313009,47148

313009,45442

313009,47072

313015,47580

313015,47614

313015,45948

313015,46218

313015,45400

313016,43922

313016,44322

313016,40020

313016,41266

313016,39318

313016,40264

313016,38176

313016,34320

313017,29380

313017,26896

313017,24110

313023,20674

313023,19222

313023,17726

313023,17554

313023,19048

313024,19246

313024,20560

313024,19974

313024,22144

313024,18550

313024,20548

313024,18748

313024,16862

313025,17866

313025,17172

313025,13540

313031,12260

313031,9976

313031,8296

313031,8370

313031,6516

313032,8660

313032,10414

313032,10270

313032,11894

313032,17482

313032,17330

313032,18188

313032,18828

313033,16078

313033,15014

313033,14736

313039,11490

313039,12126

313039,11878

313039,8930

313039,4532

313040,3294

313040,5334

313040,6188

313040,4906

313040,2096

313040,1502

313040,940

313040,3040

313041,4748

313041,8812

313041,9308

313047,10582

313047,11714

313047,13216

313047,15916

313047,14486

313048,14734

313048,14814

313048,14860

313048,15786

313048,15982

313048,16774

313048,16700

313048,17326

313049,16866

313049,18374

313049,20404

313055,20318

313055,23286

313055,26228

313055,28974

313055,31596

313056,34600

313056,37774

313056,42014

313056,41352

313056,41920

313056,40692

313056,41076

313056,38574

313057,41742

313057,43574

313057,43478

313063,44502

313063,43186

313063,42130

313063,43366

313063,43876

313064,45428

313064,46330

313064,47510

313064,51578

313064,52974

313064,54072

313064,54422

313064,54016

313065,51348

313065,51980

313065,50772

313071,46940

313071,45782

313071,47120

313071,48214

313071,51928

313072,51710

313072,56600

313072,57924

313072,59356

313072,62230

313072,61268

313072,63032

313072,64058

313073,70228

313073,73292

313073,77392

313079,79384

313079,80236

313079,81684

313079,80554

313079,84432

313080,85312

313080,86352

313080,89180

313080,93814

313080,96146

313080,97208

313080,96512

313080,97196

313081,96046

313081,98258

313081,99574

313087,97452

313087,96878

313087,102190

313087,103468

313087,104754

313088,106616

313088,105046

313088,103834

313088,103166

313088,103586

313088,99942

313088,101376

313088,105476

313089,105882

313089,105626

313089,109724

313095,115350

313095,119914

313095,122386

313095,127570

313095,134610

313096,138628

313096,146206

313096,150478

313096,155228

313096,160086

313096,167004

313096,165718

313096,166882

313097,170316

313097,170532

313097,176202

313103,179216

313103,184396

313103,189572

313103,196236

313103,202818

313104,208432

313104,213994

313104,219612

313104,225568

313104,229180

313104,230486

313104,237102

313104,241534

313105,247794

313105,248168

313105,249796

313111,248832

313111,253630

313111,253990

313111,259554

313111,261056

313112,265710

313112,272930

313112,274798

313112,277510

313112,280966

313112,285562

313112,286892

313112,288986

313113,291732

313113,295922

313113,297576

313119,298550

313119,302210

313119,306966

313119,309338

313119,314296

313120,317888

313120,321662

313120,328404

313120,337852

313120,342918

313120,350632

313120,365592

313120,379102

313121,395056

313121,421362

313121,434796

313127,489686

313127,562104

313127,727256

313127,1384762

313127,1383202

313128,-6022766

313128,125970

313128,-7131090

313128,1698326

313128,3031442

313128,-3171470

313128,-2331138

313128,-6526606

313129,-1765684

313129,-4252462

313129,2137832

313135,-56760

313135,-1733598

313135,-4126626

313135,5685098

313135,1602034

313136,3659864

313136,5536928

313136,7534264

313136,7542434

313136,6134456

313136,6208374

313136,1364052

313136,-5860348

313137,4236000

313137,5192922

313137,3222088

313143,4018772

313143,3809136

313143,4040440

313143,4486542

313143,8101368

313144,-8006094

313144,6483472

313144,2563612

313144,1821602

313144,8097802

313144,4225920

313144,6919678

313144,4380200

313145,6296682

313145,2625080

313145,4307958

313151,5815156

313151,7179920

313151,5357770

313151,6943934

313151,5087158

313152,5377922

313152,4822330

313152,6166846

313152,4893182

313152,3629956

313152,6684324

313152,3701884

313152,5279944

313153,4307390

313153,2302620

313153,6749732

313159,4233726

313159,5514206

313159,5051358

313159,5826592

313159,4709322

313160,3741674

313160,5212640

313160,5022840

313160,4002570

313160,6049620

313160,4614510

313160,2983740

313160,5235478

313161,4215746

313161,4277974

313161,5428798

313167,3772910

313167,3504690

313167,6059574

313167,5492064

313167,4242622

313168,4059892

313168,4140608

313168,4142868

313168,4803068

313168,4857678

313168,3241570

313168,5725028

313168,4317394

313169,3948046

313169,3827312

313169,3894702

313175,4932284

313175,4210494

313175,2417652

313175,4009180

313175,4940038

313176,3961750

313176,3048440

313176,4033714

313176,3988304

313176,3711656

313176,4312424

313176,3524212

313176,3896298

313177,4167024

313177,3703942

313177,2920808

313183,4030820

313183,3020560

313183,2825410

313183,4278182

313183,3009402

313184,2123232

313184,3558992

313184,2970536

313184,2936480

313184,4194150

313184,3647432

313184,2786112

313184,3146330

313185,2191160

313185,3468932

313185,3627382

313191,3041394

313191,2691470

313191,3347028

313191,3471878

313191,3724318

313192,2601660

313192,3035910

313192,3510702

313192,2993094

313192,3074726

313192,2713960

313192,3094398

313192,3214310

313193,3368692

313193,3454890

313193,2845228

313199,4012384

313199,2208682

313199,3465956

313199,2622360

313199,3047020

313200,2633978

313200,3850092

313200,2601214

313200,2954172

313200,3088594

313200,3006440

313200,2540012

313200,3424200

313201,2683568

313201,3430904

313201,3218490

313207,3313860

313207,3446300

313207,2652128

313207,3637056

313207,3296252

313208,3278002

313208,3086650

313208,2666216

313208,3180108

313208,2830522

313208,3184420

313208,2631428

313208,2980664

313209,2415818

313209,3218572

313209,2828588

313215,2243172

313215,2942520

313215,3071098

313215,1830804

313215,2444974

313216,2612540

313216,2160440

313216,2004106

313216,3193924

313216,2356998

313216,2526544

313216,2416714

313216,2734878

313217,2714088

313217,2906592

313217,2912274

313223,2482796

313223,2072738

313223,2306594

313223,2978050

313223,2919424

313224,2306744

313224,1749400

313224,2748132

313224,2595870

313224,2210056

313224,2130812

313224,2059880

313224,2239122

313225,2407928

313225,1968632

313225,2355240

313231,2451056

313231,2490032

313231,2258746

313231,2684708

313231,2780736

313232,2783772

313232,3126304

313232,2837110

313232,2580814

313232,2867058

313232,1617560

313232,2065218

313232,2329882

313233,2108138

313233,2532964

313233,2132844

313239,1911110

313239,1734396

313239,1297244

313239,2054374

313239,2280816

313240,2008578

313240,2507374

313240,2308000

313240,2026836

313240,2344940

313240,1904064

313240,2307782

313240,2581398

313241,2106936

313241,2661542

313241,2625568

313247,2599782

313247,2211194

313247,2507588

313247,2384812

313247,2210136

313248,2145408

313248,2232086

313248,2471898

313248,1162558

313248,1923442

313248,2057398

313248,1721836

313248,2133626

313249,1654802

313249,2029462

313249,1759648

313255,2210016

313255,1960506

313255,1913432

313255,1729988

313255,1947692

313256,1861376

313256,2153014

313256,2091412

313256,1858120

313256,1766116

313256,2058386

313256,1631552

313256,1978430

313257,1983182

313257,2276304

313257,2004936

313263,1813550

313263,2013234

313263,1747798

313263,2266980

313263,2081246

313264,2015422

313264,2054070

313264,1799680

313264,2200446

313264,1781860

313264,1753762

313264,2192002

313264,1997922

313265,2008762

313265,1985918

313265,2092714

313271,1830824

313271,2175366

313271,1897298

313271,1802150

313271,2147000

313272,1783846

313272,1913974

313272,2064170

313272,2095226

313272,1775650

313272,1763540

313272,2019138

313272,1690962

313273,1916892

313273,1936124

313273,1871138

313279,1583770

313279,1616608

313279,1819370

313279,1876082

313279,1727888

313280,1864668

313280,1716136

313280,1919774

313280,1880182

313280,1389808

313280,2164326

313280,1458070

313280,1661188

313281,1845726

313281,1758966

313281,1732098

313287,1528730

313287,1647376

313287,1774650

313287,1628056

313287,1681956

313288,1606954

313288,1818052

313288,1809264

313288,1660384

313288,1682356

313288,1522586

313288,1900990

313288,1640726

313289,1640962

313289,1747970

313289,1549804

313295,1658690

313295,1727730

313295,1524888

313295,1568752

313295,1678302

313296,1497936

313296,1722718

313296,1537754

313296,1638006

313296,1537866

313296,1621884

313296,1609108

313296,1691156

313297,1544220

313297,1583268

313297,1634016

313303,1707504

313303,1651082

313303,1594832

313303,1642754

313303,1560188

313304,1626830

313304,1545336

313304,1697440

313304,1765088

313304,1602042

313304,1681832

313304,1607026

313304,1646462

313305,1583470

313305,1606496

313305,1581634

313311,1637736

313311,1605890

313311,1624022

313311,1524266

313311,1657370

313312,1485102

313312,1483738

313312,1699950

313312,1554050

313312,1470670

313312,1610264

313312,1526484

313312,1516296

313313,1432104

313313,1514416

313313,1566224

313319,1480886

313319,1370304

313319,1466360

313319,1426928

313319,1357726

313320,1476752

313320,1458462

313320,1391758

313320,1342522

313320,1465230

313320,1389256

313320,1324606

313320,1303396

313321,1330270

313321,1375268

313321,1362564

313327,1329598

313327,1242888

313327,1305760

313327,1300494

313327,1309076

313328,1231790

313328,1303222

313328,1314624

313328,1297206

313328,1175026

313328,1347394

313328,1242252

313328,1222540

313329,1352904

313329,1234364

313329,1256162

313335,1053644

313335,1330904

313335,1212636

313335,1271298

313335,1272886

313336,1236214

313336,1253030

313336,1233050

313336,1308998

313336,1213482

313336,1305806

313336,1256606

313336,1226704

313337,1322480

313337,1225998

313337,1325332

313343,1247596

313343,1204876

313343,1198648

313343,1239052

313343,1249190

313344,1227394

313344,1229458

313344,1167140

313344,1219028

313344,1246244

313344,1270068

313344,1129730

313344,1165564

313345,1275976

313345,1168636

313345,1200936

313351,1074044

313351,1073048

313351,1091578

313351,1217122

313351,1070646

313352,1009490

313352,1042866

313352,1052240

313352,983758

313352,936538

313352,961288

313352,976638

313352,949616

313353,900558

313353,923464

313353,921394

313359,941232

313359,947798

313359,850690

313359,880892

313359,902928

313360,927784

313360,810126

313360,912556

313360,845532

313360,870650

313360,801488

313360,838242

313360,881142

313361,803564

313361,847426

313361,865176

313367,757220

313367,803144

313367,830600

313367,759228

313367,849400

313368,772692

313368,821340

313368,809718

313368,744786

313368,778838

313368,768882

313368,783812

313368,753406

313369,787292

313369,747800

313369,749122

313375,790336

313375,727874

313375,785498

313375,745336

313375,710824

313376,719134

313376,719488

313376,715390

313376,762498

313376,721600

313376,676016

313376,739272

313376,729638

313377,664958

313377,720696

313377,685516

313383,694402

313383,713006

313383,693156

313383,683656

313383,637984

313384,696670

313384,716318

313384,675644

313384,665794

313384,628790

313384,690672

313384,699644

313384,659672

313385,693840

313385,645680

313385,697450

313391,616876

313391,669204

313391,688006

313391,655906

313391,613102

313392,686542

313392,684954

313392,635200

313392,683040

313392,634554

313392,683992

313392,652790

313392,674938

313393,624418

313393,681100

313393,626462

313399,634934

313399,658754

313399,664432

313399,631234

313399,644236

313400,631882

313400,621206

313400,629530

313400,633116

313400,604548

313400,579826

313400,608280

313400,626500

313401,614242

313401,553954

313401,607452

313407,575416

313407,556520

313407,569770

313407,571452

313407,576640

313408,567210

313408,572702

313408,553424

313408,519086

313408,589568

313408,556626

313408,545414

313408,541160

313409,531620

313409,538538

313409,524196

313415,534180

313415,546724

313415,540736

313415,527572

313415,511584

313416,530772

313416,514798

313416,503416

313416,508942

313416,515756

313416,523674

313416,491494

313416,492258

313417,492376

313417,476588

313417,494282

313423,451182

313423,457196

313423,469388

313423,439490

313423,438634

313424,441942

313424,427168

313424,429766

313424,410488

313424,419550

313424,409150

313424,402754

313424,408266

313425,374270

313425,379974

313425,372736

313431,350970

313431,365056

313431,363134

313431,358446

313431,315174

313432,337952

313432,306296

313432,339730

313432,313528

313432,315596

313432,292378

313432,292500

313432,300990

313433,277122

313433,281514

313433,277814

313439,277642

313439,272458

313439,254812

313439,284226

313439,246822

313440,226150

313440,278264

313440,235462

313440,225140

313440,244288

313440,225382

313440,233842

313440,229256

313441,248760

313441,217088

313441,204932

313447,222668

313447,210024

313447,220676

313447,200408

313447,201474

313448,203510

313448,179140

313448,187302

313448,192148

313448,165602

313448,149402

313448,156378

313448,151838

313449,138350

313449,138188

313449,145744

313455,125786

313455,121718

313455,124828

313455,125100

313455,111260

313456,103062

313456,93224

313456,98870

313456,102470

313456,89472

313456,83840

313456,82108

313456,85980

313457,72816

313457,62860

313457,50576

313463,68600

313463,46406

313463,46918

313463,55900

313463,46740

313464,49908

313464,35430

313464,40104

313464,36120

313464,43230

313464,27764

313464,21150

313464,22154

313465,19452

313465,18912

313465,17086

313471,5330

313471,18210

313471,14308

313471,3114

313471,9444

313472,-1226

313472,-336

313472,11332

313472,-7438

313472,-8104

313472,-12664

313472,-20478

313472,-12506

313473,-23314

313473,-24366

313473,-33746

313479,-46674

313479,-48240

313479,-52626

313479,-44328

313479,-57082

313480,-53684

313480,-61212

313480,-58330

313480,-67918

313480,-60732

313480,-80080

313480,-68532

313480,-66568

313481,-75318

313481,-78970

313481,-78618

313487,-88632

313487,-83050

313487,-81380

313487,-82402

313487,-94790

313488,-83742

313488,-96276

313488,-96138

313488,-89494

313488,-95588

313488,-101980

313488,-98286

313488,-105994

313489,-110412

313489,-102360

313489,-98216

313495,-93908

313495,-112588

313495,-114352

313495,-118476

313495,-112272

313496,-122500

313496,-116688

313496,-122780

313496,-128896

313496,-123912

313496,-122926

313496,-133730

313496,-125438

313497,-133936

313497,-133668

313497,-137568

313503,-129290

313503,-140922

313503,-140972

313503,-141114

313503,-142014

313504,-143010

313504,-148574

313504,-144796

313504,-151610

313504,-155340

313504,-149506

313504,-157580

313504,-152930

313505,-157952

313505,-159692

313505,-164096

313511,-152810

313511,-159932

313511,-168806

313511,-155992

313511,-166950

313512,-170020

313512,-168776

313512,-177068

313512,-158958

313512,-170578

313512,-168420

313512,-175398

313512,-174484

313513,-180634

313513,-184266

313513,-188392

313519,-192222

313519,-192616

313519,-192018

313519,-190758

313519,-198952

313520,-205014

313520,-209360

313520,-216106

313520,-213568

313520,-211544

313520,-209838

313520,-212030

313520,-220076

313521,-212142

313521,-229776

313521,-223378

313527,-222006

313527,-228222

313527,-231516

313527,-233950

313527,-231586

313528,-239226

313528,-241454

313528,-242128

313528,-245774

313528,-241610

313528,-240488

313528,-244160

313528,-245060

313529,-244160

313529,-243982

313529,-245898

313535,-246442

313535,-242228

313535,-249148

313535,-246452

313535,-252730

313536,-254528

313536,-252074

313536,-256146

313536,-265894

313536,-268654

313536,-266622

313536,-263768

313536,-265360

313537,-265004

313537,-255922

313537,-268758

313543,-267532

313543,-269452

313543,-269522

313543,-272102

313543,-271172

313544,-267022

313544,-276310

313544,-270610

313544,-278272

313544,-278222

313544,-270420

313544,-272810

313544,-274398

313545,-274650

313545,-279372

313545,-283902

313551,-286656

313551,-282578

313551,-281584

313551,-286304

313551,-292064

313552,-292398

313552,-293332

313552,-301522

313552,-299406

313552,-301302

313552,-301944

313552,-306644

313552,-313796

313553,-317210

313553,-317972

313553,-325616

313559,-324888

313559,-329774

313559,-337252

313559,-342192

313559,-346258

313560,-352754

313560,-360622

313560,-359064

313560,-361866

313560,-378112

313560,-377488

313560,-377944

313560,-382532

313561,-384622

313561,-384974

313561,-388696

313567,-391896

313567,-392856

313567,-395568

313567,-398934

313567,-398804

313568,-399490

313568,-407604

313568,-400168

313568,-404894

313568,-408230

313568,-416830

313568,-421500

313568,-426082

313569,-431244

313569,-424836

313569,-430008

313575,-430330

313575,-423216

313575,-424418

313575,-432222

313575,-429960

313576,-441356

313576,-435094

313576,-443660

313576,-449310

313576,-444854

313576,-454488

313576,-451550

313576,-454282

313577,-454644

313577,-454226

313577,-456912

313583,-457630

313583,-455570

313583,-456606

313583,-453894

313583,-454124

313584,-456130

313584,-459390

313584,-453456

313584,-452030

313584,-457258

313584,-457572

313584,-459000

313584,-457174

313585,-454164

313585,-452548

313585,-449424

313591,-454568

313591,-456416

313591,-456630

313591,-458084

313591,-457612

313592,-456818

313592,-458150

313592,-460928

313592,-459854

313592,-458854

313592,-463666

313592,-464504

313592,-467636

313593,-471080

313593,-468276

313593,-470300

313599,-469888

313599,-475672

313599,-474314

313599,-478796

313599,-479902

313600,-478518

313600,-483642

313600,-487634

313600,-487070

313600,-491312

313600,-496864

313600,-498724

313600,-501758

313601,-501566

313601,-507648

313601,-507998

313607,-502984

313607,-509824

313607,-508096

313607,-505998

313607,-504952

313608,-513130

313608,-510768

313608,-510156

313608,-509866

313608,-510256

313608,-513142

313608,-511866

313608,-516752

313609,-517918

313609,-519598

313609,-520700

313615,-516978

313615,-518312

313615,-516098

313615,-520306

313615,-517192

313616,-516812

313616,-519894

313616,-520384

313616,-524880

313616,-521980

313616,-522402

313616,-525256

313616,-522560

313617,-528656

313617,-536316

313617,-538406

313623,-539776

313623,-540726

313623,-537450

313623,-539612

313623,-532258

313624,-532274

313624,-531426

313624,-526854

313624,-529756

313624,-527928

313624,-532620

313624,-530634

313624,-533512

313625,-533832

313625,-532922

313625,-534028

313631,-539336

313631,-539140

313631,-540266

313631,-544314

313631,-545126

313632,-546188

313632,-549362

313632,-545676

313632,-544208

313632,-543262

313632,-545466

313632,-549274

313632,-546092

313633,-545140

313633,-548396

313633,-549406

313639,-553932

313639,-556630

313639,-557952

313639,-561540

313639,-566086

313640,-569076

313640,-571094

313640,-568938

313640,-573280

313640,-573826

313640,-573744

313640,-571898

313640,-571624

313641,-570166

313641,-565446

313641,-568438

313647,-568356

313647,-565660

313647,-568218

313647,-569738

313647,-570834

313648,-569440

313648,-570380

313648,-564264

313648,-564968

313648,-567692

313648,-571208

313648,-571858

313648,-572834

313649,-571104

313649,-569518

313649,-571486

313655,-569608

313655,-569004

313655,-570138

313655,-566836

313655,-560288

313656,-559406

313656,-556578

313656,-560126

313656,-559356

313656,-562680

313656,-565226

313656,-564566

313656,-565710

313657,-568810

313657,-569388

313657,-571734

313663,-573476

313663,-576342

313663,-572516

313663,-578832

313663,-573534

313664,-571966

313664,-569546

313664,-567562

313664,-566384

313664,-568464

313664,-569816

313664,-574448

313664,-576168

313665,-574976

313665,-574696

313665,-574584

313671,-576456

313671,-575086

313671,-575576

313671,-577234

313671,-573624

313672,-571582

313672,-567674

313672,-567678

313672,-559360

313672,-561138

313672,-557798

313672,-555756

313672,-557112

313673,-555708

313673,-559160

313673,-562220

313679,-561054

313679,-566114

313679,-565106

313679,-566020

313679,-566676

313680,-568438

313680,-572058

313680,-572888

313680,-578058

313680,-579470

313680,-580874

313680,-577884

313680,-579720

313681,-582350

313681,-584364

313681,-586468

313687,-593132

313687,-588964

313687,-594062

313687,-595910

313687,-598716

313688,-597516

313688,-595342

313688,-595476

313688,-592978

313688,-591630

313688,-590868

313688,-590258

313688,-590232

313689,-590238

313689,-590468

313689,-589214

313695,-587572

313695,-590058

313695,-585018

313695,-581018

313695,-581744

313696,-579570

313696,-580022

313696,-580924

313696,-581846

313696,-577526

313696,-578630

313696,-577982

313696,-581454

313697,-583082

313697,-583972

313697,-588800

313703,-592016

313703,-592000

313703,-598036

313703,-597186

313703,-600582

313704,-601480

313704,-604576

313704,-601156

313704,-601002

313704,-601568

313704,-600032

313704,-600592

313704,-601750

313705,-603102

313705,-609686

313705,-609298

313711,-616036

313711,-617476

313711,-621164

313711,-627764

313711,-631948

313712,-634830

313712,-639526

313712,-641614

313712,-640008

313712,-637134

313712,-633322

313712,-633572

313712,-638534

313713,-641842

313713,-644142

313713,-646218

313719,-647734

313719,-650066

313719,-652882

313719,-658004

313719,-661538

313720,-662342

313720,-660854

313720,-665882

313720,-665874

313720,-665832

313720,-668384

313720,-667598

313720,-669776

313721,-667530

313721,-669572

313721,-671016

313727,-674350

313727,-679600

313727,-684842

313727,-691090

313727,-695186

313728,-702320

313728,-704614

313728,-708044

313728,-710286

313728,-712316

313728,-713670

313728,-714330

313728,-715048

313729,-718572

313729,-723034

313729,-721952

313735,-724138

313735,-723724

313735,-727150

313735,-726522

313735,-725616

313736,-729824

313736,-727680

313736,-729340

313736,-725740

313736,-723670

313736,-725394

313736,-720462

313736,-718476

313737,-718122

313737,-717690

313737,-712002

313743,-712106

313743,-713358

313743,-714394

313743,-713286

313743,-716720

313744,-717604

313744,-711656

313744,-710370

313744,-708914

313744,-708262

313744,-704496

313744,-705660

313744,-701654

313745,-702744

313745,-704782

313745,-706320

313751,-705186

313751,-706994

313751,-708072

313751,-707816

313751,-710806

313752,-712502

313752,-719140

313752,-721568

313752,-721690

313752,-721574

313752,-721404

313752,-720406

313752,-719896

313753,-719794

313753,-720666

313753,-723696

313759,-722002

313759,-724800

313759,-724526

313759,-725668

313759,-725682

313760,-721994

313760,-723172

313760,-724060

313760,-725814

313760,-726212

313760,-727850

313760,-725082

313760,-722456

313761,-719032

313761,-715430

313761,-716822

313767,-716200

313767,-716780

313767,-717992

313767,-717628

313767,-716842

313768,-715888

313768,-717290

313768,-717290

313768,-717136

313768,-717290

313768,-717898

313768,-717422

313768,-719854

313769,-718666

313769,-720406

313769,-721090

313775,-724794

313775,-725846

313775,-727324

313775,-730736

313775,-733966

313776,-739612

313776,-744576

313776,-747076

313776,-749592

313776,-751438

313776,-748530

313776,-750206

313776,-749500

313777,-747700

313777,-746502

313777,-744868

313783,-742726

313783,-742900

313783,-745346

313783,-747074

313783,-748278

313784,-749594

313784,-751452

313784,-747140

313784,-747868

313784,-740388

313784,-737814

313784,-735770

313784,-735920

313785,-732636

313785,-732798

313785,-730176

313791,-726654

313791,-724100

313791,-722840

313791,-722116

313791,-721714

313792,-721524

313792,-721084

313792,-719968

313792,-722338

313792,-725094

313792,-725496

313792,-723122

313792,-720900

313793,-722708

313793,-722302

313793,-722738

313799,-724036

313799,-727474

313799,-726972

313799,-728082

313799,-733636

313800,-732366

313800,-735320

313800,-737786

313800,-736018

313800,-733762

313800,-733768

313800,-730940

313800,-726480

313801,-723820

313801,-723282

313801,-725034

313807,-721734

313807,-717268

313807,-714934

313807,-713516

313807,-714960

313808,-713734

313808,-711100

313808,-709098

313808,-704960

313808,-703350

313808,-698198

313808,-696286

313808,-692078

313809,-687424

313809,-684754

313809,-679170

313815,-675474

313815,-672268

313815,-671196

313815,-670796

313815,-669432

313816,-669402

313816,-672064

313816,-674988

313816,-673560

313816,-675986

313816,-673600

313816,-677384

313816,-673046

313817,-673612

313817,-673434

313817,-672556

313823,-671164

313823,-670768

313823,-672924

313823,-673730

313823,-676522

313824,-678308

313824,-679912

313824,-680568

313824,-680642

313824,-682042

313824,-682632

313824,-686876

313824,-685458

313825,-686638

313825,-685262

313825,-683678

313831,-681752

313831,-680716

313831,-681062

313831,-681832

313831,-681356

313832,-682770

313832,-685896

313832,-687622

313832,-686826

313832,-685770

313832,-684226

313832,-687626

313832,-684392

313833,-686946

313833,-688002

313833,-688162

313839,-689768

313839,-691378

313839,-694734

313839,-695586

313839,-701264

313840,-702366

313840,-702560

313840,-706968

313840,-708624

313840,-713746

313840,-714134

313840,-714116

313840,-717362

313841,-717464

313841,-718452

313841,-722264

313847,-725662

313847,-728084

313847,-729896

313847,-733206

313847,-736692

313848,-739382

313848,-741654

313848,-741450

313848,-743278

313848,-742664

313848,-743422

313848,-741392

313848,-739470

313849,-740930

313849,-739438

313849,-738666

313855,-737838

313855,-738966

313855,-738978

313855,-738010

313855,-737882

313856,-738040

313856,-737078

313856,-736410

313856,-736198

313856,-736604

313856,-738076

313856,-736046

313856,-738042

313857,-735820

313857,-733272

313857,-734580

313863,-733972

313863,-735560

313863,-733186

313863,-731972

313863,-732508

313864,-732628

313864,-736034

313864,-737558

313864,-735360

313864,-737584

313864,-739206

313864,-740750

313864,-740446

313865,-742080

313865,-738978

313865,-742290

313871,-746106

313871,-747988

313871,-748422

313871,-746860

313871,-746856

313872,-747988

313872,-750412

313872,-752116

313872,-754900

313872,-753566

313872,-755410

313872,-751268

313872,-747956

313873,-747666

313873,-748780

313873,-743948

313879,-746108

313879,-747920

313879,-744964

313879,-743754

313879,-746090

313880,-747584

313880,-749894

313880,-749088

313880,-748718

313880,-745920

313880,-746838

313880,-740922

313880,-744766

313881,-740862

313881,-738608

313881,-735180

313887,-737314

313887,-733436

313887,-734248

313887,-734258

313887,-737368

313888,-740296

313888,-743328

313888,-743618

313888,-744270

313888,-743676

313888,-743958

313888,-745208

313888,-748818

313889,-746340

313889,-745988

313889,-744512

313895,-743820

313895,-740404

313895,-742150

313895,-740296

313895,-740612

313896,-739880

313896,-741610

313896,-741048

313896,-737794

313896,-738384

313896,-735888

313896,-734452

313896,-732532

313897,-727886

313897,-728756

313897,-728260

313903,-723292

313903,-720382

313903,-719066

313903,-717790

313903,-713954

313904,-713138

313904,-709846

313904,-711498

313904,-710646

313904,-709962

313904,-705718

313904,-704958

313904,-703152

313905,-698918

313905,-700014

313905,-699126

313911,-700254

313911,-700656

313911,-701126

313911,-698862

313911,-701684

313912,-700560

313912,-699678

313912,-700426

313912,-702478

313912,-701598

313912,-701514

313912,-702690

313912,-702106

313913,-698034

313913,-696570

313913,-696024

313919,-692774

313919,-689834

313919,-690068

313919,-688200

313919,-685726

313920,-685264

313920,-682422

313920,-682988

313920,-682388

313920,-681312

313920,-679910

313920,-681296

313920,-676854

313921,-675284

313921,-668274

313921,-661790

313927,-659498

313927,-655380

313927,-653868

313927,-651202

313927,-652406

313928,-651842

313928,-654114

313928,-652130

313928,-652614

313928,-653198

313928,-652822

313928,-651010

313928,-649696

313929,-649942

313929,-650188

313929,-649116

313935,-645936

313935,-645572

313935,-644786

313935,-643812

313935,-644098

313936,-643402

313936,-644132

313936,-646388

313936,-648326

313936,-648172

313936,-652904

313936,-654918

313936,-656116

313937,-655286

313937,-654644

313937,-651772

313943,-650320

313943,-646910

313943,-646902

313943,-644034

313943,-644950

313944,-642286

313944,-643666

313944,-641520

313944,-641130

313944,-637782

313944,-635004

313944,-634176

313944,-630062

313945,-633410

313945,-634012

313945,-631138

313951,-633046

313951,-631750

313951,-630396

313951,-628384

313951,-628828

313952,-628506

313952,-628922

313952,-627076

313952,-623110

313952,-621472

313952,-620550

313952,-621192

313952,-622966

313953,-623308

313953,-625108

313953,-625222

313959,-625206

313959,-623614

313959,-623644

313959,-622694

313959,-623656

313960,-622472

313960,-624098

313960,-625794

313960,-624374

313960,-624702

313960,-627118

313960,-626866

313960,-626640

313961,-622936

313961,-624438

313961,-621632

313967,-619156

313967,-616580

313967,-614768

313967,-616964

313967,-615018

313968,-613848

313968,-615400

313968,-617856

313968,-618116

313968,-617994

313968,-620626

313968,-619736

313968,-619426

313969,-619094

313969,-617700

313969,-618506

313975,-614922

313975,-613290

313975,-614450

313975,-610732

313975,-610108

313976,-608488

313976,-609458

313976,-612644

313976,-614928

313976,-621184

313976,-618580

313976,-623216

313976,-624612

313977,-625514

313977,-627464

313977,-631514

313983,-630292

313983,-631562

313983,-631356

313983,-631730

313983,-635252

313984,-638666

313984,-639072

313984,-642014

313984,-640834

313984,-645102

313984,-644530

313984,-648704

313984,-649166

313985,-649066

313985,-648616

313985,-650840

313991,-649950

313991,-650218

313991,-647114

313991,-647340

313991,-645186

313992,-644034

313992,-642138

313992,-646492

313992,-647180

313992,-647338

313992,-648652

313992,-646718

313992,-645558

313993,-646316

313993,-645226

313993,-642836

313999,-640074

313999,-639090

313999,-639266

313999,-635284

313999,-634438

314000,-630430

314000,-628506

314000,-628762

314000,-628648

314000,-628218

314000,-629984

314000,-631752

314000,-632268

314001,-632502

314001,-636786

314001,-640232

314007,-636692

314007,-635840

314007,-636200

314007,-634288

314007,-633386

314008,-631326

314008,-632298

314008,-631158

314008,-629836

314008,-632368

314008,-634844

314008,-630436

314008,-631806

314009,-630542

314009,-631906

314009,-629958

314015,-630306

314015,-629402

314015,-626796

314015,-629280

314015,-628550

314016,-625602

314016,-625356

314016,-622998

314016,-621186

314016,-621740

314016,-621742

314016,-618066

314016,-619768

314017,-619116

314017,-618840

314017,-616880

314023,-615600

314023,-615408

314023,-612262

314023,-610538

314023,-611438

314024,-611652

314024,-611726

314024,-611036

314024,-609450

314024,-610690

314024,-611302

314024,-611230

314024,-611756

314025,-612746

314025,-614074

314025,-616456

314031,-616230

314031,-614662

314031,-613920

314031,-615834

314031,-615604

314032,-615216

314032,-620422

314032,-620634

314032,-622372

314032,-622888

314032,-626770

314032,-630260

314032,-627428

314033,-628246

314033,-628280

314033,-628292

314039,-629642

314039,-634546

314039,-633104

314039,-632180

314039,-630922

314040,-631802

314040,-632330

314040,-630778

314040,-634446

314040,-631870

314040,-634116

314040,-631342

314040,-630438

314041,-631098

314041,-630698

314041,-633366

314047,-634572

314047,-635776

314047,-633088

314047,-631302

314047,-632432

314048,-634128

314048,-630670

314048,-629770

314048,-630876

314048,-632298

314048,-632584

314048,-631302

314048,-637832

314049,-633302

314049,-637424

314049,-638674

314055,-634382

314055,-639456

314055,-641234

314055,-640286

314055,-640212

314056,-640514

314056,-642536

314056,-641268

314056,-644784

314056,-642866

314056,-644258

314056,-644198

314056,-642926

314057,-641972

314057,-641386

314057,-640920

314063,-637964

314063,-637152

314063,-634304

314063,-631436

314063,-631230

314064,-627128

314064,-625676

314064,-624272

314064,-623732

314064,-620152

314064,-620974

314064,-620368

314064,-618490

314065,-618308

314065,-620718

314065,-623730

314071,-620180

314071,-621752

314071,-617376

314071,-615544

314071,-618356

314072,-612394

314072,-615264

314072,-613068

314072,-612948

314072,-616904

314072,-616630

314072,-618142

314072,-620542

314073,-620352

314073,-618760

314073,-619090

314079,-621600

314079,-624702

314079,-625164

314079,-623488

314079,-623104

314080,-619732

314080,-618306

314080,-616056

314080,-615610

314080,-612238

314080,-611974

314080,-610486

314080,-610658

314081,-611564

314081,-612974

314081,-612862

314087,-612032

314087,-611968

314087,-615294

314087,-611176

314087,-612576

314088,-613816

314088,-614938

314088,-616840

314088,-613562

314088,-614334

314088,-616120

314088,-615118

314088,-614134

314089,-614344

314089,-615528

314089,-613712

314095,-614122

314095,-617028

314095,-619232

314095,-620992

314095,-622752

314096,-623032

314096,-626830

314096,-624914

314096,-628434

314096,-629312

314096,-629842

314096,-629412

314096,-629426

314097,-631612

314097,-632700

314097,-630422

314103,-629242

314103,-629466

314103,-627616

314103,-629594

314103,-627448

314104,-629904

314104,-631264

314104,-632924

314104,-634702

314104,-636078

314104,-640620

314104,-639276

314104,-636314

314105,-637046

314105,-639740

314105,-638852

314111,-638204

314111,-636394

314111,-637732

314111,-637528

314111,-634858

314112,-635350

314112,-634868

314112,-636850

314112,-638124

314112,-639008

314112,-640248

314112,-640942

314112,-645032

314113,-648818

314113,-648486

314113,-648558

314119,-648222

314119,-648442

314119,-646974

314119,-646242

314119,-645508

314120,-641626

314120,-639652

314120,-639114

314120,-634244

314120,-635054

314120,-634104

314120,-637030

314120,-640262

314121,-639214

314121,-641550

314121,-639952

314127,-639028

314127,-639912

314127,-636662

314127,-638118

314127,-636556

314128,-634742

314128,-631736

314128,-627146

314128,-622922

314128,-621696

314128,-618016

314128,-615038

314128,-614074

314129,-611050

314129,-608484

314129,-606904

314135,-605138

314135,-601740

314135,-601376

314135,-599370

314135,-599096

314136,-598952

314136,-594006

314136,-594420

314136,-587972

314136,-586366

314136,-587008

314136,-585172

314136,-587218

314137,-584550

314137,-581876

314137,-581166

314143,-577780

314143,-577600

314143,-574424

314143,-572824

314143,-575312

314144,-575578

314144,-574048

314144,-575734

314144,-573438

314144,-573416

314144,-575532

314144,-576806

314144,-579740

314145,-583616

314145,-582474

314145,-583326

314151,-581330

314151,-582692

314151,-581342

314151,-577580

314151,-581132

314152,-582058

314152,-583596

314152,-586010

314152,-586642

314152,-584852

314152,-583816

314152,-585006

314152,-583208

314153,-585892

314153,-583986

314153,-580800

314159,-584072

314159,-581068

314159,-578926

314159,-575438

314159,-573330

314160,-573554

314160,-572776

314160,-569184

314160,-567482

314160,-564922

314160,-565292

314160,-566730

314160,-567448

314161,-567250

314161,-569812

314161,-570220

314167,-569424

314167,-568232

314167,-566942

314167,-567052

314167,-567582

314168,-565104

314168,-566096

314168,-566786

314168,-562364

314168,-561506

314168,-559106

314168,-559640

314168,-558998

314169,-560520

314169,-559264

314169,-559588

314175,-559058

314175,-557852

314175,-558382

314175,-556360

314175,-558202

314176,-555526

314176,-554672

314176,-554430

314176,-554544

314176,-554724

314176,-552232

314176,-552166

314176,-551574

314177,-550254

314177,-548834

314177,-547236

314183,-544360

314183,-543470

314183,-542072

314183,-540534

314183,-540450

314184,-540704

314184,-543004

314184,-542386

314184,-545014

314184,-549306

314184,-550060

314184,-551096

314184,-554398

314185,-555672

314185,-555280

314185,-559414

314191,-556380

314191,-559552

314191,-559306

314191,-560832

314191,-562528

314192,-562712

314192,-566650

314192,-568858

314192,-571870

314192,-573488

314192,-575186

314192,-578148

314192,-583634

314193,-585602

314193,-586022

314193,-585868

314199,-585704

314199,-586006

314199,-584354

314199,-583776

314199,-582108

314200,-579166

314200,-576042

314200,-574408

314200,-574510

314200,-572626

314200,-571496

314200,-570240

314200,-568774

314201,-569362

314201,-568768

314201,-570448

314207,-568144

314207,-566354

314207,-564570

314207,-564776

314207,-561228

314208,-555826

314208,-554372

314208,-552294

314208,-547354

314208,-544838

314208,-540302

314208,-538738

314208,-535296

314209,-533368

314209,-533330

314209,-532610

314215,-531410

314215,-530598

314215,-534616

314215,-530404

314215,-529848

314216,-526648

314216,-526056

314216,-523746

314216,-521108

314216,-519198

314216,-515958

314216,-510732

314216,-508400

314217,-505016

314217,-502044

314217,-500554

314223,-501172

314223,-503298

314223,-502844

314223,-503030

314223,-501134

314224,-501050

314224,-497552

314224,-495724

314224,-494004

314224,-492170

314224,-493562

314224,-491764

314224,-490578

314225,-492972

314225,-490774

314225,-489256

314231,-488892

314231,-490334

314231,-489798

314231,-489360

314231,-490694

314232,-492842

314232,-492890

314232,-493014

314232,-495344

314232,-494970

314232,-492070

314232,-491668

314232,-491662

314233,-489834

314233,-491104

314233,-493568

314239,-492872

314239,-491998

314239,-497306

314239,-500492

314239,-503352

314240,-505052

314240,-506426

314240,-507002

314240,-506060

314240,-508132

314240,-507734

314240,-506412

314240,-505068

314241,-504052

314241,-501798

314241,-498042

314247,-495914

314247,-491134

314247,-490204

314247,-489624

314247,-491510

314248,-490270

314248,-490620

314248,-489742

314248,-488556

314248,-486992

314248,-484320

314248,-482246

314248,-480818

314249,-481874

314249,-481404

314249,-480756

314255,-479610

314255,-478032

314255,-474964

314255,-475948

314255,-476600

314256,-477306

314256,-480504

314256,-482084

314256,-484920

314256,-487208

314256,-488786

314256,-489790

314256,-489864

314257,-490658

314257,-492888

314257,-493338

314263,-494592

314263,-491476

314263,-490028

314263,-490548

314263,-490858

314264,-490446

314264,-490690

314264,-488988

314264,-489488

314264,-489632

314264,-490530

314264,-490454

314264,-489942

314265,-490582

314265,-489242

314265,-487546

314271,-486392

314271,-484764

314271,-481734

314271,-479602

314271,-477664

314272,-478038

314272,-477632

314272,-479630

314272,-477690

314272,-478048

314272,-477104

314272,-480076

314272,-475530

314273,-475332

314273,-474718

314273,-475082

314279,-475118

314279,-473346

314279,-471326

314279,-469172

314279,-468346

314280,-469194

314280,-470790

314280,-472896

314280,-473818

314280,-475130

314280,-478754

314280,-480248

314280,-485436

314281,-485150

314281,-489006

314281,-490488

314287,-491110

314287,-489044

314287,-488454

314287,-487166

314287,-488090

314288,-486948

314288,-489266

314288,-491230

314288,-489882

314288,-490012

314288,-487298

314288,-488608

314288,-489862

314289,-492208

314289,-492080

314289,-492818

314295,-491846

314295,-488868

314295,-486050

314295,-484168

314295,-482482

314296,-479390

314296,-477670

314296,-476250

314296,-477144

314296,-477208

314296,-474874

314296,-477348

314296,-477600

314297,-479068

314297,-476864

314297,-476976

314303,-476196

314303,-477014

314303,-480080

314303,-482240

314303,-477650

314304,-475150

314304,-472964

314304,-469978

314304,-469280

314304,-467644

314304,-468330

314304,-467294

314304,-467700

314305,-466316

314305,-463338

314305,-462700

314311,-461706

314311,-464732

314311,-464114

314311,-463468

314311,-460522

314312,-460078

314312,-458042

314312,-460076

314312,-461102

314312,-460690

314312,-459094

314312,-456276

314312,-454282

314313,-453432

314313,-453654

314313,-453788

314319,-455150

314319,-454172

314319,-453962

314319,-453378

314319,-452114

314320,-450786

314320,-448316

314320,-448326

314320,-447468

314320,-445586

314320,-445614

314320,-444268

314320,-443296

314321,-444262

314321,-443516

314321,-442230

314327,-441586

314327,-440344

314327,-437692

314327,-436506

314327,-437308

314328,-439212

314328,-440472

314328,-438556

314328,-442044

314328,-439606

314328,-441026

314328,-442352

314328,-442856

314329,-445034

314329,-447498

314329,-447938

314335,-450446

314335,-450318

314335,-451730

314335,-452028

314335,-451660

314336,-453470

314336,-454362

314336,-453166

314336,-454630

314336,-454006

314336,-454342

314336,-456590

314336,-457868

314337,-459228

314337,-457290

314337,-453990

314343,-451868

314343,-451800

314343,-451530

314343,-452520

314343,-452138

314344,-452912

314344,-452462

314344,-453002

314344,-451136

314344,-451790

314344,-450466

314344,-449672

314344,-449994

314345,-449012

314345,-448432

314345,-448236

314351,-448248

314351,-451420

314351,-451874

314351,-448786

314351,-445020

314352,-444252

314352,-442992

314352,-442022

314352,-442314

314352,-444878

314352,-444010

314352,-443898

314352,-442166

314353,-443710

314353,-442778

314353,-444478

314359,-445698

314359,-444578

314359,-446888

314359,-445232

314359,-446008

314360,-443306

314360,-440182

314360,-437774

314360,-441472

314360,-438468

314360,-437480

314360,-436188

314360,-438950

314361,-438406

314361,-439004

314361,-438370

314367,-439790

314367,-436880

314367,-435358

314367,-435704

314367,-437146

314368,-439626

314368,-436910

314368,-435552

314368,-430202

314368,-427176

314368,-422248

314368,-420072

314368,-419052

314369,-418148

314369,-419490

314369,-419932

314375,-419806

314375,-420716

314375,-419960

314375,-418330

314375,-418480

314376,-416540

314376,-413950

314376,-412472

314376,-410268

314376,-406600

314376,-404320

314376,-403804

314376,-399256

314377,-397930

314377,-395004

314377,-392618

314383,-392804

314383,-392882

314383,-392760

314383,-392350

314383,-392310

314384,-393082

314384,-394170

314384,-390294

314384,-387784

314384,-385374

314384,-385784

314384,-385174

314384,-382298

314385,-381128

314385,-380764

314385,-381710

314391,-382054

314391,-382464

314391,-380938

314391,-380086

314391,-377022

314392,-378850

314392,-379280

314392,-381828

314392,-382480

314392,-384502

314392,-386246

314392,-384266

314392,-385858

314393,-387988

314393,-388294

314393,-389900

314399,-393668

314399,-396280

314399,-396278

314399,-400246

314399,-402330

314400,-404648

314400,-407220

314400,-407184

314400,-407508

314400,-407348

314400,-405564

314400,-406700

314400,-405360

314401,-408034

314401,-410864

314401,-414038

314407,-412166

314407,-414386

314407,-415076

314407,-419970

314407,-421442

314408,-426264

314408,-431028

314408,-433890

314408,-435070

314408,-433380

314408,-436108

314408,-433686

314408,-435694

314409,-438968

314409,-438724

314409,-439916

314415,-442736

314415,-445298

314415,-449100

314415,-450378

314415,-451238

314416,-453058

314416,-455186

314416,-457552

314416,-462664

314416,-465702

314416,-467332

314416,-469348

314416,-470502

314417,-471422

314417,-472532

314417,-471712

314423,-472590

314423,-473362

314423,-473114

314423,-476108

314423,-477472

314424,-477788

314424,-476198

314424,-476442

314424,-476224

314424,-474938

314424,-472336

314424,-467254

314424,-462792

314425,-461742

314425,-458732

314425,-457872

314431,-457672

314431,-452120

314431,-448474

314431,-448040

314431,-445156

314432,-443448

314432,-442036

314432,-441452

314432,-440552

314432,-436668

314432,-435700

314432,-433386

314432,-430130

314433,-424234

314433,-426666

314433,-424310

314439,-421854

314439,-418814

314439,-419670

314439,-416702

314439,-418604

314440,-416842

314440,-415686

314440,-417100

314440,-416418

314440,-414670

314440,-414122

314440,-413540

314440,-413184

314441,-410718

314441,-410048

314441,-409142

314447,-406256

314447,-404512

314447,-403654

314447,-402062

314447,-401022

314448,-404170

314448,-402274

314448,-401910

314448,-400284

314448,-403126

314448,-404960

314448,-406088

314448,-405776

314449,-404952

314449,-401674

314449,-400438

314455,-395748

314455,-398254

314455,-396470

314455,-395794

314455,-397232

314456,-396566

314456,-395860

314456,-396134

314456,-397782

314456,-397958

314456,-398286

314456,-399924

314456,-400430

314457,-399172

314457,-399158

314457,-402260

314463,-402534

314463,-404266

314463,-404506

314463,-405432

314463,-404076

314464,-407806

314464,-408400

314464,-409668

314464,-410206

314464,-410726

314464,-410268

314464,-411678

314464,-409132

314465,-407678

314465,-409958

314465,-408872

314471,-411138

314471,-409204

314471,-405844

314471,-403108

314471,-404744

314472,-402676

314472,-405016

314472,-405698

314472,-409088

314472,-411054

314472,-411014

314472,-412880

314472,-410754

314473,-410484

314473,-410800

314473,-408042

314479,-410712

314479,-412356

314479,-410274

314479,-408634

314479,-411654

314480,-411796

314480,-412144

314480,-412730

314480,-411326

314480,-412634

314480,-413328

314480,-415928

314480,-416270

314481,-420234

314481,-420922

314481,-419906

314487,-418852

314487,-415716

314487,-416490

314487,-415698

314487,-415800

314488,-414006

314488,-411508

314488,-411292

314488,-412776

314488,-410938

314488,-411596

314488,-412772

314488,-414054

314489,-415110

314489,-416924

314489,-418358

314495,-419078

314495,-421998

314495,-421096

314495,-419170

314495,-417742

314496,-418546

314496,-418294

314496,-418074

314496,-419882

314496,-420168

314496,-420176

314496,-419966

314496,-419714

314497,-418504

314497,-419016

314497,-420922

314503,-421906

314503,-422500

314503,-423362

314503,-428978

314503,-424254

314504,-420672

314504,-420410

314504,-421042

314504,-418960

314504,-417744

314504,-415464

314504,-415704

314504,-412278

314505,-411024

314505,-410362

314505,-407856

314511,-405346

314511,-403120

314511,-401714

314511,-397272

314511,-394358

314512,-391616

314512,-390182

314512,-388096

314512,-389018

314512,-388544

314512,-388468

314512,-386560

314512,-384428

314513,-381522

314513,-379322

314513,-376096

314519,-372268

314519,-369406

314519,-370530

314519,-370032

314519,-366620

314520,-364240

314520,-361042

314520,-358754

314520,-352680

314520,-351348

314520,-349046

314520,-350170

314520,-349534

314521,-351996

314521,-350978

314521,-350044

314527,-350268

314527,-347654

314527,-345528

314527,-344058

314527,-345098

314528,-345322

314528,-344470

314528,-344428

314528,-347154

314528,-346114

314528,-346966

314528,-346594

314528,-349148

314529,-349672

314529,-349498

314529,-348790

314535,-352116

314535,-353906

314535,-357012

314535,-359568

314535,-360812

314536,-360298

314536,-358770

314536,-358020

314536,-356470

314536,-356868

314536,-358198

314536,-359348

314536,-359708

314537,-358062

314537,-356682

314537,-359304

314543,-358916

314543,-359790

314543,-358750

314543,-359736

314543,-356206

314544,-355650

314544,-352276

314544,-352734

314544,-352654

314544,-352610

314544,-350594

314544,-350430

314544,-349152

314545,-351950

314545,-355054

314545,-358284

314551,-360842

314551,-362870

314551,-365452

314551,-364328

314551,-365108

314552,-366196

314552,-365608

314552,-364512

314552,-361806

314552,-361042

314552,-360078

314552,-359142

314552,-358110

314553,-360750

314553,-361658

314553,-363578

314559,-365638

314559,-364246

314559,-363668

314559,-365208

314559,-366152

314560,-369352

314560,-366104

314560,-362740

314560,-359242

314560,-355452

314560,-356184

314560,-352698

314560,-351592

314561,-350394

314561,-348994

314561,-347932

314567,-349342

314567,-345960

314567,-346712

314567,-343678

314567,-343040

314568,-345150

314568,-346260

314568,-344582

314568,-347672

314568,-345372

314568,-346874

314568,-347352

314568,-347160

314569,-347476

314569,-347420

314569,-347736

314575,-348578

314575,-346554

314575,-349032

314575,-348188

314575,-348446

314576,-349670

314576,-349410

314576,-346006

314576,-344514

314576,-341980

314576,-341546

314576,-340426

314576,-337450

314577,-337552

314577,-336302

314577,-334542

314583,-334148

314583,-332292

314583,-331262

314583,-329734

314583,-325810

314584,-323684

314584,-320454

314584,-315734

314584,-312354

314584,-310624

314584,-306074

314584,-303820

314584,-299968

314585,-297704

314585,-296814

314585,-294924

314591,-296562

314591,-293998

314591,-296058

314591,-293932

314591,-292170

314592,-289990

314592,-287014

314592,-282438

314592,-278834

314592,-273386

314592,-269764

314592,-266440

314592,-263986

314593,-260550

314593,-258324

314593,-254714

314599,-249900

314599,-245030

314599,-242586

314599,-238804

314599,-237830

314600,-235884

314600,-235756

314600,-234376

314600,-232702

314600,-233016

314600,-234058

314600,-232288

314600,-232086

314601,-230340

314601,-228718

314601,-226304

314607,-224976

314607,-224094

314607,-225122

314607,-226218

314607,-230438

314608,-231972

314608,-231120

314608,-234332

314608,-236100

314608,-237140

314608,-236082

314608,-238278

314608,-239758

314609,-243244

314609,-242806

314609,-244214

314615,-244260

314615,-244196

314615,-245206

314615,-246814

314615,-246948

314616,-249540

314616,-252270

314616,-253320

314616,-255830

314616,-258098

314616,-258308

314616,-259286

314616,-258256

314617,-262356

314617,-263412

314617,-263232

314623,-263574

314623,-262394

314623,-261996

314623,-261612

314623,-265064

314624,-264012

314624,-264916

314624,-264046

314624,-265230

314624,-265778

314624,-266092

314624,-265974

314624,-266660

314625,-269644

314625,-271394

314625,-274802

314631,-275552

314631,-278550

314631,-278110

314631,-277334

314631,-279552

314632,-278466

314632,-279100

314632,-279690

314632,-282552

314632,-283344

314632,-283064

314632,-282636

314632,-283032

314633,-282754

314633,-283808

314633,-281608

314639,-279316

314639,-277728

314639,-277276

314639,-279338

314639,-281244

314640,-280030

314640,-282716

314640,-283658

314640,-282542

314640,-284372

314640,-284170

314640,-283670

314640,-283316

314641,-281412

314641,-283252

314641,-282946

314647,-281820

314647,-280290

314647,-279920

314647,-279620

314647,-279944

314648,-281034

314648,-282074

314648,-281974

314648,-282300

314648,-283058

314648,-282496

314648,-280962

314648,-279760

314649,-276014

314649,-271528

314649,-269838

314655,-266594

314655,-266632

314655,-263996

314655,-262838

314655,-257928

314656,-257882

314656,-254918

314656,-257022

314656,-255606

314656,-256562

314656,-255638

314656,-254606

314656,-253728

314657,-251174

314657,-249206

314657,-246188

314663,-245998

314663,-245328

314663,-243280

314663,-240442

314663,-243502

314664,-243848

314664,-241914

314664,-239796

314664,-242280

314664,-243978

314664,-245764

314664,-246134

314664,-247156

314665,-247450

314665,-248940

314665,-251536

314671,-251614

314671,-248430

314671,-244252

314671,-238300

314671,-234916

314672,-233672

314672,-232762

314672,-232082

314672,-230918

314672,-229678

314672,-227822

314672,-224616

314672,-226092

314673,-224092

314673,-223972

314673,-223894

314679,-223808

314679,-222840

314679,-220676

314679,-218518

314679,-218700

314680,-218134

314680,-216384

314680,-214994

314680,-210342

314680,-209366

314680,-206390

314680,-209160

314680,-213292

314681,-213872

314681,-218086

314681,-219704

314687,-220024

314687,-221416

314687,-224860

314687,-226712

314687,-228304

314688,-235062

314688,-233584

314688,-235454

314688,-234614

314688,-236818

314688,-238548

314688,-241416

314688,-241604

314689,-241208

314689,-242796

314689,-239426

314695,-241150

314695,-240958

314695,-241924

314695,-240454

314695,-239050

314696,-237420

314696,-236066

314696,-232856

314696,-232242

314696,-233510

314696,-234080

314696,-233972

314696,-232246

314697,-229694

314697,-225720

314697,-221324

314703,-217934

314703,-217598

314703,-216438

314703,-215578

314703,-214800

314704,-213014

314704,-211272

314704,-213822

314704,-212920

314704,-214886

314704,-215084

314704,-213366

314704,-216302

314705,-220160

314705,-221468

314705,-223072

314711,-225574

314711,-226448

314711,-227598

314711,-226186

314711,-226594

314712,-230160

314712,-231794

314712,-228290

314712,-228740

314712,-227470

314712,-229518

314712,-232386

314712,-233222

314713,-233350

314713,-234878

314713,-234552

314719,-238416

314719,-238500

314719,-238360

314719,-239988

314719,-238398

314720,-236372

314720,-234342

314720,-230164

314720,-228914

314720,-227110

314720,-224740

314720,-225130

314720,-225118

314721,-224118

314721,-224014

314721,-222668

314727,-223118

314727,-220048

314727,-221598

314727,-222498

314727,-223418

314728,-222824

314728,-221130

314728,-220068

314728,-220528

314728,-219216

314728,-219882

314728,-217930

314728,-219764

314729,-221412

314729,-221630

314729,-221040

314735,-222616

314735,-220098

314735,-220420

314735,-221652

314735,-218466

314736,-219242

314736,-219410

314736,-217490

314736,-214054

314736,-214466

314736,-211346

314736,-211826

314736,-210316

314737,-209010

314737,-207486

314737,-205394

314743,-206414

314743,-206746

314743,-208870

314743,-208722

314743,-210696

314744,-208442

314744,-206708

314744,-205750

314744,-204370

314744,-205682

314744,-205184

314744,-201630

314744,-198284

314745,-197506

314745,-197184

314745,-195122

314751,-193450

314751,-190020

314751,-193116

314751,-194056

314751,-193624

314752,-192800

314752,-194096

314752,-193318

314752,-190356

314752,-186376

314752,-184780

314752,-179776

314752,-177210

314753,-176346

314753,-175258

314753,-173022

314759,-173134

314759,-172484

314759,-173488

314759,-172342

314759,-171590

314760,-172582

314760,-170132

314760,-170986

314760,-167648

314760,-166430

314760,-165820

314760,-164098

314760,-164058

314761,-164078

314761,-164408

314761,-164468

314767,-164708

314767,-164072

314767,-161922

314767,-163076

314767,-163122

314768,-164654

314768,-167396

314768,-165258

314768,-169340

314768,-167310

314768,-167860

314768,-168598

314768,-165536

314769,-162666

314769,-160050

314769,-161144

314775,-159768

314775,-160300

314775,-159618

314775,-161768

314775,-163760

314776,-162490

314776,-165224

314776,-164464

314776,-165186

314776,-167172

314776,-169186

314776,-170758

314776,-171750

314777,-173522

314777,-174574

314777,-175888

314783,-177164

314783,-179084

314783,-182044

314783,-183828

314783,-186190

314784,-188428

314784,-191400

314784,-195108

314784,-195178

314784,-197332

314784,-197684

314784,-199164

314784,-195142

314785,-194224

314785,-195654

314785,-197494

314791,-199782

314791,-199668

314791,-199036

314791,-199348

314791,-200026

314792,-198228

314792,-200388

314792,-200804

314792,-201522

314792,-205730

314792,-206378

314792,-206544

314792,-205290

314793,-205354

314793,-206616

314793,-204398

314799,-202312

314799,-199768

314799,-199672

314799,-197796

314799,-199194

314800,-199120

314800,-200434

314800,-201256

314800,-198632

314800,-197338

314800,-194348

314800,-195086

314800,-196672

314801,-194228

314801,-191766

314801,-190482

314807,-186490

314807,-183370

314807,-180514

314807,-178390

314807,-175100

314808,-174080

314808,-170898

314808,-172814

314808,-174012

314808,-170418

314808,-165678

314808,-160904

314808,-155810

314809,-153012

314809,-154798

314809,-150308

314815,-147154

314815,-141992

314815,-138736

314815,-136768

314815,-134710

314816,-133896

314816,-131984

314816,-128548

314816,-126690

314816,-124708

314816,-123006

314816,-122194

314816,-121246

314817,-118854

314817,-113506

314817,-111726

314823,-111344

314823,-109888

314823,-108812

314823,-110746

314823,-113550

314824,-114290

314824,-112570

314824,-113154

314824,-113308

314824,-112080

314824,-110270

314824,-110740

314824,-110836

314825,-108796

314825,-105986

314825,-108298

314831,-108346

314831,-106352

314831,-107452

314831,-107364

314831,-107464

314832,-104468

314832,-103602

314832,-104566

314832,-106388

314832,-110222

314832,-109950

314832,-108888

314832,-105358

314833,-104320

314833,-103142

314833,-105720

314839,-107514

314839,-103904

314839,-104374

314839,-104794

314839,-102726

314840,-102016

314840,-103770

314840,-109078

314840,-109718

314840,-111426

314840,-109458

314840,-109212

314840,-110142

314841,-114628

314841,-117422

314841,-119994

314847,-119730

314847,-119742

314847,-121898

314847,-120460

314847,-120248

314848,-122666

314848,-124024

314848,-127714

314848,-128014

314848,-130588

314848,-134612

314848,-136504

314848,-136568

314849,-139830

314849,-142742

314849,-146612

314855,-149030

314855,-148948

314855,-150400

314855,-150056

314855,-151382

314856,-151462

314856,-149160

314856,-147870

314856,-148268

314856,-151210

314856,-153684

314856,-157060

314856,-161066

314857,-158740

314857,-159656

314857,-159426

314863,-157926

314863,-156504

314863,-156864

314863,-156300

314863,-154450

314864,-154184

314864,-152644

314864,-153654

314864,-152770

314864,-153402

314864,-154276

314864,-154768

314864,-156564

314865,-156600

314865,-158436

314865,-160582

314871,-160984

314871,-162578

314871,-160076

314871,-158224

314871,-155152

314872,-155714

314872,-155106

314872,-156204

314872,-156006

314872,-157232

314872,-158824

314872,-159554

314872,-160500

314873,-159408

314873,-158560

314873,-160128

314879,-162238

314879,-164928

314879,-161870

314879,-158720

314879,-158018

314880,-155906

314880,-155162

314880,-151290

314880,-150216

314880,-147518

314880,-147422

314880,-144494

314880,-142180

314881,-140720

314881,-139986

314881,-138596

314887,-134336

314887,-132552

314887,-131750

314887,-130088

314887,-126880

314888,-125038

314888,-122714

314888,-119326

314888,-118146

314888,-113820

314888,-115394

314888,-114906

314888,-111808

314889,-109288

314889,-108730

314889,-110336

314895,-108290

314895,-107464

314895,-108266

314895,-108874

314895,-108764

314896,-107486

314896,-109436

314896,-109672

314896,-107522

314896,-107048

314896,-110432

314896,-111222

314896,-113022

314897,-113970

314897,-115844

314897,-118882

314903,-122006

314903,-121700

314903,-123618

314903,-121808

314903,-121528

314904,-123272

314904,-122338

314904,-119676

314904,-117576

314904,-116270

314904,-115604

314904,-114224

314904,-115066

314905,-112442

314905,-114240

314905,-114070

314911,-116418

314911,-117314

314911,-118482

314911,-119854

314911,-119144

314912,-116280

314912,-115488

314912,-113724

314912,-115882

314912,-115790

314912,-115908

314912,-113972

314912,-113784

314913,-115328

314913,-116796

314913,-117476

314919,-116788

314919,-116818

314919,-119242

314919,-120520

314919,-122942

314920,-124790

314920,-125400

314920,-125478

314920,-126822

314920,-124820

314920,-123776

314920,-125622

314920,-130316

314921,-133178

314921,-132016

314921,-132484

314927,-131720

314927,-133374

314927,-136586

314927,-139584

314927,-143712

314928,-144698

314928,-143014

314928,-143754

314928,-143728

314928,-141234

314928,-139690

314928,-138962

314928,-138626

314929,-139518

314929,-140072

314929,-138618

314935,-137886

314935,-138486

314935,-136728

314935,-137906

314935,-141140

314936,-140856

314936,-139084

314936,-140848

314936,-138648

314936,-139058

314936,-138562

314936,-136418

314936,-134044

314937,-133818

314937,-130182

314937,-129420

314943,-132090

314943,-132222

314943,-133252

314943,-133850

314943,-133918

314944,-136028

314944,-136374

314944,-139104

314944,-139162

314944,-141626

314944,-143066

314944,-140022

314944,-141472

314945,-140468

314945,-140962

314945,-141816

314951,-141646

314951,-145328

314951,-146170

314951,-145580

314951,-144692

314952,-143906

314952,-144610

314952,-146468

314952,-145568

314952,-146090

314952,-143170

314952,-140494

314952,-138316

314953,-135368

314953,-133736

314953,-132670

314959,-129324

314959,-126134

314959,-127296

314959,-124182

314959,-119150

314960,-116922

314960,-115744

314960,-116572

314960,-112106

314960,-110336

314960,-108906

314960,-105960

314960,-104742

314961,-107016

314961,-104358

314961,-105594

314967,-105340

314967,-101926

314967,-101426

314967,-101464

314967,-100968

314968,-101064

314968,-103156

314968,-103676

314968,-101450

314968,-101114

314968,-100430

314968,-99960

314968,-98800

314969,-97330

314969,-95918

314969,-96072

314975,-93568

314975,-91518

314975,-90448

314975,-88996

314975,-89738

314976,-88528

314976,-87562

314976,-88074

314976,-86036

314976,-86338

314976,-86076

314976,-84162

314976,-82976

314977,-80014

314977,-78346

314977,-76470

314983,-76052

314983,-75246

314983,-75252

314983,-74380

314983,-75920

314984,-79898

314984,-81538

314984,-83698

314984,-84876

314984,-84390

314984,-88372

314984,-91076

314984,-94634

314985,-96286

314985,-96676

314985,-97360

314991,-99242

314991,-100388

314991,-98366

314991,-99788

314991,-100514

314992,-102290

314992,-105108

314992,-105988

314992,-107116

314992,-111366

314992,-114374

314992,-115634

314992,-116884

314993,-118586

314993,-117304

314993,-117192

314999,-115044

314999,-112974

314999,-113780

314999,-114168

314999,-115266

315000,-113240

315000,-114032

315000,-114374

315000,-114962

315000,-116830

315000,-116300

315000,-120440

315000,-120852

315001,-125038

315001,-127438

315001,-129604

315007,-133110

315007,-132812

315007,-132002

315007,-136232

315007,-137496

315008,-139394

315008,-138586

315008,-141082

315008,-141452

315008,-145844

315008,-146034

315008,-147306

315008,-148004

315009,-152932

315009,-154726

315009,-156226

315015,-156620

315015,-157728

315015,-158876

315015,-160398

315015,-161162

315016,-161446

315016,-159404

315016,-160282

315016,-159096

315016,-159430

315016,-156474

315016,-153856

315016,-153124

315017,-151340

315017,-152130

315017,-152272

315023,-151760

315023,-148940

315023,-147130

315023,-144020

315023,-141808

315024,-138676

315024,-134266

315024,-131992

315024,-132544

315024,-127026

315024,-125446

315024,-124336

315024,-121470

315025,-117862

315025,-116756

315025,-113764

315031,-111910

315031,-108524

315031,-107572

315031,-105998

315031,-104850

315032,-102158

315032,-99954

315032,-94918

315032,-95178

315032,-92428

315032,-91846

315032,-94236

315032,-93890

315033,-93686

315033,-95700

315033,-96386

315039,-97248

315039,-95090

315039,-93914

315039,-91242

315039,-90668

315040,-91274

315040,-88430

315040,-85764

315040,-85550

315040,-83308

315040,-79722

315040,-77892

315040,-73442

315041,-71472

315041,-67218

315041,-68896

315047,-66214

315047,-63616

315047,-60188

315047,-57150

315047,-55468

315048,-50620

315048,-49866

315048,-48558

315048,-46948

315048,-46292

315048,-45886

315048,-41592

315048,-40878

315049,-42020

315049,-43334

315049,-43496

315055,-47074

315055,-45250

315055,-46082

315055,-47404

315055,-49672

315056,-50556

315056,-52752

315056,-54986

315056,-53042

315056,-53388

315056,-53842

315056,-56210

315056,-56442

315057,-61566

315057,-61024

315057,-65304

315063,-68526

315063,-71308

315063,-72672

315063,-76542

315063,-78544

315064,-80216

315064,-81584

315064,-79944

315064,-80448

315064,-81996

315064,-78864

315064,-77198

315064,-78858

315065,-83660

315065,-76178

315065,-78710

315071,-77080

315071,-80108

315071,-80926

315071,-78480

315071,-81198

315072,-79206

315072,-78020

315072,-77198

315072,-74832

315072,-76526

315072,-74682

315072,-74228

315072,-74674

315073,-74408

315073,-70156

315073,-78578

315079,-75928

315079,-74958

315079,-77416

315079,-81946

315079,-78682

315080,-80310

315080,-85792

315080,-84782

315080,-88352

315080,-87822

315080,-89532

315080,-94698

315080,-97378

315081,-95502

315081,-100014

315081,-103054

315087,-102706

315087,-103226

315087,-104004

315087,-106520

315087,-104724

315088,-106966

315088,-107872

315088,-109168

315088,-109128

315088,-109742

315088,-108512

315088,-110102

315088,-108870

315089,-108932

315089,-111054

315089,-107696

315095,-106424

315095,-105484

315095,-105122

315095,-103964

315095,-103452

315096,-102406

315096,-99296

315096,-98796

315096,-96274

315096,-91838

315096,-93470

315096,-90444

315096,-92246

315097,-91212

315097,-93924

315097,-96032

315103,-94938

315103,-94762

315103,-94632

315103,-96920

315103,-97378

315104,-96468

315104,-99844

315104,-101688

315104,-101710

315104,-102088

315104,-103402

315104,-103440

315104,-103126

315105,-103940

315105,-104648

315105,-103660

315111,-105530

315111,-105980

315111,-106718

315111,-105916

315111,-105522

315112,-107736

315112,-108224

315112,-108260

315112,-104586

315112,-105110

315112,-104552

315112,-101176

315112,-100250

315113,-99472

315113,-100476

315113,-97536

315119,-91390

315119,-92264

315119,-87672

315119,-86748

315119,-87314

315120,-87780

315120,-88428

315120,-87088

315120,-87454

315120,-90520

315120,-90600

315120,-89064

315120,-91810

315121,-92592

315121,-93456

315121,-92732

315127,-94264

315127,-94356

315127,-94646

315127,-95470

315127,-97052

315128,-98672

315128,-102846

315128,-100878

315128,-102052

315128,-103198

315128,-102884

315128,-105946

315128,-110276

315129,-112202

315129,-113590

315129,-115018

315135,-116484

315135,-116818

315135,-113684

315135,-111810

315135,-111638

315136,-112112

315136,-110014

315136,-108560

315136,-104072

315136,-102816

315136,-102424

315136,-99328

315136,-99048

315137,-99286

315137,-97250

315137,-95846

315143,-91918

315143,-90800

315143,-89518

315143,-86500

315143,-86946

315144,-85012

315144,-83616

315144,-83948

315144,-81188

315144,-82632

315144,-82708

315144,-81454

315144,-81250

315145,-79752

315145,-81886

315145,-81030

315151,-79304

315151,-81244

315151,-82030

315151,-79114

315151,-77394

315152,-79714

315152,-83340

315152,-84732

315152,-85406

315152,-85762

315152,-86638

315152,-88892

315152,-87502

315153,-90526

315153,-91334

315153,-88828

315159,-87396

315159,-87414

315159,-88614

315159,-89822

315159,-90078

315160,-89558

315160,-89178

315160,-88038

315160,-88098

315160,-89290

315160,-85916

315160,-89110

315160,-84768

315161,-87084

315161,-85378

315161,-83480

315167,-82586

315167,-80130

315167,-79344

315167,-82876

315167,-82436

315168,-84108

315168,-83126

315168,-82094

315168,-81468

315168,-82348

315168,-83346

315168,-82350

315168,-85548

315169,-85622

315169,-86554

315169,-87260

315175,-88332

315175,-87886

315175,-88744

315175,-90620

315175,-92414

315176,-95996

315176,-94246

315176,-94662

315176,-99436

315176,-100990

315176,-99902

315176,-101912

315176,-102194

315177,-101570

315177,-101444

315177,-97936

315183,-99874

315183,-97740

315183,-94444

315183,-91564

315183,-88020

315184,-83170

315184,-82104

315184,-77328

315184,-74536

315184,-70278

315184,-67320

315184,-65158

315184,-65040

315185,-65528

315185,-62828

315185,-62044

315191,-61620

315191,-56784

315191,-55068

315191,-50970

315191,-45902

315192,-43406

315192,-42338

315192,-41022

315192,-39400

315192,-38972

315192,-36816

315192,-35464

315192,-31892

315193,-33154

315193,-31960

315193,-35750

315199,-36422

315199,-33714

315199,-34876

315199,-34254

315199,-33642

315200,-36142

315200,-37604

315200,-38196

315200,-37866

315200,-38622

315200,-37220

315200,-37752

315200,-39066

315201,-39836

315201,-40464

315201,-39590

315207,-39396

315207,-41880

315207,-39162

315207,-38194

315207,-37976

315208,-37098

315208,-38166

315208,-37498

315208,-43772

315208,-44110

315208,-43610

315208,-45810

315208,-46034

315209,-45662

315209,-50842

315209,-53170

315215,-51700

315215,-56654

315215,-59100

315215,-62328

315215,-65696

315216,-65712

315216,-67328

315216,-66714

315216,-70620

315216,-73046

315216,-77356

315216,-81016

315216,-84968

315217,-87196

315217,-93774

315217,-97354

315223,-102820

315223,-105254

315223,-109048

315223,-113462

315223,-114500

315224,-117286

315224,-119280

315224,-121432

315224,-122278

315224,-122670

315224,-123582

315224,-124404

315224,-126038

315225,-126298

315225,-126970

315225,-126912

315231,-125132

315231,-127552

315231,-128332

315231,-126832

315231,-126384

315232,-124598

315232,-122894

315232,-121704

315232,-117848

315232,-114260

315232,-112572

315232,-112814

315232,-111050

315233,-110646

315233,-107158

315233,-110472

315239,-110516

315239,-109080

315239,-111886

315239,-115166

315239,-118718

315240,-119698

315240,-122204

315240,-123554

315240,-121228

315240,-120148

315240,-119106

315240,-120018

315240,-119178

315241,-119590

315241,-114876

315241,-114344

315247,-114450

315247,-113972

315247,-109862

315247,-107524

315247,-105020

315248,-104300

315248,-105432

315248,-103372

315248,-101364

315248,-101124

315248,-103184

315248,-101386

315248,-101510

315249,-99922

315249,-94132

315249,-90470

315255,-87068

315255,-82710

315255,-83336

315255,-84212

315255,-80190

315256,-79080

315256,-76038

315256,-75794

315256,-75006

315256,-72968

315256,-71840

315256,-70598

315256,-67120

315257,-65622

315257,-64614

315257,-60144

315263,-58116

315263,-57116

315263,-57638

315263,-60688

315263,-60240

315264,-55992

315264,-56182

315264,-59424

315264,-61118

315264,-58716

315264,-60910

315264,-60256

315264,-61670

315265,-62484

315265,-60338

315265,-62324

315271,-61144

315271,-58946

315271,-57362

315271,-55984

315271,-55356

315272,-52878

315272,-53770

315272,-53964

315272,-53484

315272,-53640

315272,-51628

315272,-50406

315272,-50166

315273,-54144

315273,-56748

315273,-56238

315279,-58570

315279,-58782

315279,-57562

315279,-54994

315279,-53948

315280,-52186

315280,-52350

315280,-53078

315280,-52246

315280,-51400

315280,-48830

315280,-48670

315280,-51242

315281,-52858

315281,-53332

315281,-52898

RAW_SUMMARY id=13 requested=6000 captured=6000 unused_capacity=0 max_pcm_abs=8101368 raw_mean=-19088.3 raw_abs_mean=458518.3 raw_min=-8006094 raw_max=8101368 baseline=27.7

OK RAW

