# run: clap_r2_msb_6
# firmware: role=analyzer git=1c743a2 version=0.4.0
# imported-from: clap_6.log (mtime 2026-10-09T12:09:52)
RAW_INFO mode=i2s output=csv

RAW_INFO row_size=12

RAW_BEGIN id=6 sr=2000 trigger_ms=399533 command_ms=399519 emit_seen=1 emit_start_ms=399533 emit_done_ms=399630 f=3200 dur=100 pre_ms=0 post_ms=3000 decim=8 pre_samples=0 post_samples=6000 mode=i2s output=csv fields=ms,pcm

ms,pcm

399537,44693

399537,12285

399537,46978

399537,23573

399537,26544

399538,49274

399538,14098

399538,54811

399538,28299

399538,36845

399538,52052

399538,25229

399538,58711

399539,36343

399539,43846

399539,59987

399545,29010

399545,66596

399545,40524

399545,45629

399545,62558

399546,31090

399546,63416

399546,43568

399546,47992

399546,66424

399546,36725

399546,71688

399546,48359

399547,56982

399547,70198

399547,43770

399553,74707

399553,53856

399553,56652

399553,77302

399553,43281

399554,79233

399554,53137

399554,56740

399554,77387

399554,42092

399554,80730

399554,54440

399554,58382

399555,77314

399555,43164

399555,79654

399561,55728

399561,59910

399561,80441

399561,45758

399561,82786

399562,58653

399562,63478

399562,82065

399562,50533

399562,84554

399562,64429

399562,64695

399562,85929

399563,49858

399563,88464

399563,62377

399569,64797

399569,84618

399569,52312

399569,87764

399569,63976

399570,69216

399570,88647

399570,55865

399570,92372

399570,68106

399570,73880

399570,94798

399570,60860

399571,98732

399571,75911

399571,80553

399577,101592

399577,68356

399577,103125

399577,81424

399577,83525

399578,103989

399578,70239

399578,105889

399578,81432

399578,83782

399578,104378

399578,69689

399578,106322

399579,82751

399579,83888

399579,105160

399585,68353

399585,106353

399585,82052

399585,84196

399585,106431

399586,72176

399586,108534

399586,85591

399586,86057

399586,108546

399586,71448

399586,111111

399586,86944

399587,89678

399587,112278

399587,74932

399593,114785

399593,90201

399593,93922

399593,117039

399593,79635

399594,121456

399594,94506

399594,100031

399594,124028

399594,86533

399594,130877

399594,103175

399594,108376

399595,130585

399595,92407

399595,134808

399601,107208

399601,110937

399601,132280

399601,91991

399601,133845

399602,104715

399602,109563

399602,130378

399602,91709

399602,132335

399602,103096

399602,108478

399602,130987

399603,91834

399603,133675

399603,104619

399609,109649

399609,131362

399609,92042

399609,133357

399609,104481

399610,108121

399610,128743

399610,89101

399610,128280

399610,100139

399610,102138

399610,123989

399610,84410

399611,124057

399611,95336

399611,99274

399617,120358

399617,81790

399617,122241

399617,94527

399617,97841

399618,120350

399618,80807

399618,121813

399618,93937

399618,95870

399618,117907

399618,79056

399618,117950

399619,88166

399619,91404

399619,112258

399625,71848

399625,112507

399625,82365

399625,84794

399625,105343

399626,66836

399626,108301

399626,80269

399626,83451

399626,104250

399626,66366

399626,107295

399626,80617

399627,83891

399627,104952

399627,65632

399633,104951

399633,76968

399633,91736

399633,74868

399633,86921

399634,83476

399634,80360

399634,78775

399634,84595

399634,79033

399634,87858

399634,80420

399634,83351

399635,84213

399635,82621

399635,84495

399641,85568

399641,81950

399641,90992

399641,84068

399641,89849

399642,85446

399642,86230

399642,87053

399642,82939

399642,89154

399642,84520

399642,82919

399642,89123

399643,79157

399643,88240

399643,82023

399649,81999

399649,86479

399649,80409

399649,85377

399649,83368

399650,81804

399650,88794

399650,81456

399650,87926

399650,83098

399650,82647

399650,85010

399650,79993

399651,85510

399651,80175

399651,82914

399657,82867

399657,79735

399657,82694

399657,78692

399657,78863

399658,80953

399658,77697

399658,81381

399658,78270

399658,79399

399658,80844

399658,77173

399658,82697

399659,77927

399659,79603

399659,81448

399665,76977

399665,81725

399665,77311

399665,79089

399665,80536

399666,76305

399666,79806

399666,77131

399666,77572

399666,80334

399666,74010

399666,79101

399666,75445

399667,74623

399667,77070

399667,72479

399673,77801

399673,74641

399673,76279

399673,77760

399673,74901

399674,78968

399674,75843

399674,78184

399674,79930

399674,76482

399674,79781

399674,77007

399674,79185

399675,81150

399675,75222

399675,81518

399681,77876

399681,79698

399681,80534

399681,78066

399681,82548

399682,80197

399682,81421

399682,81429

399682,78905

399682,80811

399682,78760

399682,78217

399682,78844

399683,76009

399683,76676

399683,73495

399689,72994

399689,70911

399689,69792

399689,66855

399689,65768

399690,63434

399690,61434

399690,60835

399690,59664

399690,59352

399690,58343

399690,57206

399690,57660

399691,55479

399691,55151

399691,53175

399697,53982

399697,54317

399697,51848

399697,52713

399697,48507

399698,50587

399698,48366

399698,47322

399698,49352

399698,46297

399698,47149

399698,46318

399698,45611

399699,47574

399699,44796

399699,45083

399705,45489

399705,43928

399705,45468

399705,42841

399705,43896

399706,42580

399706,41308

399706,41488

399706,38821

399706,39753

399706,38449

399706,36918

399706,36546

399707,34268

399707,33935

399707,32587

399713,30851

399713,31940

399713,29482

399713,30306

399713,29598

399714,28905

399714,28825

399714,28311

399714,28208

399714,28146

399714,26691

399714,28307

399714,27626

399715,27750

399715,26809

399715,25642

399721,26397

399721,23964

399721,25720

399721,24351

399721,24203

399722,24225

399722,23401

399722,23211

399722,23046

399722,22615

399722,23516

399722,23346

399722,25259

399723,24712

399723,24075

399723,24529

399729,22981

399729,24340

399729,23735

399729,23662

399729,22511

399730,20188

399730,20413

399730,18978

399730,17410

399730,17124

399730,14781

399730,15559

399730,14329

399731,14737

399731,14853

399731,14545

399737,16553

399737,14814

399737,15243

399737,15820

399737,13661

399738,15990

399738,16422

399738,15825

399738,16606

399738,13947

399738,16283

399738,16329

399738,15618

399739,16064

399739,14919

399739,15427

399745,16550

399745,16584

399745,18572

399745,18237

399745,18059

399746,18651

399746,18532

399746,18496

399746,18421

399746,19723

399746,20367

399746,21308

399746,21534

399747,21864

399747,22380

399747,22155

399753,22690

399753,22687

399753,22349

399753,22187

399753,22627

399754,22552

399754,24444

399754,23063

399754,24943

399754,25162

399754,25265

399754,25609

399754,25827

399755,26475

399755,26928

399755,26877

399761,27970

399761,27869

399761,28732

399761,26852

399761,26533

399762,26090

399762,25638

399762,24679

399762,24578

399762,24671

399762,25740

399762,25278

399762,25693

399763,24663

399763,24712

399763,24272

399769,23671

399769,23722

399769,24450

399769,24114

399769,25448

399770,24785

399770,25249

399770,24588

399770,25429

399770,25076

399770,26387

399770,25552

399770,25639

399771,26398

399771,25731

399771,26145

399777,26556

399777,25245

399777,25223

399777,24632

399777,25000

399778,24647

399778,24494

399778,23978

399778,23369

399778,23808

399778,22809

399778,22009

399778,21204

399779,19316

399779,18442

399779,17828

399785,17500

399785,18282

399785,17426

399785,16667

399785,15117

399786,14171

399786,13954

399786,13006

399786,11441

399786,11665

399786,10176

399786,10418

399786,9129

399787,8675

399787,7353

399787,7535

399793,8018

399793,7735

399793,8073

399793,7699

399793,8185

399794,7529

399794,7989

399794,8705

399794,8508

399794,7638

399794,8476

399794,9095

399794,7993

399795,8693

399795,7034

399795,7448

399801,6067

399801,5460

399801,5279

399801,4330

399801,3886

399802,3235

399802,3371

399802,2158

399802,3232

399802,3947

399802,3085

399802,3635

399802,3466

399803,4977

399803,4242

399803,2539

399809,2369

399809,1763

399809,1901

399809,1116

399809,79

399810,466

399810,757

399810,1159

399810,805

399810,23

399810,1415

399810,937

399810,2586

399811,3268

399811,4255

399811,4684

399817,4262

399817,5442

399817,4770

399817,5535

399817,5292

399818,5649

399818,4143

399818,3944

399818,4337

399818,3695

399818,3664

399818,2892

399818,2197

399819,3142

399819,2633

399819,2290

399825,3051

399825,2239

399825,3100

399825,2978

399825,2536

399826,2860

399826,2004

399826,1695

399826,-55

399826,-994

399826,-836

399826,-1935

399826,-1916

399827,-3021

399827,-3405

399827,-4569

399833,-6321

399833,-5755

399833,-7532

399833,-9124

399833,-9539

399834,-11397

399834,-9983

399834,-12126

399834,-13471

399834,-13157

399834,-14875

399834,-14418

399834,-14524

399835,-14230

399835,-13503

399835,-15190

399841,-15169

399841,-15894

399841,-16027

399841,-14717

399841,-14910

399842,-15537

399842,-16221

399842,-16983

399842,-16798

399842,-18610

399842,-19533

399842,-19615

399842,-22033

399843,-21562

399843,-23223

399843,-24206

399849,-25143

399849,-25653

399849,-25711

399849,-26012

399849,-26234

399850,-26657

399850,-27292

399850,-28787

399850,-30957

399850,-34146

399850,-36015

399850,-39424

399850,-41729

399851,-43912

399851,-46527

399851,-48408

399857,-49582

399857,-51733

399857,-52957

399857,-53723

399857,-55877

399858,-56641

399858,-57388

399858,-57237

399858,-58417

399858,-60941

399858,-62946

399858,-64598

399858,-65351

399859,-65421

399859,-66972

399859,-69872

399865,-71017

399865,-71916

399865,-74337

399865,-75743

399865,-77954

399866,-79147

399866,-79332

399866,-80060

399866,-81417

399866,-83047

399866,-83165

399866,-81907

399866,-82323

399867,-82340

399867,-83062

399867,-83162

399873,-83429

399873,-83831

399873,-84223

399873,-85724

399873,-85116

399874,-85013

399874,-86345

399874,-86974

399874,-87598

399874,-88098

399874,-88894

399874,-89232

399874,-88043

399875,-87864

399875,-87681

399875,-87630

399881,-86100

399881,-84575

399881,-85206

399881,-83695

399881,-83373

399882,-83770

399882,-83156

399882,-82367

399882,-82347

399882,-82061

399882,-82572

399882,-81237

399882,-82015

399883,-81683

399883,-81630

399883,-80910

399889,-80279

399889,-79869

399889,-78704

399889,-77585

399889,-76873

399890,-76663

399890,-76151

399890,-74237

399890,-73477

399890,-73778

399890,-74145

399890,-74323

399890,-74321

399891,-74970

399891,-76032

399891,-77037

399897,-77507

399897,-78175

399897,-78513

399897,-79596

399897,-80924

399898,-82023

399898,-82401

399898,-83652

399898,-84487

399898,-85150

399898,-86291

399898,-87588

399898,-89858

399899,-90156

399899,-91289

399899,-92483

399905,-93948

399905,-96816

399905,-97261

399905,-98849

399905,-101236

399906,-102082

399906,-104589

399906,-105445

399906,-107394

399906,-109322

399906,-109631

399906,-112425

399906,-112830

399907,-114146

399907,-116541

399907,-117764

399913,-117923

399913,-117992

399913,-120511

399913,-120996

399913,-121361

399914,-122165

399914,-123061

399914,-123024

399914,-123297

399914,-124245

399914,-124124

399914,-124815

399914,-125575

399915,-125844

399915,-126005

399915,-126421

399921,-126528

399921,-125981

399921,-126226

399921,-126426

399921,-125846

399922,-124664

399922,-123954

399922,-123702

399922,-123219

399922,-122626

399922,-122844

399922,-122085

399922,-121892

399923,-119577

399923,-118666

399923,-118300

399929,-117590

399929,-116850

399929,-116777

399929,-117010

399929,-116614

399930,-116365

399930,-115480

399930,-113465

399930,-113642

399930,-113326

399930,-112115

399930,-111898

399930,-113066

399931,-112705

399931,-111849

399931,-112139

399937,-112573

399937,-111447

399937,-111569

399937,-110289

399937,-109764

399938,-108820

399938,-108414

399938,-107397

399938,-107427

399938,-106250

399938,-105188

399938,-106143

399938,-104511

399939,-103277

399939,-102415

399939,-102665

399945,-99991

399945,-99426

399945,-98428

399945,-97367

399945,-96988

399946,-95563

399946,-95141

399946,-92701

399946,-90468

399946,-89029

399946,-87863

399946,-87469

399946,-86809

399947,-87363

399947,-87470

399947,-87059

399953,-87314

399953,-87756

399953,-87874

399953,-87268

399953,-88427

399954,-87971

399954,-88525

399954,-88647

399954,-89652

399954,-88703

399954,-88648

399954,-88629

399954,-87920

399955,-87496

399955,-88507

399955,-88367

399961,-88769

399961,-88161

399961,-87510

399961,-87809

399961,-88123

399962,-88876

399962,-88374

399962,-88661

399962,-88255

399962,-88643

399962,-89690

399962,-88504

399962,-88827

399963,-88321

399963,-87231

399963,-86207

399969,-85863

399969,-86025

399969,-84426

399969,-84708

399969,-84408

399970,-83692

399970,-83325

399970,-83224

399970,-84484

399970,-84882

399970,-86112

399970,-87109

399970,-87927

399971,-87389

399971,-89097

399971,-89349

399977,-90623

399977,-90709

399977,-92581

399977,-92479

399977,-92670

399978,-92744

399978,-92409

399978,-92551

399978,-93542

399978,-92579

399978,-93147

399978,-94410

399978,-93313

399979,-92618

399979,-92170

399979,-92198

399985,-93252

399985,-92428

399985,-92920

399985,-92067

399985,-91732

399986,-88853

399986,-86685

399986,-86609

399986,-86618

399986,-84477

399986,-80590

399986,-81554

399986,-81035

399987,-78600

399987,-83702

399987,-75958

399993,-68220

399993,-67448

399993,-42281

399993,-102373

399993,60720

399994,-84884

399994,-98117

399994,-128057

399994,-100305

399994,-95850

399994,-100535

399994,-54221

399994,-68435

399995,-72284

399995,-84787

399995,-58756

400001,-54788

400001,-88687

400001,-97638

400001,-84040

400001,-67244

400002,-55606

400002,-49892

400002,-63593

400002,-72087

400002,-45485

400002,-27202

400002,-47684

400002,-55115

400003,-44398

400003,-54408

400003,-59614

400009,-45402

400009,-56347

400009,-56709

400009,-61084

400009,-65185

400010,-54766

400010,-60725

400010,-47674

400010,-54690

400010,-22766

400010,-52530

400010,-56426

400010,-66587

400011,-69710

400011,-63204

400011,-73457

400017,-74207

400017,-68369

400017,-72353

400017,-60342

400017,-39243

400018,-40049

400018,-53373

400018,-77440

400018,-64854

400018,-55322

400018,-52025

400018,-42149

400018,-39452

400019,-41470

400019,-36058

400019,-52524

400025,-50606

400025,-50643

400025,-53330

400025,-49402

400025,-44709

400026,-62370

400026,-60306

400026,-62744

400026,-52945

400026,-53430

400026,-59275

400026,-74613

400026,-69378

400027,-61616

400027,-58748

400027,-55368

400033,-59162

400033,-55814

400033,-49399

400033,-32368

400033,-35446

400034,-26771

400034,-44663

400034,-44880

400034,-37646

400034,-37549

400034,-36648

400034,-28260

400034,-22051

400035,-16307

400035,-25313

400035,-33035

400041,-42905

400041,-45669

400041,-38098

400041,-31514

400041,-35964

400042,-44735

400042,-39447

400042,-31401

400042,-29763

400042,-36587

400042,-33471

400042,-29994

400042,-34659

400043,-38068

400043,-44291

400043,-38078

400049,-37225

400049,-39395

400049,-33398

400049,-39976

400049,-41679

400050,-36517

400050,-34900

400050,-50715

400050,-49123

400050,-43893

400050,-38303

400050,-45026

400050,-45212

400051,-46933

400051,-42134

400051,-39060

400057,-47322

400057,-42555

400057,-43265

400057,-34745

400057,-40182

400058,-38632

400058,-39855

400058,-40085

400058,-38553

400058,-39416

400058,-46242

400058,-41626

400058,-34669

400059,-38056

400059,-41672

400059,-53441

400065,-47033

400065,-50838

400065,-44676

400065,-53124

400065,-48051

400066,-50056

400066,-46289

400066,-43198

400066,-39462

400066,-39028

400066,-44827

400066,-38842

400066,-33568

400067,-35460

400067,-33493

400067,-33793

400073,-39010

400073,-43544

400073,-38043

400073,-38672

400073,-34742

400074,-31979

400074,-39753

400074,-40382

400074,-37253

400074,-32366

400074,-36048

400074,-36034

400074,-31323

400075,-27748

400075,-24566

400075,-18320

400081,-22933

400081,-23008

400081,-26741

400081,-24744

400081,-23361

400082,-29495

400082,-27391

400082,-24779

400082,-25792

400082,-21026

400082,-20943

400082,-20442

400082,-12660

400083,-12423

400083,-10869

400083,-14496

400089,-12079

400089,-13394

400089,-12486

400089,-12778

400089,-14043

400090,-9822

400090,-2798

400090,1916

400090,356

400090,1437

400090,1186

400090,3474

400090,8533

400091,12734

400091,9490

400091,11411

400097,15385

400097,15575

400097,17664

400097,17212

400097,17647

400098,18636

400098,18879

400098,22071

400098,16485

400098,18412

400098,21950

400098,27761

400098,30570

400099,30105

400099,30499

400099,32642

400105,34059

400105,33540

400105,38617

400105,41398

400105,43044

400106,41113

400106,39624

400106,42934

400106,43549

400106,44074

400106,42931

400106,44186

400106,41933

400107,45183

400107,47513

400107,47003

400113,42783

400113,43729

400113,48524

400113,49102

400113,50655

400114,51190

400114,58356

400114,59196

400114,62899

400114,65400

400114,69382

400114,71860

400114,74451

400115,71536

400115,69917

400115,70642

400121,69806

400121,69356

400121,70459

400121,72190

400121,73009

400122,74217

400122,74717

400122,79689

400122,82041

400122,83907

400122,84874

400122,85139

400122,86345

400123,89499

400123,91139

400123,91186

400129,93549

400129,94290

400129,94735

400129,94946

400129,95378

400130,93563

400130,94291

400130,94885

400130,93826

400130,95235

400130,92019

400130,88470

400130,90427

400131,90335

400131,88055

400131,89181

400137,90054

400137,94202

400137,96077

400137,97214

400137,97126

400138,96814

400138,96784

400138,99512

400138,99758

400138,98043

400138,100947

400138,102740

400138,105629

400139,106846

400139,105919

400139,107585

400145,109690

400145,109705

400145,110128

400145,111756

400145,112473

400146,112652

400146,112896

400146,115704

400146,117065

400146,117399

400146,120070

400146,120655

400146,121782

400147,122530

400147,125476

400147,128210

400153,129944

400153,130796

400153,132525

400153,132965

400153,130806

400154,132063

400154,132911

400154,134205

400154,134115

400154,137511

400154,137707

400154,137843

400154,138832

400155,140146

400155,140333

400155,139405

400161,138417

400161,140491

400161,140919

400161,143176

400161,143747

400162,144007

400162,144988

400162,146176

400162,146675

400162,149534

400162,149592

400162,152446

400162,151020

400163,151889

400163,150951

400163,150289

400169,151167

400169,151137

400169,151884

400169,153291

400169,153955

400170,154945

400170,158206

400170,157192

400170,157436

400170,158191

400170,159845

400170,159424

400170,159153

400171,159422

400171,161360

400171,161939

400177,163875

400177,163781

400177,163220

400177,162637

400177,162906

400178,163312

400178,161354

400178,160976

400178,160326

400178,160036

400178,160294

400178,158647

400178,158952

400179,160545

400179,161989

400179,161778

400185,162579

400185,164218

400185,162165

400185,163271

400185,162495

400186,164031

400186,163031

400186,161656

400186,160633

400186,159898

400186,160618

400186,160754

400186,159356

400187,160676

400187,160891

400187,159689

400193,160149

400193,159853

400193,159995

400193,160913

400193,161970

400194,160970

400194,161882

400194,160200

400194,162062

400194,162996

400194,164544

400194,165814

400194,166093

400195,167666

400195,167974

400195,168390

400201,169299

400201,168960

400201,169572

400201,169186

400201,169513

400202,169181

400202,167536

400202,166862

400202,165976

400202,166612

400202,166211

400202,167679

400202,168723

400203,170224

400203,170654

400203,170195

400209,169398

400209,171645

400209,171325

400209,171421

400209,171913

400210,171192

400210,170591

400210,169744

400210,169623

400210,168716

400210,167402

400210,166630

400210,165074

400211,164559

400211,162895

400211,163348

400217,163751

400217,165133

400217,165438

400217,166318

400217,167688

400218,166535

400218,167255

400218,168072

400218,167549

400218,168897

400218,169158

400218,169305

400218,169114

400219,168135

400219,169235

400219,168892

400225,167893

400225,168229

400225,166954

400225,167046

400225,167823

400226,166671

400226,167022

400226,166588

400226,165766

400226,165605

400226,164810

400226,165838

400226,164863

400227,165250

400227,164426

400227,164710

400233,163519

400233,165497

400233,166235

400233,165263

400233,165204

400234,165573

400234,165075

400234,165223

400234,165001

400234,165771

400234,164621

400234,163907

400234,164190

400235,163471

400235,163056

400235,163031

400241,164155

400241,163805

400241,163142

400241,163372

400241,163655

400242,164561

400242,165794

400242,165561

400242,166425

400242,167143

400242,167351

400242,168162

400242,168660

400243,168467

400243,168276

400243,169020

400249,167929

400249,167409

400249,167146

400249,166522

400249,167648

400250,168786

400250,168905

400250,169402

400250,169869

400250,169838

400250,170389

400250,171938

400250,171898

400251,170455

400251,172521

400251,171615

400257,172565

400257,172975

400257,172045

400257,171655

400257,170408

400258,169727

400258,170285

400258,169107

400258,168255

400258,168689

400258,166986

400258,167330

400258,167744

400259,166843

400259,167332

400259,166027

400265,164778

400265,164400

400265,164406

400265,164631

400265,164731

400266,164865

400266,164554

400266,164709

400266,164040

400266,163049

400266,162157

400266,160649

400266,159265

400267,158041

400267,157325

400267,154870

400273,154833

400273,154871

400273,153082

400273,152532

400273,151254

400274,150138

400274,149827

400274,150434

400274,151153

400274,150452

400274,151557

400274,150202

400274,149546

400275,147304

400275,145843

400275,145597

400281,144301

400281,143645

400281,142724

400281,141668

400281,142216

400282,140111

400282,138769

400282,138678

400282,136964

400282,135464

400282,134317

400282,132751

400282,132454

400283,130759

400283,129800

400283,129869

400289,129330

400289,128844

400289,128825

400289,128043

400289,127469

400290,126219

400290,126410

400290,124477

400290,123959

400290,123183

400290,122505

400290,122659

400290,121855

400291,121560

400291,122248

400291,120634

400297,120991

400297,120728

400297,120545

400297,120447

400297,120584

400298,121664

400298,121724

400298,122091

400298,122568

400298,123385

400298,124184

400298,125724

400298,128123

400299,128317

400299,129873

400299,130660

400305,130965

400305,130618

400305,130855

400305,130803

400305,132334

400306,132313

400306,132334

400306,133014

400306,134205

400306,134019

400306,135425

400306,135793

400306,136580

400307,137034

400307,138139

400307,138343

400313,139538

400313,139917

400313,139938

400313,140048

400313,139400

400314,139356

400314,137917

400314,136809

400314,136313

400314,134387

400314,134187

400314,134289

400314,132130

400315,131696

400315,130879

400315,130926

400321,131618

400321,131143

400321,130898

400321,131633

400321,132259

400322,133365

400322,132520

400322,133222

400322,131773

400322,131210

400322,131208

400322,130419

400322,130185

400323,130115

400323,129347

400323,128681

400329,126645

400329,127021

400329,126026

400329,126273

400329,125764

400330,125179

400330,124326

400330,124456

400330,124134

400330,124308

400330,123498

400330,123488

400330,123325

400331,121534

400331,122096

400331,121041

400337,120149

400337,120767

400337,118374

400337,116722

400337,115464

400338,115896

400338,114821

400338,112539

400338,112012

400338,111125

400338,110967

400338,109204

400338,108478

400339,107871

400339,107012

400339,106141

400345,105017

400345,104364

400345,103257

400345,102288

400345,101838

400346,100874

400346,100338

400346,100321

400346,99993

400346,99438

400346,99212

400346,100532

400346,99504

400347,99598

400347,99329

400347,100129

400353,99193

400353,99979

400353,100768

400353,99716

400353,100035

400354,99773

400354,99990

400354,99042

400354,98883

400354,98772

400354,96946

400354,95932

400354,95855

400355,94866

400355,93190

400355,92570

400361,91554

400361,90065

400361,88944

400361,88428

400361,86157

400362,85200

400362,83066

400362,82559

400362,81644

400362,79833

400362,80027

400362,79493

400362,78320

400363,77983

400363,77366

400363,77249

400369,75610

400369,75715

400369,75623

400369,75583

400369,75803

400370,76533

400370,76002

400370,75661

400370,75708

400370,76253

400370,76676

400370,76107

400370,76049

400371,74913

400371,74918

400371,75560

400377,75973

400377,76273

400377,75793

400377,75154

400377,75774

400378,75434

400378,76070

400378,76085

400378,76226

400378,76350

400378,76385

400378,75791

400378,75899

400379,75590

400379,74743

400379,75321

400385,74602

400385,74389

400385,75025

400385,75009

400385,74824

400386,73975

400386,74270

400386,75174

400386,74243

400386,74231

400386,74179

400386,74047

400386,74095

400387,73806

400387,74436

400387,75553

400393,75540

400393,75595

400393,76196

400393,76790

400393,76417

400394,76537

400394,76587

400394,75576

400394,75366

400394,75650

400394,74919

400394,75589

400394,74541

400395,72884

400395,72889

400395,72621

400401,71394

400401,72137

400401,71800

400401,72056

400401,70115

400402,69245

400402,69656

400402,67534

400402,66579

400402,66121

400402,65396

400402,63706

400402,63945

400403,63073

400403,63501

400403,61941

400409,60966

400409,60506

400409,59446

400409,59189

400409,58130

400410,58279

400410,58859

400410,58891

400410,58923

400410,58575

400410,59318

400410,57572

400410,58202

400411,57093

400411,57001

400411,56524

400417,56652

400417,57498

400417,56407

400417,56981

400417,56560

400418,57072

400418,56811

400418,56716

400418,57752

400418,57919

400418,59912

400418,59909

400418,60175

400419,59944

400419,60336

400419,60269

400425,60028

400425,59331

400425,58466

400425,58530

400425,59543

400426,59176

400426,59046

400426,58703

400426,59691

400426,59124

400426,59647

400426,59898

400426,60654

400427,60825

400427,60603

400427,60830

400433,60788

400433,61384

400433,61488

400433,60943

400433,61042

400434,60297

400434,59767

400434,59395

400434,58895

400434,58310

400434,58356

400434,59802

400434,59836

400435,61220

400435,61129

400435,61277

400441,60714

400441,61067

400441,59852

400441,59275

400441,58395

400442,57450

400442,56039

400442,56153

400442,55725

400442,53667

400442,52236

400442,50285

400442,49289

400443,47535

400443,47570

400443,46011

400449,45547

400449,44045

400449,44127

400449,42573

400449,42434

400450,41377

400450,40317

400450,39811

400450,40141

400450,37489

400450,37634

400450,37019

400450,35766

400451,34319

400451,33903

400451,32976

400457,32302

400457,32242

400457,31875

400457,32419

400457,33213

400458,33675

400458,34238

400458,34179

400458,36132

400458,36733

400458,36593

400458,38154

400458,39593

400459,39950

400459,40084

400459,40944

400465,41184

400465,41534

400465,41955

400465,42723

400465,42565

400466,43363

400466,43628

400466,44547

400466,43374

400466,43342

400466,44516

400466,44576

400466,43950

400467,43052

400467,42895

400467,42207

400473,43996

400473,45272

400473,44571

400473,44635

400473,43551

400474,44767

400474,44658

400474,44237

400474,45171

400474,45677

400474,44648

400474,44869

400474,44336

400475,44203

400475,44095

400475,42522

400481,42509

400481,42390

400481,42737

400481,41661

400481,41942

400482,41775

400482,41466

400482,40817

400482,40015

400482,39185

400482,37526

400482,36539

400482,35915

400483,35579

400483,33019

400483,32121

400489,30369

400489,29029

400489,28321

400489,26605

400489,25328

400490,25522

400490,24536

400490,23360

400490,21772

400490,20335

400490,19707

400490,19331

400490,17892

400491,16288

400491,16327

400491,14276

400497,14136

400497,12880

400497,11581

400497,10395

400497,9260

400498,9239

400498,8469

400498,7896

400498,7756

400498,7745

400498,6813

400498,6353

400498,5883

400499,4898

400499,3512

400499,2752

400505,1010

400505,89

400505,-704

400505,-1100

400505,-1441

400506,-2898

400506,-2622

400506,-3232

400506,-4138

400506,-3168

400506,-3409

400506,-3505

400506,-3573

400507,-4362

400507,-3499

400507,-4161

400513,-5601

400513,-5578

400513,-6809

400513,-6718

400513,-6729

400514,-7157

400514,-6338

400514,-5912

400514,-4502

400514,-4188

400514,-2720

400514,-987

400514,326

400515,487

400515,176

400515,620

400521,1819

400521,1575

400521,1901

400521,1595

400521,2284

400522,1707

400522,913

400522,894

400522,-92

400522,477

400522,1935

400522,1168

400522,1824

400523,3069

400523,3263

400523,3715

400529,5141

400529,5596

400529,6237

400529,6263

400529,7349

400530,7301

400530,7305

400530,5375

400530,5273

400530,4014

400530,3782

400530,3057

400530,2947

400531,1759

400531,1776

400531,1445

400537,1438

400537,1379

400537,3380

400537,3758

400537,3797

400538,3485

400538,4279

400538,5153

400538,5912

400538,6090

400538,4829

400538,5598

400538,6359

400539,5445

400539,5504

400539,5394

400545,6279

400545,6802

400545,6881

400545,6330

400545,7100

400546,5122

400546,6197

400546,6562

400546,8048

400546,9711

400546,10603

400546,11465

400546,12259

400547,13624

400547,14840

400547,16307

400553,17018

400553,18016

400553,19628

400553,20173

400553,19052

400554,18703

400554,17925

400554,16419

400554,16415

400554,15967

400554,15534

400554,16023

400554,15883

400555,16604

400555,15850

400555,16056

400561,15657

400561,15152

400561,14936

400561,15151

400561,14783

400562,13334

400562,13267

400562,12899

400562,13189

400562,11357

400562,10411

400562,9051

400562,8250

400563,7368

400563,7612

400563,6840

400569,6997

400569,6593

400569,6386

400569,5519

400569,5299

400570,4528

400570,3007

400570,1740

400570,152

400570,-1202

400570,-2100

400570,-2936

400570,-3454

400571,-4295

400571,-4791

400571,-5432

400577,-6987

400577,-7884

400577,-8497

400577,-9590

400577,-9171

400578,-8468

400578,-9877

400578,-10296

400578,-10937

400578,-11840

400578,-12949

400578,-14337

400578,-14895

400579,-15350

400579,-16168

400579,-16880

400585,-15259

400585,-15681

400585,-14266

400585,-14701

400585,-15473

400586,-15342

400586,-16489

400586,-15661

400586,-16609

400586,-15842

400586,-15125

400586,-15588

400586,-16518

400587,-16170

400587,-16400

400587,-16731

400593,-16420

400593,-16539

400593,-13565

400593,-13024

400593,-11322

400594,-11611

400594,-10411

400594,-9054

400594,-8567

400594,-7385

400594,-6425

400594,-4773

400594,-4604

400595,-4193

400595,-2814

400595,-2852

400601,-2467

400601,-2775

400601,-3434

400601,-2954

400601,-271

400602,-1891

400602,-2081

400602,-2046

400602,-2555

400602,-3059

400602,-2739

400602,-3105

400602,-4358

400603,-4485

400603,-5351

400603,-5769

400609,-5320

400609,-6467

400609,-6638

400609,-7095

400609,-7548

400610,-7882

400610,-9819

400610,-10855

400610,-12858

400610,-13844

400610,-15305

400610,-15723

400610,-17706

400611,-17534

400611,-18932

400611,-19613

400617,-21343

400617,-20912

400617,-21942

400617,-22259

400617,-21929

400618,-22477

400618,-22756

400618,-23369

400618,-25256

400618,-25604

400618,-27234

400618,-28406

400618,-30429

400619,-31758

400619,-33273

400619,-34973

400625,-36686

400625,-36522

400625,-37592

400625,-38286

400625,-40808

400626,-42112

400626,-42510

400626,-42185

400626,-41802

400626,-41819

400626,-42624

400626,-43549

400626,-43704

400627,-44894

400627,-46147

400627,-48065

400633,-48330

400633,-49839

400633,-49859

400633,-52062

400633,-51793

400634,-52799

400634,-53427

400634,-53616

400634,-52583

400634,-52244

400634,-50977

400634,-51161

400634,-50678

400635,-50926

400635,-50326

400635,-50205

400641,-49724

400641,-49355

400641,-49312

400641,-49796

400641,-49468

400642,-49401

400642,-49518

400642,-50165

400642,-50724

400642,-49883

400642,-49758

400642,-50287

400642,-50597

400643,-50145

400643,-51269

400643,-49931

400649,-48775

400649,-48359

400649,-47823

400649,-47474

400649,-47556

400650,-45450

400650,-44213

400650,-43515

400650,-42239

400650,-41512

400650,-41959

400650,-41274

400650,-40661

400651,-39979

400651,-39327

400651,-39081

400657,-38869

400657,-39637

400657,-39913

400657,-40478

400657,-40728

400658,-41215

400658,-41440

400658,-40678

400658,-41708

400658,-41443

400658,-42305

400658,-41429

400658,-41308

400659,-40943

400659,-41016

400659,-40412

400665,-39341

400665,-37951

400665,-36951

400665,-37015

400665,-37300

400666,-36476

400666,-37076

400666,-36017

400666,-35987

400666,-35930

400666,-35278

400666,-35498

400666,-34021

400667,-34721

400667,-33810

400667,-33647

400673,-33286

400673,-33342

400673,-31897

400673,-31891

400673,-29957

400674,-28805

400674,-27654

400674,-26194

400674,-26802

400674,-26397

400674,-26470

400674,-26033

400674,-25548

400675,-24499

400675,-25007

400675,-24081

400681,-24153

400681,-24117

400681,-25905

400681,-25750

400681,-26161

400682,-25952

400682,-24270

400682,-25559

400682,-25444

400682,-25862

400682,-25396

400682,-25605

400682,-25866

400683,-26106

400683,-25859

400683,-27058

400689,-27266

400689,-28871

400689,-28910

400689,-29085

400689,-29792

400690,-29150

400690,-29942

400690,-29424

400690,-29259

400690,-28879

400690,-28106

400690,-28987

400690,-27658

400691,-27112

400691,-27340

400691,-27706

400697,-28117

400697,-28476

400697,-28116

400697,-27501

400697,-27211

400698,-26775

400698,-26951

400698,-25731

400698,-25622

400698,-25993

400698,-25866

400698,-26300

400698,-26102

400699,-27199

400699,-27420

400699,-26978

400705,-27120

400705,-27910

400705,-27492

400705,-29099

400705,-29477

400706,-30639

400706,-31949

400706,-31430

400706,-32222

400706,-33135

400706,-34028

400706,-34912

400706,-34798

400707,-35500

400707,-36489

400707,-37420

400713,-38612

400713,-38802

400713,-39122

400713,-39389

400713,-40229

400714,-40051

400714,-40491

400714,-41152

400714,-41410

400714,-42244

400714,-42785

400714,-41582

400714,-41209

400715,-41023

400715,-41789

400715,-42219

400721,-42216

400721,-42716

400721,-42718

400721,-43110

400721,-43937

400722,-43914

400722,-43719

400722,-45154

400722,-45237

400722,-44988

400722,-45624

400722,-45492

400722,-47040

400723,-47086

400723,-47921

400723,-48011

400729,-47371

400729,-48453

400729,-48646

400729,-49836

400729,-50620

400730,-53173

400730,-54357

400730,-56120

400730,-57205

400730,-58147

400730,-59219

400730,-58702

400730,-59492

400731,-60457

400731,-60399

400731,-60599

400737,-60241

400737,-59732

400737,-59294

400737,-60056

400737,-60309

400738,-60476

400738,-59826

400738,-60063

400738,-59380

400738,-59799

400738,-59868

400738,-60641

400738,-59585

400739,-58424

400739,-58438

400739,-58593

400745,-58088

400745,-57813

400745,-57405

400745,-57431

400745,-57335

400746,-58302

400746,-57468

400746,-58152

400746,-57315

400746,-56504

400746,-57046

400746,-55952

400746,-55901

400747,-55806

400747,-55155

400747,-56055

400753,-54284

400753,-54808

400753,-53516

400753,-52811

400753,-51659

400754,-51957

400754,-51376

400754,-50517

400754,-49896

400754,-48371

400754,-48049

400754,-47152

400754,-45688

400755,-44172

400755,-43973

400755,-43871

400761,-43417

400761,-43808

400761,-44230

400761,-43693

400761,-43718

400762,-43808

400762,-42951

400762,-42750

400762,-41796

400762,-41533

400762,-42967

400762,-42610

400762,-43316

400763,-42128

400763,-42776

400763,-42082

400769,-43207

400769,-43293

400769,-43992

400769,-44196

400769,-45074

400770,-45280

400770,-44418

400770,-45168

400770,-44870

400770,-47054

400770,-47291

400770,-47696

400770,-48314

400771,-49196

400771,-50477

400771,-52244

400777,-52629

400777,-54649

400777,-55246

400777,-55484

400777,-56442

400778,-57433

400778,-58327

400778,-58189

400778,-59209

400778,-59709

400778,-59849

400778,-59745

400778,-60802

400779,-60457

400779,-59782

400779,-59918

400785,-58836

400785,-57717

400785,-57633

400785,-58053

400785,-57567

400786,-57046

400786,-57173

400786,-57307

400786,-56688

400786,-56526

400786,-56052

400786,-55035

400786,-55111

400787,-55408

400787,-56166

400787,-56350

400793,-56258

400793,-56580

400793,-56652

400793,-55959

400793,-55295

400794,-56615

400794,-56485

400794,-57378

400794,-58340

400794,-58386

400794,-58397

400794,-58050

400794,-57466

400795,-56462

400795,-56250

400795,-54774

400801,-54531

400801,-52484

400801,-50950

400801,-51333

400801,-50727

400802,-49083

400802,-48550

400802,-47968

400802,-46532

400802,-45482

400802,-44611

400802,-43591

400802,-42999

400803,-42235

400803,-39876

400803,-40034

400809,-39957

400809,-38702

400809,-36752

400809,-35810

400809,-34680

400810,-32644

400810,-32582

400810,-31531

400810,-30945

400810,-29907

400810,-28845

400810,-27881

400810,-27528

400811,-27679

400811,-27247

400811,-26513

400817,-27627

400817,-27138

400817,-27329

400817,-27006

400817,-27567

400818,-28458

400818,-28887

400818,-27618

400818,-27562

400818,-25896

400818,-26120

400818,-25922

400818,-26735

400819,-25463

400819,-24711

400819,-23066

400825,-22872

400825,-23089

400825,-22580

400825,-22372

400825,-23389

400826,-22538

400826,-24210

400826,-24037

400826,-24937

400826,-24697

400826,-24323

400826,-24573

400826,-24743

400827,-25739

400827,-25405

400827,-25885

400833,-26564

400833,-27034

400833,-28661

400833,-28241

400833,-28377

400834,-28420

400834,-28790

400834,-28579

400834,-27055

400834,-27344

400834,-27789

400834,-28540

400834,-28905

400835,-29908

400835,-28982

400835,-29107

400841,-29923

400841,-29683

400841,-29883

400841,-29876

400841,-30935

400842,-31410

400842,-31165

400842,-32016

400842,-33225

400842,-33026

400842,-33134

400842,-33167

400842,-34179

400843,-34777

400843,-34515

400843,-35468

400849,-35626

400849,-36524

400849,-35447

400849,-34986

400849,-35045

400850,-35391

400850,-34536

400850,-34611

400850,-35081

400850,-35899

400850,-35652

400850,-36192

400850,-36417

400851,-37215

400851,-38491

400851,-39478

400857,-38348

400857,-38886

400857,-38714

400857,-38962

400857,-38424

400858,-38773

400858,-39612

400858,-39119

400858,-38426

400858,-39252

400858,-38742

400858,-40011

400858,-40494

400859,-40320

400859,-41460

400859,-41130

400865,-41856

400865,-43097

400865,-43733

400865,-44093

400865,-45033

400866,-45069

400866,-45040

400866,-45186

400866,-44678

400866,-44201

400866,-43091

400866,-42796

400866,-42232

400867,-42066

400867,-43159

400867,-42826

400873,-43106

400873,-42685

400873,-43502

400873,-43735

400873,-42713

400874,-42639

400874,-44040

400874,-44061

400874,-45013

400874,-44486

400874,-44653

400874,-44550

400874,-45002

400875,-44624

400875,-43767

400875,-42320

400881,-42354

400881,-42360

400881,-42137

400881,-41659

400881,-42081

400882,-40679

400882,-40244

400882,-39927

400882,-38106

400882,-36704

400882,-35323

400882,-34621

400882,-33758

400883,-32932

400883,-32212

400883,-32880

400889,-31164

400889,-31581

400889,-30365

400889,-29749

400889,-27697

400890,-27276

400890,-25740

400890,-24297

400890,-22902

400890,-21172

400890,-21083

400890,-19373

400890,-18173

400891,-17818

400891,-17012

400891,-17492

400897,-16786

400897,-15199

400897,-15009

400897,-14880

400897,-15371

400898,-14914

400898,-15442

400898,-15372

400898,-14822

400898,-14643

400898,-14664

400898,-14876

400898,-14087

400899,-13045

400899,-12211

400899,-12483

400905,-12577

400905,-13265

400905,-12653

400905,-12703

400905,-12148

400906,-12214

400906,-12412

400906,-12546

400906,-11738

400906,-12500

400906,-12450

400906,-12449

400906,-12893

400907,-12716

400907,-11702

400907,-11896

400913,-11767

400913,-10876

400913,-11492

400913,-10605

400913,-10225

400914,-10371

400914,-8698

400914,-8228

400914,-8314

400914,-7954

400914,-7647

400914,-7365

400914,-6440

400915,-6229

400915,-6141

400915,-6816

400921,-4406

400921,-3956

400921,-2553

400921,-3357

400921,-1526

400922,-1839

400922,-1577

400922,-886

400922,37

400922,1067

400922,1617

400922,3280

400922,3840

400923,3672

400923,4994

400923,4440

400929,3771

400929,4067

400929,4162

400929,4223

400929,4161

400930,4989

400930,4980

400930,4154

400930,4629

400930,6154

400930,6298

400930,6812

400930,6448

400931,7472

400931,6794

400931,7845

400937,6972

400937,7645

400937,8460

400937,8685

400937,7762

400938,8262

400938,8112

400938,9407

400938,10114

400938,9434

400938,9697

400938,9667

400938,9748

400939,9986

400939,9035

400939,9085

400945,8909

400945,8443

400945,8531

400945,9073

400945,8551

400946,7872

400946,8042

400946,8019

400946,7599

400946,6464

400946,5447

400946,4615

400946,3293

400947,3138

400947,1566

400947,293

400953,-2312

400953,-4083

400953,-4152

400953,-4189

400953,-4580

400954,-5383

400954,-5607

400954,-7641

400954,-6813

400954,-7204

400954,-7418

400954,-7384

400954,-7034

400955,-7508

400955,-7697

400955,-8104

400961,-8428

400961,-8221

400961,-8656

400961,-10005

400961,-11077

400962,-11760

400962,-11972

400962,-12871

400962,-12440

400962,-12476

400962,-11964

400962,-10704

400962,-9435

400963,-8124

400963,-5237

400963,-3201

400969,-656

400969,2088

400969,3976

400969,5739

400969,6886

400970,8446

400970,10187

400970,12140

400970,11887

400970,12820

400970,13443

400970,15076

400970,14324

400971,15997

400971,16026

400971,16550

400977,15936

400977,16274

400977,16771

400977,16985

400977,16631

400978,15810

400978,16397

400978,15275

400978,16944

400978,15856

400978,15748

400978,14532

400978,13534

400979,12242

400979,11401

400979,11223

400985,10242

400985,8508

400985,7869

400985,8006

400985,6631

400986,7830

400986,8392

400986,6944

400986,7203

400986,7020

400986,7546

400986,7327

400986,8118

400987,8809

400987,9189

400987,8593

400993,9240

400993,8625

400993,8305

400993,7642

400993,8368

400994,7135

400994,6994

400994,7659

400994,6856

400994,6547

400994,5794

400994,6334

400994,6111

400995,6680

400995,6773

400995,6588

401001,4685

401001,4218

401001,3898

401001,2792

401001,2574

401002,1868

401002,1485

401002,1470

401002,1157

401002,937

401002,23

401002,-1139

401002,-1831

401003,-1661

401003,-2036

401003,-991

401009,-798

401009,-1552

401009,-3466

401009,-2201

401009,-1510

401010,-3076

401010,-3955

401010,-3520

401010,-3395

401010,-2808

401010,-1966

401010,-2482

401010,-1181

401011,-230

401011,-357

401011,4

401017,464

401017,723

401017,1635

401017,2375

401017,2974

401018,3066

401018,3283

401018,3177

401018,3786

401018,2696

401018,2264

401018,2950

401018,2987

401019,3385

401019,2829

401019,3888

401025,3876

401025,4553

401025,5464

401025,5611

401025,7011

401026,7542

401026,8628

401026,10294

401026,10120

401026,10463

401026,10169

401026,10741

401026,10659

401027,10022

401027,10566

401027,10013

401033,9658

401033,9113

401033,8533

401033,7769

401033,6885

401034,7513

401034,7085

401034,7524

401034,7571

401034,7562

401034,7948

401034,6776

401034,6940

401035,7143

401035,7036

401035,8048

401041,7235

401041,6773

401041,6875

401041,6623

401041,7241

401042,6462

401042,6668

401042,7443

401042,7259

401042,7321

401042,7605

401042,7943

401042,8126

401043,9311

401043,9682

401043,10593

401049,11484

401049,12261

401049,13638

401049,13723

401049,13718

401050,14213

401050,14353

401050,15366

401050,15741

401050,14936

401050,14416

401050,15604

401050,15327

401051,16187

401051,15511

401051,14276

401057,13742

401057,13722

401057,13543

401057,13232

401057,13272

401058,14222

401058,13787

401058,12605

401058,11152

401058,9463

401058,9149

401058,8791

401058,7679

401059,7139

401059,6404

401059,5947

401065,5175

401065,4856

401065,4051

401065,3375

401065,3215

401066,3577

401066,3702

401066,4300

401066,4174

401066,3506

401066,2545

401066,2755

401066,2073

401067,1184

401067,887

401067,302

401073,717

401073,885

401073,95

401073,-537

401073,-1932

401074,-2044

401074,-3747

401074,-4532

401074,-5628

401074,-6942

401074,-6926

401074,-7624

401074,-9094

401075,-9041

401075,-9060

401075,-10492

401081,-11417

401081,-11765

401081,-12220

401081,-12677

401081,-13159

401082,-13289

401082,-13408

401082,-13673

401082,-13169

401082,-12494

401082,-12192

401082,-11711

401082,-12837

401083,-12292

401083,-12144

401083,-11812

401089,-11390

401089,-9486

401089,-8230

401089,-7879

401089,-8325

401090,-7286

401090,-5500

401090,-4993

401090,-5218

401090,-5728

401090,-5333

401090,-6384

401090,-4822

401091,-5174

401091,-4714

401091,-4665

401097,-2753

401097,-2319

401097,-2053

401097,-1526

401097,-739

401098,1526

401098,2162

401098,3257

401098,4515

401098,6172

401098,6578

401098,7918

401098,8188

401099,8011

401099,9497

401099,9616

401105,11466

401105,10852

401105,11720

401105,10933

401105,11723

401106,13016

401106,13467

401106,14943

401106,15618

401106,15514

401106,16459

401106,17170

401106,18013

401107,17744

401107,18016

401107,17957

401113,18432

401113,18727

401113,18551

401113,18384

401113,18061

401114,19096

401114,18427

401114,18564

401114,18349

401114,17379

401114,17250

401114,17305

401114,16547

401115,17074

401115,15902

401115,15397

401121,13991

401121,13897

401121,12580

401121,11703

401121,12381

401122,11565

401122,10551

401122,11120

401122,11522

401122,12369

401122,13292

401122,13760

401122,14332

401123,14081

401123,14162

401123,13354

401129,14589

401129,15078

401129,15744

401129,15014

401129,15473

401130,14062

401130,15288

401130,14368

401130,15693

401130,15124

401130,15715

401130,15613

401130,15885

401131,15890

401131,15286

401131,15152

401137,14329

401137,14874

401137,13797

401137,13749

401137,13546

401138,12466

401138,11835

401138,10408

401138,10862

401138,9882

401138,9258

401138,8766

401138,8085

401139,8496

401139,8998

401139,9331

401145,9212

401145,9557

401145,9028

401145,8469

401145,7705

401146,7327

401146,7528

401146,7415

401146,8154

401146,8160

401146,8353

401146,7952

401146,7460

401147,7778

401147,7767

401147,6965

401153,7106

401153,5350

401153,4730

401153,5776

401153,4350

401154,3828

401154,4314

401154,2635

401154,3877

401154,4702

401154,4868

401154,4744

401154,5326

401155,5746

401155,6999

401155,6628

401161,6392

401161,5989

401161,4873

401161,4542

401161,3517

401162,2329

401162,1239

401162,379

401162,-1028

401162,-1497

401162,-1542

401162,-2079

401162,-1878

401163,-3640

401163,-3148

401163,-2377

401169,-2039

401169,-722

401169,-1444

401169,-1277

401169,-750

401170,-2151

401170,-1807

401170,-2588

401170,-1818

401170,-1904

401170,-1307

401170,-890

401170,-925

401171,165

401171,836

401171,792

401177,1944

401177,2798

401177,3122

401177,5353

401177,5041

401178,6630

401178,8100

401178,7557

401178,8773

401178,10000

401178,10388

401178,10616

401178,10820

401179,10347

401179,11498

401179,10637

401185,11312

401185,12138

401185,12598

401185,11966

401185,10824

401186,10459

401186,8411

401186,8820

401186,9375

401186,9259

401186,8217

401186,6895

401186,6575

401187,7004

401187,7893

401187,6999

401193,7042

401193,6846

401193,6382

401193,6539

401193,5985

401194,6641

401194,6104

401194,4494

401194,3892

401194,3296

401194,4637

401194,4424

401194,3309

401195,2467

401195,2215

401195,1816

401201,1602

401201,1551

401201,1877

401201,851

401201,401

401202,-193

401202,-1300

401202,-2005

401202,-1851

401202,-619

401202,-2231

401202,-2901

401202,-3584

401203,-4055

401203,-3449

401203,-3284

401209,-3099

401209,-3363

401209,-3524

401209,-2706

401209,-3622

401210,-4444

401210,-5395

401210,-5351

401210,-5106

401210,-4774

401210,-5659

401210,-6642

401210,-7275

401211,-6967

401211,-7824

401211,-9108

401217,-9459

401217,-10477

401217,-10094

401217,-10070

401217,-9796

401218,-9239

401218,-9460

401218,-9516

401218,-9591

401218,-8567

401218,-9057

401218,-8718

401218,-8506

401219,-9234

401219,-8813

401219,-9111

401225,-9977

401225,-10886

401225,-12820

401225,-13994

401225,-15098

401226,-14959

401226,-14514

401226,-14619

401226,-14392

401226,-12995

401226,-12686

401226,-12686

401226,-13377

401227,-11826

401227,-11361

401227,-8928

401233,-10321

401233,-10223

401233,-9806

401233,-10360

401233,-10766

401234,-10199

401234,-10859

401234,-11077

401234,-12149

401234,-12148

401234,-11639

401234,-11241

401234,-10209

401235,-10158

401235,-9891

401235,-9619

401241,-8202

401241,-7983

401241,-7481

401241,-7503

401241,-6815

401242,-5694

401242,-5897

401242,-4571

401242,-4164

401242,-4556

401242,-3633

401242,-3815

401242,-3717

401243,-3908

401243,-3731

401243,-3896

401249,-3231

401249,-3080

401249,-2123

401249,-758

401249,-527

401250,1369

401250,2647

401250,3157

401250,3644

401250,3383

401250,6436

401250,7504

401250,8422

401251,9777

401251,10325

401251,11060

401257,11735

401257,12970

401257,14564

401257,15060

401257,14807

401258,15432

401258,15662

401258,17011

401258,16815

401258,16879

401258,16811

401258,16107

401258,16512

401259,16118

401259,15813

401259,17395

401265,18090

401265,19050

401265,20296

401265,20458

401265,21244

401266,22094

401266,23666

401266,23764

401266,24325

401266,24995

401266,25762

401266,25521

401266,25391

401267,24811

401267,23560

401267,22382

401273,21219

401273,20568

401273,18841

401273,18187

401273,15797

401274,14072

401274,12590

401274,11200

401274,10340

401274,7699

401274,6859

401274,5752

401274,2885

401275,1094

401275,380

401275,-1810

401281,-2087

401281,-3336

401281,-5179

401281,-5802

401281,-7024

401282,-8494

401282,-9551

401282,-10085

401282,-11086

401282,-12872

401282,-13180

401282,-13150

401282,-14318

401283,-15308

401283,-15233

401283,-15759

401289,-15589

401289,-16175

401289,-15958

401289,-16069

401289,-16673

401290,-17148

401290,-16905

401290,-17565

401290,-17423

401290,-18238

401290,-18155

401290,-19438

401290,-19549

401291,-21150

401291,-21600

401291,-22480

401297,-23311

401297,-24353

401297,-24056

401297,-24748

401297,-23988

401298,-23636

401298,-24722

401298,-24458

401298,-25207

401298,-26020

401298,-26935

401298,-27789

401298,-28326

401299,-29715

401299,-29955

401299,-31317

401305,-31881

401305,-31538

401305,-30829

401305,-30720

401305,-30643

401306,-31459

401306,-30597

401306,-30307

401306,-29438

401306,-28830

401306,-28645

401306,-27527

401306,-27161

401307,-26072

401307,-24825

401307,-24841

401313,-23418

401313,-22650

401313,-22187

401313,-22156

401313,-20691

401314,-20787

401314,-19104

401314,-18723

401314,-18109

401314,-18070

401314,-16914

401314,-15923

401314,-15844

401315,-15647

401315,-14933

401315,-15453

401321,-14581

401321,-15104

401321,-15275

401321,-15037

401321,-15626

401322,-16093

401322,-16614

401322,-17943

401322,-17923

401322,-18130

401322,-19147

401322,-19448

401322,-20366

401323,-20681

401323,-22902

401323,-22023

401329,-23380

401329,-23642

401329,-24018

401329,-23942

401329,-23290

401330,-24427

401330,-25757

401330,-24380

401330,-24127

401330,-24267

401330,-24333

401330,-24991

401330,-25430

401331,-25932

401331,-25774

401331,-26711

401337,-28434

401337,-28966

401337,-30186

401337,-30560

401337,-31335

401338,-30555

401338,-30600

401338,-29313

401338,-28937

401338,-30376

401338,-29301

401338,-29541

401338,-30135

401339,-30912

401339,-31764

401339,-31460

401345,-32759

401345,-33947

401345,-35392

401345,-35921

401345,-36652

401346,-37283

401346,-38148

401346,-37732

401346,-38446

401346,-40098

401346,-41329

401346,-42966

401346,-43281

401347,-43521

401347,-42475

401347,-41383

401353,-42084

401353,-40924

401353,-41768

401353,-42241

401353,-41823

401354,-42093

401354,-42409

401354,-42606

401354,-41977

401354,-42727

401354,-41882

401354,-40825

401354,-40570

401355,-41125

401355,-41490

401355,-41057

401361,-40574

401361,-39195

401361,-38433

401361,-37741

401361,-37557

401362,-37591

401362,-37881

401362,-37042

401362,-37039

401362,-36610

401362,-36447

401362,-37340

401362,-36851

401363,-37064

401363,-37162

401363,-35998

401369,-35508

401369,-35150

401369,-34710

401369,-34827

401369,-35694

401370,-34642

401370,-34698

401370,-34380

401370,-34442

401370,-33968

401370,-32730

401370,-32380

401370,-31842

401371,-31567

401371,-31060

401371,-31463

401377,-31296

401377,-29982

401377,-29617

401377,-29010

401377,-30366

401378,-30754

401378,-32562

401378,-32080

401378,-31991

401378,-32038

401378,-33426

401378,-33514

401378,-33059

401379,-33530

401379,-33842

401379,-34623

401385,-34110

401385,-34721

401385,-33689

401385,-34950

401385,-35050

401386,-35346

401386,-35564

401386,-34361

401386,-34471

401386,-33327

401386,-31762

401386,-30909

401386,-30963

401387,-30614

401387,-29798

401387,-29628

401393,-29424

401393,-28652

401393,-28441

401393,-30040

401393,-29837

401394,-30243

401394,-30640

401394,-29898

401394,-31924

401394,-32325

401394,-32606

401394,-33574

401394,-34255

401395,-33646

401395,-34945

401395,-34953

401401,-35657

401401,-36916

401401,-36987

401401,-37075

401401,-37715

401402,-38717

401402,-40749

401402,-41226

401402,-42801

401402,-42624

401402,-42727

401402,-44123

401402,-44727

401403,-44921

401403,-46066

401403,-46530

401409,-47870

401409,-49014

401409,-49406

401409,-49283

401409,-48733

401410,-48722

401410,-49244

401410,-49332

401410,-48920

401410,-49683

401410,-50847

401410,-51476

401410,-51875

401411,-51787

401411,-52490

401411,-52660

401417,-52033

401417,-51753

401417,-52311

401417,-53124

401417,-53128

401418,-53755

401418,-54276

401418,-54852

401418,-54693

401418,-54763

401418,-55456

401418,-54632

401418,-54638

401419,-55225

401419,-55247

401419,-54988

401425,-56262

401425,-56336

401425,-56529

401425,-56374

401425,-56504

401426,-56354

401426,-56720

401426,-57304

401426,-58116

401426,-58843

401426,-58442

401426,-59487

401426,-59030

401427,-58571

401427,-58552

401427,-57599

401433,-57513

401433,-57607

401433,-57569

401433,-57904

401433,-58079

401434,-59129

401434,-59248

401434,-59278

401434,-59683

401434,-58785

401434,-58785

401434,-57763

401434,-57120

401435,-56880

401435,-56622

401435,-55748

401441,-54336

401441,-53692

401441,-52542

401441,-53424

401441,-53183

401442,-52598

401442,-53651

401442,-53486

401442,-53600

401442,-54490

401442,-54210

401442,-54200

401442,-55182

401443,-56129

401443,-56353

401443,-55163

401449,-54973

401449,-54871

401449,-54001

401449,-53526

401449,-52452

401450,-51860

401450,-50951

401450,-50943

401450,-50628

401450,-51325

401450,-51376

401450,-51488

401450,-52396

401451,-52251

401451,-51810

401451,-52419

401457,-53063

401457,-54129

401457,-53956

401457,-53969

401457,-53897

401458,-53883

401458,-53983

401458,-54000

401458,-53532

401458,-53698

401458,-52991

401458,-53363

401458,-52648

401459,-53269

401459,-53217

401459,-52980

401465,-53565

401465,-53320

401465,-53795

401465,-53499

401465,-53184

401466,-53816

401466,-52792

401466,-51901

401466,-52329

401466,-50526

401466,-49520

401466,-48436

401466,-47102

401467,-47298

401467,-46416

401467,-45126

401473,-44100

401473,-44166

401473,-43585

401473,-42571

401473,-42844

401474,-43240

401474,-42403

401474,-41709

401474,-41979

401474,-41455

401474,-41338

401474,-41260

401474,-41611

401475,-42384

401475,-42547

401475,-42913

401481,-43690

401481,-44047

401481,-44053

401481,-43519

401481,-43097

401482,-43180

401482,-44096

401482,-44597

401482,-44346

401482,-43623

401482,-42668

401482,-41787

401482,-40668

401483,-42045

401483,-41831

401483,-43234

401489,-43511

401489,-44899

401489,-45136

401489,-45109

401489,-45642

401490,-45329

401490,-45662

401490,-46748

401490,-47774

401490,-48071

401490,-47852

401490,-47249

401490,-47933

401491,-47099

401491,-47752

401491,-47033

401497,-46852

401497,-45681

401497,-44082

401497,-42660

401497,-42315

401498,-41946

401498,-40816

401498,-40023

401498,-38759

401498,-36803

401498,-37752

401498,-37203

401498,-36482

401499,-36554

401499,-36312

401499,-37543

401505,-37016

401505,-38156

401505,-38766

401505,-39510

401505,-40838

401506,-41034

401506,-40841

401506,-40699

401506,-40083

401506,-40695

401506,-39880

401506,-40581

401506,-40473

401507,-40219

401507,-39340

401507,-38949

401513,-39535

401513,-39147

401513,-38810

401513,-39269

401513,-39717

401514,-39752

401514,-39969

401514,-40069

401514,-40753

401514,-41069

401514,-41505

401514,-41634

401514,-39769

401515,-38746

401515,-38581

401515,-38944

401521,-37608

401521,-37224

401521,-36128

401521,-34851

401521,-34190

401522,-33430

401522,-33834

401522,-32861

401522,-32579

401522,-32694

401522,-32822

401522,-32220

401522,-31602

401523,-31147

401523,-30437

401523,-30092

401529,-28293

401529,-28437

401529,-27046

401529,-26892

401529,-26873

401530,-26972

401530,-26133

401530,-26720

401530,-26659

401530,-27974

401530,-28852

401530,-28369

401530,-28539

401531,-29723

401531,-29721

401531,-30217

401537,-29987

401537,-29693

401537,-28612

401537,-28535

401537,-28550

401538,-28736

401538,-29067

401538,-29559

401538,-29285

401538,-28571

401538,-29314

401538,-30058

401538,-30772

401539,-32904

401539,-32536

401539,-34060

401545,-35475

401545,-35548

401545,-36165

401545,-36195

401545,-35040

401546,-35089

401546,-35871

401546,-35217

401546,-35014

401546,-34808

401546,-34708

401546,-34506

401546,-35557

401547,-35673

401547,-35241

401547,-38039

401553,-38669

401553,-39102

401553,-40263

401553,-41440

401553,-42390

401554,-42930

401554,-45647

401554,-47182

401554,-49541

401554,-51167

401554,-52348

401554,-54271

401554,-55553

401555,-57457

401555,-57895

401555,-59676

401561,-60892

401561,-62485

401561,-63185

401561,-65176

401561,-66603

401562,-67600

401562,-68434

401562,-69806

401562,-71447

401562,-73319

401562,-73610

401562,-75967

401562,-77896

401563,-79828

401563,-80741

401563,-81817

401569,-82910

401569,-84220

401569,-84135

401569,-84854

401569,-85421

401570,-84873

401570,-85932

401570,-85059

401570,-85147

401570,-84756

401570,-84565

401570,-84899

401570,-85218

401571,-84970

401571,-83878

401571,-83637

401577,-83529

401577,-82393

401577,-81851

401577,-80768

401577,-81318

401578,-80226

401578,-80594

401578,-80794

401578,-80646

401578,-79918

401578,-80025

401578,-80728

401578,-79697

401579,-80747

401579,-79870

401579,-79862

401585,-79973

401585,-79805

401585,-79543

401585,-80319

401585,-80092

401586,-79489

401586,-78891

401586,-78637

401586,-79085

401586,-80111

401586,-80873

401586,-81229

401586,-82693

401587,-85336

401587,-86226

401587,-86786

401593,-88282

401593,-89670

401593,-90880

401593,-91140

401593,-91797

401594,-92212

401594,-93653

401594,-92678

401594,-93429

401594,-92433

401594,-93371

401594,-93690

401594,-93689

401595,-93701

401595,-93658

401595,-94323

401601,-94782

401601,-95579

401601,-96971

401601,-98255

401601,-99687

401602,-100225

401602,-101708

401602,-102421

401602,-103772

401602,-105614

401602,-107981

401602,-108967

401602,-108396

401603,-108942

401603,-110351

401603,-110071

401609,-110832

401609,-110330

401609,-112221

401609,-111403

401609,-112414

401610,-112280

401610,-113179

401610,-113940

401610,-114724

401610,-114735

401610,-114966

401610,-116000

401610,-115751

401611,-117146

401611,-116166

401611,-116450

401617,-114753

401617,-114358

401617,-114440

401617,-114089

401617,-113837

401618,-113211

401618,-113777

401618,-113667

401618,-114327

401618,-114389

401618,-116260

401618,-115697

401618,-115231

401619,-115560

401619,-114863

401619,-115325

401625,-115182

401625,-114447

401625,-114187

401625,-111902

401625,-109926

401626,-109529

401626,-109572

401626,-107947

401626,-107539

401626,-107051

401626,-106837

401626,-106465

401626,-106689

401627,-106039

401627,-105860

401627,-105954

401633,-105932

401633,-105075

401633,-103397

401633,-102835

401633,-102054

401634,-100945

401634,-101387

401634,-99295

401634,-98335

401634,-97412

401634,-96406

401634,-96262

401634,-95488

401635,-95418

401635,-95003

401635,-95552

401641,-96511

401641,-97020

401641,-97043

401641,-97565

401641,-98458

401642,-99616

401642,-99227

401642,-98177

401642,-97464

401642,-97187

401642,-97393

401642,-96859

401642,-97308

401643,-95889

401643,-94757

401643,-92208

401649,-92429

401649,-91456

401649,-91673

401649,-90692

401649,-90436

401650,-90997

401650,-90382

401650,-90657

401650,-89429

401650,-90354

401650,-91348

401650,-92441

401650,-91894

401651,-92119

401651,-91036

401651,-90326

401657,-90428

401657,-90183

401657,-89019

401657,-88560

401657,-86819

401658,-86785

401658,-85762

401658,-84528

401658,-84433

401658,-83909

401658,-83463

401658,-83267

401658,-83237

401659,-83705

401659,-83494

401659,-84025

401665,-83825

401665,-84645

401665,-84101

401665,-84428

401665,-85241

401666,-83915

401666,-83977

401666,-84195

401666,-83554

401666,-83261

401666,-82712

401666,-82757

401666,-83942

401667,-83560

401667,-84990

401667,-85147

401673,-84941

401673,-86092

401673,-86215

401673,-86189

401673,-86858

401674,-87688

401674,-87363

401674,-87999

401674,-87641

401674,-87523

401674,-86628

401674,-86044

401674,-86485

401675,-87028

401675,-87350

401675,-88163

401681,-88407

401681,-88712

401681,-88787

401681,-89698

401681,-88605

401682,-88043

401682,-87782

401682,-88041

401682,-86866

401682,-85309

401682,-85255

401682,-84112

401682,-83130

401683,-82807

401683,-81313

401683,-80441

401689,-79298

401689,-78855

401689,-78223

401689,-77621

401689,-77884

401690,-77852

401690,-76445

401690,-76702

401690,-77428

401690,-76450

401690,-76870

401690,-75650

401690,-75014

401691,-74098

401691,-74000

401691,-73898

401697,-72201

401697,-71134

401697,-69822

401697,-68951

401697,-67548

401698,-65577

401698,-65326

401698,-63888

401698,-63413

401698,-62144

401698,-61117

401698,-61040

401698,-59170

401699,-59155

401699,-58400

401699,-58156

401705,-57232

401705,-56686

401705,-57245

401705,-55794

401705,-55096

401706,-54945

401706,-54861

401706,-52767

401706,-50779

401706,-48917

401706,-47308

401706,-45384

401706,-44761

401707,-44441

401707,-43063

401707,-42765

401713,-41215

401713,-39839

401713,-39104

401713,-38583

401713,-38890

401714,-38389

401714,-37416

401714,-37281

401714,-36475

401714,-35770

401714,-35427

401714,-35230

401714,-33469

401715,-33723

401715,-33382

401715,-33693

401721,-32965

401721,-32601

401721,-31857

401721,-30901

401721,-31175

401722,-31019

401722,-30405

401722,-30451

401722,-29754

401722,-30036

401722,-28491

401722,-28776

401722,-28883

401723,-28673

401723,-28988

401723,-28651

401729,-29090

401729,-29348

401729,-29492

401729,-31212

401729,-30380

401730,-31923

401730,-32040

401730,-32099

401730,-33226

401730,-33121

401730,-33420

401730,-32339

401730,-32591

401731,-32222

401731,-31173

401731,-30857

401737,-29620

401737,-30278

401737,-28014

401737,-27165

401737,-27497

401738,-26860

401738,-27572

401738,-27932

401738,-27381

401738,-27124

401738,-26769

401738,-26872

401738,-27146

401739,-26346

401739,-27028

401739,-25351

401745,-25747

401745,-24495

401745,-24102

401745,-22836

401745,-23535

401746,-24042

401746,-23744

401746,-23913

401746,-24712

401746,-23677

401746,-23182

401746,-23700

401746,-24010

401747,-25707

401747,-26498

401747,-27307

401753,-27849

401753,-28734

401753,-28891

401753,-28458

401753,-29084

401754,-29951

401754,-29753

401754,-29611

401754,-28727

401754,-27827

401754,-27051

401754,-26416

401754,-25397

401755,-24349

401755,-23497

401755,-21993

401761,-21320

401761,-21416

401761,-21094

401761,-20701

401761,-21531

401762,-21433

401762,-22042

401762,-20467

401762,-20071

401762,-20024

401762,-19035

401762,-18917

401762,-19596

401763,-19151

401763,-18808

401763,-17196

401769,-16320

401769,-15929

401769,-15173

401769,-13863

401769,-15187

401770,-15595

401770,-13889

401770,-13433

401770,-12349

401770,-13622

401770,-13505

401770,-12573

401770,-11812

401771,-11670

401771,-10637

401771,-12399

401777,-12247

401777,-11919

401777,-11927

401777,-10848

401777,-12085

401778,-11548

401778,-10945

401778,-10171

401778,-10420

401778,-10512

401778,-11315

401778,-10743

401778,-10065

401779,-8654

401779,-7850

401779,-7020

401785,-5916

401785,-5041

401785,-3113

401785,-1410

401785,-475

401786,997

401786,635

401786,98

401786,1064

401786,1595

401786,2779

401786,3953

401786,3246

401787,3566

401787,4130

401787,3956

401793,3588

401793,4240

401793,5399

401793,6123

401793,7665

401794,9245

401794,9621

401794,10069

401794,10355

401794,9730

401794,9738

401794,10482

401794,11017

401795,11318

401795,12093

401795,12534

401801,12713

401801,12672

401801,11473

401801,10957

401801,10643

401802,11182

401802,10040

401802,10055

401802,11543

401802,12462

401802,12356

401802,12468

401802,11428

401803,11902

401803,11198

401803,10798

401809,11537

401809,11583

401809,12080

401809,12508

401809,12302

401810,12965

401810,12279

401810,11936

401810,12325

401810,11927

401810,11888

401810,11009

401810,10072

401811,10044

401811,10680

401811,10732

401817,10185

401817,10763

401817,10259

401817,9333

401817,9755

401818,10664

401818,10311

401818,11665

401818,10719

401818,10865

401818,9542

401818,9906

401818,10300

401819,9675

401819,10767

401819,10555

401825,11829

401825,12675

401825,14286

401825,13294

401825,13860

401826,14736

401826,14097

401826,13650

401826,13880

401826,14222

401826,14730

401826,15757

401826,15580

401827,15551

401827,15981

401827,17220

401833,17750

401833,19564

401833,21966

401833,24723

401833,27159

401834,28339

401834,30037

401834,31199

401834,32141

401834,33258

401834,34987

401834,36974

401834,38671

401835,41306

401835,41948

401835,44445

401841,45631

401841,46901

401841,47663

401841,50100

401841,51483

401842,55151

401842,56202

401842,59403

401842,62312

401842,63874

401842,67846

401842,69718

401842,71827

401843,73586

401843,75605

401843,77053

401849,78044

401849,79114

401849,79739

401849,82657

401849,84155

401850,84124

401850,83243

401850,84065

401850,84655

401850,85184

401850,84294

401850,84787

401850,85433

401851,85717

401851,86066

401851,86731

401857,87429

401857,88213

401857,87092

401857,87831

401857,87524

401858,88998

401858,89654

401858,90214

401858,90746

401858,91100

401858,91600

401858,91387

401858,91049

401859,90473

401859,90461

401859,90617

401865,90968

401865,91610

401865,92495

401865,92049

401865,92220

401866,92045

401866,92501

401866,92047

401866,92736

401866,94749

401866,94911

401866,94531

401866,96420

401867,95896

401867,96618

401867,95943

401873,96204

401873,94244

401873,94869

401873,95199

401873,95094

401874,95532

401874,96728

401874,97127

401874,96688

401874,96194

401874,95870

401874,96682

401874,96193

401875,97816

401875,98080

401875,98411

401881,98455

401881,98073

401881,97986

401881,98401

401881,97648

401882,96902

401882,95872

401882,96312

401882,95671

401882,94327

401882,94476

401882,96040

401882,94339

401883,94143

401883,93410

401883,94015

401889,93200

401889,93089

401889,92476

401889,91805

401889,91819

401890,91542

401890,91322

401890,91736

401890,90142

401890,90034

401890,90347

401890,90533

401890,89581

401891,90443

401891,89944

401891,90670

401897,90758

401897,91898

401897,90381

401897,90594

401897,91121

401898,91128

401898,92431

401898,92739

401898,93239

401898,92898

401898,93909

401898,93431

401898,93366

401899,94452

401899,93179

401899,93796

401905,94547

401905,94845

401905,95326

401905,95866

401905,95572

401906,95869

401906,95981

401906,96903

401906,97809

401906,98167

401906,98949

401906,99441

401906,99981

401907,102125

401907,102060

401907,103015

401913,103666

401913,103367

401913,103376

401913,103334

401913,103909

401914,104074

401914,105027

401914,105724

401914,106415

401914,107464

401914,107940

401914,109585

401914,109589

401915,109694

401915,109850

401915,110743

401921,112583

401921,113136

401921,113980

401921,114415

401921,114862

401922,114806

401922,115922

401922,117477

401922,117202

401922,117761

401922,119187

401922,120759

401922,121504

401923,121121

401923,121666

401923,120423

401929,120975

401929,122007

401929,121248

401929,121088

401929,121481

401930,121543

401930,121670

401930,121112

401930,121537

401930,120438

401930,119279

401930,118597

401930,118911

401931,116761

401931,116585

401931,116323

401937,114209

401937,114603

401937,114679

401937,112672

401937,112289

401938,111124

401938,109826

401938,109096

401938,108245

401938,107914

401938,106484

401938,105386

401938,103824

401939,100796

401939,98654

401939,97105

401945,95275

401945,92715

401945,91882

401945,90435

401945,89748

401946,88796

401946,88338

401946,87804

401946,87536

401946,86895

401946,86631

401946,87252

401946,87274

401947,86860

401947,87037

401947,86355

401953,84369

401953,82350

401953,80716

401953,79172

401953,79698

401954,79299

401954,78981

401954,80647

401954,79915

401954,79361

401954,79557

401954,78564

401954,79164

401955,79542

401955,79691

401955,80234

401961,80924

401961,79851

401961,80404

401961,80789

401961,80966

401962,80249

401962,80452

401962,80001

401962,80123

401962,80455

401962,80956

401962,80275

401962,79977

401963,79852

401963,80169

401963,79464

401969,78858

401969,78806

401969,78136

401969,77651

401969,76852

401970,76070

401970,75479

401970,74525

401970,75745

401970,76518

401970,76657

401970,75747

401970,75464

401971,75358

401971,75081

401971,74670

401977,75467

401977,74760

401977,74122

401977,74135

401977,72424

401978,71971

401978,71687

401978,70967

401978,70822

401978,70049

401978,68830

401978,66699

401978,65892

401979,65188

401979,64846

401979,64120

401985,63007

401985,63472

401985,63416

401985,64628

401985,65047

401986,65314

401986,67709

401986,68287

401986,68405

401986,68404

401986,68272

401986,68318

401986,67948

401987,66785

401987,66409

401987,65479

401993,63705

401993,63317

401993,60519

401993,59159

401993,58232

401994,56893

401994,56172

401994,56002

401994,54061

401994,53620

401994,54369

401994,54307

401994,54121

401995,54839

401995,54230

401995,54445

402001,55608

402001,55274

402001,55193

402001,55174

402001,54524

402002,53554

402002,52371

402002,50823

402002,49963

402002,48736

402002,48819

402002,48830

402002,48880

402003,49180

402003,48986

402003,48150

402009,47313

402009,47729

402009,49234

402009,48506

402009,48783

402010,48058

402010,48995

402010,48142

402010,47841

402010,48600

402010,47831

402010,46591

402010,47171

402011,45545

402011,44864

402011,42486

402017,41357

402017,40856

402017,39428

402017,38017

402017,36692

402018,34962

402018,32311

402018,30639

402018,28588

402018,27458

402018,26554

402018,25621

402018,25031

402019,25237

402019,24045

402019,24176

402025,24790

402025,24791

402025,25507

402025,25910

402025,27240

402026,26645

402026,26226

402026,26033

402026,26238

402026,26301

402026,26667

402026,26305

402026,26234

402027,25676

402027,26126

402027,26983

402033,27598

402033,28228

402033,29042

402033,28441

402033,29764

402034,30195

402034,31140

402034,31991

402034,33983

402034,35839

402034,37206

402034,38679

402034,39805

402035,39910

402035,41050

402035,40854

402041,40623

402041,40876

402041,40163

402041,39435

402041,39789

402042,38940

402042,36683

402042,35650

402042,34953

402042,34412

402042,33723

402042,32819

402042,32743

402043,31605

402043,32828

402043,33923

402049,33138

402049,34009

402049,33971

402049,33862

402049,34731

402050,35223

402050,35689

402050,36529

402050,37801

402050,36301

402050,37128

402050,35565

402050,35123

402051,33173

402051,33670

402051,33120

402057,31723

402057,31166

402057,30201

402057,29276

402057,28575

402058,28371

402058,27634

402058,27202

402058,25717

402058,26435

402058,24363

402058,23673

402058,24088

402059,23755

402059,23666

402059,25123

402065,24684

402065,25203

402065,23952

402065,22946

402065,22723

402066,21785

402066,19538

402066,18171

402066,16593

402066,15949

402066,15642

402066,13971

402066,14234

402067,12148

402067,11642

402067,10277

402073,10319

402073,9909

402073,10139

402073,10051

402073,10586

402074,11392

402074,11078

402074,10749

402074,11196

402074,12732

402074,14012

402074,13924

402074,15310

402075,14557

402075,14575

402075,15333

402081,15691

402081,14960

402081,13891

402081,14154

402081,12845

402082,13862

402082,14232

402082,14079

402082,14024

402082,14476

402082,14383

402082,14972

402082,15858

402083,15746

402083,16689

402083,19068

402089,20662

402089,22354

402089,24050

402089,24100

402089,24466

402090,24520

402090,23491

402090,22590

402090,22238

402090,20757

402090,19681

402090,18696

402090,17369

402091,16690

402091,14719

402091,13565

402097,13764

402097,13416

402097,12844

402097,12761

402097,12052

402098,12528

402098,12462

402098,12984

402098,11363

402098,11315

402098,11119

402098,9454

402098,9490

402099,10290

402099,9706

402099,9508

402105,10811

402105,10218

402105,10692

402105,10071

402105,9961

402106,10567

402106,9808

402106,10682

402106,9884

402106,10341

402106,10546

402106,10436

402106,11327

402107,10501

402107,11553

402107,13321

402113,12633

402113,13230

402113,13228

402113,13679

402113,14857

402114,15700

402114,16540

402114,17985

402114,19741

402114,20523

402114,21728

402114,21294

402114,21681

402115,21796

402115,21584

402115,21843

402121,20492

402121,21088

402121,20357

402121,19435

402121,19477

402122,19843

402122,20526

402122,21494

402122,22592

402122,23554

402122,24527

402122,25749

402122,26464

402123,26992

402123,27391

402123,27509

402129,28537

402129,28986

402129,30562

402129,30084

402129,29372

402130,30598

402130,30239

402130,31260

402130,30587

402130,30271

402130,31336

402130,31353

402130,30564

402131,29503

402131,29395

402131,30033

402137,28653

402137,28710

402137,29326

402137,29036

402137,28653

402138,28915

402138,28505

402138,29192

402138,29248

402138,29774

402138,30169

402138,30179

402138,30467

402139,30292

402139,30465

402139,30383

402145,30570

402145,30095

402145,29810

402145,29782

402145,29701

402146,29561

402146,27917

402146,27753

402146,26945

402146,26049

402146,26102

402146,24562

402146,25070

402147,25770

402147,25205

402147,23754

402153,23137

402153,24836

402153,25132

402153,25817

402153,26198

402154,26779

402154,26625

402154,27593

402154,28545

402154,29337

402154,29402

402154,29199

402154,29019

402155,28179

402155,26449

402155,25974

402161,24679

402161,22519

402161,23167

402161,22198

402161,20596

402162,20822

402162,21204

402162,21103

402162,22141

402162,22326

402162,23099

402162,23841

402162,24241

402163,24850

402163,25857

402163,27295

402169,28087

402169,28733

402169,29416

402169,28748

402169,27482

402170,27649

402170,26542

402170,26610

402170,24292

402170,25092

402170,24731

402170,24346

402170,23357

402171,24533

402171,24380

402171,24107

402177,24147

402177,24248

402177,25730

402177,26105

402177,25867

402178,26177

402178,26157

402178,26234

402178,25464

402178,27201

402178,27321

402178,27424

402178,26853

402179,26737

402179,26772

402179,26090

402185,25558

402185,25006

402185,24269

402185,22987

402185,21682

402186,22238

402186,20761

402186,20899

402186,20161

402186,20895

402186,20677

402186,21844

402186,22202

402187,23147

402187,23300

402187,24086

402193,26623

402193,27906

402193,30103

402193,31167

402193,32213

402194,32997

402194,33415

402194,34594

402194,35436

402194,36505

402194,36918

402194,36775

402194,37135

402195,36766

402195,35790

402195,34519

402201,33881

402201,32629

402201,32457

402201,31332

402201,29698

402202,29208

402202,29254

402202,28536

402202,29290

402202,29263

402202,28860

402202,28373

402202,28587

402203,28764

402203,28690

402203,28706

402209,27853

402209,25554

402209,25180

402209,22588

402209,20855

402210,19850

402210,18250

402210,17214

402210,15837

402210,14535

402210,13493

402210,12751

402210,12483

402211,12745

402211,12058

402211,11354

402217,11099

402217,10935

402217,10964

402217,10982

402217,11460

402218,12620

402218,12103

402218,11346

402218,12189

402218,11792

402218,12051

402218,10580

402218,10138

402219,10013

402219,8086

402219,7033

402225,6342

402225,5021

402225,3801

402225,3562

402225,3715

402226,4510

402226,3458

402226,3161

402226,3709

402226,3752

402226,4471

402226,5420

402226,6180

402227,5708

402227,8819

402227,9999

402233,9731

402233,9699

402233,9985

402233,10571

402233,10703

402234,10269

402234,9456

402234,9118

402234,8034

402234,6680

402234,6838

402234,5653

402234,5108

402235,5178

402235,5724

402235,5924

402241,5878

402241,5642

402241,6287

402241,8009

402241,9690

402242,11126

402242,12401

402242,14600

402242,14998

402242,16558

402242,18203

402242,17681

402242,17218

402243,17594

402243,17700

402243,17258

402249,18357

402249,17362

402249,16173

402249,16780

402249,16782

402250,15867

402250,14673

402250,14077

402250,14485

402250,14590

402250,14967

402250,16574

402250,16939

402251,17416

402251,18728

402251,19991

402257,20374

402257,20593

402257,20584

402257,20294

402257,20572

402258,20156

402258,19249

402258,18034

402258,16554

402258,15363

402258,14281

402258,12969

402258,11967

402259,10210

402259,8922

402259,8685

402265,7603

402265,5992

402265,6073

402265,6732

402265,6754

402266,5770

402266,5595

402266,5368

402266,5157

402266,4524

402266,4805

402266,4246

402266,4202

402267,5039

402267,6231

402267,6616

402273,7096

402273,7584

402273,6846

402273,5527

402273,5583

402274,5270

402274,4904

402274,3685

402274,2921

402274,2654

402274,2182

402274,1736

402274,1267

402275,531

402275,-101

402275,934

402281,1787

402281,1844

402281,2963

402281,3941

402281,4813

402282,6139

402282,6126

402282,6771

402282,7384

402282,7581

402282,8431

402282,7209

402282,6263

402283,6124

402283,5579

402283,4326

402289,2199

402289,2191

402289,537

402289,352

402289,644

402290,121

402290,792

402290,2159

402290,4470

402290,6171

402290,7651

402290,8552

402290,10513

402291,11877

402291,12918

402291,14490

402297,16061

402297,17650

402297,19413

402297,20595

402297,21085

402298,22198

402298,22567

402298,22208

402298,22284

402298,21476

402298,21340

402298,20517

402298,21056

402299,20560

402299,20312

402299,19219

402305,18383

402305,18931

402305,18593

402305,18519

402305,18421

402306,18317

402306,19107

402306,19564

402306,20685

402306,19638

402306,19528

402306,19274

402306,19124

402307,18532

402307,18507

402307,17369

402313,15948

402313,15548

402313,14734

402313,13452

402313,12461

402314,11236

402314,9973

402314,8345

402314,8344

402314,6948

402314,7401

402314,7345

402314,8475

402315,7739

402315,8626

402315,8051

402321,7083

402321,7615

402321,7985

402321,7134

402321,6811

402322,6727

402322,6284

402322,6115

402322,5934

402322,5695

402322,4707

402322,4790

402322,2582

402323,202

402323,-881

402323,-1127

402329,-1115

402329,-2529

402329,-2658

402329,-3794

402329,-5024

402330,-5264

402330,-4520

402330,-4994

402330,-5802

402330,-5442

402330,-5272

402330,-5135

402330,-6248

402331,-5587

402331,-5255

402331,-5854

402337,-5947

402337,-6288

402337,-7103

402337,-7825

402337,-8968

402338,-10011

402338,-11290

402338,-13246

402338,-13821

402338,-14850

402338,-16723

402338,-16702

402338,-16198

402339,-17162

402339,-18092

402339,-17796

402345,-17900

402345,-18246

402345,-18445

402345,-18249

402345,-18293

402346,-18997

402346,-19083

402346,-18496

402346,-19939

402346,-19756

402346,-20643

402346,-19550

402346,-19592

402347,-20904

402347,-20623

402347,-21081

402353,-21393

402353,-21825

402353,-22745

402353,-23992

402353,-24729

402354,-24732

402354,-25671

402354,-25693

402354,-27068

402354,-26260

402354,-25107

402354,-25226

402354,-23791

402355,-24665

402355,-24532

402355,-24235

402361,-24684

402361,-24577

402361,-23817

402361,-24758

402361,-23616

402362,-24869

402362,-24599

402362,-26393

402362,-26971

402362,-29314

402362,-30799

402362,-33755

402362,-36178

402363,-36431

402363,-37679

402363,-39528

402369,-40019

402369,-40158

402369,-40305

402369,-40630

402369,-40374

402370,-41278

402370,-39812

402370,-39910

402370,-38410

402370,-37142

402370,-35958

402370,-35824

402370,-35165

402371,-35143

402371,-33520

402371,-34600

402377,-35456

402377,-34922

402377,-35125

402377,-36185

402377,-36146

402378,-37834

402378,-38213

402378,-38172

402378,-37809

402378,-39814

402378,-40031

402378,-39801

402378,-39846

402379,-38416

402379,-38361

402379,-37005

402385,-36501

402385,-35505

402385,-35102

402385,-34120

402385,-34026

402386,-33227

402386,-31872

402386,-32246

402386,-31894

402386,-33470

402386,-34580

402386,-35464

402386,-37036

402387,-39150

402387,-41373

402387,-43999

402393,-45075

402393,-46128

402393,-46578

402393,-47056

402393,-46969

402394,-47270

402394,-47570

402394,-47625

402394,-47739

402394,-46745

402394,-45500

402394,-44425

402394,-43623

402395,-43270

402395,-42550

402395,-42553

402401,-42561

402401,-41685

402401,-41825

402401,-42482

402401,-42914

402402,-43364

402402,-44260

402402,-45373

402402,-46218

402402,-45827

402402,-46609

402402,-46065

402402,-47088

402403,-47298

402403,-48031

402403,-45791

402409,-44563

402409,-44290

402409,-41297

402409,-41055

402409,-40669

402410,-39254

402410,-38742

402410,-37552

402410,-38065

402410,-38523

402410,-38635

402410,-38582

402410,-39504

402411,-39361

402411,-40615

402411,-40834

402417,-40650

402417,-41744

402417,-41540

402417,-40503

402417,-40935

402418,-40892

402418,-41186

402418,-40382

402418,-39696

402418,-38299

402418,-38514

402418,-36538

402418,-36603

402419,-35020

402419,-33138

402419,-32304

402425,-31172

402425,-30377

402425,-28155

402425,-27456

402425,-26368

402426,-25893

402426,-26478

402426,-25819

402426,-25266

402426,-26006

402426,-27693

402426,-26531

402426,-27890

402427,-27251

402427,-29348

402427,-30010

402433,-30053

402433,-29778

402433,-29422

402433,-29728

402433,-28307

402434,-27461

402434,-26468

402434,-25640

402434,-24514

402434,-24455

402434,-23409

402434,-23397

402434,-22729

402435,-22625

402435,-23194

402435,-24329

402441,-24473

402441,-25617

402441,-26541

402441,-28382

402441,-29107

402442,-30065

402442,-32862

402442,-32454

402442,-33316

402442,-32987

402442,-32245

402442,-32664

402442,-33096

402443,-32434

402443,-31877

402443,-29744

402449,-28532

402449,-27472

402449,-26084

402449,-26278

402449,-25483

402450,-25530

402450,-26234

402450,-26887

402450,-25966

402450,-27279

402450,-27796

402450,-28039

402450,-29890

402451,-30033

402451,-31337

402451,-32040

402457,-32224

402457,-32020

402457,-31705

402457,-31030

402457,-29991

402458,-29112

402458,-29142

402458,-28355

402458,-27230

402458,-26072

402458,-26296

402458,-26180

402458,-26204

402459,-25807

402459,-24977

402459,-24458

402465,-24774

402465,-26306

402465,-25743

402465,-26657

402465,-27145

402466,-26452

402466,-26771

402466,-28201

402466,-29056

402466,-29168

402466,-29928

402466,-28742

402466,-29360

402467,-29996

402467,-29315

402467,-29372

402473,-29715

402473,-29362

402473,-27269

402473,-26188

402473,-27164

402474,-26098

402474,-25599

402474,-25399

402474,-25744

402474,-25661

402474,-25414

402474,-27033

402474,-27287

402475,-29303

402475,-30951

402475,-33339

402481,-35110

402481,-37464

402481,-38938

402481,-39994

402481,-40687

402482,-42280

402482,-43351

402482,-44611

402482,-45012

402482,-44684

402482,-43620

402482,-43537

402482,-42183

402483,-42479

402483,-42780

402483,-42593

402489,-42297

402489,-42251

402489,-40697

402489,-40786

402489,-41347

402490,-42120

402490,-41424

402490,-42955

402490,-44037

402490,-44074

402490,-45184

402490,-45395

402490,-45669

402491,-45906

402491,-44481

402491,-44260

402497,-43687

402497,-43036

402497,-42016

402497,-40107

402497,-39669

402498,-39206

402498,-37910

402498,-36335

402498,-35533

402498,-36445

402498,-35075

402498,-35010

402498,-35467

402499,-35496

402499,-36548

402499,-36240

402505,-37235

402505,-37322

402505,-37775

402505,-37400

402505,-38917

402506,-38803

402506,-38646

402506,-38939

402506,-38160

402506,-38381

402506,-36898

402506,-37724

402506,-37530

402507,-36544

402507,-35446

402507,-33991

402513,-33479

402513,-32336

402513,-31722

402513,-30110

402513,-30320

402514,-29258

402514,-28515

402514,-27576

402514,-27249

402514,-26961

402514,-26620

402514,-26445

402514,-26548

402515,-26095

402515,-27182

402515,-27279

402521,-28728

402521,-28363

402521,-28335

402521,-29335

402521,-29221

402522,-28798

402522,-28814

402522,-27573

402522,-27732

402522,-27405

402522,-25920

402522,-24577

402522,-24150

402523,-23485

402523,-22239

402523,-22073

402529,-22121

402529,-21818

402529,-22797

402529,-23852

402529,-25844

402530,-27214

402530,-29027

402530,-30908

402530,-32810

402530,-34109

402530,-34722

402530,-35234

402530,-34241

402531,-34877

402531,-35092

402531,-34340

RAW_SUMMARY id=6 requested=6000 captured=6000 unused_capacity=0 max_pcm_abs=172975 raw_mean=6693.2 raw_abs_mean=48494.4 raw_min=-128057 raw_max=172975 baseline=16.3

OK RAW

