# run: clap_r2_msb_3
# firmware: role=analyzer git=1c743a2 version=0.4.0
# imported-from: clap_3.log (mtime 2026-10-09T12:09:17)
RAW_INFO mode=i2s output=csv

RAW_INFO row_size=12

RAW_BEGIN id=3 sr=2000 trigger_ms=364382 command_ms=364369 emit_seen=1 emit_start_ms=364382 emit_done_ms=364479 f=3200 dur=100 pre_ms=0 post_ms=3000 decim=8 pre_samples=0 post_samples=6000 mode=i2s output=csv fields=ms,pcm

ms,pcm

364385,4504

364385,43216

364385,3609

364385,35617

364385,19630

364386,13193

364386,36860

364386,7895

364386,33355

364386,22956

364386,10683

364386,41091

364386,1431

364387,34372

364387,18419

364387,10320

364393,37942

364393,1610

364393,31430

364393,20317

364393,6376

364394,37511

364394,595

364394,31278

364394,18501

364394,10210

364394,37359

364394,2543

364394,33591

364395,19835

364395,10312

364395,41022

364401,831

364401,33859

364401,18368

364401,9477

364401,38300

364402,-1019

364402,33188

364402,19671

364402,10155

364402,40796

364402,1934

364402,34449

364402,19826

364403,10905

364403,42751

364403,1276

364409,34782

364409,21141

364409,12871

364409,43533

364409,4215

364410,37108

364410,23486

364410,15712

364410,45037

364410,9673

364410,40460

364410,30895

364410,19910

364411,51178

364411,14204

364411,45515

364417,33066

364417,23233

364417,52633

364417,15497

364417,47425

364418,34078

364418,24714

364418,52444

364418,16392

364418,46008

364418,33907

364418,25226

364418,53541

364419,15682

364419,47529

364419,34108

364425,25301

364425,54603

364425,17897

364425,48196

364425,36752

364426,26598

364426,56005

364426,18267

364426,49095

364426,36421

364426,27612

364426,56347

364426,20343

364427,51198

364427,38981

364427,28124

364433,58864

364433,19601

364433,52846

364433,39411

364433,28453

364434,58594

364434,18747

364434,50579

364434,36770

364434,25601

364434,57034

364434,15315

364434,47952

364435,33809

364435,21026

364435,54865

364441,10039

364441,45259

364441,28118

364441,16135

364441,50496

364442,4440

364442,41002

364442,22622

364442,11686

364442,45730

364442,-252

364442,37191

364442,17691

364443,6976

364443,39609

364443,-7099

364449,30868

364449,10689

364449,1530

364449,32296

364449,-11564

364450,25847

364450,5622

364450,-2445

364450,28730

364450,-15052

364450,22475

364450,4148

364450,-3683

364451,30020

364451,-14974

364451,24829

364457,6149

364457,-2269

364457,32444

364457,-12622

364457,26566

364458,8178

364458,-856

364458,31684

364458,-11499

364458,25132

364458,6698

364458,-3216

364458,28730

364459,-13901

364459,23165

364459,4386

364465,-3873

364465,29838

364465,-13779

364465,24615

364465,6449

364466,-2086

364466,32419

364466,-12323

364466,25475

364466,7221

364466,-2209

364466,31288

364466,-12478

364467,24589

364467,7289

364467,-1678

364473,30784

364473,-11248

364473,26087

364473,9942

364473,2926

364474,35278

364474,-5414

364474,33654

364474,17108

364474,10712

364474,44617

364474,663

364474,39304

364475,22598

364475,14470

364475,48679

364481,6388

364481,43703

364481,26525

364481,18400

364481,29629

364482,31770

364482,30875

364482,32596

364482,28641

364482,35015

364482,29132

364482,36176

364482,33130

364483,32669

364483,35451

364483,31947

364489,36141

364489,31068

364489,28440

364489,34844

364489,25266

364490,33061

364490,28754

364490,28559

364490,31798

364490,26736

364490,31487

364490,28695

364490,28264

364491,33369

364491,24693

364491,33543

364497,29428

364497,29165

364497,33101

364497,27398

364497,33428

364498,30476

364498,27102

364498,35115

364498,26408

364498,34605

364498,30237

364498,30889

364498,32480

364499,28634

364499,32017

364499,31126

364505,28835

364505,30151

364505,27732

364505,28031

364505,27515

364506,26284

364506,30208

364506,23741

364506,29702

364506,26570

364506,26525

364506,28605

364506,22032

364507,27320

364507,22771

364507,20606

364513,25553

364513,18120

364513,25155

364513,19287

364513,18766

364514,22401

364514,18196

364514,21236

364514,18014

364514,17675

364514,21742

364514,15318

364514,20300

364515,18265

364515,15569

364515,20999

364521,13711

364521,18222

364521,14937

364521,13415

364521,17030

364522,11240

364522,16674

364522,14095

364522,12619

364522,17525

364522,11898

364522,18143

364522,13110

364523,14718

364523,18000

364523,12964

364529,17694

364529,16424

364529,13826

364529,19000

364529,13430

364530,16688

364530,14441

364530,13075

364530,15165

364530,13382

364530,15176

364530,13254

364530,14261

364531,16781

364531,13026

364531,16406

364537,12119

364537,15309

364537,13685

364537,11975

364537,14109

364538,10081

364538,10351

364538,7811

364538,7384

364538,6988

364538,5684

364538,4926

364538,4986

364539,5464

364539,5635

364539,5633

364545,6150

364545,4867

364545,7036

364545,5872

364545,8190

364546,7869

364546,8351

364546,8925

364546,8288

364546,9306

364546,9977

364546,8218

364546,9548

364547,6068

364547,9214

364547,6946

364553,7138

364553,6711

364553,4093

364553,6791

364553,4718

364554,4953

364554,6454

364554,3556

364554,5783

364554,4235

364554,4112

364554,5564

364554,3761

364555,5573

364555,2907

364555,3389

364561,3731

364561,2739

364561,3651

364561,1669

364561,2419

364562,2442

364562,1067

364562,3323

364562,568

364562,1898

364562,554

364562,848

364562,2464

364563,1675

364563,2657

364563,5028

364569,3878

364569,7080

364569,6194

364569,8491

364569,8997

364570,10376

364570,12144

364570,10892

364570,14047

364570,13314

364570,14288

364570,17689

364570,17388

364571,19214

364571,18808

364571,19355

364577,22160

364577,22503

364577,25107

364577,25176

364577,25581

364578,26172

364578,26207

364578,26635

364578,26587

364578,26162

364578,26336

364578,25806

364578,26863

364579,24502

364579,25079

364579,25374

364585,23653

364585,24565

364585,22197

364585,21669

364585,22166

364586,20485

364586,20377

364586,20367

364586,19986

364586,19431

364586,19713

364586,19708

364586,19538

364587,19912

364587,19986

364587,20653

364593,20825

364593,20707

364593,20749

364593,21128

364593,20334

364594,20788

364594,22072

364594,22810

364594,23573

364594,23205

364594,24325

364594,23792

364594,23988

364595,23860

364595,22544

364595,22815

364601,21349

364601,19786

364601,19270

364601,18184

364601,16573

364602,16316

364602,14784

364602,14170

364602,12543

364602,11003

364602,9286

364602,8320

364602,8448

364603,7084

364603,6372

364603,5432

364609,3808

364609,3089

364609,2515

364609,1279

364609,888

364610,1195

364610,1654

364610,772

364610,3401

364610,3595

364610,4442

364610,5749

364610,6637

364611,6901

364611,7310

364611,8338

364617,9826

364617,10450

364617,11527

364617,11995

364617,10706

364618,9189

364618,9110

364618,9450

364618,9653

364618,10119

364618,8666

364618,7924

364618,8288

364619,7378

364619,7683

364619,7587

364625,7216

364625,6022

364625,4755

364625,5009

364625,2432

364626,1225

364626,1708

364626,-230

364626,824

364626,-1643

364626,-2347

364626,-3890

364626,-6485

364627,-7924

364627,-9899

364627,-12326

364633,-12793

364633,-13752

364633,-13526

364633,-13916

364633,-13853

364634,-14967

364634,-15844

364634,-14850

364634,-15456

364634,-15832

364634,-14655

364634,-15698

364634,-15016

364635,-15340

364635,-15561

364635,-13895

364641,-14390

364641,-12446

364641,-13431

364641,-11855

364641,-11158

364642,-9838

364642,-8498

364642,-9308

364642,-7916

364642,-8111

364642,-8032

364642,-8212

364642,-8711

364643,-9213

364643,-9689

364643,-10672

364649,-10119

364649,-12482

364649,-13663

364649,-14439

364649,-15250

364650,-15811

364650,-16588

364650,-16792

364650,-17330

364650,-19043

364650,-19065

364650,-19890

364650,-20144

364651,-21334

364651,-22075

364651,-21725

364657,-22460

364657,-22092

364657,-22328

364657,-23185

364657,-23237

364658,-23868

364658,-23166

364658,-23360

364658,-23062

364658,-23504

364658,-22816

364658,-21575

364658,-20938

364659,-19589

364659,-18299

364659,-17467

364665,-15762

364665,-15678

364665,-14769

364665,-13988

364665,-14004

364666,-12518

364666,-12174

364666,-11294

364666,-11240

364666,-10977

364666,-11981

364666,-11401

364666,-12972

364667,-12560

364667,-13958

364667,-14570

364673,-15310

364673,-15078

364673,-15392

364673,-15228

364673,-15681

364674,-16438

364674,-17510

364674,-18998

364674,-20215

364674,-21977

364674,-23049

364674,-23428

364674,-24003

364675,-23879

364675,-24210

364675,-25082

364681,-25275

364681,-25224

364681,-24863

364681,-25049

364681,-25401

364682,-25259

364682,-23555

364682,-22449

364682,-20982

364682,-20397

364682,-19498

364682,-19348

364682,-18569

364683,-17400

364683,-16461

364683,-14711

364689,-13984

364689,-12804

364689,-10321

364689,-10623

364689,-8901

364690,-8655

364690,-7106

364690,-6789

364690,-5777

364690,-4403

364690,-4176

364690,-4371

364690,-4705

364691,-5563

364691,-5288

364691,-6915

364697,-7532

364697,-8078

364697,-8545

364697,-8215

364697,-9020

364698,-8960

364698,-9260

364698,-9379

364698,-9595

364698,-9759

364698,-10630

364698,-10552

364698,-11414

364699,-10922

364699,-10928

364699,-10819

364705,-11352

364705,-11762

364705,-11630

364705,-11048

364705,-11110

364706,-10483

364706,-9496

364706,-7734

364706,-5905

364706,-4784

364706,-3390

364706,-2126

364706,9

364707,599

364707,1722

364707,3101

364713,2992

364713,3924

364713,4292

364713,6414

364713,7116

364714,7782

364714,8942

364714,9541

364714,11262

364714,12040

364714,11922

364714,12629

364714,12756

364715,13452

364715,14475

364715,14553

364721,15432

364721,15690

364721,15964

364721,15167

364721,16113

364722,16129

364722,16598

364722,17079

364722,17368

364722,17514

364722,17400

364722,17179

364722,17513

364723,17991

364723,18640

364723,19056

364729,19194

364729,19385

364729,18910

364729,19014

364729,19421

364730,19965

364730,19532

364730,21028

364730,21801

364730,22439

364730,23700

364730,24599

364730,25540

364731,26778

364731,27359

364731,26837

364737,26027

364737,26551

364737,25195

364737,25465

364737,25433

364738,23921

364738,23636

364738,22967

364738,21777

364738,22034

364738,20316

364738,19150

364738,18256

364739,18022

364739,18815

364739,17070

364745,16114

364745,15315

364745,14696

364745,12628

364745,11530

364746,10642

364746,9058

364746,6527

364746,4880

364746,3408

364746,2056

364746,1528

364746,-116

364747,-1257

364747,-4084

364747,-5532

364753,-6659

364753,-6950

364753,-9231

364753,-10851

364753,-11910

364754,-14066

364754,-15788

364754,-16594

364754,-18202

364754,-18901

364754,-21338

364754,-22090

364754,-24102

364755,-25541

364755,-27368

364755,-27269

364761,-28857

364761,-30129

364761,-30295

364761,-30390

364761,-31563

364762,-32270

364762,-32909

364762,-33545

364762,-32925

364762,-33029

364762,-33417

364762,-35881

364762,-36748

364763,-37264

364763,-38013

364763,-38855

364769,-40766

364769,-41065

364769,-41609

364769,-41791

364769,-42528

364770,-43170

364770,-44206

364770,-43424

364770,-44797

364770,-44818

364770,-44102

364770,-43562

364770,-43517

364771,-42195

364771,-41768

364771,-40945

364777,-40276

364777,-39260

364777,-39285

364777,-38023

364777,-38171

364778,-36818

364778,-36690

364778,-35931

364778,-36477

364778,-34510

364778,-32631

364778,-30673

364778,-29777

364779,-28263

364779,-27046

364779,-24933

364785,-23235

364785,-22282

364785,-20996

364785,-18517

364785,-17453

364786,-15473

364786,-15260

364786,-12951

364786,-12091

364786,-10842

364786,-10310

364786,-9334

364786,-8048

364787,-6816

364787,-6659

364787,-5454

364793,-4722

364793,-3343

364793,-2013

364793,-1230

364793,785

364794,1639

364794,4656

364794,5383

364794,6652

364794,7948

364794,9759

364794,10932

364794,12236

364795,13604

364795,14359

364795,15779

364801,15961

364801,16889

364801,18855

364801,18644

364801,20659

364802,21935

364802,22819

364802,24027

364802,24873

364802,26824

364802,27831

364802,29241

364802,29420

364803,29391

364803,28956

364803,29517

364809,28138

364809,28910

364809,28712

364809,27184

364809,26851

364810,25079

364810,24959

364810,24638

364810,24253

364810,23193

364810,22587

364810,23707

364810,23344

364811,23440

364811,22025

364811,19683

364817,18542

364817,18058

364817,16760

364817,15513

364817,14710

364818,14211

364818,13239

364818,11795

364818,11683

364818,10812

364818,10023

364818,10335

364818,10781

364819,10746

364819,10220

364819,9350

364825,10085

364825,10397

364825,8997

364825,8659

364825,7300

364826,6819

364826,6414

364826,4631

364826,5382

364826,5516

364826,5958

364826,5926

364826,6141

364827,6054

364827,6382

364827,6195

364833,5792

364833,4809

364833,4380

364833,5277

364833,4241

364834,5082

364834,4615

364834,4314

364834,3607

364834,2606

364834,3170

364834,2617

364834,2022

364835,1251

364835,1137

364835,1168

364841,813

364841,918

364841,551

364841,580

364841,-199

364842,-380

364842,530

364842,246

364842,669

364842,303

364842,682

364842,640

364842,558

364843,458

364843,1985

364843,1737

364849,3244

364849,3320

364849,3546

364849,4060

364849,4864

364850,6735

364850,7042

364850,9146

364850,10863

364850,11164

364850,10957

364850,12284

364850,13241

364851,14178

364851,14840

364851,15893

364857,17047

364857,16954

364857,17442

364857,17474

364857,18208

364858,17869

364858,18304

364858,18055

364858,18433

364858,16703

364858,16748

364858,16685

364858,18068

364859,17953

364859,17932

364859,18968

364865,18778

364865,18705

364865,18935

364865,19173

364865,18667

364866,17940

364866,17185

364866,17086

364866,16071

364866,15564

364866,14708

364866,13731

364866,12756

364867,11642

364867,11188

364867,11421

364873,10547

364873,10654

364873,10744

364873,9930

364873,10451

364874,10231

364874,9718

364874,10101

364874,9519

364874,9560

364874,8239

364874,7881

364874,7153

364875,6743

364875,6574

364875,7111

364881,6535

364881,6865

364881,6107

364881,5115

364881,4359

364882,3950

364882,2991

364882,2501

364882,2756

364882,1831

364882,187

364882,201

364882,-1669

364883,-2021

364883,-4267

364883,-7016

364889,-8081

364889,-9882

364889,-12076

364889,-13097

364889,-14376

364890,-15965

364890,-16793

364890,-18202

364890,-19543

364890,-21105

364890,-22261

364890,-23575

364890,-25580

364891,-27157

364891,-29424

364891,-30955

364897,-32465

364897,-34769

364897,-36432

364897,-37720

364897,-39021

364898,-39467

364898,-40835

364898,-40645

364898,-41579

364898,-41202

364898,-40166

364898,-39956

364898,-40618

364899,-38858

364899,-38589

364899,-38276

364905,-37253

364905,-37308

364905,-37284

364905,-37259

364905,-36698

364906,-37942

364906,-38505

364906,-38577

364906,-39061

364906,-41109

364906,-39880

364906,-39610

364906,-39601

364907,-39334

364907,-38531

364907,-39257

364913,-38057

364913,-36739

364913,-37425

364913,-34957

364913,-34668

364914,-33862

364914,-37014

364914,-35582

364914,-36233

364914,-34465

364914,-35656

364914,-34891

364914,-35518

364915,-39195

364915,-39941

364915,-40025

364921,-40577

364921,-38149

364921,-35220

364921,-24194

364921,-17595

364922,56811

364922,-80094

364922,52300

364922,-109193

364922,-150736

364922,-130639

364922,-65751

364922,-45813

364923,-1278

364923,25908

364923,68726

364929,52166

364929,29144

364929,24612

364929,-24862

364929,-17190

364930,-14280

364930,28228

364930,18167

364930,-5814

364930,-4890

364930,25275

364930,-9282

364930,-11159

364931,-13099

364931,-29329

364931,-42368

364937,-44588

364937,-48326

364937,-17725

364937,4944

364937,-10370

364938,-21838

364938,-6360

364938,-4898

364938,-1364

364938,-34407

364938,-30788

364938,-27436

364938,-30352

364939,-9879

364939,-14485

364939,-8173

364945,-17394

364945,-36579

364945,-20612

364945,-7462

364945,-10352

364946,-21461

364946,-15865

364946,2167

364946,-7772

364946,-323

364946,-13733

364946,-2088

364946,5487

364947,9239

364947,5407

364947,3383

364953,12536

364953,15378

364953,-160

364953,-16735

364953,-9700

364954,-21305

364954,-4880

364954,-5534

364954,-6743

364954,8826

364954,18960

364954,10439

364954,11084

364955,6208

364955,2757

364955,2533

364961,8786

364961,3521

364961,89

364961,-19785

364961,-41875

364962,-31621

364962,-32975

364962,-24512

364962,-8904

364962,-9787

364962,-5310

364962,-9347

364962,-21552

364963,-16934

364963,-18118

364963,-17534

364969,-12957

364969,-10094

364969,-5614

364969,-10865

364969,-31550

364970,-35233

364970,-39234

364970,-40146

364970,-35088

364970,-27020

364970,-25566

364970,-31539

364970,-25175

364971,-18390

364971,-19114

364971,-29805

364977,-46682

364977,-50047

364977,-49480

364977,-32544

364977,-26339

364978,-27924

364978,-25869

364978,-41836

364978,-48112

364978,-44825

364978,-50352

364978,-46289

364978,-46761

364979,-42108

364979,-47249

364979,-45982

364985,-44343

364985,-35889

364985,-20985

364985,-22630

364985,-34742

364986,-46018

364986,-43698

364986,-43978

364986,-41216

364986,-45216

364986,-45596

364986,-45888

364986,-42294

364987,-31994

364987,-29446

364987,-26410

364993,-19989

364993,-21541

364993,-27051

364993,-29876

364993,-28440

364994,-23147

364994,-23707

364994,-25805

364994,-28023

364994,-19020

364994,-10756

364994,-6966

364994,-8643

364995,-8641

364995,-13723

364995,-6050

365001,-5938

365001,-7436

365001,-8348

365001,-6165

365001,-5271

365002,-9539

365002,-5864

365002,-8289

365002,-8378

365002,-7728

365002,-895

365002,-69

365002,-85

365003,7766

365003,3274

365003,-3360

365009,3145

365009,1725

365009,1533

365009,3288

365009,7225

365010,10804

365010,9606

365010,8107

365010,3249

365010,4967

365010,5631

365010,-6320

365010,-15927

365011,-11521

365011,-6126

365011,-3492

365017,-2982

365017,-1114

365017,-2518

365017,-1209

365017,-683

365018,-3230

365018,-9501

365018,-13200

365018,-18556

365018,-19797

365018,-12824

365018,-9983

365018,-8363

365019,-6477

365019,-6608

365019,-10205

365025,-12438

365025,-16253

365025,-16688

365025,-13138

365025,-12915

365026,-11291

365026,-7128

365026,-13661

365026,-17980

365026,-21403

365026,-17154

365026,-21015

365026,-21285

365027,-25005

365027,-25058

365027,-27254

365033,-23479

365033,-22643

365033,-24367

365033,-27652

365033,-25533

365034,-29260

365034,-30877

365034,-30835

365034,-36062

365034,-38738

365034,-35716

365034,-40014

365034,-36567

365035,-32454

365035,-31931

365035,-30046

365041,-31190

365041,-31147

365041,-31822

365041,-29840

365041,-28835

365042,-27768

365042,-25238

365042,-23835

365042,-25364

365042,-19469

365042,-21607

365042,-22015

365042,-22118

365043,-24552

365043,-20025

365043,-19293

365049,-20497

365049,-19483

365049,-19915

365049,-19888

365049,-23487

365050,-25922

365050,-25075

365050,-25284

365050,-23230

365050,-21269

365050,-19878

365050,-17005

365050,-16712

365051,-18846

365051,-18812

365051,-19531

365057,-16493

365057,-14755

365057,-19067

365057,-15635

365057,-14221

365058,-15215

365058,-11165

365058,-9349

365058,-6011

365058,-5253

365058,-5637

365058,-8245

365058,-3868

365059,-2829

365059,-1803

365059,-660

365065,1454

365065,3611

365065,4861

365065,5449

365065,9372

365066,12329

365066,12634

365066,13177

365066,14721

365066,12862

365066,13683

365066,15139

365066,14294

365067,15596

365067,16401

365067,17259

365073,21225

365073,20624

365073,22150

365073,23513

365073,24381

365074,25971

365074,28499

365074,28456

365074,27682

365074,26278

365074,24014

365074,23013

365074,18926

365075,19999

365075,22143

365075,23876

365081,25498

365081,23760

365081,23660

365081,23944

365081,23161

365082,22875

365082,26239

365082,25404

365082,21894

365082,21321

365082,20064

365082,19430

365082,18687

365083,18381

365083,17640

365083,19112

365089,18945

365089,18046

365089,17460

365089,16019

365089,14250

365090,12948

365090,11725

365090,11175

365090,10340

365090,10022

365090,9463

365090,9147

365090,8693

365091,7753

365091,6287

365091,6395

365097,4754

365097,2502

365097,-1520

365097,-2481

365097,-5188

365098,-6902

365098,-7467

365098,-10333

365098,-11070

365098,-9780

365098,-11200

365098,-10298

365098,-10894

365099,-12955

365099,-16012

365099,-17230

365105,-19526

365105,-18962

365105,-17781

365105,-16749

365105,-17113

365106,-17397

365106,-16951

365106,-17211

365106,-18570

365106,-18538

365106,-19372

365106,-20523

365106,-19301

365107,-16537

365107,-17284

365107,-15557

365113,-16019

365113,-13683

365113,-14244

365113,-14151

365113,-13121

365114,-13871

365114,-13972

365114,-12951

365114,-13873

365114,-15904

365114,-15561

365114,-14853

365114,-15204

365115,-13692

365115,-11758

365115,-11351

365121,-9640

365121,-10444

365121,-8413

365121,-8604

365121,-7009

365122,-4889

365122,-2945

365122,-1570

365122,-921

365122,76

365122,226

365122,367

365122,2231

365123,3452

365123,3332

365123,2091

365129,2065

365129,2433

365129,2666

365129,2474

365129,3115

365130,3942

365130,3122

365130,3241

365130,4692

365130,5210

365130,6259

365130,6393

365130,6656

365131,6470

365131,7604

365131,8723

365137,7604

365137,7420

365137,6049

365137,4614

365137,3900

365138,3623

365138,1786

365138,1947

365138,3118

365138,3405

365138,4523

365138,3568

365138,3404

365139,3850

365139,4861

365139,4923

365145,4996

365145,6686

365145,6156

365145,6069

365145,4637

365146,4736

365146,5965

365146,5504

365146,6990

365146,7018

365146,6620

365146,6499

365146,8234

365147,9149

365147,9925

365147,10850

365153,10572

365153,11001

365153,10509

365153,10887

365153,10754

365154,9566

365154,10205

365154,11154

365154,11783

365154,11802

365154,12192

365154,11150

365154,11537

365155,9761

365155,9974

365155,8684

365161,8504

365161,7249

365161,7184

365161,7520

365161,8134

365162,9058

365162,9819

365162,8095

365162,7262

365162,8412

365162,8860

365162,8975

365162,8973

365163,8068

365163,8739

365163,7923

365169,7085

365169,5116

365169,5153

365169,4341

365169,3645

365170,4753

365170,4583

365170,5248

365170,5961

365170,5887

365170,5624

365170,6207

365170,6406

365171,5378

365171,6536

365171,7588

365177,8761

365177,9081

365177,9571

365177,10070

365177,8815

365178,8959

365178,8853

365178,8895

365178,9174

365178,8741

365178,8725

365178,7700

365178,7107

365179,7643

365179,7108

365179,6352

365185,6884

365185,6630

365185,5735

365185,5127

365185,4728

365186,4212

365186,3859

365186,3095

365186,1848

365186,1

365186,489

365186,-647

365186,-255

365187,-309

365187,148

365187,750

365193,1070

365193,2410

365193,4025

365193,4851

365193,5634

365194,5697

365194,6778

365194,7502

365194,6959

365194,7781

365194,8577

365194,8143

365194,9017

365195,8536

365195,8899

365195,8815

365201,9953

365201,9903

365201,9927

365201,9153

365201,9780

365202,8442

365202,10713

365202,11202

365202,10747

365202,11089

365202,11388

365202,12008

365202,12770

365203,13010

365203,12609

365203,12389

365209,11771

365209,10267

365209,9589

365209,7800

365209,6570

365210,6289

365210,4763

365210,3449

365210,2527

365210,1366

365210,-302

365210,-1598

365210,-2223

365211,-3103

365211,-4938

365211,-5819

365217,-7439

365217,-7993

365217,-9122

365217,-11987

365217,-12917

365218,-15099

365218,-15459

365218,-16341

365218,-17169

365218,-18174

365218,-18345

365218,-18736

365218,-21123

365219,-22047

365219,-22950

365219,-23020

365225,-25036

365225,-25243

365225,-24561

365225,-24228

365225,-24166

365226,-23277

365226,-23496

365226,-23906

365226,-24659

365226,-24201

365226,-25699

365226,-26312

365226,-25620

365227,-26167

365227,-26466

365227,-25667

365233,-26671

365233,-27041

365233,-27753

365233,-27737

365233,-28027

365234,-27996

365234,-27628

365234,-27513

365234,-26656

365234,-26732

365234,-26485

365234,-25949

365234,-27015

365235,-27874

365235,-27393

365235,-27713

365241,-27561

365241,-27254

365241,-26291

365241,-27047

365241,-27473

365242,-26108

365242,-25547

365242,-25450

365242,-24752

365242,-23859

365242,-23374

365242,-21997

365242,-21057

365243,-19098

365243,-18934

365243,-19265

365249,-18126

365249,-16989

365249,-15094

365249,-14383

365249,-13825

365250,-11540

365250,-9407

365250,-8021

365250,-7569

365250,-7671

365250,-6801

365250,-6063

365250,-5299

365251,-4632

365251,-4122

365251,-3591

365257,-3234

365257,-3250

365257,-3349

365257,-4322

365257,-4603

365258,-4945

365258,-4517

365258,-5519

365258,-6266

365258,-6116

365258,-6596

365258,-7942

365258,-8136

365259,-7282

365259,-8056

365259,-6758

365265,-7473

365265,-6971

365265,-7230

365265,-6891

365265,-7611

365266,-6880

365266,-6975

365266,-6884

365266,-6537

365266,-7054

365266,-7684

365266,-7088

365266,-6116

365267,-5989

365267,-5895

365267,-5491

365273,-4994

365273,-6119

365273,-5504

365273,-5287

365273,-5506

365274,-6195

365274,-5674

365274,-5168

365274,-4925

365274,-4929

365274,-3945

365274,-3600

365274,-3800

365275,-3905

365275,-4487

365275,-3672

365281,-2392

365281,-2523

365281,-2161

365281,-2225

365281,-2138

365282,-1785

365282,-2448

365282,-2707

365282,-2923

365282,-3176

365282,-3707

365282,-4751

365282,-5544

365283,-5227

365283,-5433

365283,-6662

365289,-5495

365289,-6390

365289,-7353

365289,-7603

365289,-7299

365290,-7665

365290,-7481

365290,-8859

365290,-8435

365290,-8781

365290,-9169

365290,-10076

365290,-10480

365291,-10855

365291,-11662

365291,-11688

365297,-12353

365297,-11100

365297,-9765

365297,-9767

365297,-10050

365298,-10632

365298,-10403

365298,-10040

365298,-10945

365298,-11196

365298,-10563

365298,-12003

365298,-12747

365299,-13301

365299,-13417

365299,-14362

365305,-15391

365305,-14834

365305,-15491

365305,-14743

365305,-14441

365306,-14588

365306,-14087

365306,-14343

365306,-15472

365306,-15599

365306,-15592

365306,-16010

365306,-16105

365307,-16080

365307,-14953

365307,-15675

365313,-16399

365313,-16292

365313,-16217

365313,-16524

365313,-17005

365314,-16583

365314,-15669

365314,-14820

365314,-14380

365314,-13369

365314,-12399

365314,-11072

365314,-11763

365315,-11432

365315,-10353

365315,-10216

365321,-9710

365321,-9177

365321,-7692

365321,-7398

365321,-7148

365322,-6138

365322,-5530

365322,-5898

365322,-5186

365322,-3989

365322,-3703

365322,-3265

365322,-2660

365323,-2743

365323,-3257

365323,-4001

365329,-4166

365329,-3410

365329,-4335

365329,-4846

365329,-5177

365330,-4439

365330,-5557

365330,-4240

365330,-3859

365330,-3461

365330,-2774

365330,-2583

365330,-3322

365331,-1952

365331,-2664

365331,-2253

365337,-1148

365337,-1522

365337,-631

365337,-564

365337,-1365

365338,-1850

365338,-2909

365338,-3749

365338,-3900

365338,-2466

365338,-2892

365338,-1419

365338,-2546

365339,-3376

365339,-3597

365339,-3899

365345,-4291

365345,-5508

365345,-5661

365345,-6720

365345,-7072

365346,-8447

365346,-9065

365346,-10608

365346,-11261

365346,-12550

365346,-13654

365346,-14920

365346,-16251

365347,-16441

365347,-18556

365347,-19665

365353,-21014

365353,-22151

365353,-21997

365353,-23239

365353,-24403

365354,-24733

365354,-25760

365354,-25865

365354,-25727

365354,-25306

365354,-25692

365354,-25414

365354,-24659

365355,-23890

365355,-25540

365355,-25709

365361,-26257

365361,-26051

365361,-26128

365361,-26912

365361,-26423

365362,-26399

365362,-25683

365362,-23467

365362,-23395

365362,-21900

365362,-20874

365362,-19918

365362,-18668

365363,-18074

365363,-15506

365363,-13944

365369,-13045

365369,-11601

365369,-11846

365369,-9842

365369,-9298

365370,-7342

365370,-6771

365370,-4859

365370,-3877

365370,-3648

365370,-1725

365370,-928

365370,-211

365371,432

365371,1644

365371,1444

365377,2596

365377,3418

365377,3731

365377,4351

365377,4072

365378,5686

365378,5444

365378,6322

365378,8013

365378,8496

365378,8754

365378,10142

365378,11633

365379,13814

365379,15033

365379,15539

365385,16554

365385,15612

365385,16727

365385,17555

365385,18714

365386,19645

365386,19507

365386,19794

365386,20367

365386,20292

365386,20855

365386,20671

365386,21764

365387,21759

365387,23154

365387,23548

365393,24465

365393,24424

365393,25681

365393,25835

365393,25551

365394,26487

365394,27735

365394,26734

365394,27112

365394,26974

365394,26295

365394,26058

365394,26350

365395,25288

365395,23975

365395,24040

365401,22592

365401,22162

365401,21500

365401,20279

365401,19429

365402,19683

365402,18283

365402,17957

365402,16709

365402,15170

365402,14756

365402,13552

365402,13117

365403,11770

365403,11744

365403,10568

365409,11229

365409,11156

365409,10435

365409,9732

365409,9092

365410,8865

365410,8400

365410,8505

365410,8883

365410,7423

365410,7641

365410,7651

365410,6983

365411,6780

365411,7188

365411,7582

365417,7843

365417,8213

365417,9422

365417,8929

365417,9206

365418,9191

365418,10012

365418,9756

365418,10147

365418,9253

365418,9154

365418,7841

365418,8735

365419,9050

365419,8331

365419,7885

365425,7748

365425,7834

365425,6947

365425,5691

365425,4426

365426,4733

365426,2414

365426,3233

365426,2987

365426,1583

365426,508

365426,207

365426,-403

365427,80

365427,1280

365427,20

365433,569

365433,1125

365433,1657

365433,1866

365433,2253

365434,3400

365434,4821

365434,6194

365434,6012

365434,6728

365434,7462

365434,7950

365434,8972

365435,10603

365435,13219

365435,14161

365441,15591

365441,15824

365441,16904

365441,18047

365441,17592

365442,19412

365442,19729

365442,20661

365442,22139

365442,22371

365442,24345

365442,24705

365442,26181

365443,26735

365443,27492

365443,27562

365449,27940

365449,28764

365449,28030

365449,27728

365449,29000

365450,27150

365450,27496

365450,27575

365450,27574

365450,27045

365450,25857

365450,25359

365450,24460

365451,25124

365451,24344

365451,25131

365457,24960

365457,25528

365457,25853

365457,27052

365457,26344

365458,27289

365458,27969

365458,28186

365458,28165

365458,29340

365458,28774

365458,28343

365458,28669

365459,29495

365459,28967

365459,28413

365465,29318

365465,29539

365465,30246

365465,30999

365465,32540

365466,31800

365466,32017

365466,33423

365466,33141

365466,33604

365466,32514

365466,32790

365466,33325

365467,33132

365467,30786

365467,30146

365473,28802

365473,27251

365473,26909

365473,25804

365473,23039

365474,21959

365474,19298

365474,17880

365474,16806

365474,17008

365474,15169

365474,14205

365474,13421

365475,12329

365475,10609

365475,9833

365481,6547

365481,6385

365481,5335

365481,4487

365481,4176

365482,2577

365482,2411

365482,2066

365482,1987

365482,1768

365482,2350

365482,2464

365482,2234

365483,2327

365483,2076

365483,1928

365489,1290

365489,2706

365489,1559

365489,1778

365489,2555

365490,3688

365490,4162

365490,4129

365490,5175

365490,5541

365490,6285

365490,5791

365490,7517

365491,6698

365491,6264

365491,6761

365497,6640

365497,6410

365497,6623

365497,6130

365497,5654

365498,4761

365498,5669

365498,4647

365498,4806

365498,5844

365498,5565

365498,6347

365498,5972

365499,5952

365499,6427

365499,6777

365505,6336

365505,5780

365505,6483

365505,7171

365505,7197

365506,6762

365506,6844

365506,6760

365506,6950

365506,7552

365506,8398

365506,9219

365506,9762

365507,9895

365507,10938

365507,10764

365513,11070

365513,11159

365513,11435

365513,11427

365513,11680

365514,12349

365514,11808

365514,11931

365514,12422

365514,12327

365514,12268

365514,11539

365514,10759

365515,10560

365515,9173

365515,8684

365521,8034

365521,7858

365521,6857

365521,6357

365521,6485

365522,5781

365522,4753

365522,5043

365522,5558

365522,4184

365522,3687

365522,2988

365522,2022

365523,1466

365523,1209

365523,690

365529,-140

365529,-56

365529,-1081

365529,-167

365529,-454

365530,186

365530,-703

365530,-383

365530,241

365530,180

365530,-206

365530,-1204

365530,-333

365531,-1900

365531,-1542

365531,-1870

365537,-1460

365537,-1802

365537,-810

365537,-1170

365537,-1331

365538,-1216

365538,-1830

365538,-2345

365538,-1827

365538,-2120

365538,-2224

365538,-2381

365538,-3783

365539,-2903

365539,-3031

365539,-3398

365545,-4365

365545,-4099

365545,-5934

365545,-6210

365545,-7985

365546,-8353

365546,-9615

365546,-10571

365546,-11890

365546,-13153

365546,-15151

365546,-15626

365546,-18883

365547,-19194

365547,-19785

365547,-21633

365553,-21106

365553,-22985

365553,-23964

365553,-26333

365553,-26650

365554,-27588

365554,-28566

365554,-29170

365554,-30164

365554,-30310

365554,-30717

365554,-31848

365554,-33445

365555,-35020

365555,-34727

365555,-36511

365561,-36217

365561,-36474

365561,-37161

365561,-38232

365561,-38332

365562,-39168

365562,-39888

365562,-41050

365562,-42102

365562,-42214

365562,-43084

365562,-43895

365562,-43605

365563,-44937

365563,-45453

365563,-45418

365569,-45670

365569,-46036

365569,-45361

365569,-45143

365569,-45277

365570,-46683

365570,-46759

365570,-46353

365570,-47872

365570,-46398

365570,-47098

365570,-46565

365570,-47171

365571,-46966

365571,-45523

365571,-45100

365577,-44342

365577,-43884

365577,-43820

365577,-43262

365577,-42892

365578,-41837

365578,-41084

365578,-40965

365578,-39617

365578,-39917

365578,-38551

365578,-37923

365578,-36135

365579,-34608

365579,-33997

365579,-32397

365585,-30684

365585,-30871

365585,-29994

365585,-29412

365585,-29359

365586,-28387

365586,-28228

365586,-26769

365586,-26470

365586,-27033

365586,-26940

365586,-27803

365586,-27364

365587,-27035

365587,-26479

365587,-27266

365593,-28046

365593,-28581

365593,-30392

365593,-30182

365593,-31471

365594,-32188

365594,-32556

365594,-33316

365594,-35092

365594,-35452

365594,-36887

365594,-38818

365594,-39552

365595,-40316

365595,-41991

365595,-42221

365601,-42902

365601,-43961

365601,-44514

365601,-44818

365601,-45418

365602,-44903

365602,-45942

365602,-46884

365602,-50067

365602,-52357

365602,-53704

365602,-55813

365602,-58290

365603,-60035

365603,-61685

365603,-64224

365609,-67017

365609,-68132

365609,-68991

365609,-71548

365609,-73635

365610,-75139

365610,-76159

365610,-77646

365610,-80065

365610,-81361

365610,-83152

365610,-85186

365610,-87251

365611,-88915

365611,-90692

365611,-92099

365617,-93948

365617,-95610

365617,-97311

365617,-98675

365617,-99113

365618,-100034

365618,-102461

365618,-103870

365618,-104062

365618,-105014

365618,-104777

365618,-105503

365618,-106185

365619,-107358

365619,-108799

365619,-109759

365625,-111151

365625,-112491

365625,-113425

365625,-113571

365625,-114059

365626,-114631

365626,-115023

365626,-116132

365626,-116447

365626,-116572

365626,-116832

365626,-117397

365626,-118099

365627,-119233

365627,-119991

365627,-119633

365633,-120391

365633,-120868

365633,-120926

365633,-120453

365633,-119795

365634,-120866

365634,-121252

365634,-121618

365634,-122846

365634,-123473

365634,-124190

365634,-124277

365634,-125592

365635,-124496

365635,-125412

365635,-124962

365641,-125508

365641,-125305

365641,-125546

365641,-125820

365641,-126688

365642,-125704

365642,-126221

365642,-127353

365642,-128033

365642,-127991

365642,-128991

365642,-130082

365642,-131766

365643,-133453

365643,-135213

365643,-136790

365649,-138929

365649,-140078

365649,-141088

365649,-141330

365649,-143090

365650,-144558

365650,-146332

365650,-147094

365650,-148030

365650,-147591

365650,-148113

365650,-149998

365650,-149886

365651,-150340

365651,-150880

365651,-151830

365657,-153565

365657,-155316

365657,-155218

365657,-154951

365657,-156418

365658,-158501

365658,-158461

365658,-158818

365658,-158871

365658,-159284

365658,-160466

365658,-161716

365658,-161385

365659,-161546

365659,-161721

365659,-161697

365665,-163090

365665,-163619

365665,-164080

365665,-164897

365665,-165792

365666,-166637

365666,-167181

365666,-168064

365666,-169358

365666,-171092

365666,-173097

365666,-172898

365666,-174871

365667,-175742

365667,-176352

365667,-177121

365673,-179140

365673,-180804

365673,-181740

365673,-182596

365673,-184251

365674,-185921

365674,-187368

365674,-189088

365674,-189828

365674,-190034

365674,-191876

365674,-192730

365674,-193906

365675,-195143

365675,-196168

365675,-197216

365681,-197542

365681,-198756

365681,-198710

365681,-198697

365681,-200031

365682,-199456

365682,-199667

365682,-199614

365682,-199713

365682,-199874

365682,-200775

365682,-200425

365682,-200927

365683,-200467

365683,-200444

365683,-200106

365689,-200734

365689,-200606

365689,-200995

365689,-200527

365689,-201823

365690,-202214

365690,-201478

365690,-201994

365690,-201788

365690,-203018

365690,-203071

365690,-203840

365690,-204601

365691,-206761

365691,-206382

365691,-205798

365697,-206103

365697,-207108

365697,-208166

365697,-207666

365697,-209349

365698,-209249

365698,-209611

365698,-209853

365698,-209101

365698,-209016

365698,-208994

365698,-209250

365698,-208571

365699,-207825

365699,-206298

365699,-205383

365705,-204785

365705,-205016

365705,-205454

365705,-204393

365705,-204631

365706,-204389

365706,-204785

365706,-203654

365706,-202427

365706,-201415

365706,-200122

365706,-198802

365706,-197588

365707,-196624

365707,-195409

365707,-194186

365713,-192659

365713,-192026

365713,-190362

365713,-188880

365713,-188126

365714,-187392

365714,-186175

365714,-185394

365714,-184702

365714,-182700

365714,-182000

365714,-181678

365714,-182379

365715,-182098

365715,-181506

365715,-182067

365721,-182453

365721,-182330

365721,-182596

365721,-182276

365721,-181974

365722,-182772

365722,-182885

365722,-183538

365722,-183044

365722,-183792

365722,-184607

365722,-185179

365722,-185906

365723,-186107

365723,-186663

365723,-187039

365729,-188033

365729,-188783

365729,-190273

365729,-189945

365729,-189452

365730,-189647

365730,-190539

365730,-190356

365730,-189489

365730,-188938

365730,-190328

365730,-190336

365730,-190142

365731,-189325

365731,-189900

365731,-189466

365737,-190033

365737,-190360

365737,-190585

365737,-190869

365737,-190602

365738,-190295

365738,-190948

365738,-190172

365738,-190797

365738,-190613

365738,-191054

365738,-190834

365738,-190410

365739,-190895

365739,-191198

365739,-190484

365745,-189899

365745,-189649

365745,-188771

365745,-187218

365745,-186906

365746,-187653

365746,-187820

365746,-187166

365746,-187181

365746,-187551

365746,-187154

365746,-187530

365746,-186933

365747,-188041

365747,-188218

365747,-189507

365753,-188764

365753,-189306

365753,-188503

365753,-188751

365753,-188100

365754,-189086

365754,-188314

365754,-187272

365754,-187115

365754,-185661

365754,-185017

365754,-186048

365754,-186323

365755,-185768

365755,-186142

365755,-185370

365761,-185768

365761,-185026

365761,-185022

365761,-183254

365761,-183170

365762,-180927

365762,-179893

365762,-179128

365762,-177246

365762,-176051

365762,-175193

365762,-174867

365762,-174254

365763,-173793

365763,-173992

365763,-174211

365769,-174427

365769,-174861

365769,-175563

365769,-175863

365769,-176902

365770,-176014

365770,-176948

365770,-177262

365770,-177806

365770,-177002

365770,-177038

365770,-177552

365770,-177068

365771,-175961

365771,-175717

365771,-175500

365777,-175366

365777,-175026

365777,-175374

365777,-175261

365777,-175430

365778,-175850

365778,-175251

365778,-176624

365778,-177033

365778,-176831

365778,-175052

365778,-173720

365778,-172889

365779,-171941

365779,-170266

365779,-168462

365785,-167197

365785,-166313

365785,-165597

365785,-162756

365785,-162357

365786,-160854

365786,-160028

365786,-158411

365786,-157087

365786,-156160

365786,-155065

365786,-154621

365786,-152839

365787,-151019

365787,-149379

365787,-148460

365793,-146965

365793,-145337

365793,-145027

365793,-144010

365793,-142090

365794,-140645

365794,-139928

365794,-139554

365794,-139021

365794,-138937

365794,-138025

365794,-138030

365794,-137491

365795,-138452

365795,-140134

365795,-141056

365801,-140750

365801,-141180

365801,-141018

365801,-141392

365801,-143137

365802,-142898

365802,-143946

365802,-143786

365802,-144589

365802,-144590

365802,-144445

365802,-143891

365802,-144819

365803,-144586

365803,-144630

365803,-145088

365809,-144863

365809,-146283

365809,-146770

365809,-147425

365809,-147643

365810,-148567

365810,-148238

365810,-147877

365810,-147566

365810,-147525

365810,-146870

365810,-146115

365810,-144713

365811,-142910

365811,-142762

365811,-142174

365817,-141477

365817,-139404

365817,-139308

365817,-138151

365817,-137826

365818,-137954

365818,-137374

365818,-137108

365818,-135722

365818,-135251

365818,-133861

365818,-133255

365818,-131514

365819,-131081

365819,-129790

365819,-127778

365825,-127928

365825,-126902

365825,-126084

365825,-124891

365825,-123737

365826,-123391

365826,-123194

365826,-122240

365826,-121230

365826,-120620

365826,-119457

365826,-117426

365826,-116919

365827,-115452

365827,-113780

365827,-112722

365833,-112032

365833,-109903

365833,-107204

365833,-106215

365833,-104366

365834,-101908

365834,-100644

365834,-99184

365834,-96746

365834,-96066

365834,-95440

365834,-92885

365834,-91874

365835,-89696

365835,-89095

365835,-87610

365841,-87073

365841,-85196

365841,-83878

365841,-82375

365841,-80461

365842,-79515

365842,-77517

365842,-76171

365842,-75497

365842,-74364

365842,-73445

365842,-71750

365842,-69935

365843,-69686

365843,-70505

365843,-70573

365849,-70681

365849,-70968

365849,-72021

365849,-72549

365849,-74061

365850,-75140

365850,-74505

365850,-74766

365850,-74113

365850,-73872

365850,-71850

365850,-71148

365850,-70763

365851,-70652

365851,-70542

365851,-69896

365857,-70176

365857,-69690

365857,-69723

365857,-69435

365857,-68829

365858,-69821

365858,-70133

365858,-68908

365858,-69024

365858,-68089

365858,-66676

365858,-65500

365858,-63755

365859,-63069

365859,-60336

365859,-57844

365865,-56784

365865,-55205

365865,-55547

365865,-53996

365865,-53452

365866,-51846

365866,-51177

365866,-48942

365866,-48381

365866,-48092

365866,-47201

365866,-47624

365866,-47065

365867,-47228

365867,-46245

365867,-46895

365873,-45862

365873,-47178

365873,-46575

365873,-45716

365873,-45783

365874,-45704

365874,-44210

365874,-43196

365874,-41525

365874,-42063

365874,-41125

365874,-41409

365874,-41179

365875,-39472

365875,-39942

365875,-39465

365881,-39495

365881,-39358

365881,-39029

365881,-37681

365881,-36833

365882,-35124

365882,-35322

365882,-34486

365882,-32219

365882,-31478

365882,-28610

365882,-27729

365882,-26705

365883,-25528

365883,-23798

365883,-24339

365889,-23325

365889,-21993

365889,-20226

365889,-21103

365889,-19910

365890,-19705

365890,-19857

365890,-19731

365890,-19633

365890,-18984

365890,-19739

365890,-20551

365890,-20216

365891,-18945

365891,-18775

365891,-18704

365897,-18139

365897,-17472

365897,-15766

365897,-16494

365897,-15674

365898,-16318

365898,-14725

365898,-14360

365898,-13508

365898,-12426

365898,-12045

365898,-11710

365898,-10802

365899,-10226

365899,-10144

365899,-8662

365905,-7672

365905,-5770

365905,-3527

365905,-1710

365905,43

365906,1893

365906,4921

365906,5413

365906,6167

365906,7817

365906,9411

365906,9899

365906,9839

365907,10082

365907,10748

365907,12314

365913,13442

365913,14642

365913,16139

365913,17557

365913,19184

365914,19795

365914,21317

365914,22276

365914,23308

365914,24687

365914,25527

365914,26554

365914,25037

365915,25481

365915,24862

365915,25144

365921,24483

365921,25720

365921,25867

365921,26319

365921,25926

365922,25763

365922,26011

365922,27732

365922,29099

365922,29847

365922,32114

365922,32830

365922,34275

365923,37028

365923,37747

365923,39294

365929,40572

365929,41295

365929,42725

365929,43640

365929,45742

365930,46461

365930,46834

365930,47305

365930,49104

365930,50359

365930,52619

365930,54292

365930,55752

365931,57750

365931,59342

365931,62447

365937,63928

365937,66799

365937,69053

365937,69821

365937,70346

365938,71503

365938,72088

365938,72109

365938,72096

365938,73533

365938,74010

365938,73530

365938,75239

365939,75478

365939,76705

365939,77482

365945,78556

365945,80570

365945,82281

365945,84154

365945,85582

365946,87405

365946,90073

365946,90411

365946,91247

365946,90880

365946,92458

365946,92817

365946,93855

365947,95414

365947,96349

365947,97424

365953,98952

365953,101378

365953,102404

365953,103738

365953,104777

365954,107312

365954,110270

365954,111452

365954,114987

365954,117589

365954,119616

365954,123006

365954,125016

365955,126514

365955,128492

365955,131149

365961,131639

365961,133273

365961,134677

365961,137384

365961,138699

365962,140667

365962,143093

365962,144989

365962,146802

365962,148121

365962,150362

365962,152466

365962,153959

365963,154334

365963,155571

365963,155833

365969,156192

365969,156890

365969,157610

365969,157711

365969,158999

365970,159282

365970,160499

365970,162599

365970,164226

365970,165152

365970,166988

365970,169490

365970,171416

365971,173187

365971,174477

365971,177515

365977,179447

365977,180331

365977,182216

365977,183281

365977,184524

365978,185375

365978,186566

365978,187185

365978,188258

365978,189735

365978,190643

365978,191152

365978,192052

365979,192867

365979,194281

365979,196304

365985,197768

365985,198763

365985,200225

365985,202185

365985,203052

365986,204758

365986,205841

365986,207704

365986,208461

365986,209982

365986,210092

365986,210925

365986,211269

365987,212396

365987,213173

365987,214717

365993,216289

365993,217096

365993,218457

365993,219738

365993,219517

365994,219204

365994,220572

365994,221142

365994,221786

365994,223412

365994,225018

365994,225170

365994,225039

365995,225904

365995,227053

365995,227867

366001,228453

366001,228243

366001,228924

366001,228954

366001,229232

366002,229872

366002,230595

366002,230948

366002,231846

366002,232948

366002,234157

366002,235098

366002,236218

366003,237497

366003,238739

366003,239633

366009,240368

366009,239871

366009,240572

366009,240851

366009,240208

366010,240598

366010,240502

366010,239818

366010,240121

366010,240513

366010,241269

366010,242400

366010,242259

366011,243692

366011,243339

366011,243968

366017,243361

366017,243496

366017,243025

366017,243670

366017,242259

366018,241387

366018,242013

366018,241068

366018,240731

366018,240344

366018,240617

366018,240167

366018,241170

366019,240131

366019,240444

366019,241122

366025,241491

366025,240943

366025,241033

366025,240776

366025,240177

366026,239643

366026,238464

366026,238509

366026,237644

366026,237820

366026,237823

366026,239000

366026,238616

366027,238608

366027,238473

366027,237867

366033,237584

366033,238684

366033,238785

366033,239521

366033,240243

366034,241000

366034,242520

366034,242828

366034,243569

366034,245236

366034,245738

366034,246885

366034,247335

366035,248196

366035,247619

366035,247968

366041,249599

366041,249559

366041,249984

366041,250291

366041,249270

366042,248971

366042,248419

366042,249354

366042,249925

366042,249250

366042,248422

366042,247571

366042,246328

366043,245738

366043,245629

366043,245507

366049,245660

366049,245227

366049,244184

366049,243325

366049,242715

366050,241766

366050,240465

366050,240639

366050,238430

366050,237923

366050,237425

366050,235181

366050,235644

366051,235522

366051,235658

366051,234806

366057,234598

366057,234631

366057,235010

366057,233723

366057,234537

366058,234133

366058,233698

366058,233056

366058,231761

366058,231513

366058,231492

366058,231305

366058,231254

366059,231703

366059,230664

366059,231825

366065,231243

366065,231878

366065,232085

366065,231983

366065,232544

366066,232419

366066,230552

366066,230224

366066,229477

366066,228570

366066,228238

366066,227464

366066,226178

366067,226282

366067,224474

366067,223982

366073,222479

366073,221523

366073,220909

366073,220030

366073,219709

366074,219400

366074,218501

366074,218454

366074,218489

366074,216264

366074,215642

366074,214326

366074,212747

366075,211576

366075,212191

366075,210644

366081,210324

366081,209385

366081,208034

366081,207919

366081,207909

366082,208030

366082,208458

366082,209453

366082,209017

366082,209723

366082,210521

366082,211518

366082,211257

366083,211689

366083,211452

366083,211278

366089,212741

366089,212332

366089,211989

366089,212621

366089,212051

366090,211477

366090,210670

366090,210057

366090,210095

366090,208763

366090,208126

366090,207435

366090,207393

366091,206211

366091,204934

366091,203826

366097,203170

366097,203222

366097,202697

366097,200638

366097,199875

366098,199057

366098,196516

366098,195750

366098,194835

366098,192783

366098,190311

366098,187549

366098,186647

366099,184906

366099,184386

366099,183612

366105,183745

366105,184076

366105,183299

366105,183982

366105,183177

366106,184516

366106,183937

366106,185316

366106,185136

366106,184236

366106,183960

366106,183431

366106,181788

366107,180585

366107,180145

366107,178889

366113,177992

366113,177099

366113,176667

366113,177052

366113,175486

366114,175582

366114,174407

366114,174974

366114,173721

366114,172434

366114,170727

366114,168465

366114,166341

366115,164077

366115,163556

366115,161607

366121,159705

366121,156919

366121,155792

366121,153784

366121,152188

366122,150466

366122,148422

366122,146957

366122,147594

366122,146323

366122,144821

366122,143344

366122,142498

366123,140795

366123,138865

366123,136674

366129,136532

366129,134451

366129,132890

366129,132275

366129,130799

366130,130080

366130,130287

366130,129564

366130,128116

366130,128134

366130,128438

366130,128370

366130,128744

366131,128739

366131,128389

366131,128627

366137,128237

366137,126702

366137,126175

366137,126536

366137,125340

366138,125795

366138,126355

366138,124628

366138,124585

366138,123267

366138,122793

366138,122083

366138,121485

366139,121757

366139,120814

366139,121002

366145,120458

366145,120204

366145,118653

366145,119611

366145,119030

366146,117990

366146,118342

366146,117602

366146,118523

366146,118494

366146,120112

366146,119814

366146,118771

366147,118859

366147,118195

366147,117123

366153,116844

366153,114890

366153,115168

366153,115419

366153,115863

366154,115910

366154,115580

366154,116589

366154,116112

366154,117140

366154,117513

366154,117555

366154,117715

366155,118056

366155,117093

366155,116212

366161,116086

366161,116473

366161,114885

366161,114831

366161,114859

366162,114396

366162,114332

366162,115184

366162,116341

366162,116476

366162,117283

366162,116613

366162,116720

366163,116392

366163,116395

366163,116625

366169,115524

366169,115804

366169,115464

366169,114409

366169,113767

366170,112783

366170,111840

366170,109805

366170,108860

366170,109334

366170,107888

366170,106860

366170,106497

366171,105377

366171,104177

366171,104682

366177,103871

366177,103327

366177,102039

366177,100085

366177,98174

366178,97750

366178,97811

366178,95874

366178,94555

366178,92879

366178,92799

366178,91993

366178,91311

366179,90822

366179,90071

366179,89945

366185,90526

366185,91539

366185,91774

366185,92155

366185,92495

366186,93484

366186,93248

366186,93299

366186,93604

366186,94197

366186,94790

366186,95573

366186,95053

366187,94186

366187,94619

366187,93266

366193,93253

366193,93856

366193,93949

366193,93752

366193,93589

366194,93331

366194,93173

366194,93018

366194,92173

366194,91269

366194,91472

366194,89883

366194,89492

366195,89480

366195,88117

366195,86405

366201,84853

366201,83970

366201,81230

366201,80160

366201,77766

366202,76643

366202,75550

366202,74197

366202,73431

366202,72884

366202,71444

366202,71329

366202,69521

366203,69619

366203,69200

366203,68865

366209,68539

366209,68834

366209,69434

366209,69172

366209,69405

366210,68320

366210,68184

366210,69163

366210,69576

366210,70548

366210,71225

366210,72397

366210,71905

366211,72396

366211,74716

366211,73824

366217,74812

366217,75247

366217,75701

366217,77048

366217,76223

366218,75849

366218,75311

366218,74293

366218,74636

366218,74296

366218,73514

366218,73755

366218,74659

366219,74632

366219,75241

366219,76090

366225,74546

366225,75493

366225,74917

366225,75009

366225,74760

366226,73456

366226,72492

366226,71237

366226,71133

366226,70006

366226,70524

366226,70478

366226,70295

366227,70089

366227,70686

366227,70476

366233,71152

366233,71327

366233,72441

366233,72848

366233,74124

366234,75326

366234,75277

366234,77014

366234,75200

366234,75702

366234,75358

366234,75880

366234,75792

366235,75752

366235,75514

366235,76871

366241,75685

366241,76998

366241,77098

366241,76105

366241,75264

366242,75922

366242,76257

366242,75749

366242,75775

366242,75632

366242,76877

366242,75261

366242,74020

366243,74094

366243,72186

366243,71769

366249,70308

366249,68079

366249,67513

366249,65934

366249,64809

366250,63538

366250,63444

366250,62451

366250,62074

366250,62586

366250,61357

366250,61609

366250,60314

366251,60951

366251,60575

366251,60906

366257,60613

366257,60156

366257,59066

366257,58952

366257,58295

366258,57421

366258,57329

366258,56083

366258,55751

366258,55256

366258,54654

366258,54834

366258,55570

366259,54776

366259,53881

366259,52828

366265,52517

366265,52332

366265,52672

366265,52953

366265,52562

366266,52104

366266,52250

366266,52093

366266,51968

366266,51046

366266,49561

366266,49001

366266,48361

366267,47307

366267,46837

366267,46048

366273,45667

366273,45888

366273,44401

366273,45501

366273,45167

366274,44758

366274,45131

366274,44831

366274,44184

366274,44958

366274,44156

366274,43477

366274,42931

366275,42495

366275,42069

366275,41829

366281,42846

366281,41345

366281,41102

366281,42491

366281,42300

366282,42675

366282,43262

366282,45037

366282,45737

366282,46983

366282,46403

366282,47258

366282,46039

366283,46015

366283,46549

366283,47857

366289,47696

366289,46955

366289,47038

366289,48192

366289,47743

366290,49713

366290,51036

366290,52154

366290,54624

366290,56339

366290,57267

366290,59069

366290,61000

366291,63134

366291,64324

366291,66009

366297,67307

366297,68336

366297,68753

366297,69884

366297,69688

366298,70238

366298,69670

366298,71045

366298,69980

366298,70761

366298,70905

366298,70517

366298,71878

366299,72264

366299,72572

366299,72284

366305,72616

366305,72653

366305,73485

366305,73171

366305,73689

366306,72577

366306,72811

366306,72579

366306,72688

366306,71851

366306,71071

366306,70828

366306,70580

366307,70159

366307,70591

366307,71735

366313,71591

366313,72131

366313,72683

366313,73995

366313,74015

366314,74924

366314,74377

366314,74647

366314,75425

366314,76779

366314,77532

366314,77533

366314,77910

366315,78246

366315,78908

366315,79470

366321,80079

366321,80417

366321,81648

366321,82190

366321,83303

366322,84072

366322,84803

366322,84897

366322,84853

366322,84741

366322,84195

366322,83476

366322,81974

366323,81447

366323,80779

366323,80250

366329,79290

366329,78343

366329,78274

366329,78014

366329,77821

366330,76626

366330,76720

366330,75465

366330,76366

366330,75563

366330,75573

366330,74527

366330,73034

366331,72576

366331,71462

366331,70602

366337,68699

366337,67667

366337,66990

366337,67329

366337,67041

366338,66616

366338,65828

366338,65178

366338,64313

366338,64429

366338,63942

366338,63406

366338,63868

366339,63501

366339,62769

366339,61336

366345,60107

366345,59667

366345,58178

366345,56576

366345,56761

366346,54844

366346,53416

366346,51456

366346,49520

366346,48087

366346,46866

366346,45660

366346,43953

366347,42483

366347,42011

366347,39631

366353,39543

366353,38041

366353,37249

366353,35410

366353,34481

366354,33678

366354,32938

366354,32025

366354,31512

366354,32288

366354,32299

366354,32367

366354,32440

366355,32697

366355,31969

366355,33661

366361,33030

366361,31702

366361,31122

366361,31518

366361,30310

366362,31761

366362,31416

366362,32045

366362,32187

366362,31487

366362,31344

366362,31450

366362,31490

366363,32533

366363,33196

366363,33975

366369,34718

366369,35204

366369,35716

366369,36347

366369,37173

366370,37261

366370,37689

366370,38558

366370,39271

366370,40878

366370,42057

366370,42767

366370,43829

366371,45132

366371,45048

366371,46879

366377,48350

366377,48179

366377,48476

366377,49522

366377,50439

366378,50959

366378,51854

366378,52385

366378,52537

366378,52157

366378,53941

366378,54389

366378,55624

366379,56217

366379,56070

366379,55846

366385,55063

366385,55526

366385,54680

366385,56410

366385,54310

366386,53523

366386,53243

366386,51388

366386,52648

366386,50554

366386,50914

366386,50869

366386,49245

366387,50259

366387,49416

366387,49379

366393,50051

366393,49362

366393,49289

366393,49643

366393,50490

366394,50473

366394,50071

366394,48961

366394,49684

366394,49320

366394,49937

366394,49512

366394,48561

366395,48418

366395,47956

366395,48547

366401,47861

366401,48604

366401,48014

366401,48061

366401,48140

366402,46806

366402,47001

366402,46170

366402,45336

366402,44227

366402,44171

366402,42441

366402,41969

366403,39584

366403,39542

366403,37777

366409,37341

366409,36087

366409,35735

366409,35786

366409,35541

366410,34092

366410,32699

366410,32372

366410,31890

366410,31293

366410,30587

366410,30198

366410,30326

366411,29919

366411,29353

366411,29325

366417,29285

366417,29113

366417,28519

366417,28552

366417,28920

366418,28596

366418,28487

366418,28730

366418,29348

366418,28775

366418,28457

366418,28993

366418,28948

366419,27473

366419,27949

366419,28086

366425,28745

366425,28899

366425,28735

366425,28101

366425,28140

366426,29775

366426,30657

366426,31448

366426,31498

366426,31027

366426,30889

366426,30600

366426,31572

366427,31964

366427,32123

366427,30624

366433,31805

366433,31090

366433,29909

366433,29862

366433,29792

366434,28713

366434,29600

366434,29233

366434,29375

366434,28560

366434,28327

366434,29302

366434,29531

366435,29884

366435,27639

366435,27909

366441,27209

366441,26292

366441,26397

366441,25337

366441,25488

366442,25148

366442,24862

366442,24127

366442,25098

366442,23178

366442,22558

366442,22179

366442,22768

366443,21848

366443,22259

366443,21396

366449,22233

366449,22241

366449,21465

366449,21108

366449,21897

366450,21815

366450,21872

366450,21185

366450,21204

366450,22059

366450,22274

366450,23291

366450,22985

366451,22697

366451,21481

366451,21406

366457,21280

366457,21583

366457,21727

366457,21290

366457,21713

366458,21337

366458,21349

366458,20665

366458,20606

366458,18389

366458,18756

366458,18309

366458,17296

366459,16701

366459,16323

366459,15413

366465,14926

366465,15190

366465,14445

366465,13774

366465,12265

366466,10452

366466,10071

366466,8483

366466,7314

366466,6052

366466,5431

366466,4848

366466,3386

366467,2467

366467,1356

366467,-19

366473,-664

366473,-545

366473,-1562

366473,-1836

366473,-2381

366474,-2898

366474,-3452

366474,-4167

366474,-5315

366474,-6444

366474,-6503

366474,-8197

366474,-8694

366475,-9665

366475,-10292

366475,-12747

366481,-14218

366481,-15198

366481,-15831

366481,-17369

366481,-17752

366482,-19331

366482,-21112

366482,-21409

366482,-22123

366482,-23818

366482,-25227

366482,-25908

366482,-26970

366483,-28258

366483,-30086

366483,-31364

366489,-32163

366489,-33627

366489,-34754

366489,-35549

366489,-36489

366490,-38103

366490,-39279

366490,-39935

366490,-40272

366490,-40464

366490,-39982

366490,-40712

366490,-41088

366491,-40238

366491,-40994

366491,-40967

366497,-39601

366497,-39966

366497,-40769

366497,-41338

366497,-42196

366498,-41844

366498,-43733

366498,-42990

366498,-43548

366498,-42678

366498,-42549

366498,-43649

366498,-44400

366499,-44563

366499,-44779

366499,-44476

366505,-44772

366505,-44624

366505,-44265

366505,-44388

366505,-45706

366506,-45434

366506,-46236

366506,-46489

366506,-47375

366506,-47482

366506,-48280

366506,-49764

366506,-49535

366507,-51080

366507,-52535

366507,-53176

366513,-53577

366513,-53994

366513,-53614

366513,-54433

366513,-54443

366514,-55361

366514,-56190

366514,-57206

366514,-58140

366514,-58082

366514,-57354

366514,-57586

366514,-57215

366515,-58272

366515,-58652

366515,-59216

366521,-59125

366521,-59840

366521,-60842

366521,-60715

366521,-61456

366522,-62351

366522,-60808

366522,-60622

366522,-60659

366522,-60192

366522,-60977

366522,-60779

366522,-60686

366523,-60283

366523,-59985

366523,-60731

366529,-61658

366529,-60858

366529,-60490

366529,-59886

366529,-60837

366530,-60428

366530,-60588

366530,-60086

366530,-59797

366530,-59715

366530,-58517

366530,-58566

366530,-58322

366531,-57333

366531,-56701

366531,-54429

366537,-52659

366537,-52367

366537,-50991

366537,-49914

366537,-49803

366538,-47894

366538,-48524

366538,-46934

366538,-46589

366538,-45086

366538,-44947

366538,-44258

366538,-43670

366539,-42926

366539,-43184

366539,-42098

366545,-40813

366545,-40193

366545,-39343

366545,-37814

366545,-38345

366546,-36982

366546,-38246

366546,-38521

366546,-39105

366546,-38554

366546,-39091

366546,-39203

366546,-39850

366547,-41732

366547,-41508

366547,-41960

366553,-42821

366553,-44384

366553,-44589

366553,-44539

366553,-44287

366554,-45515

366554,-44849

366554,-45172

366554,-46056

366554,-46087

366554,-47379

366554,-47483

366554,-49163

366555,-50026

366555,-50482

366555,-51994

366561,-52261

366561,-52803

366561,-52863

366561,-53554

366561,-53221

366562,-53208

366562,-53993

366562,-54423

366562,-55384

366562,-56210

366562,-56902

366562,-56886

366562,-57087

366563,-57805

366563,-58624

366563,-58725

366569,-59831

366569,-59951

366569,-60587

366569,-61799

366569,-61589

366570,-62383

366570,-63663

366570,-64253

366570,-65015

366570,-65934

366570,-64468

366570,-65223

366570,-65151

366571,-64231

366571,-64590

366571,-63204

366577,-62178

366577,-61358

366577,-60669

366577,-60236

366577,-59390

366578,-59808

366578,-59995

366578,-59019

366578,-59582

366578,-58313

366578,-57629

366578,-57651

366578,-57764

366579,-57460

366579,-55914

366579,-55257

366585,-53996

366585,-54034

366585,-52982

366585,-51863

366585,-50629

366586,-50367

366586,-49561

366586,-49924

366586,-49385

366586,-50037

366586,-49313

366586,-49356

366586,-50732

366587,-50304

366587,-51006

366587,-51371

366593,-52042

366593,-52642

366593,-52150

366593,-53408

366593,-52988

366594,-52112

366594,-51265

366594,-51291

366594,-51397

366594,-50691

366594,-51252

366594,-51251

366594,-51368

366595,-51774

366595,-51837

366595,-52660

366601,-52686

366601,-52765

366601,-52937

366601,-53134

366601,-52397

366602,-52741

366602,-51088

366602,-50164

366602,-48160

366602,-48238

366602,-47319

366602,-47256

366602,-46345

366603,-46381

366603,-46421

366603,-46703

366609,-45912

366609,-45744

366609,-44440

366609,-44552

366609,-43400

366610,-43796

366610,-42847

366610,-41744

366610,-40793

366610,-38634

366610,-37306

366610,-36478

366610,-35151

366611,-33738

366611,-33468

366611,-32907

366617,-32475

366617,-32425

366617,-31729

366617,-31452

366617,-30281

366618,-29274

366618,-29059

366618,-28488

366618,-28217

366618,-27547

366618,-26170

366618,-24203

366618,-23626

366619,-22913

366619,-21387

366619,-20717

366625,-20467

366625,-20174

366625,-19590

366625,-19248

366625,-18891

366626,-19170

366626,-18548

366626,-19389

366626,-18828

366626,-19265

366626,-19863

366626,-19217

366626,-19803

366627,-19082

366627,-19760

366627,-20405

366633,-21758

366633,-22174

366633,-22421

366633,-22429

366633,-21835

366634,-23081

366634,-24102

366634,-24614

366634,-25966

366634,-26314

366634,-25863

366634,-26603

366634,-26851

366635,-27906

366635,-27227

366635,-26856

366641,-26591

366641,-24664

366641,-24243

366641,-24525

366641,-23456

366642,-22969

366642,-22235

366642,-21499

366642,-21935

366642,-21878

366642,-21241

366642,-21715

366642,-21098

366643,-20809

366643,-20653

366643,-21131

366649,-20396

366649,-21044

366649,-21047

366649,-21556

366649,-21086

366650,-20628

366650,-18757

366650,-17833

366650,-17551

366650,-16434

366650,-15529

366650,-14366

366650,-13233

366651,-12329

366651,-10756

366651,-8972

366657,-8366

366657,-6956

366657,-6800

366657,-6113

366657,-4822

366658,-4459

366658,-4341

366658,-3669

366658,-2901

366658,-2911

366658,-1997

366658,-572

366658,-83

366659,1568

366659,2482

366659,3275

366665,4011

366665,5522

366665,6718

366665,8262

366665,9977

366666,10321

366666,10432

366666,10395

366666,10522

366666,10428

366666,10327

366666,10545

366666,10604

366667,10304

366667,10382

366667,9618

366673,10026

366673,11117

366673,10464

366673,10225

366673,10443

366674,9806

366674,9887

366674,9331

366674,9714

366674,9403

366674,10002

366674,9850

366674,8986

366675,9420

366675,8658

366675,8860

366681,9474

366681,9310

366681,9260

366681,9757

366681,10632

366682,10723

366682,10601

366682,11031

366682,11191

366682,11280

366682,11950

366682,12094

366682,12452

366683,13166

366683,13275

366683,13635

366689,13254

366689,13325

366689,14320

366689,13712

366689,13010

366690,13115

366690,12382

366690,12286

366690,11314

366690,11614

366690,11945

366690,11819

366690,11784

366691,11944

366691,13348

366691,13611

366697,14209

366697,14213

366697,15446

366697,15375

366697,14486

366698,14971

366698,14275

366698,13316

366698,12859

366698,12740

366698,12807

366698,13691

366698,13260

366699,13013

366699,12566

366699,13185

366705,13638

366705,14157

366705,14031

366705,13261

366705,13121

366706,13308

366706,12693

366706,12171

366706,10576

366706,11368

366706,9471

366706,7232

366706,5736

366707,4769

366707,3651

366707,4021

366713,3464

366713,2816

366713,2235

366713,2355

366713,1529

366714,1631

366714,1735

366714,2067

366714,2255

366714,2444

366714,1532

366714,1615

366714,763

366715,629

366715,851

366715,1223

366721,-352

366721,-715

366721,-580

366721,626

366721,-190

366722,-83

366722,-718

366722,465

366722,1126

366722,1469

366722,1748

366722,2846

366722,3504

366723,3725

366723,5095

366723,5691

366729,5464

366729,5987

366729,6257

366729,7400

366729,7315

366730,7341

366730,7961

366730,8212

366730,9542

366730,10928

366730,11219

366730,12720

366730,14519

366731,15253

366731,15586

366731,16362

366737,16230

366737,16523

366737,17920

366737,18910

366737,20287

366738,19705

366738,20700

366738,20930

366738,20057

366738,19801

366738,22683

366738,21668

366738,22490

366739,23392

366739,23623

366739,23858

366745,24222

366745,24672

366745,24079

366745,25132

366745,25991

366746,26721

366746,26812

366746,27253

366746,27376

366746,26991

366746,26121

366746,25327

366746,24297

366747,24643

366747,24636

366747,25416

366753,24485

366753,24826

366753,24733

366753,24794

366753,24550

366754,26090

366754,27517

366754,27804

366754,28693

366754,29800

366754,30057

366754,29558

366754,28280

366755,27207

366755,27838

366755,26351

366761,25156

366761,24649

366761,24717

366761,24228

366761,24675

366762,24486

366762,24557

366762,26287

366762,26678

366762,27348

366762,27928

366762,28722

366762,29629

366763,28761

366763,28763

366763,28380

366769,28374

366769,27619

366769,26211

366769,25787

366769,24374

366770,24568

366770,24585

366770,24108

366770,24491

366770,25836

366770,26063

366770,26315

366770,26834

366771,26605

366771,26221

366771,26737

366777,27552

366777,26720

366777,26493

366777,25386

366777,24559

366778,24497

366778,24180

366778,24453

366778,24388

366778,24200

366778,24357

366778,25015

366778,25254

366779,25988

366779,26175

366779,27480

366785,26874

366785,27935

366785,27594

366785,27231

366785,26425

366786,25541

366786,25163

366786,23866

366786,22961

366786,21934

366786,21080

366786,18905

366786,17104

366787,15463

366787,13840

366787,13730

366793,14317

366793,14624

366793,14199

366793,14797

366793,14260

366794,14616

366794,13993

366794,13665

366794,12406

366794,12067

366794,12165

366794,11221

366794,8448

366795,6579

366795,6051

366795,5689

366801,4169

366801,4722

366801,3933

366801,4281

366801,4245

366802,3296

366802,4010

366802,4523

366802,4852

366802,5181

366802,5262

366802,6019

366802,6294

366803,6098

366803,5588

366803,7070

366809,5821

366809,4508

366809,3040

366809,2699

366809,1963

366810,2171

366810,2287

366810,1965

366810,1865

366810,1838

366810,2846

366810,3245

366810,2376

366811,2551

366811,3259

366811,3873

366817,2915

366817,3411

366817,2469

366817,1236

366817,586

366818,618

366818,1350

366818,1195

366818,990

366818,-75

366818,572

366818,1124

366818,3640

366819,4677

366819,4798

366819,7475

366825,7289

366825,8620

366825,8397

366825,9705

366825,9077

366826,7905

366826,8699

366826,9254

366826,10401

366826,9388

366826,9619

366826,8666

366826,8859

366827,8166

366827,7226

366827,7284

366833,6842

366833,7037

366833,6187

366833,5889

366833,5735

366834,4989

366834,3136

366834,1936

366834,2665

366834,2204

366834,1234

366834,-664

366834,-1096

366835,-2711

366835,-2797

366835,-3042

366841,-2952

366841,-3547

366841,-4479

366841,-4972

366841,-5662

366842,-4311

366842,-4503

366842,-6281

366842,-5039

366842,-5817

366842,-5798

366842,-5593

366842,-6473

366843,-6392

366843,-7357

366843,-7975

366849,-8001

366849,-8558

366849,-8097

366849,-8994

366849,-9747

366850,-10790

366850,-11633

366850,-12358

366850,-13386

366850,-13792

366850,-13743

366850,-15890

366850,-17054

366851,-16106

366851,-16105

366851,-16262

366857,-15994

366857,-15040

366857,-15620

366857,-14645

366857,-14279

366858,-14580

366858,-14015

366858,-13417

366858,-14489

366858,-14995

366858,-14833

366858,-14665

366858,-14920

366859,-16424

366859,-14462

366859,-14929

366865,-13826

366865,-13060

366865,-12541

366865,-13154

366865,-13323

366866,-14146

366866,-13771

366866,-13112

366866,-13243

366866,-13613

366866,-14482

366866,-14040

366866,-14111

366867,-14295

366867,-14396

366867,-14634

366873,-14131

366873,-13823

366873,-12423

366873,-13058

366873,-14617

366874,-14961

366874,-15078

366874,-14623

366874,-14265

366874,-13523

366874,-14110

366874,-14804

366874,-14198

366875,-14047

366875,-14953

366875,-14005

366881,-13959

366881,-14188

366881,-13881

366881,-14086

366881,-15075

366882,-13988

366882,-14192

366882,-12878

366882,-12886

366882,-13068

366882,-12929

366882,-13257

366882,-13437

366883,-12922

366883,-13014

366883,-13460

366889,-11690

366889,-11626

366889,-10481

366889,-9783

366889,-8872

366890,-9232

366890,-8281

366890,-8826

366890,-7739

366890,-7730

366890,-7791

366890,-6981

366890,-8071

366891,-7007

366891,-7377

366891,-7255

366897,-7701

366897,-8399

366897,-8344

366897,-8144

366897,-7668

366898,-8115

366898,-7815

366898,-8114

366898,-8844

366898,-9323

366898,-9399

366898,-10912

366898,-10974

366899,-12113

366899,-14108

366899,-15337

366905,-16023

366905,-16930

366905,-18259

366905,-20037

366905,-21547

366906,-22580

366906,-22889

366906,-23826

366906,-22776

366906,-25450

366906,-25588

366906,-25263

366906,-25451

366907,-25484

366907,-25414

366907,-25112

366913,-25225

366913,-25944

366913,-26269

366913,-26618

366913,-26582

366914,-27496

366914,-27669

366914,-29175

366914,-29232

366914,-30334

366914,-31734

366914,-33487

366914,-34098

366915,-34202

366915,-35039

366915,-35853

366921,-36981

366921,-38212

366921,-39022

366921,-40032

366921,-41808

366922,-42158

366922,-42944

366922,-44172

366922,-44049

366922,-44997

366922,-46379

366922,-48308

366922,-48216

366923,-48984

366923,-48940

366923,-50865

366929,-52142

366929,-51054

366929,-51496

366929,-52139

366929,-51558

366930,-51955

366930,-52459

366930,-52309

366930,-51965

366930,-52359

366930,-51874

366930,-51698

366930,-51772

366931,-52305

366931,-51296

366931,-51704

366937,-51727

366937,-50944

366937,-50450

366937,-51410

366937,-50760

366938,-50414

366938,-49978

366938,-50264

366938,-49628

366938,-49124

366938,-48738

366938,-48880

366938,-48385

366939,-48227

366939,-48073

366939,-48101

366945,-48233

366945,-47757

366945,-47108

366945,-47246

366945,-46891

366946,-46141

366946,-45722

366946,-45654

366946,-45261

366946,-45715

366946,-45223

366946,-46127

366946,-46227

366947,-46107

366947,-45817

366947,-46312

366953,-45989

366953,-47392

366953,-47478

366953,-48447

366953,-49510

366954,-50873

366954,-51714

366954,-51227

366954,-50397

366954,-49175

366954,-49216

366954,-48688

366954,-48104

366955,-47895

366955,-46423

366955,-44830

366961,-43515

366961,-42415

366961,-42122

366961,-41654

366961,-41181

366962,-40938

366962,-40225

366962,-39940

366962,-39094

366962,-38088

366962,-37682

366962,-37062

366962,-37111

366963,-35630

366963,-35292

366963,-33280

366969,-32810

366969,-32827

366969,-32383

366969,-32139

366969,-32211

366970,-30718

366970,-31031

366970,-30511

366970,-30371

366970,-30387

366970,-30676

366970,-31762

366970,-32666

366971,-32438

366971,-33108

366971,-34327

366977,-33289

366977,-34016

366977,-32827

366977,-32424

366977,-31765

366978,-32373

366978,-31523

366978,-30931

366978,-30584

366978,-29705

366978,-29026

366978,-27859

366978,-27068

366979,-26819

366979,-26398

366979,-26152

366985,-25980

366985,-25263

366985,-25558

366985,-25490

366985,-25116

366986,-23506

366986,-22911

366986,-23482

366986,-21904

366986,-21933

366986,-21262

366986,-20423

366986,-21048

366987,-20159

366987,-19304

366987,-17908

366993,-18234

366993,-17444

366993,-16955

366993,-17262

366993,-15599

366994,-16566

366994,-16072

366994,-17347

366994,-17715

366994,-15995

366994,-16195

366994,-15219

366994,-14747

366995,-14827

366995,-14542

366995,-13549

367001,-12390

367001,-12964

367001,-11550

367001,-10865

367001,-9845

367002,-9580

367002,-8897

367002,-8356

367002,-7187

367002,-7731

367002,-7012

367002,-6480

367002,-5779

367003,-5159

367003,-4695

367003,-5152

367009,-4514

367009,-4781

367009,-4341

367009,-3594

367009,-3340

367010,-3193

367010,-1972

367010,-1611

367010,-478

367010,-587

367010,-631

367010,-1326

367010,-1843

367011,-2442

367011,-2815

367011,-3951

367017,-4079

367017,-4977

367017,-4709

367017,-4184

367017,-4752

367018,-6162

367018,-7204

367018,-7541

367018,-8479

367018,-9213

367018,-8674

367018,-10391

367018,-11864

367019,-13263

367019,-12568

367019,-13719

367025,-15358

367025,-16037

367025,-16778

367025,-17728

367025,-17352

367026,-18231

367026,-18913

367026,-19061

367026,-17982

367026,-17900

367026,-17720

367026,-19485

367026,-19147

367027,-19019

367027,-20684

367027,-20961

367033,-21953

367033,-22626

367033,-23143

367033,-24495

367033,-25304

367034,-26585

367034,-28272

367034,-27489

367034,-29037

367034,-30251

367034,-31374

367034,-30332

367034,-31403

367035,-31182

367035,-31545

367035,-31519

367041,-32953

367041,-33375

367041,-31982

367041,-32785

367041,-33538

367042,-34421

367042,-35445

367042,-35372

367042,-35444

367042,-35898

367042,-35150

367042,-35530

367042,-36115

367043,-35886

367043,-35776

367043,-35910

367049,-35765

367049,-35620

367049,-34088

367049,-34743

367049,-34094

367050,-35176

367050,-34566

367050,-35779

367050,-35748

367050,-36418

367050,-36811

367050,-36451

367050,-36780

367051,-36182

367051,-35556

367051,-36565

367057,-37060

367057,-37990

367057,-39556

367057,-40474

367057,-41385

367058,-41617

367058,-41832

367058,-43940

367058,-45796

367058,-46717

367058,-48985

367058,-50186

367058,-51734

367059,-52835

367059,-53610

367059,-55052

367065,-55900

367065,-55783

367065,-56888

367065,-57752

367065,-57451

367066,-59036

367066,-58027

367066,-58135

367066,-57878

367066,-57767

367066,-57718

367066,-57267

367066,-56146

367067,-57095

367067,-56570

367067,-57416

367073,-56955

367073,-57637

367073,-57151

367073,-56577

367073,-57104

367074,-56630

367074,-57306

367074,-57387

367074,-57100

367074,-55914

367074,-55761

367074,-55913

367074,-56013

367075,-57246

367075,-56675

367075,-56668

367081,-56981

367081,-57447

367081,-56599

367081,-56538

367081,-56766

367082,-55998

367082,-56134

367082,-57294

367082,-56930

367082,-57859

367082,-57960

367082,-58047

367082,-58505

367083,-59054

367083,-58759

367083,-59708

367089,-59210

367089,-59864

367089,-58997

367089,-58533

367089,-58269

367090,-56023

367090,-55749

367090,-54963

367090,-54363

367090,-55408

367090,-54962

367090,-55163

367090,-55369

367091,-55767

367091,-57085

367091,-56860

367097,-56093

367097,-57578

367097,-57522

367097,-56939

367097,-56866

367098,-57184

367098,-57126

367098,-56168

367098,-55851

367098,-55582

367098,-56587

367098,-55812

367098,-56412

367099,-55656

367099,-56515

367099,-57130

367105,-56948

367105,-56747

367105,-58198

367105,-58734

367105,-59301

367106,-59308

367106,-59586

367106,-59140

367106,-59810

367106,-60275

367106,-60117

367106,-60296

367106,-59603

367107,-58325

367107,-60024

367107,-60482

367113,-59615

367113,-58393

367113,-57563

367113,-58140

367113,-55570

367114,-55846

367114,-54986

367114,-54106

367114,-53515

367114,-52220

367114,-51742

367114,-50740

367114,-49226

367115,-49898

367115,-49150

367115,-48742

367121,-48030

367121,-47446

367121,-46731

367121,-45303

367121,-45496

367122,-43937

367122,-43416

367122,-43378

367122,-41902

367122,-40928

367122,-41079

367122,-40985

367122,-41082

367123,-40256

367123,-38597

367123,-38632

367129,-39207

367129,-39070

367129,-38833

367129,-39014

367129,-39366

367130,-38867

367130,-39390

367130,-37929

367130,-38235

367130,-38691

367130,-40049

367130,-39527

367130,-40222

367131,-39637

367131,-40787

367131,-42107

367137,-42872

367137,-43793

367137,-44264

367137,-44896

367137,-46667

367138,-49256

367138,-50289

367138,-51384

367138,-51151

367138,-52620

367138,-53944

367138,-55102

367138,-55711

367139,-56385

367139,-56406

367139,-56677

367145,-57571

367145,-57536

367145,-58095

367145,-57927

367145,-58407

367146,-58600

367146,-59675

367146,-60230

367146,-60836

367146,-60460

367146,-59900

367146,-59875

367146,-60450

367147,-60857

367147,-61314

367147,-59924

367153,-61226

367153,-59573

367153,-59005

367153,-58720

367153,-58952

367154,-58358

367154,-58087

367154,-58487

367154,-57487

367154,-57243

367154,-56748

367154,-57959

367154,-56913

367155,-56068

367155,-57437

367155,-58059

367161,-57887

367161,-58402

367161,-58399

367161,-58040

367161,-57992

367162,-57378

367162,-57300

367162,-56954

367162,-57135

367162,-56567

367162,-55519

367162,-55672

367162,-54548

367163,-54532

367163,-53589

367163,-52428

367169,-51611

367169,-52232

367169,-50764

367169,-51583

367169,-51629

367170,-51295

367170,-51252

367170,-50727

367170,-50848

367170,-49568

367170,-49410

367170,-48792

367170,-48455

367171,-47363

367171,-46027

367171,-43844

367177,-43173

367177,-42079

367177,-42570

367177,-42973

367177,-40958

367178,-41864

367178,-41734

367178,-42579

367178,-42579

367178,-43631

367178,-43968

367178,-43212

367178,-44217

367179,-44594

367179,-44478

367179,-44250

367185,-44883

367185,-44297

367185,-44203

367185,-43678

367185,-43618

367186,-42985

367186,-43147

367186,-43173

367186,-43644

367186,-43605

367186,-43607

367186,-43270

367186,-43551

367187,-43029

367187,-42349

367187,-42853

367193,-42257

367193,-42318

367193,-43107

367193,-43073

367193,-41763

367194,-41951

367194,-41423

367194,-40697

367194,-40537

367194,-40471

367194,-39096

367194,-38209

367194,-38511

367195,-38556

367195,-38375

367195,-37569

367201,-37180

367201,-36787

367201,-35673

367201,-36049

367201,-35187

367202,-35053

367202,-33972

367202,-32533

367202,-31485

367202,-30883

367202,-31304

367202,-30097

367202,-30249

367203,-29487

367203,-29692

367203,-29873

367209,-29302

367209,-29035

367209,-29461

367209,-29223

367209,-30064

367210,-28887

367210,-29587

367210,-31451

367210,-31024

367210,-31108

367210,-31651

367210,-31727

367210,-32644

367211,-32960

367211,-34409

367211,-34910

367217,-34989

367217,-36055

367217,-38641

367217,-38134

367217,-39607

367218,-40465

367218,-41771

367218,-41341

367218,-42918

367218,-44047

367218,-44660

367218,-45635

367218,-46568

367219,-46362

367219,-46615

367219,-46729

367225,-47874

367225,-48186

367225,-47951

367225,-48863

367225,-49194

367226,-49141

367226,-49227

367226,-48570

367226,-48575

367226,-50299

367226,-50642

367226,-52002

367226,-52282

367227,-53683

367227,-55149

367227,-55613

367233,-56088

367233,-56555

367233,-57332

367233,-57721

367233,-57609

367234,-57922

367234,-57996

367234,-57937

367234,-58477

367234,-59407

367234,-59415

367234,-60337

367234,-60134

367235,-59920

367235,-62211

367235,-62421

367241,-62721

367241,-62808

367241,-64553

367241,-65035

367241,-65809

367242,-65340

367242,-66025

367242,-66038

367242,-67044

367242,-67186

367242,-67598

367242,-67683

367242,-68613

367243,-69012

367243,-70289

367243,-70623

367249,-71926

367249,-72403

367249,-73291

367249,-73041

367249,-74248

367250,-73715

367250,-74117

367250,-74273

367250,-73790

367250,-73893

367250,-74462

367250,-73396

367250,-72712

367251,-72659

367251,-72918

367251,-72269

367257,-72539

367257,-72135

367257,-72270

367257,-72483

367257,-72374

367258,-72038

367258,-73248

367258,-74321

367258,-73842

367258,-73047

367258,-73251

367258,-73202

367258,-74430

367259,-74136

367259,-74770

367259,-76672

367265,-77398

367265,-78434

367265,-79877

367265,-80249

367265,-81339

367266,-81991

367266,-82890

367266,-83731

367266,-84295

367266,-85932

367266,-85191

367266,-86014

367266,-87342

367267,-87673

367267,-90221

367267,-91747

367273,-92937

367273,-93634

367273,-93734

367273,-94110

367273,-96140

367274,-96914

367274,-99064

367274,-100221

367274,-100557

367274,-100590

367274,-100599

367274,-100221

367274,-100854

367275,-102032

367275,-102231

367275,-103463

367281,-104556

367281,-105416

367281,-106392

367281,-107485

367281,-108592

367282,-107990

367282,-109908

367282,-110547

367282,-110802

367282,-111910

367282,-114090

367282,-114028

367282,-115915

367283,-115785

367283,-116036

367283,-117181

367289,-117758

367289,-119119

367289,-120172

367289,-121338

367289,-123034

367290,-123596

367290,-124230

367290,-124058

367290,-125512

367290,-126775

367290,-127500

367290,-128424

367290,-129665

367291,-130709

367291,-131528

367291,-132602

367297,-132507

367297,-133528

367297,-135808

367297,-136023

367297,-137760

367298,-138711

367298,-139715

367298,-141174

367298,-141358

367298,-142212

367298,-142807

367298,-142601

367298,-142936

367299,-143477

367299,-143640

367299,-143958

367305,-144042

367305,-143565

367305,-144434

367305,-143345

367305,-142780

367306,-142333

367306,-142243

367306,-140768

367306,-140542

367306,-139783

367306,-139915

367306,-138736

367306,-138729

367307,-138189

367307,-137319

367307,-135861

367313,-135434

367313,-133882

367313,-133017

367313,-132175

367313,-131038

367314,-130525

367314,-129766

367314,-129994

367314,-129055

367314,-128085

367314,-127352

367314,-126523

367314,-125981

367315,-124476

367315,-124885

367315,-124486

367321,-122365

367321,-121975

367321,-121193

367321,-119887

367321,-119260

367322,-118847

367322,-118336

367322,-117667

367322,-116896

367322,-114705

367322,-115135

367322,-114458

367322,-115129

367323,-114108

367323,-114438

367323,-112776

367329,-113512

367329,-113185

367329,-113278

367329,-111635

367329,-111065

367330,-111019

367330,-110771

367330,-110485

367330,-109198

367330,-107840

367330,-108220

367330,-106762

367330,-106956

367331,-105312

367331,-105350

367331,-104923

367337,-104349

367337,-103097

367337,-102993

367337,-101506

367337,-101229

367338,-101104

367338,-100811

367338,-100164

367338,-99560

367338,-98119

367338,-97819

367338,-96592

367338,-95826

367339,-94471

367339,-94405

367339,-93768

367345,-94538

367345,-94861

367345,-95540

367345,-94331

367345,-93688

367346,-93888

367346,-94963

367346,-95639

367346,-96675

367346,-97896

367346,-98064

367346,-98777

367346,-98917

367347,-99197

367347,-99527

367347,-99527

367353,-100468

367353,-101021

367353,-102110

367353,-102147

367353,-102245

367354,-102266

367354,-103223

367354,-102517

367354,-103140

367354,-102193

367354,-101107

367354,-101443

367354,-101019

367355,-102030

367355,-103112

367355,-102880

367361,-103519

367361,-103983

367361,-104712

367361,-104503

367361,-106476

367362,-106109

367362,-105777

367362,-106006

367362,-105332

367362,-105055

367362,-105154

367362,-105577

367362,-105950

367363,-106370

367363,-106789

367363,-106813

367369,-106790

367369,-107217

367369,-109332

367369,-110208

367369,-111249

367370,-113478

367370,-114237

367370,-114716

367370,-114333

367370,-114019

367370,-114543

367370,-115244

367370,-114943

367371,-114788

367371,-114793

367371,-115070

367377,-115055

367377,-116195

367377,-116086

367377,-115395

367377,-115458

367378,-115567

367378,-115595

367378,-114861

367378,-115825

367378,-115767

367378,-116353

367378,-115170

367378,-114763

367379,-114439

367379,-112900

367379,-112710

RAW_SUMMARY id=3 requested=6000 captured=6000 unused_capacity=0 max_pcm_abs=250291 raw_mean=-5089.7 raw_abs_mean=53644.2 raw_min=-209853 raw_max=250291 baseline=15.9

OK RAW

