# run: clap_r2_msb_1
# firmware: role=analyzer git=1c743a2 version=0.4.0
# imported-from: clap_1.log (mtime 2026-10-09T12:08:53)
RAW_INFO mode=i2s output=csv

RAW_INFO row_size=12

RAW_BEGIN id=1 sr=2000 trigger_ms=340930 command_ms=340916 emit_seen=1 emit_start_ms=340930 emit_done_ms=341026 f=3200 dur=100 pre_ms=0 post_ms=3000 decim=8 pre_samples=0 post_samples=6000 mode=i2s output=csv fields=ms,pcm

ms,pcm

340932,-32076

340932,-33906

340932,-34696

340932,-36442

340932,-43151

340932,-16395

340932,-65440

340933,-11615

340933,-54403

340933,-38731

340933,-30369

340933,-56358

340933,-21825

340933,-49739

340933,-42524

340933,-26731

340937,-60685

340937,-20843

340937,-56370

340937,-39911

340937,-34624

340938,-59618

340938,-24767

340938,-53706

340938,-41084

340938,-28869

340938,-61723

340938,-21405

340938,-53088

340939,-40188

340939,-30030

340939,-57397

340945,-24286

340945,-50195

340945,-40917

340945,-28655

340945,-58931

340946,-20487

340946,-53153

340946,-38605

340946,-29007

340946,-57913

340946,-22438

340946,-50053

340946,-42192

340947,-24954

340947,-58229

340947,-18068

340953,-49020

340953,-39393

340953,-23193

340953,-58255

340953,-16853

340954,-48547

340954,-39259

340954,-24205

340954,-57590

340954,-18604

340954,-48588

340954,-40984

340954,-25367

340955,-60289

340955,-21786

340955,-51977

340961,-44463

340961,-30790

340961,-64537

340961,-27456

340961,-56023

340962,-51859

340962,-36590

340962,-74887

340962,-37816

340962,-68247

340962,-63080

340962,-48821

340962,-83465

340963,-49677

340963,-81946

340963,-75982

340969,-63655

340969,-99580

340969,-64845

340969,-96325

340969,-91057

340970,-77364

340970,-112503

340970,-74879

340970,-103848

340970,-98323

340970,-83483

340970,-119538

340970,-81691

340971,-110967

340971,-104461

340971,-88371

340977,-123532

340977,-85601

340977,-115467

340977,-108480

340977,-92454

340978,-126316

340978,-85564

340978,-115090

340978,-106945

340978,-89995

340978,-124525

340978,-83764

340978,-113042

340979,-102151

340979,-86139

340979,-120495

340985,-80779

340985,-110483

340985,-102812

340985,-84704

340985,-120904

340986,-78620

340986,-110114

340986,-101939

340986,-83236

340986,-120858

340986,-76799

340986,-109746

340986,-98845

340987,-81008

340987,-117057

340987,-72441

340993,-105110

340993,-94645

340993,-76892

340993,-113070

340993,-67870

340994,-103567

340994,-91186

340994,-75441

340994,-111764

340994,-67568

340994,-102589

340994,-90484

340994,-73596

340995,-110567

340995,-65527

340995,-101718

341001,-88146

341001,-70634

341001,-107313

341001,-61231

341001,-97619

341002,-86289

341002,-68855

341002,-107958

341002,-63526

341002,-97407

341002,-87225

341002,-70153

341002,-108645

341003,-64509

341003,-98533

341003,-88268

341009,-71472

341009,-110912

341009,-67080

341009,-102491

341009,-92319

341010,-74904

341010,-113691

341010,-69309

341010,-104400

341010,-94895

341010,-78127

341010,-116696

341010,-72778

341011,-107697

341011,-98825

341011,-80224

341017,-119981

341017,-76773

341017,-109420

341017,-101758

341017,-85668

341018,-123359

341018,-79816

341018,-112328

341018,-102067

341018,-84757

341018,-122145

341018,-76949

341018,-110003

341019,-99769

341019,-82128

341019,-117871

341025,-75056

341027,-107664

341027,-97034

341027,-79978

341027,-117535

341028,-75157

341028,-106719

341028,-97647

341028,-80463

341028,-118298

341028,-78719

341028,-96982

341028,-92112

341028,-98095

341029,-97521

341029,-90557

341033,-93628

341033,-96842

341033,-89614

341033,-102449

341033,-92168

341034,-99185

341034,-99587

341034,-97327

341034,-106154

341034,-100698

341034,-103345

341034,-107578

341034,-101264

341035,-111582

341035,-106238

341035,-108671

341041,-110856

341041,-106510

341041,-114078

341041,-108980

341041,-112461

341042,-115739

341042,-110196

341042,-120940

341042,-114724

341042,-117879

341042,-122458

341042,-119213

341042,-124783

341043,-120504

341043,-124043

341043,-127496

341049,-123343

341049,-129766

341049,-125189

341049,-126138

341049,-126937

341050,-124810

341050,-129737

341050,-124751

341050,-126906

341050,-128034

341050,-125140

341050,-128177

341050,-123879

341051,-125808

341051,-124198

341051,-122553

341057,-126509

341057,-120805

341057,-123214

341057,-121126

341057,-117104

341058,-122200

341058,-113541

341058,-118702

341058,-115015

341058,-112248

341058,-115623

341058,-108441

341058,-111589

341059,-108353

341059,-106202

341059,-109450

341065,-104153

341065,-107745

341065,-105321

341065,-99616

341065,-106585

341066,-97166

341066,-102523

341066,-99650

341066,-96711

341066,-100068

341066,-93749

341066,-98092

341066,-97488

341067,-94616

341067,-99004

341067,-91092

341073,-94835

341073,-91653

341073,-89321

341073,-93170

341073,-88331

341074,-92666

341074,-91364

341074,-89152

341074,-94351

341074,-89036

341074,-92556

341074,-90040

341074,-89547

341075,-92139

341075,-89350

341075,-91502

341081,-91521

341081,-88158

341081,-89767

341081,-88262

341081,-90017

341082,-89253

341082,-87229

341082,-90338

341082,-87238

341082,-90275

341082,-89051

341082,-91203

341082,-91733

341083,-90778

341083,-90206

341083,-90813

341089,-90851

341089,-89838

341089,-91152

341089,-88867

341089,-90414

341090,-88884

341090,-87947

341090,-90503

341090,-85716

341090,-89070

341090,-88417

341090,-87435

341090,-90164

341091,-87067

341091,-89951

341091,-88413

341097,-88246

341097,-91466

341097,-85000

341097,-88765

341097,-84050

341098,-82675

341098,-83809

341098,-79848

341098,-82611

341098,-79938

341098,-76543

341098,-77367

341098,-72640

341099,-74802

341099,-72539

341099,-71145

341105,-72407

341105,-68924

341105,-70644

341105,-68663

341105,-68169

341106,-67884

341106,-64677

341106,-65187

341106,-62249

341106,-61027

341106,-60976

341106,-56002

341106,-57899

341107,-54329

341107,-54827

341107,-53774

341113,-51748

341113,-52127

341113,-51204

341113,-50849

341113,-51063

341114,-48076

341114,-50515

341114,-48374

341114,-48181

341114,-47149

341114,-46426

341114,-47064

341114,-45333

341115,-46096

341115,-46629

341115,-45751

341121,-47094

341121,-47018

341121,-47261

341121,-46351

341121,-45052

341122,-47032

341122,-46656

341122,-46978

341122,-48903

341122,-47308

341122,-48369

341122,-46924

341122,-46857

341123,-46835

341123,-46570

341123,-46858

341129,-45155

341129,-46595

341129,-45978

341129,-44166

341129,-44934

341130,-42186

341130,-43643

341130,-41376

341130,-37943

341130,-38800

341130,-36489

341130,-36178

341130,-35985

341131,-33657

341131,-33781

341131,-32441

341137,-31556

341137,-30755

341137,-28360

341137,-29090

341137,-26645

341138,-26368

341138,-26012

341138,-22989

341138,-24154

341138,-22833

341138,-21833

341138,-21043

341138,-20307

341139,-22321

341139,-20949

341139,-21069

341145,-21478

341145,-21291

341145,-21872

341145,-21565

341145,-21832

341146,-21023

341146,-19429

341146,-20014

341146,-18482

341146,-18190

341146,-16615

341146,-15883

341146,-14976

341147,-13976

341147,-13315

341147,-12759

341153,-11680

341153,-12250

341153,-10363

341153,-10031

341153,-10366

341154,-9137

341154,-9628

341154,-9417

341154,-9452

341154,-9202

341154,-8528

341154,-7945

341154,-8418

341155,-8134

341155,-8350

341155,-9072

341161,-9143

341161,-8887

341161,-9292

341161,-8360

341161,-9495

341162,-10075

341162,-9934

341162,-9939

341162,-10102

341162,-10570

341162,-9747

341162,-11788

341162,-11511

341163,-11354

341163,-11880

341163,-11060

341169,-10963

341169,-12616

341169,-11563

341169,-12030

341169,-11900

341170,-11534

341170,-12549

341170,-11104

341170,-12230

341170,-11110

341170,-10911

341170,-11064

341170,-11108

341171,-11909

341171,-9787

341171,-10942

341177,-10886

341177,-10721

341177,-10411

341177,-9949

341177,-9564

341178,-10110

341178,-7798

341178,-8807

341178,-7094

341178,-6599

341178,-6466

341178,-5432

341178,-5937

341179,-5395

341179,-3215

341179,-4963

341185,-4762

341185,-4789

341185,-4770

341185,-4120

341185,-4807

341186,-4599

341186,-5966

341186,-5787

341186,-7237

341186,-6123

341186,-4637

341186,-5795

341186,-5261

341187,-5672

341187,-6568

341187,-5653

341193,-4838

341193,-5238

341193,-5249

341193,-5700

341193,-5348

341194,-5838

341194,-6380

341194,-6150

341194,-7245

341194,-6027

341194,-5637

341194,-5184

341194,-4298

341195,-3349

341195,-3459

341195,-2260

341201,-136

341201,304

341201,1813

341201,2864

341201,3297

341202,4737

341202,4768

341202,6932

341202,8559

341202,11087

341202,13536

341202,15934

341202,18082

341203,20951

341203,22560

341203,24920

341209,27354

341209,28445

341209,30149

341209,31489

341209,33238

341210,35174

341210,38481

341210,40045

341210,42919

341210,43856

341210,47272

341210,49642

341210,50728

341211,53605

341211,54280

341211,55919

341217,58519

341217,61133

341217,62963

341217,64999

341217,67542

341218,70682

341218,72597

341218,75143

341218,78167

341218,80476

341218,82759

341218,85646

341218,88240

341219,91024

341219,91689

341219,93864

341225,95035

341225,96216

341225,97104

341225,98613

341225,101470

341226,103261

341226,104897

341226,105303

341226,105585

341226,106913

341226,105098

341226,106902

341226,108735

341227,107766

341227,106785

341227,106916

341233,108195

341233,108882

341233,108183

341233,109653

341233,107149

341234,108004

341234,107743

341234,108510

341234,109198

341234,110523

341234,109862

341234,110415

341234,109889

341235,110404

341235,109968

341235,109184

341241,108655

341241,108553

341241,107665

341241,107694

341241,109269

341242,109595

341242,108531

341242,110762

341242,110064

341242,109220

341242,109998

341242,107512

341242,109022

341243,110217

341243,109579

341243,108300

341249,109261

341249,108549

341249,107554

341249,107617

341249,105486

341250,104633

341250,105640

341250,104825

341250,104842

341250,103165

341250,104274

341250,102286

341250,101363

341251,101344

341251,101099

341251,100704

341257,99930

341257,99356

341257,96974

341257,96640

341257,95947

341258,96228

341258,94940

341258,93071

341258,95738

341258,92872

341258,94213

341258,94080

341258,95497

341259,95640

341259,96897

341259,95239

341265,96049

341265,95824

341265,95605

341265,95695

341265,94931

341266,97712

341266,96864

341266,98019

341266,98489

341266,97511

341266,100365

341266,98918

341266,101468

341267,99845

341267,100198

341267,99482

341273,100572

341273,101878

341273,102109

341273,101261

341273,101560

341274,100898

341274,99999

341274,99279

341274,98886

341274,99598

341274,96937

341274,97863

341274,95686

341275,95641

341275,94906

341275,95307

341281,94108

341281,91869

341281,93054

341281,92899

341281,92852

341282,90541

341282,91850

341282,91818

341282,92140

341282,90728

341282,91941

341282,91285

341282,90517

341283,90883

341283,90113

341283,89665

341289,91908

341289,90792

341289,92189

341289,90139

341289,90593

341290,92230

341290,94095

341290,93885

341290,95573

341290,96248

341290,96353

341290,97020

341290,97991

341291,99228

341291,98986

341291,99554

341297,100973

341297,101775

341297,100967

341297,102050

341297,103106

341298,102424

341298,102419

341298,104697

341298,105673

341298,106347

341298,107043

341298,107260

341298,107951

341299,107658

341299,108570

341299,109332

341305,108937

341305,107776

341305,106558

341305,107712

341305,107421

341306,106864

341306,107214

341306,107795

341306,107989

341306,107475

341306,105462

341306,104578

341306,105154

341307,104720

341307,103776

341307,104320

341313,103909

341313,104345

341313,105849

341313,105306

341313,104677

341314,104141

341314,103062

341314,102354

341314,102080

341314,103313

341314,102711

341314,103546

341314,104114

341315,102674

341315,101182

341315,101775

341321,104532

341321,103593

341321,104340

341321,105230

341321,105606

341322,104457

341322,104514

341322,103860

341322,104681

341322,102940

341322,102808

341322,101252

341322,100947

341323,100161

341323,99998

341323,100102

341329,99241

341329,97781

341329,97701

341329,96773

341329,96271

341330,92987

341330,96395

341330,95609

341330,93595

341330,93989

341330,94895

341330,93282

341330,92421

341331,93213

341331,94664

341331,93837

341337,93988

341337,94007

341337,92801

341337,90601

341337,90790

341338,93121

341338,90808

341338,91912

341338,92382

341338,92493

341338,92879

341338,91895

341338,91609

341339,91995

341339,93640

341339,92817

341345,92612

341345,92689

341345,91772

341345,90279

341345,93587

341346,91413

341346,92718

341346,93608

341346,92455

341346,93558

341346,93418

341346,93172

341346,90915

341347,91903

341347,91084

341347,90929

341353,90567

341353,90685

341353,89010

341353,88085

341353,86306

341354,87252

341354,84437

341354,82476

341354,80899

341354,80914

341354,81552

341354,81155

341354,80505

341355,79452

341355,80018

341355,82468

341361,81475

341361,80415

341361,80136

341361,80022

341361,81476

341362,80277

341362,79658

341362,80066

341362,80088

341362,78688

341362,81324

341362,79838

341362,78793

341363,80222

341363,81423

341363,80619

341369,81758

341369,84207

341369,84104

341369,81992

341369,82580

341370,84712

341370,84445

341370,84103

341370,84660

341370,86613

341370,85700

341370,85741

341370,86153

341371,85310

341371,85764

341371,83754

341377,84302

341377,83632

341377,83400

341377,83418

341377,85501

341378,82470

341378,83257

341378,84106

341378,81713

341378,82564

341378,81403

341378,83236

341378,82177

341379,82199

341379,81011

341379,81803

341385,81856

341385,82071

341385,79364

341385,76875

341385,84917

341386,75494

341386,90209

341386,88791

341386,87607

341386,62311

341386,43768

341386,1466706

341386,1377982

341387,433479

341387,-133391

341387,-363926

341393,-278608

341393,-283299

341393,-333797

341393,-806194

341393,-419235

341394,-266967

341394,-199591

341394,73612

341394,192202

341394,110761

341394,-121192

341394,-36281

341394,-46380

341395,203769

341395,244922

341395,153609

341401,-39011

341401,-57026

341401,-4332

341401,27443

341401,40936

341402,143012

341402,193865

341402,157530

341402,166320

341402,158493

341402,122437

341402,-37159

341402,-23692

341403,-53306

341403,-127021

341403,33327

341409,-3234

341409,46739

341409,-78618

341409,-194423

341409,-191172

341410,-152896

341410,-56273

341410,-14779

341410,129540

341410,142410

341410,86119

341410,51606

341410,18001

341411,56238

341411,66548

341411,16815

341417,-18502

341417,76758

341417,33047

341417,-62957

341417,-94865

341418,-102065

341418,21522

341418,42787

341418,20558

341418,14554

341418,13134

341418,-6463

341418,-65811

341419,-16848

341419,-25920

341419,-36689

341425,-67708

341425,-59407

341425,26686

341425,66474

341425,80106

341426,62112

341426,20250

341426,39336

341426,51619

341426,40556

341426,50682

341426,46693

341426,26069

341427,18847

341427,-2815

341427,66475

341433,41020

341433,16907

341433,65824

341433,46539

341433,13860

341434,4267

341434,32020

341434,59066

341434,38190

341434,-2140

341434,-42373

341434,-32364

341434,15673

341435,71026

341435,-73

341435,-48989

341441,-77103

341441,1054

341441,45343

341441,35111

341441,34673

341442,-1317

341442,321

341442,23448

341442,-60

341442,2067

341442,2572

341442,28890

341442,11843

341443,-10157

341443,10720

341443,19278

341449,36323

341449,-18803

341449,-31303

341449,-6893

341449,8696

341450,-2895

341450,-23175

341450,-13456

341450,14057

341450,1157

341450,2903

341450,-1659

341450,-18329

341451,25815

341451,57779

341451,65894

341457,62419

341457,7047

341457,29219

341457,49668

341457,67067

341458,97524

341458,95501

341458,60023

341458,28963

341458,4660

341458,-19588

341458,8742

341458,69004

341459,90884

341459,91524

341459,108406

341465,95357

341465,98672

341465,54408

341465,20391

341465,19661

341466,17655

341466,42076

341466,79698

341466,62244

341466,16993

341466,775

341466,41316

341466,533

341467,18089

341467,57350

341467,65509

341473,30533

341473,858

341473,3855

341473,11714

341473,-4888

341474,910

341474,13911

341474,56115

341474,45268

341474,45741

341474,30894

341474,14254

341474,17345

341475,33208

341475,-7121

341475,-23418

341481,-49251

341481,-34427

341481,-5691

341481,17482

341481,37490

341482,58693

341482,38565

341482,45275

341482,30181

341482,23009

341482,22338

341482,12315

341482,11322

341483,35312

341483,33951

341483,25212

341489,19992

341489,34967

341489,27480

341489,25147

341489,15626

341490,3458

341490,6039

341490,10024

341490,14600

341490,678

341490,-4598

341490,51255

341490,45695

341491,37302

341491,32457

341491,15288

341497,-6131

341497,-21635

341497,-25741

341497,-26559

341497,-15060

341498,-4523

341498,4066

341498,5921

341498,3270

341498,-4708

341498,-26086

341498,-32515

341498,-19596

341499,-8099

341499,6103

341499,-3597

341505,-24570

341505,-16876

341505,-18548

341505,7233

341505,9795

341506,22903

341506,26359

341506,26493

341506,23544

341506,32900

341506,20334

341506,22447

341506,33147

341507,29265

341507,23390

341507,32351

341513,22758

341513,24782

341513,19347

341513,18472

341513,19114

341514,21698

341514,26552

341514,19581

341514,19746

341514,25417

341514,22159

341514,26010

341514,12538

341515,-353

341515,7806

341515,14464

341521,22279

341521,14255

341521,-5890

341521,-5605

341521,-749

341522,7095

341522,12170

341522,18423

341522,5003

341522,11716

341522,-3752

341522,-4226

341522,5907

341523,14375

341523,21802

341523,12645

341529,10519

341529,9896

341529,1408

341529,-13349

341529,-13342

341530,-746

341530,876

341530,4895

341530,2542

341530,14518

341530,10105

341530,13973

341530,12914

341531,14488

341531,8962

341531,6164

341537,14585

341537,11013

341537,10798

341537,15853

341537,8972

341538,10494

341538,-511

341538,214

341538,4724

341538,8406

341538,13207

341538,17028

341538,8441

341539,4755

341539,-942

341539,1236

341545,7905

341545,6959

341545,6796

341545,12141

341545,9747

341546,11213

341546,7068

341546,4042

341546,-176

341546,-1789

341546,-4068

341546,-2849

341546,-564

341547,1764

341547,301

341547,3208

341553,1663

341553,1821

341553,1201

341553,3801

341553,11225

341554,9190

341554,10287

341554,4773

341554,-884

341554,-937

341554,-4747

341554,-3813

341554,-1007

341555,1383

341555,-6873

341555,-5831

341561,-475

341561,-870

341561,2336

341561,2975

341561,1346

341562,7035

341562,9043

341562,11123

341562,15016

341562,16907

341562,186

341562,5818

341562,6747

341563,4963

341563,11912

341563,4366

341569,397

341569,122

341569,2448

341569,4658

341569,1619

341570,1642

341570,-563

341570,6592

341570,6881

341570,2801

341570,-2514

341570,-511

341570,2839

341571,5343

341571,4439

341571,-5280

341577,-3388

341577,3129

341577,3567

341577,-1303

341577,-1977

341578,-646

341578,410

341578,5433

341578,11288

341578,7742

341578,7877

341578,9326

341578,13610

341579,14232

341579,17357

341579,18461

341585,19328

341585,16311

341585,16264

341585,15574

341585,11986

341586,12335

341586,13756

341586,12519

341586,11673

341586,12931

341586,14128

341586,17367

341586,17588

341587,17623

341587,13269

341587,13984

341593,13927

341593,16927

341593,16088

341593,20446

341593,21455

341594,17255

341594,14303

341594,18593

341594,16209

341594,15017

341594,14897

341594,14128

341594,10234

341595,11858

341595,11007

341595,12454

341601,8943

341601,10391

341601,14759

341601,16159

341601,12451

341602,14983

341602,17522

341602,15243

341602,10532

341602,8499

341602,9111

341602,10322

341602,13814

341603,15440

341603,13196

341603,13944

341609,13261

341609,15204

341609,14773

341609,12046

341609,15017

341610,18695

341610,15902

341610,18555

341610,15491

341610,16281

341610,18270

341610,18662

341610,19609

341611,18187

341611,19300

341611,18812

341617,19076

341617,17794

341617,19793

341617,17561

341617,18445

341618,17908

341618,16977

341618,16757

341618,15953

341618,15038

341618,14222

341618,14917

341618,15433

341619,17232

341619,15008

341619,15475

341625,16151

341625,15315

341625,17454

341625,17976

341625,15557

341626,17000

341626,15070

341626,16944

341626,18590

341626,18443

341626,16167

341626,16296

341626,13012

341627,15176

341627,15776

341627,14883

341633,15175

341633,13254

341633,14142

341633,15988

341633,14050

341634,15358

341634,15090

341634,18622

341634,18319

341634,17981

341634,15357

341634,15508

341634,15177

341635,13048

341635,13658

341635,14790

341641,17713

341641,17210

341641,16899

341641,18337

341641,17371

341642,20624

341642,18638

341642,19085

341642,18403

341642,18718

341642,18595

341642,19102

341642,19061

341643,21193

341643,19261

341643,18159

341649,18219

341649,16998

341649,18757

341649,17815

341649,16364

341650,16436

341650,15959

341650,18065

341650,18075

341650,16196

341650,14507

341650,14229

341650,14457

341651,15066

341651,13058

341651,11554

341657,12647

341657,13646

341657,12959

341657,10888

341657,11939

341658,12702

341658,12051

341658,12724

341658,13981

341658,12332

341658,12180

341658,14696

341658,15382

341659,16189

341659,16026

341659,15305

341665,17051

341665,16006

341665,15577

341665,15298

341665,17008

341666,19008

341666,20471

341666,20778

341666,20410

341666,18428

341666,19027

341666,21073

341666,21017

341667,19294

341667,20232

341667,18515

341673,18396

341673,18347

341673,19639

341673,19017

341673,18739

341674,18029

341674,17429

341674,17155

341674,16350

341674,15362

341674,16741

341674,16502

341674,14761

341675,12345

341675,11729

341675,10303

341681,11119

341681,9885

341681,7970

341681,5830

341681,6010

341682,4135

341682,1799

341682,1672

341682,2427

341682,2036

341682,1764

341682,3460

341682,4062

341683,4387

341683,5417

341683,4021

341689,5740

341689,6393

341689,7073

341689,6314

341689,6454

341690,8545

341690,8895

341690,10714

341690,11866

341690,12638

341690,14426

341690,14386

341690,12906

341691,13639

341691,15620

341691,16067

341697,16777

341697,15841

341697,15791

341697,16103

341697,16263

341698,14873

341698,14165

341698,13825

341698,11026

341698,11442

341698,12284

341698,12460

341698,10697

341699,11436

341699,12228

341699,11158

341705,10992

341705,10397

341705,10194

341705,10903

341705,10336

341706,8997

341706,9113

341706,8720

341706,9487

341706,8347

341706,7121

341706,7044

341706,6549

341707,8730

341707,9378

341707,9207

341713,9897

341713,10434

341713,11128

341713,12594

341713,13257

341714,13316

341714,14199

341714,13152

341714,14619

341714,13915

341714,15028

341714,15557

341714,15638

341715,16831

341715,16331

341715,15338

341721,15981

341721,16919

341721,18637

341721,20759

341721,19582

341722,19882

341722,19747

341722,19672

341722,18144

341722,19236

341722,18568

341722,18898

341722,17972

341723,20270

341723,19565

341723,19500

341729,19126

341729,19164

341729,19177

341729,19863

341729,19971

341730,20589

341730,20033

341730,20588

341730,20210

341730,22259

341730,22630

341730,22873

341730,23294

341731,21756

341731,23053

341731,22705

341737,21043

341737,22753

341737,21307

341737,22059

341737,21683

341738,21999

341738,21196

341738,21053

341738,22132

341738,22534

341738,22626

341738,23206

341738,23960

341739,22883

341739,24260

341739,24693

341745,24474

341745,24524

341745,23970

341745,26861

341745,25625

341746,25608

341746,24068

341746,24765

341746,24746

341746,25185

341746,23116

341746,23462

341746,22111

341747,20592

341747,20159

341747,18915

341753,18275

341753,16361

341753,15639

341753,14787

341753,13986

341754,12922

341754,11264

341754,11208

341754,9446

341754,9657

341754,8903

341754,9496

341754,7757

341755,7417

341755,5827

341755,4914

341761,3577

341761,2881

341761,1125

341761,969

341761,-385

341762,-80

341762,-201

341762,-199

341762,-1077

341762,-682

341762,-14

341762,-1241

341762,-634

341763,-475

341763,825

341763,703

341769,964

341769,-961

341769,-1246

341769,-1601

341769,-1462

341770,-2303

341770,-2047

341770,-1903

341770,-1921

341770,-2195

341770,-2359

341770,-1049

341770,-2062

341771,-719

341771,-2805

341771,-1754

341777,-1509

341777,-647

341777,-474

341777,-933

341777,-1413

341778,-1057

341778,-2614

341778,-2543

341778,-3040

341778,-3486

341778,-3369

341778,-4497

341778,-4718

341779,-5430

341779,-4576

341779,-6507

341785,-6885

341785,-6067

341785,-6101

341785,-6980

341785,-6553

341786,-9044

341786,-8051

341786,-5745

341786,-9276

341786,-9135

341786,-9943

341786,-10206

341786,-12379

341787,-12197

341787,-11851

341787,-12695

341793,-13885

341793,-12792

341793,-14917

341793,-14853

341793,-14289

341794,-15953

341794,-14774

341794,-15218

341794,-14806

341794,-15291

341794,-17393

341794,-15659

341794,-17220

341795,-15069

341795,-16990

341795,-16991

341801,-15590

341801,-17817

341801,-18109

341801,-18156

341801,-18107

341802,-17554

341802,-18074

341802,-18700

341802,-18793

341802,-18701

341802,-18260

341802,-20180

341802,-19721

341803,-19871

341803,-20112

341803,-19895

341809,-20390

341809,-20431

341809,-20600

341809,-20783

341809,-22180

341810,-21646

341810,-22338

341810,-23592

341810,-23717

341810,-24209

341810,-24181

341810,-25232

341810,-23846

341811,-24050

341811,-23051

341811,-24860

341817,-24724

341817,-24019

341817,-23502

341817,-22531

341817,-21928

341818,-21225

341818,-20035

341818,-20578

341818,-20694

341818,-20668

341818,-21331

341818,-20903

341818,-21140

341819,-20228

341819,-19792

341819,-21370

341825,-20035

341825,-21965

341825,-20868

341825,-20332

341825,-19339

341826,-19505

341826,-17521

341826,-17644

341826,-18000

341826,-19020

341826,-17226

341826,-16730

341826,-15931

341827,-15816

341827,-16502

341827,-16287

341833,-15329

341833,-16362

341833,-17535

341833,-14910

341833,-15731

341834,-15676

341834,-15712

341834,-16640

341834,-16639

341834,-16476

341834,-16197

341834,-15960

341834,-16393

341835,-18667

341835,-18554

341835,-19192

341841,-20428

341841,-20169

341841,-20072

341841,-21558

341841,-23754

341842,-22889

341842,-22248

341842,-23503

341842,-24311

341842,-26400

341842,-24712

341842,-25167

341842,-27014

341843,-27119

341843,-27966

341843,-27531

341849,-27419

341849,-24843

341849,-25509

341849,-24453

341849,-22385

341850,-24410

341850,-24292

341850,-23948

341850,-23207

341850,-22505

341850,-22318

341850,-21690

341850,-21102

341851,-20889

341851,-19973

341851,-19419

341857,-17453

341857,-18861

341857,-18336

341857,-17408

341857,-17740

341858,-19148

341858,-18289

341858,-19527

341858,-20614

341858,-21973

341858,-21974

341858,-23811

341858,-24905

341859,-26117

341859,-26340

341859,-27367

341865,-28463

341865,-29063

341865,-28793

341865,-30470

341865,-32516

341866,-32759

341866,-33270

341866,-34287

341866,-34994

341866,-35174

341866,-35130

341866,-34956

341866,-35349

341867,-35896

341867,-35579

341867,-35939

341873,-36263

341873,-35798

341873,-35390

341873,-35133

341873,-34682

341874,-33409

341874,-32841

341874,-31555

341874,-29841

341874,-31024

341874,-28657

341874,-28541

341874,-27577

341875,-27463

341875,-27107

341875,-26336

341881,-25541

341881,-26064

341881,-26296

341881,-26353

341881,-25915

341882,-25347

341882,-24879

341882,-26256

341882,-26669

341882,-25604

341882,-25483

341882,-25894

341882,-26640

341883,-26771

341883,-27603

341883,-27915

341889,-26913

341889,-27343

341889,-27939

341889,-29785

341889,-30215

341890,-29859

341890,-29891

341890,-29719

341890,-29451

341890,-29667

341890,-29115

341890,-28224

341890,-27478

341891,-27202

341891,-27837

341891,-28235

341897,-28552

341897,-28559

341897,-29349

341897,-28164

341897,-27490

341898,-27178

341898,-26711

341898,-27453

341898,-27936

341898,-29618

341898,-29312

341898,-28630

341898,-29530

341899,-29684

341899,-29470

341899,-29149

341905,-29945

341905,-29972

341905,-30696

341905,-31711

341905,-30809

341906,-31823

341906,-32975

341906,-32319

341906,-32119

341906,-32061

341906,-31530

341906,-30674

341906,-32341

341907,-30853

341907,-32112

341907,-31175

341913,-30653

341913,-30878

341913,-31986

341913,-32315

341913,-31043

341914,-31004

341914,-30681

341914,-30414

341914,-31975

341914,-31246

341914,-29804

341914,-31269

341914,-31531

341915,-29655

341915,-31488

341915,-29417

341921,-28860

341921,-30508

341921,-31766

341921,-30289

341921,-30619

341922,-29102

341922,-29380

341922,-30663

341922,-30987

341922,-29492

341922,-31244

341922,-29973

341922,-30184

341923,-30670

341923,-29991

341923,-29683

341929,-29328

341929,-29786

341929,-29056

341929,-29630

341929,-29061

341930,-28800

341930,-30223

341930,-29043

341930,-27157

341930,-27804

341930,-24917

341930,-23095

341930,-23630

341931,-23418

341931,-22039

341931,-22534

341937,-22384

341937,-21390

341937,-21930

341937,-21443

341937,-20748

341938,-20456

341938,-23326

341938,-22601

341938,-24052

341938,-23668

341938,-23930

341938,-24425

341938,-26244

341939,-24887

341939,-26827

341939,-26390

341945,-28217

341945,-26851

341945,-27881

341945,-27799

341945,-26707

341946,-29194

341946,-27318

341946,-28213

341946,-29175

341946,-29718

341946,-28459

341946,-28147

341946,-28873

341947,-29414

341947,-28309

341947,-29109

341953,-27394

341953,-27872

341953,-26998

341953,-26538

341953,-26328

341954,-25996

341954,-23594

341954,-24999

341954,-25018

341954,-24687

341954,-22909

341954,-23692

341954,-23820

341955,-21822

341955,-21816

341955,-23255

341961,-21423

341961,-21825

341961,-20974

341961,-20149

341961,-20230

341962,-20286

341962,-20580

341962,-19498

341962,-20436

341962,-19664

341962,-19709

341962,-20711

341962,-21732

341963,-22121

341963,-22448

341963,-23834

341969,-24134

341969,-23498

341969,-23855

341969,-26640

341969,-26195

341970,-25104

341970,-25194

341970,-26220

341970,-25147

341970,-25009

341970,-26097

341970,-25886

341970,-26908

341971,-27638

341971,-26955

341971,-28048

341977,-28988

341977,-29589

341977,-29787

341977,-29396

341977,-30091

341978,-29207

341978,-28556

341978,-28200

341978,-25226

341978,-24928

341978,-24506

341978,-23676

341978,-24003

341979,-22259

341979,-20600

341979,-20363

341985,-21634

341985,-23374

341985,-23650

341985,-22716

341985,-23833

341986,-22309

341986,-23264

341986,-23294

341986,-23130

341986,-23732

341986,-24357

341986,-23274

341986,-23143

341987,-23239

341987,-24229

341987,-23093

341993,-23038

341993,-23267

341993,-24822

341993,-22917

341993,-24526

341994,-23174

341994,-24339

341994,-23674

341994,-23008

341994,-23054

341994,-23112

341994,-23735

341994,-22230

341995,-19832

341995,-21497

341995,-21591

342001,-21331

342001,-20064

342001,-21810

342001,-20467

342001,-18480

342002,-20060

342002,-18263

342002,-18840

342002,-19132

342002,-18996

342002,-17397

342002,-18877

342002,-17386

342003,-18552

342003,-18074

342003,-17675

342009,-18580

342009,-15410

342009,-14877

342009,-14403

342009,-13276

342010,-14209

342010,-12875

342010,-11654

342010,-11550

342010,-8510

342010,-9567

342010,-6013

342010,-7453

342011,-5541

342011,-7133

342011,-5998

342017,-4840

342017,-4131

342017,-4185

342017,-3569

342017,-5092

342018,-3905

342018,-3905

342018,-2683

342018,-1121

342018,-1838

342018,-3665

342018,-2566

342018,-3289

342019,-2864

342019,-2402

342019,-2818

342025,-4687

342025,-3817

342025,-4031

342025,-5846

342025,-4522

342026,-4419

342026,-6023

342026,-4364

342026,-6251

342026,-6384

342026,-5800

342026,-6726

342026,-6351

342027,-6444

342027,-5725

342027,-6548

342033,-6153

342033,-5583

342033,-4747

342033,-4772

342033,-4398

342034,-4146

342034,-4218

342034,-719

342034,-2839

342034,-1527

342034,-929

342034,-1921

342034,-1258

342035,419

342035,1036

342035,-1129

342041,113

342041,-1080

342041,628

342041,1769

342041,552

342042,1516

342042,1799

342042,1832

342042,2406

342042,949

342042,1655

342042,828

342042,1149

342043,2072

342043,1831

342043,1126

342049,2396

342049,2738

342049,2455

342049,1389

342049,2099

342050,2430

342050,3116

342050,2548

342050,3188

342050,3687

342050,3403

342050,3016

342050,3329

342051,3676

342051,2884

342051,3472

342057,3683

342057,5405

342057,5279

342057,6603

342057,6149

342058,7127

342058,7466

342058,8112

342058,8697

342058,9856

342058,9654

342058,9692

342058,11157

342059,11369

342059,10591

342059,10979

342065,11195

342065,10027

342065,10081

342065,10142

342065,10516

342066,10701

342066,9831

342066,9417

342066,10981

342066,10889

342066,10037

342066,9952

342066,11048

342067,11408

342067,10998

342067,10029

342073,10097

342073,10356

342073,9546

342073,9437

342073,7936

342074,6840

342074,6646

342074,5335

342074,4532

342074,5416

342074,5560

342074,4358

342074,4193

342075,6000

342075,5493

342075,5647

342081,7172

342081,5702

342081,6534

342081,8473

342081,9139

342082,9799

342082,10244

342082,11011

342082,11267

342082,12199

342082,12250

342082,11516

342082,12400

342083,11957

342083,10961

342083,11837

342089,13525

342089,13998

342089,13589

342089,12612

342089,12621

342090,13610

342090,12769

342090,13367

342090,13830

342090,14362

342090,12774

342090,13563

342090,13702

342091,14534

342091,14019

342091,13409

342097,14695

342097,12878

342097,12714

342097,12607

342097,13742

342098,14710

342098,14693

342098,14503

342098,16895

342098,17568

342098,17806

342098,18972

342098,19607

342099,19556

342099,19454

342099,18813

342105,17577

342105,17608

342105,17411

342105,15552

342105,15704

342106,14109

342106,13573

342106,13924

342106,12924

342106,13350

342106,11878

342106,12669

342106,12381

342107,10773

342107,11516

342107,11561

342113,11613

342113,11413

342113,12083

342113,13459

342113,12621

342114,12591

342114,12810

342114,13895

342114,14879

342114,14693

342114,13899

342114,14752

342114,14567

342115,16247

342115,16747

342115,16406

342121,15906

342121,16367

342121,16957

342121,17693

342121,17728

342122,18092

342122,19497

342122,20326

342122,20282

342122,19934

342122,19767

342122,20257

342122,19189

342123,18760

342123,18768

342123,18162

342129,18380

342129,17802

342129,17392

342129,17061

342129,15860

342130,15400

342130,15563

342130,16030

342130,16405

342130,16868

342130,17247

342130,18760

342130,17402

342131,17680

342131,17480

342131,18232

342137,18290

342137,19022

342137,19186

342137,19738

342137,19741

342138,17611

342138,17004

342138,18783

342138,18896

342138,18956

342138,18284

342138,18079

342138,18108

342139,18645

342139,19735

342139,19059

342145,19629

342145,19600

342145,19646

342145,19283

342145,19264

342146,18212

342146,18530

342146,17833

342146,17833

342146,17051

342146,16352

342146,16747

342146,16972

342147,17249

342147,17045

342147,16630

342153,15953

342153,17565

342153,17293

342153,16597

342153,16017

342154,16785

342154,16190

342154,15804

342154,15824

342154,15077

342154,15811

342154,15886

342154,14893

342155,15610

342155,16106

342155,15658

342161,16340

342161,15722

342161,15347

342161,14432

342161,15282

342162,16141

342162,16975

342162,16539

342162,17116

342162,17643

342162,17253

342162,17436

342162,17351

342163,17467

342163,18340

342163,19059

342169,18190

342169,18899

342169,18785

342169,18043

342169,17918

342170,17762

342170,17368

342170,17068

342170,16703

342170,17829

342170,17635

342170,17520

342170,18367

342171,17365

342171,16859

342171,16351

342177,17306

342177,17722

342177,16842

342177,17532

342177,16688

342178,15858

342178,16157

342178,16243

342178,15767

342178,16085

342178,15987

342178,16070

342178,15672

342179,16510

342179,15944

342179,16120

342185,14265

342185,14074

342185,13260

342185,13434

342185,13090

342186,13065

342186,13494

342186,13143

342186,12402

342186,12302

342186,11642

342186,10962

342186,10122

342187,10436

342187,9433

342187,9483

342193,9410

342193,8459

342193,8329

342193,8548

342193,7446

342194,8112

342194,8716

342194,10465

342194,11286

342194,12537

342194,13265

342194,13244

342194,14563

342195,16478

342195,17300

342195,18601

342201,19301

342201,20366

342201,21264

342201,22958

342201,23400

342202,23912

342202,24689

342202,24346

342202,24273

342202,25175

342202,24464

342202,24421

342202,23690

342203,24040

342203,24679

342203,24109

342209,23526

342209,22550

342209,22710

342209,22257

342209,22271

342210,22090

342210,22050

342210,21095

342210,20173

342210,19205

342210,19817

342210,18283

342210,18229

342211,18402

342211,18759

342211,18708

342217,19094

342217,19619

342217,19538

342217,19576

342217,20612

342218,21491

342218,20404

342218,20515

342218,19377

342218,20186

342218,20651

342218,21741

342218,21976

342219,20951

342219,20814

342219,21824

342225,23021

342225,22485

342225,22651

342225,23003

342225,23751

342226,24995

342226,24396

342226,23141

342226,23332

342226,22505

342226,22380

342226,21165

342226,21459

342227,20635

342227,19389

342227,19470

342233,19290

342233,18744

342233,18921

342233,19339

342233,17573

342234,17242

342234,16227

342234,17872

342234,16333

342234,15537

342234,15002

342234,14007

342234,14300

342235,14078

342235,12844

342235,12731

342241,12554

342241,14303

342241,13803

342241,14110

342241,13408

342242,14513

342242,15510

342242,16778

342242,16169

342242,15757

342242,16822

342242,17321

342242,17855

342243,18267

342243,18951

342243,17616

342249,16910

342249,17043

342249,18325

342249,18881

342249,19484

342250,19194

342250,20066

342250,19167

342250,18918

342250,19543

342250,19588

342250,19738

342250,18180

342251,18574

342251,17023

342251,17278

342257,17756

342257,18058

342257,18322

342257,17835

342257,18809

342258,17768

342258,18497

342258,19526

342258,18664

342258,18707

342258,18250

342258,18433

342258,18491

342259,18186

342259,16357

342259,15096

342265,14547

342265,12896

342265,12618

342265,12591

342265,11976

342266,12418

342266,12546

342266,13120

342266,13385

342266,14354

342266,13840

342266,13495

342266,14445

342267,14787

342267,13460

342267,13745

342273,14137

342273,13595

342273,13750

342273,14321

342273,14422

342274,14191

342274,13134

342274,13574

342274,14429

342274,15044

342274,16164

342274,15106

342274,16885

342275,16134

342275,17197

342275,15870

342281,16604

342281,17626

342281,18234

342281,17532

342281,18382

342282,17710

342282,15865

342282,15732

342282,15035

342282,14525

342282,13540

342282,13055

342282,12650

342283,12162

342283,11228

342283,10779

342289,9509

342289,8585

342289,6866

342289,6483

342289,7089

342290,7779

342290,7473

342290,7112

342290,7442

342290,7663

342290,7472

342290,8229

342290,8382

342291,6936

342291,8406

342291,8201

342297,7444

342297,6312

342297,8054

342297,7521

342297,7697

342298,6697

342298,7057

342298,6928

342298,7365

342298,8782

342298,8012

342298,9315

342298,10760

342299,11328

342299,10888

342299,10603

342305,9717

342305,8548

342305,8288

342305,8034

342305,6735

342306,6905

342306,7050

342306,6277

342306,5960

342306,5501

342306,6425

342306,6127

342306,7552

342307,7646

342307,8097

342307,8299

342313,8585

342313,8736

342313,7422

342313,6915

342313,6942

342314,7076

342314,6637

342314,6231

342314,4524

342314,4421

342314,5227

342314,5133

342314,5458

342315,6945

342315,7670

342315,8535

342321,8618

342321,9725

342321,10093

342321,9462

342321,10392

342322,9883

342322,11013

342322,10795

342322,10122

342322,9855

342322,9507

342322,9638

342322,8864

342323,9161

342323,8731

342323,9763

342329,10315

342329,10509

342329,10980

342329,10051

342329,8802

342330,8098

342330,7369

342330,7941

342330,6807

342330,6061

342330,5465

342330,4956

342330,4537

342331,3160

342331,3528

342331,3036

342337,4238

342337,4029

342337,4099

342337,4926

342337,5431

342338,6038

342338,7473

342338,8543

342338,9151

342338,9767

342338,10283

342338,9943

342338,11088

342339,11603

342339,11128

342339,10812

342345,9839

342345,8672

342345,8712

342345,9335

342345,6633

342346,6381

342346,6744

342346,5686

342346,5195

342346,4506

342346,3682

342346,4424

342346,3906

342347,4095

342347,4781

342347,4320

342353,4436

342353,4741

342353,5035

342353,4873

342353,2903

342354,1843

342354,469

342354,-685

342354,-377

342354,-1782

342354,-2420

342354,-2254

342354,-2665

342355,-3867

342355,-3678

342355,-3667

342361,-3083

342361,-3291

342361,-3329

342361,-3941

342361,-3012

342362,-3945

342362,-3677

342362,-4539

342362,-4641

342362,-4312

342362,-5026

342362,-6993

342362,-6054

342363,-6173

342363,-7673

342363,-7085

342369,-7660

342369,-7437

342369,-7099

342369,-6040

342369,-6381

342370,-7172

342370,-6705

342370,-7130

342370,-7374

342370,-6648

342370,-6037

342370,-8661

342370,-9247

342371,-9545

342371,-9631

342371,-10798

342377,-11373

342377,-11912

342377,-13021

342377,-13010

342377,-13266

342378,-12440

342378,-12828

342378,-12110

342378,-12918

342378,-13475

342378,-12848

342378,-12062

342378,-11694

342379,-10189

342379,-9918

342379,-8921

342385,-8588

342385,-10122

342385,-9947

342385,-9716

342385,-9759

342386,-9977

342386,-9893

342386,-9306

342386,-8709

342386,-7992

342386,-8172

342386,-8818

342386,-8100

342387,-7438

342387,-6634

342387,-5497

342393,-5886

342393,-4773

342393,-4639

342393,-4866

342393,-4879

342394,-5562

342394,-5095

342394,-7630

342394,-7811

342394,-9316

342394,-9681

342394,-10651

342394,-11548

342395,-11474

342395,-11767

342395,-12185

342401,-11689

342401,-11388

342401,-12097

342401,-11657

342401,-11614

342402,-12140

342402,-11593

342402,-12842

342402,-12642

342402,-14349

342402,-15814

342402,-17049

342402,-16811

342403,-18783

342403,-19889

342403,-19073

342409,-19877

342409,-20325

342409,-21041

342409,-21415

342409,-21247

342410,-21557

342410,-22001

342410,-21312

342410,-20682

342410,-20964

342410,-20465

342410,-21377

342410,-20336

342411,-20434

342411,-22208

342411,-22942

342417,-23927

342417,-24894

342417,-26694

342417,-26791

342417,-27872

342418,-28154

342418,-28383

342418,-29676

342418,-30634

342418,-30322

342418,-30786

342418,-29635

342418,-30275

342419,-28810

342419,-28425

342419,-27881

342425,-28790

342425,-29251

342425,-28988

342425,-30544

342425,-32098

342426,-32292

342426,-33694

342426,-33298

342426,-34630

342426,-34948

342426,-35263

342426,-35632

342426,-35641

342427,-37063

342427,-36761

342427,-37161

342433,-36788

342433,-37239

342433,-37577

342433,-37562

342433,-37792

342434,-39164

342434,-39317

342434,-40088

342434,-39703

342434,-40394

342434,-41343

342434,-41180

342434,-40728

342435,-40341

342435,-41196

342435,-40618

342441,-39904

342441,-39016

342441,-39207

342441,-38318

342441,-37660

342442,-36853

342442,-35587

342442,-36361

342442,-35704

342442,-35433

342442,-36115

342442,-36665

342442,-36894

342443,-37737

342443,-37976

342443,-38143

342449,-38394

342449,-38195

342449,-38713

342449,-38386

342449,-38354

342450,-38547

342450,-39640

342450,-38335

342450,-38714

342450,-38767

342450,-39390

342450,-40461

342450,-40622

342451,-41221

342451,-41786

342451,-42452

342457,-43482

342457,-43241

342457,-43440

342457,-44358

342457,-44515

342458,-44963

342458,-45279

342458,-44076

342458,-42674

342458,-42186

342458,-41834

342458,-42720

342458,-42592

342459,-42093

342459,-42007

342459,-41484

342465,-41010

342465,-40989

342465,-41061

342465,-41152

342465,-39528

342466,-38714

342466,-38767

342466,-39259

342466,-38851

342466,-38003

342466,-37783

342466,-36097

342466,-36212

342467,-36056

342467,-35102

342467,-35135

342473,-34151

342473,-33479

342473,-33600

342473,-33797

342473,-33557

342474,-33723

342474,-33935

342474,-33819

342474,-32671

342474,-32680

342474,-33064

342474,-33245

342474,-33702

342475,-32925

342475,-33766

342475,-34074

342481,-34123

342481,-33913

342481,-33380

342481,-32957

342481,-32935

342482,-31328

342482,-30184

342482,-28428

342482,-27503

342482,-26495

342482,-25690

342482,-25608

342482,-24955

342483,-25731

342483,-24954

342483,-24754

342489,-24054

342489,-23888

342489,-22384

342489,-22163

342489,-21497

342490,-20609

342490,-20180

342490,-19853

342490,-20002

342490,-19187

342490,-18404

342490,-17631

342490,-17409

342491,-16981

342491,-16741

342491,-17087

342497,-18117

342497,-18483

342497,-19075

342497,-20019

342497,-21034

342498,-21687

342498,-21669

342498,-21393

342498,-21235

342498,-22894

342498,-24405

342498,-25604

342498,-26119

342499,-26019

342499,-25508

342499,-25869

342505,-25764

342505,-25547

342505,-26496

342505,-26349

342505,-26704

342506,-26034

342506,-25735

342506,-26169

342506,-25491

342506,-26802

342506,-25340

342506,-24772

342506,-24701

342507,-24899

342507,-23858

342507,-25215

342513,-23613

342513,-24133

342513,-23607

342513,-22726

342513,-23803

342514,-24495

342514,-25042

342514,-25247

342514,-24848

342514,-24833

342514,-24733

342514,-24364

342514,-25090

342515,-25368

342515,-25334

342515,-25425

342521,-25199

342521,-24725

342521,-25957

342521,-25020

342521,-24835

342522,-25667

342522,-26168

342522,-25124

342522,-25615

342522,-25071

342522,-24458

342522,-25339

342522,-25413

342523,-26247

342523,-26285

342523,-27238

342529,-28054

342529,-28096

342529,-28602

342529,-27775

342529,-27873

342530,-27989

342530,-28422

342530,-28468

342530,-27712

342530,-27818

342530,-28024

342530,-28513

342530,-28095

342531,-27950

342531,-28484

342531,-29460

342537,-29795

342537,-30257

342537,-29648

342537,-29773

342537,-29586

342538,-30454

342538,-31346

342538,-31911

342538,-30967

342538,-30912

342538,-31629

342538,-31870

342538,-31861

342539,-31387

342539,-31108

342539,-31746

342545,-31145

342545,-31002

342545,-31525

342545,-31332

342545,-32276

342546,-33116

342546,-33203

342546,-33294

342546,-34319

342546,-33482

342546,-34605

342546,-35099

342546,-33905

342547,-34912

342547,-34638

342547,-35246

342553,-36667

342553,-36223

342553,-36240

342553,-36102

342553,-35495

342554,-37506

342554,-36708

342554,-38453

342554,-37250

342554,-38108

342554,-38360

342554,-39232

342554,-38665

342555,-39886

342555,-40129

342555,-40431

342561,-40736

342561,-40799

342561,-40768

342561,-40352

342561,-40380

342562,-39957

342562,-38582

342562,-38583

342562,-37898

342562,-36272

342562,-36128

342562,-35031

342562,-33941

342563,-34179

342563,-33483

342563,-32599

342569,-31682

342569,-31933

342569,-32504

342569,-31119

342569,-28817

342570,-28036

342570,-27388

342570,-27323

342570,-27368

342570,-26607

342570,-26489

342570,-25656

342570,-24747

342571,-24707

342571,-24407

342571,-25457

342577,-24793

342577,-24233

342577,-24574

342577,-24515

342577,-24375

342578,-25493

342578,-25038

342578,-25754

342578,-25756

342578,-24517

342578,-24656

342578,-24200

342578,-23700

342579,-23381

342579,-23300

342579,-23654

342585,-24941

342585,-24798

342585,-24888

342585,-24591

342585,-24719

342586,-23504

342586,-22896

342586,-23773

342586,-22572

342586,-22653

342586,-22546

342586,-21873

342586,-21391

342587,-21334

342587,-21469

342587,-20266

342593,-19505

342593,-19758

342593,-18848

342593,-17682

342593,-18235

342594,-18891

342594,-18121

342594,-17478

342594,-16801

342594,-15514

342594,-15535

342594,-14885

342594,-16650

342595,-17003

342595,-16244

342595,-15985

342601,-16855

342601,-15226

342601,-15115

342601,-14607

342601,-14736

342602,-14581

342602,-14846

342602,-15041

342602,-14199

342602,-14677

342602,-13813

342602,-13512

342602,-11561

342603,-11924

342603,-12267

342603,-12560

342609,-13371

342609,-11792

342609,-12921

342609,-13431

342609,-13044

342610,-13641

342610,-12605

342610,-13215

342610,-13113

342610,-12574

342610,-12161

342610,-12040

342610,-12182

342611,-10807

342611,-11495

342611,-11461

342617,-11252

342617,-11876

342617,-11296

342617,-11822

342617,-11367

342618,-11818

342618,-12363

342618,-12107

342618,-12793

342618,-13821

342618,-13494

342618,-14240

342618,-14675

342619,-15416

342619,-16332

342619,-15644

342625,-16723

342625,-16216

342625,-16446

342625,-17259

342625,-16757

342626,-17104

342626,-15805

342626,-15637

342626,-16379

342626,-15789

342626,-15469

342626,-15277

342626,-16245

342627,-16591

342627,-15861

342627,-17181

342633,-16670

342633,-15958

342633,-16295

342633,-17233

342633,-17867

342634,-18107

342634,-17762

342634,-17973

342634,-19370

342634,-18868

342634,-19023

342634,-19944

342634,-19015

342635,-19767

342635,-20276

342635,-20829

342641,-20575

342641,-22656

342641,-22566

342641,-22496

342641,-22836

342642,-22248

342642,-22816

342642,-23850

342642,-23214

342642,-24613

342642,-24945

342642,-25422

342642,-24830

342643,-24397

342643,-24707

342643,-24380

342649,-23423

342649,-22283

342649,-21016

342649,-20695

342649,-20733

342650,-20824

342650,-20209

342650,-20929

342650,-19621

342650,-19154

342650,-19521

342650,-19226

342650,-20376

342651,-20877

342651,-21311

342651,-21686

342657,-21693

342657,-22265

342657,-22641

342657,-23436

342657,-24616

342658,-25312

342658,-25257

342658,-25178

342658,-25598

342658,-26518

342658,-27565

342658,-28754

342658,-30416

342659,-30471

342659,-30757

342659,-30148

342665,-31215

342665,-31807

342665,-32839

342665,-32557

342665,-33233

342666,-33519

342666,-32947

342666,-33092

342666,-32675

342666,-32488

342666,-32762

342666,-33115

342666,-33046

342667,-33783

342667,-33630

342667,-33627

342673,-33771

342673,-34274

342673,-34633

342673,-34839

342673,-34465

342674,-34473

342674,-35042

342674,-34687

342674,-35438

342674,-34677

342674,-33805

342674,-34384

342674,-33593

342675,-33349

342675,-32235

342675,-30999

342681,-32435

342681,-32003

342681,-31768

342681,-31206

342681,-30312

342682,-30248

342682,-30398

342682,-29243

342682,-28041

342682,-27720

342682,-27540

342682,-26960

342682,-26408

342683,-26127

342683,-26020

342683,-25715

342689,-24094

342689,-24203

342689,-23020

342689,-22883

342689,-21662

342690,-22645

342690,-21285

342690,-21425

342690,-20895

342690,-21224

342690,-19366

342690,-18805

342690,-18595

342691,-17359

342691,-16824

342691,-17178

342697,-17482

342697,-16944

342697,-15731

342697,-15163

342697,-14249

342698,-14226

342698,-13316

342698,-12477

342698,-11372

342698,-10980

342698,-9970

342698,-9191

342698,-8828

342699,-8655

342699,-7444

342699,-6778

342705,-5470

342705,-4382

342705,-4084

342705,-3570

342705,-3400

342706,-2720

342706,-2048

342706,-1442

342706,-826

342706,-791

342706,-363

342706,257

342706,-3

342707,813

342707,2110

342707,2503

342713,3707

342713,4871

342713,6316

342713,7135

342713,8717

342714,8942

342714,8580

342714,8851

342714,10930

342714,12597

342714,11932

342714,12346

342714,12543

342715,12883

342715,13394

342715,12268

342721,12308

342721,11776

342721,12869

342721,13124

342721,12191

342722,11405

342722,11606

342722,9639

342722,11048

342722,10364

342722,11181

342722,10906

342722,11292

342723,11191

342723,12730

342723,12437

342729,12991

342729,13943

342729,13651

342729,13872

342729,14124

342730,15476

342730,14808

342730,14526

342730,16332

342730,16044

342730,17265

342730,17087

342730,17599

342731,18207

342731,17985

342731,16005

342737,16584

342737,17194

342737,16140

342737,16544

342737,15937

342738,15640

342738,14912

342738,14285

342738,14664

342738,13500

342738,12165

342738,11178

342738,10737

342739,9752

342739,7902

342739,7492

342745,6395

342745,4861

342745,4015

342745,2512

342745,3081

342746,1980

342746,1902

342746,2618

342746,2494

342746,3448

342746,3545

342746,3433

342746,2464

342747,3165

342747,2780

342747,2683

342753,2678

342753,1767

342753,1324

342753,1507

342753,1451

342754,1592

342754,576

342754,448

342754,762

342754,2460

342754,2143

342754,2616

342754,3599

342755,3803

342755,3203

342755,4508

342761,4342

342761,4437

342761,5619

342761,5601

342761,6203

342762,5570

342762,4342

342762,2259

342762,2459

342762,1974

342762,1971

342762,1344

342762,1179

342763,1762

342763,1673

342763,833

342769,632

342769,-556

342769,-810

342769,-57

342769,608

342770,1213

342770,1169

342770,1771

342770,1180

342770,1097

342770,2038

342770,2357

342770,2954

342771,2043

342771,1726

342771,1038

342777,2168

342777,1576

342777,2265

342777,3243

342777,3269

342778,3602

342778,3778

342778,3729

342778,2730

342778,4082

342778,4060

342778,5226

342778,5034

342779,5191

342779,5935

342779,5372

342785,5385

342785,4549

342785,4799

342785,4005

342785,3825

342786,3443

342786,3305

342786,3968

342786,3702

342786,4442

342786,4457

342786,5382

342786,4412

342787,4929

342787,5438

342787,5849

342793,6588

342793,7055

342793,8687

342793,8611

342793,8148

342794,9287

342794,10416

342794,10037

342794,10111

342794,10412

342794,11768

342794,11679

342794,12088

342795,11929

342795,12531

342795,12948

342801,13172

342801,12727

342801,12965

342801,13729

342801,14417

342802,14023

342802,14474

342802,14996

342802,15759

342802,15925

342802,15055

342802,16142

342802,15648

342803,16883

342803,16350

342803,17161

342809,18707

342809,19727

342809,20329

342809,21866

342809,23349

342810,24252

342810,24043

342810,25383

342810,26211

342810,26955

342810,28494

342810,28615

342810,29591

342811,30944

342811,30502

342811,30953

342817,30662

342817,29562

342817,29482

342817,29728

342817,30672

342818,31659

342818,32014

342818,32348

342818,31812

342818,30706

342818,31390

342818,32297

342818,32132

342819,32420

342819,32685

342819,33193

342825,32944

342825,31972

342825,31771

342825,31196

342825,30798

342826,30345

342826,31000

342826,30416

342826,30446

342826,30341

342826,31124

342826,30544

342826,30941

342827,32060

342827,31962

342827,32970

342833,33834

342833,33322

342833,35658

342833,34934

342833,35709

342834,36653

342834,36199

342834,37121

342834,36446

342834,38200

342834,37219

342834,36757

342834,36235

342835,37512

342835,37277

342835,36788

342841,36544

342841,37821

342841,36716

342841,35778

342841,34981

342842,34191

342842,33412

342842,32932

342842,33690

342842,32373

342842,31527

342842,30697

342842,31081

342843,29944

342843,30509

342843,30691

342849,30326

342849,30516

342849,30049

342849,30040

342849,30151

342850,29105

342850,29592

342850,29400

342850,29516

342850,28881

342850,28865

342850,28069

342850,28136

342851,26855

342851,26465

342851,25817

342857,25124

342857,23825

342857,23344

342857,23179

342857,22653

342858,21791

342858,22565

342858,22209

342858,21836

342858,20861

342858,19581

342858,18250

342858,18256

342859,18199

342859,17351

342859,16006

342865,14736

342865,13712

342865,13174

342865,12812

342865,12001

342866,11771

342866,11893

342866,11540

342866,11439

342866,11205

342866,10842

342866,11662

342866,12104

342867,12558

342867,13080

342867,13698

342873,13559

342873,13965

342873,14367

342873,13886

342873,13615

342874,14222

342874,14797

342874,14732

342874,16041

342874,15255

342874,15907

342874,15926

342874,17503

342875,17726

342875,17329

342875,18061

342881,17747

342881,19302

342881,18891

342881,19316

342881,18756

342882,18431

342882,17636

342882,16341

342882,15427

342882,15081

342882,15390

342882,14745

342882,14439

342883,13596

342883,14386

342883,13105

342889,13387

342889,13239

342889,12506

342889,13308

342889,12242

342890,13226

342890,12675

342890,13053

342890,13306

342890,14165

342890,14365

342890,13408

342890,13145

342891,13145

342891,12852

342891,12112

342897,12703

342897,12969

342897,11986

342897,12684

342897,11867

342898,12407

342898,12464

342898,12922

342898,12592

342898,12854

342898,13546

342898,12576

342898,12546

342899,13317

342899,13302

342899,13205

342905,14228

342905,13798

342905,12829

342905,11690

342905,11199

342906,10782

342906,10406

342906,9959

342906,9808

342906,9518

342906,11104

342906,10696

342906,10320

342907,10680

342907,10339

342907,10538

342913,11454

342913,11247

342913,11582

342913,11062

342913,11536

342914,11779

342914,11523

342914,11666

342914,11518

342914,11983

342914,11913

342914,13075

342914,12540

342915,13227

342915,13405

342915,13869

342921,15325

342921,15537

342921,16095

342921,16840

342921,17295

342922,18223

342922,17623

342922,18005

342922,18838

342922,19356

342922,18988

342922,18857

342922,18677

342923,19043

342923,18992

342923,18678

342929,18770

342929,18907

342929,18765

342929,18203

342929,17613

342930,16822

342930,17398

342930,17361

342930,17562

342930,17496

342930,17854

342930,17756

342930,18194

342931,17691

342931,17225

342931,17847

342937,17015

342937,17023

342937,16817

342937,17860

342937,17825

342938,17833

342938,17888

342938,18246

342938,17885

342938,17915

342938,17912

342938,18032

342938,18006

342939,18299

342939,19062

342939,18901

342945,17991

342945,17936

342945,18144

342945,17159

342945,18485

342946,17990

342946,17857

342946,17968

342946,16684

342946,17206

342946,17529

342946,17593

342946,17326

342947,17515

342947,18322

342947,18220

342953,19721

342953,19546

342953,19850

342953,19829

342953,20070

342954,20426

342954,20588

342954,20271

342954,20697

342954,20688

342954,21004

342954,21413

342954,20769

342955,20974

342955,21111

342955,21671

342961,20315

342961,20435

342961,20534

342961,19351

342961,18740

342962,17123

342962,16678

342962,15662

342962,14469

342962,12966

342962,12551

342962,11828

342962,10465

342963,11266

342963,10379

342963,10373

342969,9979

342969,9251

342969,9787

342969,8707

342969,8650

342970,8919

342970,9312

342970,9945

342970,9749

342970,10919

342970,10223

342970,9690

342970,8988

342971,9342

342971,7360

342971,7769

342977,6798

342977,6922

342977,6641

342977,7027

342977,6890

342978,6076

342978,5429

342978,4818

342978,5248

342978,4143

342978,3752

342978,3651

342978,2971

342979,1998

342979,422

342979,-321

342985,-1758

342985,-3379

342985,-4495

342985,-6190

342985,-7206

342986,-8007

342986,-9158

342986,-9918

342986,-11097

342986,-11767

342986,-12267

342986,-12327

342986,-12728

342987,-12924

342987,-12555

342987,-13497

342993,-13638

342993,-13284

342993,-13932

342993,-13976

342993,-15148

342994,-16135

342994,-16776

342994,-17782

342994,-16185

342994,-17130

342994,-17658

342994,-18360

342994,-17442

342995,-17916

342995,-17460

342995,-17967

343001,-17573

343001,-17579

343001,-18265

343001,-18767

343001,-18496

343002,-19137

343002,-18845

343002,-18584

343002,-18153

343002,-19242

343002,-19113

343002,-18738

343002,-19664

343003,-19616

343003,-19656

343003,-19043

343009,-20354

343009,-19929

343009,-19534

343009,-19253

343009,-18633

343010,-18604

343010,-17076

343010,-17108

343010,-15842

343010,-14870

343010,-14880

343010,-13864

343010,-13410

343011,-12771

343011,-12217

343011,-11340

343017,-10806

343017,-10548

343017,-10697

343017,-9936

343017,-9826

343018,-7531

343018,-6639

343018,-5901

343018,-5655

343018,-3323

343018,-2220

343018,-1783

343018,-1146

343019,-516

343019,230

343019,1614

343025,2457

343025,2896

343025,2501

343025,2848

343025,2613

343026,2312

343026,2754

343026,3029

343026,4350

343026,3807

343026,4470

343026,5179

343026,5674

343027,7192

343027,7196

343027,7931

343033,8127

343033,9388

343033,10019

343033,10722

343033,10171

343034,10452

343034,10721

343034,11693

343034,12702

343034,14057

343034,14152

343034,15041

343034,16037

343035,16686

343035,16443

343035,16040

343041,17217

343041,18572

343041,18309

343041,19184

343041,17933

343042,17574

343042,18051

343042,17435

343042,17149

343042,16927

343042,16560

343042,15514

343042,15619

343043,15807

343043,15507

343043,15464

343049,14936

343049,15149

343049,14537

343049,14684

343049,13664

343050,13522

343050,14036

343050,15197

343050,14998

343050,13840

343050,13984

343050,13981

343050,13848

343051,15177

343051,14875

343051,14463

343057,14751

343057,13902

343057,14749

343057,14895

343057,14793

343058,14219

343058,14861

343058,14554

343058,14711

343058,14272

343058,14344

343058,14315

343058,15092

343059,15552

343059,15115

343059,15922

343065,15736

343065,16487

343065,16012

343065,16001

343065,15970

343066,14954

343066,14458

343066,14862

343066,15403

343066,14814

343066,14853

343066,15002

343066,13678

343067,13989

343067,14246

343067,15115

343073,14805

343073,15449

343073,15032

343073,16152

343073,16166

343074,16768

343074,15999

343074,16375

343074,15340

343074,15169

343074,16500

343074,16172

343074,17842

343075,17616

343075,18649

343075,19116

343081,18354

343081,19215

343081,19613

343081,21597

343081,21749

343082,22111

343082,22715

343082,22298

343082,21553

343082,21679

343082,21506

343082,20460

343082,19664

343083,20088

343083,19625

343083,20186

343089,19860

343089,20945

343089,21203

343089,20403

343089,20877

343090,20914

343090,21693

343090,21406

343090,21230

343090,21678

343090,22495

343090,22297

343090,22095

343091,20895

343091,20444

343091,20434

343097,20220

343097,20281

343097,19896

343097,19319

343097,19783

343098,20315

343098,20899

343098,21584

343098,21893

343098,23186

343098,22305

343098,22986

343098,23572

343099,23669

343099,23198

343099,22684

343105,22610

343105,21521

343105,20900

343105,20943

343105,19896

343106,20098

343106,19947

343106,19186

343106,18587

343106,19825

343106,18554

343106,18858

343106,18329

343107,17838

343107,16578

343107,16638

343113,16531

343113,15913

343113,15715

343113,14771

343113,13687

343114,13800

343114,13056

343114,11661

343114,11048

343114,11176

343114,11779

343114,10843

343114,11055

343115,10404

343115,10034

343115,9753

343121,8339

343121,7833

343121,6967

343121,6954

343121,6752

343122,6922

343122,6570

343122,5351

343122,3589

343122,2592

343122,1409

343122,1226

343122,329

343123,-428

343123,-809

343123,-252

343129,-143

343129,-533

343129,-1352

343129,-1479

343129,-2542

343130,-3488

343130,-4028

343130,-3489

343130,-4609

343130,-4707

343130,-3799

343130,-4834

343130,-6689

343131,-7656

343131,-7672

343131,-8097

343137,-7356

343137,-8088

343137,-7340

343137,-6987

343137,-5509

343138,-6102

343138,-5948

343138,-6230

343138,-5882

343138,-5724

343138,-5340

343138,-6522

343138,-6824

343139,-6644

343139,-6965

343139,-8163

343145,-7629

343145,-7724

343145,-8747

343145,-8242

343145,-8905

343146,-7946

343146,-7486

343146,-7271

343146,-5400

343146,-4439

343146,-4577

343146,-3838

343146,-4518

343147,-4095

343147,-4397

343147,-3793

343153,-4191

343153,-4207

343153,-4389

343153,-3196

343153,-3179

343154,-3405

343154,-2894

343154,-3039

343154,-3325

343154,-1802

343154,183

343154,266

343154,338

343155,2286

343155,3605

343155,4599

343161,6525

343161,6797

343161,5812

343161,7598

343161,7179

343162,7524

343162,7918

343162,7011

343162,7794

343162,8070

343162,7185

343162,7507

343162,7128

343163,7787

343163,8002

343163,9452

343169,11039

343169,10151

343169,10444

343169,9954

343169,10047

343170,11016

343170,9308

343170,9608

343170,7960

343170,8266

343170,7791

343170,7711

343170,7223

343171,6917

343171,5781

343171,4467

343177,3989

343177,4250

343177,4331

343177,5123

343177,5113

343178,6329

343178,7303

343178,7971

343178,9303

343178,10022

343178,10700

343178,10903

343178,11287

343179,12414

343179,12019

343179,12521

343185,14019

343185,13418

343185,12747

343185,12927

343185,12864

343186,13424

343186,13437

343186,13199

343186,12845

343186,13241

343186,14152

343186,14807

343186,14258

343187,14378

343187,14121

343187,13708

343193,12813

343193,13341

343193,13597

343193,11385

343193,11536

343194,11045

343194,9265

343194,9005

343194,8063

343194,6449

343194,7626

343194,6839

343194,6690

343195,7815

343195,9399

343195,9177

343201,9757

343201,10126

343201,10182

343201,10025

343201,8552

343202,7508

343202,8136

343202,7528

343202,7114

343202,6028

343202,6776

343202,6994

343202,6239

343203,5814

343203,5173

343203,4691

343209,4873

343209,4134

343209,3825

343209,2336

343209,2157

343210,1554

343210,-24

343210,-1347

343210,-1976

343210,-2046

343210,-3480

343210,-2793

343210,-3419

343211,-4860

343211,-5184

343211,-6466

343217,-7632

343217,-8654

343217,-9210

343217,-9287

343217,-9938

343218,-9915

343218,-9459

343218,-9977

343218,-11685

343218,-11573

343218,-12555

343218,-13460

343218,-14277

343219,-15464

343219,-15295

343219,-15406

343225,-14766

343225,-14025

343225,-15158

343225,-14822

343225,-14680

343226,-14949

343226,-14383

343226,-15667

343226,-14661

343226,-14408

343226,-15569

343226,-15309

343226,-14843

343227,-15525

343227,-15635

343227,-15896

343233,-15097

343233,-15342

343233,-14094

343233,-13123

343233,-12816

343234,-12246

343234,-11364

343234,-11406

343234,-11421

343234,-11526

343234,-10834

343234,-11267

343234,-11183

343235,-9968

343235,-9584

343235,-9378

343241,-9286

343241,-7874

343241,-8597

343241,-8416

343241,-8395

343242,-7812

343242,-6680

343242,-6312

343242,-5556

343242,-5627

343242,-5552

343242,-5432

343242,-6259

343243,-6116

343243,-6431

343243,-7934

343249,-7768

343249,-7821

343249,-7511

343249,-7612

343249,-7509

343250,-7178

343250,-7641

343250,-7563

343250,-8242

343250,-8041

343250,-8146

343250,-9522

343250,-9812

343251,-10489

343251,-10143

343251,-11307

343257,-10472

343257,-11259

343257,-12113

343257,-11753

343257,-11932

343258,-12082

343258,-11149

343258,-11128

343258,-9974

343258,-9936

343258,-10279

343258,-10244

343258,-8942

343259,-9875

343259,-11139

343259,-10605

343265,-10500

343265,-10556

343265,-10611

343265,-10632

343265,-11662

343266,-12299

343266,-12374

343266,-11888

343266,-11776

343266,-11591

343266,-12021

343266,-10166

343266,-10657

343267,-10978

343267,-12105

343267,-12665

343273,-13426

343273,-13141

343273,-12780

343273,-12907

343273,-12548

343274,-13549

343274,-13414

343274,-13219

343274,-13957

343274,-13865

343274,-14758

343274,-14188

343274,-14361

343275,-13536

343275,-12696

343275,-13127

343281,-12098

343281,-11178

343281,-10822

343281,-10243

343281,-10329

343282,-10138

343282,-8878

343282,-9466

343282,-9819

343282,-9233

343282,-10063

343282,-9409

343282,-10204

343283,-10870

343283,-10436

343283,-11507

343289,-12087

343289,-12881

343289,-13858

343289,-14039

343289,-13643

343290,-13352

343290,-12400

343290,-10983

343290,-10581

343290,-9969

343290,-9979

343290,-9125

343290,-9355

343291,-9130

343291,-8527

343291,-8616

343297,-8198

343297,-8014

343297,-8368

343297,-8111

343297,-7852

343298,-7458

343298,-7528

343298,-7550

343298,-6653

343298,-6325

343298,-6971

343298,-5058

343298,-4651

343299,-3495

343299,-2088

343299,-1981

343305,-229

343305,-290

343305,-483

343305,-574

343305,-857

343306,-1281

343306,195

343306,382

343306,494

343306,1487

343306,1775

343306,1666

343306,1675

343307,3094

343307,3486

343307,5405

343313,5816

343313,5675

343313,7295

343313,8199

343313,8174

343314,8114

343314,8094

343314,8334

343314,9241

343314,9141

343314,8895

343314,8044

343314,9192

343315,9019

343315,9189

343315,9312

343321,9739

343321,10714

343321,10140

343321,10267

343321,9831

343322,9716

343322,10156

343322,10520

343322,11352

343322,9917

343322,10033

343322,10155

343322,8370

343323,8351

343323,8911

343323,8467

343329,7732

343329,6998

343329,5674

343329,5119

343329,5665

343330,4351

343330,3011

343330,3905

343330,3943

343330,4381

343330,3838

343330,3732

343330,2974

343331,3454

343331,2989

343331,2684

343337,1958

343337,1479

343337,1236

343337,234

343337,261

343338,-177

343338,-1142

343338,-1409

343338,-2916

343338,-3297

343338,-4192

343338,-4587

343338,-3703

343339,-4232

343339,-4314

343339,-4304

343345,-5112

343345,-5269

343345,-5904

343345,-5871

343345,-6771

343346,-7332

343346,-7576

343346,-8613

343346,-8866

343346,-8978

343346,-8894

343346,-9558

343346,-10302

343347,-10456

343347,-11074

343347,-12061

343353,-11871

343353,-11676

343353,-12872

343353,-13571

343353,-13185

343354,-13528

343354,-14501

343354,-15477

343354,-16220

343354,-16081

343354,-16945

343354,-17400

343354,-17244

343355,-17747

343355,-17785

343355,-17713

343361,-17186

343361,-17443

343361,-16661

343361,-16734

343361,-16146

343362,-15295

343362,-15535

343362,-15503

343362,-14996

343362,-13534

343362,-13711

343362,-14415

343362,-15476

343363,-15491

343363,-15275

343363,-14633

343369,-14478

343369,-14680

343369,-13499

343369,-13170

343369,-12165

343370,-11904

343370,-11680

343370,-11864

343370,-12085

343370,-10744

343370,-10890

343370,-10542

343370,-11418

343371,-10898

343371,-12304

343371,-11984

343377,-11437

343377,-11738

343377,-11414

343377,-11027

343377,-10084

343378,-10228

343378,-9435

343378,-8721

343378,-7805

343378,-7383

343378,-6950

343378,-5748

343378,-5969

343379,-4846

343379,-4724

343379,-4006

343385,-2416

343385,-2337

343385,-1424

343385,-1614

343385,-590

343386,759

343386,-182

343386,926

343386,2278

343386,2198

343386,3605

343386,3752

343386,3962

343387,4409

343387,6018

343387,6186

343393,5609

343393,7391

343393,7859

343393,8467

343393,8553

343394,8281

343394,9305

343394,10400

343394,10759

343394,10249

343394,10332

343394,9838

343394,11487

343395,10017

343395,9633

343395,10456

343401,11392

343401,11186

343401,12014

343401,11145

343401,11988

343402,11738

343402,12646

343402,13372

343402,14094

343402,15450

343402,16050

343402,17169

343402,15519

343403,16712

343403,16634

343403,16132

343409,16730

343409,17934

343409,18406

343409,18888

343409,18771

343410,19548

343410,19035

343410,18243

343410,18644

343410,18229

343410,18349

343410,18123

343410,18233

343411,17945

343411,17489

343411,18504

343417,16934

343417,16095

343417,15937

343417,16390

343417,15189

343418,14772

343418,14146

343418,13174

343418,12578

343418,13268

343418,13149

343418,13553

343418,13070

343419,13181

343419,11797

343419,13655

343425,12946

343425,13579

343425,14983

343425,15077

343425,14622

343426,15272

343426,15590

343426,15428

343426,15912

343426,15202

343426,15740

343426,15500

343426,16296

343427,15901

343427,16335

343427,14987

343433,16141

343433,15114

343433,15680

343433,15564

343433,15582

343434,15833

343434,15584

343434,15386

343434,14831

343434,14540

343434,14664

343434,13260

343434,13170

343435,13342

343435,12098

343435,11756

343441,12335

343441,12885

343441,11600

343441,12190

343441,12301

343442,12639

343442,13228

343442,13430

343442,12528

343442,13175

343442,12453

343442,13934

343442,12375

343443,11749

343443,11004

343443,10439

343449,9622

343449,9574

343449,9786

343449,8222

343449,7694

343450,7673

343450,7321

343450,7067

343450,6785

343450,8023

343450,6824

343450,7730

343450,7208

343451,6831

343451,6568

343451,6147

343457,5180

343457,5626

343457,4326

343457,3416

343457,2357

343458,2308

343458,2105

343458,2011

343458,2471

343458,2528

343458,3049

343458,3664

343458,3874

343459,3289

343459,4561

343459,5267

343465,5770

343465,5683

343465,5759

343465,4946

343465,5018

343466,3985

343466,4191

343466,4088

343466,3120

343466,2782

343466,1949

343466,1044

343466,1264

343467,2452

343467,2301

343467,2697

343473,2154

343473,2520

343473,3003

343473,2960

343473,3316

343474,2180

343474,1947

343474,1827

343474,982

343474,137

343474,2

343474,-835

343474,-569

343475,54

343475,-592

343475,34

343481,-483

343481,-1387

343481,-686

343481,-810

343481,-226

343482,-1197

343482,-799

343482,-1314

343482,908

343482,-20

343482,342

343482,705

343482,3573

343483,4429

343483,5016

343483,5820

343489,5867

343489,7450

343489,8038

343489,9757

343489,10668

343490,10784

343490,11555

343490,11237

343490,12541

343490,12915

343490,13237

343490,12882

343490,13427

343491,13503

343491,13000

343491,12208

343497,12455

343497,13145

343497,13872

343497,12903

343497,12483

343498,12941

343498,12786

343498,13445

343498,13958

343498,14024

343498,15126

343498,14927

343498,14945

343499,14966

343499,14253

343499,15199

343505,15706

343505,16183

343505,16175

343505,17123

343505,17832

343506,18263

343506,18936

343506,20043

343506,20562

343506,21216

343506,21890

343506,22511

343506,23798

343507,24500

343507,24502

343507,25031

343513,26629

343513,26660

343513,27284

343513,27582

343513,28096

343514,28679

343514,28164

343514,28982

343514,30154

343514,29749

343514,29308

343514,28738

343514,28338

343515,27259

343515,25891

343515,24457

343521,23909

343521,24497

343521,23927

343521,23905

343521,22642

343522,22921

343522,24302

343522,24712

343522,24431

343522,24118

343522,24367

343522,23757

343522,24529

343523,24352

343523,25679

343523,25681

343529,25942

343529,25226

343529,25522

343529,25489

343529,24100

343530,24713

343530,25151

343530,26047

343530,26153

343530,26115

343530,25049

343530,23941

343530,24351

343531,24069

343531,25099

343531,24735

343537,24360

343537,22690

343537,22037

343537,21369

343537,19908

343538,19504

343538,18768

343538,16912

343538,15914

343538,16169

343538,15181

343538,14499

343538,12624

343539,11656

343539,11781

343539,9995

343545,9003

343545,7912

343545,7050

343545,6907

343545,5814

343546,5488

343546,4920

343546,4208

343546,2936

343546,4032

343546,3721

343546,4202

343546,3813

343547,3770

343547,3339

343547,2968

343553,1998

343553,2587

343553,3361

343553,4514

343553,4304

343554,4578

343554,3922

343554,4001

343554,3957

343554,5185

343554,6318

343554,5855

343554,6500

343555,5688

343555,5724

343555,5721

343561,4117

343561,4634

343561,5409

343561,5344

343561,5553

343562,4992

343562,4855

343562,5097

343562,6160

343562,4937

343562,5033

343562,4906

343562,4559

343563,4711

343563,4496

343563,5066

343569,4619

343569,5647

343569,5541

343569,6106

343569,6423

343570,7824

343570,7641

343570,8131

343570,7933

343570,8205

343570,9797

343570,11051

343570,11735

343571,12422

343571,11609

343571,11571

343577,11328

343577,11687

343577,11759

343577,10561

343577,10990

343578,9982

343578,10038

343578,10174

343578,8587

343578,8486

343578,8791

343578,9387

343578,10000

343579,9920

343579,9940

343579,9711

343585,9053

343585,8085

343585,8674

343585,8902

343585,8250

343586,7927

343586,6657

343586,7202

343586,5830

343586,4357

343586,5284

343586,4473

343586,4927

343587,5349

343587,6800

343587,6714

343593,6036

343593,6389

343593,7047

343593,8262

343593,8316

343594,8672

343594,9725

343594,10108

343594,10720

343594,10059

343594,10531

343594,8904

343594,8545

343595,8766

343595,7565

343595,8245

343601,8446

343601,7990

343601,9696

343601,8600

343601,8124

343602,7955

343602,8357

343602,8354

343602,7754

343602,8519

343602,6778

343602,7952

343602,7818

343603,6268

343603,6375

343603,6014

343609,6088

343609,6737

343609,5898

343609,5746

343609,5950

343610,5947

343610,6311

343610,6706

343610,7821

343610,6885

343610,8077

343610,8078

343610,8113

343611,8215

343611,8650

343611,8782

343617,8583

343617,7331

343617,7319

343617,7211

343617,5860

343618,5605

343618,5761

343618,5132

343618,5167

343618,5950

343618,6374

343618,6687

343618,7330

343619,7363

343619,6809

343619,7117

343625,6257

343625,6234

343625,7037

343625,6864

343625,7291

343626,6131

343626,6410

343626,6322

343626,7658

343626,6496

343626,6349

343626,7888

343626,8539

343627,9463

343627,9923

343627,10321

343633,10532

343633,10344

343633,10728

343633,10374

343633,10477

343634,10585

343634,10793

343634,10851

343634,12101

343634,12787

343634,12451

343634,12771

343634,13022

343635,13998

343635,15131

343635,14264

343641,15522

343641,16946

343641,17305

343641,17381

343641,18851

343642,20380

343642,20566

343642,20618

343642,20867

343642,19717

343642,20605

343642,20394

343642,20803

343643,22066

343643,21791

343643,22752

343649,22773

343649,24552

343649,24198

343649,23913

343649,24300

343650,24818

343650,25756

343650,26666

343650,27096

343650,27895

343650,26976

343650,27434

343650,27043

343651,26711

343651,25273

343651,24759

343657,24033

343657,24294

343657,24070

343657,22614

343657,22757

343658,21085

343658,20646

343658,19549

343658,19259

343658,17287

343658,16355

343658,16331

343658,15519

343659,15180

343659,13315

343659,11815

343665,11587

343665,11227

343665,9803

343665,9306

343665,9385

343666,8297

343666,8330

343666,8008

343666,7491

343666,7419

343666,7856

343666,8853

343666,10023

343667,10512

343667,11327

343667,9993

343673,9656

343673,9618

343673,8612

343673,8199

343673,8524

343674,7826

343674,5473

343674,6123

343674,3829

343674,2206

343674,1715

343674,1283

343674,1193

343675,766

343675,-855

343675,-1924

343681,-1918

343681,-1809

343681,-3145

343681,-3500

343681,-4352

343682,-4929

343682,-5555

343682,-5899

343682,-6620

343682,-7399

343682,-8097

343682,-8507

343682,-9472

343683,-9106

343683,-9283

343683,-8768

343689,-8816

343689,-8398

343689,-7836

343689,-7394

343689,-6012

343690,-6429

343690,-5273

343690,-4245

343690,-2322

343690,-3123

343690,-3160

343690,-2423

343690,-1751

343691,-1215

343691,-1616

343691,-933

343697,-1001

343697,-911

343697,-710

343697,-664

343697,-1622

343698,-1289

343698,-1292

343698,-1934

343698,-2183

343698,-1974

343698,-2425

343698,-2882

343698,-3151

343699,-3130

343699,-2253

343699,-3178

343705,-3282

343705,-4247

343705,-4390

343705,-4131

343705,-3959

343706,-4207

343706,-4746

343706,-5114

343706,-4854

343706,-4461

343706,-4363

343706,-4418

343706,-3854

343707,-3443

343707,-2770

343707,-1638

343713,-1308

343713,-822

343713,-520

343713,-759

343713,1174

343714,1660

343714,1368

343714,3102

343714,3608

343714,3817

343714,4043

343714,4471

343714,5590

343715,5511

343715,5680

343715,6869

343721,7432

343721,8137

343721,9369

343721,9591

343721,10064

343722,11234

343722,11554

343722,11328

343722,11838

343722,9773

343722,10217

343722,9048

343722,8108

343723,8098

343723,8738

343723,8633

343729,7726

343729,7364

343729,7035

343729,7727

343729,6998

343730,8299

343730,8643

343730,9955

343730,10884

343730,11017

343730,11555

343730,12147

343730,12951

343731,12823

343731,12037

343731,11466

343737,11092

343737,11488

343737,12007

343737,12290

343737,11955

343738,12474

343738,12219

343738,12429

343738,12887

343738,13405

343738,12793

343738,13946

343738,15104

343739,16282

343739,16707

343739,14296

343745,14406

343745,12773

343745,12505

343745,10936

343745,10913

343746,10273

343746,8944

343746,8136

343746,7861

343746,8250

343746,7784

343746,8191

343746,7999

343747,7800

343747,9136

343747,9692

343753,9895

343753,10219

343753,9836

343753,10689

343753,9735

343754,9872

343754,9182

343754,9207

343754,8655

343754,8759

343754,8219

343754,6578

343754,6784

343755,7134

343755,5358

343755,5525

343761,5222

343761,6693

343761,5593

343761,5934

343761,5948

343762,6942

343762,6587

343762,6229

343762,5960

343762,5241

343762,4888

343762,3856

343762,3316

343763,2305

343763,2488

343763,3099

343769,2954

343769,2597

343769,2659

343769,3545

343769,4127

343770,4779

343770,7194

343770,6703

343770,7149

343770,8827

343770,9170

343770,9743

343770,9327

343771,8948

343771,7644

343771,7839

343777,7096

343777,6699

343777,7761

343777,6854

343777,6782

343778,6100

343778,6866

343778,6333

343778,6832

343778,7042

343778,7978

343778,8582

343778,8791

343779,9385

343779,8466

343779,7676

343785,7239

343785,6488

343785,5549

343785,5933

343785,4718

343786,4616

343786,5246

343786,4496

343786,4792

343786,5000

343786,3974

343786,4722

343786,5194

343787,5675

343787,6151

343787,6332

343793,7022

343793,7419

343793,7499

343793,8824

343793,8555

343794,9286

343794,8473

343794,8350

343794,7831

343794,7928

343794,7037

343794,7490

343794,7250

343795,7297

343795,7608

343795,7537

343801,6633

343801,6854

343801,5554

343801,6161

343801,6217

343802,6179

343802,5410

343802,4524

343802,4868

343802,3646

343802,2440

343802,1738

343802,-651

343803,-1004

343803,-1921

343803,-2304

343809,-2557

343809,-3357

343809,-3345

343809,-3031

343809,-3706

343810,-3951

343810,-3434

343810,-3771

343810,-3399

343810,-3525

343810,-3529

343810,-3399

343810,-3682

343811,-3246

343811,-3682

343811,-4098

343817,-4657

343817,-4989

343817,-6632

343817,-6986

343817,-7207

343818,-7107

343818,-7310

343818,-7154

343818,-8067

343818,-8939

343818,-8399

343818,-7718

343818,-7850

343819,-8024

343819,-8156

343819,-8394

343825,-9473

343825,-9981

343825,-10832

343825,-11842

343825,-12288

343826,-13023

343826,-13870

343826,-13859

343826,-15309

343826,-15017

343826,-14519

343826,-15711

343826,-15029

343827,-15288

343827,-15269

343827,-14892

343833,-15735

343833,-15539

343833,-14815

343833,-14597

343833,-14514

343834,-14296

343834,-13513

343834,-13804

343834,-14151

343834,-13791

343834,-14455

343834,-14114

343834,-13188

343835,-13403

343835,-13610

343835,-13034

343841,-13691

343841,-15148

343841,-14986

343841,-14220

343841,-14131

343842,-14403

343842,-13680

343842,-12810

343842,-12602

343842,-13653

343842,-12126

343842,-12484

343842,-13089

343843,-13333

343843,-13927

343843,-14775

343849,-15320

343849,-15182

343849,-14852

343849,-15063

343849,-14653

343850,-14741

343850,-15480

343850,-15181

343850,-15753

343850,-14701

343850,-15273

343850,-14186

343850,-13531

343851,-13041

343851,-13049

343851,-11423

343857,-11771

343857,-10855

343857,-10625

343857,-11274

343857,-12290

343858,-11905

343858,-10312

343858,-10511

343858,-10082

343858,-10473

343858,-9991

343858,-10737

343858,-10234

343859,-10442

343859,-10501

343859,-10367

343865,-10168

343865,-10666

343865,-10500

343865,-10878

343865,-11229

343866,-12501

343866,-13233

343866,-13308

343866,-14009

343866,-15143

343866,-16058

343866,-16902

343866,-17409

343867,-17144

343867,-17508

343867,-17944

343873,-17181

343873,-18509

343873,-17914

343873,-18171

343873,-17813

343874,-18007

343874,-16783

343874,-16628

343874,-16752

343874,-16691

343874,-15157

343874,-13725

343874,-13165

343875,-12440

343875,-11777

343875,-10284

343881,-10522

343881,-9776

343881,-10047

343881,-10686

343881,-10430

343882,-10150

343882,-9718

343882,-9440

343882,-9388

343882,-9632

343882,-11146

343882,-10348

343882,-12033

343883,-12421

343883,-12107

343883,-13634

343889,-14245

343889,-15040

343889,-16191

343889,-17600

343889,-17345

343890,-18677

343890,-18892

343890,-19667

343890,-20314

343890,-20739

343890,-19496

343890,-19895

343890,-19874

343891,-20443

343891,-20920

343891,-20333

343897,-20568

343897,-21598

343897,-21163

343897,-22220

343897,-22415

343898,-22151

343898,-23234

343898,-23100

343898,-24131

343898,-24003

343898,-25475

343898,-25170

343898,-25956

343899,-26400

343899,-26530

343899,-26515

343905,-27228

343905,-27882

343905,-28708

343905,-28450

343905,-29506

343906,-28851

343906,-28948

343906,-29833

343906,-30484

343906,-29578

343906,-29074

343906,-29121

343906,-28957

343907,-28135

343907,-27995

343907,-27579

343913,-27678

343913,-28139

343913,-28061

343913,-27298

343913,-27118

343914,-26494

343914,-27132

343914,-27523

343914,-28327

343914,-28991

343914,-29917

343914,-30125

343914,-30962

343915,-31135

343915,-31928

343915,-32645

343921,-33075

343921,-32622

343921,-32694

343921,-31802

343921,-31805

343922,-31542

343922,-30543

343922,-29079

343922,-28723

343922,-27590

343922,-27420

343922,-27051

343922,-26419

343923,-26410

343923,-26954

343923,-26638

RAW_SUMMARY id=1 requested=6000 captured=6000 unused_capacity=0 max_pcm_abs=1466706 raw_mean=412.2 raw_abs_mean=26290.8 raw_min=-806194 raw_max=1466706 baseline=7.8

OK RAW

