# run: clap_r2_msb_8
# firmware: role=analyzer git=1c743a2 version=0.4.0
# imported-from: clap_8.log (mtime 2026-10-09T12:10:15)
RAW_INFO mode=i2s output=csv

RAW_INFO row_size=12

RAW_BEGIN id=8 sr=2000 trigger_ms=422946 command_ms=422932 emit_seen=1 emit_start_ms=422946 emit_done_ms=423042 f=3200 dur=100 pre_ms=0 post_ms=3000 decim=8 pre_samples=0 post_samples=6000 mode=i2s output=csv fields=ms,pcm

ms,pcm

422948,24488

422948,24944

422948,25732

422948,26118

422948,23930

422948,32922

422948,3422

422948,51987

422949,4207

422949,36026

422949,23006

422949,13755

422949,41439

422949,9025

422949,31979

422949,25057

422953,11491

422953,44955

422953,5176

422953,37658

422953,24246

422954,15959

422954,45039

422954,9544

422954,38171

422954,29750

422954,17086

422954,48512

422954,13369

422955,42463

422955,33248

422955,23868

422961,51420

422961,20382

422961,46499

422961,38058

422961,26828

422962,59136

422962,20752

422962,51894

422962,41581

422962,33322

422962,61304

422962,26571

422962,55270

422963,46570

422963,31829

422963,63869

422969,25783

422969,52952

422969,44561

422969,30162

422969,61449

422970,22957

422970,52673

422970,44228

422970,29159

422970,61178

422970,23065

422970,52440

422970,43854

422971,29775

422971,60450

422971,23687

422977,50009

422977,42013

422977,26083

422977,57980

422977,21894

422978,49379

422978,43222

422978,28128

422978,61723

422978,25365

422978,54438

422978,48087

422978,35234

422979,67175

422979,35084

422979,63678

422985,58232

422985,47106

422985,79524

422985,44846

422985,74683

422986,68633

422986,56785

422986,89577

422986,55923

422986,85958

422986,82104

422986,69652

422986,105034

422987,69470

422987,99062

422987,93528

422993,80886

422993,114355

422993,80481

422993,109186

422993,103122

422994,89723

422994,124036

422994,86229

422994,115044

422994,108228

422994,93542

422994,128941

422994,90420

422995,120556

422995,113927

422995,100872

423001,135262

423001,98186

423001,128831

423001,121962

423001,108254

423002,142660

423002,103701

423002,136753

423002,127430

423002,112573

423002,150328

423002,109948

423002,142181

423003,134031

423003,119380

423003,156571

423009,113711

423009,146953

423009,136282

423009,121411

423009,158091

423010,114543

423010,148670

423010,137735

423010,124223

423010,158046

423010,116669

423010,148821

423010,136919

423011,123570

423011,158532

423011,116551

423017,149837

423017,138393

423017,122731

423017,158358

423017,114173

423018,147455

423018,135092

423018,121230

423018,154800

423018,112440

423018,144359

423018,132198

423018,117296

423019,150374

423019,108190

423019,140460

423025,129021

423025,114939

423025,151112

423025,108641

423025,142410

423026,131811

423026,118137

423026,152758

423026,110856

423026,144099

423026,133113

423026,118951

423026,154342

423027,112330

423027,145865

423027,135589

423033,121876

423033,157376

423033,116035

423033,150026

423033,141068

423034,127642

423034,163602

423034,123163

423034,156096

423034,146260

423034,133186

423034,167185

423034,125653

423035,156970

423035,146141

423035,132097

423041,168355

423041,127362

423043,161696

423043,150434

423043,136542

423044,171722

423044,130520

423044,163006

423044,152979

423044,138745

423044,166580

423044,153777

423044,153180

423044,150396

423045,146897

423045,154610

423049,148615

423049,150825

423049,150766

423049,143463

423049,149973

423050,145909

423050,147178

423050,147150

423050,145338

423050,152878

423050,145931

423050,151720

423050,151413

423051,147649

423051,156849

423051,149028

423057,154324

423057,153243

423057,150290

423057,157001

423057,149481

423058,154826

423058,152806

423058,149712

423058,156785

423058,148904

423058,154595

423058,153412

423058,150944

423059,157015

423059,148316

423059,155010

423065,151685

423065,150753

423065,155115

423065,149128

423065,152406

423066,151240

423066,148737

423066,151917

423066,148321

423066,150796

423066,149980

423066,149498

423066,152252

423067,148633

423067,152131

423067,150776

423073,151317

423073,153370

423073,148747

423073,153403

423073,151606

423074,150864

423074,156435

423074,149467

423074,156650

423074,152729

423074,153208

423074,155407

423074,152512

423075,156010

423075,155022

423075,154817

423081,156889

423081,151569

423081,155717

423081,154926

423081,151763

423082,158398

423082,151116

423082,156605

423082,155601

423082,155273

423082,159032

423082,154943

423082,158514

423083,157268

423083,156045

423083,159973

423089,153279

423089,159331

423089,154124

423089,153683

423089,154550

423090,149953

423090,152624

423090,150564

423090,146575

423090,152175

423090,146003

423090,149879

423090,146805

423091,145532

423091,147012

423091,144185

423097,146485

423097,144920

423097,144708

423097,145953

423097,140665

423098,143885

423098,138931

423098,139266

423098,138595

423098,138028

423098,137721

423098,135398

423098,136203

423099,134967

423099,134944

423099,136501

423105,136324

423105,137160

423105,136824

423105,137150

423105,136652

423106,135657

423106,135761

423106,134461

423106,136162

423106,132836

423106,134149

423106,133168

423106,133485

423107,134184

423107,133207

423107,135091

423113,134796

423113,135020

423113,138281

423113,136106

423113,139176

423114,137535

423114,139092

423114,139733

423114,137221

423114,138791

423114,137446

423114,136963

423114,137721

423115,134458

423115,135339

423115,133988

423121,133587

423121,133281

423121,130229

423121,131338

423121,129299

423122,130845

423122,129904

423122,128825

423122,129456

423122,129192

423122,129680

423122,129634

423122,127867

423123,129100

423123,127891

423123,127839

423129,126784

423129,124421

423129,124865

423129,124983

423129,124218

423130,125823

423130,123511

423130,123524

423130,122570

423130,120987

423130,119511

423130,117066

423130,116041

423131,113078

423131,111956

423131,109886

423137,106895

423137,107129

423137,104494

423137,103486

423137,101832

423138,102147

423138,101551

423138,99992

423138,98904

423138,97435

423138,97093

423138,97092

423138,95224

423139,95243

423139,93990

423139,92686

423145,94138

423145,93320

423145,95065

423145,93165

423145,93678

423146,93506

423146,91359

423146,93325

423146,91642

423146,90050

423146,89687

423146,88544

423146,89573

423147,89533

423147,88791

423147,89210

423153,88818

423153,88158

423153,88669

423153,87668

423153,87939

423154,87590

423154,87562

423154,90202

423154,89360

423154,91027

423154,90084

423154,90707

423154,90648

423155,90226

423155,90765

423155,90706

423161,89709

423161,90396

423161,89394

423161,89578

423161,90037

423162,89599

423162,88765

423162,89499

423162,88892

423162,88583

423162,88631

423162,87967

423162,88141

423163,89222

423163,87353

423163,86735

423169,83858

423169,81968

423169,83051

423169,80988

423169,80153

423170,79554

423170,77965

423170,77543

423170,76647

423170,76260

423170,76363

423170,75680

423170,75094

423171,73364

423171,72389

423171,70216

423177,70031

423177,68123

423177,65690

423177,64671

423177,61327

423178,60485

423178,59050

423178,58276

423178,57387

423178,56470

423178,55391

423178,54748

423178,54045

423179,53171

423179,52678

423179,51512

423185,50273

423185,50406

423185,49202

423185,49404

423185,48956

423186,47781

423186,47066

423186,45807

423186,45194

423186,44540

423186,45064

423186,44316

423186,45172

423187,44311

423187,45515

423187,45030

423193,45445

423193,44083

423193,44171

423193,43628

423193,44376

423194,46384

423194,46256

423194,46160

423194,45786

423194,47180

423194,47085

423194,47493

423194,48271

423195,49658

423195,49995

423195,50122

423201,50305

423201,49780

423201,50135

423201,51024

423201,50193

423202,50123

423202,49135

423202,49389

423202,49764

423202,49895

423202,51469

423202,50968

423202,51669

423203,51695

423203,51349

423203,52196

423209,51497

423209,50920

423209,50070

423209,50050

423209,49293

423210,47491

423210,47166

423210,46668

423210,47522

423210,47957

423210,47034

423210,47140

423210,47099

423211,47930

423211,47284

423211,48952

423217,50055

423217,49796

423217,49769

423217,48505

423217,47065

423218,47055

423218,46760

423218,45819

423218,46395

423218,46572

423218,46187

423218,45263

423218,46414

423219,45962

423219,47103

423219,47906

423225,47842

423225,49146

423225,49280

423225,50064

423225,51966

423226,51946

423226,52363

423226,50768

423226,51045

423226,51380

423226,52656

423226,53872

423226,54387

423227,54837

423227,55561

423227,56189

423233,57282

423233,58162

423233,59377

423233,58634

423233,61287

423234,61582

423234,61895

423234,62570

423234,62676

423234,63563

423234,64807

423234,64088

423234,65133

423235,64691

423235,65464

423235,65510

423241,66469

423241,65951

423241,66719

423241,67298

423241,68528

423242,69410

423242,68810

423242,67812

423242,67697

423242,67602

423242,67847

423242,68491

423242,67097

423243,66071

423243,65008

423243,64235

423249,63957

423249,61932

423249,60539

423249,60421

423249,58611

423250,58223

423250,56407

423250,55536

423250,53062

423250,51950

423250,50842

423250,48517

423250,47097

423251,44518

423251,42778

423251,42489

423257,40785

423257,40408

423257,39538

423257,38098

423257,36553

423258,35610

423258,35129

423258,34996

423258,33950

423258,33217

423258,33059

423258,33305

423258,33879

423259,33675

423259,34621

423259,33689

423265,34408

423265,35436

423265,35836

423265,37622

423265,37973

423266,38086

423266,38300

423266,38090

423266,37729

423266,38093

423266,37374

423266,38321

423266,37695

423267,37911

423267,39945

423267,41522

423273,42778

423273,44119

423273,45802

423273,46733

423273,49205

423274,50316

423274,52677

423274,54180

423274,54760

423274,56658

423274,57632

423274,59910

423274,60112

423275,61897

423275,62886

423275,64346

423281,65679

423281,67779

423281,69148

423281,71032

423281,73530

423282,74968

423282,77145

423282,77727

423282,80010

423282,80978

423282,81590

423282,82612

423282,82936

423283,83383

423283,83993

423283,84154

423289,84404

423289,83389

423289,84301

423289,84313

423289,84456

423290,83765

423290,83887

423290,82763

423290,83206

423290,82852

423290,82267

423290,81054

423290,80405

423291,78858

423291,76893

423291,77066

423297,75991

423297,75477

423297,72305

423297,71516

423297,70755

423298,68801

423298,67996

423298,66657

423298,66104

423298,65371

423298,65858

423298,65556

423298,66815

423299,66326

423299,66660

423299,67385

423305,67600

423305,66259

423305,66782

423305,66600

423305,66524

423306,67606

423306,68348

423306,68160

423306,68718

423306,67815

423306,68239

423306,67900

423306,68303

423307,68610

423307,68969

423307,69322

423313,69244

423313,70219

423313,69235

423313,69537

423313,69781

423314,69977

423314,70268

423314,70765

423314,71142

423314,71061

423314,71616

423314,71193

423314,71969

423315,71360

423315,71740

423315,71178

423321,72218

423321,72206

423321,73386

423321,73459

423321,73757

423322,73125

423322,73993

423322,74039

423322,74927

423322,75991

423322,75920

423322,76961

423322,76207

423323,77424

423323,77331

423323,76408

423329,75625

423329,75878

423329,76417

423329,77524

423329,76351

423330,74885

423330,75115

423330,73988

423330,73491

423330,74033

423330,74092

423330,72617

423330,71046

423331,70832

423331,70070

423331,68016

423337,68473

423337,67900

423337,66225

423337,65623

423337,63993

423338,62140

423338,61901

423338,61537

423338,61671

423338,61757

423338,60827

423338,59942

423338,60324

423339,60047

423339,59416

423339,59165

423345,58349

423345,58394

423345,57448

423345,58634

423345,56748

423346,56410

423346,55113

423346,54484

423346,54757

423346,54079

423346,53681

423346,53139

423346,53513

423347,53710

423347,54704

423347,55421

423353,56164

423353,56714

423353,57430

423353,58199

423353,59062

423354,60103

423354,62088

423354,61639

423354,62901

423354,65286

423354,65929

423354,67696

423354,68211

423355,68978

423355,71144

423355,70652

423361,71565

423361,72127

423361,73401

423361,74933

423361,74528

423362,75794

423362,75650

423362,76110

423362,75665

423362,75801

423362,75860

423362,75082

423362,75003

423363,74795

423363,74239

423363,74721

423369,75475

423369,74533

423369,74811

423369,74518

423369,75321

423370,75042

423370,74926

423370,76796

423370,76514

423370,75886

423370,76165

423370,74594

423370,74829

423371,73382

423371,72053

423371,71761

423377,71566

423377,70411

423377,68157

423377,67071

423377,64567

423378,64411

423378,64072

423378,63170

423378,62341

423378,62367

423378,61295

423378,61384

423378,60894

423379,59990

423379,60119

423379,58566

423385,58779

423385,58079

423385,57570

423385,55979

423385,53834

423386,53291

423386,51414

423386,49077

423386,48282

423386,47925

423386,47806

423386,47670

423386,46007

423387,45363

423387,44863

423387,45088

423393,44398

423393,43685

423393,42782

423393,42343

423393,41882

423394,41092

423394,41486

423394,40397

423394,40163

423394,40138

423394,39428

423394,39686

423394,39231

423395,38041

423395,37468

423395,36464

423401,35723

423401,35695

423401,35266

423401,35093

423401,33658

423402,31895

423402,31584

423402,30715

423402,29843

423402,30232

423402,29767

423402,29730

423402,28942

423403,28115

423403,29257

423403,28830

423409,27584

423409,26749

423409,27575

423409,27532

423409,26507

423410,25755

423410,26046

423410,25543

423410,25599

423410,24961

423410,24161

423410,24362

423410,23065

423411,23841

423411,21701

423411,22042

423417,21291

423417,20375

423417,20571

423417,20267

423417,19621

423418,18594

423418,19316

423418,17912

423418,15429

423418,16075

423418,13894

423418,14214

423418,13682

423419,12907

423419,12580

423419,12227

423425,13038

423425,12355

423425,12540

423425,13649

423425,12595

423426,12742

423426,13635

423426,13441

423426,14474

423426,14395

423426,12081

423426,12238

423426,13166

423427,14350

423427,14637

423427,15267

423433,15849

423433,25881

423433,24734

423433,-47542

423433,8514

423434,71965

423434,128951

423434,61790

423434,31611

423434,2677

423434,-18388

423434,11913

423434,-62189

423435,-7230

423435,13601

423435,5188

423441,25306

423441,31888

423441,61527

423441,34311

423441,-10132

423442,14892

423442,16699

423442,35355

423442,-10428

423442,-39912

423442,-14145

423442,-17796

423442,12996

423443,27413

423443,46971

423443,22958

423449,-20790

423449,-30927

423449,2658

423449,26067

423449,-21096

423450,-2816

423450,1929

423450,10471

423450,-11636

423450,-3499

423450,8854

423450,-22927

423450,-4370

423451,-13921

423451,599

423451,1474

423457,6769

423457,-17068

423457,-19306

423457,-35910

423457,-37523

423458,-22535

423458,13137

423458,17629

423458,-12604

423458,-23550

423458,-37107

423458,-26738

423458,-11233

423459,10046

423459,-17175

423459,-22623

423465,-14073

423465,-9731

423465,-8185

423465,-31463

423465,-14555

423466,2568

423466,-1517

423466,-31790

423466,-49060

423466,-28186

423466,389

423466,-13493

423466,-16345

423467,-29011

423467,-30047

423467,-27614

423473,-28302

423473,-37834

423473,-57262

423473,-41299

423473,-26166

423474,-39861

423474,-16165

423474,-6704

423474,-25390

423474,-28696

423474,-19158

423474,-35156

423474,-23312

423475,-17174

423475,-14737

423475,-820

423481,-10838

423481,-17166

423481,-33949

423481,-35924

423481,-21615

423482,-3692

423482,-12773

423482,-20013

423482,-9221

423482,-14159

423482,-10350

423482,-4449

423482,-6550

423483,-3229

423483,-3375

423483,-7752

423489,-6110

423489,-8683

423489,-12151

423489,-2024

423489,-7212

423490,-10497

423490,-3579

423490,-2734

423490,-9940

423490,-9299

423490,-13889

423490,-8267

423490,-6538

423491,-7198

423491,-264

423491,-3477

423497,-2934

423497,-7097

423497,-5872

423497,-20435

423497,-7931

423498,-5836

423498,-2638

423498,-1252

423498,-490

423498,-11163

423498,-2884

423498,-3182

423498,-11365

423499,-2390

423499,-4563

423499,2691

423505,5201

423505,-7410

423505,-4798

423505,-4145

423505,-1667

423506,-6066

423506,-6086

423506,-17042

423506,-5545

423506,2100

423506,-4083

423506,-20010

423506,-16379

423507,-14803

423507,-15184

423507,-1111

423513,3335

423513,-11691

423513,-21028

423513,-28582

423513,-18697

423514,-20135

423514,-7028

423514,-2245

423514,-19618

423514,-17834

423514,-12842

423514,-11671

423514,-17164

423515,-15808

423515,-14706

423515,-20367

423521,-11337

423521,-15808

423521,-14898

423521,-16755

423521,-12656

423522,-13807

423522,-12894

423522,-16849

423522,-17653

423522,-25331

423522,-15225

423522,-10959

423522,-11004

423523,-13192

423523,-12103

423523,-12003

423529,-16254

423529,-10344

423529,-21703

423529,-27324

423529,-28857

423530,-29398

423530,-27484

423530,-25634

423530,-20970

423530,-15343

423530,-19919

423530,-22116

423530,-29626

423531,-26046

423531,-22653

423531,-20705

423537,-26311

423537,-23155

423537,-23771

423537,-22550

423537,-26065

423538,-27337

423538,-28653

423538,-26202

423538,-24942

423538,-27057

423538,-34168

423538,-37808

423538,-34466

423539,-25399

423539,-22212

423539,-29232

423545,-28898

423545,-28487

423545,-31923

423545,-25236

423545,-26621

423546,-20741

423546,-23276

423546,-25690

423546,-25089

423546,-22996

423546,-23637

423546,-19452

423546,-18792

423547,-22516

423547,-18302

423547,-12557

423553,-10835

423553,-9267

423553,-11333

423553,-10883

423553,-8549

423554,-9555

423554,-15605

423554,-8861

423554,-4558

423554,-7696

423554,-6432

423554,-4061

423554,915

423555,4525

423555,2958

423555,-1060

423561,-2342

423561,-5608

423561,-6811

423561,-4222

423561,-7770

423562,-4914

423562,-1482

423562,-1356

423562,-1812

423562,2043

423562,8095

423562,5419

423562,6334

423563,2242

423563,905

423563,1771

423569,4795

423569,2671

423569,10411

423569,11646

423569,11066

423570,6077

423570,4271

423570,7904

423570,8236

423570,8217

423570,11422

423570,10704

423570,9776

423571,12435

423571,8819

423571,11197

423577,10105

423577,7520

423577,9549

423577,12905

423577,11092

423578,11710

423578,11068

423578,10102

423578,11033

423578,11427

423578,9633

423578,8607

423578,9081

423579,13153

423579,14294

423579,11843

423585,12230

423585,16849

423585,18851

423585,16461

423585,15285

423586,14710

423586,14990

423586,12061

423586,12628

423586,14601

423586,13962

423586,14457

423586,16271

423587,12463

423587,10858

423587,9651

423593,10646

423593,10274

423593,11741

423593,11709

423593,11474

423594,9974

423594,7608

423594,7310

423594,7378

423594,8189

423594,9190

423594,9101

423594,5804

423595,6919

423595,7361

423595,8401

423601,5944

423601,3866

423601,1945

423601,1018

423601,-674

423602,-1626

423602,-2511

423602,-1043

423602,-3154

423602,-5114

423602,-3141

423602,-4373

423602,-4096

423603,-4802

423603,-6670

423603,-10080

423609,-12232

423609,-12359

423609,-13181

423609,-15111

423609,-16526

423610,-18388

423610,-20098

423610,-20634

423610,-19902

423610,-19482

423610,-18733

423610,-19388

423610,-19659

423611,-20288

423611,-23198

423611,-20851

423617,-21455

423617,-20467

423617,-19118

423617,-19804

423617,-20597

423618,-22096

423618,-22340

423618,-21754

423618,-21223

423618,-21185

423618,-20057

423618,-19853

423618,-20004

423619,-21656

423619,-20967

423619,-21862

423625,-21912

423625,-18500

423625,-18070

423625,-18117

423625,-17001

423626,-18366

423626,-15448

423626,-16564

423626,-16341

423626,-16540

423626,-17072

423626,-16767

423626,-16038

423627,-15504

423627,-13195

423627,-12941

423633,-13245

423633,-10990

423633,-11440

423633,-9177

423633,-8374

423634,-7287

423634,-6192

423634,-5874

423634,-5649

423634,-4272

423634,-4404

423634,-4389

423634,-4081

423635,-3543

423635,-5532

423635,-5887

423641,-6252

423641,-7604

423641,-8339

423641,-10583

423641,-9857

423642,-11870

423642,-11725

423642,-13780

423642,-16525

423642,-16889

423642,-18372

423642,-21408

423642,-21068

423643,-22808

423643,-23224

423643,-24944

423649,-25283

423649,-29067

423649,-30284

423649,-30748

423649,-32180

423650,-33187

423650,-34481

423650,-36159

423650,-37738

423650,-37693

423650,-36940

423650,-37625

423650,-37162

423651,-37794

423651,-38314

423651,-38748

423657,-39478

423657,-39875

423657,-41849

423657,-41678

423657,-42521

423658,-42601

423658,-43695

423658,-46641

423658,-47802

423658,-48332

423658,-49679

423658,-49299

423658,-50362

423659,-51430

423659,-52720

423659,-51837

423665,-50863

423665,-51124

423665,-50482

423665,-51410

423665,-50677

423666,-50367

423666,-48764

423666,-49811

423666,-49469

423666,-49538

423666,-49730

423666,-50426

423666,-51385

423667,-51148

423667,-49966

423667,-49365

423673,-48609

423673,-47888

423673,-48074

423673,-46651

423673,-46328

423674,-44928

423674,-44191

423674,-46000

423674,-44977

423674,-43721

423674,-44161

423674,-42963

423674,-42436

423675,-43489

423675,-43812

423675,-45048

423681,-45407

423681,-45216

423681,-44824

423681,-43662

423681,-45012

423682,-45093

423682,-45564

423682,-46003

423682,-45169

423682,-44493

423682,-43821

423682,-43789

423682,-44875

423683,-45764

423683,-46786

423683,-47466

423689,-47693

423689,-47524

423689,-46553

423689,-47768

423689,-48420

423690,-47609

423690,-48576

423690,-50267

423690,-49737

423690,-51035

423690,-50652

423690,-50912

423690,-50989

423691,-50624

423691,-51566

423691,-50855

423697,-52054

423697,-51523

423697,-51436

423697,-50335

423697,-49279

423698,-49051

423698,-48246

423698,-47615

423698,-48512

423698,-47780

423698,-47645

423698,-47042

423698,-47498

423699,-46656

423699,-47129

423699,-46790

423705,-45049

423705,-46202

423705,-44359

423705,-43990

423705,-45141

423706,-42760

423706,-41910

423706,-41549

423706,-41353

423706,-39478

423706,-38290

423706,-37515

423706,-36744

423707,-35776

423707,-36632

423707,-36415

423713,-36724

423713,-36934

423713,-36677

423713,-35575

423713,-35593

423714,-34769

423714,-34245

423714,-34601

423714,-36259

423714,-35690

423714,-36419

423714,-35408

423714,-35253

423715,-35433

423715,-35513

423715,-34965

423721,-34934

423721,-34981

423721,-34519

423721,-34987

423721,-35895

423722,-35562

423722,-35014

423722,-34137

423722,-35419

423722,-34474

423722,-34354

423722,-35660

423722,-34981

423723,-36224

423723,-37331

423723,-38226

423729,-38843

423729,-38976

423729,-40448

423729,-41085

423729,-42229

423730,-43003

423730,-43924

423730,-44032

423730,-45409

423730,-47147

423730,-47457

423730,-48500

423730,-48038

423731,-47865

423731,-47665

423731,-48474

423737,-49133

423737,-49725

423737,-49732

423737,-49862

423737,-49798

423738,-51745

423738,-52090

423738,-52484

423738,-52729

423738,-52837

423738,-52891

423738,-54200

423738,-55794

423739,-56337

423739,-55887

423739,-56422

423745,-57494

423745,-58964

423745,-56923

423745,-56200

423745,-56470

423746,-58652

423746,-58874

423746,-58110

423746,-58523

423746,-57950

423746,-57371

423746,-57987

423746,-57139

423747,-56729

423747,-56860

423747,-57554

423753,-58832

423753,-59762

423753,-61169

423753,-62077

423753,-63536

423754,-63603

423754,-63022

423754,-62730

423754,-62337

423754,-62599

423754,-61805

423754,-62079

423754,-61832

423755,-60813

423755,-60642

423755,-60370

423761,-59319

423761,-60166

423761,-60158

423761,-60734

423761,-59897

423762,-61299

423762,-60856

423762,-60622

423762,-60982

423762,-59703

423762,-60299

423762,-59478

423762,-59333

423763,-58932

423763,-58389

423763,-57163

423769,-57549

423769,-57390

423769,-56859

423769,-55773

423769,-57361

423770,-56425

423770,-55768

423770,-55423

423770,-55026

423770,-54842

423770,-53726

423770,-52474

423770,-52253

423771,-50241

423771,-49798

423771,-49048

423777,-48796

423777,-49416

423777,-48850

423777,-47747

423777,-47667

423778,-46907

423778,-47700

423778,-46318

423778,-43254

423778,-42459

423778,-42284

423778,-41474

423778,-41787

423779,-41867

423779,-40373

423779,-40701

423785,-40072

423785,-40053

423785,-38411

423785,-37228

423785,-36137

423786,-35470

423786,-35766

423786,-35281

423786,-33589

423786,-33912

423786,-33177

423786,-32948

423786,-32446

423787,-32036

423787,-31560

423787,-31038

423793,-30781

423793,-30096

423793,-29459

423793,-29896

423793,-28801

423794,-28867

423794,-26413

423794,-25464

423794,-24446

423794,-25682

423794,-26467

423794,-25029

423794,-25815

423795,-25873

423795,-25849

423795,-25704

423801,-25122

423801,-25782

423801,-26252

423801,-27209

423801,-27094

423802,-27154

423802,-28028

423802,-27930

423802,-29191

423802,-30831

423802,-30397

423802,-31153

423802,-32673

423803,-33792

423803,-34442

423803,-35167

423809,-36617

423809,-36195

423809,-36804

423809,-37106

423809,-36829

423810,-36913

423810,-36608

423810,-36729

423810,-36349

423810,-36935

423810,-36764

423810,-35338

423810,-35455

423811,-35713

423811,-36122

423811,-34707

423817,-34241

423817,-35040

423817,-36137

423817,-36081

423817,-36141

423818,-35069

423818,-34854

423818,-34827

423818,-35405

423818,-34879

423818,-35921

423818,-35443

423818,-34805

423819,-35439

423819,-36629

423819,-37393

423825,-36935

423825,-35903

423825,-34847

423825,-34569

423825,-34455

423826,-35412

423826,-35585

423826,-35068

423826,-32452

423826,-33323

423826,-33122

423826,-31780

423826,-31071

423827,-28079

423827,-27032

423827,-26638

423833,-25371

423833,-25380

423833,-24230

423833,-24586

423833,-24488

423834,-21547

423834,-20751

423834,-19634

423834,-19348

423834,-19431

423834,-19364

423834,-18871

423834,-18767

423835,-18723

423835,-19391

423835,-19239

423841,-19163

423841,-19167

423841,-18189

423841,-20120

423841,-20211

423842,-21995

423842,-23345

423842,-23490

423842,-23915

423842,-22428

423842,-23329

423842,-23250

423842,-23834

423843,-23198

423843,-23829

423843,-23848

423849,-24589

423849,-25327

423849,-25858

423849,-26411

423849,-26890

423850,-27588

423850,-29831

423850,-29662

423850,-30467

423850,-30011

423850,-28136

423850,-29431

423850,-30553

423851,-31812

423851,-31598

423851,-31820

423857,-31691

423857,-31490

423857,-33987

423857,-35700

423857,-36814

423858,-37676

423858,-38108

423858,-38599

423858,-38985

423858,-38907

423858,-38612

423858,-40562

423858,-40684

423859,-42160

423859,-41208

423859,-39635

423865,-39549

423865,-40363

423865,-41251

423865,-41431

423865,-40885

423866,-41156

423866,-40937

423866,-41696

423866,-42663

423866,-43491

423866,-43282

423866,-42931

423866,-45138

423867,-45123

423867,-46315

423867,-45895

423873,-45180

423873,-44960

423873,-45001

423873,-45386

423873,-43596

423874,-44653

423874,-43659

423874,-43833

423874,-42478

423874,-43385

423874,-43373

423874,-43263

423874,-42812

423875,-43939

423875,-42781

423875,-43653

423881,-42088

423881,-41250

423881,-40709

423881,-39905

423881,-39865

423882,-38436

423882,-37680

423882,-36979

423882,-36698

423882,-36888

423882,-36042

423882,-33891

423882,-34271

423883,-34772

423883,-34289

423883,-34522

423889,-34493

423889,-35234

423889,-33711

423889,-33008

423889,-32900

423890,-31661

423890,-30573

423890,-30735

423890,-30413

423890,-29754

423890,-29109

423890,-29076

423890,-28019

423891,-26789

423891,-25242

423891,-24828

423897,-24940

423897,-23287

423897,-22263

423897,-22203

423897,-22239

423898,-22663

423898,-22656

423898,-22287

423898,-20003

423898,-19922

423898,-19070

423898,-18263

423898,-18144

423899,-16153

423899,-15891

423899,-15449

423905,-15451

423905,-14715

423905,-13285

423905,-12457

423905,-11845

423906,-12118

423906,-12484

423906,-12563

423906,-12628

423906,-14080

423906,-14195

423906,-14646

423906,-14170

423907,-13732

423907,-13444

423907,-13452

423913,-13935

423913,-13325

423913,-12812

423913,-11621

423913,-11668

423914,-11781

423914,-11554

423914,-11168

423914,-10760

423914,-11410

423914,-11075

423914,-10066

423914,-10209

423915,-10573

423915,-10873

423915,-9157

423921,-8314

423921,-8121

423921,-8082

423921,-8528

423921,-7695

423922,-6763

423922,-7396

423922,-6764

423922,-6852

423922,-6718

423922,-7582

423922,-6798

423922,-7284

423923,-7163

423923,-8414

423923,-8330

423929,-7388

423929,-7997

423929,-8003

423929,-10083

423929,-9262

423930,-8389

423930,-8576

423930,-8527

423930,-8199

423930,-7896

423930,-9143

423930,-8253

423930,-8176

423931,-8627

423931,-9188

423931,-8981

423937,-8380

423937,-9064

423937,-9124

423937,-8820

423937,-8752

423938,-9123

423938,-8916

423938,-8505

423938,-7830

423938,-8161

423938,-8664

423938,-8082

423938,-7389

423939,-7170

423939,-5601

423939,-7166

423945,-6808

423945,-6740

423945,-7255

423945,-7633

423945,-8219

423946,-7751

423946,-8864

423946,-10135

423946,-10445

423946,-11957

423946,-13541

423946,-13953

423946,-13463

423947,-13256

423947,-14513

423947,-16287

423953,-16465

423953,-17926

423953,-18552

423953,-19797

423953,-20613

423954,-22152

423954,-22177

423954,-22956

423954,-23574

423954,-25121

423954,-25790

423954,-26619

423954,-26565

423955,-27963

423955,-28806

423955,-28675

423961,-30279

423961,-30545

423961,-30970

423961,-30195

423961,-30568

423962,-31813

423962,-33440

423962,-33423

423962,-33850

423962,-33579

423962,-33358

423962,-33307

423962,-34214

423963,-34735

423963,-36168

423963,-36654

423969,-37643

423969,-38575

423969,-38289

423969,-38189

423969,-37350

423970,-37509

423970,-36997

423970,-37359

423970,-37898

423970,-36708

423970,-37686

423970,-37111

423970,-36447

423971,-35474

423971,-35039

423971,-36177

423977,-35814

423977,-35383

423977,-34861

423977,-33648

423977,-31916

423978,-31295

423978,-29295

423978,-28135

423978,-27317

423978,-26869

423978,-27038

423978,-27522

423978,-27581

423979,-26728

423979,-27358

423979,-27737

423985,-26766

423985,-26907

423985,-27214

423985,-27098

423985,-27452

423986,-26614

423986,-27351

423986,-26402

423986,-25636

423986,-25938

423986,-25409

423986,-24320

423986,-23812

423987,-22938

423987,-21314

423987,-20424

423993,-19000

423993,-18481

423993,-18115

423993,-17794

423993,-18446

423994,-17237

423994,-16612

423994,-15520

423994,-15978

423994,-15034

423994,-13846

423994,-14892

423994,-14729

423995,-14088

423995,-15327

423995,-15102

424001,-15786

424001,-15559

424001,-16011

424001,-16758

424001,-16613

424002,-17215

424002,-17394

424002,-18521

424002,-18080

424002,-18471

424002,-18294

424002,-19327

424002,-19535

424003,-20683

424003,-20724

424003,-20785

424009,-21800

424009,-22060

424009,-22398

424009,-22732

424009,-23865

424010,-22933

424010,-23493

424010,-23328

424010,-22671

424010,-21732

424010,-21279

424010,-21480

424010,-20652

424011,-19927

424011,-18516

424011,-17971

424017,-18654

424017,-18265

424017,-17530

424017,-16724

424017,-16705

424018,-17233

424018,-16804

424018,-16619

424018,-16529

424018,-16653

424018,-16365

424018,-15865

424018,-15905

424019,-15808

424019,-15317

424019,-15967

424025,-15803

424025,-15388

424025,-15769

424025,-16983

424025,-18555

424026,-18835

424026,-19503

424026,-18901

424026,-20119

424026,-20613

424026,-21185

424026,-20486

424026,-20721

424027,-21083

424027,-21495

424027,-21416

424033,-21870

424033,-22401

424033,-22177

424033,-22426

424033,-22466

424034,-22982

424034,-22414

424034,-23339

424034,-23554

424034,-23815

424034,-24349

424034,-23730

424034,-25121

424035,-25384

424035,-25792

424035,-26236

424041,-26794

424041,-26989

424041,-27254

424041,-25776

424041,-25421

424042,-25138

424042,-25079

424042,-25006

424042,-24934

424042,-24943

424042,-25103

424042,-26173

424042,-26731

424043,-26178

424043,-26661

424043,-26871

424049,-27180

424049,-27387

424049,-27120

424049,-28025

424049,-27837

424050,-27915

424050,-28194

424050,-28596

424050,-28935

424050,-28776

424050,-28236

424050,-27356

424050,-27901

424051,-29564

424051,-29853

424051,-29674

424057,-31025

424057,-30075

424057,-30630

424057,-29548

424057,-29598

424058,-30713

424058,-30713

424058,-31096

424058,-31145

424058,-28846

424058,-27894

424058,-27841

424058,-26558

424059,-26407

424059,-25721

424059,-24301

424065,-23142

424065,-21478

424065,-21821

424065,-20712

424065,-20484

424066,-19588

424066,-19668

424066,-19897

424066,-19631

424066,-19482

424066,-19690

424066,-20760

424066,-21211

424067,-21087

424067,-21860

424067,-22273

424073,-22284

424073,-23255

424073,-23936

424073,-24197

424073,-24154

424074,-23620

424074,-23738

424074,-23570

424074,-23408

424074,-24137

424074,-23980

424074,-23652

424074,-23608

424075,-24395

424075,-23923

424075,-24929

424081,-24479

424081,-25100

424081,-25078

424081,-24839

424081,-24496

424082,-24167

424082,-23916

424082,-21497

424082,-20515

424082,-19274

424082,-18163

424082,-17748

424082,-16673

424083,-15726

424083,-14824

424083,-15588

424089,-13687

424089,-13139

424089,-12639

424089,-13030

424089,-12104

424090,-12315

424090,-11753

424090,-11145

424090,-11420

424090,-10502

424090,-9919

424090,-9908

424090,-9329

424091,-10130

424091,-11171

424091,-11632

424097,-11568

424097,-12784

424097,-13122

424097,-13624

424097,-13390

424098,-13804

424098,-13651

424098,-14886

424098,-15455

424098,-15570

424098,-15444

424098,-15003

424098,-14563

424099,-13620

424099,-13941

424099,-13499

424105,-13080

424105,-12736

424105,-11980

424105,-11691

424105,-10901

424106,-10392

424106,-10160

424106,-8214

424106,-8462

424106,-8863

424106,-8934

424106,-9116

424106,-8762

424107,-8860

424107,-7835

424107,-9044

424113,-8895

424113,-8381

424113,-8298

424113,-9159

424113,-7797

424114,-8262

424114,-7729

424114,-6800

424114,-5075

424114,-5348

424114,-4829

424114,-4185

424114,-4147

424115,-4613

424115,-4140

424115,-3243

424121,-3187

424121,-2948

424121,-2991

424121,-1537

424121,-1740

424122,-626

424122,793

424122,940

424122,1367

424122,4070

424122,6181

424122,8634

424122,9941

424123,12032

424123,14193

424123,15298

424129,16967

424129,19144

424129,20042

424129,21998

424129,23722

424130,24940

424130,26652

424130,27912

424130,29993

424130,31868

424130,33775

424130,35408

424130,36481

424131,38113

424131,40252

424131,43002

424137,43800

424137,45999

424137,46526

424137,46671

424137,48387

424138,49984

424138,50071

424138,51092

424138,52053

424138,53239

424138,53237

424138,54604

424138,55854

424139,56397

424139,57207

424139,58213

424145,59090

424145,61180

424145,60619

424145,60572

424145,61518

424146,62440

424146,64281

424146,64879

424146,65982

424146,66331

424146,67378

424146,68295

424146,69428

424147,69612

424147,69827

424147,70716

424153,72509

424153,71837

424153,72972

424153,73201

424153,73259

424154,72881

424154,73275

424154,73048

424154,74337

424154,74487

424154,74488

424154,74776

424154,75033

424155,74640

424155,74339

424155,74038

424161,73676

424161,74944

424161,75328

424161,75434

424161,76388

424162,75996

424162,76912

424162,79397

424162,79911

424162,81064

424162,82183

424162,82903

424162,84171

424163,86119

424163,87314

424163,87246

424169,88688

424169,89158

424169,89650

424169,91168

424169,91872

424170,92564

424170,93037

424170,93450

424170,94145

424170,94249

424170,94624

424170,95537

424170,95806

424171,97375

424171,98148

424171,99207

424177,100486

424177,101527

424177,101554

424177,101957

424177,102528

424178,103324

424178,103449

424178,104499

424178,105382

424178,105141

424178,104641

424178,105217

424178,106161

424179,107400

424179,108142

424179,109451

424185,110756

424185,111585

424185,112607

424185,114538

424185,116096

424186,117160

424186,117650

424186,118182

424186,118775

424186,120199

424186,119771

424186,119973

424186,119744

424187,119844

424187,120740

424187,120306

424193,119954

424193,120437

424193,121341

424193,121722

424193,122349

424194,122767

424194,123200

424194,123524

424194,124143

424194,123893

424194,124488

424194,123624

424194,122410

424195,121807

424195,119057

424195,117871

424201,117058

424201,115751

424201,114640

424201,114608

424201,114056

424202,113038

424202,112558

424202,111298

424202,111662

424202,111764

424202,112023

424202,110734

424202,109634

424203,108454

424203,108226

424203,107896

424209,105854

424209,104670

424209,103494

424209,103122

424209,101227

424210,100580

424210,98961

424210,98942

424210,97003

424210,96110

424210,94861

424210,93940

424210,95351

424211,94780

424211,94241

424211,93926

424217,94327

424217,93380

424217,93464

424217,93026

424217,91458

424218,91449

424218,90716

424218,89713

424218,88982

424218,87997

424218,88908

424218,89187

424218,87843

424219,88503

424219,87811

424219,87189

424225,86183

424225,85323

424225,85233

424225,85392

424225,85285

424226,84068

424226,83248

424226,81260

424226,81040

424226,80610

424226,79707

424226,79164

424226,79297

424227,79017

424227,77180

424227,77342

424233,77601

424233,77201

424233,76232

424233,76532

424233,76753

424234,77257

424234,77055

424234,77098

424234,76935

424234,77005

424234,76637

424234,76477

424234,75824

424235,74459

424235,73288

424235,73817

424241,72779

424241,72322

424241,72519

424241,72987

424241,73487

424242,71527

424242,70907

424242,69929

424242,69794

424242,68408

424242,67606

424242,68038

424242,67097

424243,66581

424243,65719

424243,63494

424249,62402

424249,61431

424249,60582

424249,58016

424249,56633

424250,54232

424250,53151

424250,51447

424250,49634

424250,48578

424250,46527

424250,46664

424250,44034

424251,42267

424251,40551

424251,40080

424257,38801

424257,38386

424257,36547

424257,36478

424257,34697

424258,33337

424258,32193

424258,31651

424258,30051

424258,30145

424258,29358

424258,29073

424258,28237

424259,27343

424259,27435

424259,26498

424265,27093

424265,26309

424265,25722

424265,24511

424265,24510

424266,24289

424266,22633

424266,22801

424266,21422

424266,20083

424266,18457

424266,17628

424266,15878

424267,14416

424267,13610

424267,12589

424273,10686

424273,9230

424273,6916

424273,6992

424273,5967

424274,5061

424274,4760

424274,2433

424274,1044

424274,34

424274,-932

424274,-2099

424274,-3037

424275,-4507

424275,-5672

424275,-7756

424281,-7917

424281,-9546

424281,-10868

424281,-11429

424281,-13754

424282,-14027

424282,-16061

424282,-17618

424282,-18061

424282,-19101

424282,-18922

424282,-18591

424282,-19485

424283,-20816

424283,-22307

424283,-23147

424289,-24090

424289,-26110

424289,-26767

424289,-27880

424289,-28164

424290,-29702

424290,-31412

424290,-33090

424290,-34962

424290,-37123

424290,-37840

424290,-42178

424290,-44045

424291,-46568

424291,-48645

424291,-51094

424297,-54554

424297,-56771

424297,-59783

424297,-63904

424297,-66197

424298,-69743

424298,-72852

424298,-75475

424298,-78081

424298,-81711

424298,-84385

424298,-86899

424298,-88261

424299,-90060

424299,-92153

424299,-95679

424305,-98821

424305,-101665

424305,-105248

424305,-107633

424305,-110912

424306,-112223

424306,-115453

424306,-117931

424306,-120027

424306,-121966

424306,-123750

424306,-126414

424306,-127964

424307,-130955

424307,-132431

424307,-134582

424313,-137069

424313,-139772

424313,-142091

424313,-145032

424313,-147893

424314,-149611

424314,-152956

424314,-155827

424314,-159493

424314,-162491

424314,-165849

424314,-168768

424314,-172225

424315,-176500

424315,-179271

424315,-182191

424321,-186418

424321,-189658

424321,-193175

424321,-196702

424321,-201179

424322,-204024

424322,-206299

424322,-208043

424322,-211463

424322,-214012

424322,-216518

424322,-219115

424322,-220416

424323,-221841

424323,-224323

424323,-225712

424329,-227401

424329,-229034

424329,-229226

424329,-229539

424329,-230993

424330,-231702

424330,-232175

424330,-232530

424330,-234015

424330,-235722

424330,-235971

424330,-237342

424330,-237969

424331,-239123

424331,-239227

424331,-240582

424337,-241622

424337,-242209

424337,-244756

424337,-245194

424337,-245454

424338,-246897

424338,-247288

424338,-249147

424338,-250245

424338,-250588

424338,-251052

424338,-251182

424338,-252247

424339,-252893

424339,-253690

424339,-255288

424345,-256853

424345,-257194

424345,-257248

424345,-258141

424345,-258493

424346,-258821

424346,-259622

424346,-260292

424346,-261521

424346,-262202

424346,-262720

424346,-262842

424346,-263908

424347,-263675

424347,-264286

424347,-263701

424353,-263432

424353,-263924

424353,-264212

424353,-264664

424353,-264837

424354,-266580

424354,-266599

424354,-266259

424354,-264691

424354,-264397

424354,-263982

424354,-263708

424354,-264338

424355,-263536

424355,-264338

424355,-264280

424361,-264314

424361,-263703

424361,-263784

424361,-264220

424361,-264176

424362,-264819

424362,-265259

424362,-265457

424362,-265378

424362,-265826

424362,-265391

424362,-265811

424362,-265587

424363,-266072

424363,-265764

424363,-265373

424369,-263991

424369,-264520

424369,-264461

424369,-263913

424369,-263923

424370,-264144

424370,-263848

424370,-263153

424370,-263278

424370,-263158

424370,-263052

424370,-261687

424370,-260374

424371,-259147

424371,-258281

424371,-255954

424377,-255568

424377,-254457

424377,-252705

424377,-251239

424377,-248617

424378,-246130

424378,-243333

424378,-241251

424378,-238618

424378,-236483

424378,-235690

424378,-233196

424378,-231785

424379,-230255

424379,-229276

424379,-228612

424385,-225441

424385,-223251

424385,-221123

424385,-220148

424385,-218278

424386,-216031

424386,-214634

424386,-211685

424386,-209862

424386,-207843

424386,-205014

424386,-203517

424386,-200294

424387,-198362

424387,-196277

424387,-193793

424393,-192255

424393,-190631

424393,-188588

424393,-186269

424393,-183590

424394,-182247

424394,-179972

424394,-178748

424394,-176007

424394,-173474

424394,-171507

424394,-169125

424394,-167337

424395,-164396

424395,-162982

424395,-160680

424401,-159206

424401,-157710

424401,-155604

424401,-152940

424401,-150703

424402,-149113

424402,-147456

424402,-145628

424402,-143912

424402,-141677

424402,-139379

424402,-137697

424402,-136256

424403,-134228

424403,-132368

424403,-131186

424409,-128878

424409,-126207

424409,-123733

424409,-121477

424409,-118202

424410,-116656

424410,-113682

424410,-112223

424410,-109918

424410,-107562

424410,-106411

424410,-103888

424410,-102766

424411,-100398

424411,-98476

424411,-96217

424417,-95278

424417,-94014

424417,-92448

424417,-90264

424417,-88496

424418,-86457

424418,-85439

424418,-85219

424418,-83201

424418,-81821

424418,-80851

424418,-79400

424418,-78910

424419,-78077

424419,-78835

424419,-77910

424425,-76681

424425,-75552

424425,-74612

424425,-74478

424425,-72631

424426,-70678

424426,-68886

424426,-67543

424426,-65254

424426,-63326

424426,-61079

424426,-60095

424426,-57472

424427,-54747

424427,-52713

424427,-48866

424433,-45281

424433,-42264

424433,-38975

424433,-35858

424433,-32830

424434,-29837

424434,-26527

424434,-22638

424434,-19773

424434,-16544

424434,-13378

424434,-11325

424434,-8076

424435,-4534

424435,-1368

424435,933

424441,4674

424441,7028

424441,8051

424441,10414

424441,13313

424442,17772

424442,21618

424442,26659

424442,30822

424442,33797

424442,37567

424442,41297

424442,44566

424443,48021

424443,51668

424443,56033

424449,60048

424449,63246

424449,67149

424449,69875

424449,73357

424450,76582

424450,78454

424450,80925

424450,83833

424450,85920

424450,87860

424450,90733

424450,92824

424451,93550

424451,95901

424451,97783

424457,100006

424457,100372

424457,102508

424457,104294

424457,107285

424458,109182

424458,111917

424458,113930

424458,116253

424458,119292

424458,122855

424458,124014

424458,127308

424459,128619

424459,129672

424459,132186

424465,133153

424465,135880

424465,137863

424465,139821

424465,143031

424466,144892

424466,146913

424466,148047

424466,151071

424466,153994

424466,155826

424466,157587

424466,159602

424467,161421

424467,161573

424467,163158

424473,164118

424473,164939

424473,165330

424473,165602

424473,166780

424474,166417

424474,167200

424474,166739

424474,168226

424474,168870

424474,170368

424474,171069

424474,172106

424475,171967

424475,172089

424475,172616

424481,173084

424481,173432

424481,174414

424481,174661

424481,175433

424482,175936

424482,176410

424482,176534

424482,176348

424482,176894

424482,177480

424482,177656

424482,177197

424483,178018

424483,178501

424483,177124

424489,176761

424489,176474

424489,175792

424489,176360

424489,175337

424490,177133

424490,176846

424490,176514

424490,176390

424490,176121

424490,176326

424490,176404

424490,175211

424491,175146

424491,174693

424491,172713

424497,171767

424497,172030

424497,170411

424497,170673

424497,168718

424498,166948

424498,165986

424498,165684

424498,164659

424498,163577

424498,163226

424498,163382

424498,161810

424499,161058

424499,160604

424499,159909

424505,158830

424505,158992

424505,158705

424505,157185

424505,157609

424506,157776

424506,156905

424506,156878

424506,154271

424506,154419

424506,153842

424506,153803

424506,153582

424507,152406

424507,152915

424507,153284

424513,152037

424513,152716

424513,151837

424513,151374

424513,150780

424514,150519

424514,150146

424514,149634

424514,149158

424514,148752

424514,148121

424514,146466

424514,146016

424515,144915

424515,143607

424515,142363

424521,141056

424521,140345

424521,138824

424521,137637

424521,135181

424522,135163

424522,132752

424522,131665

424522,129099

424522,126949

424522,124307

424522,122874

424522,120668

424523,118831

424523,116851

424523,116179

424529,113681

424529,112741

424529,110894

424529,108310

424529,107444

424530,106416

424530,104884

424530,104263

424530,103042

424530,100681

424530,98823

424530,97928

424530,95558

424531,94430

424531,92672

424531,92072

424537,89474

424537,88129

424537,88138

424537,85845

424537,84243

424538,81550

424538,79143

424538,78008

424538,75738

424538,73856

424538,71545

424538,69921

424538,68221

424539,67069

424539,64942

424539,62120

424545,60558

424545,58657

424545,56785

424545,54893

424545,53574

424546,51660

424546,49634

424546,48612

424546,46538

424546,45248

424546,41795

424546,39172

424546,36110

424547,34282

424547,32987

424547,31588

424553,29863

424553,27917

424553,26177

424553,24728

424553,22984

424554,22616

424554,22049

424554,21445

424554,20940

424554,19914

424554,20711

424554,19786

424554,19516

424555,19013

424555,17911

424555,16394

424561,16258

424561,14958

424561,14467

424561,14009

424561,13896

424562,12510

424562,11748

424562,11167

424562,11146

424562,10126

424562,9233

424562,8909

424562,7077

424563,5935

424563,4302

424563,3526

424569,2570

424569,1639

424569,1346

424569,135

424569,-975

424570,-1922

424570,-2334

424570,-2606

424570,-2307

424570,-4022

424570,-4184

424570,-6349

424570,-6489

424571,-8076

424571,-8243

424571,-8063

424577,-10307

424577,-10510

424577,-10426

424577,-11887

424577,-12385

424578,-11189

424578,-11906

424578,-12495

424578,-12685

424578,-11415

424578,-12050

424578,-11378

424578,-10434

424579,-10625

424579,-10457

424579,-10070

424585,-10535

424585,-10138

424585,-11347

424585,-10823

424585,-11975

424586,-11654

424586,-12528

424586,-12538

424586,-12578

424586,-13412

424586,-14336

424586,-14831

424586,-14906

424587,-15163

424587,-15855

424587,-16520

424593,-17871

424593,-17370

424593,-17092

424593,-16950

424593,-17345

424594,-18506

424594,-19026

424594,-18597

424594,-19961

424594,-20101

424594,-19826

424594,-21057

424594,-22087

424595,-22780

424595,-24105

424595,-23639

424601,-23589

424601,-22647

424601,-22450

424601,-22782

424601,-22457

424602,-23090

424602,-22917

424602,-23127

424602,-22877

424602,-22773

424602,-22920

424602,-22969

424602,-22711

424603,-23015

424603,-22916

424603,-22506

424609,-23104

424609,-24085

424609,-24066

424609,-24551

424609,-25424

424610,-24033

424610,-23987

424610,-24664

424610,-23691

424610,-23432

424610,-23185

424610,-23109

424610,-22891

424611,-21753

424611,-22180

424611,-22038

424617,-21694

424617,-21442

424617,-22586

424617,-22465

424617,-23318

424618,-24693

424618,-24650

424618,-24826

424618,-25254

424618,-25544

424618,-25661

424618,-25221

424618,-25701

424619,-26363

424619,-25672

424619,-26481

424625,-25680

424625,-26427

424625,-24756

424625,-25253

424625,-24354

424626,-24635

424626,-25461

424626,-25171

424626,-23280

424626,-21908

424626,-21215

424626,-21287

424626,-20908

424627,-20908

424627,-19966

424627,-18762

424633,-18284

424633,-18476

424633,-17749

424633,-16977

424633,-17322

424634,-16249

424634,-15643

424634,-16360

424634,-15780

424634,-16056

424634,-14667

424634,-14982

424634,-15930

424635,-16512

424635,-15652

424635,-15931

424641,-15113

424641,-14899

424641,-15718

424641,-15447

424641,-16273

424642,-14925

424642,-14689

424642,-13436

424642,-13091

424642,-12631

424642,-12439

424642,-10385

424642,-9916

424643,-8966

424643,-7930

424643,-6683

424649,-5436

424649,-5725

424649,-5848

424649,-4932

424649,-3645

424650,-3005

424650,-1098

424650,178

424650,1061

424650,2787

424650,4053

424650,7562

424650,7952

424651,10177

424651,12103

424651,12617

424657,15207

424657,15420

424657,16844

424657,18118

424657,18265

424658,19356

424658,19188

424658,19761

424658,19944

424658,20168

424658,20376

424658,20676

424658,22261

424659,22142

424659,22789

424659,23041

424665,23302

424665,23351

424665,23934

424665,24217

424665,23111

424666,23498

424666,24197

424666,23539

424666,23800

424666,25421

424666,25109

424666,26496

424666,27728

424667,28398

424667,30035

424667,31455

424673,32897

424673,33972

424673,36176

424673,36862

424673,37223

424674,38144

424674,38947

424674,40890

424674,41915

424674,43018

424674,44014

424674,43083

424674,44091

424675,45200

424675,46052

424675,47966

424681,48602

424681,50154

424681,51827

424681,53452

424681,55174

424682,56684

424682,58774

424682,58966

424682,59027

424682,60086

424682,61134

424682,61442

424682,62466

424683,64091

424683,63811

424683,62846

424689,61639

424689,61740

424689,61215

424689,61434

424689,61194

424690,61958

424690,58642

424690,58114

424690,64686

424690,62489

424690,61566

424690,61520

424690,60047

424691,60604

424691,59982

424691,59219

424697,59890

424697,59616

424697,58411

424697,58574

424697,58426

424698,58076

424698,58599

424698,54616

424698,56238

424698,57509

424698,56635

424698,58423

424698,58643

424699,60249

424699,60335

424699,60883

424705,61304

424705,59850

424705,60610

424705,59636

424705,58201

424706,58273

424706,56548

424706,57124

424706,54610

424706,53978

424706,51779

424706,50152

424706,48615

424707,46927

424707,47176

424707,46940

424713,46024

424713,46316

424713,45479

424713,45398

424713,45834

424714,45025

424714,45054

424714,44639

424714,44399

424714,44123

424714,44195

424714,43002

424714,42477

424715,41817

424715,40912

424715,40394

424721,41457

424721,40803

424721,41180

424721,41953

424721,43089

424722,43887

424722,44038

424722,44040

424722,44089

424722,44405

424722,44552

424722,45064

424722,45260

424723,45394

424723,46327

424723,45248

424729,45757

424729,45098

424729,45921

424729,46463

424729,46551

424730,46322

424730,48279

424730,48481

424730,49892

424730,49722

424730,49629

424730,49440

424730,49245

424731,49252

424731,50540

424731,49761

424737,50692

424737,50204

424737,49970

424737,49113

424737,48666

424738,48823

424738,48567

424738,47789

424738,47713

424738,46989

424738,46646

424738,46586

424738,45074

424739,44533

424739,43970

424739,43486

424745,42196

424745,42026

424745,41471

424745,40104

424745,39327

424746,38678

424746,37577

424746,36901

424746,35092

424746,34286

424746,33499

424746,32793

424746,31165

424747,30237

424747,29368

424747,27725

424753,25138

424753,23832

424753,23626

424753,23125

424753,21244

424754,21054

424754,18792

424754,16899

424754,14854

424754,15028

424754,15024

424754,13645

424754,12223

424755,10071

424755,8946

424755,8304

424761,6253

424761,4815

424761,3331

424761,837

424761,163

424762,-1652

424762,-2931

424762,-5703

424762,-6706

424762,-8630

424762,-9323

424762,-9979

424762,-10762

424763,-12537

424763,-13387

424763,-15332

424769,-17146

424769,-17585

424769,-19651

424769,-18708

424769,-21082

424770,-21795

424770,-22277

424770,-22017

424770,-22001

424770,-21763

424770,-23113

424770,-23701

424770,-22468

424771,-21538

424771,-20952

424771,-20184

424777,-19885

424777,-20918

424777,-21040

424777,-20755

424777,-22265

424778,-21021

424778,-20733

424778,-20742

424778,-21422

424778,-20985

424778,-21423

424778,-21584

424778,-22916

424779,-23356

424779,-23715

424779,-24556

424785,-24561

424785,-24892

424785,-25405

424785,-25107

424785,-24937

424786,-24677

424786,-23958

424786,-24055

424786,-23605

424786,-23460

424786,-23028

424786,-22496

424786,-22078

424787,-21221

424787,-21566

424787,-22718

424793,-23221

424793,-23779

424793,-23301

424793,-22403

424793,-22063

424794,-21672

424794,-23451

424794,-22209

424794,-22352

424794,-21729

424794,-22490

424794,-20735

424794,-19876

424795,-20602

424795,-20082

424795,-19460

424801,-19553

424801,-18499

424801,-17557

424801,-18560

424801,-18881

424802,-18143

424802,-17993

424802,-16444

424802,-15732

424802,-15216

424802,-15065

424802,-13761

424802,-14317

424803,-13051

424803,-11506

424803,-11588

424809,-11617

424809,-9509

424809,-10199

424809,-10294

424809,-10191

424810,-9290

424810,-9485

424810,-9647

424810,-10519

424810,-9562

424810,-10695

424810,-10006

424810,-8772

424811,-8419

424811,-7297

424811,-6088

424817,-6819

424817,-5961

424817,-6103

424817,-6745

424817,-5237

424818,-5012

424818,-4112

424818,-3422

424818,-1717

424818,-1347

424818,-992

424818,-724

424818,571

424819,2025

424819,2707

424819,2878

424825,3992

424825,4577

424825,4019

424825,4831

424825,5376

424826,6077

424826,6139

424826,6906

424826,6103

424826,5190

424826,4616

424826,4285

424826,4645

424827,4289

424827,3889

424827,2996

424833,2820

424833,2289

424833,3335

424833,3856

424833,3871

424834,4403

424834,4284

424834,4674

424834,3277

424834,3711

424834,2774

424834,3654

424834,2246

424835,1977

424835,1491

424835,1061

424841,1259

424841,771

424841,385

424841,205

424841,872

424842,49

424842,238

424842,123

424842,970

424842,1684

424842,2771

424842,2902

424842,2749

424843,2293

424843,2753

424843,3999

424849,4789

424849,6106

424849,5148

424849,5023

424849,4487

424850,3813

424850,3616

424850,3553

424850,4959

424850,5504

424850,6016

424850,6980

424850,7591

424851,8474

424851,8520

424851,8685

424857,8425

424857,9283

424857,9711

424857,9609

424857,10128

424858,10661

424858,10907

424858,10408

424858,11708

424858,13335

424858,13974

424858,15368

424858,15595

424859,17297

424859,17931

424859,17939

424865,18680

424865,19496

424865,20188

424865,19941

424865,19738

424866,20183

424866,19105

424866,19520

424866,18777

424866,18209

424866,19431

424866,19594

424866,19726

424867,20096

424867,20451

424867,20043

424873,20654

424873,20662

424873,19653

424873,19004

424873,18735

424874,19521

424874,19168

424874,19905

424874,19812

424874,19851

424874,19848

424874,19844

424874,21323

424875,20690

424875,21336

424875,21774

424881,22195

424881,23039

424881,22722

424881,23231

424881,22396

424882,23424

424882,24155

424882,23994

424882,24433

424882,23995

424882,23779

424882,25091

424882,24986

424883,24971

424883,24743

424883,25296

424889,26676

424889,27524

424889,28816

424889,28595

424889,28941

424890,30085

424890,30977

424890,31288

424890,32297

424890,33263

424890,33711

424890,34843

424890,35634

424891,36220

424891,36678

424891,37065

424897,37435

424897,38633

424897,39948

424897,39201

424897,40219

424898,40889

424898,42460

424898,41715

424898,42328

424898,42668

424898,43334

424898,43213

424898,43859

424899,43554

424899,43040

424899,42199

424905,42638

424905,42976

424905,43086

424905,43539

424905,42554

424906,42555

424906,40853

424906,41881

424906,41158

424906,39940

424906,38612

424906,37089

424906,35527

424907,34117

424907,32076

424907,30775

424913,30077

424913,28845

424913,27441

424913,25280

424913,23248

424914,21549

424914,20058

424914,18436

424914,15586

424914,13814

424914,11644

424914,10238

424914,7513

424915,5830

424915,3456

424915,2909

424921,1537

424921,-88

424921,-1559

424921,-2142

424921,-4253

424922,-4851

424922,-6012

424922,-8355

424922,-9292

424922,-11209

424922,-11623

424922,-12664

424922,-13798

424923,-14010

424923,-15817

424923,-16032

424929,-17047

424929,-17622

424929,-18453

424929,-18294

424929,-17937

424930,-18381

424930,-17824

424930,-17336

424930,-17340

424930,-17245

424930,-16939

424930,-17225

424930,-16478

424931,-16244

424931,-16588

424931,-17282

424937,-18543

424937,-18462

424937,-18551

424937,-17885

424937,-18318

424938,-19288

424938,-18770

424938,-18602

424938,-18019

424938,-19539

424938,-18688

424938,-18369

424938,-17202

424939,-17233

424939,-17281

424939,-16327

424945,-16616

424945,-16149

424945,-15017

424945,-14737

424945,-15296

424946,-13848

424946,-13046

424946,-12538

424946,-12972

424946,-12604

424946,-12851

424946,-13094

424946,-13008

424947,-13477

424947,-13780

424947,-15692

424953,-16569

424953,-16579

424953,-16219

424953,-17002

424953,-18008

424954,-17552

424954,-17610

424954,-18294

424954,-18510

424954,-19009

424954,-19364

424954,-19468

424954,-20443

424955,-22820

424955,-24484

424955,-26238

424961,-28072

424961,-29136

424961,-30977

424961,-32539

424961,-34234

424962,-35390

424962,-37279

424962,-39375

424962,-40949

424962,-43382

424962,-45332

424962,-48235

424962,-48809

424963,-52324

424963,-53644

424963,-55711

424969,-57724

424969,-58420

424969,-61328

424969,-64582

424969,-67941

424970,-70747

424970,-73037

424970,-75862

424970,-79529

424970,-81955

424970,-85095

424970,-87711

424970,-89549

424971,-91990

424971,-94421

424971,-96193

424977,-97010

424977,-99469

424977,-101911

424977,-104279

424977,-104488

424978,-106638

424978,-109424

424978,-111530

424978,-113590

424978,-114283

424978,-115292

424978,-115819

424978,-116927

424979,-118327

424979,-119481

424979,-121123

424985,-122370

424985,-125365

424985,-126770

424985,-127911

424985,-130855

424986,-132296

424986,-133443

424986,-135671

424986,-137199

424986,-138641

424986,-142432

424986,-144194

424986,-145022

424987,-147236

424987,-147446

424987,-148941

424993,-150618

424993,-152290

424993,-152991

424993,-154521

424993,-155761

424994,-157499

424994,-157842

424994,-159516

424994,-158460

424994,-159001

424994,-159239

424994,-159009

424994,-159178

424995,-158162

424995,-158880

424995,-158900

425001,-159691

425001,-159823

425001,-159101

425001,-158693

425001,-158551

425002,-158122

425002,-155932

425002,-155779

425002,-154749

425002,-154314

425002,-153466

425002,-152178

425002,-150623

425003,-149812

425003,-149033

425003,-147813

425009,-147931

425009,-147896

425009,-147574

425009,-147159

425009,-146349

425010,-146322

425010,-145774

425010,-144255

425010,-143426

425010,-141965

425010,-140949

425010,-140043

425010,-138422

425011,-138254

425011,-136726

425011,-136216

425017,-135149

425017,-135646

425017,-134396

425017,-133792

425017,-133404

425018,-131736

425018,-131463

425018,-129717

425018,-128759

425018,-127364

425018,-125515

425018,-125118

425018,-121894

425019,-120293

425019,-118557

425019,-116170

425025,-115243

425025,-112536

425025,-111837

425025,-110938

425025,-109530

425026,-108656

425026,-108063

425026,-107523

425026,-106039

425026,-105457

425026,-105896

425026,-105223

425026,-104473

425027,-104782

425027,-105441

425027,-106626

425033,-105716

425033,-105491

425033,-105093

425033,-106388

425033,-106550

425034,-107488

425034,-108430

425034,-111629

425034,-113033

425034,-114262

425034,-116167

425034,-117843

425034,-118646

425035,-119859

425035,-120958

425035,-121348

425041,-123250

425041,-124926

425041,-126545

425041,-128040

425041,-129242

425042,-130354

425042,-132345

425042,-132127

425042,-133772

425042,-134490

425042,-135172

425042,-135934

425042,-135753

425043,-136543

425043,-137076

425043,-137755

425049,-138328

425049,-138750

425049,-139004

425049,-138070

425049,-138158

425050,-137255

425050,-138127

425050,-139082

425050,-138133

425050,-136657

425050,-135674

425050,-134424

425050,-134339

425051,-132811

425051,-131522

425051,-129488

425057,-129537

425057,-128903

425057,-128228

425057,-127406

425057,-127699

425058,-126740

425058,-126474

425058,-124861

425058,-124836

425058,-124044

425058,-123109

425058,-122804

425058,-121089

425059,-120662

425059,-118884

425059,-117209

425065,-115162

425065,-113767

425065,-113848

425065,-112052

425065,-112273

425066,-110547

425066,-110102

425066,-109219

425066,-108723

425066,-107097

425066,-107001

425066,-107393

425066,-106555

425067,-105928

425067,-104686

425067,-103206

425073,-100843

425073,-100124

425073,-99187

425073,-98031

425073,-96668

425074,-95937

425074,-96061

425074,-94752

425074,-94590

425074,-95195

425074,-94943

425074,-95191

425074,-95205

425075,-94058

425075,-94587

425075,-96190

425081,-94532

425081,-94789

425081,-94458

425081,-95178

425081,-94128

425082,-93051

425082,-93049

425082,-92247

425082,-92695

425082,-91663

425082,-91022

425082,-89251

425082,-88194

425083,-87942

425083,-86960

425083,-85954

425089,-86325

425089,-85802

425089,-84565

425089,-82637

425089,-82762

425090,-81602

425090,-82088

425090,-81217

425090,-79220

425090,-78408

425090,-77567

425090,-75647

425090,-73866

425091,-73419

425091,-72750

425091,-71539

425097,-70755

425097,-68607

425097,-68301

425097,-67000

425097,-65285

425098,-63807

425098,-63735

425098,-63355

425098,-62780

425098,-62210

425098,-61529

425098,-59645

425098,-58254

425099,-57062

425099,-55150

425099,-54245

425105,-53172

425105,-51576

425105,-49993

425105,-49464

425105,-48269

425106,-48385

425106,-48948

425106,-48042

425106,-48316

425106,-47883

425106,-46673

425106,-47256

425106,-48457

425107,-48836

425107,-49167

425107,-49314

425113,-48813

425113,-49328

425113,-49850

425113,-50577

425113,-49612

425114,-49541

425114,-49368

425114,-51553

425114,-51711

425114,-52609

425114,-52823

425114,-53652

425114,-54419

425115,-54259

425115,-55639

425115,-56488

425121,-55540

425121,-56646

425121,-57076

425121,-58725

425121,-58611

425122,-57761

425122,-57200

425122,-57470

425122,-56079

425122,-56012

425122,-56781

425122,-57032

425122,-56969

425123,-56696

425123,-57554

425123,-56843

425129,-57606

425129,-56449

425129,-55140

425129,-55247

425129,-54408

425130,-53658

425130,-53509

425130,-53264

425130,-52787

425130,-51428

425130,-52422

425130,-50808

425130,-49445

425131,-48051

425131,-48349

425131,-47509

425137,-47180

425137,-46179

425137,-44827

425137,-44001

425137,-43003

425138,-43101

425138,-43401

425138,-43525

425138,-41799

425138,-40788

425138,-40378

425138,-40362

425138,-39427

425139,-39488

425139,-37901

425139,-37782

425145,-36636

425145,-34642

425145,-33107

425145,-32450

425145,-29915

425146,-30041

425146,-29428

425146,-28486

425146,-27461

425146,-27461

425146,-27120

425146,-27002

425146,-28441

425147,-28403

425147,-28322

425147,-28889

425153,-28543

425153,-28848

425153,-28794

425153,-28594

425153,-27971

425154,-27795

425154,-28377

425154,-28136

425154,-27809

425154,-28952

425154,-27685

425154,-28901

425154,-29411

425155,-30183

425155,-31896

425155,-31632

425161,-32013

425161,-32661

425161,-32659

425161,-32404

425161,-31677

425162,-31521

425162,-31027

425162,-30144

425162,-29234

425162,-28298

425162,-28104

425162,-27394

425162,-27691

425163,-26969

425163,-27608

425163,-27564

425169,-27110

425169,-28631

425169,-28126

425169,-28713

425169,-28435

425170,-27779

425170,-27659

425170,-26443

425170,-26332

425170,-25729

425170,-25205

425170,-26465

425170,-26114

425171,-25551

425171,-25877

425171,-25553

425177,-24819

425177,-26093

425177,-26081

425177,-26951

425177,-27772

425178,-28883

425178,-30629

425178,-31146

425178,-32598

425178,-33929

425178,-33526

425178,-34398

425178,-33758

425179,-33987

425179,-33106

425179,-33841

425185,-33768

425185,-32347

425185,-32295

425185,-31984

425185,-32675

425186,-32233

425186,-32426

425186,-31185

425186,-31209

425186,-30378

425186,-31465

425186,-32082

425186,-32003

425187,-32556

425187,-32132

425187,-33089

425193,-32238

425193,-31041

425193,-30759

425193,-30212

425193,-29425

425194,-29577

425194,-29487

425194,-29158

425194,-28781

425194,-27835

425194,-27560

425194,-27707

425194,-27576

425195,-28933

425195,-29800

425195,-30557

425201,-31133

425201,-30905

425201,-30709

425201,-30891

425201,-31475

425202,-30691

425202,-30887

425202,-31357

425202,-31086

425202,-30753

425202,-31126

425202,-30014

425202,-29891

425203,-29947

425203,-28820

425203,-29347

425209,-29375

425209,-29100

425209,-29813

425209,-29598

425209,-30150

425210,-30760

425210,-31576

425210,-30761

425210,-30195

425210,-30648

425210,-29604

425210,-29641

425210,-29582

425211,-28860

425211,-28685

425211,-28343

425217,-27400

425217,-27164

425217,-26940

425217,-26409

425217,-25959

425218,-25745

425218,-25894

425218,-24907

425218,-24956

425218,-24725

425218,-25982

425218,-26180

425218,-25588

425219,-25449

425219,-24586

425219,-23893

425225,-24552

425225,-23799

425225,-21559

425225,-20843

425225,-19260

425226,-19966

425226,-19256

425226,-18634

425226,-17745

425226,-17002

425226,-16087

425226,-15810

425226,-15273

425227,-15398

425227,-14057

425227,-14335

425233,-14951

425233,-14529

425233,-13038

425233,-12505

425233,-11979

425234,-11330

425234,-11061

425234,-10307

425234,-10053

425234,-9015

425234,-8301

425234,-7702

425234,-7057

425235,-6761

425235,-5529

425235,-5331

425241,-5743

425241,-6065

425241,-6196

425241,-5384

425241,-3491

425242,-2992

425242,-2079

425242,-375

425242,1274

425242,3366

425242,5677

425242,7857

425242,9430

425243,11418

425243,13593

425243,14573

425249,16090

425249,16647

425249,17050

425249,17364

425249,18258

425250,19843

425250,19422

425250,20848

425250,20722

425250,20773

425250,20840

425250,21110

425250,22826

425251,24586

425251,26255

425251,28703

425257,29969

425257,31622

425257,32897

425257,35075

425257,35469

425258,37400

425258,37703

425258,39293

425258,40487

425258,40694

425258,40867

425258,41821

425258,43122

425259,44232

425259,44172

425259,44825

425265,46068

425265,47618

425265,49126

425265,50710

425265,52045

425266,53305

425266,53261

425266,54837

425266,55599

425266,56589

425266,56678

425266,58513

425266,58822

425267,58496

425267,61570

425267,62082

425273,62606

425273,62961

425273,64401

425273,65594

425273,67332

425274,68112

425274,69557

425274,70793

425274,72423

425274,72669

425274,73660

425274,74051

425274,74428

425275,74589

425275,75840

425275,76524

425281,77609

425281,77864

425281,79167

425281,79760

425281,79314

425282,80288

425282,81692

425282,81574

425282,82571

425282,84984

425282,85050

425282,87698

425282,87719

425283,89176

425283,89863

425283,89960

425289,90760

425289,91947

425289,90950

425289,92945

425289,92608

425290,93393

425290,93995

425290,94678

425290,95291

425290,96890

425290,98075

425290,99169

425290,100181

425291,100044

425291,100899

425291,101967

425297,103291

425297,105418

425297,105062

425297,105358

425297,105722

425298,104334

425298,105603

425298,106215

425298,106831

425298,107284

425298,109076

425298,109722

425298,110877

425299,111675

425299,110822

425299,112862

425305,112258

425305,113323

425305,114281

425305,114664

425305,115076

425306,116676

425306,115511

425306,115839

425306,116019

425306,114281

425306,114628

425306,113860

425306,113948

425307,114813

425307,113115

425307,114178

425313,115300

425313,114330

425313,113215

425313,113399

425313,113579

425314,113082

425314,112959

425314,113496

425314,112829

425314,113350

425314,113687

425314,112401

425314,111337

425315,112287

425315,112704

425315,111589

425321,110392

425321,109552

425321,110137

425321,110079

425321,108443

425322,107780

425322,107372

425322,106597

425322,106505

425322,105652

425322,106436

425322,106785

425322,106799

425323,106189

425323,106676

425323,107170

425329,106751

425329,105708

425329,106275

425329,106379

425329,105344

425330,105151

425330,105375

425330,105066

425330,105200

425330,103677

425330,102885

425330,103031

425330,102595

425331,102192

425331,100502

425331,100929

425337,100586

425337,100188

425337,98704

425337,98294

425337,97220

425338,96689

425338,96013

425338,95227

425338,93946

425338,92351

425338,91716

425338,90102

425338,88373

425339,87824

425339,86274

425339,84212

425345,83542

425345,81091

425345,79758

425345,78332

425345,76496

425346,78284

425346,76584

425346,77249

425346,75411

425346,74884

425346,74595

425346,73640

425346,73193

425347,73024

425347,72989

425347,73104

425353,73269

425353,73722

425353,73726

425353,73842

425353,71583

425354,70688

425354,68764

425354,68870

425354,67519

425354,67778

425354,67239

425354,66698

425354,65188

425355,63557

425355,63201

425355,61868

425361,60840

425361,60513

425361,59174

425361,58573

425361,57980

425362,58134

425362,57273

425362,56418

425362,57154

425362,55956

425362,54352

425362,53468

425362,52337

425363,51602

425363,52256

425363,52774

425369,52007

425369,51413

425369,51311

425369,51349

425369,52454

425370,52164

425370,52504

425370,53583

425370,54303

425370,54333

425370,55827

425370,56592

425370,56804

425371,56418

425371,56698

425371,56994

425377,57193

425377,57970

425377,58040

425377,58646

425377,59110

425378,58553

425378,56854

425378,58166

425378,58035

425378,58965

425378,59029

425378,60039

425378,59918

425379,59885

425379,58547

425379,58633

425385,58754

425385,59543

425385,60029

425385,59725

425385,60757

425386,61259

425386,61307

425386,60508

425386,60428

425386,59881

425386,60785

425386,61364

425386,61125

425387,61298

425387,61895

425387,63743

425393,64068

425393,63774

425393,63822

425393,64122

425393,64060

425394,63692

425394,62616

425394,61593

425394,61883

425394,61046

425394,60668

425394,61624

425394,61469

425395,61125

425395,60462

425395,62094

425401,61506

425401,62387

425401,61839

425401,63322

425401,64102

425402,64216

425402,63770

425402,63634

425402,64381

425402,64690

425402,63724

425402,62905

425402,63475

425403,63304

425403,63894

425403,63504

425409,63803

425409,64609

425409,64899

425409,63844

425409,64187

425410,65208

425410,64703

425410,65632

425410,66819

425410,66371

425410,66707

425410,65852

425410,65159

425411,63242

425411,62697

425411,62186

425417,61734

425417,61104

425417,60500

425417,59008

425417,57386

425418,55281

425418,54255

425418,53423

425418,52582

425418,51628

425418,51421

425418,51291

425418,49721

425419,48797

425419,47355

425419,46984

425425,46842

425425,46772

425425,46776

425425,45047

425425,45215

425426,43852

425426,43707

425426,43195

425426,42576

425426,43264

425426,42917

425426,42674

425426,43345

425427,44021

425427,44327

425427,44463

425433,44746

425433,44575

425433,43038

425433,44198

425433,45314

425434,45013

425434,44425

425434,43973

425434,43848

425434,43704

425434,44350

425434,44920

425434,44634

425435,45076

425435,45123

425435,44538

425441,45278

425441,46261

425441,46697

425441,45040

425441,45858

425442,46529

425442,44878

425442,45026

425442,45358

425442,45364

425442,45857

425442,47742

425442,48055

425443,49228

425443,48440

425443,49736

425449,50686

425449,52499

425449,53559

425449,53420

425449,55909

425450,53998

425450,55657

425450,56692

425450,57971

425450,59309

425450,61000

425450,62588

425450,61959

425451,63250

425451,62527

425451,63663

425457,65078

425457,66018

425457,66649

425457,67136

425457,68651

425458,69753

425458,69638

425458,69821

425458,71673

425458,70389

425458,72558

425458,72814

425458,72846

425459,72357

425459,72631

425459,71386

425465,70514

425465,69978

425465,70126

425465,70477

425465,69480

425466,69100

425466,69130

425466,69350

425466,68594

425466,68289

425466,68348

425466,69272

425466,69343

425467,69377

425467,69497

425467,69211

425473,69250

425473,69782

425473,69400

425473,70768

425473,70184

425474,70193

425474,70795

425474,70240

425474,69830

425474,69385

425474,71346

425474,72056

425474,72104

425475,72503

425475,72786

425475,74110

425481,73831

425481,74231

425481,74961

425481,75242

425481,75124

425482,75688

425482,75472

425482,75695

425482,75039

425482,74273

425482,72471

425482,73622

425482,72154

425483,72280

425483,72410

425483,71994

425489,73476

425489,73220

425489,73508

425489,73111

425489,72350

425490,71951

425490,70946

425490,69604

425490,70163

425490,69977

425490,69430

425490,68855

425490,70097

425491,70401

425491,69847

425491,69315

425497,69337

425497,69581

425497,68458

425497,67715

425497,67435

425498,68138

425498,68242

425498,67847

425498,67047

425498,65218

425498,63788

425498,62694

425498,62764

425499,60721

425499,60089

425499,59937

425505,59140

425505,58405

425505,57279

425505,58905

425505,58021

425506,57342

425506,57456

425506,56077

425506,55945

425506,56721

425506,56277

425506,57067

425506,57816

425507,59674

425507,59440

425507,59307

425513,60282

425513,61646

425513,62909

425513,64375

425513,65564

425514,67160

425514,67735

425514,68801

425514,69419

425514,70359

425514,71889

425514,73239

425514,74842

425515,75377

425515,75557

425515,75885

425521,76350

425521,76341

425521,76748

425521,76587

425521,76297

425522,77438

425522,77322

425522,78467

425522,78798

425522,80917

425522,82269

425522,84535

425522,84627

425523,83984

425523,85514

425523,86342

425529,86903

425529,87519

425529,88018

425529,89325

425529,87797

425530,87691

425530,86635

425530,87097

425530,86935

425530,86223

425530,86392

425530,87493

425530,86732

425531,86547

425531,86002

425531,85325

425537,85351

425537,85102

425537,84368

425537,83213

425537,81577

425538,80668

425538,80994

425538,80955

425538,80896

425538,79475

425538,77214

425538,75324

425538,74304

425539,73480

425539,72478

425539,71755

425545,70979

425545,69360

425545,68817

425545,68574

425545,66289

425546,65220

425546,64876

425546,63245

425546,62096

425546,60103

425546,58695

425546,57984

425546,55509

425547,55616

425547,54507

425547,53513

425553,52111

425553,51794

425553,51148

425553,51461

425553,51007

425554,50492

425554,50863

425554,50967

425554,49252

425554,48410

425554,47026

425554,45988

425554,46006

425555,44695

425555,43758

425555,42749

425561,41506

425561,40889

425561,38864

425561,37116

425561,36824

425562,36819

425562,36485

425562,36285

425562,36267

425562,36196

425562,36276

425562,36210

425562,35602

425563,36508

425563,35047

425563,35008

425569,35191

425569,34996

425569,34474

425569,35007

425569,34880

425570,34719

425570,34011

425570,34204

425570,33994

425570,33472

425570,33253

425570,32827

425570,32702

425571,33011

425571,32588

425571,32010

425577,31881

425577,29251

425577,28258

425577,27008

425577,27567

425578,27975

425578,27015

425578,24034

425578,24317

425578,23126

425578,22109

425578,22272

425578,20839

425579,20597

425579,19660

425579,18145

425585,17704

425585,16858

425585,16372

425585,15562

425585,14543

425586,14672

425586,14101

425586,13278

425586,12375

425586,10876

425586,9803

425586,8733

425586,8196

425587,7569

425587,7071

425587,7993

425593,7945

425593,7428

425593,7487

425593,8588

425593,8678

425594,9384

425594,8985

425594,9907

425594,9914

425594,10400

425594,11985

425594,11375

425594,11709

425595,11398

425595,11178

425595,10938

425601,12046

425601,12152

425601,13299

425601,12890

425601,12276

425602,12381

425602,11397

425602,11849

425602,11723

425602,11886

425602,10922

425602,10453

425602,9664

425603,8573

425603,8506

425603,7672

425609,6834

425609,6878

425609,5763

425609,5462

425609,5310

425610,5561

425610,6172

425610,6876

425610,7997

425610,8146

425610,9066

425610,9186

425610,8731

425611,10118

425611,11075

425611,12526

425617,12872

425617,14142

425617,15841

425617,16818

425617,18217

425618,18731

425618,19859

425618,19221

425618,19425

425618,20234

425618,19050

425618,19475

425618,19658

425619,20529

425619,20452

425619,20772

425625,22313

425625,22645

425625,23367

425625,23397

425625,24043

425626,23168

425626,24067

425626,24522

425626,24379

425626,25421

425626,24982

425626,24786

425626,24340

425627,23394

425627,22371

425627,22601

425633,23242

425633,23450

425633,23942

425633,23901

425633,23364

425634,22127

425634,21647

425634,21355

425634,20977

425634,20205

425634,19656

425634,20393

425634,21442

425635,21380

425635,22079

425635,22211

425641,23113

425641,22200

425641,22884

425641,21505

425641,22600

425642,23801

425642,22854

425642,22865

425642,22985

425642,23484

425642,23148

425642,22974

425642,22430

425643,21872

425643,21439

425643,20894

425649,20447

425649,20307

425649,20441

425649,19518

425649,19931

425650,20028

425650,17564

425650,17606

425650,17546

425650,16533

425650,17294

425650,17286

425650,16412

425651,16945

425651,17704

425651,17269

425657,16646

425657,16433

425657,14529

425657,14781

425657,14663

425658,14688

425658,14138

425658,13703

425658,13205

425658,12773

425658,11797

425658,10902

425658,9380

425659,8698

425659,8936

425659,8815

425665,8809

425665,9618

425665,8761

425665,9926

425665,9653

425666,8668

425666,8932

425666,8848

425666,8609

425666,8760

425666,9319

425666,10998

425666,11646

425667,11841

425667,11392

425667,12724

425673,12611

425673,13474

425673,14525

425673,16074

425673,16102

425674,17066

425674,17635

425674,17279

425674,18317

425674,18781

425674,18496

425674,16949

425674,16912

425675,16236

425675,15519

425675,16192

425681,17197

425681,16332

425681,15779

425681,14331

425681,13938

425682,13432

425682,12870

425682,13512

425682,13256

425682,12742

425682,13639

425682,13366

425682,12886

425683,13764

425683,12531

425683,13799

425689,13692

425689,12479

425689,11187

425689,11496

425689,12548

425690,14159

425690,15246

425690,15024

425690,15183

425690,13218

425690,14021

425690,14618

425690,14221

425691,14185

425691,15188

425691,14808

425697,16177

425697,14020

425697,14992

425697,13874

425697,15116

425698,15068

425698,13022

425698,13992

425698,14256

425698,13561

425698,13788

425698,12958

425698,12871

425699,11955

425699,10608

425699,10930

425705,10098

425705,9992

425705,8589

425705,8625

425705,6952

425706,6913

425706,6368

425706,5451

425706,4682

425706,2893

425706,2516

425706,2947

425706,2865

425707,4355

425707,4621

425707,4995

425713,5921

425713,5104

425713,4366

425713,5840

425713,4740

425714,6299

425714,5300

425714,6176

425714,5508

425714,6017

425714,7764

425714,6834

425714,6457

425715,7980

425715,7689

425715,7629

425721,8977

425721,9135

425721,10226

425721,10246

425721,11861

425722,12473

425722,13845

425722,13120

425722,13301

425722,11081

425722,11230

425722,12214

425722,13003

425723,13737

425723,13844

425723,11759

425729,11327

425729,12630

425729,12474

425729,11144

425729,10543

425730,9908

425730,11882

425730,11231

425730,13342

425730,13284

425730,11849

425730,10522

425730,11018

425731,10970

425731,12244

425731,11776

425737,11182

425737,11526

425737,11423

425737,12366

425737,13507

425738,13475

425738,13359

425738,12692

425738,13747

425738,13974

425738,14782

425738,14591

425738,14516

425739,16331

425739,16580

425739,18448

425745,18349

425745,18839

425745,18123

425745,17435

425745,16666

425746,16908

425746,16936

425746,16449

425746,17925

425746,16908

425746,16464

425746,16399

425746,17535

425747,15627

425747,15294

425747,15273

425753,14974

425753,15460

425753,13941

425753,14506

425753,13201

425754,13145

425754,12348

425754,12639

425754,9734

425754,10030

425754,9836

425754,9792

425754,9955

425755,10455

425755,10437

425755,8350

425761,9172

425761,9095

425761,10429

425761,10082

425761,10725

425762,7803

425762,6661

425762,7517

425762,6938

425762,7990

425762,6900

425762,6455

425762,5303

425763,5068

425763,6134

425763,6779

425769,6751

425769,7326

425769,5130

425769,6795

425769,6597

425770,5978

425770,6338

425770,5327

425770,6107

425770,5364

425770,3961

425770,5018

425770,3841

425771,3627

425771,1586

425771,2447

425777,3056

425777,2887

425777,17

425777,-31

425777,1282

425778,1380

425778,747

425778,2643

425778,1907

425778,2383

425778,2118

425778,396

425778,26

425779,-3

425779,-1155

425779,-1891

425785,-3489

425785,-4560

425785,-3727

425785,-4695

425785,-5517

425786,-5951

425786,-7299

425786,-7462

425786,-6248

425786,-7850

425786,-6473

425786,-5274

425786,-6973

425787,-6516

425787,-6870

425787,-8003

425793,-8387

425793,-8363

425793,-8172

425793,-8281

425793,-7926

425794,-7815

425794,-7031

425794,-6578

425794,-6546

425794,-6179

425794,-6697

425794,-7067

425794,-7236

425795,-7861

425795,-7732

425795,-8398

425801,-7382

425801,-7170

425801,-7043

425801,-7801

425801,-8361

425802,-8571

425802,-10409

425802,-11102

425802,-11498

425802,-12119

425802,-12939

425802,-13990

425802,-15698

425803,-16502

425803,-17901

425803,-19461

425809,-20282

425809,-20211

425809,-21945

425809,-23202

425809,-24882

425810,-25675

425810,-26556

425810,-27533

425810,-28162

425810,-28583

425810,-30618

425810,-31539

425810,-33075

425811,-33487

425811,-34009

425811,-33340

425817,-33489

425817,-34498

425817,-33501

425817,-34495

425817,-34714

425818,-34799

425818,-33945

425818,-34676

425818,-33971

425818,-34490

425818,-35141

425818,-35657

425818,-36206

425819,-37183

425819,-37243

425819,-37711

425825,-36772

425825,-36448

425825,-36370

425825,-36372

425825,-35669

425826,-36298

425826,-35049

425826,-33367

425826,-32672

425826,-32776

425826,-32305

425826,-32048

425826,-30919

425827,-30637

425827,-29548

425827,-28891

425833,-29527

425833,-29051

425833,-29352

425833,-29201

425833,-29216

425834,-28833

425834,-28608

425834,-27749

425834,-26673

425834,-26116

425834,-25354

425834,-24748

425834,-24347

425835,-23885

425835,-23702

425835,-22843

425841,-23142

425841,-21783

425841,-21192

425841,-20630

425841,-18058

425842,-16359

425842,-15107

425842,-14693

425842,-14680

425842,-12367

425842,-10998

425842,-9330

425842,-8754

425843,-7306

425843,-7337

425843,-7474

425849,-7651

425849,-8065

425849,-8361

425849,-8243

425849,-9982

425850,-10660

425850,-11789

425850,-12518

425850,-13546

425850,-13238

425850,-13709

425850,-13262

425850,-14341

425851,-13448

425851,-13691

425851,-13037

425857,-13056

425857,-13275

425857,-13160

425857,-14091

425857,-14030

425858,-13698

425858,-14290

425858,-13925

425858,-14112

425858,-14693

425858,-14253

425858,-14061

425858,-14674

425859,-14110

425859,-13295

425859,-12160

425865,-10890

425865,-9184

425865,-8508

425865,-7357

425865,-5804

425866,-5813

425866,-6399

425866,-5229

425866,-5498

425866,-3644

425866,-2933

425866,-2019

425866,677

425867,719

425867,1807

425867,3309

425873,4267

425873,6402

425873,7637

425873,10220

425873,11088

425874,12143

425874,13470

425874,13305

425874,14162

425874,15705

425874,16085

425874,15237

425874,15539

425875,15589

425875,16906

425875,15940

425881,16552

425881,15923

425881,17242

425881,16532

425881,15971

425882,16407

425882,16460

425882,18548

425882,19497

425882,20286

425882,19681

425882,20605

425882,19896

425883,18707

425883,19081

425883,19819

425889,19513

425889,20343

425889,20298

425889,19998

425889,19874

425890,20488

425890,21517

425890,20575

425890,21450

425890,21278

425890,20614

425890,21555

425890,21240

425891,22114

425891,21898

425891,20502

425897,19519

425897,19021

425897,17898

425897,17207

425897,15799

425898,16231

425898,16191

425898,14839

425898,15358

425898,14446

425898,15184

425898,13188

425898,13417

425899,14677

425899,12932

425899,14500

425905,13280

425905,13343

425905,12328

425905,12851

425905,10790

425906,10862

425906,8731

425906,8594

425906,8588

425906,6087

425906,5697

425906,5866

425906,4807

425907,4956

425907,4587

425907,4103

425913,3814

425913,4666

425913,5388

425913,4338

425913,5485

425914,6039

425914,3099

425914,6737

425914,7574

425914,5355

425914,6192

425914,6286

425914,4447

425915,5545

425915,5332

425915,8011

425921,4117

425921,4697

425921,5739

425921,4496

425921,4839

425922,4688

425922,2792

425922,2016

425922,4172

425922,1887

425922,960

425922,2494

425922,1929

425923,812

425923,-268

425923,1197

425929,3026

425929,912

425929,-1

425929,-68

425929,-414

425930,-2306

425930,-1272

425930,-2801

425930,-1675

425930,-4561

425930,-4819

425930,-3839

425930,-2767

425931,-3843

425931,-2817

425931,-2063

425937,-1384

425937,-3135

425937,-1129

425937,-532

425937,-1707

425938,-973

425938,-507

425938,1773

425938,3892

425938,3730

425938,3953

425938,4625

425938,6917

425939,8260

425939,10084

425939,10161

RAW_SUMMARY id=8 requested=6000 captured=6000 unused_capacity=0 max_pcm_abs=266599 raw_mean=9981.1 raw_abs_mean=55139.0 raw_min=-266599 raw_max=178501 baseline=-13.0

OK RAW

