# run: clap_r2_msb_2
# firmware: role=analyzer git=1c743a2 version=0.4.0
# imported-from: clap_2.log (mtime 2026-10-09T12:09:05)
RAW_INFO mode=i2s output=csv

RAW_INFO row_size=12

RAW_BEGIN id=2 sr=2000 trigger_ms=352530 command_ms=352516 emit_seen=1 emit_start_ms=352530 emit_done_ms=352626 f=3200 dur=100 pre_ms=0 post_ms=3000 decim=8 pre_samples=0 post_samples=6000 mode=i2s output=csv fields=ms,pcm

ms,pcm

352532,-11775

352532,-12995

352532,-12801

352532,-12242

352532,-8791

352532,-27570

352532,16297

352532,-37077

352533,4175

352533,-16125

352533,-18772

352533,7632

352533,-32594

352533,2908

352533,-15109

352533,-18744

352537,8051

352537,-30431

352537,8371

352537,-18354

352537,-13574

352538,4757

352538,-27836

352538,7701

352538,-14297

352538,-14643

352538,9869

352538,-28161

352538,9287

352539,-11496

352539,-10261

352539,9367

352545,-21487

352545,10532

352545,-8128

352545,-8006

352545,13128

352546,-23087

352546,12954

352546,-10250

352546,-10572

352546,10264

352546,-23907

352546,9084

352546,-9664

352547,-11247

352547,12184

352547,-22072

352553,10489

352553,-6352

352553,-12125

352553,14762

352553,-24342

352554,12235

352554,-8393

352554,-13507

352554,13441

352554,-27147

352554,9640

352554,-10498

352554,-14112

352555,11270

352555,-26022

352555,8685

352561,-10036

352561,-13179

352561,12918

352561,-23850

352561,11635

352562,-5238

352562,-10680

352562,16108

352562,-21015

352562,14158

352562,-3558

352562,-6900

352562,17607

352563,-17065

352563,15305

352563,-1773

352569,-5811

352569,19657

352569,-15955

352569,17239

352569,665

352570,-4776

352570,19961

352570,-13862

352570,15592

352570,1357

352570,-6680

352570,20969

352570,-15817

352571,14845

352571,932

352571,-5598

352577,20632

352577,-14096

352577,14821

352577,3122

352577,-5911

352578,23026

352578,-12139

352578,16747

352578,5281

352578,-3450

352578,24617

352578,-12744

352578,18243

352579,4515

352579,-3365

352579,24529

352585,-10670

352585,20058

352585,5903

352585,-3091

352585,26181

352586,-11668

352586,21306

352586,5940

352586,-3252

352586,27423

352586,-11992

352586,21897

352586,7392

352587,-2947

352587,28438

352587,-11776

352593,22202

352593,7423

352593,-2312

352593,27807

352593,-11965

352594,21503

352594,5797

352594,-3181

352594,25185

352594,-15106

352594,18125

352594,2187

352594,-6754

352595,22732

352595,-16638

352595,16127

352601,1558

352601,-8482

352601,22571

352601,-17433

352601,16631

352602,2140

352602,-6382

352602,23022

352602,-16317

352602,17103

352602,2435

352602,-7475

352602,22431

352603,-17381

352603,15963

352603,858

352609,-8542

352609,22578

352609,-16552

352609,17584

352609,611

352610,-8219

352610,22921

352610,-16366

352610,18059

352610,2777

352610,-5703

352610,24300

352610,-16810

352611,18602

352611,3456

352611,-5863

352617,24573

352617,-15544

352617,17432

352617,2253

352617,-6442

352618,23168

352618,-17000

352618,18309

352618,3370

352618,-4623

352618,26078

352618,-11779

352618,23377

352619,7791

352619,-1115

352619,30589

352627,-9927

352627,24629

352627,7444

352627,-535

352627,29317

352627,-10243

352628,23245

352628,8067

352628,-1434

352628,28507

352628,527

352628,10036

352628,5232

352628,9717

352629,13063

352629,8875

352633,9449

352633,12310

352633,7845

352633,16020

352633,11511

352634,9729

352634,14148

352634,7538

352634,14255

352634,8379

352634,7549

352634,11794

352634,3820

352635,10717

352635,7267

352635,6807

352641,14090

352641,4986

352641,15061

352641,8024

352641,8993

352642,13577

352642,5442

352642,16109

352642,10716

352642,10618

352642,14880

352642,6206

352642,14416

352643,7887

352643,9710

352643,13790

352649,6183

352649,14077

352649,9937

352649,10702

352649,14567

352650,8970

352650,15937

352650,12335

352650,11701

352650,15801

352650,10663

352650,14522

352650,11034

352651,10615

352651,11712

352651,6807

352657,9679

352657,5808

352657,5863

352657,7446

352657,2502

352658,8056

352658,2448

352658,3879

352658,5102

352658,1814

352658,6324

352658,4694

352658,5411

352659,9168

352659,3054

352659,8424

352665,4312

352665,4647

352665,8033

352665,-261

352665,8302

352666,986

352666,2096

352666,3317

352666,-3073

352666,4452

352666,-1562

352666,-387

352666,2028

352667,-2938

352667,1856

352667,-3652

352673,-103

352673,706

352673,-2389

352673,3149

352673,-2357

352674,859

352674,-95

352674,-4603

352674,967

352674,-5402

352674,-1898

352674,-4937

352674,-7136

352675,-3508

352675,-9542

352675,-5593

352681,-6419

352681,-9290

352681,-3708

352681,-8774

352681,-4890

352682,-6208

352682,-7710

352682,-4283

352682,-7664

352682,-4430

352682,-5611

352682,-7458

352682,-7246

352683,-8033

352683,-7939

352683,-8329

352689,-8399

352689,-7787

352689,-8475

352689,-8584

352689,-7537

352690,-8404

352690,-6644

352690,-6973

352690,-5826

352690,-3219

352690,-5074

352690,-2080

352690,-3752

352691,-3776

352691,-3440

352691,-5269

352697,-3436

352697,-5165

352697,-6107

352697,-6375

352697,-8359

352698,-5288

352698,-7797

352698,-6494

352698,-6352

352698,-7387

352698,-5559

352698,-7445

352698,-5524

352699,-4777

352699,-6494

352699,-4040

352705,-7389

352705,-5970

352705,-6096

352705,-7662

352705,-6728

352706,-8823

352706,-7923

352706,-7193

352706,-10696

352706,-9426

352706,-11379

352706,-12048

352706,-10438

352707,-13286

352707,-10373

352707,-13842

352713,-12900

352713,-13997

352713,-15767

352713,-16191

352713,-18230

352714,-18821

352714,-18622

352714,-22318

352714,-22236

352714,-25005

352714,-26545

352714,-26522

352714,-29393

352715,-27259

352715,-31224

352715,-31085

352721,-31346

352721,-33886

352721,-31761

352721,-33917

352721,-32575

352722,-32662

352722,-33508

352722,-31991

352722,-34168

352722,-33671

352722,-33020

352722,-35114

352722,-33549

352723,-36855

352723,-35545

352723,-36205

352729,-40377

352729,-39200

352729,-41417

352729,-42521

352729,-41249

352730,-46443

352730,-44198

352730,-50259

352730,-50846

352730,-52182

352730,-57120

352730,-55421

352730,-59453

352731,-61276

352731,-61658

352731,-66753

352737,-65272

352737,-70727

352737,-73662

352737,-75105

352737,-80391

352738,-80947

352738,-85609

352738,-87413

352738,-89233

352738,-92488

352738,-92527

352738,-96449

352738,-96852

352739,-97737

352739,-100913

352739,-99970

352745,-102600

352745,-103535

352745,-105214

352745,-108383

352745,-109489

352746,-112813

352746,-114620

352746,-115997

352746,-119341

352746,-119319

352746,-123541

352746,-124656

352746,-125650

352747,-127506

352747,-127499

352747,-130679

352753,-130159

352753,-131133

352753,-132374

352753,-132856

352753,-134957

352754,-136178

352754,-137655

352754,-139794

352754,-140888

352754,-144833

352754,-146191

352754,-148433

352754,-151980

352755,-152850

352755,-154595

352755,-156287

352761,-156761

352761,-158514

352761,-158584

352761,-160278

352761,-159990

352762,-160246

352762,-161731

352762,-161504

352762,-162851

352762,-162325

352762,-165385

352762,-165667

352762,-167575

352763,-169770

352763,-170306

352763,-171931

352769,-173331

352769,-173151

352769,-175662

352769,-175803

352769,-176869

352770,-178574

352770,-177980

352770,-179144

352770,-179590

352770,-181609

352770,-181159

352770,-180100

352770,-183049

352771,-182429

352771,-182677

352771,-184102

352777,-183367

352777,-184193

352777,-184701

352777,-186025

352777,-187426

352778,-186574

352778,-188169

352778,-186351

352778,-187147

352778,-188681

352778,-187635

352778,-188442

352778,-186704

352779,-187813

352779,-187128

352779,-185869

352785,-186975

352785,-185668

352785,-186626

352785,-186145

352785,-186439

352786,-188232

352786,-189062

352786,-190270

352786,-190257

352786,-190113

352786,-191497

352786,-190105

352786,-191323

352787,-191422

352787,-191474

352787,-192893

352793,-192333

352793,-192951

352793,-192918

352793,-192857

352793,-193151

352794,-192909

352794,-193978

352794,-193990

352794,-193982

352794,-195536

352794,-194476

352794,-194729

352794,-195326

352795,-195718

352795,-196378

352795,-196368

352801,-195687

352801,-195282

352801,-194127

352801,-193354

352801,-192625

352802,-193259

352802,-192194

352802,-189847

352802,-189032

352802,-188610

352802,-188179

352802,-187977

352802,-187317

352803,-186510

352803,-185997

352803,-186220

352809,-186096

352809,-185740

352809,-185880

352809,-185111

352809,-185392

352810,-184717

352810,-183503

352810,-183400

352810,-181433

352810,-181247

352810,-180709

352810,-179701

352810,-178158

352811,-177453

352811,-176080

352811,-175818

352817,-173912

352817,-173789

352817,-173306

352817,-171336

352817,-173178

352818,-171575

352818,-170974

352818,-169649

352818,-168009

352818,-167701

352818,-166630

352818,-166863

352818,-165179

352819,-163916

352819,-162378

352819,-160909

352825,-158920

352825,-158278

352825,-155813

352825,-154554

352825,-153364

352826,-151616

352826,-149521

352826,-148253

352826,-147563

352826,-146735

352826,-145119

352826,-143205

352826,-141256

352827,-138987

352827,-136862

352827,-135703

352833,-133796

352833,-132146

352833,-131924

352833,-130727

352833,-128284

352834,-127384

352834,-124424

352834,-123063

352834,-121000

352834,-120159

352834,-117911

352834,-116868

352834,-114884

352835,-115048

352835,-112850

352835,-112297

352841,-111146

352841,-110897

352841,-109457

352841,-107887

352841,-107185

352842,-105810

352842,-104126

352842,-102219

352842,-99191

352842,-98275

352842,-95550

352842,-93541

352842,-90752

352843,-88115

352843,-86955

352843,-84390

352849,-83098

352849,-81633

352849,-79437

352849,-78207

352849,-78031

352850,-75984

352850,-74658

352850,-72943

352850,-71685

352850,-69770

352850,-67609

352850,-65805

352850,-64234

352851,-63423

352851,-62000

352851,-60394

352857,-59824

352857,-58468

352857,-57195

352857,-55542

352857,-54684

352858,-53013

352858,-53128

352858,-53070

352858,-52410

352858,-51903

352858,-51028

352858,-49937

352858,-48797

352859,-47967

352859,-46107

352859,-44420

352865,-42670

352865,-42132

352865,-39629

352865,-37488

352865,-35622

352866,-35608

352866,-33733

352866,-33444

352866,-32650

352866,-30981

352866,-29288

352866,-27480

352866,-26081

352867,-24829

352867,-23664

352867,-23678

352873,-21005

352873,-18998

352873,-17313

352873,-16358

352873,-15201

352874,-14109

352874,-11821

352874,-11592

352874,-9201

352874,-8650

352874,-8331

352874,-9137

352874,-8927

352875,-9393

352875,-9154

352875,-9972

352881,-8945

352881,-8989

352881,-8033

352881,-7345

352881,-6680

352882,-4942

352882,-4095

352882,-1411

352882,-27

352882,2112

352882,3197

352882,5423

352882,6814

352883,8516

352883,10712

352883,13239

352889,14801

352889,16394

352889,18295

352889,19587

352889,21584

352890,23292

352890,24891

352890,26891

352890,29302

352890,31181

352890,32916

352890,33822

352890,35969

352891,39941

352891,43551

352891,46476

352897,49024

352897,50955

352897,54308

352897,56755

352897,57992

352898,60983

352898,63399

352898,66092

352898,69002

352898,71026

352898,74169

352898,76749

352898,79650

352899,82962

352899,86167

352899,89489

352905,92407

352905,94451

352905,98887

352905,102004

352905,103878

352906,106702

352906,108811

352906,111899

352906,114185

352906,116220

352906,118579

352906,120930

352906,123059

352907,124510

352907,127991

352907,129894

352913,132034

352913,135339

352913,138487

352913,141005

352913,144653

352914,146092

352914,147711

352914,150992

352914,152269

352914,154530

352914,155984

352914,157671

352914,158846

352915,161712

352915,164592

352915,165981

352921,166944

352921,168099

352921,169824

352921,171463

352921,172767

352922,174489

352922,176243

352922,178580

352922,179471

352922,179930

352922,181222

352922,181593

352922,182845

352923,182888

352923,184641

352923,185943

352929,186157

352929,187311

352929,187026

352929,187579

352929,187819

352930,188831

352930,189634

352930,189728

352930,191084

352930,191796

352930,192629

352930,193490

352930,194135

352931,195185

352931,194860

352931,196051

352937,196758

352937,196379

352937,195302

352937,195038

352937,194111

352938,194073

352938,194029

352938,192149

352938,191993

352938,191452

352938,191124

352938,190458

352938,189647

352939,188472

352939,188098

352939,187807

352945,188588

352945,189079

352945,189457

352945,189813

352945,190822

352946,189900

352946,190434

352946,189706

352946,189751

352946,189766

352946,190319

352946,190943

352946,190235

352947,191463

352947,190668

352947,190968

352953,191304

352953,191896

352953,190784

352953,191320

352953,191708

352954,192193

352954,192686

352954,192773

352954,192500

352954,191898

352954,192327

352954,191869

352954,191923

352955,190216

352955,190213

352955,191057

352961,191151

352961,190466

352961,191141

352961,191345

352961,190516

352962,191692

352962,191506

352962,191681

352962,191991

352962,191787

352962,192347

352962,192185

352962,192446

352963,192496

352963,192587

352963,192055

352969,193338

352969,194515

352969,196555

352969,197154

352969,197975

352970,199159

352970,199585

352970,200610

352970,201868

352970,202680

352970,202431

352970,203227

352970,203335

352971,203520

352971,203644

352971,204778

352977,204172

352977,203343

352977,204441

352977,203833

352977,203556

352978,203235

352978,203001

352978,201901

352978,201430

352978,200387

352978,200322

352978,199360

352978,197898

352979,196309

352979,195875

352979,194173

352985,193691

352985,193425

352985,191572

352985,190732

352985,189067

352986,187542

352986,186639

352986,186790

352986,186383

352986,186228

352986,185025

352986,183695

352986,184169

352987,183295

352987,183973

352987,183430

352993,182003

352993,180407

352993,180781

352993,178776

352993,176682

352994,175211

352994,174869

352994,174112

352994,172402

352994,172826

352994,170216

352994,169384

352994,168025

352995,166932

352995,165541

352995,164305

353001,161777

353001,161748

353001,160857

353001,159316

353001,158194

353002,157605

353002,156499

353002,156336

353002,155736

353002,155085

353002,154922

353002,153742

353002,152918

353003,151870

353003,149081

353003,147609

353009,146608

353009,145910

353009,145901

353009,144665

353009,144003

353010,143910

353010,142950

353010,142604

353010,141023

353010,139535

353010,137848

353010,138430

353010,137132

353011,136119

353011,135268

353011,132728

353017,133249

353017,131907

353017,130383

353017,129569

353017,128940

353018,127093

353018,125777

353018,123881

353018,123613

353018,122281

353018,121832

353018,120998

353018,121318

353019,120558

353019,119604

353019,119656

353025,118254

353025,117803

353025,117701

353025,117772

353025,116238

353026,116715

353026,116080

353026,115352

353026,115219

353026,115180

353026,116457

353026,117523

353026,116794

353027,117576

353027,118118

353027,118777

353033,119935

353033,120754

353033,120344

353033,119934

353033,120112

353034,118904

353034,118199

353034,119978

353034,119502

353034,118593

353034,118048

353034,118145

353034,117275

353035,117307

353035,116998

353035,116592

353041,115034

353041,115650

353041,114556

353041,114753

353041,114727

353042,113514

353042,114150

353042,112721

353042,112918

353042,113035

353042,112670

353042,112863

353042,113999

353043,113137

353043,114341

353043,114167

353049,113200

353049,112774

353049,111944

353049,111663

353049,112162

353050,112801

353050,112885

353050,112497

353050,111518

353050,110648

353050,111396

353050,109999

353050,109596

353051,108940

353051,107683

353051,107522

353057,107000

353057,106489

353057,105967

353057,104522

353057,102855

353058,101261

353058,101921

353058,99479

353058,98638

353058,98188

353058,96961

353058,96243

353058,95440

353059,94678

353059,91535

353059,89326

353065,88340

353065,87057

353065,86041

353065,84575

353065,83548

353066,82391

353066,81117

353066,79931

353066,78331

353066,78079

353066,75775

353066,75303

353066,74244

353067,72790

353067,73000

353067,71487

353073,71419

353073,71570

353073,69542

353073,69701

353073,68826

353074,67010

353074,67824

353074,67230

353074,67284

353074,65862

353074,66271

353074,65884

353074,65724

353075,65121

353075,65382

353075,66802

353081,65357

353081,66047

353081,65192

353081,66948

353081,67098

353082,67456

353082,67056

353082,65555

353082,66029

353082,65162

353082,65439

353082,65050

353082,65791

353083,65493

353083,66679

353083,66519

353089,66557

353089,68029

353089,66980

353089,67821

353089,67434

353090,67847

353090,66901

353090,67642

353090,67046

353090,68160

353090,68086

353090,67874

353090,68326

353091,68787

353091,68219

353091,69322

353097,67218

353097,68204

353097,67329

353097,67835

353097,66699

353098,67166

353098,66078

353098,65011

353098,65417

353098,65114

353098,65306

353098,65538

353098,65862

353099,65437

353099,64890

353099,63810

353105,64511

353105,63160

353105,63563

353105,62766

353105,62176

353106,61981

353106,62745

353106,63098

353106,62874

353106,61948

353106,61756

353106,62519

353106,63230

353107,64296

353107,63930

353107,63913

353113,65430

353113,65533

353113,65765

353113,66684

353113,66482

353114,66937

353114,68166

353114,68305

353114,69103

353114,69279

353114,69425

353114,70691

353114,71477

353115,70540

353115,69965

353115,69959

353121,69237

353121,67663

353121,67880

353121,66942

353121,66580

353122,67596

353122,68670

353122,68475

353122,67508

353122,68406

353122,67966

353122,67658

353122,67620

353123,66927

353123,67455

353123,66277

353129,66780

353129,66734

353129,65845

353129,65578

353129,65867

353130,66334

353130,66546

353130,67281

353130,67338

353130,67402

353130,68400

353130,68477

353130,68319

353131,68553

353131,67560

353131,66591

353137,66455

353137,64330

353137,64782

353137,63540

353137,63347

353138,62280

353138,61341

353138,60728

353138,60334

353138,58526

353138,57020

353138,56738

353138,54612

353139,54582

353139,53570

353139,53943

353145,53879

353145,53216

353145,52445

353145,51629

353145,51042

353146,47983

353146,47946

353146,47344

353146,46980

353146,46918

353146,45374

353146,44889

353146,45147

353147,44929

353147,45978

353147,46283

353153,46182

353153,45966

353153,46729

353153,47327

353153,46345

353154,46247

353154,45476

353154,44592

353154,44726

353154,43318

353154,43973

353154,44307

353154,44061

353155,43267

353155,43761

353155,44005

353161,44123

353161,45461

353161,45320

353161,46539

353161,45278

353162,45862

353162,45043

353162,45146

353162,45117

353162,44596

353162,43790

353162,42453

353162,42459

353163,41865

353163,41347

353163,41109

353169,41082

353169,40201

353169,41006

353169,40492

353169,40322

353170,40941

353170,40801

353170,40384

353170,39877

353170,40545

353170,41048

353170,40119

353170,39813

353171,38606

353171,38546

353171,37983

353177,36999

353177,36070

353177,35176

353177,33397

353177,33687

353178,31934

353178,29826

353178,28354

353178,26667

353178,24092

353178,22767

353178,21314

353178,20127

353179,18280

353179,17827

353179,15884

353185,15259

353185,13914

353185,12508

353185,10603

353185,9226

353186,7711

353186,6425

353186,4701

353186,2714

353186,1215

353186,1183

353186,91

353186,-1135

353187,-2407

353187,-2862

353187,-3745

353193,-3852

353193,-4183

353193,-5929

353193,-6280

353193,-6476

353194,-6679

353194,-7287

353194,-9106

353194,-9378

353194,-12218

353194,-12975

353194,-13767

353194,-16857

353195,-18365

353195,-20030

353195,-21060

353201,-23394

353201,-23205

353201,-24385

353201,-26407

353201,-26712

353202,-27001

353202,-28173

353202,-28640

353202,-29882

353202,-30131

353202,-30985

353202,-32375

353202,-33993

353203,-35519

353203,-37634

353203,-39364

353209,-41255

353209,-43412

353209,-43419

353209,-45041

353209,-44211

353210,-43965

353210,-44169

353210,-44160

353210,-44004

353210,-43049

353210,-43068

353210,-43398

353210,-43395

353211,-44582

353211,-44950

353211,-45178

353217,-45935

353217,-47226

353217,-49740

353217,-50471

353217,-52858

353218,-53751

353218,-55149

353218,-56543

353218,-58536

353218,-59861

353218,-60322

353218,-60837

353218,-61266

353219,-62955

353219,-65017

353219,-65169

353225,-65757

353225,-66928

353225,-68049

353225,-68491

353225,-71205

353226,-72961

353226,-74934

353226,-76974

353226,-78266

353226,-79021

353226,-80040

353226,-81138

353226,-80852

353227,-81055

353227,-80615

353227,-81065

353233,-79607

353233,-79087

353233,-77119

353233,-77110

353233,-77576

353234,-76812

353234,-77284

353234,-77459

353234,-77060

353234,-76686

353234,-77733

353234,-77194

353234,-78992

353235,-79289

353235,-79742

353235,-79195

353241,-80235

353241,-82458

353241,-81939

353241,-82259

353241,-82536

353242,-82289

353242,-83091

353242,-83247

353242,-83663

353242,-84385

353242,-84918

353242,-85673

353242,-85221

353243,-88042

353243,-90041

353243,-93126

353249,-95879

353249,-98791

353249,-102330

353249,-104384

353249,-105937

353250,-108586

353250,-110596

353250,-113448

353250,-114877

353250,-115449

353250,-117113

353250,-118460

353250,-119687

353251,-121805

353251,-123660

353251,-124770

353257,-127356

353257,-129359

353257,-130080

353257,-132448

353257,-134004

353258,-136018

353258,-137131

353258,-138895

353258,-140514

353258,-141962

353258,-143233

353258,-143968

353258,-145906

353259,-146579

353259,-148351

353259,-149379

353265,-150071

353265,-151717

353265,-153307

353265,-155162

353265,-157452

353266,-158900

353266,-161244

353266,-163184

353266,-164467

353266,-165614

353266,-168181

353266,-169345

353266,-170532

353267,-170777

353267,-171216

353267,-171625

353273,-171638

353273,-171082

353273,-171599

353273,-171081

353273,-170999

353274,-171922

353274,-172223

353274,-171828

353274,-171308

353274,-171966

353274,-171564

353274,-172709

353274,-172393

353275,-171981

353275,-171338

353275,-171590

353281,-170828

353281,-170411

353281,-168829

353281,-168309

353281,-168276

353282,-167839

353282,-167450

353282,-166856

353282,-166392

353282,-167188

353282,-167447

353282,-167664

353282,-167158

353283,-167285

353283,-167807

353283,-167575

353289,-167575

353289,-167992

353289,-167608

353289,-167483

353289,-167410

353290,-167467

353290,-166635

353290,-166012

353290,-165029

353290,-164075

353290,-162743

353290,-161908

353290,-160999

353291,-159674

353291,-158558

353291,-157809

353297,-157010

353297,-156356

353297,-155403

353297,-155297

353297,-155370

353298,-154073

353298,-152598

353298,-154249

353298,-152552

353298,-152145

353298,-152309

353298,-152127

353298,-150737

353299,-150541

353299,-150133

353299,-150784

353305,-149676

353305,-150988

353305,-151724

353305,-151770

353305,-153359

353306,-154225

353306,-155548

353306,-156629

353306,-157785

353306,-158176

353306,-160535

353306,-161310

353306,-161770

353307,-161749

353307,-162104

353307,-161300

353313,-161212

353313,-160357

353313,-160203

353313,-159858

353313,-159125

353314,-158733

353314,-157690

353314,-156682

353314,-156502

353314,-155696

353314,-156328

353314,-155215

353314,-154820

353315,-152339

353315,-152263

353315,-151674

353321,-150899

353321,-149738

353321,-148204

353321,-148329

353321,-147464

353322,-148073

353322,-147778

353322,-147913

353322,-147161

353322,-148224

353322,-147788

353322,-148371

353322,-147988

353323,-147937

353323,-148318

353323,-149632

353329,-149581

353329,-149336

353329,-149228

353329,-148861

353329,-147660

353330,-146975

353330,-145704

353330,-144184

353330,-143429

353330,-142271

353330,-141573

353330,-140030

353330,-139926

353331,-138638

353331,-136938

353331,-135714

353337,-134719

353337,-134294

353337,-133185

353337,-131207

353337,-129114

353338,-126917

353338,-125859

353338,-122243

353338,-119841

353338,-117502

353338,-115611

353338,-114046

353338,-111147

353339,-108435

353339,-106888

353339,-104830

353345,-102215

353345,-101232

353345,-100779

353345,-98758

353345,-97296

353346,-97746

353346,-96735

353346,-96621

353346,-96341

353346,-95524

353346,-95733

353346,-94872

353346,-94834

353347,-93867

353347,-93599

353347,-93715

353353,-92157

353353,-92303

353353,-93471

353353,-93021

353353,-92006

353354,-91482

353354,-90614

353354,-90458

353354,-89724

353354,-87714

353354,-87732

353354,-86392

353354,-84381

353355,-82917

353355,-82531

353355,-80075

353361,-79076

353361,-76286

353361,-73634

353361,-71652

353361,-70379

353362,-68540

353362,-66031

353362,-65423

353362,-62717

353362,-62394

353362,-59953

353362,-57712

353362,-56339

353363,-53975

353363,-52070

353363,-51425

353369,-51235

353369,-49339

353369,-48234

353369,-47483

353369,-45005

353370,-44040

353370,-42422

353370,-40483

353370,-39072

353370,-37571

353370,-35619

353370,-35442

353370,-34286

353371,-32237

353371,-30803

353371,-27952

353377,-27113

353377,-26310

353377,-24657

353377,-23720

353377,-22612

353378,-21851

353378,-21012

353378,-19480

353378,-19262

353378,-18803

353378,-17949

353378,-16734

353378,-14119

353379,-11214

353379,-7940

353379,-5593

353385,-2860

353385,-596

353385,779

353385,3809

353385,6980

353386,10064

353386,11330

353386,13689

353386,15329

353386,16608

353386,17348

353386,18904

353386,20903

353387,23222

353387,24371

353387,25783

353393,26480

353393,26974

353393,28309

353393,29639

353393,30375

353394,30954

353394,32197

353394,34385

353394,35422

353394,37447

353394,38449

353394,39976

353394,41426

353395,43265

353395,44459

353395,44767

353401,45883

353401,46710

353401,48276

353401,49697

353401,51902

353402,53357

353402,54950

353402,57458

353402,57074

353402,59314

353402,61182

353402,62582

353402,64731

353403,65549

353403,65868

353403,68590

353409,70187

353409,71887

353409,71951

353409,72947

353409,72953

353410,74361

353410,75030

353410,74434

353410,75941

353410,76187

353410,77348

353410,79419

353410,79172

353411,79518

353411,80787

353411,82153

353417,81925

353417,83408

353417,84715

353417,86040

353417,87267

353418,86733

353418,87481

353418,87039

353418,88079

353418,88969

353418,88716

353418,89801

353418,89894

353419,90324

353419,90716

353419,92702

353425,92153

353425,92713

353425,94240

353425,95461

353425,95533

353426,95905

353426,96740

353426,97404

353426,98726

353426,98402

353426,97801

353426,98950

353426,98531

353427,98252

353427,99692

353427,99521

353433,98958

353433,98933

353433,99772

353433,100579

353433,100776

353434,100812

353434,101686

353434,101258

353434,101441

353434,101703

353434,101652

353434,102271

353434,102359

353435,102067

353435,101847

353435,101950

353441,101366

353441,101255

353441,102061

353441,102461

353441,102967

353442,103998

353442,105282

353442,105994

353442,106509

353442,108102

353442,108541

353442,109293

353442,109948

353443,110694

353443,111262

353443,111733

353449,112188

353449,112319

353449,113286

353449,113148

353449,114341

353450,115233

353450,114988

353450,116117

353450,117649

353450,117952

353450,118784

353450,119834

353450,120438

353451,120702

353451,120813

353451,121394

353457,121738

353457,120749

353457,121833

353457,122710

353457,123244

353458,121755

353458,122787

353458,123213

353458,124131

353458,124458

353458,124557

353458,125786

353458,125020

353459,125998

353459,125463

353459,125103

353465,124443

353465,122825

353465,122578

353465,121932

353465,121712

353466,122284

353466,121852

353466,120819

353466,120800

353466,119589

353466,119814

353466,119443

353466,118344

353467,118900

353467,119183

353467,119596

353473,119636

353473,119167

353473,119864

353473,121720

353473,120781

353474,122106

353474,123365

353474,123247

353474,125240

353474,126140

353474,126213

353474,127469

353474,127032

353475,128038

353475,128368

353475,127810

353481,127768

353481,128500

353481,128280

353481,128920

353481,129558

353482,129237

353482,129076

353482,130186

353482,131501

353482,130738

353482,131267

353482,130545

353482,131628

353483,131009

353483,129796

353483,130022

353489,129627

353489,130056

353489,127744

353489,127655

353489,127541

353490,125586

353490,125587

353490,124162

353490,123094

353490,123100

353490,123787

353490,123207

353490,122041

353491,122022

353491,122800

353491,121634

353497,120450

353497,120828

353497,120674

353497,120586

353497,120047

353498,120005

353498,120226

353498,119815

353498,119860

353498,120667

353498,120785

353498,121156

353498,121125

353499,123162

353499,122244

353499,122363

353505,121867

353505,120481

353505,119598

353505,118953

353505,118323

353506,116720

353506,116050

353506,114095

353506,112641

353506,111692

353506,109750

353506,107820

353506,107331

353507,104382

353507,102752

353507,101573

353513,99560

353513,98424

353513,96174

353513,94925

353513,93259

353514,90880

353514,89799

353514,87256

353514,85545

353514,84657

353514,83057

353514,80451

353514,80581

353515,79627

353515,77943

353515,77763

353521,76994

353521,76988

353521,77507

353521,77243

353521,77055

353522,77148

353522,77390

353522,78175

353522,78085

353522,78173

353522,78367

353522,78352

353522,78639

353523,78402

353523,78159

353523,78713

353529,78420

353529,78240

353529,77332

353529,76719

353529,77071

353530,76268

353530,76657

353530,74895

353530,73920

353530,73705

353530,73280

353530,71973

353530,70805

353531,69592

353531,68569

353531,66852

353537,65419

353537,64800

353537,64090

353537,64168

353537,63223

353538,62105

353538,62385

353538,61232

353538,60745

353538,59572

353538,59520

353538,57935

353538,59007

353539,57976

353539,58646

353539,60687

353545,60531

353545,58809

353545,59447

353545,59029

353545,58826

353546,58503

353546,59553

353546,58745

353546,59368

353546,59703

353546,59579

353546,58140

353546,58707

353547,57993

353547,58473

353547,58517

353553,59664

353553,59430

353553,58841

353553,58315

353553,56854

353554,57088

353554,55842

353554,55204

353554,54650

353554,54026

353554,53094

353554,53077

353554,51813

353555,51773

353555,51414

353555,51770

353561,51677

353561,51024

353561,51881

353561,50973

353561,50958

353562,51504

353562,52087

353562,51341

353562,52845

353562,51611

353562,51892

353562,50995

353562,52500

353563,51317

353563,50577

353563,49582

353569,49066

353569,49039

353569,48398

353569,48373

353569,46642

353570,46129

353570,44710

353570,43904

353570,42914

353570,40852

353570,40430

353570,39696

353570,37966

353571,35397

353571,33315

353571,31084

353577,29247

353577,27839

353577,25490

353577,25219

353577,23655

353578,22788

353578,20344

353578,19495

353578,19106

353578,18177

353578,16838

353578,15612

353578,14882

353579,14027

353579,13014

353579,12311

353585,11151

353585,10733

353585,10303

353585,8813

353585,8978

353586,7101

353586,6350

353586,5382

353586,4240

353586,4259

353586,2651

353586,3003

353586,2654

353587,1156

353587,-684

353587,-980

353593,-346

353593,-1422

353593,-2129

353593,-2462

353593,-2327

353594,-3686

353594,-4783

353594,-6427

353594,-9870

353594,-10520

353594,-12402

353594,-13158

353594,-13848

353595,-15328

353595,-15648

353595,-16773

353601,-15947

353601,-17156

353601,-16769

353601,-16836

353601,-16892

353602,-16868

353602,-17592

353602,-17515

353602,-16157

353602,-15425

353602,-15843

353602,-15014

353602,-14881

353603,-15147

353603,-14194

353603,-15504

353609,-15709

353609,-14685

353609,-14361

353609,-14689

353609,-14406

353610,-12622

353610,-13094

353610,-13324

353610,-12865

353610,-10618

353610,-9658

353610,-9729

353610,-8186

353611,-8629

353611,-7227

353611,-6933

353617,-7219

353617,-6751

353617,-6469

353617,-6591

353617,-7102

353618,-6439

353618,-6838

353618,-6509

353618,-6948

353618,-7433

353618,-6446

353618,-5741

353618,-5968

353619,-5068

353619,-5056

353619,-5258

353625,-3879

353625,-5550

353625,-5288

353625,-4826

353625,-6146

353626,-6227

353626,-7427

353626,-7272

353626,-7648

353626,-7483

353626,-8139

353626,-7246

353626,-6604

353627,-6367

353627,-6689

353627,-6442

353633,-5561

353633,-5746

353633,-6058

353633,-6945

353633,-5582

353634,-6451

353634,-5083

353634,-5490

353634,-5150

353634,-6524

353634,-6632

353634,-7898

353634,-7763

353635,-8404

353635,-9494

353635,-9446

353641,-10302

353641,-9771

353641,-12388

353641,-11206

353641,-11128

353642,-12664

353642,-11539

353642,-11076

353642,-9087

353642,-10205

353642,-7954

353642,-8943

353642,-9496

353643,-9609

353643,-10563

353643,-11480

353649,-12334

353649,-13790

353649,-12480

353649,-13839

353649,-14027

353650,-14283

353650,-15666

353650,-16103

353650,-15864

353650,-16261

353650,-17345

353650,-17245

353650,-17510

353651,-18703

353651,-20413

353651,-21247

353657,-21503

353657,-23490

353657,-25087

353657,-26719

353657,-26482

353658,-27570

353658,-28091

353658,-28692

353658,-29510

353658,-29210

353658,-30082

353658,-29933

353658,-31361

353659,-31530

353659,-31290

353659,-32647

353665,-32241

353665,-32545

353665,-32486

353665,-33193

353665,-34438

353666,-33448

353666,-34357

353666,-35776

353666,-36937

353666,-39555

353666,-39380

353666,-42032

353666,-42701

353667,-43277

353667,-45129

353667,-46617

353673,-45904

353673,-47260

353673,-48490

353673,-49797

353673,-50996

353674,-50777

353674,-52342

353674,-52652

353674,-53148

353674,-54138

353674,-55656

353674,-56829

353674,-58809

353675,-59366

353675,-59889

353675,-59064

353681,-59833

353681,-59497

353681,-59785

353681,-60407

353681,-59157

353682,-58856

353682,-57590

353682,-58127

353682,-56165

353682,-54900

353682,-54203

353682,-52824

353682,-52473

353683,-50325

353683,-49285

353683,-47195

353689,-46238

353689,-45858

353689,-43820

353689,-42683

353689,-41575

353690,-39780

353690,-39431

353690,-38103

353690,-35925

353690,-34446

353690,-33682

353690,-32620

353690,-33015

353691,-32078

353691,-31749

353691,-31382

353697,-31233

353697,-30956

353697,-31267

353697,-32891

353697,-33408

353698,-32264

353698,-33197

353698,-33932

353698,-33436

353698,-31186

353698,-33029

353698,-34122

353698,-32482

353699,-31042

353699,-30928

353699,-31870

353705,-31368

353705,-31285

353705,-30728

353705,-32914

353705,-32231

353706,-30591

353706,-31035

353706,-31437

353706,-29991

353706,-32568

353706,-32558

353706,-35784

353706,-35407

353707,-36262

353707,-36509

353707,-37301

353713,-38268

353713,-39712

353713,-39208

353713,-40324

353713,-41924

353714,-41961

353714,-41126

353714,-42124

353714,-45624

353714,-45870

353714,-46052

353714,-46476

353714,-47438

353715,-47728

353715,-48907

353715,-49024

353721,-48527

353721,-50069

353721,-49004

353721,-47754

353721,-46858

353722,-48865

353722,-48122

353722,-47389

353722,-47877

353722,-50090

353722,-47813

353722,-48541

353722,-48596

353723,-48685

353723,-48960

353723,-48963

353729,-47526

353729,-47154

353729,-47627

353729,-48518

353729,-46909

353730,-45970

353730,-44379

353730,-44919

353730,-45073

353730,-44370

353730,-43632

353730,-42406

353730,-42716

353731,-40703

353731,-42872

353731,-40511

353737,-40906

353737,-40625

353737,-38784

353737,-42263

353737,-39824

353738,-38178

353738,-39963

353738,-40011

353738,-37826

353738,-38286

353738,-36643

353738,-36018

353738,-36597

353739,-37201

353739,-35016

353739,-36777

353745,-36366

353745,-35942

353745,-36737

353745,-36658

353745,-34333

353746,-35196

353746,-35792

353746,-36612

353746,-35848

353746,-34154

353746,-32401

353746,-33668

353746,-34821

353747,-31957

353747,-31217

353747,-32270

353753,-32912

353753,-33169

353753,-32151

353753,-31108

353753,-31115

353754,-31382

353754,-31534

353754,-32712

353754,-33631

353754,-33899

353754,-33519

353754,-35631

353754,-36626

353755,-36262

353755,-36459

353755,-36304

353761,-36357

353761,-37108

353761,-35457

353761,-35024

353761,-35641

353762,-37060

353762,-37218

353762,-34816

353762,-34850

353762,-35500

353762,-32836

353762,-33490

353762,-32943

353763,-32416

353763,-31133

353763,-30701

353769,-30062

353769,-28092

353769,-26912

353769,-25265

353769,-25574

353770,-23608

353770,-22512

353770,-21500

353770,-21465

353770,-19502

353770,-19098

353770,-19165

353770,-19004

353771,-17432

353771,-20862

353771,-17822

353777,-18621

353777,-18565

353777,-17463

353777,-20258

353777,-18815

353778,-19315

353778,-18841

353778,-21073

353778,-20160

353778,-20734

353778,-21937

353778,-23102

353778,-23935

353779,-24614

353779,-26267

353779,-26654

353785,-27035

353785,-28020

353785,-27866

353785,-30440

353785,-30504

353786,-32325

353786,-33036

353786,-32880

353786,-33229

353786,-33904

353786,-33746

353786,-33408

353786,-34854

353787,-34025

353787,-35433

353787,-35710

353793,-35666

353793,-35422

353793,-36057

353793,-36629

353793,-37698

353794,-36319

353794,-36820

353794,-39734

353794,-40923

353794,-40335

353794,-40695

353794,-43235

353794,-42609

353795,-44311

353795,-45542

353795,-44634

353801,-44692

353801,-45423

353801,-45131

353801,-45422

353801,-47485

353802,-47891

353802,-48247

353802,-48877

353802,-49806

353802,-49945

353802,-49531

353802,-50738

353802,-51816

353803,-50580

353803,-53079

353803,-51836

353809,-53999

353809,-54538

353809,-53312

353809,-53056

353809,-52521

353810,-51269

353810,-52229

353810,-51717

353810,-51336

353810,-51436

353810,-50705

353810,-50587

353810,-50686

353811,-48449

353811,-46605

353811,-46772

353817,-44942

353817,-45804

353817,-44887

353817,-43769

353817,-43418

353818,-44641

353818,-44727

353818,-42504

353818,-43038

353818,-43049

353818,-43517

353818,-43436

353818,-43557

353819,-41354

353819,-42267

353819,-41910

353825,-41519

353825,-41624

353825,-41392

353825,-40627

353825,-42031

353826,-40418

353826,-42097

353826,-42678

353826,-43299

353826,-45119

353826,-45112

353826,-46472

353826,-46172

353827,-47761

353827,-46225

353827,-46652

353833,-47630

353833,-48263

353833,-48054

353833,-48310

353833,-49177

353834,-49764

353834,-47805

353834,-49413

353834,-49783

353834,-50116

353834,-51492

353834,-52785

353834,-52800

353835,-53863

353835,-55917

353835,-57620

353841,-60803

353841,-61980

353841,-63735

353841,-65722

353841,-68935

353842,-69473

353842,-71491

353842,-71380

353842,-74707

353842,-75505

353842,-76814

353842,-78011

353842,-80879

353843,-81272

353843,-83742

353843,-85439

353849,-87517

353849,-89818

353849,-92227

353849,-93913

353849,-94531

353850,-96378

353850,-97389

353850,-98572

353850,-100752

353850,-102007

353850,-104506

353850,-106327

353850,-106253

353851,-107627

353851,-109195

353851,-111565

353857,-111321

353857,-112432

353857,-115116

353857,-116500

353857,-118298

353858,-120659

353858,-122572

353858,-123827

353858,-125342

353858,-126785

353858,-127351

353858,-129327

353858,-130913

353859,-131857

353859,-132433

353859,-132928

353865,-135409

353865,-134802

353865,-136245

353865,-137070

353865,-139209

353866,-139571

353866,-140684

353866,-141818

353866,-143374

353866,-145036

353866,-145908

353866,-146431

353866,-147417

353867,-147228

353867,-147249

353867,-148290

353873,-147498

353873,-148849

353873,-149662

353873,-149993

353873,-150857

353874,-151589

353874,-151584

353874,-151015

353874,-151977

353874,-152551

353874,-152866

353874,-153917

353874,-155136

353875,-155456

353875,-156407

353875,-157428

353881,-157385

353881,-157668

353881,-157797

353881,-158113

353881,-158119

353882,-159566

353882,-159299

353882,-160202

353882,-159636

353882,-158833

353882,-159658

353882,-160328

353882,-158833

353883,-158482

353883,-158092

353883,-157765

353889,-157500

353889,-156605

353889,-156655

353889,-156998

353889,-157878

353890,-157587

353890,-156339

353890,-155532

353890,-155019

353890,-154600

353890,-154656

353890,-155155

353890,-155173

353891,-155262

353891,-155038

353891,-154536

353897,-154368

353897,-154700

353897,-154095

353897,-153792

353897,-154360

353898,-154453

353898,-153630

353898,-153993

353898,-153941

353898,-153792

353898,-153905

353898,-153954

353898,-154876

353899,-154798

353899,-155046

353899,-156003

353905,-156881

353905,-156934

353905,-157683

353905,-157601

353905,-157309

353906,-156600

353906,-157283

353906,-157460

353906,-157934

353906,-158420

353906,-158484

353906,-158420

353906,-159185

353907,-158645

353907,-158537

353907,-158489

353913,-157367

353913,-157851

353913,-157823

353913,-158442

353913,-158868

353914,-160064

353914,-160383

353914,-159347

353914,-160050

353914,-159844

353914,-161111

353914,-161160

353914,-161037

353915,-161932

353915,-162570

353915,-162428

353921,-163269

353921,-163726

353921,-162605

353921,-163003

353921,-162078

353922,-162259

353922,-161635

353922,-161424

353922,-161930

353922,-162342

353922,-161920

353922,-162234

353922,-162548

353923,-161719

353923,-162015

353923,-160808

353929,-160838

353929,-160592

353929,-160654

353929,-160184

353929,-160994

353930,-160998

353930,-160604

353930,-160448

353930,-159569

353930,-159472

353930,-158521

353930,-158160

353930,-157544

353931,-158452

353931,-159737

353931,-158683

353937,-160559

353937,-160670

353937,-159668

353937,-159839

353937,-159510

353938,-159105

353938,-160373

353938,-160572

353938,-161520

353938,-162105

353938,-162719

353938,-161903

353938,-161690

353939,-160908

353939,-161778

353939,-162101

353945,-161426

353945,-161505

353945,-160931

353945,-160985

353945,-160168

353946,-160642

353946,-161633

353946,-160379

353946,-160047

353946,-158757

353946,-158567

353946,-157506

353946,-156464

353947,-156351

353947,-155311

353947,-154333

353953,-154378

353953,-152753

353953,-151897

353953,-152394

353953,-152665

353954,-151730

353954,-151508

353954,-150805

353954,-150549

353954,-149757

353954,-149416

353954,-147648

353954,-147122

353955,-147119

353955,-146142

353955,-146325

353961,-145553

353961,-145303

353961,-144550

353961,-142800

353961,-141833

353962,-141537

353962,-140698

353962,-140018

353962,-138576

353962,-137309

353962,-136863

353962,-136981

353962,-135709

353963,-135224

353963,-134298

353963,-133683

353969,-132155

353969,-129583

353969,-129538

353969,-128921

353969,-128148

353970,-127231

353970,-125614

353970,-125005

353970,-124484

353970,-122625

353970,-121339

353970,-119396

353970,-118635

353971,-117299

353971,-116198

353971,-115087

353977,-114343

353977,-113818

353977,-113314

353977,-112578

353977,-110914

353978,-110504

353978,-110104

353978,-109060

353978,-109122

353978,-109078

353978,-107576

353978,-106973

353978,-107202

353979,-106219

353979,-105870

353979,-105591

353985,-105665

353985,-103039

353985,-102891

353985,-101748

353985,-101132

353986,-101718

353986,-100107

353986,-99013

353986,-97546

353986,-96453

353986,-94632

353986,-94471

353986,-93234

353987,-91492

353987,-90522

353987,-88560

353993,-87475

353993,-85997

353993,-84812

353993,-82487

353993,-80648

353994,-80550

353994,-80573

353994,-79022

353994,-77701

353994,-77760

353994,-77411

353994,-77001

353994,-75778

353995,-76724

353995,-76011

353995,-75186

354001,-74569

354001,-75893

354001,-75732

354001,-74729

354001,-74245

354002,-73773

354002,-73674

354002,-72428

354002,-72376

354002,-71921

354002,-71273

354002,-70351

354002,-72806

354003,-70496

354003,-71239

354003,-69247

354009,-69004

354009,-68494

354009,-67474

354009,-66446

354009,-66113

354010,-65757

354010,-64224

354010,-63145

354010,-61440

354010,-61262

354010,-59789

354010,-57490

354010,-56709

354011,-55601

354011,-54363

354011,-53322

354017,-52351

354017,-52286

354017,-51344

354017,-50577

354017,-49377

354018,-47684

354018,-45700

354018,-44924

354018,-43721

354018,-42555

354018,-44186

354018,-43051

354018,-42435

354019,-44199

354019,-42961

354019,-43204

354025,-43392

354025,-41342

354025,-42484

354025,-40849

354025,-40292

354026,-39632

354026,-39353

354026,-38894

354026,-37180

354026,-38055

354026,-37166

354026,-35191

354026,-34885

354027,-32503

354027,-31984

354027,-31798

354033,-31817

354033,-28996

354033,-29015

354033,-28442

354033,-27773

354034,-26137

354034,-24143

354034,-23899

354034,-22323

354034,-21005

354034,-19796

354034,-20135

354034,-17950

354035,-18632

354035,-17786

354035,-16737

354041,-17063

354041,-16538

354041,-15335

354041,-14634

354041,-13357

354042,-12881

354042,-10915

354042,-9793

354042,-8608

354042,-7657

354042,-8434

354042,-7316

354042,-7774

354043,-6685

354043,-5491

354043,-5363

354049,-4952

354049,-5722

354049,-4967

354049,-4919

354049,-3917

354050,-3729

354050,-2340

354050,-1926

354050,-901

354050,692

354050,1840

354050,2551

354050,4591

354051,4774

354051,5907

354051,5994

354057,7223

354057,8732

354057,7364

354057,8071

354057,8491

354058,9236

354058,10877

354058,11469

354058,12204

354058,12799

354058,13326

354058,15860

354058,16008

354059,16226

354059,18272

354059,18119

354065,19020

354065,18181

354065,17976

354065,19956

354065,18649

354066,18735

354066,17776

354066,18723

354066,17282

354066,17995

354066,19118

354066,19324

354066,19727

354067,20967

354067,19846

354067,21333

354073,20499

354073,20482

354073,21586

354073,22289

354073,22095

354074,22611

354074,23347

354074,24416

354074,25650

354074,26195

354074,25885

354074,26137

354074,27024

354075,27426

354075,27858

354075,27555

354081,28151

354081,27549

354081,28016

354081,29026

354081,28195

354082,29441

354082,29483

354082,29263

354082,29305

354082,29292

354082,29116

354082,29022

354082,28730

354083,28132

354083,27437

354083,26553

354089,25444

354089,25493

354089,25933

354089,26236

354089,26667

354090,27180

354090,28841

354090,29390

354090,28162

354090,29181

354090,28462

354090,29141

354090,29843

354091,29348

354091,29646

354091,29673

354097,30053

354097,28164

354097,30059

354097,29772

354097,28799

354098,30643

354098,30785

354098,30161

354098,30757

354098,31117

354098,30279

354098,30955

354098,31793

354099,31792

354099,31589

354099,32612

354105,31883

354105,31626

354105,33466

354105,31854

354105,31810

354106,32603

354106,31691

354106,30847

354106,31059

354106,30613

354106,31332

354106,30300

354106,31611

354107,31511

354107,31819

354107,32080

354113,33925

354113,33959

354113,34668

354113,35008

354113,33199

354114,35540

354114,36850

354114,37912

354114,40027

354114,43039

354114,42603

354114,43891

354114,46133

354115,48364

354115,49715

354115,50808

354121,52471

354121,54429

354121,55970

354121,58257

354121,58900

354122,59931

354122,60686

354122,62730

354122,64003

354122,64482

354122,65824

354122,65937

354122,66008

354123,67368

354123,68040

354123,68585

354129,68235

354129,68637

354129,68322

354129,69245

354129,70194

354130,69414

354130,70183

354130,70433

354130,70959

354130,71039

354130,71364

354130,71538

354130,72746

354131,72691

354131,73131

354131,73960

354137,74460

354137,75237

354137,76352

354137,75418

354137,76861

354138,75279

354138,76284

354138,75453

354138,74857

354138,75460

354138,75684

354138,76350

354138,77358

354139,77783

354139,78185

354139,78498

354145,79220

354145,81324

354145,81180

354145,82416

354145,81646

354146,82386

354146,82133

354146,84465

354146,83499

354146,84172

354146,85160

354146,84732

354146,84573

354147,85428

354147,85953

354147,87655

354153,89504

354153,90746

354153,89392

354153,90926

354153,91809

354154,93577

354154,93762

354154,94707

354154,96804

354154,97169

354154,97291

354154,98014

354154,98814

354155,98968

354155,98798

354155,99937

354161,100806

354161,102864

354161,102817

354161,104095

354161,105661

354162,106362

354162,107767

354162,107422

354162,107932

354162,108174

354162,108936

354162,109479

354162,109522

354163,109375

354163,108250

354163,108336

354169,108335

354169,107486

354169,108023

354169,107496

354169,105977

354170,106425

354170,104808

354170,105698

354170,106164

354170,105208

354170,104552

354170,104147

354170,103381

354171,101982

354171,101974

354171,101748

354177,101816

354177,100680

354177,100473

354177,99474

354177,98203

354178,96990

354178,96223

354178,96347

354178,97268

354178,97567

354178,97021

354178,96993

354178,96511

354179,96365

354179,95386

354179,94591

354185,93698

354185,93376

354185,93301

354185,93282

354185,92054

354186,90854

354186,91299

354186,89574

354186,89340

354186,89497

354186,89578

354186,90459

354186,88325

354187,89116

354187,88360

354187,88822

354193,89883

354193,90214

354193,91004

354193,90030

354193,89750

354194,90406

354194,91780

354194,93279

354194,93874

354194,95352

354194,94657

354194,94264

354194,94411

354195,94068

354195,95204

354195,94493

354201,95475

354201,95277

354201,96002

354201,95497

354201,96076

354202,96055

354202,95882

354202,95335

354202,96055

354202,94951

354202,95571

354202,94651

354202,95067

354203,93738

354203,94420

354203,93278

354209,92931

354209,93175

354209,93350

354209,93590

354209,93709

354210,92630

354210,92827

354210,93481

354210,92721

354210,94077

354210,94329

354210,95324

354210,95264

354211,94932

354211,95058

354211,94074

354217,95408

354217,94719

354217,94605

354217,95843

354217,93904

354218,95465

354218,95286

354218,95259

354218,94122

354218,95151

354218,95253

354218,94679

354218,94630

354219,95753

354219,95052

354219,94540

354225,93444

354225,92038

354225,91545

354225,90598

354225,90203

354226,88699

354226,89753

354226,90153

354226,90633

354226,90244

354226,90300

354226,90729

354226,90286

354227,91037

354227,91195

354227,92438

354233,92920

354233,94437

354233,94916

354233,95012

354233,95742

354234,95317

354234,96691

354234,96998

354234,97524

354234,98276

354234,98493

354234,99324

354234,98867

354235,98555

354235,98362

354235,97727

354241,97186

354241,97030

354241,97555

354241,97450

354241,97620

354242,97888

354242,98310

354242,99720

354242,100332

354242,99183

354242,99911

354242,99873

354242,99134

354243,98904

354243,100178

354243,99117

354249,97631

354249,97379

354249,97746

354249,96649

354249,95206

354250,94301

354250,94658

354250,94060

354250,94085

354250,93549

354250,92305

354250,91899

354250,92084

354251,90883

354251,90626

354251,88127

354257,87262

354257,87253

354257,86739

354257,85270

354257,83374

354258,83404

354258,82738

354258,80448

354258,80063

354258,77674

354258,77453

354258,76654

354258,75469

354259,75640

354259,75229

354259,74725

354265,74396

354265,72602

354265,73036

354265,71703

354265,70691

354266,70014

354266,68253

354266,67542

354266,66724

354266,66121

354266,64646

354266,63244

354266,62805

354267,62179

354267,62274

354267,62039

354273,61799

354273,62287

354273,61983

354273,63540

354273,62805

354274,64004

354274,64730

354274,64292

354274,65103

354274,65020

354274,66389

354274,66365

354274,65831

354275,66602

354275,66762

354275,68460

354281,67173

354281,68751

354281,68786

354281,69494

354281,70829

354282,70356

354282,71200

354282,72604

354282,73126

354282,72889

354282,73237

354282,73647

354282,74146

354283,71489

354283,78093

354283,81460

354289,79678

354289,95568

354289,60112

354289,76090

354289,58640

354290,52243

354290,242473

354290,-94275

354290,97202

354290,14429

354290,19808

354290,45296

354290,99925

354291,69111

354291,72969

354291,107451

354297,60905

354297,62892

354297,68125

354297,96347

354297,71462

354298,54232

354298,50199

354298,56542

354298,55885

354298,75640

354298,55626

354298,67831

354298,77621

354299,52121

354299,52030

354299,67267

354305,77263

354305,74572

354305,74018

354305,65276

354305,57613

354306,71788

354306,63568

354306,58836

354306,47700

354306,64375

354306,61161

354306,49126

354306,54991

354307,55802

354307,63274

354307,62659

354313,58858

354313,48055

354313,51960

354313,58043

354313,56234

354314,55809

354314,55998

354314,49187

354314,54707

354314,66323

354314,48433

354314,39815

354314,44884

354315,53781

354315,49245

354315,41945

354321,51726

354321,56920

354321,52089

354321,43551

354321,48320

354322,62168

354322,57721

354322,46168

354322,58166

354322,53163

354322,52706

354322,52900

354322,53822

354323,53256

354323,49848

354323,43759

354329,58616

354329,50456

354329,51239

354329,61271

354329,52853

354330,57965

354330,56082

354330,58397

354330,52999

354330,52747

354330,50333

354330,50826

354330,55833

354331,58322

354331,52126

354331,51757

354337,50500

354337,49827

354337,43913

354337,47507

354337,42646

354338,43625

354338,47832

354338,43229

354338,45843

354338,44101

354338,39360

354338,38846

354338,38162

354339,36842

354339,40348

354339,39641

354345,40892

354345,35432

354345,31938

354345,35018

354345,33675

354346,33036

354346,30858

354346,30178

354346,28576

354346,36597

354346,31711

354346,27941

354346,28033

354347,29213

354347,29194

354347,27222

354353,33268

354353,26463

354353,34366

354353,33847

354353,30392

354354,26581

354354,33997

354354,37169

354354,33032

354354,35709

354354,28172

354354,27921

354354,29263

354355,27329

354355,27573

354355,34111

354361,32525

354361,27512

354361,29630

354361,30391

354361,30328

354362,29605

354362,32051

354362,30315

354362,29749

354362,32421

354362,30407

354362,32147

354362,28584

354363,25646

354363,28650

354363,27808

354369,30092

354369,24683

354369,24738

354369,24167

354369,20914

354370,19985

354370,19864

354370,22698

354370,21604

354370,23751

354370,22598

354370,21834

354370,23272

354371,23646

354371,23603

354371,20103

354377,15230

354377,19773

354377,20531

354377,19410

354377,16456

354378,12709

354378,14209

354378,15256

354378,13684

354378,12215

354378,15190

354378,11421

354378,12383

354379,8624

354379,13135

354379,9487

354385,9866

354385,9329

354385,5759

354385,6272

354385,9415

354386,4926

354386,6190

354386,4190

354386,-683

354386,1288

354386,-1865

354386,-371

354386,-4837

354387,-4901

354387,-5407

354387,-5523

354393,-2184

354393,-5798

354393,-1269

354393,879

354393,-3930

354394,-1021

354394,-3273

354394,543

354394,-2724

354394,-1705

354394,-3160

354394,-4739

354394,-6336

354395,-3860

354395,-4093

354395,-3592

354401,-5039

354401,-3533

354401,-743

354401,-113

354401,-4512

354402,-1362

354402,-437

354402,2728

354402,2634

354402,3168

354402,2361

354402,3629

354402,-24

354403,-538

354403,1604

354403,1904

354409,-195

354409,1728

354409,2284

354409,2774

354409,641

354410,1095

354410,3515

354410,4821

354410,5054

354410,6958

354410,9150

354410,7261

354410,7391

354411,8480

354411,7988

354411,6216

354417,6073

354417,5757

354417,5370

354417,7050

354417,5506

354418,6701

354418,5612

354418,7837

354418,6085

354418,6013

354418,5444

354418,7004

354418,6301

354419,5774

354419,6044

354419,7506

354425,6095

354425,6538

354425,5791

354425,5656

354425,5486

354426,4277

354426,4950

354426,5207

354426,4721

354426,4138

354426,6327

354426,5668

354426,5411

354427,5078

354427,4883

354427,3186

354433,3693

354433,5174

354433,5210

354433,5847

354433,6901

354434,8435

354434,8854

354434,8683

354434,8972

354434,12474

354434,13745

354434,12834

354434,15180

354435,15576

354435,16040

354435,18895

354441,18939

354441,18395

354441,19222

354441,17475

354441,17848

354442,19744

354442,20526

354442,20609

354442,21660

354442,20648

354442,22341

354442,23134

354442,22430

354443,19496

354443,19622

354443,19454

354449,18695

354449,18780

354449,17685

354449,16802

354449,14999

354450,15543

354450,15820

354450,14904

354450,14603

354450,15509

354450,14670

354450,14607

354450,15711

354451,15471

354451,16242

354451,14952

354457,15910

354457,15831

354457,14895

354457,16902

354457,14674

354458,15661

354458,16878

354458,16923

354458,16186

354458,16906

354458,15895

354458,15363

354458,15787

354459,14539

354459,14632

354459,15250

354465,16708

354465,16696

354465,15244

354465,14674

354465,14570

354466,13650

354466,11846

354466,10645

354466,8852

354466,6614

354466,4919

354466,5764

354466,4994

354467,3345

354467,2159

354467,1262

354473,1752

354473,-184

354473,-869

354473,-511

354473,-1929

354474,-2739

354474,-2551

354474,-2953

354474,-3349

354474,-4808

354474,-6569

354474,-6053

354474,-5361

354475,-6619

354475,-5327

354475,-5919

354481,-5400

354481,-3555

354481,-5483

354481,-4459

354481,-3783

354482,-2116

354482,-1233

354482,-677

354482,256

354482,984

354482,2113

354482,3026

354482,5467

354483,4499

354483,5335

354483,5691

354489,5680

354489,4744

354489,4154

354489,3868

354489,3592

354490,3538

354490,4334

354490,3935

354490,4721

354490,5203

354490,4352

354490,2825

354490,2872

354491,4551

354491,5639

354491,4550

354497,6059

354497,5927

354497,5719

354497,4293

354497,4334

354498,3802

354498,2350

354498,2294

354498,1863

354498,1981

354498,1591

354498,2044

354498,2478

354499,2006

354499,1017

354499,1770

354505,2422

354505,2826

354505,4240

354505,2888

354505,2474

354506,1178

354506,1591

354506,948

354506,1220

354506,951

354506,602

354506,59

354506,-682

354507,-11

354507,471

354507,796

354513,-729

354513,728

354513,294

354513,166

354513,-422

354514,-15

354514,1756

354514,-39

354514,128

354514,-1641

354514,-2354

354514,-3200

354514,-3152

354515,-3258

354515,-3661

354515,-3560

354521,-5075

354521,-6078

354521,-5302

354521,-5181

354521,-4984

354522,-4665

354522,-5099

354522,-4472

354522,-5107

354522,-4161

354522,-4236

354522,-4924

354522,-6015

354523,-6739

354523,-7549

354523,-7703

354529,-7318

354529,-7986

354529,-9237

354529,-9140

354529,-9198

354530,-8547

354530,-10377

354530,-10316

354530,-11468

354530,-11221

354530,-10440

354530,-10775

354530,-11928

354531,-12310

354531,-13253

354531,-14958

354537,-13714

354537,-14405

354537,-15274

354537,-15214

354537,-16774

354538,-18229

354538,-18399

354538,-19376

354538,-19420

354538,-19042

354538,-19809

354538,-19598

354538,-21472

354539,-21304

354539,-23200

354539,-24904

354545,-24439

354545,-24616

354545,-26120

354545,-25865

354545,-26390

354546,-27403

354546,-28367

354546,-30491

354546,-30316

354546,-30963

354546,-32805

354546,-33423

354546,-33410

354547,-33356

354547,-34646

354547,-34516

354553,-34818

354553,-35784

354553,-36395

354553,-36867

354553,-37823

354554,-37799

354554,-38272

354554,-38302

354554,-38627

354554,-39216

354554,-39815

354554,-39904

354554,-40935

354555,-41660

354555,-43146

354555,-44097

354561,-46109

354561,-48134

354561,-48533

354561,-51432

354561,-52709

354562,-53992

354562,-53978

354562,-55451

354562,-56515

354562,-56421

354562,-57844

354562,-59986

354562,-59689

354563,-62001

354563,-63699

354563,-64179

354569,-66287

354569,-67203

354569,-67643

354569,-69997

354569,-72563

354570,-73049

354570,-74672

354570,-76054

354570,-77641

354570,-80951

354570,-82453

354570,-84133

354570,-85322

354571,-85956

354571,-87143

354571,-88400

354577,-90440

354577,-92559

354577,-92946

354577,-94011

354577,-94955

354578,-98354

354578,-98141

354578,-100004

354578,-99460

354578,-101653

354578,-103047

354578,-103728

354578,-105820

354579,-106918

354579,-106278

354579,-107518

354585,-108605

354585,-109548

354585,-110712

354585,-111474

354585,-113086

354586,-113230

354586,-113541

354586,-114071

354586,-114572

354586,-116023

354586,-116890

354586,-117339

354586,-119248

354587,-120050

354587,-121281

354587,-122263

354593,-122671

354593,-122300

354593,-123731

354593,-122340

354593,-122967

354594,-124003

354594,-123167

354594,-123489

354594,-123959

354594,-123413

354594,-123715

354594,-123921

354594,-124178

354595,-124079

354595,-124372

354595,-126239

354601,-127782

354601,-127805

354601,-128406

354601,-127444

354601,-127625

354602,-127847

354602,-128278

354602,-127362

354602,-126596

354602,-126506

354602,-125907

354602,-126620

354602,-124347

354603,-126567

354603,-126242

354603,-127142

354609,-126699

354609,-126955

354609,-126297

354609,-127372

354609,-127295

354610,-127109

354610,-126888

354610,-126862

354610,-126090

354610,-126245

354610,-125842

354610,-125791

354610,-124861

354611,-125221

354611,-125334

354611,-126536

354617,-127563

354617,-127450

354617,-128894

354617,-129630

354617,-129661

354618,-129267

354618,-130305

354618,-129125

354618,-127704

354618,-128027

354618,-126145

354618,-126503

354618,-125555

354619,-126805

354619,-125382

354619,-124724

354625,-124146

354625,-123175

354625,-124357

354625,-122267

354625,-121893

354626,-121030

354626,-121872

354626,-122297

354626,-121231

354626,-121453

354626,-122015

354626,-121802

354626,-121493

354627,-122065

354627,-121914

354627,-122731

354633,-122340

354633,-121605

354633,-122106

354633,-121402

354633,-122032

354634,-121920

354634,-122215

354634,-122506

354634,-123950

354634,-124667

354634,-124687

354634,-125454

354634,-126023

354635,-126274

354635,-125598

354635,-124633

354641,-124515

354641,-124618

354641,-124681

354641,-125008

354641,-125299

354642,-124222

354642,-123787

354642,-123173

354642,-122444

354642,-120018

354642,-119269

354642,-118052

354642,-118346

354643,-117740

354643,-117754

354643,-117442

354649,-117704

354649,-117915

354649,-118562

354649,-117523

354649,-116890

354650,-116532

354650,-116383

354650,-115672

354650,-114315

354650,-112705

354650,-112158

354650,-111354

354650,-111527

354651,-110317

354651,-109612

354651,-109264

354657,-108411

354657,-108635

354657,-109771

354657,-109158

354657,-108446

354658,-108688

354658,-108925

354658,-107978

354658,-107432

354658,-108197

354658,-106925

354658,-106572

354658,-104805

354659,-103774

354659,-104699

354659,-103219

354665,-101471

354665,-100442

354665,-98684

354665,-97944

354665,-97937

354666,-96439

354666,-97024

354666,-94200

354666,-94269

354666,-93990

354666,-93416

354666,-91517

354666,-91173

354667,-89783

354667,-89007

354667,-88514

354673,-86271

354673,-85154

354673,-84360

354673,-83518

354673,-82118

354674,-81193

354674,-80668

354674,-79462

354674,-78245

354674,-76949

354674,-77568

354674,-77529

354674,-76171

354675,-74541

354675,-74843

354675,-75756

354681,-74663

354681,-73956

354681,-73193

354681,-71677

354681,-72036

354682,-72425

354682,-71628

354682,-71264

354682,-70857

354682,-70313

354682,-70608

354682,-70950

354682,-70351

354683,-71552

354683,-73046

354683,-73767

354689,-73937

354689,-73948

354689,-73761

354689,-74148

354689,-74508

354690,-74867

354690,-74006

354690,-74665

354690,-75276

354690,-75161

354690,-74428

354690,-73753

354690,-72482

354691,-71046

354691,-71503

354691,-70927

354697,-70644

354697,-70452

354697,-71597

354697,-72041

354697,-71947

354698,-72005

354698,-71795

354698,-71581

354698,-71926

354698,-71563

354698,-71021

354698,-70874

354698,-70672

354699,-70998

354699,-71991

354699,-71135

354705,-71008

354705,-70435

354705,-69749

354705,-69389

354705,-70304

354706,-69591

354706,-68908

354706,-70144

354706,-70086

354706,-70564

354706,-70111

354706,-68598

354706,-68267

354707,-67977

354707,-67720

354707,-69057

354713,-68666

354713,-68959

354713,-68587

354713,-67980

354713,-68435

354714,-67638

354714,-67560

354714,-67295

354714,-68139

354714,-68555

354714,-69835

354714,-70054

354714,-70970

354715,-71622

354715,-71535

354715,-72048

354721,-72716

354721,-71624

354721,-71428

354721,-70056

354721,-70589

354722,-69566

354722,-68284

354722,-67822

354722,-66891

354722,-65460

354722,-64405

354722,-63460

354722,-62313

354723,-61396

354723,-60193

354723,-58276

354729,-57739

354729,-57543

354729,-57513

354729,-56324

354729,-54791

354730,-52816

354730,-52646

354730,-51680

354730,-51640

354730,-50808

354730,-49812

354730,-48396

354730,-47400

354731,-47193

354731,-47485

354731,-46863

354737,-46659

354737,-45778

354737,-43886

354737,-45341

354737,-44026

354738,-44853

354738,-45578

354738,-45332

354738,-44708

354738,-42719

354738,-42274

354738,-41411

354738,-41906

354739,-40233

354739,-39037

354739,-38505

354745,-37085

354745,-36170

354745,-35535

354745,-32948

354745,-31794

354746,-30133

354746,-28800

354746,-27826

354746,-27409

354746,-24957

354746,-23811

354746,-22372

354746,-22019

354747,-20824

354747,-19373

354747,-17475

354753,-16835

354753,-16329

354753,-16086

354753,-14914

354753,-13738

354754,-12386

354754,-11995

354754,-12993

354754,-13333

354754,-12893

354754,-12287

354754,-12214

354754,-12796

354755,-12312

354755,-14205

354755,-13507

354761,-13214

354761,-14594

354761,-14495

354761,-15645

354761,-15389

354762,-15864

354762,-15907

354762,-16775

354762,-15954

354762,-16286

354762,-16320

354762,-16539

354762,-16179

354763,-17870

354763,-18457

354763,-18305

354769,-19669

354769,-19517

354769,-20320

354769,-20644

354769,-21171

354770,-22249

354770,-22628

354770,-22855

354770,-23080

354770,-24287

354770,-23898

354770,-24607

354770,-25169

354771,-25680

354771,-26400

354771,-26638

354777,-26530

354777,-27187

354777,-26883

354777,-27859

354777,-27239

354778,-27020

354778,-28426

354778,-29269

354778,-29417

354778,-29311

354778,-29783

354778,-30834

354778,-29468

354779,-29325

354779,-28849

354779,-29066

354785,-28840

354785,-30110

354785,-29692

354785,-29244

354785,-29695

354786,-30096

354786,-30303

354786,-30353

354786,-28984

354786,-28373

354786,-28289

354786,-28753

354786,-28790

354787,-27176

354787,-26121

354787,-24843

354793,-24588

354793,-25123

354793,-25157

354793,-25301

354793,-25367

354794,-24528

354794,-23621

354794,-22805

354794,-22458

354794,-21772

354794,-22494

354794,-21591

354794,-22141

354795,-21638

354795,-22186

354795,-20836

354801,-20799

354801,-19592

354801,-18912

354801,-16560

354801,-15780

354802,-16121

354802,-14361

354802,-13917

354802,-13090

354802,-10553

354802,-9659

354802,-9377

354802,-8516

354803,-8707

354803,-8038

354803,-7789

354809,-7447

354809,-6004

354809,-5031

354809,-4814

354809,-3343

354810,-3229

354810,-2123

354810,-1649

354810,-1568

354810,-263

354810,316

354810,2375

354810,2951

354811,3700

354811,6286

354811,7453

354817,9811

354817,10920

354817,12464

354817,12210

354817,12384

354818,12794

354818,14012

354818,15110

354818,15990

354818,15948

354818,17987

354818,19141

354818,19633

354819,20967

354819,22653

354819,22447

354825,23077

354825,23230

354825,23812

354825,24162

354825,26124

354826,26459

354826,26969

354826,28677

354826,28895

354826,29968

354826,29079

354826,29077

354826,31587

354827,30590

354827,31598

354827,32113

354833,34366

354833,36167

354833,38112

354833,39901

354833,42214

354834,45119

354834,47038

354834,48419

354834,50717

354834,51817

354834,54001

354834,55069

354834,55972

354835,56319

354835,58783

354835,61212

354841,62525

354841,63544

354841,64558

354841,66701

354841,68088

354842,69783

354842,71506

354842,71285

354842,72654

354842,73484

354842,73830

354842,76297

354842,77753

354843,77802

354843,78991

354843,80673

354849,81444

354849,82496

354849,82681

354849,83740

354849,83509

354850,84465

354850,86245

354850,86136

354850,86929

354850,88026

354850,88900

354850,89362

354850,90269

354851,91338

354851,92769

354851,94334

354857,95209

354857,97071

354857,98314

354857,99772

354857,101038

354858,102704

354858,103544

354858,103746

354858,105471

354858,105928

354858,107276

354858,107826

354858,109851

354859,109435

354859,110731

354859,111438

354865,111927

354865,112201

354865,113095

354865,113919

354865,115135

354866,116662

354866,117374

354866,118209

354866,118754

354866,120059

354866,120708

354866,122107

354866,123191

354867,123629

354867,124885

354867,125342

354873,126006

354873,128563

354873,129227

354873,130509

354873,130567

354874,130673

354874,131945

354874,133057

354874,134064

354874,134676

354874,135228

354874,135570

354874,135668

354875,136647

354875,137570

354875,138166

354881,138447

354881,138601

354881,139024

354881,139092

354881,139222

354882,139783

354882,140929

354882,141893

354882,143117

354882,142774

354882,143189

354882,143440

354882,143918

354883,145548

354883,146774

354883,147249

354889,148180

354889,149956

354889,151300

354889,152542

354889,154093

354890,154632

354890,155092

354890,156503

354890,156508

354890,156807

354890,157418

354890,158324

354890,159021

354891,158524

354891,158542

354891,159000

354897,157774

354897,158190

354897,159274

354897,158984

354897,159412

354898,159588

354898,159660

354898,159764

354898,159498

354898,159112

354898,157789

354898,158153

354898,158841

354899,158517

354899,157940

354899,157625

354905,158048

354905,156782

354905,157614

354905,159023

354905,159784

354906,159534

354906,160262

354906,160716

354906,161366

354906,162853

354906,163198

354906,164458

354906,165382

354907,165977

354907,166977

354907,168295

354913,169168

354913,169315

354913,169401

354913,170330

354913,171513

354914,173053

354914,172551

354914,173207

354914,173377

354914,174123

354914,174635

354914,174316

354914,173901

354915,173119

354915,173307

354915,172641

354921,173392

354921,174072

354921,172905

354921,170986

354921,171103

354922,171071

354922,170790

354922,171345

354922,171288

354922,170816

354922,171983

354922,171482

354922,171852

354923,172927

354923,172838

354923,171709

354929,171826

354929,171185

354929,172366

354929,171665

354929,171565

354930,171469

354930,171199

354930,172206

354930,172686

354930,172900

354930,173344

354930,175036

354930,174787

354931,173767

354931,173968

354931,173610

354937,174663

354937,173969

354937,174945

354937,174215

354937,173787

354938,173569

354938,172796

354938,173104

354938,173949

354938,173127

354938,174075

354938,172972

354938,173152

354939,173651

354939,173855

354939,173854

354945,173861

354945,173681

354945,172476

354945,171892

354945,170830

354946,170830

354946,171169

354946,170764

354946,170869

354946,169975

354946,169614

354946,170016

354946,169560

354947,169559

354947,168652

354947,168359

354953,168321

354953,167811

354953,168165

354953,168326

354953,168150

354954,168360

354954,169178

354954,168791

354954,168395

354954,168631

354954,167806

354954,168706

354954,167806

354955,166933

354955,166393

354955,165510

354961,164583

354961,163380

354961,163643

354961,161823

354961,161111

354962,161241

354962,160763

354962,161186

354962,160696

354962,161353

354962,161159

354962,160093

354962,160148

354963,160738

354963,160813

354963,159962

354969,159510

354969,158653

354969,158508

354969,157954

354969,158548

354970,157574

354970,157552

354970,157786

354970,156614

354970,157294

354970,158791

354970,159651

354970,160070

354971,160311

354971,159901

354971,160846

354977,160613

354977,161379

354977,160965

354977,162195

354977,161339

354978,161956

354978,160964

354978,160623

354978,160224

354978,158872

354978,158113

354978,158294

354978,157332

354979,156112

354979,155688

354979,155436

354985,154983

354985,154980

354985,155275

354985,155425

354985,154597

354986,154204

354986,152866

354986,153511

354986,153675

354986,152697

354986,151691

354986,151368

354986,150445

354987,151205

354987,150943

354987,151054

354993,150637

354993,149399

354993,148497

354993,149220

354993,149508

354994,148694

354994,148419

354994,147115

354994,147669

354994,147651

354994,146501

354994,147482

354994,145364

354995,146131

354995,145593

354995,144999

355001,143763

355001,144375

355001,143486

355001,142669

355001,142458

355002,140193

355002,139605

355002,138538

355002,138350

355002,136568

355002,135800

355002,134446

355002,134199

355003,132179

355003,132414

355003,130548

355009,130348

355009,129970

355009,128636

355009,127824

355009,127044

355010,125897

355010,125670

355010,123082

355010,121587

355010,120772

355010,121611

355010,120586

355010,119917

355011,119177

355011,118302

355011,117758

355017,117849

355017,118781

355017,117165

355017,116989

355017,116393

355018,116174

355018,115767

355018,114688

355018,114355

355018,113305

355018,112941

355018,111918

355018,111354

355019,110479

355019,110176

355019,109424

355025,108774

355025,106870

355025,106587

355025,105786

355025,105354

355026,104148

355026,102791

355026,101537

355026,101408

355026,100252

355026,100295

355026,98971

355026,98113

355027,96510

355027,97845

355027,96579

355033,95951

355033,94454

355033,93675

355033,94007

355033,94100

355034,94479

355034,95353

355034,94701

355034,94243

355034,95406

355034,95622

355034,94448

355034,94013

355035,92909

355035,93166

355035,92337

355041,92195

355041,91212

355041,91990

355041,91853

355041,91193

355042,90891

355042,91354

355042,90902

355042,91633

355042,92675

355042,92816

355042,93062

355042,93820

355043,93587

355043,94399

355043,93297

355049,93487

355049,92392

355049,92924

355049,91973

355049,91842

355050,92087

355050,90908

355050,91335

355050,92012

355050,90554

355050,90356

355050,91345

355050,91246

355051,90428

355051,90353

355051,89556

355057,88347

355057,88402

355057,88417

355057,88066

355057,87731

355058,86665

355058,85919

355058,85758

355058,86236

355058,84502

355058,83618

355058,83153

355058,82461

355059,82595

355059,83784

355059,84501

355065,83903

355065,83431

355065,83606

355065,84687

355065,85359

355066,85090

355066,84810

355066,83708

355066,83429

355066,82957

355066,81629

355066,81245

355066,81317

355067,80510

355067,79581

355067,79088

355073,78874

355073,78373

355073,77600

355073,77020

355073,76138

355074,75904

355074,76052

355074,76296

355074,76364

355074,76001

355074,75177

355074,74953

355074,74536

355075,75316

355075,74692

355075,73527

355081,72820

355081,73256

355081,72394

355081,72522

355081,70614

355082,69275

355082,70037

355082,68111

355082,68341

355082,68125

355082,68320

355082,67499

355082,66471

355083,67278

355083,66503

355083,65329

355089,64258

355089,63585

355089,63317

355089,63534

355089,63702

355090,63718

355090,62047

355090,62517

355090,62614

355090,62560

355090,63614

355090,63142

355090,64569

355091,64028

355091,64110

355091,64106

355097,64787

355097,63663

355097,63083

355097,62984

355097,62895

355098,61811

355098,61912

355098,61553

355098,61444

355098,60325

355098,59340

355098,58353

355098,58423

355099,57876

355099,56857

355099,57281

355105,56905

355105,56795

355105,55905

355105,56117

355105,55659

355106,54270

355106,53472

355106,53707

355106,52564

355106,52261

355106,50679

355106,50328

355106,47397

355107,48376

355107,47637

355107,48772

355113,48235

355113,47443

355113,48327

355113,47517

355113,46810

355114,46678

355114,47305

355114,47934

355114,48519

355114,48939

355114,47560

355114,46388

355114,45030

355115,45331

355115,45102

355115,45763

355121,44793

355121,43846

355121,43408

355121,42126

355121,42526

355122,41915

355122,41177

355122,40603

355122,39613

355122,41136

355122,39171

355122,38950

355122,38141

355123,37564

355123,36106

355123,33521

355129,32247

355129,31135

355129,29996

355129,28936

355129,27264

355130,25861

355130,25894

355130,24759

355130,23550

355130,23284

355130,23196

355130,21349

355130,20735

355131,19477

355131,20362

355131,17599

355137,17922

355137,17202

355137,16206

355137,15827

355137,13941

355138,12687

355138,12292

355138,11565

355138,11382

355138,9188

355138,9120

355138,8170

355138,8343

355139,8178

355139,8325

355139,7225

355145,5765

355145,5400

355145,4439

355145,3404

355145,3115

355146,1383

355146,-1610

355146,-2569

355146,-2688

355146,-3644

355146,-5099

355146,-6983

355146,-7711

355147,-10167

355147,-10169

355147,-11337

355153,-11815

355153,-12979

355153,-13399

355153,-14488

355153,-14814

355154,-15990

355154,-14216

355154,-14707

355154,-14104

355154,-15245

355154,-15343

355154,-15285

355154,-16150

355155,-16537

355155,-16766

355155,-18539

355161,-18813

355161,-19886

355161,-20361

355161,-20961

355161,-22400

355162,-21990

355162,-22865

355162,-24092

355162,-24720

355162,-25550

355162,-25940

355162,-26385

355162,-27623

355163,-28802

355163,-29989

355163,-30568

355169,-31617

355169,-33522

355169,-35156

355169,-35402

355169,-36799

355170,-36420

355170,-37853

355170,-38220

355170,-38038

355170,-39139

355170,-39739

355170,-41758

355170,-41510

355171,-42052

355171,-42538

355171,-43624

355177,-44887

355177,-45055

355177,-46126

355177,-45627

355177,-45604

355178,-47473

355178,-48104

355178,-49107

355178,-50302

355178,-50597

355178,-51282

355178,-51878

355178,-53432

355179,-52996

355179,-52060

355179,-52164

355185,-52575

355185,-52079

355185,-51032

355185,-52853

355185,-51857

355186,-52841

355186,-52579

355186,-53351

355186,-54827

355186,-56604

355186,-57502

355186,-58222

355186,-58453

355187,-59665

355187,-59780

355187,-60574

355193,-61055

355193,-62287

355193,-62276

355193,-62414

355193,-62749

355194,-62877

355194,-62471

355194,-62610

355194,-62252

355194,-62536

355194,-63337

355194,-63308

355194,-64669

355195,-65068

355195,-66026

355195,-65837

355201,-65923

355201,-67640

355201,-67656

355201,-68153

355201,-69885

355202,-69400

355202,-69493

355202,-70261

355202,-70107

355202,-71187

355202,-71560

355202,-71190

355202,-71993

355203,-72425

355203,-72538

355203,-72860

355209,-75492

355209,-76924

355209,-76950

355209,-77502

355209,-77390

355210,-78114

355210,-78997

355210,-79381

355210,-78462

355210,-79161

355210,-80275

355210,-79936

355210,-80177

355211,-80513

355211,-80417

355211,-81127

355217,-81346

355217,-82593

355217,-82421

355217,-83880

355217,-83155

355218,-82797

355218,-83859

355218,-83989

355218,-84131

355218,-84271

355218,-84290

355218,-84672

355218,-84400

355219,-84362

355219,-83197

355219,-82868

355225,-83102

355225,-82305

355225,-82014

355225,-82639

355225,-81314

355226,-80468

355226,-80364

355226,-79183

355226,-77545

355226,-76765

355226,-75756

355226,-73671

355226,-73453

355227,-72061

355227,-71884

355227,-71118

355233,-69733

355233,-68679

355233,-66507

355233,-65144

355233,-65879

355234,-65232

355234,-63544

355234,-61781

355234,-61068

355234,-61066

355234,-59575

355234,-59576

355234,-59410

355235,-59865

355235,-59023

355235,-59914

355241,-59079

355241,-58587

355241,-58925

355241,-58398

355241,-59032

355242,-58251

355242,-57462

355242,-56792

355242,-57013

355242,-56983

355242,-56607

355242,-56230

355242,-56384

355243,-56945

355243,-57223

355243,-56959

355249,-57842

355249,-59779

355249,-60044

355249,-60579

355249,-60843

355250,-60489

355250,-61445

355250,-61982

355250,-63298

355250,-63275

355250,-62436

355250,-61122

355250,-60957

355251,-60341

355251,-61775

355251,-60374

355257,-60146

355257,-61042

355257,-60988

355257,-62265

355257,-61922

355258,-62202

355258,-62460

355258,-63779

355258,-65176

355258,-65973

355258,-66350

355258,-65590

355258,-66163

355259,-66842

355259,-66128

355259,-66385

355265,-67916

355265,-67568

355265,-67173

355265,-67919

355265,-68221

355266,-69467

355266,-69134

355266,-69828

355266,-70446

355266,-71602

355266,-72425

355266,-73019

355266,-73366

355267,-73263

355267,-73006

355267,-74235

355273,-73874

355273,-74187

355273,-73945

355273,-73683

355273,-73663

355274,-73438

355274,-73509

355274,-72725

355274,-71437

355274,-72537

355274,-71608

355274,-71565

355274,-71740

355275,-70925

355275,-71397

355275,-71032

355281,-71303

355281,-71992

355281,-72074

355281,-71603

355281,-71124

355282,-72009

355282,-72016

355282,-72302

355282,-72027

355282,-72360

355282,-72432

355282,-71870

355282,-72934

355283,-72184

355283,-72967

355283,-72971

355289,-74303

355289,-73615

355289,-74626

355289,-76529

355289,-78298

355290,-80208

355290,-82653

355290,-84720

355290,-86173

355290,-87794

355290,-89208

355290,-90234

355290,-90219

355291,-91090

355291,-91503

355291,-92236

355297,-93688

355297,-93466

355297,-95383

355297,-95889

355297,-98148

355298,-99249

355298,-98921

355298,-98588

355298,-99495

355298,-100034

355298,-100596

355298,-99859

355298,-100402

355299,-99321

355299,-98936

355299,-97618

355305,-98736

355305,-97943

355305,-98118

355305,-97711

355305,-97183

355306,-98757

355306,-98473

355306,-99424

355306,-99305

355306,-100267

355306,-101529

355306,-101737

355306,-102060

355307,-101811

355307,-101906

355307,-102071

355313,-101672

355313,-101995

355313,-102327

355313,-102541

355313,-102780

355314,-101884

355314,-100998

355314,-101304

355314,-100713

355314,-102128

355314,-102696

355314,-103101

355314,-102933

355315,-102974

355315,-103824

355315,-103115

355321,-102811

355321,-103014

355321,-102755

355321,-102375

355321,-103828

355322,-103080

355322,-103123

355322,-102913

355322,-103316

355322,-102857

355322,-103581

355322,-103336

355322,-102761

355323,-103167

355323,-103891

355323,-104716

355329,-104922

355329,-104795

355329,-105309

355329,-105586

355329,-107305

355330,-106911

355330,-108484

355330,-108885

355330,-109974

355330,-111519

355330,-111972

355330,-112493

355330,-113010

355331,-113795

355331,-114683

355331,-114961

355337,-115139

355337,-115733

355337,-115616

355337,-115951

355337,-116195

355338,-117145

355338,-115668

355338,-115384

355338,-116230

355338,-115151

355338,-115784

355338,-115498

355338,-114309

355339,-114418

355339,-115468

355339,-115347

355345,-116012

355345,-115572

355345,-115687

355345,-115567

355345,-114989

355346,-115054

355346,-114211

355346,-113034

355346,-113610

355346,-114192

355346,-114682

355346,-114270

355346,-114016

355347,-114825

355347,-114280

355347,-113856

355353,-114985

355353,-116117

355353,-116751

355353,-116538

355353,-117166

355354,-117785

355354,-118807

355354,-118663

355354,-118915

355354,-119454

355354,-120190

355354,-120043

355354,-119386

355355,-119170

355355,-119095

355355,-120358

355361,-120339

355361,-120348

355361,-120142

355361,-120525

355361,-120311

355362,-120048

355362,-120189

355362,-120350

355362,-120185

355362,-120238

355362,-120653

355362,-120307

355362,-120300

355363,-119877

355363,-119547

355363,-119367

355369,-118166

355369,-117438

355369,-117201

355369,-117465

355369,-116618

355370,-116592

355370,-117049

355370,-116219

355370,-115749

355370,-114706

355370,-114672

355370,-113761

355370,-112837

355371,-112256

355371,-110592

355371,-110551

355377,-110682

355377,-110442

355377,-110305

355377,-110650

355377,-111149

355378,-111048

355378,-111119

355378,-110452

355378,-109354

355378,-109757

355378,-110943

355378,-111022

355378,-111171

355379,-109461

355379,-110397

355379,-108910

355385,-109267

355385,-108855

355385,-108431

355385,-106475

355385,-107315

355386,-107012

355386,-106914

355386,-107424

355386,-105914

355386,-105223

355386,-105755

355386,-105457

355386,-105037

355387,-105461

355387,-104707

355387,-105480

355393,-105759

355393,-105697

355393,-106115

355393,-106530

355393,-105802

355394,-106083

355394,-106025

355394,-105892

355394,-105886

355394,-106469

355394,-106708

355394,-106735

355394,-107122

355395,-106663

355395,-106746

355395,-106861

355401,-106803

355401,-107714

355401,-108375

355401,-108075

355401,-109158

355402,-109764

355402,-110522

355402,-110868

355402,-111161

355402,-111370

355402,-112900

355402,-113022

355402,-113548

355403,-113737

355403,-114554

355403,-115017

355409,-115138

355409,-115656

355409,-116562

355409,-116123

355409,-116780

355410,-116766

355410,-116397

355410,-117508

355410,-117526

355410,-117152

355410,-117283

355410,-117556

355410,-118075

355411,-117675

355411,-117545

355411,-117128

355417,-116368

355417,-117755

355417,-117788

355417,-116474

355417,-116261

355418,-115261

355418,-114592

355418,-113510

355418,-113283

355418,-111648

355418,-111223

355418,-109984

355418,-110005

355419,-109168

355419,-109042

355419,-107736

355425,-107299

355425,-106391

355425,-104949

355425,-105595

355425,-103934

355426,-102521

355426,-101112

355426,-100050

355426,-99132

355426,-98397

355426,-96448

355426,-95539

355426,-94005

355427,-94490

355427,-94277

355427,-92646

355433,-92470

355433,-90497

355433,-89192

355433,-88736

355433,-86561

355434,-86890

355434,-84373

355434,-84094

355434,-82189

355434,-81424

355434,-81216

355434,-79362

355434,-77931

355435,-76672

355435,-76369

355435,-75691

355441,-74462

355441,-72121

355441,-70552

355441,-70209

355441,-69438

355442,-67295

355442,-65135

355442,-63615

355442,-61851

355442,-61149

355442,-60366

355442,-57817

355442,-57547

355443,-55688

355443,-55037

355443,-54409

355449,-53646

355449,-54296

355449,-54290

355449,-53723

355449,-53238

355450,-52404

355450,-51908

355450,-51809

355450,-53327

355450,-53147

355450,-52346

355450,-53080

355450,-52229

355451,-53102

355451,-52883

355451,-53452

355457,-52027

355457,-50745

355457,-51883

355457,-52207

355457,-52346

355458,-52254

355458,-51488

355458,-51789

355458,-51482

355458,-51172

355458,-51866

355458,-52665

355458,-52918

355459,-53886

355459,-54456

355459,-53968

355465,-55688

355465,-54724

355465,-56121

355465,-56778

355465,-57630

355466,-58178

355466,-57956

355466,-58643

355466,-59240

355466,-59998

355466,-61601

355466,-62150

355466,-63058

355467,-63491

355467,-63870

355467,-63717

355473,-64835

355473,-65706

355473,-65398

355473,-66401

355473,-65335

355474,-65552

355474,-66011

355474,-66974

355474,-67814

355474,-67080

355474,-68345

355474,-69863

355474,-71509

355475,-73813

355475,-74369

355475,-74298

355481,-75254

355481,-76621

355481,-76089

355481,-75903

355481,-77711

355482,-76177

355482,-77550

355482,-77411

355482,-77556

355482,-76984

355482,-77267

355482,-77000

355482,-77849

355483,-78604

355483,-77633

355483,-78217

355489,-77958

355489,-78466

355489,-78472

355489,-78955

355489,-78109

355490,-76270

355490,-75652

355490,-75475

355490,-75316

355490,-73816

355490,-73515

355490,-72617

355490,-72836

355491,-72140

355491,-71617

355491,-71419

355497,-69553

355497,-69077

355497,-68835

355497,-67971

355497,-67111

355498,-67508

355498,-65305

355498,-63419

355498,-60904

355498,-60255

355498,-58592

355498,-56434

355498,-54730

355499,-53042

355499,-49918

355499,-48353

355505,-45716

355505,-43668

355505,-41167

355505,-38917

355505,-35887

355506,-33920

355506,-31146

355506,-30018

355506,-27423

355506,-25330

355506,-24915

355506,-22473

355506,-21274

355507,-18513

355507,-16853

355507,-15296

355513,-14404

355513,-12668

355513,-10884

355513,-9997

355513,-9493

355514,-8879

355514,-8722

355514,-6880

355514,-5912

355514,-5475

355514,-5532

355514,-3663

355514,-2952

355515,-2261

355515,-2514

355515,-2760

355521,-2223

355521,-1679

355521,-581

355521,27

355521,178

355522,928

355522,1126

355522,1040

355522,1784

355522,1830

355522,3587

355522,3998

355522,4863

355523,5530

355523,5774

355523,6028

RAW_SUMMARY id=2 requested=6000 captured=6000 unused_capacity=0 max_pcm_abs=242473 raw_mean=-4357.0 raw_abs_mean=76003.9 raw_min=-196378 raw_max=242473 baseline=-1.2

OK RAW

