# run: clap_r1_2
# firmware: role=analyzer git=1c743a2 version=0.4.0
# imported-from: clap_2.log (mtime 2026-10-09T11:59:57)
RAW_INFO mode=i2s output=csv

RAW_INFO row_size=12

RAW_BEGIN id=7 sr=2000 trigger_ms=239221 command_ms=239207 emit_seen=1 emit_start_ms=239221 emit_done_ms=239317 f=3200 dur=100 pre_ms=0 post_ms=3000 decim=8 pre_samples=0 post_samples=6000 mode=i2s output=csv fields=ms,pcm

ms,pcm

239223,46800

239223,-26016

239223,42934

239223,-11880

239223,-1162

239223,36674

239223,-31070

239223,40028

239224,-7616

239224,-13742

239224,45228

239224,-41600

239224,47198

239224,-8182

239224,-14

239224,42746

239231,-34108

239231,46590

239231,-6410

239231,1154

239231,43346

239232,-34288

239232,45216

239232,-4468

239232,-3440

239232,49920

239232,-32280

239232,47734

239232,-2574

239233,2778

239233,44986

239233,-24094

239239,46894

239239,6962

239239,4476

239239,59188

239239,-26462

239240,57422

239240,9916

239240,7836

239240,66060

239240,-23066

239240,66134

239240,9596

239240,12910

239241,62812

239241,-19460

239241,68104

239247,12908

239247,10956

239247,66094

239247,-25358

239247,67344

239248,4708

239248,19582

239248,65672

239248,-15880

239248,70662

239248,13646

239248,16642

239248,67862

239249,-16618

239249,72666

239249,16568

239255,19626

239255,73624

239255,-13942

239255,74256

239255,17920

239256,24578

239256,77428

239256,-8170

239256,82162

239256,26072

239256,32806

239256,83850

239256,-4170

239257,85402

239257,23830

239257,29470

239263,80066

239263,-7276

239263,83836

239263,22048

239263,28586

239264,75650

239264,-16308

239264,77056

239264,13790

239264,20926

239264,69170

239264,-15354

239264,73936

239265,12852

239265,12494

239265,66594

239271,-29120

239271,58874

239271,1860

239271,-606

239271,55912

239272,-36696

239272,51032

239272,-5436

239272,-9768

239272,51004

239272,-45752

239272,43682

239272,-9370

239273,-15508

239273,42008

239273,-49846

239279,37636

239279,-13488

239279,-20702

239279,41474

239279,-54298

239280,35044

239280,-20310

239280,-25408

239280,32784

239280,-59120

239280,31650

239280,-24230

239280,-24724

239281,31338

239281,-59646

239281,28906

239287,-26900

239287,-29150

239287,25094

239287,-65348

239287,22286

239288,-32812

239288,-33836

239288,23478

239288,-69494

239288,19198

239288,-37226

239288,-44652

239288,10870

239289,-84238

239289,6228

239289,-49200

239295,-50880

239295,7700

239295,-87400

239295,832

239295,-54560

239296,-56350

239296,1728

239296,-90312

239296,1988

239296,-53294

239296,-54626

239296,7502

239296,-87454

239297,5354

239297,-49432

239297,-51026

239303,11244

239303,-82128

239303,9854

239303,-44854

239303,-42920

239304,17080

239304,-71500

239304,19256

239304,-32694

239304,-34216

239304,24634

239304,-69814

239304,24634

239305,-30804

239305,-30754

239305,27416

239311,-62450

239311,25872

239311,-30252

239311,-31572

239311,26778

239312,-65004

239312,28470

239312,-27254

239312,-23716

239312,38144

239312,-53590

239312,40472

239312,-13450

239313,-11610

239313,46566

239313,-43612

239319,49492

239319,-6398

239319,-3342

239319,53830

239319,-39708

239320,40108

239320,-8802

239320,5648

239320,33902

239320,-19262

239320,37624

239320,6768

239320,2052

239321,28796

239321,4498

239321,22184

239327,19734

239327,13486

239327,37000

239327,10600

239327,30786

239328,22400

239328,17210

239328,33840

239328,12192

239328,26096

239328,23312

239328,13600

239328,25724

239329,10142

239329,22382

239329,12542

239335,16622

239335,25020

239335,7576

239335,29396

239335,14560

239336,16958

239336,29834

239336,8876

239336,28750

239336,8782

239336,17356

239336,18706

239336,7848

239337,18498

239337,6360

239337,13114

239343,12816

239343,2578

239343,15174

239343,9926

239343,10356

239344,21332

239344,14064

239344,19228

239344,24552

239344,15974

239344,32586

239344,20166

239344,29414

239345,27810

239345,25580

239345,34174

239351,26498

239351,33852

239351,30398

239351,24034

239351,35538

239352,19442

239352,36198

239352,27270

239352,22536

239352,35972

239352,22510

239352,35282

239352,31800

239353,28518

239353,41254

239353,28828

239359,41650

239359,37124

239359,33876

239359,46218

239359,34260

239360,45056

239360,40098

239360,40018

239360,49234

239360,33610

239360,46378

239360,41608

239360,40350

239361,49674

239361,39788

239361,48438

239367,43440

239367,41632

239367,48562

239367,39278

239367,48330

239368,42734

239368,43310

239368,44514

239368,35216

239368,46690

239368,37522

239368,40774

239368,40524

239369,31008

239369,40596

239369,30132

239375,34976

239375,33942

239375,25490

239375,34482

239375,19766

239376,27902

239376,27640

239376,18908

239376,32084

239376,18994

239376,28818

239376,24720

239376,16956

239377,27074

239377,14294

239377,21800

239383,22214

239383,14120

239383,21726

239383,14340

239383,16274

239384,21926

239384,13978

239384,25088

239384,19258

239384,22322

239384,27924

239384,17460

239384,29388

239385,20384

239385,21304

239385,26434

239391,19892

239391,32440

239391,23028

239391,28696

239391,29582

239392,22798

239392,29546

239392,20416

239392,23764

239392,30568

239392,20590

239392,30988

239392,22122

239393,24626

239393,26126

239393,16954

239399,25804

239399,19522

239399,20946

239399,28322

239399,19554

239400,29622

239400,20266

239400,26348

239400,27724

239400,20638

239400,29064

239400,19644

239400,21918

239401,24172

239401,15216

239401,24346

239407,16040

239407,18362

239407,19024

239407,13526

239407,22174

239408,16180

239408,16784

239408,20536

239408,9504

239408,19358

239408,10196

239408,15354

239408,17322

239409,10054

239409,17862

239409,9980

239415,11990

239415,15108

239415,8606

239415,14552

239415,8922

239416,8634

239416,11284

239416,6042

239416,14180

239416,9996

239416,11892

239416,13136

239416,7874

239417,11072

239417,8712

239417,9830

239423,14118

239423,9840

239423,12830

239423,9034

239423,9850

239424,11388

239424,8020

239424,13636

239424,8454

239424,10138

239424,11304

239424,7188

239424,9188

239425,8572

239425,9116

239425,8166

239431,7332

239431,8130

239431,7218

239431,7776

239431,9230

239432,7728

239432,9172

239432,7778

239432,8038

239432,9398

239432,7490

239432,11680

239432,11212

239433,13376

239433,17284

239433,15858

239439,19148

239439,18998

239439,21624

239439,22314

239439,22236

239440,24860

239440,23498

239440,23334

239440,21462

239440,19644

239440,21988

239440,16286

239440,19736

239441,22714

239441,20814

239441,24210

239447,22526

239447,23550

239447,23856

239447,24686

239447,26190

239448,23920

239448,27390

239448,24120

239448,23348

239448,23778

239448,21504

239448,23260

239448,18520

239449,19430

239449,21238

239449,19694

239455,23002

239455,24070

239455,24610

239455,28454

239455,26954

239456,33540

239456,31972

239456,33428

239456,35420

239456,33904

239456,36160

239456,35314

239456,36168

239457,38306

239457,35666

239457,39968

239463,39636

239463,39360

239463,40614

239463,38144

239463,39672

239464,41382

239464,40964

239464,44560

239464,43834

239464,46746

239464,47882

239464,50036

239464,50436

239465,50374

239465,49594

239465,48838

239471,49888

239471,48854

239471,48700

239471,47612

239471,48544

239472,46018

239472,47656

239472,45726

239472,46726

239472,47406

239472,44286

239472,45562

239472,48902

239473,50302

239473,50450

239473,53730

239479,54310

239479,55028

239479,54146

239479,54386

239479,55488

239480,55296

239480,55578

239480,55758

239480,56030

239480,54212

239480,54194

239480,55144

239480,52972

239481,49814

239481,48184

239481,46974

239487,45418

239487,44336

239487,42216

239487,41244

239487,40664

239488,39410

239488,38464

239488,37894

239488,36178

239488,32828

239488,32006

239488,30832

239488,28694

239489,25880

239489,24420

239489,21844

239495,19414

239495,17490

239495,16238

239495,13528

239495,12072

239496,12332

239496,10854

239496,10706

239496,11382

239496,11948

239496,12586

239496,10092

239496,9722

239497,8346

239497,6824

239497,7532

239503,7948

239503,7542

239503,9002

239503,8166

239503,8028

239504,8828

239504,6714

239504,7572

239504,11018

239504,12570

239504,11660

239504,13696

239504,12716

239505,15016

239505,16682

239505,16938

239511,17540

239511,16790

239511,14294

239511,14534

239511,12946

239512,14800

239512,14042

239512,14064

239512,16998

239512,15904

239512,18416

239512,17360

239512,20536

239513,21664

239513,22594

239513,22974

239519,23952

239519,23504

239519,25712

239519,27140

239519,26274

239520,28592

239520,29450

239520,28216

239520,29444

239520,32756

239520,34738

239520,37204

239520,39300

239521,38640

239521,40804

239521,39748

239527,44636

239527,47136

239527,51012

239527,55258

239527,56164

239528,59418

239528,59430

239528,60242

239528,61966

239528,60796

239528,65650

239528,65138

239528,66582

239529,67940

239529,67568

239529,69278

239535,69670

239535,71232

239535,72818

239535,73184

239535,72852

239536,75254

239536,71790

239536,74722

239536,74230

239536,74102

239536,72826

239536,72544

239536,71986

239537,67670

239537,68622

239537,71230

239543,72066

239543,72348

239543,71104

239543,70212

239543,67156

239544,67562

239544,66118

239544,66480

239544,66472

239544,68158

239544,67530

239544,67606

239544,65350

239545,65514

239545,65844

239545,66356

239551,69208

239551,71348

239551,69388

239551,67402

239551,66302

239552,67704

239552,66842

239552,66708

239552,66468

239552,64994

239552,63584

239552,62444

239552,62824

239553,63608

239553,64312

239553,63472

239559,63998

239559,63518

239559,62532

239559,63014

239559,63522

239560,64846

239560,66586

239560,65820

239560,60944

239560,62508

239560,60170

239560,58506

239560,57792

239561,55638

239561,55224

239561,50508

239567,49146

239567,47020

239567,46036

239567,44618

239567,43860

239568,42828

239568,42000

239568,42028

239568,41246

239568,40160

239568,41652

239568,42062

239568,42176

239569,38390

239569,40680

239569,38786

239575,38942

239575,40116

239575,41176

239575,43296

239575,41434

239576,41634

239576,42942

239576,45604

239576,47358

239576,47278

239576,48730

239576,48284

239576,49592

239577,50764

239577,51172

239577,51766

239583,52658

239583,51862

239583,51282

239583,48232

239583,49234

239584,48874

239584,47314

239584,48300

239584,48034

239584,49222

239584,48206

239584,48730

239584,48644

239585,49502

239585,50512

239585,51162

239591,49550

239591,51614

239591,51220

239591,48842

239591,47388

239592,45068

239592,44328

239592,45626

239592,45534

239592,43310

239592,43882

239592,44668

239592,46034

239593,46622

239593,46072

239593,46238

239599,49236

239599,48744

239599,48346

239599,48038

239599,48348

239600,50454

239600,48644

239600,48232

239600,47204

239600,46532

239600,48528

239600,49816

239600,51166

239601,50248

239601,52548

239601,51410

239607,51252

239607,50070

239607,50114

239607,49256

239607,49462

239608,47336

239608,46620

239608,44740

239608,42630

239608,41528

239608,40738

239608,39464

239608,38888

239609,35958

239609,34730

239609,31172

239615,30692

239615,31336

239615,28938

239615,29330

239615,28360

239616,26398

239616,26470

239616,26466

239616,26278

239616,26228

239616,24788

239616,24262

239616,22740

239617,23154

239617,21820

239617,21050

239623,21832

239623,19228

239623,19134

239623,18398

239623,19888

239624,19486

239624,20860

239624,20180

239624,20530

239624,20170

239624,20414

239624,17972

239624,18208

239625,14910

239625,14658

239625,13822

239631,11060

239631,9462

239631,5404

239631,2094

239631,-98

239632,-1620

239632,-704

239632,-2552

239632,-3696

239632,-4866

239632,-6036

239632,-7230

239632,-9782

239633,-10318

239633,-11484

239633,-13700

239639,-13728

239639,-13806

239639,-15008

239639,-15826

239639,-16404

239640,-17316

239640,-17086

239640,-19370

239640,-17902

239640,-20254

239640,-18940

239640,-19600

239640,-19436

239641,-19676

239641,-20540

239641,-21424

239647,-20678

239647,-21104

239647,-21760

239647,-17964

239647,-18882

239648,-16226

239648,-16918

239648,-14418

239648,-11832

239648,-11014

239648,-9730

239648,-6018

239648,-4154

239649,-3826

239649,-1424

239649,-836

239655,-1516

239655,468

239655,1394

239655,3002

239655,2766

239656,2828

239656,2422

239656,2992

239656,4344

239656,4726

239656,5312

239656,8058

239656,8104

239657,8012

239657,12398

239657,11780

239663,11394

239663,13222

239663,12992

239663,14436

239663,12850

239664,14268

239664,15468

239664,16152

239664,17562

239664,19160

239664,17298

239664,17704

239664,16506

239665,16562

239665,16954

239665,19640

239671,20746

239671,21932

239671,22850

239671,22370

239671,22452

239672,19526

239672,19090

239672,17122

239672,14326

239672,10664

239672,9832

239672,9410

239672,8396

239673,7856

239673,7786

239673,7510

239679,5704

239679,1842

239679,1232

239679,776

239679,-980

239680,-4054

239680,-2584

239680,-6676

239680,-8630

239680,-9750

239680,-13560

239680,-15630

239680,-17270

239681,-16714

239681,-16686

239681,-18192

239687,-17030

239687,-16852

239687,-18520

239687,-19494

239687,-20504

239688,-21914

239688,-21854

239688,-25048

239688,-24462

239688,-25202

239688,-27076

239688,-26874

239688,-26490

239689,-27426

239689,-26110

239689,-26038

239695,-25858

239695,-27012

239695,-26972

239695,-26390

239695,-25654

239696,-26868

239696,-24976

239696,-24764

239696,-23878

239696,-23952

239696,-23486

239696,-24270

239696,-24014

239697,-23346

239697,-24592

239697,-23280

239703,-24168

239703,-24834

239703,-25018

239703,-20852

239703,-21058

239704,-19606

239704,-19516

239704,-15300

239704,-13022

239704,-13060

239704,-9796

239704,-8614

239704,-8046

239705,-8360

239705,-9728

239705,-9488

239711,-8246

239711,-6842

239711,-8750

239711,-7236

239711,-5778

239712,-3982

239712,-2000

239712,-802

239712,742

239712,-490

239712,-1744

239712,-256

239712,-256

239713,1334

239713,92

239713,-1634

239719,-1418

239719,-904

239719,-4064

239719,-3762

239719,-5636

239720,-4894

239720,-1366

239720,-1634

239720,26

239720,1908

239720,698

239720,960

239720,1308

239721,2288

239721,1588

239721,1142

239727,3328

239727,3650

239727,5444

239727,4092

239727,4004

239728,6036

239728,5560

239728,5948

239728,6472

239728,9650

239728,7720

239728,7836

239728,10206

239729,11628

239729,9076

239729,7934

239735,9240

239735,9364

239735,7510

239735,10478

239735,9084

239736,9142

239736,10218

239736,8500

239736,8066

239736,7972

239736,8476

239736,10188

239736,8316

239737,10896

239737,10054

239737,9524

239743,8828

239743,7366

239743,6336

239743,9022

239743,7206

239744,6656

239744,6102

239744,5588

239744,3962

239744,3606

239744,4138

239744,4180

239744,3822

239745,2674

239745,1040

239745,1418

239751,3002

239751,1248

239751,1048

239751,58

239751,-2368

239752,-1630

239752,-4382

239752,-3822

239752,-2418

239752,-5500

239752,-7342

239752,-8184

239752,-6834

239753,-6830

239753,-6190

239753,-5276

239759,-5360

239759,-6492

239759,-7726

239759,-7008

239759,-8714

239760,-11342

239760,-11770

239760,-12250

239760,-13616

239760,-13190

239760,-12350

239760,-11354

239760,-13870

239761,-12748

239761,-15388

239761,-14882

239767,-14668

239767,-16310

239767,-15028

239767,-14448

239767,-14368

239768,-9448

239768,-8222

239768,-8506

239768,-6496

239768,-5868

239768,-5176

239768,-6252

239768,-2998

239769,-3604

239769,-3546

239769,-4564

239775,-5952

239775,-6190

239775,-6016

239775,-5338

239775,-4088

239776,-3174

239776,-3178

239776,-2354

239776,-2560

239776,-540

239776,-2116

239776,-2632

239776,-5124

239777,-5204

239777,-4660

239777,-4484

239783,-5328

239783,-5646

239783,-3160

239783,-2448

239783,-2908

239784,-4586

239784,-4264

239784,-2114

239784,-4396

239784,-3174

239784,-6492

239784,-6214

239784,-6062

239785,-5466

239785,-5908

239785,-9128

239791,-7206

239791,-8850

239791,-8524

239791,-5674

239791,-7250

239792,-9616

239792,-11858

239792,-13328

239792,-12206

239792,-9082

239792,-10768

239792,-12730

239792,-12744

239793,-14552

239793,-15008

239793,-18092

239799,-16154

239799,-17502

239799,-19574

239799,-19884

239799,-21302

239800,-22912

239800,-24298

239800,-23952

239800,-22544

239800,-26530

239800,-24814

239800,-23746

239800,-23084

239801,-22676

239801,-21238

239801,-20170

239807,-20306

239807,-19426

239807,-20190

239807,-20462

239807,-22064

239808,-20308

239808,-21476

239808,-20500

239808,-19272

239808,-20230

239808,-19286

239808,-20096

239808,-20508

239809,-18068

239809,-17786

239809,-16536

239815,-16278

239815,-14558

239815,-17040

239815,-15866

239815,-13670

239816,-13454

239816,-13932

239816,-15226

239816,-17614

239816,-19558

239816,-19450

239816,-21488

239816,-22878

239817,-22704

239817,-24716

239817,-25430

239823,-26216

239823,-28348

239823,-28792

239823,-29062

239823,-30284

239824,-29424

239824,-28622

239824,-28778

239824,-29568

239824,-27572

239824,-25194

239824,-23206

239824,-22000

239825,-23146

239825,-24124

239825,-24380

239831,-23070

239831,-21586

239831,-20122

239831,-19212

239831,-20958

239832,-19986

239832,-20998

239832,-22450

239832,-25096

239832,-25478

239832,-25648

239832,-24832

239832,-23778

239833,-22878

239833,-23166

239833,-26658

239839,-27746

239839,-28432

239839,-31524

239839,-34946

239839,-35910

239840,-35976

239840,-37694

239840,-37644

239840,-36910

239840,-37494

239840,-38884

239840,-37652

239840,-38370

239841,-38470

239841,-39264

239841,-37590

239847,-36460

239847,-34488

239847,-30848

239847,-28376

239847,-27636

239848,-26654

239848,-24556

239848,-23974

239848,-22046

239848,-20966

239848,-17044

239848,-18760

239848,-17610

239849,-15752

239849,-12070

239849,-10460

239855,-11378

239855,-8562

239855,-10412

239855,-11084

239855,-8238

239856,-7292

239856,-6096

239856,-4784

239856,-2580

239856,-2072

239856,-794

239856,-1594

239856,258

239857,934

239857,2234

239857,2556

239863,1428

239863,4918

239863,2722

239863,3970

239863,4388

239864,4822

239864,4780

239864,2492

239864,2824

239864,1758

239864,3730

239864,5112

239864,5842

239865,7236

239865,5236

239865,4384

239871,5288

239871,4282

239871,4230

239871,3760

239871,3796

239872,4614

239872,1540

239872,2602

239872,1358

239872,968

239872,1670

239872,1814

239872,230

239873,1268

239873,2030

239873,4646

239879,7446

239879,5522

239879,7744

239879,4032

239879,3434

239880,2710

239880,2022

239880,1090

239880,1414

239880,2134

239880,1672

239880,506

239880,350

239881,-1312

239881,-1010

239881,-2516

239887,-3216

239887,-2114

239887,90

239887,-2050

239887,-3514

239888,-1114

239888,-246

239888,2166

239888,2574

239888,2630

239888,2432

239888,3280

239888,4968

239889,6596

239889,7506

239889,7852

239895,7898

239895,7468

239895,9696

239895,11386

239895,11070

239896,13602

239896,12146

239896,11562

239896,12526

239896,10770

239896,12802

239896,13962

239896,13114

239897,11388

239897,12256

239897,12592

239903,11734

239903,10684

239903,11228

239903,9866

239903,10754

239904,12114

239904,13472

239904,14006

239904,15516

239904,14588

239904,14420

239904,16038

239904,13928

239905,13298

239905,13798

239905,14028

239911,17818

239911,18852

239911,22364

239911,22042

239911,22308

239912,23100

239912,24128

239912,23840

239912,25932

239912,26542

239912,26814

239912,28468

239912,30008

239913,30864

239913,34230

239913,36652

239919,35176

239919,36480

239919,36708

239919,35768

239919,36670

239920,35908

239920,37334

239920,36560

239920,37858

239920,39472

239920,39306

239920,39574

239920,39600

239921,40010

239921,37160

239921,37824

239927,38320

239927,39716

239927,38294

239927,35700

239927,35188

239928,35894

239928,33284

239928,33118

239928,29994

239928,31212

239928,31818

239928,32894

239928,35030

239929,36516

239929,37516

239929,35542

239935,35850

239935,35872

239935,33364

239935,33922

239935,32258

239936,34536

239936,34268

239936,30394

239936,31270

239936,29608

239936,29538

239936,31570

239936,32226

239937,31474

239937,31942

239937,26216

239943,24820

239943,21936

239943,21036

239943,18860

239943,17014

239944,15694

239944,12468

239944,11928

239944,9964

239944,4406

239944,4148

239944,990

239944,-36

239945,-3760

239945,-6764

239945,-8964

239951,-9812

239951,-10050

239951,-11068

239951,-10826

239951,-17326

239952,-17094

239952,-15020

239952,-15086

239952,-15910

239952,-18404

239952,-17396

239952,-18512

239952,-20204

239953,-19280

239953,-21976

239953,-23002

239959,-22164

239959,-22076

239959,-22886

239959,-22110

239959,-23306

239960,-24746

239960,-23232

239960,-21236

239960,-20356

239960,-18812

239960,-17158

239960,-15844

239960,-16332

239961,-15314

239961,-16314

239961,-15264

239967,-15304

239967,-12404

239967,-9586

239967,-10524

239967,-7840

239968,-6800

239968,-5022

239968,-2634

239968,126

239968,2856

239968,4268

239968,9272

239968,11474

239969,15952

239969,17330

239969,19338

239975,24420

239975,24134

239975,27186

239975,30210

239975,30812

239976,34188

239976,36830

239976,36892

239976,38952

239976,40454

239976,43068

239976,44310

239976,44604

239977,45160

239977,46452

239977,48902

239983,50306

239983,53008

239983,56460

239983,58622

239983,57894

239984,59784

239984,60400

239984,60788

239984,61338

239984,59600

239984,58922

239984,60912

239984,61436

239985,61434

239985,61180

239985,60912

239991,60462

239991,58108

239991,58394

239991,55472

239991,54022

239992,51036

239992,50562

239992,50846

239992,49432

239992,48892

239992,47814

239992,50112

239992,45676

239993,46386

239993,42594

239993,41368

239999,44346

239999,44640

239999,44880

239999,42680

239999,42366

240000,44640

240000,44804

240000,43628

240000,41696

240000,41652

240000,43244

240000,43648

240000,42546

240001,37096

240001,30634

240001,34390

240007,34522

240007,29562

240007,26494

240007,24940

240007,24596

240008,26912

240008,23758

240008,22802

240008,25184

240008,26212

240008,28400

240008,27080

240008,25936

240009,30296

240009,32528

240009,34116

240015,31134

240015,28496

240015,34664

240015,44282

240015,42988

240016,38278

240016,38914

240016,44706

240016,49452

240016,55932

240016,55878

240016,53342

240016,56342

240017,65584

240017,69538

240017,74324

240023,73602

240023,74000

240023,79396

240023,86790

240023,89896

240024,89924

240024,92772

240024,94516

240024,101200

240024,105728

240024,106106

240024,108742

240024,113166

240025,115730

240025,122014

240025,120768

240031,126122

240031,132594

240031,136418

240031,137428

240031,140000

240032,146356

240032,149874

240032,152900

240032,156128

240032,164396

240032,166676

240032,172080

240032,170614

240033,171312

240033,176238

240033,181200

240039,183866

240039,181550

240039,181022

240039,180626

240039,189652

240040,195394

240040,196818

240040,196594

240040,198782

240040,202654

240040,208564

240040,212456

240040,216298

240041,220362

240041,224296

240041,228230

240047,235186

240047,239354

240047,241280

240047,246176

240047,244476

240048,246524

240048,244392

240048,247684

240048,249456

240048,250846

240048,249844

240048,249412

240048,252346

240049,253466

240049,252972

240049,255728

240055,253842

240055,259064

240055,260630

240055,267446

240055,270078

240056,277030

240056,284720

240056,300122

240056,321350

240056,351796

240056,397872

240056,431030

240056,516146

240057,1074134

240057,-549504

240057,1553120

240063,2239630

240063,2904010

240063,3917034

240063,-2942318

240063,-1456068

240064,0

240064,7962234

240064,-6516684

240064,-5786454

240064,-2098420

240064,2738814

240064,-752934

240064,-8356454

240065,3838774

240065,440570

240065,-2393186

240071,82982

240071,-427568

240071,1161162

240071,72084

240071,4214600

240072,-1987930

240072,-481184

240072,3623594

240072,-2556974

240072,-87190

240072,210764

240072,321066

240072,-2937972

240073,1146510

240073,-1029018

240073,2703650

240079,3488780

240079,1502836

240079,-954900

240079,1836512

240079,2745508

240080,1423192

240080,1359790

240080,-877228

240080,1686014

240080,70348

240080,432066

240080,1796614

240080,1150822

240081,-412718

240081,458118

240081,-55756

240087,1372730

240087,1100688

240087,456452

240087,1438462

240087,462258

240088,254302

240088,-1181798

240088,-519090

240088,1163810

240088,-464554

240088,1614564

240088,1010914

240088,1165144

240089,-320438

240089,807500

240089,942524

240095,589566

240095,1554086

240095,121714

240095,268354

240095,1283372

240096,163678

240096,857130

240096,983238

240096,590240

240096,-188844

240096,219104

240096,-294016

240096,808408

240097,1108980

240097,-116862

240097,614014

240103,643328

240103,274442

240103,1074530

240103,677776

240103,704390

240104,335046

240104,1070380

240104,762116

240104,417886

240104,844602

240104,736204

240104,910344

240104,-4306

240105,415592

240105,966662

240105,544240

240111,518276

240111,75006

240111,706256

240111,-290042

240111,216838

240112,404756

240112,505258

240112,745726

240112,651518

240112,889310

240112,48526

240112,1190678

240112,316762

240113,782250

240113,989816

240113,274078

240119,-202566

240119,569668

240119,-226358

240119,1286948

240119,582864

240120,1102046

240120,-31804

240120,371688

240120,356716

240120,517478

240120,282990

240120,-66246

240120,388484

240121,505968

240121,242698

240121,723384

240127,206590

240127,423164

240127,563546

240127,291222

240127,45426

240128,-4648

240128,775794

240128,589348

240128,415280

240128,611426

240128,87402

240128,481358

240128,-486916

240129,824060

240129,11834

240129,488254

240135,200758

240135,303670

240135,53662

240135,229308

240135,157614

240136,-22918

240136,167316

240136,230204

240136,202486

240136,225952

240136,-191998

240136,359998

240136,163028

240137,207334

240137,-41620

240137,252000

240143,-2576

240143,259912

240143,182278

240143,401750

240143,17778

240144,140702

240144,332200

240144,498220

240144,-95326

240144,371348

240144,162210

240144,375426

240144,375618

240145,366196

240145,-212446

240145,251516

240151,210300

240151,-285104

240151,330382

240151,167740

240151,252932

240152,-12602

240152,79042

240152,323916

240152,-118594

240152,592898

240152,375036

240152,185438

240152,-47098

240153,550976

240153,286652

240153,168546

240159,-165536

240159,298712

240159,715720

240159,146638

240159,2122

240160,196388

240160,192106

240160,228784

240160,167998

240160,291748

240160,220350

240160,192078

240160,145878

240161,29070

240161,150002

240161,252830

240167,585746

240167,313382

240167,95468

240167,6160

240167,239640

240168,-249450

240168,300180

240168,289274

240168,265284

240168,530112

240168,9910

240168,227754

240168,138928

240169,-64694

240169,400104

240169,217838

240175,316480

240175,483066

240175,-8204

240175,154444

240175,217290

240176,-15890

240176,123486

240176,380590

240176,287438

240176,535928

240176,317202

240176,230472

240176,117968

240177,343756

240177,368948

240177,209034

240183,509592

240183,341340

240183,100348

240183,-74614

240183,417286

240184,328292

240184,11200

240184,416646

240184,85866

240184,344622

240184,194696

240184,479470

240184,285348

240185,161760

240185,180364

240185,64778

240191,346470

240191,304254

240191,296220

240191,216084

240191,4066

240192,149262

240192,62924

240192,508236

240192,256388

240192,569960

240192,363660

240192,320288

240192,476458

240193,139108

240193,589264

240193,442948

240199,456260

240199,286958

240199,198408

240199,466346

240199,80418

240200,143600

240200,116198

240200,720

240200,124408

240200,96112

240200,-49586

240200,-101398

240200,260230

240201,250648

240201,246772

240201,252308

240207,240546

240207,216496

240207,382474

240207,360870

240207,164888

240208,155180

240208,295556

240208,176888

240208,334374

240208,129910

240208,209846

240208,23136

240208,119324

240209,140938

240209,102716

240209,159804

240215,35890

240215,120470

240215,321536

240215,99684

240215,-5452

240216,265862

240216,-80924

240216,119278

240216,146968

240216,62846

240216,202850

240216,191188

240216,207334

240217,105122

240217,210272

240217,216170

240223,158400

240223,228686

240223,187858

240223,201932

240223,246480

240224,340674

240224,288070

240224,230932

240224,235608

240224,101590

240224,132560

240224,267052

240224,331168

240225,309726

240225,195636

240225,241998

240231,225370

240231,351164

240231,352740

240231,278574

240231,272418

240232,215602

240232,215634

240232,301662

240232,292812

240232,224112

240232,288642

240232,334628

240232,161992

240233,195078

240233,321020

240233,211564

240239,217414

240239,233182

240239,212130

240239,276088

240239,249448

240240,298012

240240,224308

240240,296892

240240,274780

240240,328328

240240,348392

240240,245176

240240,251690

240241,281844

240241,277942

240241,287372

240247,292934

240247,331576

240247,303406

240247,253362

240247,300338

240248,356696

240248,293706

240248,315620

240248,329842

240248,333638

240248,358918

240248,333300

240248,290492

240249,316748

240249,272276

240249,316752

240255,370074

240255,424424

240255,267046

240255,332050

240255,366826

240256,313806

240256,323874

240256,306196

240256,361714

240256,335992

240256,299414

240256,314660

240256,318950

240257,348768

240257,351908

240257,285304

240263,354518

240263,265910

240263,337960

240263,398354

240263,352776

240264,378942

240264,334144

240264,312056

240264,353752

240264,299542

240264,289126

240264,263970

240264,353676

240265,253522

240265,285908

240265,335584

240271,284436

240271,300610

240271,252530

240271,287072

240271,242314

240272,317188

240272,320834

240272,329010

240272,310698

240272,234512

240272,325764

240272,320856

240272,259168

240273,313868

240273,316852

240273,278374

240279,280924

240279,272428

240279,256888

240279,318982

240279,329024

240280,240244

240280,234946

240280,267082

240280,321270

240280,245726

240280,265386

240280,280068

240280,329236

240281,301292

240281,312400

240281,256988

240287,313002

240287,289822

240287,288932

240287,284046

240287,270574

240288,269154

240288,284000

240288,233754

240288,282044

240288,254608

240288,271712

240288,291652

240288,277678

240289,226732

240289,269108

240289,294258

240295,249450

240295,257696

240295,286488

240295,247620

240295,273014

240296,222584

240296,243842

240296,299006

240296,246414

240296,288630

240296,273476

240296,235086

240296,266542

240297,247146

240297,249116

240297,258484

240303,260820

240303,245822

240303,278202

240303,218160

240303,269320

240304,241246

240304,263222

240304,281612

240304,238530

240304,237354

240304,273396

240304,265400

240304,264812

240305,262492

240305,242866

240305,241712

240311,201778

240311,250664

240311,228032

240311,240610

240311,222744

240312,239822

240312,256638

240312,254668

240312,246450

240312,216414

240312,249660

240312,219606

240312,274692

240313,241268

240313,248580

240313,217066

240319,239098

240319,253832

240319,213016

240319,235660

240319,230496

240320,252872

240320,260078

240320,239668

240320,269266

240320,257334

240320,276544

240320,262098

240320,280058

240321,283064

240321,254726

240321,249274

240327,278842

240327,269532

240327,249288

240327,265372

240327,257838

240328,288118

240328,259500

240328,278552

240328,259392

240328,279422

240328,265930

240328,284770

240328,262910

240329,268264

240329,260870

240329,278654

240335,265888

240335,247736

240335,286700

240335,249806

240335,262094

240336,246166

240336,257776

240336,268346

240336,255694

240336,257004

240336,249208

240336,274644

240336,242872

240337,261822

240337,266420

240337,256622

240343,258298

240343,275874

240343,273724

240343,255908

240343,287670

240344,238636

240344,273976

240344,260910

240344,260494

240344,248122

240344,258420

240344,270210

240344,255234

240345,282252

240345,259816

240345,261368

240351,267332

240351,259566

240351,239704

240351,249694

240351,243884

240352,258440

240352,241060

240352,237242

240352,235390

240352,231966

240352,228552

240352,205774

240352,229440

240353,224034

240353,219338

240353,210668

240359,212572

240359,205776

240359,212544

240359,209662

240359,201500

240360,219728

240360,219978

240360,208836

240360,216832

240360,216458

240360,219844

240360,207438

240360,220896

240361,219652

240361,223530

240361,219724

240367,214848

240367,216254

240367,228100

240367,204828

240367,210130

240368,218154

240368,219722

240368,219380

240368,200278

240368,222360

240368,199898

240368,214014

240368,205710

240369,214216

240369,212956

240369,196668

240375,201906

240375,196490

240375,193026

240375,198084

240375,189504

240376,187676

240376,181838

240376,189166

240376,190898

240376,182398

240376,178950

240376,181788

240376,166578

240377,175350

240377,171952

240377,175130

240383,158070

240383,161028

240383,170090

240383,162364

240383,165480

240384,159728

240384,169168

240384,171870

240384,160656

240384,167884

240384,172438

240384,178550

240384,171280

240385,175942

240385,172046

240385,163402

240391,161424

240391,170516

240391,159708

240391,159814

240391,142596

240392,144330

240392,145110

240392,144236

240392,136460

240392,127246

240392,132426

240392,140808

240392,121212

240393,120336

240393,115474

240393,102888

240399,103932

240399,96630

240399,97608

240399,85834

240399,96438

240400,86358

240400,86528

240400,84686

240400,76470

240400,80500

240400,83142

240400,80288

240400,89552

240401,94746

240401,92764

240401,99886

240407,99784

240407,102732

240407,117082

240407,110826

240407,117762

240408,115930

240408,117798

240408,131718

240408,118932

240408,136102

240408,137620

240408,132766

240408,127868

240409,139034

240409,148624

240409,133990

240415,139830

240415,140074

240415,142430

240415,144106

240415,142496

240416,139740

240416,141288

240416,146918

240416,142596

240416,134044

240416,138772

240416,142178

240416,137730

240417,136244

240417,137882

240417,132918

240423,131380

240423,118152

240423,126428

240423,124702

240423,118678

240424,129104

240424,122052

240424,124070

240424,112646

240424,105970

240424,117380

240424,118952

240424,117030

240425,118822

240425,107020

240425,117392

240431,114376

240431,118566

240431,119782

240431,123748

240431,125976

240432,112054

240432,116158

240432,114642

240432,115512

240432,124604

240432,120826

240432,122696

240432,116110

240433,116594

240433,116928

240433,117144

240439,124772

240439,118956

240439,123856

240439,121818

240439,116846

240440,116068

240440,119986

240440,119434

240440,121038

240440,118960

240440,117652

240440,117532

240440,117802

240441,113062

240441,107898

240441,110386

240447,110126

240447,111162

240447,110144

240447,112566

240447,105232

240448,106260

240448,104286

240448,107934

240448,106766

240448,108438

240448,105280

240448,101062

240448,98972

240449,92902

240449,95604

240449,88452

240455,87918

240455,79176

240455,83624

240455,76700

240455,72076

240456,79964

240456,75876

240456,77480

240456,78522

240456,69836

240456,70608

240456,69164

240456,75194

240457,72688

240457,73404

240457,75224

240463,70936

240463,73486

240463,71476

240463,78646

240463,77438

240464,79290

240464,83928

240464,81148

240464,89306

240464,88774

240464,89822

240464,93462

240464,92638

240465,93822

240465,99226

240465,98336

240471,101750

240471,104098

240471,102106

240471,101552

240471,99284

240472,103574

240472,103916

240472,103174

240472,106186

240472,104420

240472,102382

240472,105492

240472,103348

240473,96106

240473,99938

240473,101162

240479,100852

240479,101066

240479,104682

240479,101910

240479,96608

240480,96050

240480,100868

240480,96418

240480,104194

240480,102740

240480,101124

240480,103974

240480,105396

240481,105020

240481,111558

240481,112390

240487,118344

240487,113148

240487,111186

240487,114548

240487,109442

240488,117020

240488,110794

240488,110474

240488,110794

240488,109796

240488,105492

240488,104198

240488,101230

240489,103358

240489,104080

240489,104284

240495,106888

240495,106452

240495,103510

240495,105322

240495,105232

240496,106556

240496,103274

240496,101018

240496,96896

240496,97170

240496,96110

240496,96006

240496,92952

240497,94324

240497,92044

240497,91100

240503,90206

240503,89234

240503,90864

240503,91692

240503,93410

240504,91874

240504,89712

240504,93448

240504,91552

240504,97530

240504,96342

240504,95500

240504,93254

240505,94118

240505,97994

240505,92374

240511,95106

240511,94890

240511,93828

240511,95024

240511,92972

240512,90068

240512,94808

240512,92644

240512,97286

240512,90808

240512,93864

240512,90502

240512,90086

240513,94942

240513,91032

240513,92956

240519,94424

240519,89234

240519,85820

240519,83480

240519,83334

240520,80608

240520,80982

240520,82498

240520,80022

240520,83926

240520,86538

240520,85540

240520,90922

240521,87576

240521,89746

240521,94914

240527,95572

240527,100300

240527,98892

240527,106066

240527,107064

240528,107910

240528,112358

240528,108490

240528,105308

240528,106892

240528,106528

240528,109732

240528,105850

240529,108098

240529,103784

240529,106970

240535,107598

240535,104378

240535,104908

240535,104290

240535,104248

240536,105730

240536,102188

240536,104988

240536,106798

240536,106144

240536,108634

240536,108830

240536,109304

240537,111442

240537,115660

240537,122320

240543,122728

240543,126334

240543,133252

240543,137712

240543,141108

240544,145924

240544,150198

240544,150258

240544,152960

240544,158984

240544,161246

240544,161318

240544,164626

240545,163056

240545,162278

240545,166712

240551,166164

240551,166688

240551,166062

240551,167122

240551,164750

240552,164992

240552,169140

240552,171168

240552,169856

240552,171098

240552,169682

240552,174504

240552,173614

240553,171750

240553,172340

240553,172934

240559,171374

240559,171728

240559,172460

240559,171242

240559,169912

240560,172410

240560,172078

240560,171170

240560,171378

240560,171828

240560,173564

240560,175486

240560,178528

240561,176430

240561,174554

240561,172726

240567,173420

240567,174158

240567,178930

240567,181236

240567,181764

240568,179140

240568,178936

240568,176556

240568,170450

240568,171386

240568,171330

240568,167000

240568,169162

240569,165592

240569,164204

240569,162930

240575,161834

240575,164212

240575,161114

240575,156778

240575,157338

240576,154828

240576,154566

240576,153532

240576,154688

240576,151808

240576,149846

240576,149974

240576,146656

240577,147748

240577,145008

240577,144134

240583,142384

240583,144772

240583,144944

240583,143420

240583,140526

240584,139386

240584,138986

240584,136562

240584,135088

240584,135776

240584,136878

240584,133618

240584,130960

240585,128318

240585,133102

240585,133536

240591,134732

240591,134186

240591,131246

240591,131166

240591,129296

240592,132310

240592,131304

240592,130756

240592,133356

240592,132644

240592,134032

240592,128158

240592,125290

240593,123552

240593,123212

240593,121018

240599,119814

240599,119478

240599,114808

240599,115272

240599,115202

240600,110976

240600,111176

240600,113352

240600,111574

240600,116022

240600,115104

240600,119994

240600,119770

240601,118464

240601,121716

240601,119042

240607,121664

240607,122230

240607,120610

240607,118928

240607,117992

240608,120586

240608,116704

240608,117136

240608,116660

240608,116818

240608,120296

240608,117092

240608,118656

240609,117432

240609,117596

240609,121332

240615,124522

240615,125840

240615,122342

240615,119384

240615,122040

240616,120760

240616,123368

240616,121748

240616,123584

240616,126284

240616,126594

240616,126226

240616,128892

240617,129258

240617,132922

240617,131316

240623,133022

240623,136170

240623,136198

240623,139090

240623,144144

240624,142764

240624,142836

240624,143192

240624,144314

240624,142778

240624,143980

240624,143212

240624,143422

240625,143670

240625,145132

240625,141156

240631,140670

240631,137142

240631,138340

240631,138470

240631,138026

240632,139938

240632,138646

240632,141390

240632,140348

240632,140746

240632,140858

240632,141458

240632,143030

240633,140004

240633,136888

240633,136476

240639,137150

240639,137096

240639,139268

240639,136178

240639,135786

240640,133448

240640,132542

240640,133154

240640,132150

240640,131846

240640,131310

240640,131392

240640,129106

240641,130972

240641,132882

240641,134106

240647,130170

240647,132282

240647,132918

240647,132536

240647,130778

240648,129302

240648,127930

240648,127216

240648,130190

240648,126354

240648,124858

240648,121362

240648,118192

240649,119326

240649,116340

240649,112590

240655,111122

240655,108838

240655,108608

240655,105930

240655,104334

240656,99688

240656,94736

240656,94968

240656,90388

240656,90328

240656,87250

240656,84682

240656,85392

240657,83302

240657,85728

240657,83584

240663,81556

240663,80804

240663,83090

240663,84310

240663,86434

240664,82878

240664,84938

240664,80514

240664,78904

240664,78790

240664,78344

240664,77250

240664,76936

240665,77904

240665,78602

240665,74880

240671,76450

240671,76506

240671,74658

240671,73468

240671,71214

240672,72968

240672,70494

240672,69898

240672,68582

240672,66914

240672,64468

240672,62752

240672,60552

240673,58688

240673,62272

240673,61948

240679,60334

240679,60262

240679,57438

240679,59388

240679,60910

240680,60876

240680,60530

240680,64912

240680,64452

240680,64672

240680,63108

240680,64502

240680,65744

240681,68478

240681,71282

240681,71994

240687,72642

240687,70672

240687,73854

240687,69686

240687,71192

240688,69712

240688,68830

240688,67970

240688,69412

240688,68970

240688,68100

240688,67414

240688,70058

240689,69592

240689,73962

240689,74640

240695,75262

240695,74574

240695,79254

240695,80534

240695,81292

240696,82198

240696,81890

240696,82314

240696,87560

240696,87122

240696,86766

240696,86692

240696,88654

240697,88800

240697,83530

240697,83158

240703,83902

240703,82972

240703,82428

240703,77832

240703,75412

240704,75766

240704,75152

240704,73720

240704,70156

240704,68994

240704,67892

240704,67246

240704,68268

240705,67124

240705,66552

240705,68402

240711,69294

240711,67768

240711,68078

240711,68662

240711,65156

240712,66262

240712,65706

240712,66650

240712,67428

240712,66718

240712,67616

240712,64940

240712,64418

240713,65856

240713,65596

240713,64398

240719,63042

240719,59020

240719,58636

240719,58728

240719,54850

240720,47814

240720,48614

240720,42918

240720,39908

240720,39452

240720,36700

240720,34732

240720,37664

240721,34462

240721,34120

240721,34404

240727,31510

240727,32430

240727,32700

240727,29124

240727,27372

240728,25612

240728,22212

240728,23422

240728,22708

240728,22298

240728,18926

240728,15606

240728,13620

240729,11252

240729,6232

240729,6420

240735,5740

240735,4000

240735,2820

240735,-122

240735,-2118

240736,-6542

240736,-6172

240736,-7350

240736,-10854

240736,-13288

240736,-16322

240736,-17200

240736,-17332

240737,-20420

240737,-23274

240737,-24946

240743,-22730

240743,-19274

240743,-17558

240743,-20940

240743,-19296

240744,-19038

240744,-16348

240744,-13780

240744,-13372

240744,-16464

240744,-20690

240744,-21366

240744,-24236

240745,-25680

240745,-29446

240745,-30192

240751,-33210

240751,-35770

240751,-38330

240751,-39038

240751,-40786

240752,-40954

240752,-43598

240752,-44008

240752,-48330

240752,-48798

240752,-52296

240752,-54460

240752,-52026

240753,-50566

240753,-50626

240753,-51600

240759,-52630

240759,-55032

240759,-55828

240759,-53706

240759,-49996

240760,-51750

240760,-52120

240760,-52320

240760,-53024

240760,-53278

240760,-54578

240760,-57384

240760,-59480

240761,-57570

240761,-59194

240761,-58446

240767,-59812

240767,-62848

240767,-61898

240767,-63624

240767,-66050

240768,-66274

240768,-65614

240768,-63940

240768,-67184

240768,-68356

240768,-69490

240768,-68418

240768,-67960

240769,-69236

240769,-68692

240769,-69324

240775,-66156

240775,-65764

240775,-64438

240775,-61806

240775,-59612

240776,-57134

240776,-57438

240776,-53658

240776,-51658

240776,-48496

240776,-50026

240776,-54552

240776,-56354

240777,-57558

240777,-56370

240777,-55694

240783,-58300

240783,-58674

240783,-59548

240783,-60160

240783,-57220

240784,-57668

240784,-57726

240784,-59276

240784,-58844

240784,-59124

240784,-60680

240784,-64954

240784,-65460

240785,-64710

240785,-65598

240785,-67472

240791,-66790

240791,-67184

240791,-65620

240791,-68904

240791,-70364

240792,-70712

240792,-69544

240792,-68422

240792,-67504

240792,-68710

240792,-71956

240792,-70320

240792,-73978

240793,-78026

240793,-80044

240793,-85880

240799,-85998

240799,-92304

240799,-94958

240799,-99810

240799,-100532

240800,-102564

240800,-105292

240800,-110944

240800,-105460

240800,-116372

240800,-112200

240800,-113826

240800,-117724

240801,-118768

240801,-118308

240801,-122464

240807,-126800

240807,-126636

240807,-129780

240807,-130726

240807,-134152

240808,-136984

240808,-139574

240808,-141016

240808,-146370

240808,-147074

240808,-148720

240808,-150176

240808,-154814

240809,-155382

240809,-160790

240809,-162768

240815,-165854

240815,-166322

240815,-165886

240815,-166366

240815,-166082

240816,-169804

240816,-174338

240816,-175882

240816,-176710

240816,-177804

240816,-180710

240816,-182474

240816,-184920

240817,-181570

240817,-182256

240817,-185418

240823,-185902

240823,-185638

240823,-180900

240823,-178810

240823,-176318

240824,-174178

240824,-171216

240824,-168322

240824,-169226

240824,-168446

240824,-167006

240824,-168794

240824,-168626

240825,-167104

240825,-164156

240825,-163752

240831,-162736

240831,-162578

240831,-160716

240831,-162686

240831,-162834

240832,-161436

240832,-162482

240832,-162942

240832,-162492

240832,-160352

240832,-159492

240832,-158858

240832,-161468

240833,-161926

240833,-162628

240833,-163338

240839,-161424

240839,-164466

240839,-164736

240839,-164080

240839,-164158

240840,-161712

240840,-162958

240840,-163530

240840,-160552

240840,-162824

240840,-161056

240840,-164746

240840,-164994

240841,-164166

240841,-164352

240841,-162694

240847,-162764

240847,-161688

240847,-158844

240847,-156704

240847,-154740

240848,-156318

240848,-156468

240848,-155788

240848,-153124

240848,-148082

240848,-147388

240848,-147204

240848,-147552

240849,-146214

240849,-145640

240849,-145646

240855,-144368

240855,-143784

240855,-142306

240855,-142644

240855,-141852

240856,-141042

240856,-144488

240856,-144258

240856,-144788

240856,-147608

240856,-147820

240856,-147432

240856,-147290

240857,-148244

240857,-151410

240857,-153720

240863,-155224

240863,-156168

240863,-155868

240863,-155196

240863,-155778

240864,-154170

240864,-155114

240864,-156510

240864,-158424

240864,-160178

240864,-157866

240864,-156872

240864,-159220

240865,-158552

240865,-158460

240865,-160104

240871,-159238

240871,-160922

240871,-161466

240871,-164140

240871,-164642

240872,-162216

240872,-163304

240872,-167318

240872,-165186

240872,-165474

240872,-163686

240872,-163336

240872,-162094

240873,-161218

240873,-159918

240873,-160640

240879,-162634

240879,-162118

240879,-162696

240879,-162906

240879,-162600

240880,-162502

240880,-161038

240880,-162582

240880,-163524

240880,-163092

240880,-165482

240880,-167296

240880,-165466

240881,-165264

240881,-166224

240881,-166736

240887,-166596

240887,-165302

240887,-165082

240887,-164824

240887,-164538

240888,-163850

240888,-164600

240888,-163482

240888,-161908

240888,-161662

240888,-161656

240888,-161252

240888,-161364

240889,-163208

240889,-164092

240889,-162798

240895,-161002

240895,-156346

240895,-153002

240895,-151018

240895,-153106

240896,-154628

240896,-155254

240896,-152622

240896,-151684

240896,-148944

240896,-146554

240896,-146642

240896,-143842

240897,-140952

240897,-140496

240897,-140132

240903,-136752

240903,-136404

240903,-135102

240903,-133082

240903,-130796

240904,-127954

240904,-125778

240904,-124012

240904,-124642

240904,-126470

240904,-126112

240904,-127612

240904,-125180

240905,-127370

240905,-127446

240905,-126250

240911,-125308

240911,-123236

240911,-120538

240911,-120212

240911,-121598

240912,-121796

240912,-121260

240912,-120106

240912,-118762

240912,-117482

240912,-116384

240912,-118638

240912,-120460

240913,-119448

240913,-121016

240913,-122742

240919,-123738

240919,-124292

240919,-125662

240919,-126154

240919,-127286

240920,-128202

240920,-128666

240920,-126370

240920,-127430

240920,-124008

240920,-122826

240920,-123362

240920,-127408

240921,-124666

240921,-126266

240921,-125830

240927,-127218

240927,-128444

240927,-127822

240927,-130152

240927,-130518

240928,-132454

240928,-133064

240928,-134896

240928,-132398

240928,-131680

240928,-130174

240928,-128328

240928,-129328

240929,-129870

240929,-130672

240929,-132546

240935,-133064

240935,-132938

240935,-133996

240935,-133210

240935,-133212

240936,-135806

240936,-137680

240936,-139504

240936,-140434

240936,-142204

240936,-143032

240936,-142998

240936,-142982

240937,-142410

240937,-142826

240937,-143918

240943,-144748

240943,-145860

240943,-147766

240943,-148736

240943,-150214

240944,-148874

240944,-150202

240944,-150170

240944,-151056

240944,-151078

240944,-149996

240944,-150048

240944,-149990

240945,-150414

240945,-151210

240945,-150632

240951,-152130

240951,-150974

240951,-154452

240951,-153446

240951,-157858

240952,-156662

240952,-156838

240952,-157592

240952,-156452

240952,-159600

240952,-160224

240952,-160722

240952,-157594

240953,-157260

240953,-157680

240953,-158628

240959,-158496

240959,-161592

240959,-161284

240959,-159774

240959,-160914

240960,-159474

240960,-159170

240960,-159216

240960,-159818

240960,-158992

240960,-157762

240960,-159012

240960,-156642

240961,-155256

240961,-156016

240961,-152954

240967,-151900

240967,-153290

240967,-153748

240967,-154914

240967,-155202

240968,-154490

240968,-155472

240968,-158328

240968,-155822

240968,-157220

240968,-158670

240968,-159484

240968,-159478

240969,-158928

240969,-158256

240969,-157618

240975,-155654

240975,-157470

240975,-157372

240975,-155374

240975,-153344

240976,-152008

240976,-150436

240976,-152128

240976,-151036

240976,-152350

240976,-149448

240976,-150386

240976,-149018

240977,-148390

240977,-150418

240977,-150800

240983,-149486

240983,-149878

240983,-148170

240983,-147824

240983,-148282

240984,-148220

240984,-149500

240984,-146144

240984,-145632

240984,-145276

240984,-145848

240984,-143402

240984,-145604

240985,-146352

240985,-146622

240985,-145588

240991,-144710

240991,-142974

240991,-140406

240991,-139422

240991,-139162

240992,-137990

240992,-137070

240992,-136826

240992,-134434

240992,-134676

240992,-134170

240992,-133870

240992,-137190

240993,-135298

240993,-137920

240993,-140966

240999,-142214

240999,-145406

240999,-148572

240999,-152436

240999,-154804

241000,-156224

241000,-160758

241000,-159230

241000,-161480

241000,-164078

241000,-164572

241000,-165358

241000,-166488

241001,-169018

241001,-166008

241001,-166804

241007,-166166

241007,-165950

241007,-164706

241007,-165092

241007,-166388

241008,-166796

241008,-165372

241008,-164344

241008,-164644

241008,-163842

241008,-164228

241008,-164372

241008,-163734

241009,-165914

241009,-161904

241009,-162326

241015,-163540

241015,-163744

241015,-162890

241015,-160696

241015,-161172

241016,-160632

241016,-162140

241016,-162864

241016,-161642

241016,-159526

241016,-157946

241016,-156346

241016,-155208

241017,-153574

241017,-155060

241017,-155852

241023,-156412

241023,-156126

241023,-154844

241023,-155890

241023,-156358

241024,-156728

241024,-156934

241024,-158136

241024,-155902

241024,-153818

241024,-152200

241024,-152760

241024,-150868

241025,-154658

241025,-156910

241025,-156704

241031,-155882

241031,-155122

241031,-154832

241031,-154642

241031,-152132

241032,-148094

241032,-147928

241032,-144948

241032,-147334

241032,-143066

241032,-141442

241032,-140540

241032,-136042

241033,-131430

241033,-128896

241033,-127368

241039,-126528

241039,-122680

241039,-120604

241039,-121264

241039,-119346

241040,-118786

241040,-117134

241040,-118570

241040,-119084

241040,-120060

241040,-122868

241040,-124808

241040,-121568

241041,-122726

241041,-123006

241041,-121446

241047,-120404

241047,-116952

241047,-115696

241047,-114666

241047,-117002

241048,-117214

241048,-116368

241048,-117532

241048,-115688

241048,-113718

241048,-113950

241048,-109246

241048,-107712

241049,-109030

241049,-107676

241049,-107652

241055,-104924

241055,-102448

241055,-100254

241055,-95466

241055,-96960

241056,-94396

241056,-93140

241056,-91904

241056,-90838

241056,-90808

241056,-90536

241056,-91262

241056,-92538

241057,-92486

241057,-93974

241057,-92966

241063,-93636

241063,-96178

241063,-96212

241063,-96644

241063,-96250

241064,-96926

241064,-94440

241064,-97418

241064,-95244

241064,-93366

241064,-96482

241064,-98474

241064,-98324

241065,-100836

241065,-100744

241065,-102414

241071,-102098

241071,-102438

241071,-99988

241071,-99696

241071,-99026

241072,-100476

241072,-100712

241072,-100918

241072,-97870

241072,-100416

241072,-97366

241072,-98304

241072,-97084

241073,-96048

241073,-94258

241073,-93964

241079,-92072

241079,-91228

241079,-93710

241079,-94902

241079,-95306

241080,-95840

241080,-94348

241080,-93718

241080,-91208

241080,-91484

241080,-89844

241080,-90050

241080,-89498

241081,-87768

241081,-83560

241081,-82386

241087,-80460

241087,-78248

241087,-73996

241087,-72704

241087,-71850

241088,-70454

241088,-70556

241088,-71252

241088,-71402

241088,-69344

241088,-68088

241088,-65506

241088,-62044

241089,-60988

241089,-58888

241089,-55616

241095,-51206

241095,-47940

241095,-45538

241095,-41628

241095,-40790

241096,-38602

241096,-39278

241096,-38460

241096,-38066

241096,-35396

241096,-34252

241096,-32382

241096,-31596

241097,-31526

241097,-30082

241097,-28358

241103,-26354

241103,-25072

241103,-23206

241103,-19130

241103,-18978

241104,-15976

241104,-16118

241104,-15612

241104,-13836

241104,-16096

241104,-15924

241104,-16380

241104,-16132

241105,-15906

241105,-16356

241105,-17148

241111,-17190

241111,-16476

241111,-17264

241111,-14834

241111,-15588

241112,-14622

241112,-14634

241112,-14912

241112,-13948

241112,-13296

241112,-12610

241112,-11664

241112,-9532

241113,-10380

241113,-9114

241113,-7982

241119,-7754

241119,-6164

241119,-6794

241119,-6298

241119,-6706

241120,-6434

241120,-5846

241120,-3242

241120,-732

241120,-394

241120,-876

241120,1678

241120,914

241121,-690

241121,-1016

241121,-508

241127,-350

241127,944

241127,1398

241127,2692

241127,1204

241128,1320

241128,744

241128,-992

241128,3230

241128,2360

241128,4490

241128,6054

241128,7732

241129,10798

241129,13088

241129,14106

241135,16634

241135,19244

241135,21062

241135,21962

241135,23272

241136,24792

241136,23180

241136,21706

241136,21944

241136,19832

241136,19152

241136,17386

241136,13368

241137,10240

241137,8732

241137,8912

241143,8466

241143,9846

241143,9758

241143,9100

241143,8586

241144,8960

241144,9472

241144,8652

241144,8628

241144,8720

241144,7962

241144,6654

241144,5244

241145,5222

241145,5720

241145,2402

241151,4842

241151,7204

241151,8354

241151,10290

241151,13352

241152,15156

241152,14066

241152,14502

241152,14366

241152,16534

241152,19198

241152,17860

241152,19766

241153,21336

241153,21444

241153,20518

241159,20240

241159,18370

241159,17144

241159,15674

241159,13176

241160,11628

241160,13662

241160,12954

241160,11208

241160,11408

241160,13486

241160,13460

241160,11566

241161,13082

241161,12608

241161,14096

241167,15760

241167,17530

241167,19146

241167,19972

241167,20672

241168,22458

241168,23616

241168,24448

241168,24894

241168,25226

241168,24446

241168,25686

241168,28158

241169,29562

241169,33696

241169,35098

241175,36744

241175,38416

241175,40516

241175,43054

241175,45768

241176,47664

241176,45386

241176,47142

241176,48160

241176,48914

241176,47230

241176,47572

241176,46242

241177,46608

241177,45010

241177,47426

241183,47052

241183,47932

241183,48786

241183,50410

241183,50068

241184,51890

241184,51808

241184,53698

241184,55990

241184,53862

241184,54182

241184,53346

241184,52794

241185,48088

241185,47924

241185,46812

241191,47222

241191,48834

241191,48762

241191,50088

241191,50218

241192,50390

241192,53656

241192,54752

241192,55944

241192,57716

241192,59710

241192,61450

241192,62184

241193,63154

241193,64184

241193,66758

241199,66904

241199,68816

241199,72100

241199,71278

241199,70484

241200,69224

241200,68934

241200,69914

241200,73014

241200,74926

241200,73340

241200,71788

241200,73582

241201,75602

241201,73334

241201,74760

241207,75042

241207,74080

241207,74390

241207,75594

241207,75802

241208,74588

241208,75744

241208,73944

241208,76016

241208,75182

241208,75098

241208,75568

241208,76954

241209,77476

241209,77520

241209,73604

241215,71858

241215,72036

241215,71094

241215,69624

241215,68450

241216,67898

241216,66686

241216,66688

241216,66680

241216,66598

241216,66722

241216,66152

241216,66012

241217,64584

241217,64144

241217,64810

241223,64374

241223,64082

241223,65268

241223,66328

241223,65992

241224,63882

241224,65164

241224,64790

241224,67080

241224,68472

241224,68658

241224,69390

241224,68472

241225,67620

241225,66758

241225,64896

241231,62394

241231,60426

241231,57550

241231,57962

241231,57572

241232,59116

241232,58424

241232,60658

241232,58244

241232,58256

241232,59156

241232,58446

241232,58790

241233,59432

241233,60412

241233,63230

241239,63280

241239,64920

241239,67472

241239,65908

241239,67284

241240,65076

241240,64274

241240,63362

241240,66316

241240,67142

241240,71378

241240,71508

241240,70586

241241,69900

241241,72338

241241,72422

241247,69840

241247,72544

241247,70964

241247,70060

241247,69194

241248,69332

241248,68620

241248,66224

241248,67206

241248,64172

241248,63680

241248,61950

241248,64170

241249,63818

241249,64190

241249,66220

241255,70544

241255,72420

241255,70984

241255,71362

241255,67848

241256,67976

241256,68596

241256,70356

241256,68556

241256,69504

241256,71314

241256,70274

241256,69586

241257,69696

241257,68462

241257,68522

241263,67862

241263,66184

241263,68058

241263,68400

241263,68118

241264,66556

241264,66642

241264,63620

241264,60168

241264,57490

241264,58232

241264,55282

241264,50704

241265,49976

241265,49460

241265,47232

241271,45982

241271,44110

241271,42820

241271,40466

241271,38144

241272,37130

241272,38788

241272,38992

241272,39328

241272,35874

241272,36282

241272,34202

241272,34468

241273,32912

241273,35332

241273,36580

241279,35010

241279,35622

241279,35960

241279,35874

241279,36846

241280,37332

241280,35770

241280,33602

241280,30800

241280,28368

241280,27044

241280,28344

241280,28786

241281,31794

241281,30804

241281,29830

241287,29572

241287,30456

241287,31028

241287,27666

241287,25778

241288,24092

241288,23168

241288,21012

241288,17674

241288,15322

241288,13604

241288,11766

241288,8668

241289,6542

241289,5106

241289,6470

241295,7964

241295,7390

241295,10024

241295,12714

241295,11312

241296,12818

241296,12506

241296,11228

241296,11138

241296,10662

241296,9554

241296,9470

241296,10998

241297,12652

241297,12248

241297,14738

241303,16070

241303,16382

241303,21120

241303,22762

241303,21698

241304,21942

241304,25174

241304,26398

241304,26346

241304,25896

241304,27212

241304,26350

241304,23618

241305,24988

241305,22392

241305,19886

241311,20170

241311,19720

241311,17976

241311,18022

241311,18090

241312,19736

241312,18864

241312,20120

241312,20938

241312,23514

241312,22752

241312,23460

241312,23670

241313,23532

241313,25956

241313,28106

241319,28604

241319,28302

241319,27650

241319,28294

241319,27232

241320,25948

241320,29162

241320,28898

241320,29520

241320,29502

241320,30194

241320,32084

241320,32534

241321,29848

241321,30012

241321,28738

241327,30480

241327,32338

241327,32146

241327,30646

241327,31282

241328,28430

241328,26250

241328,24576

241328,24690

241328,25562

241328,24102

241328,20876

241328,22138

241329,20802

241329,19778

241329,20094

241335,20274

241335,20870

241335,22754

241335,21682

241335,21496

241336,18332

241336,18508

241336,16304

241336,14068

241336,14432

241336,12446

241336,10618

241336,10788

241337,11788

241337,10858

241337,8572

241343,7224

241343,7634

241343,7192

241343,6388

241343,7288

241344,6230

241344,9528

241344,10236

241344,8314

241344,7938

241344,8058

241344,5950

241344,5340

241345,4222

241345,3962

241345,6712

241351,4320

241351,3444

241351,1258

241351,1600

241351,-442

241352,138

241352,-1218

241352,-92

241352,274

241352,-514

241352,-1982

241352,-2600

241352,-2246

241353,-3986

241353,-2818

241353,-4940

241359,-6134

241359,-8208

241359,-12070

241359,-14840

241359,-15890

241360,-16540

241360,-15198

241360,-18334

241360,-17538

241360,-15574

241360,-15628

241360,-15822

241360,-15056

241361,-12948

241361,-10888

241361,-10632

241367,-8756

241367,-8022

241367,-6836

241367,-6960

241367,-7206

241368,-5910

241368,-5272

241368,-8348

241368,-10180

241368,-9906

241368,-12766

241368,-13572

241368,-16286

241369,-15998

241369,-17896

241369,-17368

241375,-18490

241375,-15740

241375,-14630

241375,-15798

241375,-16170

241376,-17670

241376,-20298

241376,-21686

241376,-23832

241376,-25772

241376,-28158

241376,-29490

241376,-30824

241377,-31562

241377,-30028

241377,-29230

241383,-29420

241383,-29656

241383,-29372

241383,-27384

241383,-26536

241384,-24752

241384,-21326

241384,-21086

241384,-20898

241384,-20886

241384,-20678

241384,-22396

241384,-23720

241385,-27220

241385,-25760

241385,-25852

241391,-26966

241391,-26854

241391,-27664

241391,-27184

241391,-27174

241392,-27456

241392,-30318

241392,-29938

241392,-29326

241392,-26898

241392,-26110

241392,-25846

241392,-24508

241393,-23354

241393,-22300

241393,-23920

241399,-23666

241399,-24872

241399,-24004

241399,-19802

241399,-21374

241400,-21824

241400,-24080

241400,-25802

241400,-24604

241400,-23050

241400,-22004

241400,-19892

241400,-19532

241401,-18222

241401,-19890

241401,-18816

241407,-18914

241407,-20410

241407,-20892

241407,-19978

241407,-20336

241408,-19138

241408,-19724

241408,-19346

241408,-17776

241408,-18788

241408,-16592

241408,-18472

241408,-18032

241409,-16812

241409,-17716

241409,-18174

241415,-14558

241415,-10596

241415,-12536

241415,-12658

241415,-14178

241416,-15736

241416,-15702

241416,-17750

241416,-17304

241416,-15724

241416,-15872

241416,-16368

241416,-17788

241417,-19044

241417,-20384

241417,-21598

241423,-23736

241423,-24442

241423,-23416

241423,-24168

241423,-24142

241424,-23692

241424,-23738

241424,-22146

241424,-21368

241424,-22046

241424,-23096

241424,-23394

241424,-25088

241425,-26344

241425,-28660

241425,-31304

241431,-32260

241431,-32870

241431,-33962

241431,-37106

241431,-38910

241432,-39942

241432,-41746

241432,-41880

241432,-42046

241432,-42122

241432,-42566

241432,-42400

241432,-41716

241433,-44876

241433,-47646

241433,-50914

241439,-53222

241439,-53598

241439,-54344

241439,-55442

241439,-55888

241440,-54188

241440,-53810

241440,-55176

241440,-52772

241440,-52750

241440,-50292

241440,-50886

241440,-45958

241441,-43796

241441,-41604

241441,-38250

241447,-35876

241447,-34952

241447,-36022

241447,-38494

241447,-40450

241448,-41432

241448,-40912

241448,-42350

241448,-42830

241448,-43750

241448,-44842

241448,-47044

241448,-50290

241449,-52682

241449,-53258

241449,-53064

241455,-52476

241455,-50928

241455,-53224

241455,-49636

241455,-48544

241456,-46934

241456,-47298

241456,-49708

241456,-47026

241456,-46448

241456,-44332

241456,-44652

241456,-40958

241457,-40772

241457,-39948

241457,-39226

241463,-38632

241463,-38018

241463,-41578

241463,-43298

241463,-44088

241464,-42052

241464,-45412

241464,-44970

241464,-44872

241464,-43728

241464,-44594

241464,-45054

241464,-43754

241465,-44438

241465,-43442

241465,-42518

241471,-43464

241471,-40758

241471,-41368

241471,-39928

241471,-37704

241472,-36730

241472,-33986

241472,-35394

241472,-32502

241472,-32114

241472,-30814

241472,-27240

241472,-25202

241473,-23142

241473,-21914

241473,-20676

241479,-20136

241479,-21322

241479,-22720

241479,-24004

241479,-24676

241480,-25034

241480,-24924

241480,-27156

241480,-27096

241480,-28338

241480,-27880

241480,-28170

241480,-27332

241481,-30494

241481,-27714

241481,-25544

241487,-24862

241487,-22876

241487,-25062

241487,-23530

241487,-25804

241488,-25186

241488,-28752

241488,-28928

241488,-29940

241488,-30740

241488,-31122

241488,-30478

241488,-28582

241489,-27098

241489,-26022

241489,-28286

241495,-27316

241495,-25590

241495,-24718

241495,-20414

241495,-20038

241496,-21384

241496,-21226

241496,-21768

241496,-23800

241496,-25884

241496,-29616

241496,-33140

241496,-33614

241497,-36282

241497,-36158

241497,-38644

241503,-38894

241503,-38490

241503,-38364

241503,-37102

241503,-38924

241504,-35908

241504,-37698

241504,-32682

241504,-34110

241504,-32796

241504,-33724

241504,-35292

241504,-36854

241505,-39422

241505,-42974

241505,-43582

241511,-43314

241511,-44800

241511,-44616

241511,-46236

241511,-46922

241512,-49052

241512,-50758

241512,-51220

241512,-52106

241512,-54276

241512,-55752

241512,-57956

241512,-56238

241513,-57548

241513,-58756

241513,-59194

241519,-57562

241519,-56156

241519,-57502

241519,-56122

241519,-52528

241520,-53014

241520,-51850

241520,-47892

241520,-43686

241520,-40728

241520,-38122

241520,-38630

241520,-38432

241521,-39116

241521,-38276

241521,-38158

241527,-37350

241527,-32906

241527,-32092

241527,-30434

241527,-31332

241528,-30210

241528,-29750

241528,-30716

241528,-29156

241528,-28434

241528,-29232

241528,-25270

241528,-23826

241529,-23578

241529,-24760

241529,-25196

241535,-25256

241535,-27652

241535,-26262

241535,-23744

241535,-23134

241536,-20904

241536,-18184

241536,-16332

241536,-16050

241536,-15026

241536,-15896

241536,-14474

241536,-14694

241537,-15918

241537,-14800

241537,-13896

241543,-13432

241543,-9200

241543,-10282

241543,-6940

241543,-6412

241544,-5174

241544,-3470

241544,-738

241544,602

241544,1738

241544,5144

241544,5492

241544,8864

241545,9978

241545,9978

241545,9646

241551,9220

241551,7626

241551,6332

241551,3592

241551,3026

241552,1918

241552,1700

241552,-34

241552,-2278

241552,-2152

241552,-5272

241552,-4842

241552,-7240

241553,-6216

241553,-5072

241553,-5984

241559,-10340

241559,-9624

241559,-11866

241559,-12288

241559,-16144

241560,-19238

241560,-22802

241560,-27162

241560,-29656

241560,-35146

241560,-37790

241560,-40802

241560,-42196

241561,-42452

241561,-44976

241561,-45730

241567,-48130

241567,-49090

241567,-50646

241567,-54476

241567,-56000

241568,-57996

241568,-59486

241568,-64110

241568,-62886

241568,-63420

241568,-64904

241568,-64274

241568,-64986

241569,-64136

241569,-63868

241569,-62320

241575,-63562

241575,-62642

241575,-65160

241575,-65786

241575,-66930

241576,-65962

241576,-68120

241576,-67614

241576,-68504

241576,-69962

241576,-68100

241576,-69874

241576,-68356

241577,-69736

241577,-69682

241577,-70922

241583,-73614

241583,-75954

241583,-78058

241583,-82092

241583,-83528

241584,-83320

241584,-81432

241584,-78340

241584,-77618

241584,-79102

241584,-80326

241584,-80034

241584,-81946

241585,-84354

241585,-84622

241585,-82302

241591,-83786

241591,-85044

241591,-88668

241591,-88010

241591,-86696

241592,-90092

241592,-92018

241592,-95132

241592,-94178

241592,-95016

241592,-94676

241592,-95346

241592,-95794

241593,-94204

241593,-93742

241593,-92492

241599,-92368

241599,-95038

241599,-93290

241599,-91260

241599,-91396

241600,-89970

241600,-89038

241600,-89548

241600,-92246

241600,-94072

241600,-97658

241600,-96836

241600,-98522

241601,-100728

241601,-99714

241601,-98758

241607,-97756

241607,-98778

241607,-100106

241607,-98286

241607,-97658

241608,-97398

241608,-98090

241608,-99940

241608,-101262

241608,-101050

241608,-99324

241608,-97346

241608,-97090

241609,-98256

241609,-100154

241609,-99590

241615,-101824

241615,-102982

241615,-103226

241615,-101426

241615,-100394

241616,-102044

241616,-102420

241616,-103692

241616,-102562

241616,-103228

241616,-104090

241616,-105318

241616,-105818

241617,-107442

241617,-109200

241617,-114260

241623,-115152

241623,-118324

241623,-121660

241623,-124002

241623,-126386

241624,-126474

241624,-127596

241624,-127940

241624,-126036

241624,-127976

241624,-129364

241624,-128658

241624,-130570

241625,-128170

241625,-124050

241625,-124082

241631,-122464

241631,-123258

241631,-121710

241631,-121734

241631,-122094

241632,-120300

241632,-120510

241632,-119118

241632,-117558

241632,-116346

241632,-114238

241632,-115100

241632,-113624

241633,-113968

241633,-117450

241633,-119262

241639,-118704

241639,-118814

241639,-117636

241639,-117588

241639,-119022

241640,-120850

241640,-120210

241640,-120088

241640,-123856

241640,-124964

241640,-123370

241640,-122492

241640,-118470

241641,-118132

241641,-119962

241641,-118316

241647,-116140

241647,-114360

241647,-113228

241647,-111604

241647,-110116

241648,-108348

241648,-107334

241648,-107746

241648,-107562

241648,-107188

241648,-106776

241648,-107758

241648,-107962

241649,-108810

241649,-111404

241649,-111352

241655,-112924

241655,-113254

241655,-112452

241655,-113672

241655,-113110

241656,-114374

241656,-115224

241656,-114786

241656,-112820

241656,-112988

241656,-111998

241656,-112476

241656,-116062

241657,-116310

241657,-117624

241657,-117144

241663,-117524

241663,-120684

241663,-124156

241663,-124734

241663,-125118

241664,-127092

241664,-128720

241664,-130314

241664,-131442

241664,-131244

241664,-133840

241664,-135730

241664,-137012

241665,-135722

241665,-136768

241665,-138654

241671,-138370

241671,-141256

241671,-141628

241671,-144736

241671,-146818

241672,-149424

241672,-146828

241672,-147608

241672,-147082

241672,-146564

241672,-146408

241672,-147018

241672,-144550

241673,-145694

241673,-146428

241673,-147388

241679,-147404

241679,-145682

241679,-145400

241679,-146518

241679,-148570

241680,-146894

241680,-147072

241680,-148068

241680,-150912

241680,-152032

241680,-152274

241680,-153056

241680,-151926

241681,-151100

241681,-149672

241681,-149612

241687,-149792

241687,-147866

241687,-149708

241687,-149990

241687,-148560

241688,-145204

241688,-141762

241688,-137782

241688,-137848

241688,-137960

241688,-134408

241688,-136504

241688,-138398

241689,-136058

241689,-135616

241689,-132272

241695,-130374

241695,-126874

241695,-126866

241695,-124392

241695,-124702

241696,-124430

241696,-124740

241696,-123204

241696,-123104

241696,-121876

241696,-122992

241696,-123632

241696,-123672

241697,-128262

241697,-126662

241697,-129052

241703,-128092

241703,-127228

241703,-126512

241703,-123324

241703,-122252

241704,-119222

241704,-117140

241704,-114542

241704,-115790

241704,-114788

241704,-112528

241704,-112980

241704,-110972

241705,-111824

241705,-109624

241705,-107576

241711,-105780

241711,-104974

241711,-105444

241711,-102544

241711,-99254

241712,-98202

241712,-95044

241712,-93034

241712,-91298

241712,-92696

241712,-93752

241712,-96310

241712,-97576

241713,-98598

241713,-97926

241713,-97216

241719,-97542

241719,-98222

241719,-99564

241719,-99282

241719,-100514

241720,-100802

241720,-100940

241720,-100112

241720,-97848

241720,-95824

241720,-95888

241720,-98506

241720,-95400

241721,-96172

241721,-97332

241721,-97506

241727,-96254

241727,-96118

241727,-99322

241727,-100204

241727,-101732

241728,-101330

241728,-101574

241728,-100354

241728,-102390

241728,-103882

241728,-103254

241728,-103952

241728,-106776

241729,-105464

241729,-107848

241729,-108238

241735,-107586

241735,-108842

241735,-110748

241735,-113524

241735,-111518

241736,-111782

241736,-111012

241736,-110148

241736,-112700

241736,-112606

241736,-108972

241736,-110782

241736,-108480

241737,-109502

241737,-109268

241737,-109104

241743,-109218

241743,-110742

241743,-110306

241743,-109052

241743,-104920

241744,-103604

241744,-105304

241744,-104380

241744,-104466

241744,-102680

241744,-100838

241744,-102452

241744,-101542

241745,-98772

241745,-100428

241745,-100060

241751,-98926

241751,-98066

241751,-98308

241751,-97956

241751,-95960

241752,-98100

241752,-96890

241752,-94906

241752,-92894

241752,-92982

241752,-91726

241752,-94884

241752,-90060

241753,-89166

241753,-86172

241753,-87972

241759,-85670

241759,-83516

241759,-84462

241759,-81728

241759,-83352

241760,-84544

241760,-83748

241760,-81590

241760,-79974

241760,-78176

241760,-75430

241760,-78292

241760,-75152

241761,-73930

241761,-71974

241761,-72362

241767,-70518

241767,-69742

241767,-71446

241767,-67966

241767,-68850

241768,-67976

241768,-67966

241768,-68004

241768,-68854

241768,-67930

241768,-67488

241768,-67148

241768,-65434

241769,-64624

241769,-59630

241769,-59870

241775,-56950

241775,-54918

241775,-55148

241775,-56700

241775,-56840

241776,-56118

241776,-55404

241776,-56206

241776,-59852

241776,-63470

241776,-64816

241776,-65576

241776,-65844

241777,-68462

241777,-70396

241777,-67800

241783,-67628

241783,-69358

241783,-71892

241783,-70644

241783,-72632

241784,-71164

241784,-70660

241784,-67548

241784,-66376

241784,-65602

241784,-64662

241784,-65086

241784,-66602

241785,-65988

241785,-63472

241785,-62054

241791,-63478

241791,-63116

241791,-64334

241791,-61936

241791,-62776

241792,-64326

241792,-64076

241792,-67214

241792,-69878

241792,-71526

241792,-72396

241792,-73474

241792,-76370

241793,-78088

241793,-80940

241793,-81814

241799,-82406

241799,-81824

241799,-82360

241799,-82104

241799,-83612

241800,-85446

241800,-86494

241800,-86284

241800,-87714

241800,-91482

241800,-96616

241800,-98420

241800,-101700

241801,-101516

241801,-102318

241801,-105650

241807,-106432

241807,-104814

241807,-108734

241807,-105964

241807,-107942

241808,-108528

241808,-110960

241808,-110130

241808,-110196

241808,-112276

241808,-111028

241808,-112546

241808,-112270

241809,-115720

241809,-119630

241809,-120314

241815,-120842

241815,-121396

241815,-123384

241815,-119824

241815,-122632

241816,-121394

241816,-122044

241816,-121622

241816,-121376

241816,-119444

241816,-119770

241816,-123014

241816,-120728

241817,-120730

241817,-121408

241817,-120416

241823,-123608

241823,-123628

241823,-126700

241823,-130582

241823,-129870

241824,-128714

241824,-133136

241824,-131804

241824,-127628

241824,-127108

241824,-123826

241824,-122276

241824,-121496

241825,-121384

241825,-118348

241825,-117088

241831,-115896

241831,-116054

241831,-114188

241831,-115036

241831,-113166

241832,-112376

241832,-111774

241832,-109498

241832,-108682

241832,-106004

241832,-105046

241832,-104154

241832,-101464

241833,-99038

241833,-99026

241833,-97980

241839,-96626

241839,-96774

241839,-96370

241839,-97292

241839,-97832

241840,-98672

241840,-98966

241840,-98648

241840,-101120

241840,-101180

241840,-99930

241840,-95256

241840,-94164

241841,-94624

241841,-92152

241841,-93446

241847,-91922

241847,-90240

241847,-91162

241847,-91706

241847,-90462

241848,-94158

241848,-96534

241848,-98188

241848,-100306

241848,-99780

241848,-99828

241848,-99994

241848,-100126

241849,-98526

241849,-99490

241849,-101730

241855,-97876

241855,-98092

241855,-98932

241855,-100482

241855,-103252

241856,-101816

241856,-104454

241856,-104504

241856,-106456

241856,-109144

241856,-110774

241856,-112808

241856,-114468

241857,-115596

241857,-116210

241857,-115942

241863,-116364

241863,-118706

241863,-116880

241863,-118594

241863,-119778

241864,-115122

241864,-116770

241864,-115270

241864,-113964

241864,-116620

241864,-116128

241864,-113784

241864,-114120

241865,-116698

241865,-118672

241865,-120570

241871,-123486

241871,-123744

241871,-124818

241871,-125706

241871,-128722

241872,-127578

241872,-127850

241872,-124988

241872,-125026

241872,-125296

241872,-126824

241872,-126040

241872,-124106

241873,-121778

241873,-120106

241873,-119232

241879,-115194

241879,-115574

241879,-114724

241879,-114246

241879,-114176

241880,-113060

241880,-112812

241880,-112342

241880,-112682

241880,-112906

241880,-114032

241880,-111290

241880,-112968

241881,-112846

241881,-112628

241881,-112362

241887,-110698

241887,-108492

241887,-106258

241887,-103928

241887,-102512

241888,-99580

241888,-98704

241888,-97742

241888,-94772

241888,-94238

241888,-92142

241888,-91760

241888,-91150

241889,-88486

241889,-85094

241889,-84522

241895,-82548

241895,-82188

241895,-78892

241895,-74218

241895,-75110

241896,-74434

241896,-75628

241896,-73978

241896,-74518

241896,-71082

241896,-71010

241896,-71348

241896,-71584

241897,-72102

241897,-70842

241897,-71968

241903,-73106

241903,-72672

241903,-72510

241903,-73718

241903,-71902

241904,-71638

241904,-69826

241904,-66266

241904,-66794

241904,-66046

241904,-66000

241904,-62444

241904,-60302

241905,-55940

241905,-55390

241905,-53046

241911,-50650

241911,-46292

241911,-45162

241911,-45560

241911,-43716

241912,-42504

241912,-44290

241912,-42514

241912,-41484

241912,-41986

241912,-40072

241912,-38758

241912,-40476

241913,-42406

241913,-41762

241913,-40536

241919,-40968

241919,-42356

241919,-43526

241919,-44168

241919,-46000

241920,-47174

241920,-46684

241920,-50238

241920,-51910

241920,-52208

241920,-54192

241920,-52326

241920,-54074

241921,-55026

241921,-54370

241921,-53780

241927,-53630

241927,-54332

241927,-54492

241927,-52204

241927,-50382

241928,-51274

241928,-51282

241928,-51686

241928,-51626

241928,-47422

241928,-46766

241928,-45036

241928,-42634

241929,-45536

241929,-44868

241929,-43094

241935,-44102

241935,-43508

241935,-40862

241935,-42750

241935,-41660

241936,-42348

241936,-39872

241936,-37594

241936,-35816

241936,-36340

241936,-37688

241936,-37498

241936,-35894

241937,-39216

241937,-41314

241937,-41366

241943,-41488

241943,-43964

241943,-45126

241943,-44686

241943,-43242

241944,-42720

241944,-42650

241944,-43352

241944,-45492

241944,-44490

241944,-43678

241944,-42422

241944,-41468

241945,-40878

241945,-40796

241945,-41832

241951,-38666

241951,-38378

241951,-39456

241951,-38286

241951,-40322

241952,-39348

241952,-38756

241952,-36080

241952,-33798

241952,-33476

241952,-29234

241952,-29614

241952,-28718

241953,-27330

241953,-25136

241953,-22460

241959,-18506

241959,-15560

241959,-12080

241959,-11602

241959,-9328

241960,-9250

241960,-7794

241960,-9782

241960,-9646

241960,-9622

241960,-8762

241960,-9696

241960,-6266

241961,-8020

241961,-8672

241961,-7698

241967,-6610

241967,-4762

241967,-5506

241967,-7080

241967,-4356

241968,-4206

241968,-4570

241968,-792

241968,-750

241968,-254

241968,-52

241968,684

241968,-312

241969,-242

241969,1134

241969,268

241975,1344

241975,3016

241975,4146

241975,5596

241975,5936

241976,5092

241976,4994

241976,6256

241976,7076

241976,8808

241976,8792

241976,8242

241976,9498

241977,9762

241977,11704

241977,11880

241983,14086

241983,13966

241983,13400

241983,14592

241983,16354

241984,16712

241984,18492

241984,18654

241984,16716

241984,20050

241984,20914

241984,21974

241984,20636

241985,21662

241985,19238

241985,17224

241991,16586

241991,14136

241991,15950

241991,15760

241991,16454

241992,13032

241992,10348

241992,8180

241992,6412

241992,7684

241992,10830

241992,10158

241992,9532

241993,12020

241993,13412

241993,15732

241999,15284

241999,16520

241999,15178

241999,14322

241999,16806

242000,18176

242000,20928

242000,19880

242000,21356

242000,18858

242000,20304

242000,19758

242000,20714

242001,18088

242001,16774

242001,17008

242007,17514

242007,20400

242007,20364

242007,21200

242007,18420

242008,18304

242008,17544

242008,20300

242008,18280

242008,18812

242008,22060

242008,22200

242008,22214

242009,21920

242009,22634

242009,23916

242015,22990

242015,23388

242015,24166

242015,27158

242015,28530

242016,28002

242016,28674

242016,30188

242016,29692

242016,31232

242016,31290

242016,30460

242016,30178

242017,28574

242017,27000

242017,30780

242023,30146

242023,29702

242023,30296

242023,28852

242023,27568

242024,27136

242024,27592

242024,27054

242024,29688

242024,29700

242024,30372

242024,31002

242024,31342

242025,33318

242025,35178

242025,35238

242031,35352

242031,34742

242031,37722

242031,41496

242031,43718

242032,42694

242032,42684

242032,42646

242032,46784

242032,46606

242032,46238

242032,46252

242032,45878

242033,47942

242033,46940

242033,46810

242039,46818

242039,44412

242039,45058

242039,45418

242039,43118

242040,39110

242040,37224

242040,37700

242040,38338

242040,37932

242040,37034

242040,39062

242040,38128

242041,39890

242041,37616

242041,39986

242047,38936

242047,39850

242047,37688

242047,36748

242047,36862

242048,36236

242048,35972

242048,36550

242048,36810

242048,36616

242048,37036

242048,38214

242048,40482

242049,39112

242049,35300

242049,35432

242055,36728

242055,33834

242055,32552

242055,32662

242055,30532

242056,29988

242056,30648

242056,28680

242056,26228

242056,28044

242056,29814

242056,28666

242056,25936

242057,27036

242057,24668

242057,23514

242063,23114

242063,23706

242063,23512

242063,20804

242063,19624

242064,16904

242064,16030

242064,15598

242064,15664

242064,17062

242064,14068

242064,16258

242064,15450

242065,19238

242065,15756

242065,15532

242071,15740

242071,16270

242071,16502

242071,19766

242071,16704

242072,18556

242072,18762

242072,18458

242072,19394

242072,18896

242072,17862

242072,19876

242072,22514

242073,22224

242073,22488

242073,20812

242079,23674

242079,21718

242079,21060

242079,20262

242079,22278

242080,23396

242080,25512

242080,25668

242080,26128

242080,26380

242080,27438

242080,29260

242080,29638

242081,27946

242081,30362

242081,31166

242087,32228

242087,33374

242087,34258

242087,34046

242087,34500

242088,33586

242088,35478

242088,35336

242088,34476

242088,36300

242088,36184

242088,36182

242088,39026

242089,39698

242089,39808

242089,40000

242095,42088

242095,45148

242095,46086

242095,47166

242095,48486

242096,49106

242096,47764

242096,50952

242096,51920

242096,52494

242096,56334

242096,58096

242096,59138

242097,59706

242097,60412

242097,61576

242103,63604

242103,65500

242103,65662

242103,67396

242103,67398

242104,69924

242104,73046

242104,74186

242104,74616

242104,76538

242104,77348

242104,76084

242104,78104

242105,79002

242105,79916

242105,78092

242111,79630

242111,83280

242111,86150

242111,89588

242111,90624

242112,92770

242112,91878

242112,92678

242112,89476

242112,88564

242112,84098

242112,83794

242112,85148

242113,84902

242113,85948

242113,86224

242119,85268

242119,85180

242119,84966

242119,86694

242119,86640

242120,85470

242120,87326

242120,87414

242120,87380

242120,85652

242120,87510

242120,84878

242120,83396

242121,82604

242121,82704

242121,80222

242127,78898

242127,76540

242127,76502

242127,75934

242127,75494

242128,75392

242128,74880

242128,77572

242128,78694

242128,78196

242128,76880

242128,76636

242128,77124

242129,77592

242129,77502

242129,77374

242135,74748

242135,72536

242135,72636

242135,70612

242135,70884

242136,72522

242136,73430

242136,74718

242136,74162

242136,75346

242136,77320

242136,81428

242136,83432

242137,83920

242137,81514

242137,82726

242143,83850

242143,84898

242143,84946

242143,85574

242143,85154

242144,82748

242144,80768

242144,82068

242144,81132

242144,81460

242144,80546

242144,82262

242144,82220

242145,83458

242145,82790

242145,83630

242151,86088

242151,86284

242151,86516

242151,86650

242151,86392

242152,84518

242152,83846

242152,82266

242152,81874

242152,81586

242152,80976

242152,79478

242152,78282

242153,78142

242153,80360

242153,80868

242159,81382

242159,80360

242159,80700

242159,81176

242159,79474

242160,79648

242160,78926

242160,79758

242160,78808

242160,79612

242160,77872

242160,78082

242160,76714

242161,77980

242161,76544

242161,73980

242167,72362

242167,72014

242167,69408

242167,67756

242167,66764

242168,65076

242168,63624

242168,63142

242168,61988

242168,63036

242168,61126

242168,61550

242168,61880

242169,62542

242169,60984

242169,59526

242175,59888

242175,58562

242175,55978

242175,53712

242175,53126

242176,54388

242176,52434

242176,53768

242176,55152

242176,55024

242176,54476

242176,55254

242176,54690

242177,55134

242177,55642

242177,54440

242183,54674

242183,56944

242183,57980

242183,57222

242183,57990

242184,59478

242184,59794

242184,58206

242184,57816

242184,58896

242184,59004

242184,58458

242184,59382

242185,58604

242185,59614

242185,61220

242191,59510

242191,60536

242191,62484

242191,62378

242191,65098

242192,61384

242192,60770

242192,60610

242192,59378

242192,58142

242192,59068

242192,56480

242192,57398

242193,57068

242193,56666

242193,55812

242199,57204

242199,59088

242199,58808

242199,57378

242199,57038

242200,56310

242200,57950

242200,57884

242200,61316

242200,61716

242200,63084

242200,61292

242200,60864

242201,60490

242201,60942

242201,58788

242207,59446

242207,60116

242207,59528

242207,59756

242207,61596

242208,61866

242208,61886

242208,62854

242208,61840

242208,62264

242208,61856

242208,61982

242208,63232

242209,63552

242209,63498

242209,62268

242215,60242

242215,60924

242215,60334

242215,60030

242215,58540

242216,55328

242216,54524

242216,55048

242216,54704

242216,52730

242216,52878

242216,52644

242216,52960

242217,53454

242217,52086

242217,51058

RAW_SUMMARY id=7 requested=6000 captured=6000 unused_capacity=0 max_pcm_abs=8356454 raw_mean=27525.7 raw_abs_mean=105753.6 raw_min=-8356454 raw_max=7962234 baseline=-4.5

OK RAW

