# run: clap_r1_5
# firmware: role=analyzer git=1c743a2 version=0.4.0
# imported-from: clap_5.log (mtime 2026-10-09T12:00:34)
RAW_INFO mode=i2s output=csv

RAW_INFO row_size=12

RAW_BEGIN id=10 sr=2000 trigger_ms=275598 command_ms=275585 emit_seen=1 emit_start_ms=275598 emit_done_ms=275695 f=3200 dur=100 pre_ms=0 post_ms=3000 decim=8 pre_samples=0 post_samples=6000 mode=i2s output=csv fields=ms,pcm

ms,pcm

275600,265996

275600,267314

275600,302160

275600,251790

275600,271134

275600,279776

275600,243660

275601,286182

275601,243808

275601,270820

275601,287004

275601,230268

275601,306040

275601,232672

275601,273930

275601,283298

275607,239998

275607,313630

275607,250482

275607,288476

275607,306710

275608,246838

275608,338358

275608,256952

275608,305106

275608,319094

275608,259500

275608,348232

275608,277158

275609,312438

275609,331430

275609,277342

275615,355224

275615,293622

275615,327106

275615,350848

275615,285964

275616,377164

275616,306688

275616,338450

275616,360494

275616,290058

275616,383618

275616,302874

275616,342622

275617,358778

275617,296598

275617,380802

275623,303738

275623,343782

275623,352824

275623,291872

275623,383332

275624,294548

275624,347960

275624,351474

275624,299922

275624,383744

275624,307236

275624,351882

275624,360874

275625,299992

275625,382132

275625,306204

275631,344768

275631,360796

275631,299790

275631,384862

275631,309398

275632,351152

275632,362722

275632,304238

275632,390390

275632,307092

275632,353852

275632,362220

275632,304626

275633,385978

275633,308332

275633,351870

275639,363272

275639,304552

275639,389012

275639,307792

275639,352322

275640,361096

275640,304598

275640,385216

275640,305480

275640,348138

275640,355034

275640,297800

275640,380810

275641,296492

275641,337630

275641,342906

275647,280122

275647,366784

275647,282034

275647,321522

275647,332750

275648,266102

275648,349782

275648,268672

275648,308314

275648,323570

275648,257084

275648,343252

275648,265278

275649,303196

275649,321952

275649,260010

275655,346370

275655,273460

275655,309688

275655,328464

275655,261642

275656,345402

275656,271448

275656,303022

275656,322258

275656,254770

275656,342808

275656,266086

275656,304302

275657,320412

275657,254044

275657,344824

275663,263142

275663,303466

275663,316900

275663,253308

275663,339430

275664,256338

275664,294084

275664,305624

275664,239820

275664,326500

275664,244592

275664,288184

275664,301668

275665,235920

275665,321624

275665,241766

275671,281000

275671,297026

275671,232678

275671,322172

275671,238278

275672,277676

275672,290168

275672,223192

275672,310128

275672,227230

275672,264646

275672,275968

275672,213934

275673,300242

275673,216228

275673,258866

275679,267446

275679,206688

275679,291058

275679,211916

275679,252696

275680,264890

275680,201364

275680,286058

275680,203042

275680,241546

275680,255832

275680,192838

275680,280622

275681,197540

275681,241004

275681,253176

275687,190590

275687,280678

275687,199370

275687,240296

275687,253988

275688,193076

275688,279676

275688,198282

275688,240812

275688,250468

275688,189348

275688,274564

275688,193746

275689,234804

275689,244358

275689,181314

275696,268258

275696,183330

275696,227234

275696,238230

275696,175830

275696,264666

275697,183348

275697,228470

275697,209244

275697,226138

275697,230040

275697,226888

275697,230260

275697,239448

275698,230668

275698,248602

275703,225756

275703,246096

275703,230588

275703,239406

275703,244936

275704,239148

275704,249960

275704,251490

275704,248256

275704,263168

275704,253190

275704,269234

275704,264260

275705,267170

275705,276320

275705,268062

275711,278020

275711,271754

275711,273006

275711,277620

275711,271168

275712,278622

275712,283148

275712,270160

275712,293028

275712,272522

275712,296288

275712,285586

275712,288246

275713,292318

275713,282696

275713,292576

275719,288128

275719,283570

275719,292040

275719,279740

275719,285870

275720,284200

275720,275890

275720,285034

275720,272302

275720,280944

275720,273450

275720,275038

275720,273272

275721,272526

275721,270822

275721,276342

275727,267720

275727,277720

275727,265232

275727,272306

275727,268236

275728,260252

275728,270690

275728,256298

275728,268018

275728,262414

275728,262596

275728,271332

275728,261914

275729,266126

275729,264578

275729,258984

275735,266224

275735,255884

275735,260698

275735,260648

275735,254708

275736,263636

275736,258148

275736,259038

275736,261264

275736,253154

275736,259254

275736,252810

275736,251764

275737,257722

275737,249088

275737,259148

275743,250496

275743,252086

275743,257212

275743,249360

275743,260082

275744,250984

275744,255792

275744,253644

275744,252964

275744,256878

275744,244748

275744,252594

275744,247462

275745,243148

275745,248534

275745,236798

275751,247168

275751,240526

275751,241288

275751,245714

275751,233508

275752,244846

275752,236462

275752,234850

275752,239352

275752,220804

275752,231484

275752,218070

275752,216538

275753,218468

275753,198812

275753,207772

275759,196564

275759,192740

275759,199688

275759,184526

275759,193098

275760,182572

275760,179034

275760,180330

275760,167188

275760,166664

275760,160514

275760,151740

275760,153842

275761,140076

275761,145434

275761,135160

275767,132806

275767,131040

275767,119324

275767,125206

275767,116440

275768,115088

275768,118428

275768,104932

275768,108754

275768,99648

275768,93718

275768,90932

275768,75662

275769,75220

275769,65816

275769,59348

275775,59532

275775,47678

275775,50620

275775,43332

275775,35816

275776,36120

275776,26118

275776,28694

275776,27656

275776,18450

275776,20248

275776,5930

275776,7250

275777,-514

275777,-7368

275777,-1894

275783,-18358

275783,-17074

275783,-25208

275783,-32846

275783,-32548

275784,-44500

275784,-40224

275784,-41466

275784,-46138

275784,-37076

275784,-47816

275784,-38980

275784,-42258

275785,-47240

275785,-42852

275785,-53928

275791,-48754

275791,-54716

275791,-57100

275791,-56724

275791,-67794

275792,-68958

275792,-72008

275792,-81872

275792,-77306

275792,-88570

275792,-86582

275792,-88748

275792,-91860

275793,-85648

275793,-95418

275793,-93850

275799,-97300

275799,-104158

275799,-99670

275799,-104968

275799,-107532

275800,-107930

275800,-117886

275800,-113830

275800,-122856

275800,-123270

275800,-129514

275800,-139902

275800,-140918

275801,-152584

275801,-154866

275801,-161174

275807,-167756

275807,-169616

275807,-180896

275807,-184034

275807,-189662

275808,-195778

275808,-200016

275808,-209460

275808,-214020

275808,-218316

275808,-225938

275808,-227168

275808,-234778

275809,-239370

275809,-245840

275809,-252810

275815,-254218

275815,-261680

275815,-264612

275815,-269878

275815,-274482

275816,-276870

275816,-284270

275816,-288716

275816,-293648

275816,-298416

275816,-300686

275816,-309860

275816,-313786

275817,-317084

275817,-323958

275817,-325258

275823,-331538

275823,-334940

275823,-340626

275823,-347076

275823,-344962

275824,-352562

275824,-356350

275824,-361454

275824,-367692

275824,-369252

275824,-378946

275824,-381904

275824,-390758

275825,-397684

275825,-400496

275825,-406104

275831,-408060

275831,-414344

275831,-417418

275831,-419374

275831,-423970

275832,-424174

275832,-429506

275832,-431114

275832,-433520

275832,-433794

275832,-436406

275832,-441768

275832,-444020

275833,-446018

275833,-450010

275833,-451368

275839,-454212

275839,-456534

275839,-457088

275839,-459988

275839,-458638

275840,-459262

275840,-460820

275840,-458944

275840,-460702

275840,-462970

275840,-467210

275840,-469648

275840,-474086

275841,-478032

275841,-477736

275841,-482248

275847,-486920

275847,-489210

275847,-492280

275847,-495574

275847,-501148

275848,-502572

275848,-506464

275848,-507396

275848,-509494

275848,-509394

275848,-512974

275848,-515576

275848,-518930

275849,-521214

275849,-524240

275849,-528872

275855,-530288

275855,-532968

275855,-533766

275855,-536942

275855,-541504

275856,-541722

275856,-543070

275856,-544692

275856,-546490

275856,-549692

275856,-550168

275856,-553056

275856,-552998

275857,-555554

275857,-557676

275857,-561028

275863,-564776

275863,-568622

275863,-569576

275863,-576058

275863,-578544

275864,-578726

275864,-579930

275864,-581952

275864,-582682

275864,-581858

275864,-580854

275864,-581110

275864,-580196

275865,-578848

275865,-578864

275865,-577268

275871,-575294

275871,-576078

275871,-574204

275871,-576836

275871,-575110

275872,-573268

275872,-573160

275872,-573438

275872,-573058

275872,-570902

275872,-566738

275872,-568746

275872,-566254

275873,-568806

275873,-567130

275873,-567048

275879,-566570

275879,-567774

275879,-567334

275879,-565904

275879,-564158

275880,-563914

275880,-566268

275880,-566978

275880,-565508

275880,-569624

275880,-570434

275880,-573940

275880,-574980

275881,-574158

275881,-574274

275881,-572238

275887,-573238

275887,-573892

275887,-575290

275887,-578508

275887,-581728

275888,-587344

275888,-592090

275888,-592116

275888,-594630

275888,-599444

275888,-601158

275888,-602470

275888,-606952

275889,-606844

275889,-611824

275889,-614264

275895,-617908

275895,-625946

275895,-627692

275895,-629560

275895,-634782

275896,-638240

275896,-639736

275896,-643420

275896,-646544

275896,-647230

275896,-651354

275896,-657174

275896,-656004

275897,-658466

275897,-660364

275897,-663006

275903,-665550

275903,-665694

275903,-670404

275903,-672828

275903,-678450

275904,-679266

275904,-680524

275904,-680206

275904,-679976

275904,-679398

275904,-677258

275904,-677488

275904,-673134

275905,-673366

275905,-673458

275905,-672370

275911,-670676

275911,-669120

275911,-668452

275911,-666804

275911,-664580

275912,-664924

275912,-663184

275912,-660058

275912,-658158

275912,-656664

275912,-653842

275912,-650464

275912,-647780

275913,-644404

275913,-642258

275913,-639734

275919,-637862

275919,-631896

275919,-627784

275919,-622762

275919,-619900

275920,-615138

275920,-614924

275920,-613862

275920,-611954

275920,-612982

275920,-615030

275920,-612912

275920,-614318

275921,-612916

275921,-610436

275921,-607892

275927,-602878

275927,-602666

275927,-601732

275927,-601010

275927,-598142

275928,-598196

275928,-593572

275928,-590828

275928,-588048

275928,-585794

275928,-585608

275928,-584028

275928,-583318

275929,-583220

275929,-585498

275929,-586426

275935,-589038

275935,-589390

275935,-586866

275935,-588002

275935,-589070

275936,-586400

275936,-584040

275936,-585724

275936,-587152

275936,-588134

275936,-590012

275936,-590502

275936,-590806

275937,-589960

275937,-590416

275937,-587612

275943,-586334

275943,-588566

275943,-587430

275943,-583890

275943,-582918

275944,-581774

275944,-579606

275944,-577218

275944,-575868

275944,-575280

275944,-573908

275944,-571638

275944,-570350

275945,-568878

275945,-565628

275945,-561624

275951,-559742

275951,-556840

275951,-552298

275951,-549740

275951,-546208

275952,-541378

275952,-535678

275952,-536016

275952,-533194

275952,-525780

275952,-520024

275952,-515010

275952,-509134

275953,-504204

275953,-498142

275953,-494076

275959,-491302

275959,-484848

275959,-480566

275959,-473776

275959,-466444

275960,-461328

275960,-456886

275960,-451130

275960,-447940

275960,-444108

275960,-439658

275960,-435626

275960,-430352

275961,-428236

275961,-422776

275961,-418986

275967,-412132

275967,-404706

275967,-402140

275967,-398348

275967,-396884

275968,-395200

275968,-393070

275968,-389508

275968,-386020

275968,-381424

275968,-378342

275968,-375256

275968,-372046

275969,-367142

275969,-367146

275969,-362944

275975,-358346

275975,-359208

275975,-354982

275975,-351492

275975,-349160

275976,-348706

275976,-350986

275976,-347970

275976,-348708

275976,-349252

275976,-350352

275976,-350418

275976,-351232

275977,-351786

275977,-352018

275977,-351494

275983,-350278

275983,-350048

275983,-345212

275983,-346416

275983,-346474

275984,-344406

275984,-343640

275984,-345772

275984,-346316

275984,-345292

275984,-347736

275984,-347038

275984,-349280

275985,-347764

275985,-347514

275985,-349338

275991,-348008

275991,-349706

275991,-347908

275991,-346052

275991,-345844

275992,-343704

275992,-342630

275992,-340056

275992,-338768

275992,-339828

275992,-339782

275992,-340208

275992,-340020

275993,-341090

275993,-339018

275993,-340158

275999,-338324

275999,-336476

275999,-338590

275999,-337700

275999,-338248

276000,-336368

276000,-332816

276000,-331886

276000,-328722

276000,-325798

276000,-325840

276000,-324924

276000,-324686

276001,-323306

276001,-322090

276001,-322968

276007,-320320

276007,-318484

276007,-316136

276007,-314714

276007,-316760

276008,-317164

276008,-318424

276008,-317956

276008,-319964

276008,-322486

276008,-322110

276008,-320032

276008,-322624

276009,-325288

276009,-327412

276009,-327168

276015,-329362

276015,-331140

276015,-332042

276015,-334058

276015,-334338

276016,-335336

276016,-334672

276016,-333858

276016,-331704

276016,-330150

276016,-331190

276016,-333146

276016,-332988

276017,-334674

276017,-333582

276017,-335802

276023,-336388

276023,-339010

276023,-340854

276023,-346418

276023,-350420

276024,-352832

276024,-355340

276024,-357502

276024,-360076

276024,-362704

276024,-366006

276024,-368900

276024,-368174

276025,-367196

276025,-364830

276025,-363776

276031,-360292

276031,-361198

276031,-360956

276031,-357512

276031,-359208

276032,-359226

276032,-358120

276032,-357436

276032,-355958

276032,-354190

276032,-349654

276032,-346656

276032,-343282

276033,-340974

276033,-335736

276033,-331260

276039,-327744

276039,-322048

276039,-315314

276039,-309426

276039,-304130

276040,-298348

276040,-293330

276040,-290716

276040,-291016

276040,-289250

276040,-286142

276040,-283648

276040,-282172

276041,-279260

276041,-273092

276041,-272016

276047,-268788

276047,-266748

276047,-266056

276047,-264434

276047,-260712

276048,-256970

276048,-252990

276048,-250830

276048,-247404

276048,-242202

276048,-235624

276048,-232588

276048,-228066

276049,-225324

276049,-220700

276049,-215940

276055,-212222

276055,-207822

276055,-202150

276055,-194844

276055,-188672

276056,-184108

276056,-181072

276056,-178306

276056,-176486

276056,-173152

276056,-167512

276056,-163228

276056,-159922

276057,-158650

276057,-156224

276057,-151964

276063,-151022

276063,-147730

276063,-145764

276063,-144490

276063,-140378

276064,-141318

276064,-137554

276064,-134834

276064,-133364

276064,-131044

276064,-130208

276064,-129808

276064,-125562

276065,-124736

276065,-119526

276065,-118826

276071,-114348

276071,-113886

276071,-110574

276071,-106806

276071,-105168

276072,-100112

276072,-95644

276072,-91002

276072,-87886

276072,-85228

276072,-79908

276072,-76420

276072,-70662

276073,-63530

276073,-58914

276073,-53594

276079,-49724

276079,-44268

276079,-38688

276079,-29584

276079,-24164

276080,-19070

276080,-12186

276080,-6488

276080,-2448

276080,4956

276080,10684

276080,16464

276080,23048

276081,26882

276081,31516

276081,35818

276087,40184

276087,46068

276087,54056

276087,55884

276087,57314

276088,59922

276088,65148

276088,69468

276088,73864

276088,78356

276088,82536

276088,85816

276088,88298

276089,88824

276089,91374

276089,89508

276095,92004

276095,93708

276095,99618

276095,106130

276095,114508

276096,118548

276096,122040

276096,127868

276096,128866

276096,132426

276096,137600

276096,139998

276096,143018

276097,146270

276097,150140

276097,152814

276103,153524

276103,154638

276103,154600

276103,154116

276103,152704

276104,151736

276104,152430

276104,155264

276104,155256

276104,154978

276104,153928

276104,151124

276104,150704

276105,150130

276105,149592

276105,152482

276111,151654

276111,152786

276111,153550

276111,155234

276111,157418

276112,157662

276112,161682

276112,160876

276112,163310

276112,160838

276112,162786

276112,161770

276112,164550

276113,164336

276113,165130

276113,163424

276119,163986

276119,164276

276119,166154

276119,169540

276119,173402

276120,176190

276120,179068

276120,180122

276120,179504

276120,180856

276120,182928

276120,186278

276120,186374

276121,187398

276121,186994

276121,190254

276127,191646

276127,194084

276127,195252

276127,198582

276127,200960

276128,203380

276128,205618

276128,209164

276128,213326

276128,216214

276128,218152

276128,220966

276128,223336

276129,223950

276129,224574

276129,226726

276135,230036

276135,232608

276135,236204

276135,237046

276135,238712

276136,238426

276136,239328

276136,238320

276136,238278

276136,238248

276136,238286

276136,235606

276136,234370

276137,233400

276137,234300

276137,232510

276143,229364

276143,227882

276143,223100

276143,220242

276143,218718

276144,217010

276144,218264

276144,219976

276144,221810

276144,221714

276144,220690

276144,218848

276144,219724

276145,218006

276145,216668

276145,214224

276151,214250

276151,214432

276151,213108

276151,211692

276151,210048

276152,211680

276152,210734

276152,211642

276152,210616

276152,212756

276152,211776

276152,214204

276152,215956

276153,219138

276153,221846

276153,223006

276159,222256

276159,221878

276159,224764

276159,227408

276159,230958

276160,235804

276160,240774

276160,242142

276160,247732

276160,251608

276160,253722

276160,261382

276160,265588

276161,269712

276161,269660

276161,272918

276167,275898

276167,281098

276167,287108

276167,292530

276167,296450

276168,300396

276168,307166

276168,311834

276168,318254

276168,325174

276168,334348

276168,342880

276168,350858

276169,358838

276169,368904

276169,378352

276175,389936

276175,401212

276175,411430

276175,416604

276175,422446

276176,429530

276176,436268

276176,445092

276176,456776

276176,465336

276176,473904

276176,480464

276176,490646

276177,494364

276177,502806

276177,514860

276183,521208

276183,528982

276183,532834

276183,534242

276183,539838

276184,546576

276184,551552

276184,554190

276184,557306

276184,561746

276184,567000

276184,568140

276184,573402

276185,579896

276185,586056

276185,593902

276191,599570

276191,605178

276191,605454

276191,609076

276191,610264

276192,612942

276192,616124

276192,619886

276192,624934

276192,626452

276192,630320

276192,631998

276192,633812

276193,637502

276193,639620

276193,643350

276199,644454

276199,644550

276199,647366

276199,650006

276199,655052

276200,658036

276200,659532

276200,661124

276200,660958

276200,660086

276200,661166

276200,662798

276200,661362

276201,663844

276201,665630

276201,666492

276207,663662

276207,664472

276207,665680

276207,667406

276207,667938

276208,671254

276208,670384

276208,674498

276208,677436

276208,679150

276208,682636

276208,686556

276208,686408

276209,685854

276209,685852

276209,686992

276215,687824

276215,687914

276215,689348

276215,691764

276215,693814

276216,696908

276216,696928

276216,699732

276216,702006

276216,704264

276216,709926

276216,712376

276216,713802

276217,720756

276217,723220

276217,727238

276223,727626

276223,729434

276223,730324

276223,732244

276223,735206

276224,734586

276224,734268

276224,734306

276224,735494

276224,732440

276224,731528

276224,729360

276224,725744

276225,722642

276225,716944

276225,713970

276231,711754

276231,706402

276231,702476

276231,699850

276231,694146

276232,689732

276232,685180

276232,680824

276232,679524

276232,676896

276232,672112

276232,665740

276232,661164

276233,656544

276233,655182

276233,650398

276239,647868

276239,641930

276239,637756

276239,634048

276239,629898

276240,625276

276240,620618

276240,616806

276240,612552

276240,608420

276240,603956

276240,599178

276240,593916

276241,590874

276241,586284

276241,583064

276247,578084

276247,574446

276247,569058

276247,568036

276247,564682

276248,564210

276248,559184

276248,558532

276248,556484

276248,560368

276248,560234

276248,562622

276248,563594

276249,563332

276249,563850

276249,564896

276255,562734

276255,566676

276255,567058

276255,569848

276255,570514

276256,572304

276256,573314

276256,576792

276256,579068

276256,581616

276256,583186

276256,587238

276256,589258

276257,592430

276257,595024

276257,596276

276263,600810

276263,604976

276263,608408

276263,614952

276263,616320

276264,618696

276264,617468

276264,618664

276264,619556

276264,622358

276264,624146

276264,624882

276264,622808

276265,623100

276265,622974

276265,625718

276271,626586

276271,626452

276271,628650

276271,629936

276271,626488

276272,626558

276272,627938

276272,625752

276272,626160

276272,624342

276272,624734

276272,624940

276272,623698

276273,621260

276273,621190

276273,622884

276279,624222

276279,625060

276279,622854

276279,620804

276279,623208

276280,623608

276280,626246

276280,628644

276280,629412

276280,629988

276280,630476

276280,631384

276280,629434

276281,630544

276281,634410

276281,635886

276287,635878

276287,637418

276287,635890

276287,636604

276287,637370

276288,639818

276288,645408

276288,647402

276288,651516

276288,654506

276288,657858

276288,661566

276288,669186

276289,675886

276289,677426

276289,681912

276295,685200

276295,691320

276295,694958

276295,701966

276295,707460

276296,717202

276296,722754

276296,729930

276296,739196

276296,747458

276296,761808

276296,767724

276296,776354

276297,784758

276297,797240

276297,806708

276303,814724

276303,820448

276303,826722

276303,832158

276303,839838

276304,848788

276304,857908

276304,862918

276304,869226

276304,873182

276304,875970

276304,882476

276304,889382

276305,894922

276305,897216

276305,897876

276311,905292

276311,905816

276311,907534

276311,906876

276311,908442

276312,904650

276312,907894

276312,906636

276312,907392

276312,913756

276312,928214

276312,943102

276312,963686

276313,983640

276313,998108

276313,910686

276319,933792

276319,1036032

276319,-109864

276319,4199218

276319,-3374160

276320,4251044

276320,1354726

276320,-840554

276320,-2045904

276320,-5191972

276320,2026206

276320,-4602380

276320,-6622150

276321,5516040

276321,-6947762

276321,1855992

276327,1950446

276327,7749172

276327,6113380

276327,6283410

276327,6082934

276328,5905032

276328,4928176

276328,2310580

276328,7382572

276328,6371472

276328,7818370

276328,553552

276328,5426034

276329,7100896

276329,-4066698

276329,6963118

276335,-6721522

276335,6083074

276335,4454144

276335,1841016

276335,1840686

276336,3963846

276336,5729256

276336,1135478

276336,4655578

276336,5122046

276336,4038770

276336,4587980

276336,7008504

276337,6610932

276337,826308

276337,4274074

276343,4420548

276343,5421894

276343,5293152

276343,6081834

276343,3817150

276344,6672884

276344,6533652

276344,4792468

276344,4542292

276344,6819692

276344,-7176846

276344,5804424

276344,5939044

276345,2997028

276345,4812062

276345,6460692

276351,4641556

276351,5804942

276351,3456074

276351,4365158

276351,4018946

276352,4670094

276352,4462892

276352,4240274

276352,3603864

276352,4963874

276352,4667002

276352,4376344

276352,5258468

276353,3793526

276353,4618666

276353,5230090

276359,3864436

276359,4334730

276359,4569404

276359,6069070

276359,5123702

276360,4316418

276360,4969186

276360,3857734

276360,5012302

276360,3735752

276360,2711876

276360,3684804

276360,3938798

276361,3710840

276361,3524654

276361,3311018

276367,4264834

276367,4138502

276367,3339412

276367,4152012

276367,4315674

276368,3979090

276368,4415250

276368,3898308

276368,4238806

276368,3262928

276368,4844340

276368,3169730

276368,3691150

276369,3939600

276369,3493400

276369,3420780

276375,3924738

276375,3885288

276375,3465866

276375,4854134

276375,3756712

276376,4107070

276376,3857510

276376,3587588

276376,2519076

276376,3463614

276376,3969830

276376,3409810

276376,3097630

276377,3518378

276377,3889660

276377,4125946

276383,3156468

276383,3245104

276383,3610858

276383,3054202

276383,3548530

276384,3380360

276384,3554626

276384,3574552

276384,3410510

276384,3694538

276384,2729224

276384,2277798

276384,2573514

276385,3206488

276385,3492864

276385,3351724

276391,4051324

276391,2595642

276391,3282212

276391,2764634

276391,3081182

276392,2875180

276392,3684748

276392,3126100

276392,3689838

276392,3626078

276392,3407482

276392,3358664

276392,2841382

276393,3286502

276393,2909282

276393,2765466

276399,2811956

276399,2277232

276399,2028708

276399,3359652

276399,3247664

276400,3553768

276400,2883746

276400,2757654

276400,3249390

276400,2388454

276400,2144624

276400,2429892

276400,2937346

276401,2409870

276401,2852922

276401,2210108

276407,2100724

276407,2892216

276407,2379968

276407,3002128

276407,2792192

276408,2788778

276408,2238940

276408,2475390

276408,2619322

276408,2033944

276408,2426192

276408,2733446

276408,2225360

276409,1970650

276409,2239416

276409,2486548

276415,2491156

276415,2432280

276415,2362708

276415,2549996

276415,2702760

276416,1794716

276416,1396948

276416,1995274

276416,2388764

276416,2760186

276416,2637112

276416,2010154

276416,2311726

276417,1927548

276417,1918450

276417,2027786

276423,2226688

276423,2408758

276423,2656386

276423,2595132

276423,2207566

276424,1850592

276424,1684624

276424,2050850

276424,2131332

276424,2459534

276424,1708554

276424,2006914

276424,1777678

276425,1901052

276425,2028578

276425,2103772

276431,2260992

276431,2100222

276431,1842648

276431,1909056

276431,1843146

276432,2041570

276432,2379584

276432,2062658

276432,1377848

276432,2237872

276432,1969230

276432,1824328

276432,1904134

276433,1620640

276433,1978854

276433,1805538

276439,1765230

276439,1878440

276439,2023712

276439,1788434

276439,1370138

276440,1918196

276440,1971184

276440,2270022

276440,1691242

276440,1708698

276440,1494164

276440,1875696

276440,2212270

276441,1731470

276441,1932696

276441,1418020

276447,1852754

276447,1973876

276447,1854434

276447,1738976

276447,1442244

276448,1445876

276448,1830444

276448,1811492

276448,1887034

276448,1667952

276448,1518764

276448,1382938

276448,1764870

276449,1583836

276449,1686392

276449,1710620

276455,1400824

276455,1402616

276455,1210604

276455,1555740

276455,1646988

276456,1524668

276456,1687362

276456,1347530

276456,1524432

276456,1435742

276456,1471746

276456,1558306

276456,1531962

276457,1562970

276457,1693018

276457,1822728

276463,1516762

276463,1583604

276463,1421364

276463,1376034

276463,1509132

276464,1279886

276464,1563582

276464,1566702

276464,1582932

276464,1338382

276464,1302428

276464,1217944

276464,982100

276465,1370932

276465,1489774

276465,1629790

276471,1386726

276471,1481382

276471,1153832

276471,1193110

276471,1326964

276472,1243322

276472,1400482

276472,1274676

276472,1463250

276472,1413758

276472,1557482

276472,1226830

276472,1401778

276473,1368684

276473,1279348

276473,1432532

276479,1441250

276479,1361312

276479,1368856

276479,1402928

276479,1228814

276480,1063652

276480,1384764

276480,1510714

276480,1349402

276480,1244354

276480,959048

276480,1308928

276480,1247966

276481,1367064

276481,1414266

276481,1120160

276487,1168332

276487,1257376

276487,1142102

276487,1190654

276487,1141372

276488,994648

276488,982974

276488,1000236

276488,1173420

276488,1036858

276488,992522

276488,1026074

276488,1001724

276489,922196

276489,891954

276489,1011814

276495,1089040

276495,876932

276495,954084

276495,1067688

276495,889770

276496,881148

276496,771752

276496,806280

276496,914232

276496,863172

276496,822546

276496,837596

276496,715410

276497,616936

276497,709566

276497,616258

276503,795180

276503,719736

276503,699638

276503,655352

276503,719352

276504,719968

276504,629368

276504,768240

276504,743054

276504,679982

276504,793436

276504,670090

276504,689062

276505,611362

276505,641814

276505,717916

276511,682992

276511,718018

276511,667830

276511,673810

276511,733190

276512,809068

276512,643326

276512,758540

276512,621966

276512,686930

276512,737980

276512,657464

276512,695504

276513,642100

276513,719050

276513,670426

276519,686218

276519,629348

276519,621216

276519,652478

276519,731246

276520,586164

276520,644954

276520,638518

276520,567498

276520,561742

276520,598166

276520,543802

276520,618676

276521,667254

276521,578414

276521,681948

276527,589472

276527,624468

276527,533464

276527,633546

276527,568846

276528,618490

276528,655876

276528,585808

276528,688392

276528,514388

276528,548540

276528,530970

276528,583666

276529,565120

276529,543448

276529,645788

276535,556650

276535,516120

276535,449106

276535,527986

276535,538506

276536,635116

276536,559050

276536,468978

276536,515368

276536,460936

276536,585584

276536,518648

276536,552672

276537,544824

276537,526152

276537,654648

276543,524468

276543,491710

276543,514922

276543,581758

276543,477866

276544,442158

276544,496654

276544,506748

276544,563230

276544,548362

276544,539332

276544,526686

276544,477646

276545,477922

276545,516270

276545,526022

276551,560296

276551,506332

276551,455622

276551,522980

276551,558774

276552,524496

276552,466208

276552,603802

276552,555016

276552,539196

276552,505900

276552,535028

276552,550952

276553,521782

276553,555156

276553,549798

276559,538950

276559,575296

276559,543950

276559,495654

276559,522392

276560,546960

276560,581452

276560,563886

276560,553704

276560,531092

276560,490060

276560,507040

276560,555462

276561,538966

276561,518716

276561,510194

276567,482186

276567,536006

276567,547580

276567,531512

276567,541536

276568,532510

276568,492970

276568,486544

276568,556798

276568,507858

276568,481292

276568,504658

276568,494178

276569,467806

276569,477422

276569,471694

276575,484028

276575,499664

276575,501524

276575,511402

276575,471698

276576,550166

276576,539900

276576,532678

276576,555896

276576,509586

276576,494910

276576,512508

276576,516974

276577,512920

276577,488652

276577,547316

276583,490714

276583,559208

276583,588572

276583,524226

276583,504258

276584,578980

276584,590942

276584,531298

276584,586160

276584,511692

276584,529652

276584,530946

276584,556656

276585,547826

276585,553620

276585,491600

276591,524768

276591,540326

276591,512174

276591,527368

276591,556786

276592,543450

276592,541986

276592,532026

276592,562108

276592,539012

276592,538550

276592,548680

276592,560544

276593,564406

276593,549638

276593,580844

276599,575220

276599,567428

276599,578078

276599,597000

276599,571560

276600,568462

276600,570238

276600,561974

276600,541908

276600,565004

276600,555158

276600,568228

276600,559322

276601,541016

276601,541878

276601,541328

276607,520640

276607,536536

276607,551552

276607,535086

276607,543862

276608,539932

276608,529046

276608,533436

276608,514488

276608,513712

276608,522066

276608,499934

276608,514098

276609,527408

276609,508178

276609,506022

276615,510152

276615,517814

276615,527282

276615,509382

276615,522854

276616,526096

276616,505198

276616,518938

276616,492024

276616,484420

276616,474538

276616,468060

276616,464756

276617,461832

276617,462160

276617,458560

276623,454446

276623,440130

276623,442430

276623,445004

276623,438034

276624,433258

276624,410874

276624,425376

276624,428722

276624,439582

276624,406818

276624,414970

276624,427268

276625,410060

276625,406188

276625,403146

276631,401934

276631,386856

276631,384840

276631,409204

276631,409044

276632,386170

276632,392164

276632,374040

276632,389074

276632,402430

276632,375954

276632,376810

276632,379140

276633,382994

276633,366764

276633,358708

276639,349814

276639,354978

276639,337294

276639,330502

276639,330438

276640,334098

276640,324910

276640,322958

276640,315732

276640,306876

276640,311132

276640,304952

276640,295542

276641,296206

276641,284148

276641,269298

276647,259182

276647,263858

276647,268310

276647,268442

276647,262538

276648,252920

276648,242416

276648,243424

276648,246054

276648,241372

276648,233410

276648,225140

276648,225686

276649,223528

276649,213920

276649,210906

276655,218012

276655,191868

276655,181850

276655,189216

276655,190842

276656,192868

276656,183974

276656,169806

276656,166806

276656,163672

276656,146670

276656,149260

276656,145208

276657,136942

276657,141588

276657,136008

276663,126892

276663,125816

276663,114378

276663,101278

276663,115444

276664,112372

276664,117916

276664,121086

276664,104294

276664,92980

276664,94118

276664,87684

276664,91808

276665,84496

276665,84916

276665,76702

276671,77798

276671,72752

276671,75286

276671,84166

276671,71532

276672,70354

276672,64788

276672,80580

276672,76520

276672,73070

276672,62514

276672,62894

276672,62054

276673,66360

276673,62290

276673,63388

276679,57366

276679,60294

276679,67438

276679,66788

276679,60132

276680,65780

276680,60402

276680,66622

276680,60222

276680,63604

276680,63586

276680,63388

276680,64888

276681,65490

276681,69966

276681,64282

276687,71872

276687,68182

276687,69914

276687,61860

276687,64360

276688,65504

276688,69304

276688,61504

276688,58616

276688,66070

276688,70474

276688,63132

276688,69712

276689,70622

276689,63642

276689,66442

276695,64174

276695,63982

276695,68768

276695,64932

276695,68368

276696,64116

276696,55696

276696,55132

276696,53768

276696,54006

276696,51708

276696,39756

276696,30968

276697,31666

276697,37066

276697,22840

276703,32318

276703,21194

276703,16222

276703,5966

276703,1054

276704,742

276704,-4316

276704,-9114

276704,-1126

276704,-10498

276704,-16900

276704,-21330

276704,-20442

276705,-38914

276705,-41050

276705,-39124

276711,-49152

276711,-59452

276711,-63876

276711,-70448

276711,-73576

276712,-78780

276712,-81984

276712,-91712

276712,-100460

276712,-106380

276712,-119980

276712,-122066

276712,-132976

276713,-133574

276713,-138344

276713,-142630

276719,-149252

276719,-160076

276719,-163764

276719,-170066

276719,-172712

276720,-182600

276720,-185032

276720,-181198

276720,-189126

276720,-190868

276720,-194052

276720,-195154

276720,-193870

276721,-196374

276721,-198460

276721,-194022

276727,-191900

276727,-187606

276727,-192852

276727,-189652

276727,-188462

276728,-186240

276728,-180874

276728,-179958

276728,-182610

276728,-188736

276728,-192814

276728,-186888

276728,-184730

276729,-185502

276729,-184308

276729,-187474

276735,-185602

276735,-184942

276735,-183272

276735,-180964

276735,-175760

276736,-174900

276736,-178224

276736,-173354

276736,-172154

276736,-179856

276736,-173410

276736,-173860

276736,-173360

276737,-166112

276737,-165858

276737,-167816

276743,-172362

276743,-171388

276743,-175352

276743,-175634

276743,-176706

276744,-178406

276744,-175196

276744,-182804

276744,-184812

276744,-185326

276744,-188572

276744,-191626

276744,-195238

276745,-199754

276745,-207692

276745,-211180

276751,-222178

276751,-230492

276751,-235440

276751,-236764

276751,-241170

276752,-253302

276752,-259352

276752,-268536

276752,-276806

276752,-289942

276752,-300676

276752,-311004

276752,-321140

276753,-332468

276753,-344276

276753,-359162

276759,-368064

276759,-381450

276759,-390272

276759,-403034

276759,-411448

276760,-422978

276760,-430662

276760,-438968

276760,-449670

276760,-457884

276760,-463652

276760,-470978

276760,-474968

276761,-479424

276761,-487260

276761,-491092

276767,-499384

276767,-502556

276767,-511370

276767,-516116

276767,-515980

276768,-521758

276768,-524450

276768,-533350

276768,-531804

276768,-539828

276768,-542966

276768,-542734

276768,-544714

276769,-546108

276769,-544796

276769,-553220

276775,-551874

276775,-554216

276775,-557536

276775,-558092

276775,-557584

276776,-556170

276776,-558796

276776,-561796

276776,-564358

276776,-568352

276776,-564770

276776,-565482

276776,-563082

276777,-562138

276777,-566848

276777,-567148

276783,-565436

276783,-561516

276783,-558118

276783,-560112

276783,-557146

276784,-554588

276784,-554388

276784,-553868

276784,-548306

276784,-543404

276784,-545314

276784,-545124

276784,-541422

276785,-543040

276785,-542294

276785,-539462

276791,-537860

276791,-535784

276791,-532176

276791,-534748

276791,-533486

276792,-530406

276792,-528782

276792,-529218

276792,-534034

276792,-535944

276792,-538678

276792,-539912

276792,-538110

276793,-539116

276793,-542050

276793,-543958

276799,-549624

276799,-553224

276799,-554288

276799,-555834

276799,-562234

276800,-565602

276800,-569968

276800,-575334

276800,-579924

276800,-581380

276800,-587052

276800,-587816

276800,-596302

276801,-596516

276801,-601492

276801,-604240

276807,-609128

276807,-612064

276807,-617174

276807,-619536

276807,-623534

276808,-620872

276808,-620782

276808,-622284

276808,-619118

276808,-617918

276808,-617276

276808,-615888

276808,-611490

276809,-610622

276809,-609238

276809,-605780

276815,-604772

276815,-596444

276815,-598494

276815,-594326

276815,-591112

276816,-589796

276816,-582138

276816,-576394

276816,-573378

276816,-568650

276816,-565942

276816,-564118

276816,-560984

276817,-556482

276817,-551732

276817,-546064

276823,-543210

276823,-540232

276823,-537242

276823,-533654

276823,-531348

276824,-524484

276824,-522012

276824,-518366

276824,-514348

276824,-511812

276824,-509212

276824,-505042

276824,-501102

276825,-500266

276825,-500068

276825,-496952

276831,-493940

276831,-491152

276831,-488656

276831,-482980

276831,-481048

276832,-477916

276832,-478532

276832,-478168

276832,-478772

276832,-479754

276832,-477948

276832,-477500

276832,-478296

276833,-476776

276833,-473630

276833,-471836

276839,-470566

276839,-470846

276839,-478246

276839,-478086

276839,-480890

276840,-481780

276840,-488568

276840,-488944

276840,-493060

276840,-493938

276840,-498888

276840,-500020

276840,-503842

276841,-501654

276841,-502172

276841,-504702

276847,-510462

276847,-512872

276847,-513236

276847,-516704

276847,-514326

276848,-513736

276848,-511872

276848,-514038

276848,-512456

276848,-512354

276848,-515314

276848,-515174

276848,-516542

276849,-519712

276849,-517510

276849,-518392

276855,-521190

276855,-519764

276855,-519124

276855,-518824

276855,-518366

276856,-519622

276856,-521286

276856,-521940

276856,-521452

276856,-521702

276856,-519908

276856,-519362

276856,-521102

276857,-519022

276857,-518754

276857,-521408

276863,-518956

276863,-513536

276863,-511184

276863,-510508

276863,-512156

276864,-512526

276864,-514846

276864,-511664

276864,-508088

276864,-509068

276864,-505400

276864,-505064

276864,-506550

276865,-504410

276865,-507148

276865,-508532

276871,-507694

276871,-509094

276871,-508386

276871,-507798

276871,-504714

276872,-504826

276872,-508014

276872,-507510

276872,-507522

276872,-510746

276872,-509000

276872,-512732

276872,-512000

276873,-515612

276873,-515982

276873,-519804

276879,-522188

276879,-520952

276879,-525610

276879,-531808

276879,-536760

276880,-543342

276880,-544280

276880,-552836

276880,-552458

276880,-556030

276880,-561992

276880,-563254

276880,-568364

276881,-571570

276881,-573780

276881,-572428

276887,-569134

276887,-568816

276887,-568040

276887,-566574

276887,-566272

276888,-565298

276888,-563056

276888,-562960

276888,-562814

276888,-562138

276888,-560700

276888,-558190

276888,-556372

276889,-557552

276889,-556922

276889,-551912

276895,-546010

276895,-543504

276895,-540920

276895,-534678

276895,-531552

276896,-529750

276896,-526402

276896,-521018

276896,-515460

276896,-511406

276896,-506376

276896,-505842

276896,-499516

276897,-496470

276897,-494740

276897,-493808

276903,-490458

276903,-487910

276903,-481930

276903,-479424

276903,-475914

276904,-474286

276904,-473290

276904,-476804

276904,-473028

276904,-468500

276904,-459736

276904,-456362

276904,-453812

276905,-455684

276905,-454782

276905,-450330

276911,-446954

276911,-448606

276911,-445156

276911,-446748

276911,-444872

276912,-443940

276912,-437576

276912,-437174

276912,-438770

276912,-436866

276912,-435264

276912,-437340

276912,-435760

276913,-435472

276913,-436322

276913,-435866

276919,-434684

276919,-438246

276919,-435004

276919,-431858

276919,-433808

276920,-430700

276920,-431620

276920,-431988

276920,-429448

276920,-425982

276920,-423792

276920,-422100

276920,-424806

276921,-427262

276921,-430350

276921,-427674

276927,-427226

276927,-427264

276927,-430064

276927,-423152

276927,-418294

276928,-414892

276928,-411672

276928,-405148

276928,-394178

276928,-390552

276928,-379344

276928,-377016

276928,-370364

276929,-362816

276929,-360602

276929,-352906

276935,-350208

276935,-346104

276935,-342110

276935,-334366

276935,-330534

276936,-324724

276936,-314782

276936,-307182

276936,-303458

276936,-295226

276936,-293410

276936,-290764

276936,-281688

276937,-274704

276937,-272078

276937,-266854

276943,-263494

276943,-256902

276943,-252738

276943,-250910

276943,-245126

276944,-238928

276944,-237444

276944,-235656

276944,-231344

276944,-226672

276944,-216306

276944,-210962

276944,-202228

276945,-195114

276945,-194990

276945,-188522

276951,-182734

276951,-175952

276951,-170602

276951,-165334

276951,-163424

276952,-162070

276952,-155162

276952,-151158

276952,-147346

276952,-147632

276952,-144506

276952,-138548

276952,-133780

276953,-128806

276953,-121370

276953,-116088

276959,-114510

276959,-110258

276959,-108160

276959,-104412

276959,-97256

276960,-92896

276960,-90842

276960,-96178

276960,-98242

276960,-94952

276960,-92324

276960,-91718

276960,-91290

276961,-90874

276961,-92378

276961,-92108

276967,-93656

276967,-89888

276967,-85342

276967,-82706

276967,-80812

276968,-79918

276968,-77026

276968,-72202

276968,-73028

276968,-70942

276968,-70728

276968,-76462

276968,-70408

276969,-70406

276969,-63930

276969,-62946

276975,-63602

276975,-62456

276975,-62970

276975,-64344

276975,-57110

276976,-53560

276976,-48020

276976,-46278

276976,-41060

276976,-41912

276976,-38924

276976,-34166

276976,-32202

276977,-32780

276977,-27126

276977,-23928

276983,-25340

276983,-23222

276983,-20244

276983,-18360

276983,-15732

276984,-11482

276984,-10522

276984,-9898

276984,-7230

276984,-5860

276984,-718

276984,1642

276984,8244

276985,6184

276985,8988

276985,6320

276991,8286

276991,9142

276991,8070

276991,6646

276991,7182

276992,6372

276992,6346

276992,5984

276992,3956

276992,6614

276992,9064

276992,7748

276992,8544

276993,8356

276993,4946

276993,3960

276999,4242

276999,4168

276999,1052

276999,-3382

276999,-2504

277000,-8154

277000,-10452

277000,-9734

277000,-11758

277000,-15410

277000,-16370

277000,-13966

277000,-14640

277001,-17964

277001,-16956

277001,-17218

277007,-20292

277007,-21982

277007,-19544

277007,-22732

277007,-21234

277008,-19402

277008,-20338

277008,-19946

277008,-19524

277008,-16940

277008,-14382

277008,-16080

277008,-16058

277009,-15786

277009,-17746

277009,-20488

277015,-16474

277015,-12846

277015,-12944

277015,-14336

277015,-13376

277016,-10176

277016,-9466

277016,-9838

277016,-5620

277016,-7802

277016,-6144

277016,-8278

277016,-9672

277017,-11112

277017,-11620

277017,-13034

277023,-15590

277023,-14914

277023,-17608

277023,-17970

277023,-19808

277024,-22364

277024,-22836

277024,-21304

277024,-19762

277024,-20778

277024,-18952

277024,-18994

277024,-22374

277025,-22126

277025,-26334

277025,-29170

277031,-26564

277031,-26744

277031,-28662

277031,-31498

277031,-33266

277032,-34072

277032,-32174

277032,-33092

277032,-30872

277032,-29792

277032,-34434

277032,-32200

277032,-31616

277033,-29434

277033,-29392

277033,-29238

277039,-28078

277039,-30704

277039,-35694

277039,-34296

277039,-38006

277040,-35300

277040,-38256

277040,-37510

277040,-42566

277040,-44576

277040,-45228

277040,-46006

277040,-43438

277041,-41876

277041,-44206

277041,-42926

277047,-49104

277047,-50296

277047,-49116

277047,-50328

277047,-48920

277048,-48042

277048,-46792

277048,-46490

277048,-46140

277048,-48834

277048,-48514

277048,-45412

277048,-44612

277049,-46080

277049,-44360

277049,-40560

277055,-40302

277055,-32878

277055,-35678

277055,-31720

277055,-33996

277056,-32724

277056,-33218

277056,-29292

277056,-26386

277056,-27072

277056,-23250

277056,-23724

277056,-25660

277057,-25270

277057,-24758

277057,-27342

277063,-29186

277063,-28762

277063,-29268

277063,-30074

277063,-31074

277064,-33210

277064,-34034

277064,-31942

277064,-32096

277064,-32056

277064,-34516

277064,-32440

277064,-38662

277065,-40868

277065,-41982

277065,-45454

277071,-48126

277071,-53458

277071,-55926

277071,-61660

277071,-65294

277072,-68610

277072,-71002

277072,-71900

277072,-78488

277072,-80158

277072,-82488

277072,-85010

277072,-89116

277073,-93186

277073,-93062

277073,-94844

277079,-97012

277079,-99082

277079,-103144

277079,-104398

277079,-107390

277080,-110260

277080,-113736

277080,-115322

277080,-119544

277080,-122430

277080,-125740

277080,-129320

277080,-134242

277081,-134216

277081,-135806

277081,-138074

277087,-137456

277087,-139034

277087,-141580

277087,-141534

277087,-145042

277088,-147068

277088,-146840

277088,-146406

277088,-146938

277088,-149002

277088,-149902

277088,-152262

277088,-152138

277089,-152646

277089,-150392

277089,-147412

277095,-146748

277095,-143226

277095,-144506

277095,-142894

277095,-144566

277096,-143806

277096,-146712

277096,-145350

277096,-143740

277096,-143414

277096,-142488

277096,-143192

277096,-142488

277097,-146984

277097,-148046

277097,-149898

277103,-151382

277103,-155664

277103,-158664

277103,-161570

277103,-167090

277104,-172766

277104,-180020

277104,-188184

277104,-189996

277104,-196450

277104,-200332

277104,-203206

277104,-209060

277105,-213744

277105,-214232

277105,-218222

277111,-218550

277111,-222156

277111,-231046

277111,-232226

277111,-237418

277112,-246456

277112,-248668

277112,-251822

277112,-255238

277112,-260608

277112,-262902

277112,-265204

277112,-266808

277113,-267656

277113,-268382

277113,-269280

277119,-272852

277119,-273062

277119,-273028

277119,-275286

277119,-275466

277120,-279074

277120,-279346

277120,-283360

277120,-282856

277120,-285330

277120,-288362

277120,-291498

277120,-293256

277121,-300304

277121,-303866

277121,-311346

277127,-309958

277127,-313440

277127,-316894

277127,-318464

277127,-320802

277128,-320790

277128,-322954

277128,-323204

277128,-324550

277128,-327122

277128,-326812

277128,-330312

277128,-327436

277129,-326186

277129,-324912

277129,-326052

277135,-329418

277135,-324034

277135,-322244

277135,-317528

277135,-315770

277136,-313584

277136,-312622

277136,-308688

277136,-307986

277136,-301862

277136,-295288

277136,-293146

277136,-287066

277137,-289034

277137,-288726

277137,-288764

277143,-286744

277143,-283676

277143,-281150

277143,-278488

277143,-281564

277144,-275100

277144,-275790

277144,-274520

277144,-274052

277144,-272816

277144,-271762

277144,-274054

277144,-274834

277145,-277288

277145,-276746

277145,-276900

277151,-280448

277151,-282706

277151,-283636

277151,-286824

277151,-291402

277152,-292748

277152,-296572

277152,-298452

277152,-297544

277152,-299512

277152,-304282

277152,-305820

277152,-311840

277153,-314470

277153,-314564

277153,-315968

277159,-318562

277159,-323918

277159,-324446

277159,-328698

277159,-330562

277160,-330334

277160,-330468

277160,-332758

277160,-334638

277160,-338210

277160,-338434

277160,-338262

277160,-337500

277161,-342040

277161,-340916

277161,-339084

277167,-340442

277167,-340492

277167,-339008

277167,-340460

277167,-341552

277168,-342056

277168,-341564

277168,-343614

277168,-342924

277168,-338960

277168,-336388

277168,-337172

277168,-338164

277169,-340322

277169,-341158

277169,-342376

277175,-343440

277175,-341238

277175,-342398

277175,-344934

277175,-344350

277176,-344776

277176,-342466

277176,-343446

277176,-342208

277176,-343060

277176,-339750

277176,-335770

277176,-333488

277177,-333964

277177,-335684

277177,-335728

277183,-335008

277183,-332408

277183,-333504

277183,-333722

277183,-334416

277184,-339924

277184,-345396

277184,-349976

277184,-352430

277184,-355624

277184,-357810

277184,-362594

277184,-367812

277185,-368416

277185,-369766

277185,-370086

277191,-374598

277191,-376542

277191,-378564

277191,-379596

277191,-382006

277192,-383806

277192,-384692

277192,-386140

277192,-389820

277192,-393602

277192,-395516

277192,-395612

277192,-398094

277193,-399982

277193,-398508

277193,-398746

277199,-398050

277199,-395120

277199,-393346

277199,-390464

277199,-387706

277200,-388816

277200,-386058

277200,-389028

277200,-388904

277200,-390126

277200,-389714

277200,-391204

277200,-388230

277201,-385026

277201,-384242

277201,-385080

277207,-385376

277207,-384610

277207,-381778

277207,-377758

277207,-378320

277208,-375538

277208,-375304

277208,-376756

277208,-374374

277208,-374356

277208,-375996

277208,-373320

277208,-376428

277209,-378594

277209,-380646

277209,-382738

277215,-383266

277215,-383146

277215,-383012

277215,-383708

277215,-380410

277216,-383318

277216,-380832

277216,-382324

277216,-376892

277216,-375608

277216,-376874

277216,-375782

277216,-373108

277217,-372478

277217,-372036

277217,-375186

277223,-377048

277223,-377930

277223,-381390

277223,-386440

277223,-388904

277224,-392722

277224,-389842

277224,-390808

277224,-391098

277224,-391678

277224,-392698

277224,-391984

277224,-393360

277225,-396302

277225,-397372

277225,-399512

277231,-400630

277231,-404756

277231,-409938

277231,-414302

277231,-420702

277232,-422276

277232,-427864

277232,-429322

277232,-432492

277232,-437074

277232,-441324

277232,-444098

277232,-445342

277233,-443748

277233,-447588

277233,-450670

277239,-454602

277239,-452610

277239,-453062

277239,-453552

277239,-454970

277240,-454654

277240,-453672

277240,-450760

277240,-452832

277240,-452138

277240,-452726

277240,-449170

277240,-443982

277241,-441662

277241,-437438

277241,-432568

277247,-426454

277247,-424264

277247,-421310

277247,-414248

277247,-405658

277248,-398218

277248,-389308

277248,-381446

277248,-371956

277248,-364202

277248,-358416

277248,-353596

277248,-346748

277249,-341000

277249,-337588

277249,-330352

277255,-328306

277255,-319818

277255,-312056

277255,-308642

277255,-304438

277256,-303562

277256,-300322

277256,-296338

277256,-295070

277256,-292254

277256,-286500

277256,-283998

277256,-282554

277257,-281230

277257,-280394

277257,-279454

277263,-277242

277263,-276816

277263,-274782

277263,-277014

277263,-277786

277264,-279474

277264,-282816

277264,-284032

277264,-287770

277264,-292984

277264,-296754

277264,-301110

277264,-306464

277265,-309352

277265,-309118

277265,-311880

277271,-314450

277271,-317742

277271,-319656

277271,-324184

277271,-327990

277272,-329120

277272,-331760

277272,-331010

277272,-334024

277272,-336818

277272,-338584

277272,-342534

277272,-346800

277273,-348884

277273,-349956

277273,-348752

277279,-348372

277279,-350338

277279,-348408

277279,-346156

277279,-344022

277280,-343298

277280,-343418

277280,-342528

277280,-341414

277280,-342636

277280,-346694

277280,-345102

277280,-347970

277281,-346590

277281,-346028

277281,-346554

277287,-348296

277287,-348596

277287,-349590

277287,-350550

277287,-355036

277288,-349970

277288,-349282

277288,-346796

277288,-344740

277288,-345862

277288,-340076

277288,-335872

277288,-336204

277289,-334618

277289,-338188

277289,-335174

277295,-332240

277295,-332468

277295,-327650

277295,-327178

277295,-318966

277296,-315394

277296,-314478

277296,-310690

277296,-304840

277296,-302054

277296,-298522

277296,-294550

277296,-292862

277297,-292266

277297,-293386

277297,-291342

277303,-288338

277303,-288088

277303,-287016

277303,-287196

277303,-290246

277304,-288972

277304,-291820

277304,-291336

277304,-293846

277304,-298648

277304,-302144

277304,-305180

277304,-307604

277305,-308480

277305,-312978

277305,-314922

277311,-317148

277311,-320988

277311,-328810

277311,-335116

277311,-341264

277312,-346922

277312,-353004

277312,-358642

277312,-364918

277312,-371000

277312,-378576

277312,-381248

277312,-386462

277313,-389008

277313,-393824

277313,-397710

277319,-400658

277319,-402360

277319,-403662

277319,-406186

277319,-407312

277320,-410736

277320,-409016

277320,-411838

277320,-413044

277320,-412300

277320,-414164

277320,-416148

277320,-413318

277321,-412128

277321,-407488

277321,-405494

277327,-401674

277327,-399948

277327,-401860

277327,-403208

277327,-402574

277328,-401490

277328,-400562

277328,-397770

277328,-396524

277328,-392990

277328,-393256

277328,-390634

277328,-387624

277329,-387658

277329,-388836

277329,-390806

277335,-389046

277335,-387724

277335,-385416

277335,-386920

277335,-384742

277336,-382362

277336,-380186

277336,-378492

277336,-377154

277336,-375870

277336,-372874

277336,-372356

277336,-374290

277337,-371850

277337,-370748

277337,-367938

277343,-367232

277343,-366144

277343,-364484

277343,-361418

277343,-360586

277344,-367034

277344,-368738

277344,-367628

277344,-366150

277344,-369784

277344,-373992

277344,-375874

277344,-378948

277345,-379326

277345,-381820

277345,-384742

277351,-386772

277351,-387878

277351,-387444

277351,-386574

277351,-386060

277352,-385150

277352,-384996

277352,-385536

277352,-385502

277352,-385910

277352,-387594

277352,-389284

277352,-393910

277353,-394440

277353,-396638

277353,-397084

277359,-401962

277359,-401022

277359,-405268

277359,-403438

277359,-400448

277360,-401200

277360,-399686

277360,-397156

277360,-391272

277360,-390498

277360,-388104

277360,-389284

277360,-385966

277361,-383530

277361,-382634

277361,-384860

277367,-382376

277367,-381462

277367,-381148

277367,-379830

277367,-378112

277368,-376148

277368,-372012

277368,-371746

277368,-368722

277368,-363900

277368,-359618

277368,-356758

277368,-357602

277369,-355212

277369,-351638

277369,-348358

277375,-346648

277375,-344636

277375,-342586

277375,-339386

277375,-339470

277376,-341894

277376,-340018

277376,-339518

277376,-336560

277376,-332568

277376,-333660

277376,-331350

277376,-332628

277377,-333240

277377,-331834

277377,-330126

277383,-329426

277383,-332314

277383,-331906

277383,-334732

277383,-337590

277384,-339848

277384,-339122

277384,-338660

277384,-341638

277384,-344792

277384,-346660

277384,-350990

277384,-354808

277385,-360138

277385,-361132

277385,-363228

277391,-365444

277391,-366930

277391,-372280

277391,-377202

277391,-379322

277392,-382020

277392,-387192

277392,-389032

277392,-389852

277392,-394346

277392,-399534

277392,-403198

277392,-403570

277393,-407922

277393,-412830

277393,-415578

277399,-416988

277399,-420260

277399,-421762

277399,-424630

277399,-422156

277400,-427326

277400,-426956

277400,-430030

277400,-430088

277400,-430020

277400,-429846

277400,-431544

277400,-434428

277401,-436880

277401,-434114

277401,-435506

277407,-433688

277407,-437028

277407,-437270

277407,-436454

277407,-434980

277408,-432076

277408,-433234

277408,-433088

277408,-432322

277408,-431614

277408,-429454

277408,-426234

277408,-424392

277409,-423728

277409,-423912

277409,-421778

277415,-421132

277415,-417312

277415,-416708

277415,-415026

277415,-413604

277416,-415778

277416,-413032

277416,-412624

277416,-409884

277416,-407218

277416,-405490

277416,-405550

277416,-403298

277417,-402240

277417,-400514

277417,-400856

277423,-402596

277423,-403674

277423,-410314

277423,-412690

277423,-417750

277424,-423926

277424,-428350

277424,-432842

277424,-436644

277424,-438402

277424,-443646

277424,-450484

277424,-455752

277425,-461822

277425,-468280

277425,-474218

277431,-483868

277431,-489574

277431,-497680

277431,-509172

277431,-513448

277432,-521932

277432,-528438

277432,-537896

277432,-543772

277432,-549998

277432,-554094

277432,-559824

277432,-566122

277433,-571862

277433,-578446

277433,-581890

277439,-588034

277439,-590546

277439,-594456

277439,-601590

277439,-608348

277440,-614844

277440,-618810

277440,-621744

277440,-625964

277440,-630200

277440,-633766

277440,-637644

277440,-640882

277441,-644710

277441,-644992

277441,-646116

277447,-645424

277447,-647876

277447,-646476

277447,-644468

277447,-643542

277448,-640824

277448,-638880

277448,-636622

277448,-635042

277448,-633586

277448,-633794

277448,-632904

277448,-630146

277449,-627360

277449,-623620

277449,-623652

277455,-622584

277455,-620984

277455,-619270

277455,-615150

277455,-612302

277456,-610810

277456,-610928

277456,-606036

277456,-603426

277456,-600536

277456,-597056

277456,-597698

277456,-594384

277457,-594176

277457,-594346

277457,-593138

277463,-592124

277463,-590050

277463,-589830

277463,-591754

277463,-591598

277464,-590210

277464,-589294

277464,-584840

277464,-584028

277464,-584514

277464,-585242

277464,-589434

277464,-591100

277465,-592182

277465,-592600

277465,-593986

277471,-596010

277471,-599930

277471,-605372

277471,-607876

277471,-611728

277472,-614182

277472,-616390

277472,-619362

277472,-621186

277472,-621982

277472,-621906

277472,-624608

277472,-627962

277473,-629450

277473,-631658

277473,-632358

277479,-632938

277479,-634690

277479,-636844

277479,-637648

277479,-637484

277480,-639940

277480,-639160

277480,-641852

277480,-640490

277480,-643370

277480,-644918

277480,-645378

277480,-647266

277481,-646684

277481,-646768

277481,-646154

277487,-645040

277487,-647086

277487,-648972

277487,-648356

277487,-644934

277488,-639856

277488,-636118

277488,-631496

277488,-630030

277488,-628400

277488,-624712

277488,-622636

277488,-619296

277489,-612610

277489,-612266

277489,-606506

277495,-602052

277495,-601570

277495,-600390

277495,-597690

277495,-594972

277496,-590322

277496,-586806

277496,-583590

277496,-578488

277496,-574676

277496,-572294

277496,-567876

277496,-566546

277497,-562610

277497,-563006

277497,-562364

277503,-558808

277503,-560780

277503,-560174

277503,-562124

277503,-563022

277504,-566906

277504,-566954

277504,-569314

277504,-573222

277504,-574184

277504,-575194

277504,-575846

277504,-580784

277505,-582200

277505,-581082

277505,-582616

277511,-584916

277511,-586456

277511,-588230

277511,-590832

277511,-593304

277512,-593758

277512,-597940

277512,-601624

277512,-601206

277512,-605530

277512,-610660

277512,-611120

277512,-613050

277513,-614810

277513,-615838

277513,-615722

277519,-615580

277519,-616116

277519,-615466

277519,-616008

277519,-616936

277520,-618422

277520,-619528

277520,-620702

277520,-620138

277520,-620278

277520,-620214

277520,-620730

277520,-621244

277521,-622040

277521,-619490

277521,-619904

277527,-619494

277527,-619522

277527,-619266

277527,-616604

277527,-613360

277528,-612520

277528,-610832

277528,-608518

277528,-604332

277528,-603176

277528,-600378

277528,-597938

277528,-594068

277529,-591532

277529,-587996

277529,-585632

277535,-583660

277535,-578638

277535,-576836

277535,-575764

277535,-574184

277536,-573650

277536,-569774

277536,-567104

277536,-561504

277536,-558606

277536,-555908

277536,-550934

277536,-550590

277537,-549928

277537,-548174

277537,-543660

277543,-541698

277543,-538542

277543,-536782

277543,-535998

277543,-533370

277544,-534528

277544,-531270

277544,-528726

277544,-527262

277544,-526788

277544,-526868

277544,-524644

277544,-526696

277545,-527516

277545,-525146

277545,-525460

277551,-521446

277551,-522942

277551,-527696

277551,-530482

277551,-531990

277552,-532710

277552,-535274

277552,-536488

277552,-537314

277552,-537498

277552,-540670

277552,-546354

277552,-548528

277553,-556834

277553,-561836

277553,-566306

277559,-573666

277559,-575004

277559,-576542

277559,-580454

277559,-583368

277560,-589546

277560,-594072

277560,-596618

277560,-598540

277560,-602094

277560,-603582

277560,-605436

277560,-605914

277561,-604428

277561,-607298

277561,-606552

277567,-604884

277567,-604590

277567,-605012

277567,-605138

277567,-601294

277568,-603708

277568,-602804

277568,-603184

277568,-601514

277568,-596686

277568,-595192

277568,-594384

277568,-593282

277569,-591272

277569,-588452

277569,-586874

277575,-584206

277575,-580778

277575,-577568

277575,-574732

277575,-572580

277576,-567734

277576,-563622

277576,-562008

277576,-558576

277576,-555720

277576,-551920

277576,-546550

277576,-544324

277577,-540788

277577,-535724

277577,-532874

277583,-530134

277583,-526152

277583,-523742

277583,-516436

277583,-512644

277584,-507030

277584,-502610

277584,-496276

277584,-493642

277584,-489632

277584,-486756

277584,-486830

277584,-486374

277585,-483274

277585,-482328

277585,-480806

277591,-477986

277591,-475634

277591,-475814

277591,-473452

277591,-475104

277592,-473536

277592,-470292

277592,-469026

277592,-469400

277592,-467582

277592,-464730

277592,-465580

277592,-464854

277593,-465006

277593,-465650

277593,-463536

277599,-462914

277599,-464068

277599,-465944

277599,-464478

277599,-463718

277600,-463056

277600,-462290

277600,-461598

277600,-460506

277600,-460332

277600,-460648

277600,-458350

277600,-456406

277601,-453378

277601,-450950

277601,-451280

277607,-449110

277607,-448456

277607,-445886

277607,-442794

277607,-443360

277608,-441280

277608,-436530

277608,-434730

277608,-430024

277608,-428258

277608,-424944

277608,-419264

277608,-416466

277609,-415558

277609,-409892

277609,-406578

277615,-400464

277615,-393908

277615,-388416

277615,-382576

277615,-378868

277616,-375768

277616,-369544

277616,-367038

277616,-359622

277616,-355450

277616,-348892

277616,-343830

277616,-337232

277617,-330804

277617,-325408

277617,-319680

277623,-315366

277623,-310516

277623,-305904

277623,-300588

277623,-299570

277624,-293440

277624,-288916

277624,-282736

277624,-281248

277624,-275884

277624,-270994

277624,-268396

277624,-266612

277625,-261620

277625,-260802

277625,-257130

277631,-252408

277631,-248496

277631,-245140

277631,-243324

277631,-242386

277632,-242500

277632,-244302

277632,-240948

277632,-240752

277632,-241724

277632,-242406

277632,-242996

277632,-245438

277633,-244374

277633,-242602

277633,-243292

277639,-242806

277639,-244960

277639,-245668

277639,-246158

277639,-249456

277640,-250586

277640,-252250

277640,-257404

277640,-260758

277640,-265120

277640,-269754

277640,-274110

277640,-279674

277641,-279894

277641,-283062

277641,-284556

277647,-285366

277647,-286498

277647,-287922

277647,-286374

277647,-287382

277648,-289496

277648,-291400

277648,-291774

277648,-292238

277648,-292766

277648,-293540

277648,-298560

277648,-299354

277649,-298436

277649,-300482

277649,-300664

277655,-299770

277655,-295550

277655,-294924

277655,-294428

277655,-295102

277656,-292938

277656,-292674

277656,-290172

277656,-290258

277656,-288006

277656,-290880

277656,-286714

277656,-286746

277657,-287060

277657,-287160

277657,-287336

277663,-286480

277663,-285788

277663,-284256

277663,-277304

277663,-271232

277664,-267474

277664,-262064

277664,-259228

277664,-253542

277664,-249100

277664,-245584

277664,-243100

277664,-241308

277665,-239616

277665,-236206

277665,-236190

277671,-233540

277671,-229784

277671,-231066

277671,-232540

277671,-232916

277672,-231996

277672,-228950

277672,-228110

277672,-225618

277672,-222924

277672,-220840

277672,-219710

277672,-220976

277673,-222712

277673,-223784

277673,-223708

277679,-228184

277679,-231222

277679,-233844

277679,-236096

277679,-241178

277680,-244786

277680,-243830

277680,-250960

277680,-253148

277680,-256012

277680,-262390

277680,-266386

277680,-269278

277681,-271774

277681,-276896

277681,-282572

277687,-286246

277687,-290354

277687,-297222

277687,-300908

277687,-306152

277688,-313420

277688,-319806

277688,-324142

277688,-328106

277688,-328088

277688,-330026

277688,-330680

277688,-331522

277689,-332774

277689,-337792

277689,-339514

277695,-340726

277695,-340362

277695,-340990

277695,-339644

277695,-341360

277696,-344140

277696,-347560

277696,-347848

277696,-349640

277696,-350112

277696,-350882

277696,-350902

277696,-350224

277697,-349130

277697,-348588

277697,-350236

277703,-349764

277703,-348300

277703,-350142

277703,-348744

277703,-349436

277704,-348242

277704,-346850

277704,-346396

277704,-342572

277704,-342088

277704,-338066

277704,-337692

277704,-334890

277705,-332834

277705,-330618

277705,-329892

277711,-328594

277711,-325226

277711,-320804

277711,-319418

277711,-314816

277712,-312128

277712,-309344

277712,-305088

277712,-302632

277712,-301044

277712,-300242

277712,-300866

277712,-300472

277713,-299830

277713,-300970

277713,-299590

277719,-299712

277719,-301992

277719,-300860

277719,-301680

277719,-302012

277720,-301004

277720,-301008

277720,-299112

277720,-302794

277720,-302594

277720,-304294

277720,-302860

277720,-302496

277721,-300660

277721,-299818

277721,-297152

277727,-300176

277727,-300972

277727,-301548

277727,-301712

277727,-300584

277728,-302096

277728,-302636

277728,-303066

277728,-304228

277728,-303306

277728,-303590

277728,-303642

277728,-304124

277729,-306132

277729,-309306

277729,-312392

277735,-311468

277735,-311572

277735,-312136

277735,-311976

277735,-311648

277736,-313716

277736,-313492

277736,-313198

277736,-313002

277736,-313228

277736,-311948

277736,-310878

277736,-311076

277737,-310482

277737,-306670

277737,-303718

277743,-299542

277743,-295760

277743,-295600

277743,-292826

277743,-290330

277744,-286050

277744,-280230

277744,-278560

277744,-274830

277744,-272010

277744,-271808

277744,-269234

277744,-268220

277745,-266892

277745,-265082

277745,-264790

277751,-262754

277751,-260730

277751,-259080

277751,-257528

277751,-258124

277752,-257250

277752,-256880

277752,-256870

277752,-258204

277752,-259382

277752,-262110

277752,-263900

277752,-264818

277753,-266126

277753,-265844

277753,-268194

277759,-268348

277759,-269446

277759,-271882

277759,-271394

277759,-272590

277760,-274582

277760,-277204

277760,-280668

277760,-283100

277760,-285510

277760,-287004

277760,-290606

277760,-295108

277761,-297918

277761,-300704

277761,-304992

277767,-306376

277767,-312206

277767,-318204

277767,-320116

277767,-324532

277768,-324902

277768,-328848

277768,-331002

277768,-334290

277768,-335256

277768,-337796

277768,-340258

277768,-340632

277769,-340110

277769,-343190

277769,-348044

277775,-350592

277775,-353106

277775,-356352

277775,-358348

277775,-360968

277776,-365952

277776,-372418

277776,-379660

277776,-383090

277776,-384286

277776,-386214

277776,-388000

277776,-391944

277777,-393026

277777,-394694

277777,-396858

277783,-395316

277783,-400244

277783,-403702

277783,-408188

277783,-409630

277784,-413252

277784,-413092

277784,-416854

277784,-419534

277784,-422144

277784,-425832

277784,-428108

277784,-429766

277785,-429536

277785,-429226

277785,-430290

277791,-431050

277791,-430306

277791,-430510

277791,-430812

277791,-432090

277792,-434266

277792,-435604

277792,-437066

277792,-440774

277792,-445052

277792,-444718

277792,-448960

277792,-451242

277793,-451720

277793,-453080

277793,-452434

277799,-453902

277799,-452304

277799,-454722

277799,-457286

277799,-460224

277800,-460678

277800,-463138

277800,-464268

277800,-466600

277800,-470196

277800,-475568

277800,-481204

277800,-485346

277801,-488944

277801,-494708

277801,-498564

277807,-502272

277807,-503264

277807,-504304

277807,-503546

277807,-506110

277808,-505880

277808,-509104

277808,-512604

277808,-515176

277808,-517330

277808,-517600

277808,-521406

277808,-525136

277809,-527450

277809,-531134

277809,-531974

277815,-533960

277815,-533750

277815,-533310

277815,-538792

277815,-539968

277816,-542454

277816,-542500

277816,-543348

277816,-541026

277816,-540520

277816,-538560

277816,-541750

277816,-543296

277817,-544936

277817,-545826

277817,-545904

277823,-548012

277823,-549482

277823,-549850

277823,-552828

277823,-551586

277824,-549344

277824,-550452

277824,-547670

277824,-548456

277824,-545620

277824,-546436

277824,-547654

277824,-548362

277825,-548226

277825,-546454

277825,-545408

277831,-545590

277831,-545314

277831,-546180

277831,-544920

277831,-541900

277832,-538048

277832,-539114

277832,-539386

277832,-537242

277832,-535108

277832,-529672

277832,-529672

277832,-527760

277833,-530268

277833,-529454

277833,-529506

277839,-530146

277839,-526832

277839,-526574

277839,-523616

277839,-523944

277840,-521828

277840,-522930

277840,-520180

277840,-515346

277840,-510650

277840,-507906

277840,-508736

277840,-507830

277841,-508464

277841,-503752

277841,-501578

277847,-502998

277847,-504876

277847,-505172

277847,-505300

277847,-504648

277848,-507538

277848,-506490

277848,-504402

277848,-502670

277848,-501510

277848,-498216

277848,-499522

277848,-498874

277849,-499090

277849,-500274

277849,-499242

277855,-498222

277855,-498656

277855,-497126

277855,-496836

277855,-500448

277856,-500862

277856,-502734

277856,-504330

277856,-503158

277856,-503132

277856,-503760

277856,-502000

277856,-500462

277857,-501670

277857,-503894

277857,-503232

277863,-505422

277863,-505366

277863,-506324

277863,-506748

277863,-507002

277864,-506262

277864,-503910

277864,-500926

277864,-498460

277864,-496192

277864,-494320

277864,-492992

277864,-493402

277865,-490030

277865,-489254

277865,-486450

277871,-483356

277871,-483848

277871,-483626

277871,-479158

277871,-479234

277872,-475616

277872,-473200

277872,-477132

277872,-476522

277872,-476736

277872,-476610

277872,-474484

277872,-475172

277873,-477630

277873,-473596

277873,-471286

277879,-471186

277879,-470388

277879,-471098

277879,-468354

277879,-465240

277880,-464314

277880,-461438

277880,-459914

277880,-456254

277880,-455432

277880,-452274

277880,-452270

277880,-451900

277881,-451526

277881,-451996

277881,-450992

277887,-448798

277887,-448074

277887,-447336

277887,-444000

277887,-445826

277888,-445726

277888,-444942

277888,-445612

277888,-444044

277888,-446728

277888,-446272

277888,-447120

277888,-445508

277889,-443212

277889,-443590

277889,-440500

277895,-437104

277895,-436514

277895,-439686

277895,-438250

277895,-436672

277896,-434614

277896,-434206

277896,-433488

277896,-432724

277896,-434586

277896,-431740

277896,-430108

277896,-430054

277897,-430848

277897,-429396

277897,-431382

277903,-428114

277903,-426522

277903,-423898

277903,-422572

277903,-424238

277904,-421190

277904,-419810

277904,-418654

277904,-416130

277904,-419194

277904,-421786

277904,-421278

277904,-423038

277905,-423436

277905,-422800

277905,-422828

277911,-422468

277911,-420702

277911,-418162

277911,-416954

277911,-416754

277912,-415556

277912,-413416

277912,-412370

277912,-409752

277912,-410984

277912,-408118

277912,-407380

277912,-404514

277913,-403234

277913,-399770

277913,-397710

277919,-397876

277919,-394720

277919,-393058

277919,-392520

277919,-389744

277920,-385972

277920,-384804

277920,-384814

277920,-382730

277920,-378726

277920,-379922

277920,-378520

277920,-376056

277921,-373048

277921,-373288

277921,-368890

277927,-364944

277927,-362144

277927,-361722

277927,-360780

277927,-360282

277928,-359024

277928,-354016

277928,-353096

277928,-352644

277928,-350844

277928,-348314

277928,-349776

277928,-346054

277929,-343580

277929,-340968

277929,-339752

277935,-337216

277935,-334502

277935,-329696

277935,-329392

277935,-325130

277936,-324410

277936,-321616

277936,-318996

277936,-316774

277936,-314712

277936,-310910

277936,-307688

277936,-305308

277937,-302252

277937,-301510

277937,-300694

277943,-297566

277943,-297154

277943,-295024

277943,-293202

277943,-291686

277944,-285160

277944,-284274

277944,-282270

277944,-278780

277944,-274772

277944,-272940

277944,-272238

277944,-268898

277945,-265382

277945,-265122

277945,-263726

277951,-259926

277951,-258644

277951,-255242

277951,-255592

277951,-254540

277952,-254352

277952,-253412

277952,-250688

277952,-250822

277952,-248820

277952,-246020

277952,-241044

277952,-237700

277953,-237188

277953,-237548

277953,-235762

277959,-233576

277959,-233560

277959,-229394

277959,-224782

277959,-222508

277960,-222112

277960,-221378

277960,-219920

277960,-219294

277960,-217412

277960,-216370

277960,-219796

277960,-219790

277961,-220988

277961,-221096

277961,-218630

277967,-219208

277967,-217692

277967,-215550

277967,-213744

277967,-213404

277968,-215174

277968,-216528

277968,-216856

277968,-216124

277968,-214424

277968,-215114

277968,-213794

277968,-215058

277969,-213850

277969,-214250

277969,-212826

277975,-210460

277975,-208404

277975,-207238

277975,-206708

277975,-204276

277976,-204716

277976,-205460

277976,-205222

277976,-206162

277976,-209824

277976,-213286

277976,-214120

277976,-215846

277977,-217536

277977,-218590

277977,-219848

277983,-221052

277983,-222092

277983,-221336

277983,-225062

277983,-225242

277984,-224934

277984,-224708

277984,-226168

277984,-228944

277984,-229572

277984,-231086

277984,-235390

277984,-241066

277985,-243588

277985,-244338

277985,-243050

277991,-247186

277991,-248186

277991,-249646

277991,-252104

277991,-252832

277992,-250970

277992,-252162

277992,-251752

277992,-251832

277992,-251716

277992,-251152

277992,-249806

277992,-251856

277993,-251022

277993,-252132

277993,-254594

277999,-257072

277999,-258042

277999,-256010

277999,-256266

277999,-256630

278000,-255804

278000,-255732

278000,-255592

278000,-257964

278000,-259206

278000,-258210

278000,-258190

278000,-257996

278001,-257142

278001,-256726

278001,-253934

278007,-253034

278007,-251614

278007,-252062

278007,-252296

278007,-252678

278008,-253622

278008,-254966

278008,-254250

278008,-252354

278008,-252376

278008,-249574

278008,-250338

278008,-252652

278009,-247332

278009,-248088

278009,-247744

278015,-243916

278015,-242778

278015,-239958

278015,-240414

278015,-238682

278016,-237532

278016,-236492

278016,-236070

278016,-234114

278016,-234912

278016,-230126

278016,-232320

278016,-231450

278017,-229308

278017,-225728

278017,-223336

278023,-221026

278023,-219060

278023,-220318

278023,-219026

278023,-217420

278024,-218696

278024,-220026

278024,-220002

278024,-221426

278024,-223356

278024,-225816

278024,-228826

278024,-234700

278025,-238912

278025,-241748

278025,-244154

278031,-245572

278031,-247288

278031,-248642

278031,-250596

278031,-252748

278032,-254108

278032,-255526

278032,-252316

278032,-252508

278032,-253950

278032,-257388

278032,-259648

278032,-261634

278033,-261098

278033,-264602

278033,-266540

278039,-270618

278039,-272806

278039,-273426

278039,-273632

278039,-272676

278040,-271268

278040,-268458

278040,-267356

278040,-265178

278040,-264470

278040,-264738

278040,-260086

278040,-258994

278041,-256634

278041,-253578

278041,-252238

278047,-251252

278047,-250588

278047,-250024

278047,-249320

278047,-249194

278048,-246200

278048,-244510

278048,-240960

278048,-239796

278048,-237588

278048,-238424

278048,-237762

278048,-235542

278049,-233056

278049,-232016

278049,-229790

278055,-226906

278055,-224946

278055,-223364

278055,-223148

278055,-222404

278056,-221024

278056,-221480

278056,-219864

278056,-217430

278056,-215096

278056,-214796

278056,-214566

278056,-211790

278057,-210920

278057,-208672

278057,-207948

278063,-205508

278063,-203906

278063,-203426

278063,-200458

278063,-199298

278064,-193806

278064,-192974

278064,-190102

278064,-190572

278064,-190580

278064,-188954

278064,-188604

278064,-190280

278065,-192670

278065,-193174

278065,-191844

278071,-191030

278071,-192216

278071,-193412

278071,-191978

278071,-192782

278072,-196178

278072,-197896

278072,-197628

278072,-199132

278072,-202268

278072,-204434

278072,-206952

278072,-209770

278073,-213590

278073,-217594

278073,-220972

278079,-222898

278079,-225422

278079,-227348

278079,-229906

278079,-232230

278080,-233784

278080,-233350

278080,-234000

278080,-234472

278080,-236148

278080,-235846

278080,-236328

278080,-238178

278081,-238106

278081,-236120

278081,-234572

278087,-234210

278087,-236192

278087,-236456

278087,-236318

278087,-237458

278088,-239214

278088,-238542

278088,-238972

278088,-237128

278088,-236460

278088,-238088

278088,-237900

278088,-237492

278089,-236992

278089,-237136

278089,-235828

278095,-235658

278095,-233404

278095,-230858

278095,-231470

278095,-228534

278096,-229238

278096,-227496

278096,-227874

278096,-228320

278096,-227744

278096,-224754

278096,-225192

278096,-223926

278097,-224940

278097,-222206

278097,-220572

278103,-220776

278103,-221302

278103,-220988

278103,-221200

278103,-217822

278104,-217186

278104,-217650

278104,-215244

278104,-214526

278104,-211478

278104,-209880

278104,-208518

278104,-207226

278105,-207192

278105,-206752

278105,-204336

278111,-202426

278111,-198654

278111,-198254

278111,-196098

278111,-194326

278112,-192212

278112,-191354

278112,-192756

278112,-192256

278112,-189622

278112,-183788

278112,-182984

278112,-181774

278113,-182644

278113,-181510

278113,-185062

278119,-184556

278119,-183128

278119,-185560

278119,-184954

278119,-186042

278120,-190326

278120,-189308

278120,-189094

278120,-185710

278120,-186542

278120,-184210

278120,-183478

278120,-181638

278121,-179456

278121,-176490

278121,-178258

278127,-176948

278127,-174842

278127,-170400

278127,-170230

278127,-170382

278128,-168894

278128,-165568

278128,-160688

278128,-157878

278128,-158194

278128,-155336

278128,-150446

278128,-147590

278129,-144988

278129,-143994

278129,-141618

278135,-138128

278135,-132350

278135,-130402

278135,-130260

278135,-128764

278136,-124626

278136,-120336

278136,-114918

278136,-110570

278136,-105840

278136,-105130

278136,-100888

278136,-98982

278137,-98578

278137,-95120

278137,-93704

278143,-94480

278143,-92828

278143,-92450

278143,-91766

278143,-91706

278144,-90126

278144,-90362

278144,-90826

278144,-90474

278144,-91482

278144,-92208

278144,-92654

278144,-92056

278145,-91256

278145,-88090

278145,-87962

278151,-84194

278151,-83360

278151,-81858

278151,-79412

278151,-74660

278152,-70436

278152,-69498

278152,-67960

278152,-64960

278152,-64786

278152,-60290

278152,-59158

278152,-57602

278153,-55494

278153,-57028

278153,-56498

278159,-56524

278159,-57674

278159,-57248

278159,-55446

278159,-56196

278160,-57250

278160,-55206

278160,-57208

278160,-60078

278160,-58518

278160,-58396

278160,-55530

278160,-55752

278161,-54700

278161,-54126

278161,-55302

278167,-54296

278167,-55204

278167,-55932

278167,-55736

278167,-57910

278168,-58612

278168,-56484

278168,-54178

278168,-53068

278168,-53048

278168,-51416

278168,-48448

278168,-46364

278169,-46448

278169,-45646

278169,-44676

278175,-42312

278175,-40306

278175,-38298

278175,-36022

278175,-35262

278176,-33462

278176,-31198

278176,-33002

278176,-29814

278176,-28992

278176,-26574

278176,-23504

278176,-20624

278177,-19048

278177,-12410

278177,-10708

278183,-5016

278183,-2618

278183,-48

278183,3446

278183,4456

278184,7502

278184,7034

278184,8458

278184,11182

278184,12942

278184,13516

278184,14064

278184,15334

278185,15122

278185,15272

278185,15560

278191,16956

278191,18402

278191,17194

278191,18662

278191,17942

278192,14492

278192,14270

278192,14042

278192,12346

278192,10254

278192,7772

278192,3134

278192,3576

278193,3954

278193,2690

278193,3308

278199,1124

278199,884

278199,938

278199,1608

278199,2948

278200,5418

278200,7546

278200,8334

278200,9874

278200,11618

278200,10706

278200,8904

278200,6400

278201,6724

278201,7164

278201,6870

278207,5732

278207,3122

278207,1148

278207,1736

278207,1128

278208,3840

278208,4852

278208,4628

278208,3864

278208,5178

278208,8056

278208,8608

278208,5774

278209,6056

278209,3084

278209,3802

278215,2414

278215,1934

278215,1020

278215,2574

278215,3562

278216,5608

278216,9028

278216,11496

278216,13446

278216,15006

278216,15858

278216,16958

278216,19004

278217,20334

278217,21218

278217,22384

278223,25464

278223,29550

278223,32580

278223,35656

278223,35658

278224,36442

278224,38070

278224,40128

278224,40752

278224,43216

278224,42342

278224,43290

278224,41924

278225,39600

278225,39554

278225,39418

278231,40034

278231,41102

278231,41238

278231,37564

278231,36870

278232,33616

278232,32548

278232,31076

278232,31680

278232,26994

278232,25304

278232,23820

278232,21324

278233,19890

278233,18960

278233,17636

278239,20372

278239,19752

278239,18154

278239,17626

278239,16074

278240,16354

278240,18212

278240,20996

278240,22642

278240,19848

278240,15734

278240,16444

278240,17032

278241,20262

278241,22156

278241,19232

278247,18852

278247,17598

278247,15602

278247,16888

278247,17836

278248,16014

278248,16360

278248,17638

278248,17382

278248,14696

278248,14282

278248,13062

278248,10598

278249,8064

278249,6772

278249,3014

278255,96

278255,428

278255,28

278255,216

278255,3100

278256,5656

278256,8118

278256,11668

278256,13332

278256,14012

278256,14580

278256,17530

278256,18872

278257,19600

278257,23286

278257,22088

278263,23774

278263,24876

278263,25720

278263,24404

278263,25252

278264,26256

278264,27820

278264,27986

278264,30120

278264,32948

278264,33844

278264,38216

278264,36200

278265,36158

278265,33840

278265,33112

278271,32874

278271,35128

278271,37426

278271,36280

278271,36700

278272,33866

278272,33032

278272,30038

278272,28928

278272,28146

278272,29388

278272,25516

278272,23654

278273,22462

278273,22752

278273,22212

278279,23706

278279,22558

278279,22050

278279,19958

278279,18336

278280,16668

278280,17628

278280,17158

278280,17944

278280,18738

278280,19052

278280,21040

278280,21346

278281,24776

278281,27330

278281,29978

278287,32564

278287,34076

278287,36984

278287,38674

278287,40018

278288,39696

278288,38700

278288,41908

278288,42500

278288,42302

278288,43134

278288,42514

278288,41310

278289,41270

278289,39886

278289,40188

278295,39132

278295,37576

278295,34732

278295,33838

278295,33638

278296,31562

278296,31960

278296,28474

278296,30650

278296,31128

278296,33670

278296,36116

278296,37246

278297,38110

278297,39692

278297,38640

278303,41490

278303,41396

278303,40862

278303,41588

278303,41028

278304,39332

278304,41704

278304,44648

278304,47354

278304,47574

278304,48180

278304,51360

278304,53204

278305,56000

278305,55194

278305,55960

278311,57326

278311,59648

278311,59250

278311,60056

278311,59008

278312,59844

278312,59494

278312,58274

278312,56110

278312,52560

278312,52994

278312,51048

278312,49444

278313,50336

278313,51204

278313,51376

278319,50016

278319,48824

278319,47246

278319,45768

278319,41472

278320,38210

278320,38176

278320,34322

278320,32476

278320,29104

278320,28910

278320,26662

278320,25064

278321,24006

278321,20638

278321,16890

278327,15608

278327,17702

278327,19750

278327,21286

278327,19726

278328,19400

278328,19742

278328,19284

278328,17112

278328,15054

278328,11808

278328,14482

278328,14864

278329,13198

278329,12864

278329,9166

278335,7242

278335,8396

278335,4790

278335,7360

278335,4974

278336,2960

278336,4858

278336,3324

278336,1698

278336,1184

278336,3368

278336,2572

278336,-968

278337,-2890

278337,-2644

278337,-3896

278343,-506

278343,124

278343,-492

278343,1098

278343,1840

278344,264

278344,1832

278344,3118

278344,5756

278344,11544

278344,9374

278344,11758

278344,10088

278345,8588

278345,9510

278345,10544

278351,9378

278351,10642

278351,10166

278351,10574

278351,14332

278352,14394

278352,15646

278352,18188

278352,21728

278352,21068

278352,22706

278352,21894

278352,26040

278353,29466

278353,32010

278353,33204

278359,32044

278359,33688

278359,35986

278359,38854

278359,40334

278360,39526

278360,39564

278360,43206

278360,40568

278360,42148

278360,43498

278360,43242

278360,41950

278361,42116

278361,39656

278361,38578

278367,38408

278367,38664

278367,38416

278367,38808

278367,39358

278368,39276

278368,38558

278368,37740

278368,36182

278368,36050

278368,36448

278368,39342

278368,40510

278369,41026

278369,42874

278369,41088

278375,42168

278375,43244

278375,49518

278375,45618

278375,45718

278376,42554

278376,42892

278376,40346

278376,39992

278376,43144

278376,45070

278376,44624

278376,45254

278377,40002

278377,44822

278377,45136

278383,44722

278383,41606

278383,40706

278383,43012

278383,43414

278384,42404

278384,39736

278384,42348

278384,45058

278384,41078

278384,42658

278384,43940

278384,42884

278385,44524

278385,43752

278385,47106

278391,45764

278391,47398

278391,45998

278391,46440

278391,48114

278392,47414

278392,46114

278392,46148

278392,46968

278392,45352

278392,47654

278392,53116

278392,53790

278393,56372

278393,57080

278393,60750

278399,62614

278399,63328

278399,65564

278399,64390

278399,68548

278400,71354

278400,70944

278400,72408

278400,73166

278400,72762

278400,72582

278400,75732

278400,78046

278401,80724

278401,82024

278401,82814

278407,87970

278407,89144

278407,90052

278407,91326

278407,93570

278408,96066

278408,97162

278408,98480

278408,99874

278408,101018

278408,102464

278408,102148

278408,104308

278409,104430

278409,107270

278409,109110

278415,110512

278415,109838

278415,112906

278415,115154

278415,119858

278416,122762

278416,125104

278416,129326

278416,129296

278416,130472

278416,133220

278416,135844

278416,134484

278417,134428

278417,131404

278417,131510

278423,130964

278423,128854

278423,125692

278423,123944

278423,123808

278424,119712

278424,118316

278424,119704

278424,120588

278424,119048

278424,117954

278424,116340

278424,113510

278425,111130

278425,109378

278425,103670

278431,101718

278431,97420

278431,93986

278431,92340

278431,89118

278432,87214

278432,86938

278432,83158

278432,82466

278432,79036

278432,78448

278432,74242

278432,76646

278433,75168

278433,76230

278433,75780

278439,73924

278439,73738

278439,72188

278439,74100

278439,73504

278440,74066

278440,74150

278440,74266

278440,76942

278440,76132

278440,77912

278440,79020

278440,77122

278441,77098

278441,77536

278441,74856

278447,73052

278447,74496

278447,75514

278447,75600

278447,74486

278448,72680

278448,72716

278448,71698

278448,72440

278448,75806

278448,75890

278448,76480

278448,78064

278449,78368

278449,80412

278449,82236

278455,83730

278455,82892

278455,83034

278455,80910

278455,77780

278456,78102

278456,80116

278456,76278

278456,75486

278456,77812

278456,75142

278456,77060

278456,75890

278457,77258

278457,77986

278457,76698

278463,76738

278463,74908

278463,73526

278463,72580

278463,67292

278464,65116

278464,61372

278464,63144

278464,57052

278464,54736

278464,54272

278464,50462

278464,47434

278465,46412

278465,44300

278465,42156

278471,38092

278471,33584

278471,31094

278471,27980

278471,22096

278472,16638

278472,11626

278472,9688

278472,6312

278472,4146

278472,3084

278472,782

278472,-2840

278473,-436

278473,-1276

278473,720

278479,2404

278479,3236

278479,4268

278479,5106

278479,7246

278480,7558

278480,8074

278480,11162

278480,12222

278480,14136

278480,18950

278480,22418

278480,27724

278481,31420

278481,33740

278481,39480

278487,44750

278487,49668

278487,53696

278487,58154

278487,63480

278488,66382

278488,71378

278488,72834

278488,73798

278488,76450

278488,77740

278488,80494

278488,81264

278489,84356

278489,88176

278489,91878

278495,92840

278495,92438

278495,94018

278495,96764

278495,99468

278496,99920

278496,98764

278496,96414

278496,98374

278496,97178

278496,95708

278496,93552

278496,92900

278497,91464

278497,89296

278497,87946

278503,87308

278503,85842

278503,87756

278503,86016

278503,86352

278504,83732

278504,82544

278504,76940

278504,73006

278504,69132

278504,66356

278504,59990

278504,55058

278505,51080

278505,45412

278505,42076

278511,37314

278511,30832

278511,25416

278511,19894

278511,16618

278512,10146

278512,5608

278512,-296

278512,-4202

278512,-10950

278512,-18566

278512,-25038

278512,-31658

278513,-39178

278513,-45796

278513,-50240

278519,-56346

278519,-58968

278519,-64642

278519,-67590

278519,-70154

278520,-72130

278520,-73980

278520,-75242

278520,-77786

278520,-80988

278520,-85376

278520,-89148

278520,-88532

278521,-89168

278521,-92864

278521,-90840

278527,-93114

278527,-90358

278527,-89340

278527,-87350

278527,-85060

278528,-81150

278528,-75582

278528,-71726

278528,-71146

278528,-71258

278528,-63832

278528,-65750

278528,-63880

278529,-62650

278529,-61454

278529,-63030

278535,-61444

278535,-64526

278535,-63298

278535,-63112

278535,-65274

278536,-65846

278536,-66382

278536,-66874

278536,-68254

278536,-67980

278536,-71364

278536,-72796

278536,-75588

278537,-79330

278537,-83662

278537,-89270

278543,-94074

278543,-100270

278543,-106702

278543,-113018

278543,-116606

278544,-123246

278544,-128592

278544,-130750

278544,-134870

278544,-138648

278544,-143460

278544,-147688

278544,-149702

278545,-153870

278545,-158056

278545,-162340

278551,-164890

278551,-169622

278551,-171288

278551,-173694

278551,-177320

278552,-183048

278552,-190506

278552,-195954

278552,-201324

278552,-207790

278552,-212188

278552,-221460

278552,-225660

278553,-232942

278553,-240468

278553,-247702

278559,-248486

278559,-252650

278559,-254596

278559,-256276

278559,-261278

278560,-264266

278560,-267690

278560,-268688

278560,-273116

278560,-276020

278560,-277142

278560,-280060

278560,-282826

278561,-285548

278561,-288830

278561,-290268

278567,-293740

278567,-294738

278567,-294640

278567,-292634

278567,-291784

278568,-287956

278568,-284234

278568,-281842

278568,-276818

278568,-273420

278568,-269592

278568,-268840

278568,-265390

278569,-265360

278569,-265178

278569,-262798

278575,-264780

278575,-264250

278575,-261760

278575,-261004

278575,-260268

278576,-257908

278576,-258518

278576,-257268

278576,-254864

278576,-255460

278576,-256172

278576,-255822

278576,-255278

278577,-258756

278577,-259440

278577,-263498

278583,-267834

278583,-273268

278583,-276980

278583,-284026

278583,-288348

278584,-293924

278584,-300412

278584,-307978

278584,-315426

278584,-323418

278584,-326404

278584,-333808

278584,-337500

278585,-340916

278585,-347348

278585,-352552

278591,-356594

278591,-365298

278591,-371726

278591,-379260

278591,-387270

278592,-390630

278592,-395302

278592,-398596

278592,-405760

278592,-410892

278592,-417220

278592,-424648

278592,-433102

278593,-439926

278593,-447738

278593,-455418

RAW_SUMMARY id=10 requested=6000 captured=6000 unused_capacity=0 max_pcm_abs=7818370 raw_mean=27503.6 raw_abs_mean=469292.2 raw_min=-7176846 raw_max=7818370 baseline=23.9

OK RAW

