# run: cover_sealed_chirp100
# firmware: role=analyzer git=b253dd5 version=0.4.0
# imported-from: covered_chirp_1.log (mtime 2026-10-09T11:34:18)
RAW_INFO mode=i2s output=csv

RAW_INFO row_size=12

RAW_BEGIN id=1 sr=16000 trigger_ms=6064 command_ms=6050 emit_seen=1 emit_start_ms=6064 emit_done_ms=6162 f=3200 dur=100 pre_ms=0 post_ms=350 decim=1 pre_samples=0 post_samples=5600 mode=i2s output=csv fields=ms,pcm

ms,pcm

6066,4290

6066,26378

6066,103256

6066,127014

6066,70288

6066,9950

6066,26336

6066,94920

6066,118848

6066,65642

6066,12478

6066,28120

6066,90780

6066,114108

6066,64292

6066,17400

6066,36770

6066,94858

6066,111860

6070,58908

6070,14490

6070,37468

6070,98274

6070,111764

6070,60078

6070,9740

6070,33210

6070,99526

6070,117060

6070,62554

6070,10464

6070,29766

6070,94152

6070,113822

6070,61898

6070,12956

6070,30182

6070,90664

6070,111300

6070,60722

6070,12700

6070,29956

6070,91538

6070,111734

6070,62888

6070,13114

6070,30400

6070,92464

6070,108706

6070,57864

6070,10292

6070,31086

6070,93850

6070,112086

6070,58966

6070,7654

6070,27020

6070,92344

6070,111338

6070,60092

6070,9194

6070,25654

6070,88728

6070,110868

6070,59842

6070,10460

6070,26440

6070,87528

6070,109336

6070,57620

6070,10366

6070,29716

6070,87994

6070,106504

6071,57250

6071,10092

6071,28646

6071,89868

6071,107688

6071,57290

6071,9364

6071,29412

6071,91444

6071,108738

6071,56636

6071,7394

6071,25594

6071,88482

6071,107006

6071,58032

6071,7298

6071,23224

6071,87758

6071,109852

6071,59840

6071,11280

6071,25752

6071,86142

6071,108942

6071,61210

6071,13790

6071,29354

6071,89248

6071,106632

6071,58310

6071,14752

6071,31476

6071,88660

6071,106544

6071,59178

6071,13474

6071,32064

6071,87838

6071,105890

6071,60152

6071,15956

6071,30114

6071,86052

6071,104906

6071,61480

6071,19118

6071,32928

6071,84302

6071,102260

6071,61576

6071,20444

6071,33502

6071,85878

6071,105244

6071,66028

6071,24684

6071,35114

6071,83700

6071,103608

6071,67130

6071,26832

6071,31834

6071,79480

6071,102464

6072,69648

6072,26776

6072,32398

6072,79918

6072,101090

6072,68364

6072,28192

6072,34168

6078,77880

6078,99036

6078,65806

6078,29490

6078,34956

6078,76424

6078,96574

6078,67428

6078,26776

6078,31660

6078,76484

6078,97754

6078,65962

6078,26162

6078,31844

6078,77494

6078,97980

6078,66592

6078,27212

6078,30806

6078,73282

6078,94982

6078,65314

6078,26048

6078,29010

6078,73296

6078,98676

6078,67370

6078,25316

6078,28786

6078,73236

6078,97070

6078,66696

6078,25134

6078,28922

6078,73084

6078,98498

6078,65360

6078,22870

6078,27456

6078,71810

6078,95082

6078,64368

6078,23962

6078,28962

6078,73120

6078,95030

6078,62766

6078,22390

6078,29714

6078,77234

6078,97530

6078,60546

6078,20164

6078,30972

6079,79902

6079,100426

6079,60424

6079,18392

6079,30554

6079,80086

6079,99004

6079,58350

6079,15470

6079,28476

6079,79658

6079,100978

6079,60002

6079,16606

6079,25654

6079,79284

6079,102020

6079,58002

6079,15946

6079,24760

6079,77690

6079,96698

6079,60072

6079,18286

6079,27178

6079,74254

6079,94760

6079,59622

6079,18696

6079,27066

6079,74104

6079,92304

6079,56636

6079,17638

6079,26650

6079,73502

6079,89956

6079,55784

6079,17070

6079,27004

6079,72526

6079,89814

6079,52354

6079,14944

6079,26782

6079,72478

6079,88900

6079,52618

6079,16702

6079,26658

6079,72232

6079,89452

6079,53394

6079,17554

6079,27432

6079,72880

6079,87596

6079,52276

6079,15780

6079,27932

6079,73124

6079,88906

6079,52904

6079,15320

6079,26454

6080,71536

6080,88926

6080,52762

6080,15998

6080,25234

6080,70510

6080,88472

6080,53652

6086,16238

6086,24350

6086,67866

6086,86788

6086,50748

6086,14352

6086,25970

6086,68770

6086,86442

6086,51620

6086,17034

6086,26284

6086,69190

6086,85696

6086,49858

6086,16602

6086,26248

6086,69082

6086,84112

6086,48438

6086,14940

6086,27386

6086,69716

6086,82566

6086,47292

6086,14584

6086,27736

6086,69440

6086,82582

6086,44938

6086,13996

6086,26518

6086,69854

6086,82760

6086,45982

6086,11712

6086,25394

6086,67916

6086,80484

6086,43306

6086,9536

6086,22374

6086,70040

6086,83192

6086,44606

6086,9920

6086,22806

6086,68054

6086,81782

6086,44846

6086,11728

6086,25224

6086,67440

6086,79744

6086,44774

6087,10442

6087,23612

6087,67332

6087,80274

6087,45124

6087,9928

6087,24008

6087,66950

6087,80218

6087,44664

6087,10358

6087,23416

6087,65836

6087,79738

6087,44254

6087,9788

6087,23528

6087,65056

6087,80862

6087,44200

6087,10080

6087,23148

6087,67304

6087,79738

6087,42548

6087,9682

6087,23502

6087,66200

6087,77814

6087,41406

6087,11050

6087,23668

6087,65944

6087,77658

6087,42618

6087,8826

6087,23300

6087,66322

6087,77592

6087,42596

6087,9482

6087,23000

6087,65184

6087,78388

6087,43090

6087,10372

6087,23760

6087,64136

6087,78424

6087,43246

6087,11418

6087,22992

6087,65664

6087,77802

6087,43762

6087,11658

6087,22838

6087,65716

6087,79818

6087,45968

6087,13396

6087,25322

6087,65384

6087,78434

6087,45072

6088,12342

6088,23074

6088,63682

6088,78302

6088,44892

6088,13550

6088,25010

6088,64576

6094,78686

6094,45938

6094,13636

6094,24756

6094,64076

6094,78434

6094,45162

6094,13616

6094,23612

6094,64734

6094,79396

6094,47902

6094,15240

6094,25736

6094,65798

6094,82110

6094,50770

6094,17976

6094,26572

6094,65496

6094,80344

6094,49424

6094,16782

6094,24866

6094,64892

6094,81194

6094,49772

6094,15996

6094,24416

6094,66860

6094,83270

6094,49714

6094,15326

6094,25930

6094,66230

6094,81850

6094,50174

6094,17926

6094,25886

6094,65670

6094,81366

6094,48586

6094,15630

6094,26090

6094,67818

6094,81958

6094,51518

6094,18726

6094,25766

6094,65548

6094,81702

6094,51458

6094,19916

6094,29190

6094,66992

6095,81798

6095,50490

6095,17340

6095,26842

6095,67498

6095,83358

6095,50852

6095,17944

6095,27300

6095,66524

6095,83492

6095,51146

6095,17192

6095,25732

6095,64224

6095,80574

6095,50658

6095,18038

6095,24850

6095,64292

6095,79890

6095,50968

6095,20036

6095,28350

6095,66034

6095,80658

6095,50046

6095,16796

6095,25762

6095,65158

6095,78786

6095,48780

6095,19880

6095,27088

6095,63030

6095,77090

6095,48160

6095,17928

6095,24968

6095,63998

6095,77634

6095,47900

6095,17972

6095,25180

6095,61568

6095,77548

6095,48194

6095,17818

6095,25368

6095,62258

6095,75852

6095,46886

6095,17260

6095,26496

6095,61948

6095,74510

6095,46286

6095,16070

6095,26620

6095,62318

6095,76420

6095,46660

6095,15270

6095,25598

6095,62034

6096,73876

6096,42306

6096,13198

6096,24218

6096,61096

6096,72748

6096,43108

6096,12588

6102,22734

6102,59218

6102,71590

6102,41314

6102,11814

6102,22706

6102,59628

6102,73148

6102,39942

6102,8922

6102,22302

6102,60846

6102,72876

6102,40106

6102,10816

6102,20712

6102,61360

6102,71918

6102,40258

6102,6962

6102,17996

6102,59716

6102,72622

6102,40736

6102,8624

6102,20118

6102,56628

6102,71414

6102,38618

6102,8470

6102,19526

6102,56862

6102,70438

6102,39072

6102,8586

6102,16472

6102,55718

6102,67564

6102,34966

6102,6564

6102,18278

6102,56632

6102,67384

6102,33866

6102,6896

6102,18906

6102,55792

6102,66328

6102,35074

6102,5688

6102,18230

6102,55100

6102,66160

6102,34414

6102,4426

6103,14840

6103,54658

6103,68076

6103,34556

6103,5506

6103,14354

6103,52478

6103,66420

6103,34976

6103,2408

6103,12478

6103,51262

6103,62968

6103,31680

6103,1206

6103,13560

6103,49898

6103,63114

6103,33738

6103,2788

6103,13374

6103,50040

6103,62334

6103,33452

6103,2422

6103,13492

6103,49714

6103,63016

6103,32370

6103,3250

6103,13960

6103,49520

6103,61972

6103,31524

6103,1710

6103,12498

6103,49460

6103,62268

6103,32460

6103,1228

6103,12418

6103,49034

6103,61686

6103,31752

6103,-34

6103,10762

6103,47976

6103,60754

6103,29386

6103,-2080

6103,10176

6103,48336

6103,60184

6103,29124

6103,-3114

6103,7250

6103,46884

6103,58044

6103,26456

6103,-4300

6103,6364

6103,44654

6103,57652

6103,25432

6103,-6224

6104,4624

6104,45910

6104,58152

6104,23558

6104,-8244

6104,3524

6104,43540

6104,56968

6110,23752

6110,-7334

6110,2062

6110,40562

6110,53936

6110,21846

6110,-8132

6110,1400

6110,40230

6110,51960

6110,21620

6110,-8122

6110,952

6110,40562

6110,51968

6110,19878

6110,-10644

6110,1480

6110,40318

6110,52280

6110,20618

6110,-7490

6110,2420

6110,38702

6110,50546

6110,20076

6110,-9838

6110,784

6110,39548

6110,51110

6110,19580

6110,-9876

6110,-64

6110,36216

6110,48602

6110,18056

6110,-10802

6110,778

6110,38776

6110,47366

6110,17938

6110,-10808

6110,-2686

6110,36120

6110,48104

6110,18112

6110,-12684

6110,-1992

6110,34280

6110,45532

6110,16754

6110,-13222

6110,-2994

6110,31826

6110,44506

6111,16720

6111,-12012

6111,-1826

6111,33728

6111,46152

6111,16252

6111,-11174

6111,-2352

6111,34204

6111,45990

6111,16534

6111,-12184

6111,-1112

6111,35374

6111,47204

6111,18892

6111,-10968

6111,106

6111,37184

6111,50096

6111,19230

6111,-8882

6111,-526

6111,34622

6111,48052

6111,20006

6111,-8626

6111,160

6111,36060

6111,48520

6111,20076

6111,-10128

6111,-1538

6111,34806

6111,47832

6111,20188

6111,-9914

6111,-340

6111,36452

6111,48688

6111,20596

6111,-8208

6111,1512

6111,36724

6111,50534

6111,20910

6111,-9104

6111,1880

6111,38004

6111,50682

6111,20196

6111,-7158

6111,1988

6111,37182

6111,47764

6111,21228

6111,-7686

6111,2228

6111,36592

6111,46294

6111,19448

6111,-8034

6111,2856

6111,35150

6111,46646

6112,19556

6112,-9160

6112,994

6112,36644

6112,46534

6112,17366

6112,-8940

6112,1010

6118,37182

6118,47090

6118,19076

6118,-8598

6118,1912

6118,37262

6118,46378

6118,17760

6118,-9388

6118,2960

6118,38824

6118,49568

6118,19762

6118,-7672

6118,5156

6118,41676

6118,49718

6118,20638

6118,-7138

6118,2096

6118,37698

6118,49146

6118,19734

6118,-6822

6118,3078

6118,38358

6118,50144

6118,18310

6118,-8182

6118,4134

6118,38500

6118,48220

6118,17770

6118,-8696

6118,2742

6118,37806

6118,47410

6118,16830

6118,-10442

6118,2714

6118,37574

6118,47404

6118,17390

6118,-11494

6118,1388

6118,37390

6118,46932

6118,15682

6118,-11552

6118,2114

6118,38060

6118,46782

6118,16168

6118,-11964

6118,-230

6119,36248

6119,46866

6119,16774

6119,-10060

6119,818

6119,36596

6119,46248

6119,18108

6119,-10448

6119,878

6119,36760

6119,45054

6119,16348

6119,-9794

6119,2176

6119,37704

6119,46862

6119,16792

6119,-9446

6119,2256

6119,36618

6119,46908

6119,16684

6119,-10946

6119,3516

6119,38300

6119,45694

6119,15484

6119,-8928

6119,3856

6119,37768

6119,47278

6119,16376

6119,-8650

6119,2940

6119,38364

6119,46880

6119,17266

6119,-8278

6119,2608

6119,37876

6119,47302

6119,16624

6119,-8876

6119,4518

6119,39212

6119,48504

6119,19090

6119,-7842

6119,5262

6119,40070

6119,51004

6119,20780

6119,-7258

6119,4584

6119,40326

6119,49382

6119,20916

6119,-6428

6119,4414

6119,39556

6119,49566

6119,20042

6119,-7246

6119,5286

6120,40590

6120,49800

6120,21528

6120,-4512

6120,6922

6120,40704

6120,51094

6120,23400

6126,-3360

6126,8246

6126,42572

6126,50780

6126,22426

6126,-3340

6126,7712

6126,42410

6126,52102

6126,22632

6126,-5450

6126,6862

6126,42986

6126,53150

6126,20178

6126,-5152

6126,6974

6126,41456

6126,53106

6126,23868

6126,-5572

6126,5608

6126,42108

6126,52518

6126,23180

6126,-6254

6126,3600

6126,40098

6126,52060

6126,22846

6126,-5646

6126,4614

6126,38886

6126,50650

6126,21976

6126,-6046

6126,4924

6126,38092

6126,49184

6126,18416

6126,-8792

6126,1048

6126,36068

6126,45242

6126,16532

6126,-11310

6126,-772

6126,32566

6126,44638

6126,18206

6126,-11418

6126,692

6126,36666

6126,44308

6126,16044

6127,-9348

6127,658

6127,35264

6127,45452

6127,16176

6127,-11484

6127,-530

6127,35280

6127,44614

6127,14504

6127,-13226

6127,-2910

6127,33072

6127,44164

6127,14560

6127,-13230

6127,-4458

6127,31348

6127,43050

6127,14848

6127,-14076

6127,-4694

6127,31120

6127,43402

6127,11186

6127,-17364

6127,-6798

6127,28634

6127,40526

6127,12184

6127,-16306

6127,-7542

6127,29116

6127,42694

6127,11430

6127,-16704

6127,-6816

6127,28652

6127,39592

6127,10752

6127,-17714

6127,-7516

6127,27502

6127,39472

6127,11488

6127,-17938

6127,-8530

6127,26474

6127,39094

6127,10148

6127,-18906

6127,-8466

6127,27780

6127,39484

6127,9554

6127,-18986

6127,-7774

6127,25682

6127,37426

6127,9106

6127,-18090

6127,-7572

6127,27954

6127,39528

6127,10210

6128,-16510

6128,-6522

6128,28652

6128,39196

6128,10482

6128,-17658

6128,-7868

6128,28044

6134,39418

6134,11068

6134,-17276

6134,-6276

6134,29586

6134,39500

6134,10890

6134,-17020

6134,-6250

6134,29422

6134,41286

6134,8466

6134,-17990

6134,-6548

6134,27764

6134,39540

6134,9166

6134,-20302

6134,-7680

6134,29142

6134,38370

6134,9252

6134,-19900

6134,-7998

6134,26158

6134,36924

6134,6908

6134,-20720

6134,-10386

6134,26524

6134,36884

6134,8038

6134,-20610

6134,-10400

6134,24258

6134,35138

6134,7316

6134,-20634

6134,-11144

6134,24110

6134,35204

6134,7726

6134,-21694

6134,-10010

6134,24276

6134,35652

6134,7990

6134,-18532

6134,-8772

6134,25744

6134,36648

6134,6630

6134,-19268

6134,-9142

6134,27334

6135,36900

6135,7414

6135,-19644

6135,-9552

6135,26398

6135,35748

6135,9210

6135,-17366

6135,-7546

6135,26762

6135,37032

6135,8696

6135,-19696

6135,-6348

6135,27358

6135,36790

6135,6644

6135,-19090

6135,-8394

6135,26768

6135,36218

6135,6558

6135,-19662

6135,-9130

6135,25568

6135,35110

6135,4780

6135,-20624

6135,-8364

6135,26934

6135,35896

6135,6720

6135,-19502

6135,-6478

6135,28006

6135,38268

6135,6954

6135,-18450

6135,-7524

6135,27806

6135,38886

6135,8296

6135,-19370

6135,-7562

6135,28818

6135,39620

6135,9732

6135,-17708

6135,-5502

6135,29170

6135,39792

6135,9150

6135,-18360

6135,-7440

6135,30210

6135,39326

6135,10068

6135,-18412

6135,-5982

6135,30812

6135,40200

6135,11448

6135,-15744

6135,-4784

6135,31172

6136,41516

6136,10360

6136,-16220

6136,-2734

6136,32512

6136,42978

6136,12488

6136,-14638

6142,-3446

6142,33712

6142,42460

6142,11752

6142,-15118

6142,-3128

6142,32710

6142,43204

6142,13160

6142,-13386

6142,-754

6142,34114

6142,45762

6142,15056

6142,-12970

6142,-600

6142,35896

6142,46242

6142,16268

6142,-11110

6142,1032

6142,37690

6142,49322

6142,17460

6142,-9830

6142,2712

6142,38746

6142,50866

6142,20542

6142,-9316

6142,3308

6142,39870

6142,52214

6142,19142

6142,-6876

6142,5478

6142,41706

6142,51658

6142,19974

6142,-5396

6142,6424

6142,43934

6142,53598

6142,21992

6142,-4318

6142,8084

6142,44630

6142,54578

6142,24960

6142,-5236

6142,8994

6142,45466

6142,55846

6142,24616

6142,-2992

6143,9462

6143,42992

6143,54702

6143,23330

6143,-2934

6143,11114

6143,45668

6143,55862

6143,26998

6143,380

6143,10562

6143,46312

6143,56296

6143,25784

6143,-1592

6143,10120

6143,46662

6143,57788

6143,26490

6143,-652

6143,12394

6143,48788

6143,57014

6143,28478

6143,916

6143,10246

6143,46698

6143,58382

6143,27006

6143,-342

6143,13180

6143,47950

6143,56968

6143,27270

6143,390

6143,12496

6143,47082

6143,57444

6143,26844

6143,-514

6143,11548

6143,46094

6143,56044

6143,27852

6143,1318

6143,11536

6143,46668

6143,56672

6143,26732

6143,-1670

6143,9656

6143,46070

6143,57548

6143,26568

6143,320

6143,10266

6143,44610

6143,56374

6143,26528

6143,594

6143,11394

6143,47932

6143,58898

6143,28278

6143,552

6144,11574

6144,46082

6144,56680

6144,26786

6144,-1566

6144,9336

6144,46910

6144,56590

6150,25596

6150,-1548

6150,9858

6150,44330

6150,56280

6150,25380

6150,-2376

6150,9378

6150,44458

6150,54938

6150,24228

6150,-2656

6150,9310

6150,46212

6150,57118

6150,26004

6150,-898

6150,9894

6150,45568

6150,55886

6150,25884

6150,-2100

6150,9758

6150,46010

6150,56606

6150,25848

6150,-3204

6150,9532

6150,45238

6150,56330

6150,26364

6150,-3218

6150,9188

6150,44678

6150,57186

6150,25892

6150,-2426

6150,9572

6150,45436

6150,56846

6150,26250

6150,-3182

6150,8738

6150,46036

6150,56356

6150,25988

6150,-2580

6150,9138

6150,45790

6150,56180

6150,24810

6150,-4074

6150,8070

6150,43792

6150,54982

6151,26312

6151,-2758

6151,9142

6151,46434

6151,53922

6151,23676

6151,-2206

6151,10452

6151,45738

6151,57246

6151,26198

6151,-2520

6151,10210

6151,46704

6151,59628

6151,27876

6151,-2032

6151,8420

6151,47162

6151,58804

6151,27470

6151,-542

6151,10542

6151,47344

6151,59040

6151,27458

6151,-762

6151,9298

6151,46016

6151,60140

6151,28424

6151,-1020

6151,9464

6151,45262

6151,59510

6151,27478

6151,34

6151,12538

6151,46994

6151,58388

6151,28094

6151,-2010

6151,8758

6151,45470

6151,58624

6151,26194

6151,-2548

6151,9880

6151,46658

6151,58056

6151,26194

6151,-2938

6151,8364

6151,45078

6151,55908

6151,25810

6151,-3638

6151,8046

6151,45150

6151,54328

6151,23058

6151,-7524

6151,6198

6151,44406

6151,53972

6152,23856

6152,-6934

6152,5390

6152,44134

6152,54014

6152,21700

6152,-6744

6152,5200

6158,42742

6158,55258

6158,23794

6158,-5894

6158,5664

6158,44350

6158,55850

6158,23538

6158,-7552

6158,7214

6158,44910

6158,55984

6158,26092

6158,-4382

6158,9668

6158,45464

6158,56478

6158,26198

6158,-3122

6158,10294

6158,47434

6158,58704

6158,25526

6158,-2108

6158,10444

6158,46498

6158,56792

6158,25538

6158,-1978

6158,9188

6158,46852

6158,56732

6158,24286

6158,-3804

6158,8502

6158,45852

6158,55396

6158,24460

6158,-4800

6158,7186

6158,45920

6158,57596

6158,25234

6158,-5810

6158,7540

6158,44386

6158,56714

6158,24488

6158,-7622

6158,5046

6158,43750

6158,55502

6158,23944

6158,-5916

6158,4796

6159,43036

6159,54720

6159,23244

6159,-7192

6159,4038

6159,43378

6159,54956

6159,24254

6159,-6884

6159,3860

6159,42730

6159,54186

6159,23832

6159,-7346

6159,4382

6159,41984

6159,52828

6159,23236

6159,-7562

6159,4442

6159,44184

6159,55312

6159,24922

6159,-5756

6159,5156

6159,43046

6159,55752

6159,24688

6159,-5932

6159,6576

6159,45110

6159,56178

6159,24924

6159,-5648

6159,5700

6159,44002

6159,55198

6159,24328

6159,-5678

6159,5820

6159,42910

6159,56390

6159,23180

6159,-6360

6159,5578

6159,43914

6159,55396

6159,25810

6159,-4644

6159,3612

6159,34388

6159,35048

6159,43390

6159,34670

6159,30664

6159,16490

6159,-2214

6159,8598

6159,43764

6159,92624

6159,37744

6159,-23380

6159,-28680

6159,48030

6159,87890

6160,27838

6160,-23456

6160,-13146

6160,61218

6160,76002

6160,27056

6160,-25506

6160,-12662

6166,53362

6166,76256

6166,34640

6166,-18300

6166,-8284

6166,38600

6166,59622

6166,33928

6166,-1318

6166,5296

6166,31422

6166,41686

6166,23324

6166,11520

6166,26114

6166,40860

6166,32068

6166,4248

6166,4302

6166,35410

6166,53606

6166,32382

6166,-2304

6166,-3342

6166,35414

6166,59542

6166,38402

6166,-4618

6166,-10592

6166,28544

6166,57492

6166,44490

6166,6194

6166,-5092

6166,21158

6166,46384

6166,40870

6166,14374

6166,1038

6166,21430

6166,44602

6166,38116

6166,14382

6166,6340

6166,23612

6166,39372

6166,31152

6166,12166

6166,10764

6166,30698

6166,42066

6166,29148

6166,7128

6166,6874

6166,31144

6167,48994

6167,34844

6167,10062

6167,5788

6167,27028

6167,48344

6167,38464

6167,13508

6167,4856

6167,23944

6167,44450

6167,36674

6167,14628

6167,7750

6167,23776

6167,42460

6167,37548

6167,15232

6167,7254

6167,23976

6167,41302

6167,36620

6167,13532

6167,7522

6167,25006

6167,41012

6167,32414

6167,8672

6167,3096

6167,23590

6167,43712

6167,35072

6167,9658

6167,1570

6167,21234

6167,40280

6167,32912

6167,11214

6167,1218

6167,19494

6167,38176

6167,31958

6167,10476

6167,3126

6167,19980

6167,37584

6167,30886

6167,10684

6167,4336

6167,22710

6167,38292

6167,30446

6167,8890

6167,5162

6167,23972

6167,40468

6167,31704

6167,7198

6167,3440

6167,21300

6167,41396

6167,33628

6167,9312

6167,1690

6167,20446

6168,38654

6168,32648

6168,11122

6168,2872

6168,20862

6168,39244

6168,33584

6168,12692

6174,4130

6174,22188

6174,37842

6174,31428

6174,11556

6174,6606

6174,22250

6174,37288

6174,28794

6174,10830

6174,6530

6174,21958

6174,37730

6174,29248

6174,10978

6174,6620

6174,22464

6174,35114

6174,30892

6174,15676

6174,9144

6174,21734

6174,32562

6174,29874

6174,17178

6174,12062

6174,22750

6174,31942

6174,29072

6174,19090

6174,10796

6174,17918

6174,28654

6174,29382

6174,17062

6174,10190

6174,15120

6174,25656

6174,26980

6174,19878

6174,10684

6174,11956

6174,21444

6174,26964

6174,19620

6174,9172

6174,11602

6174,21100

6174,25230

6174,18142

6174,11494

6174,10962

6174,18086

6174,23566

6174,19014

6175,13104

6175,11268

6175,19540

6175,27134

6175,21654

6175,11498

6175,11562

6175,19320

6175,26686

6175,18990

6175,10060

6175,10370

6175,19028

6175,24900

6175,19766

6175,10460

6175,8228

6175,16760

6175,24600

6175,19804

6175,6950

6175,6590

6175,17822

6175,25464

6175,17800

6175,4306

6175,4794

6175,16664

6175,23844

6175,17296

6175,4210

6175,5976

6175,16664

6175,22598

6175,15086

6175,3024

6175,4676

6175,12858

6175,19974

6175,11730

6175,2282

6175,5062

6175,12494

6175,16548

6175,8044

6175,1674

6175,7132

6175,15684

6175,15086

6175,4636

6175,-416

6175,6198

6175,16798

6175,15248

6175,2694

6175,-5440

6175,3194

6175,15396

6175,15104

6175,790

6175,-8332

6175,680

6175,16184

6175,13622

6175,-1498

6176,-9510

6176,860

6176,12962

6176,12670

6176,1074

6176,-8360

6176,-2248

6176,10330

6182,12278

6182,2024

6182,-6946

6182,-1742

6182,8400

6182,9348

6182,1166

6182,-5080

6182,-736

6182,8842

6182,8110

6182,-296

6182,-5916

6182,-2900

6182,4310

6182,5148

6182,-1614

6182,-4124

6182,-936

6182,5852

6182,4066

6182,-2190

6182,-4648

6182,-1380

6182,5006

6182,5202

6182,-196

6182,-3542

6182,-244

6182,5044

6182,3646

6182,-1476

6182,-4496

6182,-320

6182,6216

6182,3374

6182,-1850

6182,-3318

6182,-2034

6182,5224

6182,4374

6182,-1992

6182,-5566

6182,-3598

6182,4454

6182,3670

6182,-3302

6182,-7194

6182,-4570

6182,1832

6182,1168

6182,-2720

6182,-5302

6182,-5188

6182,3010

6183,2746

6183,-3138

6183,-7250

6183,-5364

6183,964

6183,356

6183,-3998

6183,-5422

6183,-3394

6183,-762

6183,-20

6183,-3218

6183,-3692

6183,-2158

6183,-1030

6183,-1916

6183,-6878

6183,-5222

6183,-412

6183,2312

6183,-1208

6183,-4828

6183,-5182

6183,1074

6183,1272

6183,-798

6183,-2490

6183,-4538

6183,-598

6183,3072

6183,-1610

6183,-4926

6183,-5118

6183,518

6183,3492

6183,-1302

6183,-7690

6183,-7234

6183,-532

6183,3144

6183,-814

6183,-6832

6183,-6138

6183,-2308

6183,1574

6183,-2132

6183,-6256

6183,-6000

6183,-1848

6183,244

6183,-2366

6183,-6762

6183,-7618

6183,-2774

6183,948

6183,-2130

6183,-8846

6183,-9100

6183,-4096

6183,1470

6183,-1394

6183,-7550

6183,-5854

6183,-1738

6183,906

6184,-1260

6184,-4978

6184,-4080

6184,-1194

6184,1298

6184,220

6184,-5140

6184,-5092

6190,374

6190,166

6190,-1822

6190,-5732

6190,-3628

6190,-1018

6190,1758

6190,-1936

6190,-5116

6190,-3832

6190,-300

6190,-476

6190,-3728

6190,-6068

6190,-5612

6190,-3504

6190,-690

6190,-3436

6190,-7612

6190,-5924

6190,-2296

6190,156

6190,-3138

6190,-6566

6190,-6452

6190,-2660

6190,-1628

6190,-5782

6190,-7800

6190,-6876

6190,-4978

6190,-3702

6190,-5694

6190,-8164

6190,-6642

6190,-4906

6190,-4056

6190,-4874

6190,-7332

6190,-8252

6190,-7680

6190,-4690

6190,-4460

6190,-6870

6190,-5532

6190,-5704

6190,-4198

6190,-5102

6190,-5676

6190,-6718

6190,-5448

6190,-3800

6190,-3412

6190,-5064

6190,-6140

6191,-6518

6191,-3110

6191,-3062

6191,-4272

6191,-6370

6191,-4266

6191,-3344

6191,-2010

6191,-1356

6191,-4156

6191,-6338

6191,-3544

6191,1074

6191,668

6191,-1756

6191,-2434

6191,-1500

6191,-42

6191,1252

6191,-452

6191,-1030

6191,1942

6191,2962

6191,800

6191,-1152

6191,254

6191,2686

6191,2850

6191,3138

6191,96

6191,982

6191,3930

6191,4006

6191,4742

6191,2066

6191,1834

6191,2754

6191,3662

6191,3362

6191,1998

6191,1712

6191,3296

6191,5672

6191,6224

6191,3214

6191,2548

6191,6194

6191,6202

6191,6880

6191,5044

6191,4272

6191,6540

6191,9322

6191,8608

6191,5402

6191,5992

6191,8140

6191,10392

6191,8154

6191,7778

6191,8624

6191,9426

6191,10338

6191,9296

6191,8256

6192,6910

6192,8462

6192,10402

6192,10650

6192,9594

6192,9558

6192,9378

6192,9926

6198,12128

6198,11874

6198,9382

6198,9516

6198,12908

6198,14400

6198,11908

6198,8708

6198,8332

6198,12338

6198,12922

6198,11528

6198,9388

6198,8276

6198,11716

6198,12548

6198,12414

6198,9646

6198,9932

6198,11676

6198,11858

6198,11944

6198,8050

6198,8618

6198,9206

6198,11214

6198,10224

6198,7634

6198,6486

6198,7348

6198,9522

6198,9726

6198,8934

6198,7396

6198,6728

6198,10496

6198,10688

6198,8892

6198,6592

6198,5068

6198,6930

6198,9820

6198,10264

6198,8346

6198,5616

6198,7300

6198,9950

6198,8878

6198,6464

6198,6524

6198,7200

6198,8446

6198,9656

6198,7142

6198,7392

6199,7636

6199,7418

6199,9884

6199,9386

6199,7130

6199,7270

6199,8854

6199,8764

6199,7404

6199,6962

6199,6434

6199,7524

6199,10120

6199,9362

6199,7956

6199,7414

6199,7586

6199,8612

6199,7944

6199,6460

6199,6774

6199,8378

6199,8562

6199,7038

6199,8470

6199,8246

6199,9604

6199,10552

6199,7656

6199,7010

6199,8142

6199,8632

6199,10138

6199,6990

6199,4898

6199,6418

6199,9774

6199,9618

6199,5804

6199,3734

6199,4836

6199,7196

6199,8402

6199,5434

6199,3198

6199,5402

6199,6644

6199,8176

6199,7790

6199,4420

6199,6510

6199,8040

6199,10404

6199,8326

6199,6116

6199,5772

6199,7212

6199,9626

6199,8858

6199,6824

6199,7814

6199,10298

6199,8982

6199,7780

6199,6682

6200,7936

6200,9406

6200,9062

6200,7032

6200,5704

6200,8514

6200,8496

6200,9002

6206,6602

6206,6230

6206,7926

6206,10110

6206,9160

6206,6052

6206,5306

6206,5832

6206,9752

6206,9164

6206,6372

6206,4390

6206,5976

6206,8178

6206,7468

6206,5248

6206,5686

6206,7130

6206,8178

6206,9212

6206,7568

6206,6022

6206,6326

6206,6870

6206,5740

6206,6352

6206,5492

6206,5796

6206,8082

6206,7558

6206,7246

6206,6110

6206,5914

6206,5918

6206,6556

6206,7436

6206,6340

6206,6046

6206,6112

6206,7336

6206,6478

6206,5574

6206,6444

6206,7350

6206,7754

6206,7184

6206,5932

6206,6802

6206,6316

6206,5888

6206,5704

6206,4940

6206,6670

6206,6466

6206,7414

6207,6296

6207,5436

6207,6188

6207,7374

6207,6256

6207,5014

6207,5734

6207,6668

6207,8538

6207,6174

6207,6146

6207,5042

6207,6004

6207,8150

6207,7658

6207,5148

6207,4700

6207,7628

6207,9568

6207,8328

6207,4868

6207,2808

6207,6388

6207,9170

6207,8394

6207,6128

6207,5680

6207,5450

6207,8664

6207,6284

6207,3956

6207,2176

6207,5596

6207,8108

6207,6268

6207,3072

6207,1476

6207,5950

6207,7208

6207,6598

6207,2986

6207,2320

6207,6932

6207,8726

6207,6512

6207,3600

6207,2496

6207,6386

6207,8580

6207,6042

6207,2060

6207,2976

6207,7396

6207,10444

6207,7946

6207,2894

6207,2470

6207,7686

6207,11208

6207,7646

6207,3858

6207,4238

6207,7566

6207,9150

6207,9368

6208,4936

6208,6474

6208,10970

6208,11186

6208,9218

6208,5878

6208,6838

6208,10100

6214,12476

6214,9494

6214,5290

6214,6748

6214,8818

6214,11492

6214,8396

6214,5916

6214,7688

6214,10710

6214,11096

6214,7982

6214,4654

6214,6782

6214,9954

6214,10510

6214,9018

6214,6520

6214,4676

6214,10184

6214,11350

6214,9020

6214,6368

6214,7610

6214,11220

6214,11962

6214,8188

6214,4942

6214,6160

6214,10028

6214,12398

6214,9742

6214,6308

6214,5200

6214,9782

6214,14356

6214,11760

6214,5006

6214,4688

6214,9986

6214,13020

6214,10356

6214,7156

6214,5518

6214,10074

6214,15036

6214,12550

6214,6744

6214,6166

6214,12220

6214,16160

6214,13872

6214,6692

6214,7412

6214,13242

6215,16484

6215,14590

6215,10996

6215,8602

6215,14374

6215,19150

6215,17034

6215,12472

6215,7978

6215,13772

6215,18794

6215,16144

6215,11606

6215,9398

6215,13666

6215,17008

6215,15446

6215,12650

6215,9962

6215,13096

6215,19326

6215,15294

6215,11756

6215,9298

6215,13778

6215,18530

6215,15592

6215,11838

6215,8806

6215,12062

6215,16906

6215,16206

6215,10788

6215,7258

6215,9890

6215,16650

6215,16258

6215,10174

6215,7170

6215,9502

6215,14884

6215,13834

6215,9152

6215,6530

6215,10300

6215,14498

6215,11298

6215,8058

6215,5188

6215,9412

6215,12112

6215,10532

6215,6172

6215,3468

6215,9900

6215,14158

6215,11276

6215,6572

6215,5246

6215,7544

6215,12542

6215,11328

6215,5494

6215,2960

6215,7764

6216,12374

6216,9882

6216,5324

6216,3300

6216,7872

6216,12218

6216,11210

6216,4390

6222,1684

6222,7900

6222,14134

6222,11202

6222,6350

6222,2016

6222,6368

6222,11998

6222,12268

6222,4680

6222,-18

6222,4508

6222,10288

6222,10544

6222,5000

6222,700

6222,3990

6222,9362

6222,9246

6222,2318

6222,-990

6222,3884

6222,8098

6222,7506

6222,770

6222,-3174

6222,2076

6222,7152

6222,5838

6222,-316

6222,-1124

6222,3182

6222,6084

6222,6432

6222,-436

6222,-2058

6222,1946

6222,5958

6222,4924

6222,-2722

6222,-4128

6222,1408

6222,5584

6222,3040

6222,-2246

6222,-2592

6222,750

6222,5298

6222,532

6222,-4140

6222,-4864

6222,-310

6222,3600

6222,560

6222,-5452

6223,-8326

6223,-2376

6223,1560

6223,726

6223,-5392

6223,-8276

6223,-4226

6223,356

6223,-1964

6223,-5252

6223,-8230

6223,-4696

6223,-474

6223,-1480

6223,-7046

6223,-9252

6223,-4604

6223,626

6223,-1412

6223,-7886

6223,-8496

6223,-5210

6223,-2566

6223,-4482

6223,-9296

6223,-8708

6223,-3856

6223,-1732

6223,-3060

6223,-8554

6223,-8208

6223,-4542

6223,-2380

6223,-4548

6223,-8536

6223,-9868

6223,-6194

6223,-3728

6223,-4914

6223,-10912

6223,-10842

6223,-6982

6223,-1968

6223,-4956

6223,-11808

6223,-12262

6223,-9050

6223,-5392

6223,-7656

6223,-13882

6223,-16210

6223,-11062

6223,-6558

6223,-8552

6223,-15330

6223,-16004

6223,-12852

6223,-9894

6223,-10106

6223,-16040

6223,-14626

6223,-11996

6223,-8506

6223,-9780

6223,-13062

6224,-15694

6224,-12290

6224,-9846

6224,-11296

6224,-14266

6224,-17202

6224,-13006

6224,-9922

6230,-11844

6230,-16228

6230,-18130

6230,-14344

6230,-9934

6230,-13402

6230,-16190

6230,-18088

6230,-13482

6230,-11508

6230,-13154

6230,-17216

6230,-17008

6230,-13404

6230,-11424

6230,-11300

6230,-16278

6230,-16662

6230,-13310

6230,-12596

6230,-14980

6230,-18352

6230,-17398

6230,-12756

6230,-12118

6230,-14700

6230,-17870

6230,-18736

6230,-14094

6230,-12152

6230,-14726

6230,-19068

6230,-19710

6230,-16822

6230,-13508

6230,-15998

6230,-22762

6230,-21100

6230,-18942

6230,-16306

6230,-17852

6230,-21186

6230,-24070

6230,-20014

6230,-17490

6230,-18988

6230,-24882

6230,-24644

6230,-20766

6230,-20336

6230,-19930

6230,-23540

6230,-25160

6230,-22062

6230,-19448

6231,-19210

6231,-23540

6231,-25798

6231,-20574

6231,-18456

6231,-20224

6231,-23356

6231,-26092

6231,-22070

6231,-18196

6231,-20486

6231,-23526

6231,-24870

6231,-22006

6231,-18634

6231,-20846

6231,-26002

6231,-25198

6231,-21786

6231,-18398

6231,-20008

6231,-26562

6231,-27110

6231,-24620

6231,-19296

6231,-21100

6231,-25994

6231,-27828

6231,-24112

6231,-20166

6231,-21138

6231,-27246

6231,-27880

6231,-22708

6231,-18324

6231,-20420

6231,-25506

6231,-25396

6231,-20808

6231,-17624

6231,-20804

6231,-25900

6231,-24558

6231,-20326

6231,-15944

6231,-17468

6231,-26326

6231,-26350

6231,-20750

6231,-15172

6231,-19028

6231,-23336

6231,-25372

6231,-19912

6231,-14122

6231,-16750

6231,-22738

6231,-24296

6231,-17408

6231,-14272

6231,-15504

6231,-20374

6231,-22614

6231,-18150

6231,-13366

6232,-16392

6232,-22270

6232,-22766

6232,-18492

6232,-12360

6232,-16036

6232,-20038

6232,-21826

6238,-18418

6238,-11732

6238,-14828

6238,-18436

6238,-19902

6238,-17316

6238,-12180

6238,-13648

6238,-18260

6238,-21838

6238,-17818

6238,-12694

6238,-13430

6238,-18258

6238,-19992

6238,-15870

6238,-10166

6238,-13210

6238,-18132

6238,-20160

6238,-14804

6238,-9100

6238,-12910

6238,-17298

6238,-18492

6238,-16012

6238,-11726

6238,-11408

6238,-17884

6238,-18928

6238,-16988

6238,-11918

6238,-12844

6238,-18914

6238,-20226

6238,-17496

6238,-12970

6238,-15662

6238,-19186

6238,-21588

6238,-19864

6238,-15026

6238,-15252

6238,-20014

6238,-22750

6238,-20218

6238,-14712

6238,-14792

6238,-20992

6238,-22934

6238,-21012

6238,-16634

6238,-17388

6238,-20456

6238,-23396

6239,-21590

6239,-16148

6239,-15280

6239,-20834

6239,-25104

6239,-20892

6239,-15406

6239,-16704

6239,-20426

6239,-25124

6239,-21010

6239,-16952

6239,-17854

6239,-22998

6239,-24336

6239,-22314

6239,-18460

6239,-17330

6239,-23922

6239,-25680

6239,-22072

6239,-18220

6239,-17080

6239,-21026

6239,-25386

6239,-23572

6239,-16152

6239,-17360

6239,-22528

6239,-23988

6239,-21472

6239,-15576

6239,-16014

6239,-23000

6239,-25930

6239,-21644

6239,-16698

6239,-17698

6239,-21390

6239,-25058

6239,-21060

6239,-15968

6239,-17260

6239,-20890

6239,-24348

6239,-21508

6239,-15768

6239,-18200

6239,-22950

6239,-25356

6239,-22916

6239,-17726

6239,-19044

6239,-21368

6239,-26504

6239,-21928

6239,-15758

6239,-16700

6239,-22178

6239,-24872

6239,-20140

6239,-15378

6239,-15300

6239,-20964

6239,-24400

6240,-20674

6240,-15980

6240,-16466

6240,-21994

6240,-25660

6240,-20174

6240,-16234

6240,-16912

6246,-22146

6246,-23270

6246,-20510

6246,-17452

6246,-15744

6246,-20936

6246,-23606

6246,-20920

6246,-15630

6246,-18014

6246,-21020

6246,-23924

6246,-20488

6246,-16022

6246,-17714

6246,-21746

6246,-21746

6246,-19934

6246,-15694

6246,-17138

6246,-22952

6246,-23914

6246,-20366

6246,-16932

6246,-17636

6246,-21264

6246,-25860

6246,-22070

6246,-16410

6246,-18118

6246,-23130

6246,-24248

6246,-18652

6246,-15752

6246,-18888

6246,-22346

6246,-22982

6246,-20764

6246,-14828

6246,-18464

6246,-24582

6246,-24626

6246,-20290

6246,-17148

6246,-20118

6246,-22894

6246,-26246

6246,-22520

6246,-16912

6246,-17778

6246,-22908

6246,-24954

6246,-19602

6246,-16550

6246,-18486

6247,-23354

6247,-25474

6247,-19638

6247,-15870

6247,-17986

6247,-23638

6247,-24940

6247,-21644

6247,-16720

6247,-18208

6247,-22436

6247,-25538

6247,-21482

6247,-16806

6247,-18344

6247,-23198

6247,-27070

6247,-22464

6247,-17816

6247,-19124

6247,-24344

6247,-25482

6247,-22442

6247,-19742

6247,-19684

6247,-24220

6247,-27254

6247,-23614

6247,-19614

6247,-20636

6247,-24644

6247,-25630

6247,-24424

6247,-19846

6247,-21030

6247,-25542

6247,-27334

6247,-22964

6247,-19250

6247,-20880

6247,-25226

6247,-27676

6247,-25522

6247,-20682

6247,-22264

6247,-27284

6247,-28552

6247,-26018

6247,-23038

6247,-22740

6247,-27218

6247,-28300

6247,-26278

6247,-22980

6247,-22456

6247,-25090

6247,-28576

6247,-25344

6247,-20510

6247,-20884

6247,-24672

6247,-27014

6247,-23578

6247,-20682

6247,-22488

6248,-24406

6248,-24820

6248,-23748

6248,-19470

6248,-20442

6248,-26008

6248,-26270

6248,-22950

6254,-18816

6254,-19358

6254,-24342

6254,-25760

6254,-23156

6254,-20416

6254,-20188

6254,-24898

6254,-25454

6254,-21322

6254,-18548

6254,-18846

6254,-21270

6254,-23864

6254,-21666

6254,-17280

6254,-17646

6254,-20786

6254,-23638

6254,-19734

6254,-16872

6254,-17046

6254,-19480

6254,-20444

6254,-19810

6254,-16516

6254,-15328

6254,-19200

6254,-22078

6254,-18874

6254,-14596

6254,-15600

6254,-18954

6254,-20352

6254,-19540

6254,-16426

6254,-13772

6254,-18900

6254,-20096

6254,-18698

6254,-15780

6254,-13882

6254,-16782

6254,-19100

6254,-16340

6254,-12704

6254,-12706

6254,-16142

6254,-17580

6254,-18108

6254,-15266

6254,-14062

6254,-15574

6254,-17574

6254,-16348

6255,-13900

6255,-12792

6255,-16006

6255,-17968

6255,-16314

6255,-12260

6255,-12456

6255,-16028

6255,-17996

6255,-15024

6255,-11330

6255,-11174

6255,-15266

6255,-17924

6255,-16126

6255,-10870

6255,-11512

6255,-15192

6255,-17236

6255,-14822

6255,-11184

6255,-10552

6255,-14468

6255,-16770

6255,-15368

6255,-11414

6255,-10292

6255,-15404

6255,-17708

6255,-15008

6255,-11208

6255,-11830

6255,-13780

6255,-15060

6255,-14974

6255,-11400

6255,-10536

6255,-13926

6255,-15802

6255,-12866

6255,-9658

6255,-10108

6255,-12544

6255,-15022

6255,-13398

6255,-10292

6255,-9686

6255,-10904

6255,-12836

6255,-10216

6255,-9164

6255,-7672

6255,-10502

6255,-13524

6255,-9816

6255,-7536

6255,-7970

6255,-11312

6255,-12600

6255,-10054

6255,-8624

6255,-8356

6255,-11816

6255,-14074

6255,-12022

6256,-9030

6256,-9298

6256,-10902

6256,-12866

6256,-10268

6256,-8586

6256,-9126

6256,-13352

6262,-13650

6262,-11114

6262,-10384

6262,-8778

6262,-12004

6262,-13808

6262,-13220

6262,-12520

6262,-10236

6262,-13866

6262,-15822

6262,-15142

6262,-12986

6262,-11628

6262,-15256

6262,-16794

6262,-15554

6262,-13822

6262,-13050

6262,-16562

6262,-16642

6262,-15876

6262,-14724

6262,-13238

6262,-16734

6262,-19880

6262,-17646

6262,-13342

6262,-14914

6262,-17900

6262,-18868

6262,-18004

6262,-15580

6262,-15858

6262,-18930

6262,-18128

6262,-18162

6262,-15476

6262,-14780

6262,-16196

6262,-18688

6262,-19110

6262,-15864

6262,-13184

6262,-16344

6262,-17196

6262,-16994

6262,-13924

6262,-11780

6262,-14960

6262,-16838

6262,-15196

6262,-12804

6262,-12250

6262,-15360

6263,-18484

6263,-14830

6263,-14100

6263,-13810

6263,-15236

6263,-17372

6263,-16234

6263,-13620

6263,-12784

6263,-16126

6263,-17398

6263,-17578

6263,-14200

6263,-13216

6263,-15522

6263,-16720

6263,-17644

6263,-16258

6263,-13226

6263,-14488

6263,-19050

6263,-17192

6263,-14788

6263,-14406

6263,-15512

6263,-16882

6263,-16514

6263,-15414

6263,-13792

6263,-15608

6263,-16712

6263,-16600

6263,-14708

6263,-13396

6263,-14422

6263,-17048

6263,-15620

6263,-14906

6263,-12214

6263,-15068

6263,-16372

6263,-16146

6263,-14518

6263,-14456

6263,-16450

6263,-17960

6263,-16106

6263,-13518

6263,-12368

6263,-14322

6263,-17794

6263,-15654

6263,-12502

6263,-13886

6263,-17228

6263,-18314

6263,-18188

6263,-14936

6263,-15512

6263,-17796

6263,-19930

6263,-18986

6263,-16292

6263,-15228

6263,-16364

6264,-18582

6264,-19576

6264,-15420

6264,-13346

6264,-17564

6264,-19780

6264,-19546

6264,-15914

6270,-14670

6270,-16174

6270,-19184

6270,-19324

6270,-15958

6270,-15338

6270,-15926

6270,-18174

6270,-18170

6270,-15840

6270,-14318

6270,-15778

6270,-20334

6270,-20032

6270,-16522

6270,-15734

6270,-17884

6270,-20698

6270,-19268

6270,-17890

6270,-15596

6270,-18328

6270,-21250

6270,-19892

6270,-17338

6270,-16126

6270,-21126

6270,-23092

6270,-22730

6270,-19964

6270,-18686

6270,-20594

6270,-22684

6270,-21808

6270,-20404

6270,-20382

6270,-21032

6270,-23354

6270,-20736

6270,-18772

6270,-18268

6270,-21046

6270,-23382

6270,-21936

6270,-20922

6270,-18942

6270,-21374

6270,-21592

6270,-21722

6270,-21722

6270,-19816

6270,-21088

6270,-22860

6270,-20984

6270,-19794

6271,-21334

6271,-21786

6271,-21912

6271,-20788

6271,-18002

6271,-18568

6271,-21564

6271,-23438

6271,-22612

6271,-19936

6271,-19824

6271,-23032

6271,-23468

6271,-23286

6271,-22174

6271,-21086

6271,-19860

6271,-22822

6271,-22386

6271,-21368

6271,-20574

6271,-20280

6271,-22202

6271,-21656

6271,-20902

6271,-18672

6271,-21158

6271,-20962

6271,-20316

6271,-18354

6271,-17814

6271,-20976

6271,-21760

6271,-21524

6271,-18682

6271,-18218

6271,-19362

6271,-21148

6271,-19356

6271,-17122

6271,-17056

6271,-18444

6271,-20310

6271,-20074

6271,-17054

6271,-15826

6271,-18634

6271,-19176

6271,-16588

6271,-16094

6271,-15924

6271,-18968

6271,-19564

6271,-18398

6271,-17390

6271,-15456

6271,-17564

6271,-18100

6271,-18086

6271,-14490

6271,-14316

6271,-15552

6271,-18072

6271,-17240

6271,-14184

6272,-13380

6272,-15774

6272,-17530

6272,-14964

6272,-12984

6272,-13002

6272,-15008

6272,-16306

6278,-16140

6278,-12856

6278,-11738

6278,-13256

6278,-14356

6278,-11976

6278,-12070

6278,-11520

6278,-13746

6278,-13488

6278,-12862

6278,-10526

6278,-10766

6278,-13210

6278,-12516

6278,-11550

6278,-9698

6278,-9944

6278,-10890

6278,-11874

6278,-9522

6278,-10622

6278,-10608

6278,-11548

6278,-12988

6278,-11372

6278,-8518

6278,-8690

6278,-10474

6278,-11108

6278,-10552

6278,-8544

6278,-8364

6278,-10012

6278,-9946

6278,-9894

6278,-9470

6278,-9506

6278,-10834

6278,-11952

6278,-10418

6278,-8860

6278,-9284

6278,-10772

6278,-9930

6278,-9038

6278,-7450

6278,-6838

6278,-10350

6278,-10420

6278,-8714

6278,-7494

6278,-6110

6278,-9392

6278,-8964

6279,-7796

6279,-6298

6279,-6458

6279,-7726

6279,-7938

6279,-6808

6279,-3816

6279,-5748

6279,-6550

6279,-6734

6279,-6302

6279,-3586

6279,-4314

6279,-5554

6279,-6850

6279,-6018

6279,-3804

6279,-4588

6279,-4800

6279,-7080

6279,-5522

6279,-5130

6279,-4546

6279,-4878

6279,-6598

6279,-6080

6279,-5108

6279,-3686

6279,-5504

6279,-5890

6279,-6012

6279,-4350

6279,-4246

6279,-5468

6279,-7324

6279,-4554

6279,-4142

6279,-4564

6279,-6476

6279,-7876

6279,-6402

6279,-2264

6279,-2694

6279,-6072

6279,-6776

6279,-6182

6279,-2818

6279,-3728

6279,-4212

6279,-6594

6279,-5336

6279,-2794

6279,-2582

6279,-4892

6279,-6400

6279,-4946

6279,-2596

6279,-1752

6279,-4406

6279,-4486

6279,-2846

6279,-2076

6279,-1066

6279,-3094

6279,-3174

6280,-3732

6280,-850

6280,458

6280,-3222

6280,-3568

6280,-1268

6280,204

6280,-322

6286,-1874

6286,-3728

6286,-1842

6286,-686

6286,-214

6286,-2206

6286,-4268

6286,-1304

6286,-1212

6286,-492

6286,-2794

6286,-3662

6286,-2540

6286,-1094

6286,698

6286,-2390

6286,-4574

6286,-1684

6286,196

6286,290

6286,-1892

6286,-2628

6286,-3012

6286,-440

6286,816

6286,-1970

6286,-5968

6286,-4966

6286,-2660

6286,-3280

6286,-4168

6286,-6224

6286,-3976

6286,-2358

6286,-2752

6286,-6242

6286,-3706

6286,-4980

6286,-1636

6286,-1440

6286,-3534

6286,-5304

6286,-3814

6286,-1598

6286,-2066

6286,-2254

6286,-4412

6286,-4626

6286,-2268

6286,-2670

6286,-4296

6286,-6102

6286,-3674

6286,-378

6286,-1990

6287,-3768

6287,-5868

6287,-3960

6287,-2436

6287,-1410

6287,-2896

6287,-5292

6287,-4310

6287,-490

6287,-1888

6287,-1900

6287,-3024

6287,-3046

6287,-2736

6287,-2126

6287,-2928

6287,-3982

6287,-3830

6287,-1506

6287,162

6287,-2610

6287,-3534

6287,-2586

6287,-938

6287,568

6287,-1154

6287,-2292

6287,-1530

6287,-620

6287,1486

6287,-334

6287,-2632

6287,-158

6287,1822

6287,1786

6287,-282

6287,-3024

6287,-1684

6287,-560

6287,-686

6287,-3022

6287,-4146

6287,-4082

6287,-1056

6287,-1270

6287,-4026

6287,-4538

6287,-6430

6287,-3914

6287,-2340

6287,-4540

6287,-4960

6287,-4276

6287,-2144

6287,-1736

6287,-4568

6287,-5644

6287,-5904

6287,-3816

6287,-870

6287,-4234

6287,-6206

6287,-5680

6287,-4098

6287,-2210

6288,-4658

6288,-6582

6288,-4770

6288,-3352

6288,-2776

6288,-4588

6288,-6142

6288,-6694

6294,-2448

6294,-1814

6294,-3788

6294,-3822

6294,-4866

6294,-1188

6294,-1872

6294,-3322

6294,-4952

6294,-4350

6294,-2286

6294,-1012

6294,-2244

6294,-3644

6294,-2740

6294,-718

6294,-1122

6294,-2872

6294,-3422

6294,-1638

6294,-1514

6294,-1704

6294,-130

6294,-2828

6294,-3234

6294,-982

6294,-868

6294,-1336

6294,-1756

6294,-2870

6294,674

6294,-138

6294,-1494

6294,-2792

6294,-2098

6294,-818

6294,-864

6294,-2566

6294,-2756

6294,-1950

6294,278

6294,1108

6294,-34

6294,-1734

6294,-1232

6294,1248

6294,1592

6294,1384

6294,-2

6294,-364

6294,2582

6294,1880

6294,-628

6294,-946

6294,-240

6295,1260

6295,1846

6295,-50

6295,-2062

6295,-1378

6295,364

6295,2378

6295,956

6295,220

6295,3230

6295,4440

6295,2460

6295,750

6295,-1052

6295,504

6295,3370

6295,1796

6295,1138

6295,662

6295,3298

6295,4146

6295,3948

6295,1096

6295,424

6295,2282

6295,3842

6295,2940

6295,2560

6295,1980

6295,2858

6295,3498

6295,3714

6295,3110

6295,2086

6295,2982

6295,3918

6295,4972

6295,3570

6295,3284

6295,5446

6295,5700

6295,4164

6295,4232

6295,4626

6295,5348

6295,7628

6295,6424

6295,7164

6295,6550

6295,6676

6295,6736

6295,7912

6295,5770

6295,5738

6295,5242

6295,7068

6295,6674

6295,5614

6295,5358

6295,6452

6295,7118

6295,7198

6295,7042

6295,6362

6295,7086

6296,8674

6296,8994

6296,7308

6296,6442

6296,8160

6296,8626

6296,8590

6296,8032

6302,8640

6302,8764

6302,9386

6302,10360

6302,9330

6302,9012

6302,8916

6302,9456

6302,10950

6302,9150

6302,10104

6302,10204

6302,13198

6302,11236

6302,10702

6302,10444

6302,10596

6302,13302

6302,11884

6302,11948

6302,12494

6302,12780

6302,13026

6302,13690

6302,11912

6302,12444

6302,13690

6302,15934

6302,14460

6302,14302

6302,13408

6302,13240

6302,15758

6302,15406

6302,14984

6302,14382

6302,15566

6302,16280

6302,15156

6302,15574

6302,15018

6302,15492

6302,15584

6302,16650

6302,16452

6302,16216

6302,15478

6302,16916

6302,17902

6302,15596

6302,15820

6302,15780

6302,18132

6302,19190

6302,17830

6303,16658

6303,16210

6303,19638

6303,19418

6303,17452

6303,16628

6303,17894

6303,20876

6303,18146

6303,18050

6303,16544

6303,15418

6303,18482

6303,18282

6303,18260

6303,17128

6303,17058

6303,17898

6303,19142

6303,16852

6303,15048

6303,16286

6303,17774

6303,17238

6303,15952

6303,15548

6303,17562

6303,18024

6303,18354

6303,15842

6303,15310

6303,15718

6303,15690

6303,16550

6303,15244

6303,14392

6303,14922

6303,15576

6303,15634

6303,15492

6303,13476

6303,12704

6303,15216

6303,14570

6303,13816

6303,13104

6303,12820

6303,14658

6303,14640

6303,13472

6303,13652

6303,13978

6303,13306

6303,15452

6303,12554

6303,10956

6303,12496

6303,14086

6303,15340

6303,12754

6303,13000

6303,12638

6303,12458

6303,13056

6303,12974

6304,12566

6304,12508

6304,12918

6304,14700

6304,13410

6304,12152

6304,12130

6304,13132

6310,12344

6310,12022

6310,12010

6310,11768

6310,12392

6310,11418

6310,12060

6310,11952

6310,11348

6310,11078

6310,10966

6310,11286

6310,10240

6310,10140

6310,9980

6310,10518

6310,11742

6310,8924

6310,8226

6310,9690

6310,9300

6310,8996

6310,9176

6310,8536

6310,7094

6310,7412

6310,6792

6310,6852

6310,6044

6310,7410

6310,6894

6310,6254

6310,5570

6310,5646

6310,6116

6310,5480

6310,4382

6310,4646

6310,3266

6310,4710

6310,4512

6310,3622

6310,3122

6310,3692

6310,2646

6310,3440

6310,3142

6310,2904

6310,3146

6310,3074

6310,2548

6310,1882

6310,2404

6310,2146

6310,2588

6311,3686

6311,2184

6311,1340

6311,242

6311,1910

6311,3208

6311,2736

6311,1780

6311,1048

6311,1480

6311,1912

6311,1412

6311,-442

6311,40

6311,502

6311,1218

6311,-544

6311,-2190

6311,-2048

6311,-1070

6311,-1468

6311,-2288

6311,-2036

6311,-3172

6311,-1348

6311,-1588

6311,-2358

6311,-2662

6311,-1816

6311,-1138

6311,-2040

6311,-3206

6311,-1906

6311,-1532

6311,-2228

6311,-1382

6311,-2914

6311,-2766

6311,-1972

6311,-1450

6311,-2332

6311,-2404

6311,-2818

6311,-4314

6311,-2928

6311,-3224

6311,-3166

6311,-4310

6311,-3484

6311,-4574

6311,-4470

6311,-5816

6311,-5784

6311,-6362

6311,-4440

6311,-6610

6311,-6446

6311,-7132

6311,-7970

6311,-7646

6311,-6772

6311,-8380

6311,-7830

6311,-8306

6311,-8426

6312,-7270

6312,-8420

6312,-8942

6312,-9242

6312,-8468

6312,-9124

6312,-9134

6312,-9666

6318,-8968

6318,-8568

6318,-9030

6318,-8204

6318,-8934

6318,-8960

6318,-9032

6318,-8366

6318,-11154

6318,-10366

6318,-10570

6318,-11402

6318,-10586

6318,-9916

6318,-9946

6318,-10606

6318,-10084

6318,-11070

6318,-10288

6318,-10914

6318,-11238

6318,-10666

6318,-10312

6318,-10694

6318,-12676

6318,-11734

6318,-11900

6318,-10872

6318,-12834

6318,-12468

6318,-12326

6318,-14238

6318,-12940

6318,-11924

6318,-12418

6318,-13834

6318,-13892

6318,-12962

6318,-13396

6318,-14970

6318,-14928

6318,-14832

6318,-15434

6318,-15300

6318,-15560

6318,-15700

6318,-15946

6318,-16274

6318,-16458

6318,-16840

6318,-16082

6318,-17646

6318,-18728

6318,-18502

6318,-20134

6319,-17626

6319,-18172

6319,-18360

6319,-18502

6319,-19436

6319,-19096

6319,-19884

6319,-19132

6319,-19278

6319,-20312

6319,-20552

6319,-20132

6319,-21268

6319,-21364

6319,-20426

6319,-21164

6319,-21944

6319,-21288

6319,-21622

6319,-21020

6319,-20528

6319,-22436

6319,-21802

6319,-22756

6319,-22814

6319,-22746

6319,-22962

6319,-22634

6319,-21674

6319,-21580

6319,-22208

6319,-23456

6319,-23536

6319,-22682

6319,-23682

6319,-23850

6319,-22520

6319,-23932

6319,-24334

6319,-24372

6319,-23920

6319,-23332

6319,-24452

6319,-24050

6319,-25542

6319,-26426

6319,-24794

6319,-25118

6319,-25048

6319,-27598

6319,-26058

6319,-25634

6319,-26524

6319,-26082

6319,-25920

6319,-26080

6319,-26366

6319,-27128

6319,-26254

6319,-26976

6319,-28800

6319,-26736

6319,-26752

6319,-27298

6319,-27768

6320,-27870

6320,-25410

6320,-27358

6320,-26814

6320,-27968

6320,-28526

6320,-27202

6320,-26256

6326,-26396

6326,-27070

6326,-27550

6326,-27932

6326,-26986

6326,-27700

6326,-27500

6326,-25454

6326,-26248

6326,-27332

6326,-26544

6326,-27032

6326,-25502

6326,-26362

6326,-27398

6326,-27614

6326,-26904

6326,-27030

6326,-27530

6326,-26326

6326,-25988

6326,-28018

6326,-26552

6326,-27202

6326,-25886

6326,-27126

6326,-27210

6326,-26252

6326,-27322

6326,-27256

6326,-27462

6326,-28526

6326,-28674

6326,-28652

6326,-27684

6326,-30218

6326,-30176

6326,-30042

6326,-30508

6326,-30224

6326,-31560

6326,-31594

6326,-32404

6326,-32478

6326,-31496

6326,-33784

6326,-33050

6326,-33790

6326,-32424

6326,-34312

6326,-33374

6326,-33670

6326,-34532

6326,-33460

6326,-34630

6327,-34024

6327,-33966

6327,-35876

6327,-34736

6327,-33990

6327,-34390

6327,-35096

6327,-35394

6327,-34892

6327,-35880

6327,-35900

6327,-36384

6327,-35642

6327,-36672

6327,-36482

6327,-36190

6327,-36560

6327,-36600

6327,-34470

6327,-34462

6327,-35050

6327,-35202

6327,-35214

6327,-35598

6327,-35410

6327,-37082

6327,-36500

6327,-35672

6327,-36790

6327,-35750

6327,-36206

6327,-36828

6327,-37528

6327,-37886

6327,-36952

6327,-38468

6327,-37668

6327,-37468

6327,-37964

6327,-38462

6327,-39884

6327,-38328

6327,-38970

6327,-39620

6327,-40050

6327,-40478

6327,-39728

6327,-39896

6327,-41360

6327,-42336

6327,-42230

6327,-43478

6327,-42398

6327,-42310

6327,-43504

6327,-43008

6327,-44260

6327,-43600

6327,-44554

6327,-44708

6327,-42260

6327,-44190

6327,-45402

6327,-44552

6327,-44830

6328,-44682

6328,-45064

6328,-44240

6328,-45376

6328,-45184

6328,-46250

6328,-46308

6328,-47176

6334,-46260

6334,-46160

6334,-46686

6334,-46824

6334,-46418

6334,-47188

6334,-45394

6334,-47312

6334,-47550

6334,-45886

6334,-46068

6334,-45860

6334,-46734

6334,-46956

6334,-48620

6334,-48324

6334,-48180

6334,-48748

6334,-49476

6334,-49214

6334,-48808

6334,-46560

6334,-46954

6334,-48232

6334,-46500

6334,-48290

6334,-48144

6334,-48844

6334,-48548

6334,-49052

6334,-49426

6334,-50022

6334,-49862

6334,-51340

6334,-50720

6334,-49468

6334,-51112

6334,-51414

6334,-51652

6334,-50308

6334,-52008

6334,-51854

6334,-51060

6334,-52338

6334,-52500

6334,-52088

6334,-52016

6334,-51826

6334,-52822

6334,-54082

6334,-51360

6334,-52148

6334,-51146

6334,-52648

6334,-54060

6335,-54478

6335,-52400

6335,-52942

6335,-52656

6335,-52888

6335,-52706

6335,-53406

6335,-51900

6335,-53594

6335,-55352

6335,-55020

6335,-54152

6335,-55218

6335,-55438

6335,-53808

6335,-53748

6335,-55610

6335,-54618

6335,-54976

6335,-55104

6335,-54424

6335,-53060

6335,-54098

6335,-58066

6335,-55164

6335,-56686

6335,-56624

6335,-58002

6335,-56378

6335,-57192

6335,-57560

6335,-54644

6335,-55950

6335,-58084

6335,-56770

6335,-57198

6335,-57416

6335,-56902

6335,-56328

6335,-56040

6335,-55602

6335,-57944

6335,-57472

6335,-56646

6335,-57246

6335,-57672

6335,-57338

6335,-57506

6335,-57740

6335,-57934

6335,-56400

6335,-57454

6335,-57762

6335,-57980

6335,-56766

6335,-55218

6335,-56496

6335,-58630

6335,-57006

6335,-57320

6335,-56146

6335,-58502

6335,-56754

6335,-58260

6335,-56872

6336,-57862

6336,-56586

6336,-57846

6336,-57180

6336,-57764

6336,-57670

6336,-56472

6336,-58124

6342,-57224

6342,-57844

6342,-57994

6342,-59178

6342,-57756

6342,-57804

6342,-58286

6342,-57996

6342,-57302

6342,-57498

6342,-58044

6342,-58474

6342,-57650

6342,-57674

6342,-59244

6342,-57118

6342,-56570

6342,-58210

6342,-57458

6342,-59534

6342,-58318

6342,-58494

6342,-59916

6342,-59504

6342,-60250

6342,-60616

6342,-60080

6342,-60548

6342,-60486

6342,-59946

6342,-60160

6342,-59504

6342,-59470

6342,-59562

6342,-60664

6342,-61104

6342,-59798

6342,-59454

6342,-59516

6342,-59724

6342,-60284

6342,-61292

6342,-61762

6342,-59866

6342,-58462

6342,-58840

6342,-60194

6342,-61408

6342,-61044

6342,-60496

6342,-61384

6342,-60776

6342,-60460

6342,-60564

6342,-59974

6343,-61034

6343,-61248

6343,-61532

6343,-60560

6343,-60114

6343,-59996

6343,-60984

6343,-60720

6343,-60876

6343,-59888

6343,-61174

6343,-60106

6343,-60516

6343,-60262

6343,-61010

6343,-60430

6343,-62444

6343,-59218

6343,-60666

6343,-60510

6343,-59202

6343,-61006

6343,-58836

6343,-59490

6343,-60934

6343,-59054

6343,-59234

6343,-60008

6343,-60330

6343,-60274

6343,-59804

6343,-60492

6343,-60610

6343,-59792

6343,-59012

6343,-60056

6343,-60042

6343,-61070

6343,-59972

6343,-60672

6343,-60922

6343,-60656

6343,-60302

6343,-60968

6343,-60824

6343,-61440

6343,-60264

6343,-61994

6343,-61716

6343,-62638

6343,-61758

6343,-61518

6343,-61502

6343,-62908

6343,-62054

6343,-62098

6343,-62794

6343,-62418

6343,-60992

6343,-61942

6343,-61678

6343,-61664

6343,-63120

6343,-61512

6343,-61084

6344,-62136

6344,-62476

6344,-62152

6344,-60776

6344,-60864

6344,-61808

6344,-61690

6344,-61900

6350,-62194

6350,-61600

6350,-62028

6350,-62178

6350,-62548

6350,-61764

6350,-62496

6350,-62056

6350,-62144

6350,-60576

6350,-60866

6350,-61144

6350,-60960

6350,-60746

6350,-61080

6350,-60608

6350,-59496

6350,-60010

6350,-62000

6350,-61794

6350,-61170

6350,-61808

6350,-61712

6350,-60666

6350,-60634

6350,-60872

6350,-60740

6350,-60278

6350,-61576

6350,-60982

6350,-62230

6350,-59510

6350,-58918

6350,-60226

6350,-61286

6350,-60404

6350,-59698

6350,-58688

6350,-58898

6350,-58364

6350,-58700

6350,-58366

6350,-58086

6350,-58382

6350,-58334

6350,-58176

6350,-58206

6350,-58402

6350,-57398

6350,-56460

6350,-57994

6350,-57342

6350,-56334

6350,-56232

6350,-57608

6351,-54708

6351,-55478

6351,-56616

6351,-55082

6351,-56076

6351,-56240

6351,-54938

6351,-54676

6351,-56544

6351,-56992

6351,-58160

6351,-58116

6351,-57992

6351,-56270

6351,-56752

6351,-58176

6351,-59476

6351,-57424

6351,-56034

6351,-57104

6351,-58054

6351,-57352

6351,-55950

6351,-58194

6351,-57662

6351,-56698

6351,-55932

6351,-56528

6351,-57208

6351,-54804

6351,-55700

6351,-55586

6351,-55876

6351,-55614

6351,-55370

6351,-54922

6351,-54338

6351,-54814

6351,-53314

6351,-55512

6351,-55262

6351,-55012

6351,-56198

6351,-55842

6351,-54422

6351,-56318

6351,-54608

6351,-55322

6351,-55116

6351,-52904

6351,-53662

6351,-53354

6351,-54976

6351,-53318

6351,-53882

6351,-54042

6351,-54704

6351,-54520

6351,-54794

6351,-54638

6351,-54818

6351,-56096

6351,-54034

6351,-56872

6351,-53940

6352,-53988

6352,-53700

6352,-53800

6352,-55478

6352,-53642

6352,-55192

6352,-54088

6352,-54522

6358,-54950

6358,-55104

6358,-56148

6358,-54922

6358,-54130

6358,-55712

6358,-55804

6358,-55114

6358,-55440

6358,-56136

6358,-56726

6358,-55900

6358,-57004

6358,-55746

6358,-55822

6358,-55912

6358,-56662

6358,-56420

6358,-56906

6358,-56168

6358,-56534

6358,-57620

6358,-56860

6358,-56488

6358,-55878

6358,-55152

6358,-55770

6358,-55876

6358,-56462

6358,-56584

6358,-55782

6358,-55422

6358,-55328

6358,-54706

6358,-54886

6358,-54010

6358,-54054

6358,-54324

6358,-52718

6358,-52814

6358,-53482

6358,-52058

6358,-53498

6358,-52238

6358,-52296

6358,-50796

6358,-51994

6358,-52464

6358,-51162

6358,-51584

6358,-50756

6358,-52538

6358,-52424

6358,-51130

6358,-51806

6359,-51044

6359,-51364

6359,-52036

6359,-49660

6359,-50944

6359,-51582

6359,-49852

6359,-50674

6359,-50158

6359,-51914

6359,-50964

6359,-51080

6359,-51258

6359,-49606

6359,-51092

6359,-50254

6359,-49986

6359,-49254

6359,-47944

6359,-49258

6359,-48650

6359,-48126

6359,-47596

6359,-46430

6359,-45612

6359,-46638

6359,-46080

6359,-46110

6359,-46830

6359,-44768

6359,-45764

6359,-44306

6359,-45204

6359,-45968

6359,-43796

6359,-45498

6359,-44552

6359,-44092

6359,-44592

6359,-44072

6359,-42960

6359,-43398

6359,-43586

6359,-43016

6359,-43360

6359,-42466

6359,-43634

6359,-41840

6359,-41832

6359,-42246

6359,-41834

6359,-41154

6359,-41878

6359,-42138

6359,-42492

6359,-42210

6359,-43054

6359,-42318

6359,-42238

6359,-40852

6359,-42642

6359,-42432

6359,-40428

6359,-41358

6359,-41742

6360,-42014

6360,-40462

6360,-40872

6360,-38788

6360,-39848

6360,-40526

6360,-40614

6360,-39606

6366,-39368

6366,-39894

6366,-39486

6366,-39718

6366,-39308

6366,-39300

6366,-39122

6366,-39240

6366,-40726

6366,-38938

6366,-37952

6366,-38162

6366,-37296

6366,-37034

6366,-37986

6366,-37190

6366,-36578

6366,-37792

6366,-36474

6366,-36180

6366,-35506

6366,-36142

6366,-34938

6366,-36120

6366,-36042

6366,-35552

6366,-34824

6366,-36416

6366,-34862

6366,-35892

6366,-35486

6366,-36866

6366,-35782

6366,-35562

6366,-35576

6366,-34208

6366,-34650

6366,-34776

6366,-34482

6366,-34618

6366,-35220

6366,-33504

6366,-33672

6366,-31568

6366,-34004

6366,-32500

6366,-31838

6366,-32146

6366,-31684

6366,-31938

6366,-31650

6366,-30354

6366,-29376

6366,-29524

6366,-28358

6367,-29286

6367,-28080

6367,-29610

6367,-28174

6367,-28056

6367,-28896

6367,-26318

6367,-27300

6367,-27754

6367,-26190

6367,-26358

6367,-28220

6367,-29222

6367,-28936

6367,-27664

6367,-27616

6367,-28670

6367,-27910

6367,-27140

6367,-26656

6367,-27146

6367,-27684

6367,-27186

6367,-26438

6367,-26418

6367,-27470

6367,-26030

6367,-25690

6367,-26642

6367,-26708

6367,-26048

6367,-25712

6367,-25302

6367,-24818

6367,-25198

6367,-24860

6367,-25526

6367,-24010

6367,-25106

6367,-24804

6367,-24248

6367,-24476

6367,-24466

6367,-23140

6367,-22990

6367,-22746

6367,-22838

6367,-23606

6367,-25080

6367,-23692

6367,-22876

6367,-23644

6367,-24176

6367,-24792

6367,-24426

6367,-23186

6367,-23282

6367,-23220

6367,-23112

6367,-25030

6367,-24396

6367,-23362

6367,-23654

6367,-24498

6367,-23746

6368,-22756

6368,-24328

6368,-23430

6368,-23832

6368,-23226

6368,-22572

6368,-23222

6368,-22430

6374,-23718

6374,-24322

6374,-22682

6374,-24386

6374,-24554

6374,-26124

6374,-23648

6374,-22790

6374,-24266

6374,-22486

6374,-22546

6374,-23010

6374,-23098

6374,-22256

6374,-23492

6374,-21938

6374,-20836

6374,-22074

6374,-22398

6374,-22388

6374,-23200

6374,-24044

6374,-22648

6374,-23708

6374,-22906

6374,-22680

6374,-23352

6374,-20844

6374,-21234

6374,-22832

6374,-20956

6374,-21158

6374,-20988

6374,-22112

6374,-20950

6374,-20788

6374,-21552

6374,-22450

6374,-23498

6374,-22926

6374,-22408

6374,-20612

6374,-22444

6374,-23428

6374,-22502

6374,-23304

6374,-23770

6374,-23036

6374,-21932

6374,-22400

6374,-21662

6374,-22470

6374,-20848

6374,-19980

6374,-20452

6375,-19652

6375,-21398

6375,-19848

6375,-21046

6375,-20712

6375,-21494

6375,-20426

6375,-20422

6375,-20078

6375,-20222

6375,-20222

6375,-20718

6375,-20382

6375,-20458

6375,-19884

6375,-19936

6375,-20278

6375,-21406

6375,-21390

6375,-21452

6375,-21552

6375,-20222

6375,-19272

6375,-19486

6375,-20462

6375,-19654

6375,-19484

6375,-19320

6375,-20142

6375,-19552

6375,-19908

6375,-21756

6375,-20630

6375,-19760

6375,-19138

6375,-20536

6375,-19012

6375,-17838

6375,-20436

6375,-20266

6375,-20824

6375,-20540

6375,-20488

6375,-22206

6375,-21772

6375,-23016

6375,-22922

6375,-21692

6375,-22900

6375,-22472

6375,-22424

6375,-22254

6375,-22564

6375,-23696

6375,-23036

6375,-23714

6375,-24510

6375,-25062

6375,-24600

6375,-24490

6375,-24700

6375,-25382

6375,-25396

6375,-25112

6375,-24502

6376,-23614

6376,-23654

6376,-24242

6376,-24376

6376,-24658

6376,-24190

6376,-24268

6376,-25450

6382,-23930

6382,-25392

6382,-25626

6382,-23546

6382,-24890

6382,-25630

6382,-25376

6382,-26106

6382,-25926

6382,-24580

6382,-25200

6382,-25132

6382,-26952

6382,-25420

6382,-26632

6382,-26172

6382,-26816

6382,-26110

6382,-25802

6382,-25464

6382,-25788

6382,-25888

6382,-26406

6382,-25998

6382,-24624

6382,-24388

6382,-25520

6382,-25980

6382,-24522

6382,-25802

6382,-25010

6382,-24300

6382,-24934

6382,-25358

6382,-25214

6382,-25342

6382,-25274

6382,-24908

6382,-25908

6382,-25468

6382,-25122

6382,-25926

6382,-25522

6382,-25546

6382,-25424

6382,-25228

6382,-24942

6382,-25442

6382,-24954

6382,-25844

6382,-26236

6382,-25430

6382,-24622

6382,-26702

6382,-24524

6383,-25536

6383,-24078

6383,-24770

6383,-22782

6383,-25524

6383,-25822

6383,-25998

6383,-26160

6383,-25764

6383,-23946

6383,-24604

6383,-26996

6383,-24230

6383,-24088

6383,-24982

6383,-26398

6383,-26610

6383,-25918

6383,-26242

6383,-26594

6383,-26520

6383,-25272

6383,-25612

6383,-26558

6383,-25336

6383,-25776

6383,-25986

6383,-25188

6383,-26404

6383,-25704

6383,-25958

6383,-25944

6383,-25556

6383,-25658

6383,-25476

6383,-25926

6383,-25116

6383,-25820

6383,-24464

6383,-24842

6383,-23604

6383,-24264

6383,-24788

6383,-24190

6383,-23736

6383,-25292

6383,-25454

6383,-23814

6383,-23236

6383,-23974

6383,-24982

6383,-24412

6383,-24152

6383,-24034

6383,-23576

6383,-23320

6383,-23042

6383,-23852

6383,-24800

6383,-23590

6383,-23868

6383,-24190

6383,-23750

6383,-23392

6383,-23332

6384,-24896

6384,-25224

6384,-25618

6384,-24518

6384,-24348

6384,-25190

6384,-23666

6384,-23502

6390,-24496

6390,-24198

6390,-24970

6390,-25148

6390,-24220

6390,-23174

6390,-23022

6390,-23422

6390,-23750

6390,-24134

6390,-22784

6390,-22016

6390,-20414

6390,-22448

6390,-23426

6390,-21956

6390,-21100

6390,-22802

6390,-23826

6390,-22888

6390,-23596

6390,-22596

6390,-22322

6390,-21650

6390,-21844

6390,-23628

6390,-22860

6390,-23144

6390,-20834

6390,-22826

6390,-21872

6390,-20872

6390,-20438

6390,-21148

6390,-20788

6390,-21778

6390,-19454

6390,-19252

6390,-20346

6390,-20236

6390,-19184

6390,-19908

6390,-20276

6390,-19044

6390,-19442

6390,-20530

6390,-19782

6390,-20366

6390,-19544

6390,-21140

6390,-21744

6390,-20728

6390,-19952

6390,-21100

6390,-21406

6391,-19086

6391,-20082

6391,-20110

6391,-20150

6391,-20798

6391,-20086

6391,-19354

6391,-20410

6391,-19550

6391,-20396

6391,-21358

6391,-20432

6391,-18968

6391,-18622

6391,-19634

6391,-20716

6391,-20490

6391,-20254

6391,-19842

6391,-19662

6391,-22272

6391,-21568

6391,-23066

6391,-23340

6391,-24556

6391,-23536

6391,-23596

6391,-24492

6391,-23264

6391,-25798

6391,-24812

6391,-24256

6391,-25464

6391,-25516

6391,-26010

6391,-26164

6391,-26794

6391,-25422

6391,-25306

6391,-25722

6391,-25658

6391,-25694

6391,-25694

6391,-26076

6391,-26746

6391,-26520

6391,-25712

6391,-26526

6391,-28356

6391,-27106

6391,-26060

6391,-26358

6391,-27992

6391,-28084

6391,-27984

6391,-27774

6391,-28166

6391,-27430

6391,-26942

6391,-27998

6391,-27050

6391,-28006

6391,-28368

6391,-27994

6391,-28074

6392,-28650

6392,-28452

6392,-29012

6392,-28338

6392,-29294

6392,-28510

6392,-29502

6392,-30188

6398,-30014

6398,-29518

6398,-30466

6398,-31492

6398,-31260

6398,-31510

6398,-32340

6398,-32334

6398,-32308

6398,-32040

6398,-33092

6398,-32300

6398,-34020

6398,-32704

6398,-32680

6398,-33390

6398,-33550

6398,-33032

6398,-32368

6398,-32876

6398,-32080

6398,-32570

6398,-32564

6398,-32484

6398,-30876

6398,-32072

6398,-32446

6398,-29856

6398,-30306

6398,-29258

6398,-29328

6398,-29938

6398,-29402

6398,-30510

6398,-30290

6398,-29406

6398,-30072

6398,-30678

6398,-30658

6398,-28950

6398,-29634

6398,-30040

6398,-29324

6398,-29454

6398,-30738

6398,-31628

6398,-30738

6398,-30988

6398,-31068

6398,-30494

6398,-29680

6398,-30292

6398,-30962

6398,-29454

6398,-29466

6399,-30712

6399,-29904

6399,-31188

6399,-31038

6399,-30468

6399,-30870

6399,-31574

6399,-29730

6399,-30372

6399,-32406

6399,-31186

6399,-31234

6399,-30256

6399,-31254

6399,-31586

6399,-31412

6399,-32300

6399,-30584

6399,-31234

6399,-30018

6399,-31782

6399,-31646

6399,-32828

6399,-33154

6399,-31428

6399,-32772

6399,-31268

6399,-31768

6399,-31228

6399,-31784

6399,-31996

6399,-32250

6399,-31844

6399,-31724

6399,-30422

6399,-31692

6399,-31078

6399,-30320

6399,-30268

6399,-30568

6399,-30188

6399,-30088

6399,-30268

6399,-30274

6399,-28948

6399,-30564

6399,-29806

6399,-28702

6399,-31524

6399,-30896

6399,-31964

6399,-31736

6399,-30076

6399,-30838

6399,-31598

6399,-32178

6399,-31520

6399,-33682

6399,-32054

6399,-30986

6399,-30998

6399,-31794

6399,-32972

6399,-31896

6399,-30378

6400,-30368

6400,-32278

6400,-32128

6400,-31634

6400,-31842

6400,-32454

6400,-33388

6400,-33538

6406,-32964

6406,-32400

6406,-33318

6406,-32418

6406,-31378

6406,-33128

6406,-32046

6406,-32856

6406,-33386

6406,-34566

6406,-33782

6406,-33746

6406,-34088

6406,-33428

6406,-33428

6406,-32726

6406,-32114

6406,-33254

6406,-34378

6406,-33864

6406,-33962

6406,-33288

6406,-32726

6406,-32754

6406,-32574

6406,-33476

6406,-34530

6406,-34796

6406,-34624

6406,-33602

6406,-34956

6406,-34154

6406,-35188

6406,-34378

6406,-33784

6406,-34638

6406,-34546

6406,-33018

6406,-33202

6406,-31918

6406,-31652

6406,-34340

6406,-32194

6406,-32954

6406,-32606

6406,-33102

6406,-33976

6406,-32652

6406,-30942

6406,-32828

6406,-32204

6406,-32240

6406,-31946

6406,-33162

6406,-32644

6407,-32636

6407,-32252

6407,-29918

6407,-30770

6407,-32928

6407,-32680

6407,-32756

6407,-30938

6407,-31958

6407,-31346

6407,-30320

6407,-32048

6407,-31118

6407,-32274

6407,-31616

6407,-32326

6407,-31566

6407,-31176

6407,-30384

6407,-31232

6407,-30794

6407,-30536

6407,-30670

6407,-30944

6407,-30376

6407,-30982

6407,-31562

6407,-31266

6407,-30300

6407,-30464

6407,-30484

6407,-29032

6407,-29958

6407,-28344

6407,-29334

6407,-29474

6407,-28574

6407,-27702

6407,-28118

6407,-28876

6407,-28280

6407,-29546

6407,-28348

6407,-28610

6407,-28336

6407,-30198

6407,-30436

6407,-26640

6407,-29492

6407,-29364

6407,-28450

6407,-30308

6407,-30302

6407,-28942

6407,-31858

6407,-28948

6407,-29924

6407,-29134

6407,-28842

6407,-29802

6407,-28140

6407,-30084

6407,-30872

6407,-30256

6407,-29708

6408,-30610

6408,-30802

6408,-29444

6408,-30586

6408,-29232

6408,-28998

6408,-30978

6408,-29058

6414,-30316

6414,-29104

6414,-29326

6414,-30008

6414,-29592

6414,-28724

6414,-30010

6414,-29510

6414,-28938

6414,-29052

6414,-29524

6414,-29496

6414,-28766

6414,-28442

6414,-27832

6414,-29308

6414,-29780

6414,-29346

6414,-29606

6414,-29110

6414,-29114

6414,-28610

6414,-27108

6414,-27428

6414,-28584

6414,-27810

6414,-28234

6414,-28280

6414,-27784

6414,-27990

6414,-28766

6414,-29880

6414,-28350

6414,-28736

6414,-28252

6414,-28450

6414,-29042

6414,-28578

6414,-28200

6414,-29404

6414,-29740

6414,-28540

6414,-29054

6414,-30620

6414,-30746

6414,-30288

6414,-30156

6414,-30266

6414,-29636

6414,-29560

6414,-29994

6414,-30402

6414,-29268

6414,-29426

6414,-29072

6415,-29994

6415,-29560

6415,-29124

6415,-30014

6415,-31174

6415,-31058

6415,-31826

6415,-30386

6415,-31966

6415,-30278

6415,-31348

6415,-33734

6415,-30552

6415,-31448

6415,-30390

6415,-31312

6415,-30866

6415,-31802

6415,-30982

6415,-31598

6415,-31774

6415,-30534

RAW_SUMMARY id=1 requested=5600 captured=5600 unused_capacity=400 max_pcm_abs=127014 raw_mean=2856.3 raw_abs_mean=30462.7 raw_min=-63120 raw_max=157568 baseline=-16.2

OK RAW

