# run: cover_sealed_1
# firmware: role=analyzer git=b253dd5 version=0.4.0
# imported-from: covered_1.log (mtime 2026-10-09T11:33:38)
RAW_INFO mode=i2s output=csv

RAW_INFO row_size=12

RAW_BEGIN id=1 sr=16000 trigger_ms=6074 command_ms=6058 emit_seen=1 emit_start_ms=6074 emit_done_ms=6077 f=3200 dur=1 pre_ms=0 post_ms=350 decim=1 pre_samples=0 post_samples=5600 mode=i2s output=csv fields=ms,pcm

ms,pcm

6078,36010

6078,35548

6078,36414

6078,36424

6078,36438

6078,35090

6078,35198

6078,35318

6078,34964

6078,36166

6078,34768

6078,35596

6078,35182

6078,36552

6078,33780

6078,32946

6078,34176

6078,34338

6078,36000

6078,33418

6078,33724

6078,34778

6078,35402

6078,32164

6078,33196

6078,33958

6078,33076

6078,34492

6078,33988

6078,35500

6078,33336

6078,32798

6078,33254

6078,33276

6079,33844

6079,34106

6079,35508

6079,32608

6079,33914

6079,33310

6079,34078

6079,33252

6079,34754

6079,34302

6079,34252

6079,33476

6079,34416

6079,33860

6079,33376

6079,33462

6079,32928

6079,33266

6079,33006

6079,33646

6079,34574

6079,33648

6079,33376

6079,34756

6079,34626

6079,34768

6079,34722

6079,34160

6079,35380

6079,34284

6079,34714

6079,34794

6079,35898

6079,35368

6079,34460

6079,35868

6079,34700

6079,33948

6079,35374

6079,34744

6079,35972

6079,35098

6079,35478

6079,37070

6079,35186

6079,35960

6079,35544

6079,33978

6079,35580

6079,35462

6079,35164

6079,35040

6079,35830

6079,36944

6079,35502

6079,35598

6079,35802

6079,35264

6079,36350

6079,36320

6079,36578

6079,36636

6079,36176

6079,34866

6079,35896

6080,36490

6080,35902

6080,35668

6080,35948

6080,37290

6080,37114

6080,37906

6080,36516

6080,37390

6080,37116

6080,37734

6080,37858

6080,36372

6080,36966

6080,36788

6080,36948

6080,39178

6080,38198

6080,38098

6080,40450

6080,38876

6080,41242

6080,39796

6080,38674

6080,39488

6080,39790

6080,39024

6080,39684

6080,39418

6086,41356

6086,40908

6086,40874

6086,41728

6086,40118

6086,40750

6086,41152

6086,41816

6086,42498

6086,40746

6086,42078

6086,42588

6086,42226

6086,41778

6086,41814

6086,41828

6086,42314

6086,41686

6086,41862

6086,42770

6086,42812

6086,42902

6086,42198

6086,41240

6086,42878

6086,42182

6086,41952

6086,41462

6086,41686

6086,40444

6086,40200

6086,42720

6086,42674

6086,42868

6086,43164

6086,41694

6086,42382

6086,42454

6086,40218

6086,41284

6086,41438

6086,42238

6086,43596

6086,41960

6086,41454

6086,41906

6086,41362

6086,40358

6086,40100

6086,41632

6086,41178

6086,41626

6086,42072

6086,42918

6086,42204

6087,42152

6087,41820

6087,41818

6087,41980

6087,41750

6087,42346

6087,40422

6087,42500

6087,42984

6087,43712

6087,42980

6087,42024

6087,42446

6087,43298

6087,42994

6087,42434

6087,42098

6087,42420

6087,43698

6087,44462

6087,42078

6087,42276

6087,43770

6087,43268

6087,43644

6087,42454

6087,42952

6087,43468

6087,42750

6087,42552

6087,43212

6087,44202

6087,43038

6087,42350

6087,43672

6087,44010

6087,44986

6087,44346

6087,43680

6087,44892

6087,43180

6087,44066

6087,44082

6087,45280

6087,46124

6087,44724

6087,44338

6087,44760

6087,46660

6087,45196

6087,45970

6087,46454

6087,46590

6087,46974

6087,46324

6087,47576

6087,47418

6087,48488

6087,47824

6087,47460

6087,48150

6087,49140

6087,49006

6087,48530

6087,50296

6088,48234

6088,48220

6088,49764

6088,47966

6088,50554

6088,49928

6088,50072

6088,49664

6094,50780

6094,49472

6094,50144

6094,50526

6094,49640

6094,49558

6094,48928

6094,50708

6094,51588

6094,51228

6094,49846

6094,51180

6094,51766

6094,51374

6094,54176

6094,53596

6094,53100

6094,54202

6094,54460

6094,54624

6094,56004

6094,55478

6094,57234

6094,55354

6094,56038

6094,56616

6094,56410

6094,56110

6094,56380

6094,55712

6094,56162

6094,56162

6094,56536

6094,57754

6094,56548

6094,56712

6094,58224

6094,57616

6094,59554

6094,59420

6094,58510

6094,59986

6094,59470

6094,59378

6094,60432

6094,61368

6094,60272

6094,59702

6094,58732

6094,60168

6094,59918

6094,60992

6094,60524

6094,62868

6094,61390

6095,63482

6095,62222

6095,60348

6095,61764

6095,61654

6095,63514

6095,63584

6095,62726

6095,64174

6095,63934

6095,63826

6095,64462

6095,66304

6095,64100

6095,65272

6095,65494

6095,63788

6095,64020

6095,63936

6095,64828

6095,65346

6095,66214

6095,65590

6095,64230

6095,65264

6095,66368

6095,64184

6095,66246

6095,65654

6095,64186

6095,65926

6095,63956

6095,64100

6095,64090

6095,63814

6095,64850

6095,64642

6095,65060

6095,65162

6095,64376

6095,66930

6095,63992

6095,63602

6095,65934

6095,64918

6095,64752

6095,64156

6095,65684

6095,64950

6095,64456

6095,65118

6095,63996

6095,64782

6095,64144

6095,64844

6095,64746

6095,66214

6095,65916

6095,66818

6095,64738

6095,65390

6095,65310

6095,65514

6095,65558

6095,65242

6096,65006

6096,64902

6096,65200

6096,64624

6096,64222

6096,64224

6096,64056

6096,63174

6102,63854

6102,62414

6102,63638

6102,63132

6102,63986

6102,63396

6102,61992

6102,63082

6102,61142

6102,62076

6102,62364

6102,62902

6102,62710

6102,63918

6102,62124

6102,61798

6102,63010

6102,61726

6102,63058

6102,62654

6102,60776

6102,60126

6102,61290

6102,61210

6102,61536

6102,62396

6102,60716

6102,60468

6102,62448

6102,61170

6102,61362

6102,60514

6102,61348

6102,62684

6102,62454

6102,62532

6102,61296

6102,59416

6102,60556

6102,60440

6102,61904

6102,61916

6102,61896

6102,62242

6102,62542

6102,61772

6102,60602

6102,61298

6102,59130

6102,59582

6102,60886

6102,60642

6102,61358

6102,60640

6102,59576

6103,59818

6103,60920

6103,60132

6103,59376

6103,59136

6103,59844

6103,58584

6103,57976

6103,59482

6103,57320

6103,59586

6103,59902

6103,59668

6103,60840

6103,60020

6103,59836

6103,58764

6103,60766

6103,61176

6103,60600

6103,60872

6103,59130

6103,59350

6103,59892

6103,59434

6103,60746

6103,61616

6103,59552

6103,60298

6103,60080

6103,59216

6103,60092

6103,59828

6103,58976

6103,60508

6103,59674

6103,59536

6103,59346

6103,60730

6103,59596

6103,58756

6103,59796

6103,59684

6103,58334

6103,57702

6103,58230

6103,57468

6103,57116

6103,57652

6103,58784

6103,57600

6103,56850

6103,57900

6103,57522

6103,57940

6103,56488

6103,56054

6103,55832

6103,56522

6103,54354

6103,53790

6103,57296

6103,55522

6103,54510

6103,53976

6104,55898

6104,54472

6104,54356

6104,54172

6104,51586

6104,53806

6104,52680

6104,53150

6110,51802

6110,51378

6110,51712

6110,53300

6110,52486

6110,51004

6110,52074

6110,51866

6110,51446

6110,51388

6110,52160

6110,51464

6110,51756

6110,52486

6110,51538

6110,50576

6110,50506

6110,49920

6110,50496

6110,51384

6110,51822

6110,51116

6110,49892

6110,48738

6110,50498

6110,49236

6110,49614

6110,49986

6110,50412

6110,51258

6110,49842

6110,49598

6110,50266

6110,49746

6110,47732

6110,47858

6110,47944

6110,47798

6110,49370

6110,48166

6110,48796

6110,49098

6110,49326

6110,48080

6110,47626

6110,46988

6110,48192

6110,49102

6110,48020

6110,47696

6110,47434

6110,47738

6110,46120

6110,46794

6110,46890

6111,46694

6111,46994

6111,46500

6111,46898

6111,46892

6111,44470

6111,46488

6111,48882

6111,48748

6111,46028

6111,46980

6111,46572

6111,48236

6111,48058

6111,48346

6111,47828

6111,47642

6111,47634

6111,47984

6111,47058

6111,47144

6111,47930

6111,48272

6111,48990

6111,49166

6111,49404

6111,49446

6111,50010

6111,50750

6111,50000

6111,48720

6111,49720

6111,49026

6111,51222

6111,50474

6111,49508

6111,51138

6111,49882

6111,50076

6111,48844

6111,49802

6111,48494

6111,48274

6111,49056

6111,50426

6111,50564

6111,49092

6111,50242

6111,50478

6111,48914

6111,47944

6111,49204

6111,49612

6111,48592

6111,47898

6111,47368

6111,47966

6111,47080

6111,47592

6111,48130

6111,47544

6111,47932

6111,45672

6111,46084

6111,47044

6112,46938

6112,46148

6112,47222

6112,46776

6112,46610

6112,45744

6112,45758

6112,45508

6118,44696

6118,45352

6118,44342

6118,44988

6118,45492

6118,44374

6118,44356

6118,44146

6118,42986

6118,42682

6118,43304

6118,42026

6118,42924

6118,42188

6118,41544

6118,41562

6118,40110

6118,40682

6118,40186

6118,39480

6118,39310

6118,38772

6118,37526

6118,37858

6118,36640

6118,36778

6118,35668

6118,35266

6118,37170

6118,35242

6118,34258

6118,35298

6118,35814

6118,34634

6118,33200

6118,32722

6118,32826

6118,32602

6118,31140

6118,30452

6118,30840

6118,30682

6118,30994

6118,30660

6118,27796

6118,29188

6118,28924

6118,28178

6118,28306

6118,25326

6118,27248

6118,26016

6118,26014

6118,26382

6118,26668

6119,25930

6119,26180

6119,25374

6119,26008

6119,25716

6119,25090

6119,25684

6119,26342

6119,23768

6119,24412

6119,23096

6119,23456

6119,20950

6119,22220

6119,22256

6119,22598

6119,21704

6119,22972

6119,21658

6119,20538

6119,20018

6119,19526

6119,20512

6119,19430

6119,20110

6119,20052

6119,18330

6119,18978

6119,18644

6119,18416

6119,16406

6119,16840

6119,16294

6119,16370

6119,16468

6119,15320

6119,16396

6119,15464

6119,14260

6119,15048

6119,15212

6119,13870

6119,13252

6119,13736

6119,12592

6119,12802

6119,11310

6119,10454

6119,11634

6119,10816

6119,10424

6119,10182

6119,11544

6119,10510

6119,8580

6119,10828

6119,9684

6119,9062

6119,8622

6119,9254

6119,8372

6119,9200

6119,8676

6119,6332

6119,7036

6120,7576

6120,7452

6120,6912

6120,6936

6120,7256

6120,6068

6120,6022

6120,5394

6126,4938

6126,5064

6126,3118

6126,2370

6126,4052

6126,1734

6126,2050

6126,2718

6126,3386

6126,2504

6126,2240

6126,3180

6126,2636

6126,1064

6126,952

6126,1440

6126,2194

6126,756

6126,2258

6126,390

6126,932

6126,1740

6126,220

6126,382

6126,776

6126,1368

6126,-694

6126,-416

6126,1108

6126,654

6126,-788

6126,-1636

6126,-1574

6126,-2850

6126,-2504

6126,-2722

6126,-1256

6126,-986

6126,-420

6126,-676

6126,72

6126,-852

6126,-1176

6126,-292

6126,-1914

6126,-1162

6126,-364

6126,-1350

6126,-1840

6126,-2092

6126,-3136

6126,-2306

6126,-3872

6126,-4612

6126,-3674

6127,-3518

6127,-2880

6127,-2750

6127,-3022

6127,-3274

6127,-3986

6127,-4588

6127,-5338

6127,-3788

6127,-4204

6127,-4912

6127,-4268

6127,-6038

6127,-5262

6127,-5242

6127,-3992

6127,-3596

6127,-4702

6127,-4510

6127,-3466

6127,-4258

6127,-3972

6127,-4480

6127,-4916

6127,-5380

6127,-4094

6127,-5246

6127,-2974

6127,-3264

6127,-5406

6127,-4224

6127,-3934

6127,-5464

6127,-4028

6127,-4458

6127,-5758

6127,-4456

6127,-5192

6127,-4880

6127,-5182

6127,-6076

6127,-5896

6127,-6754

6127,-6166

6127,-6290

6127,-5384

6127,-5126

6127,-6572

6127,-5668

6127,-6038

6127,-6392

6127,-5558

6127,-6262

6127,-5860

6127,-6298

6127,-7790

6127,-5712

6127,-6668

6127,-6558

6127,-6564

6127,-6062

6127,-6698

6127,-6104

6127,-5254

6127,-5920

6128,-5048

6128,-5914

6128,-5646

6128,-5440

6128,-6844

6128,-6724

6128,-5606

6128,-4962

6134,-6562

6134,-6278

6134,-5708

6134,-6370

6134,-5932

6134,-7746

6134,-6942

6134,-6866

6134,-8454

6134,-8324

6134,-6382

6134,-7474

6134,-8264

6134,-7452

6134,-7482

6134,-6500

6134,-6882

6134,-8490

6134,-7986

6134,-7696

6134,-7368

6134,-6680

6134,-7526

6134,-7922

6134,-7116

6134,-7148

6134,-7306

6134,-6842

6134,-6840

6134,-6588

6134,-7418

6134,-5820

6134,-5364

6134,-6312

6134,-7702

6134,-6244

6134,-6724

6134,-7864

6134,-5610

6134,-6728

6134,-6336

6134,-6918

6134,-6054

6134,-5742

6134,-7054

6134,-7084

6134,-6666

6134,-7154

6134,-6584

6134,-8148

6134,-6574

6134,-6888

6134,-7070

6134,-6998

6134,-5894

6135,-5360

6135,-5278

6135,-6538

6135,-6880

6135,-6888

6135,-5722

6135,-4962

6135,-5506

6135,-4776

6135,-4834

6135,-5952

6135,-3884

6135,-4174

6135,-5162

6135,-5042

6135,-5374

6135,-6056

6135,-5724

6135,-5102

6135,-5620

6135,-4458

6135,-4972

6135,-4226

6135,-3878

6135,-5866

6135,-4468

6135,-4402

6135,-3624

6135,-3706

6135,-4866

6135,-4728

6135,-4878

6135,-7440

6135,-6346

6135,-7242

6135,-6954

6135,-6248

6135,-5582

6135,-6324

6135,-6258

6135,-5506

6135,-5192

6135,-6360

6135,-7106

6135,-5934

6135,-6284

6135,-5664

6135,-5668

6135,-8004

6135,-6870

6135,-7274

6135,-8294

6135,-6700

6135,-8052

6135,-8536

6135,-7874

6135,-8674

6135,-7636

6135,-8596

6135,-7254

6135,-9020

6135,-9112

6135,-7742

6135,-8300

6135,-8158

6136,-7276

6136,-7626

6136,-8812

6136,-7714

6136,-8138

6136,-8012

6136,-6570

6136,-7364

6142,-7266

6142,-8490

6142,-7998

6142,-7110

6142,-6494

6142,-5524

6142,-7012

6142,-6388

6142,-6426

6142,-7726

6142,-6912

6142,-7220

6142,-7010

6142,-5606

6142,-6958

6142,-6086

6142,-6160

6142,-5252

6142,-6036

6142,-6518

6142,-6700

6142,-7416

6142,-5268

6142,-5760

6142,-5214

6142,-6666

6142,-5232

6142,-5436

6142,-3968

6142,-5082

6142,-4302

6142,-3464

6142,-4672

6142,-3838

6142,-4332

6142,-3880

6142,-5342

6142,-4736

6142,-3136

6142,-3806

6142,-4564

6142,-3732

6142,-3818

6142,-3996

6142,-2402

6142,-2354

6142,-2192

6142,-2288

6142,-1772

6142,-2560

6142,-3144

6142,-1216

6142,-1726

6142,-856

6142,-514

6143,-18

6143,-464

6143,-366

6143,576

6143,1178

6143,1768

6143,740

6143,1260

6143,1542

6143,2322

6143,2874

6143,2464

6143,2236

6143,3238

6143,3350

6143,2960

6143,5626

6143,4996

6143,4062

6143,5088

6143,4802

6143,6978

6143,6576

6143,7228

6143,5726

6143,6804

6143,7342

6143,8342

6143,9064

6143,9154

6143,9334

6143,10374

6143,9436

6143,9498

6143,9168

6143,9484

6143,9102

6143,9416

6143,8906

6143,11622

6143,11242

6143,12574

6143,11980

6143,11932

6143,12512

6143,11882

6143,14296

6143,13492

6143,13300

6143,14928

6143,13508

6143,14798

6143,15150

6143,15324

6143,14758

6143,15830

6143,16564

6143,16124

6143,15780

6143,16380

6143,17214

6143,15382

6143,15638

6143,16794

6143,19120

6144,18888

6144,18596

6144,19316

6144,19438

6144,19808

6144,18694

6144,19232

6144,20606

6150,19778

6150,20344

6150,20650

6150,19792

6150,21052

6150,21518

6150,20248

6150,21518

6150,21018

6150,21404

6150,22250

6150,20788

6150,20718

6150,22852

6150,22638

6150,23742

6150,22972

6150,24516

6150,24742

6150,23538

6150,22828

6150,23734

6150,24562

6150,24318

6150,24014

6150,23866

6150,24816

6150,25126

6150,26876

6150,26396

6150,27070

6150,25362

6150,26668

6150,24834

6150,26340

6150,25450

6150,25866

6150,26858

6150,26008

6150,27700

6150,28180

6150,26658

6150,26690

6150,27156

6150,27802

6150,27362

6150,26630

6150,27950

6150,26930

6150,27084

6150,27912

6150,28782

6150,27902

6150,28562

6150,28716

6151,30222

6151,31066

6151,30884

6151,30874

6151,31424

6151,31962

6151,30334

6151,29892

6151,30328

6151,29844

6151,30352

6151,29812

6151,31710

6151,32314

6151,32694

6151,32140

6151,33270

6151,32356

6151,34208

6151,34056

6151,32624

6151,32624

6151,33340

6151,34574

6151,35864

6151,35330

6151,36788

6151,36914

6151,37106

6151,38666

6151,39646

6151,39664

6151,38738

6151,37890

6151,39678

6151,39000

6151,41310

6151,40722

6151,41912

6151,41700

6151,42350

6151,42240

6151,43104

6151,42134

6151,41908

6151,42348

6151,44000

6151,43430

6151,43478

6151,44516

6151,43902

6151,46354

6151,44066

6151,44562

6151,44818

6151,46620

6151,44450

6151,45836

6151,46170

6151,45142

6151,46744

6151,46412

6151,47610

6151,46308

6151,46498

6152,47810

6152,47428

6152,47822

6152,48064

6152,48162

6152,49460

6152,49196

6152,47748

6158,48644

6158,48878

6158,49182

6158,50304

6158,49922

6158,50678

6158,49510

6158,50698

6158,51510

6158,51178

6158,51242

6158,50580

6158,50694

6158,52744

6158,52978

6158,51248

6158,52698

6158,52378

6158,52172

6158,52638

6158,53922

6158,53680

6158,52796

6158,52530

6158,54118

6158,52206

6158,51716

6158,52036

6158,53430

6158,52926

6158,53336

6158,53672

6158,53666

6158,53288

6158,53230

6158,52722

6158,52100

6158,52204

6158,51728

6158,52172

6158,53506

6158,52666

6158,52282

6158,51026

6158,53052

6158,53026

6158,53510

6158,53164

6158,53490

6158,54112

6158,53064

6158,53108

6158,53268

6158,53590

6158,54460

6159,53710

6159,53944

6159,54164

6159,55356

6159,54506

6159,55554

6159,55528

6159,54346

6159,54416

6159,54682

6159,55158

6159,55338

6159,55894

6159,54660

6159,56442

6159,55792

6159,55858

6159,54646

6159,56470

6159,55380

6159,56840

6159,56420

6159,56106

6159,55574

6159,55368

6159,56196

6159,55140

6159,54978

6159,55686

6159,56726

6159,56178

6159,55708

6159,55104

6159,54918

6159,57568

6159,56214

6159,58114

6159,57028

6159,56988

6159,58002

6159,57706

6159,57590

6159,57546

6159,58568

6159,58908

6159,58058

6159,58324

6159,58744

6159,57578

6159,59422

6159,58026

6159,58762

6159,59460

6159,57820

6159,58790

6159,59282

6159,60502

6159,60362

6159,59416

6159,61344

6159,61720

6159,60894

6159,60634

6159,61370

6159,62612

6160,63348

6160,62684

6160,61688

6160,61440

6160,62972

6160,64790

6160,64048

6160,63854

6166,62714

6166,63560

6166,65180

6166,66272

6166,65980

6166,65542

6166,65566

6166,66420

6166,65920

6166,66502

6166,66174

6166,67934

6166,66468

6166,65042

6166,66860

6166,65664

6166,65918

6166,65582

6166,69262

6166,68702

6166,68992

6166,67832

6166,67890

6166,67052

6166,65854

6166,68618

6166,69728

6166,67518

6166,66814

6166,68224

6166,67656

6166,70314

6166,66658

6166,66902

6166,68526

6166,67770

6166,67804

6166,67818

6166,68050

6166,67212

6166,67770

6166,68154

6166,68910

6166,68620

6166,69074

6166,70142

6166,69156

6166,67772

6166,68684

6166,68560

6166,68220

6166,68988

6166,70082

6166,69118

6166,69752

6167,69032

6167,69018

6167,70556

6167,70274

6167,70580

6167,70730

6167,71638

6167,71206

6167,70936

6167,70014

6167,69332

6167,70036

6167,70840

6167,70300

6167,70534

6167,70914

6167,69924

6167,70026

6167,70814

6167,69762

6167,70730

6167,69530

6167,70584

6167,69978

6167,68372

6167,68652

6167,67730

6167,68798

6167,68810

6167,69358

6167,68240

6167,68858

6167,69944

6167,68838

6167,70216

6167,68792

6167,68052

6167,68934

6167,68908

6167,67718

6167,69884

6167,67766

6167,70094

6167,69578

6167,69956

6167,69744

6167,68940

6167,70662

6167,70060

6167,70666

6167,69584

6167,71192

6167,71520

6167,70742

6167,71272

6167,71180

6167,69224

6167,68286

6167,70464

6167,69322

6167,69576

6167,70426

6167,70272

6167,69324

6167,71304

6168,71580

6168,69926

6168,70468

6168,69872

6168,70692

6168,70132

6168,70598

6168,68456

6174,69926

6174,70932

6174,69912

6174,69586

6174,69900

6174,68598

6174,69648

6174,69074

6174,69326

6174,69404

6174,69422

6174,69384

6174,69040

6174,68608

6174,67930

6174,69096

6174,67690

6174,68472

6174,67044

6174,67596

6174,66282

6174,67408

6174,68564

6174,67982

6174,68900

6174,66082

6174,68320

6174,68168

6174,69038

6174,69130

6174,67606

6174,68600

6174,69938

6174,68606

6174,68372

6174,69214

6174,67392

6174,69048

6174,69204

6174,70224

6174,69634

6174,69798

6174,68988

6174,69488

6174,71326

6174,70360

6174,72094

6174,71790

6174,71132

6174,71930

6174,71690

6174,72550

6174,72748

6174,73004

6174,74422

6175,74056

6175,73084

6175,73536

6175,73942

6175,73198

6175,73960

6175,74486

6175,73894

6175,75216

6175,74440

6175,73638

6175,73446

6175,73222

6175,73606

6175,72776

6175,72354

6175,73262

6175,71290

6175,73040

6175,72202

6175,72232

6175,71634

6175,71318

6175,72766

6175,71820

6175,73330

6175,72216

6175,72060

6175,73736

6175,73768

6175,70482

6175,71646

6175,71724

6175,70676

6175,71850

6175,71102

6175,69528

6175,70696

6175,71756

6175,70228

6175,72382

6175,71268

6175,71216

6175,71194

6175,69340

6175,71026

6175,69578

6175,68876

6175,69132

6175,70716

6175,69400

6175,69082

6175,69960

6175,68986

6175,68976

6175,70342

6175,68632

6175,68962

6175,68326

6175,67786

6175,68514

6175,68786

6175,68108

6175,68254

6175,68666

6176,67156

6176,67894

6176,65870

6176,66444

6176,66488

6176,66410

6176,65276

6176,65914

6182,65032

6182,63550

6182,63862

6182,62778

6182,62186

6182,61270

6182,61288

6182,63362

6182,61968

6182,60654

6182,60670

6182,60738

6182,59694

6182,59410

6182,58950

6182,58394

6182,58950

6182,56602

6182,56232

6182,56362

6182,57080

6182,55808

6182,57224

6182,55592

6182,56372

6182,55906

6182,54232

6182,53218

6182,53886

6182,53246

6182,53350

6182,53052

6182,51422

6182,52242

6182,51898

6182,52374

6182,53870

6182,52936

6182,53908

6182,52472

6182,52180

6182,53030

6182,52284

6182,51574

6182,52646

6182,52060

6182,51736

6182,50236

6182,51038

6182,48930

6182,50144

6182,49704

6182,49960

6182,50548

6182,49792

6183,48754

6183,49400

6183,48946

6183,49480

6183,49570

6183,47800

6183,47094

6183,47844

6183,46654

6183,45134

6183,46644

6183,48684

6183,47808

6183,46070

6183,46524

6183,46154

6183,45696

6183,44362

6183,44756

6183,44750

6183,44960

6183,44576

6183,44188

6183,44984

6183,44826

6183,44384

6183,43728

6183,44626

6183,43490

6183,42958

6183,43326

6183,42406

6183,42540

6183,41106

6183,41458

6183,41634

6183,43530

6183,43424

6183,42714

6183,43600

6183,42374

6183,41550

6183,43578

6183,43312

6183,43330

6183,44264

6183,41516

6183,42248

6183,42444

6183,41742

6183,42388

6183,42454

6183,41966

6183,41024

6183,41470

6183,41872

6183,41150

6183,39400

6183,39770

6183,39854

6183,39038

6183,40048

6183,39360

6183,38614

6183,39952

6184,38330

6184,38168

6184,37958

6184,37104

6184,38256

6184,38674

6184,36496

6184,36380

6190,36902

6190,37190

6190,37186

6190,36444

6190,38100

6190,35102

6190,35070

6190,34916

6190,35252

6190,34666

6190,35742

6190,35568

6190,36168

6190,37778

6190,34622

6190,36760

6190,33930

6190,33438

6190,34482

6190,33264

6190,33942

6190,34926

6190,34370

6190,34526

6190,35804

6190,34126

6190,35652

6190,35214

6190,34420

6190,34458

6190,35048

6190,34430

6190,32818

6190,34210

6190,32480

6190,33486

6190,31700

6190,32252

6190,33010

6190,29800

6190,30536

6190,29536

6190,29136

6190,30366

6190,29910

6190,30862

6190,30270

6190,29890

6190,30128

6190,28674

6190,29708

6190,27590

6190,28462

6190,27968

6190,28580

6191,28462

6191,28220

6191,25806

6191,26952

6191,26776

6191,25734

6191,24936

6191,26536

6191,27178

6191,27128

6191,26394

6191,25476

6191,26036

6191,25828

6191,25844

6191,24974

6191,25086

6191,25252

6191,25270

6191,25274

6191,26428

6191,26178

6191,25824

6191,24662

6191,25724

6191,24898

6191,25214

6191,26136

6191,25468

6191,26142

6191,26136

6191,26170

6191,26972

6191,26062

6191,25842

6191,26142

6191,26808

6191,25056

6191,26070

6191,25898

6191,25970

6191,23680

6191,25346

6191,25222

6191,26380

6191,24658

6191,25376

6191,24868

6191,23936

6191,23832

6191,25036

6191,26562

6191,24818

6191,25000

6191,23998

6191,23052

6191,24114

6191,22954

6191,22384

6191,23312

6191,23574

6191,22836

6191,22172

6191,21984

6191,21506

6192,22672

6192,23944

6192,21960

6192,23198

6192,22640

6192,23454

6192,22316

6192,24494

6198,23054

6198,25562

6198,25130

6198,24640

6198,24814

6198,25154

6198,25264

6198,23576

6198,24702

6198,25462

6198,25656

6198,25256

6198,25522

6198,23298

6198,24312

6198,24740

6198,22676

6198,23102

6198,23204

6198,23660

6198,23330

6198,22964

6198,23726

6198,23718

6198,25310

6198,23310

6198,24554

6198,24142

6198,23782

6198,24962

6198,24246

6198,23700

6198,25074

6198,25428

6198,24784

6198,25854

6198,25710

6198,24960

6198,24140

6198,23016

6198,23996

6198,23988

6198,24218

6198,26028

6198,22782

6198,24110

6198,22940

6198,23588

6198,22840

6198,21042

6198,23420

6198,22682

6198,21132

6198,22336

6198,24026

6199,23622

6199,23464

6199,23250

6199,23594

6199,23974

6199,22502

6199,23438

6199,23112

6199,23852

6199,23190

6199,22130

6199,23046

6199,22032

6199,23030

6199,23450

6199,23340

6199,22010

6199,21076

6199,22970

6199,22102

6199,23332

6199,22902

6199,23240

6199,24174

6199,24484

6199,21932

6199,23084

6199,23392

6199,24044

6199,24516

6199,20452

6199,24126

6199,23488

6199,23130

6199,22942

6199,23290

6199,24594

6199,23118

6199,23320

6199,24066

6199,21938

6199,22560

6199,23032

6199,23656

6199,23536

6199,23566

6199,24632

6199,23652

6199,24018

6199,23894

6199,23538

6199,24196

6199,24262

6199,23334

6199,24394

6199,24944

6199,24680

6199,23810

6199,23812

6199,23314

6199,24526

6199,24214

6199,26000

6199,25192

6199,24364

6200,23886

6200,24692

6200,25354

6200,26898

6200,25428

6200,25998

6200,26784

6200,26622

6206,26312

6206,27172

6206,26458

6206,27736

6206,27752

6206,27534

6206,26822

6206,28710

6206,28670

6206,29418

6206,28296

6206,29802

6206,30014

6206,29276

6206,29176

6206,29236

6206,30390

6206,29956

6206,31242

6206,31212

6206,30248

6206,32152

6206,30570

6206,32194

6206,32608

6206,32642

6206,32316

6206,32232

6206,32782

6206,33626

6206,32120

6206,33144

6206,34330

6206,33390

6206,34876

6206,33652

6206,32452

6206,33934

6206,32976

6206,33796

6206,33950

6206,34950

6206,33744

6206,34580

6206,34782

6206,32618

6206,33178

6206,33774

6206,34292

6206,33444

6206,34340

6206,34812

6206,35620

6206,35518

6206,35052

6207,34492

6207,36074

6207,34870

6207,34510

6207,35478

6207,36062

6207,36356

6207,36292

6207,37204

6207,35980

6207,36504

6207,37146

6207,37072

6207,37252

6207,37738

6207,36526

6207,35912

6207,36466

6207,37192

6207,35660

6207,35992

6207,37296

6207,38370

6207,38510

6207,38550

6207,36712

6207,36616

6207,37894

6207,37866

6207,39462

6207,43360

6207,41138

6207,37652

6207,37704

6207,38540

6207,39546

6207,39310

6207,38752

6207,35766

6207,32806

6207,31182

6207,32576

6207,36610

6207,37046

6207,35452

6207,32528

6207,31396

6207,32462

6207,36666

6207,43002

6207,47574

6207,49098

6207,48812

6207,50850

6207,50984

6207,48400

6207,42808

6207,37426

6207,31808

6207,30756

6207,32030

6207,30184

6207,28824

6207,25186

6207,25364

6208,27828

6208,31460

6208,36630

6208,37338

6208,35950

6208,35732

6208,36508

6208,38776

6214,42500

6214,42016

6214,37434

6214,32276

6214,29594

6214,27960

6214,26546

6214,30144

6214,33490

6214,39410

6214,42350

6214,40888

6214,39266

6214,38390

6214,40324

6214,42526

6214,43524

6214,42518

6214,43026

6214,40792

6214,38552

6214,41794

6214,44506

6214,42284

6214,39222

6214,38830

6214,42316

6214,45960

6214,47198

6214,48024

6214,50702

6214,48878

6214,44490

6214,42542

6214,43700

6214,42336

6214,42898

6214,43514

6214,43428

6214,43716

6214,45542

6214,46434

6214,46102

6214,44810

6214,43474

6214,41720

6214,40308

6214,41710

6214,44186

6214,46586

6214,42578

6214,41566

6214,41754

6214,43180

6214,41706

6215,39822

6215,40756

6215,37150

6215,36920

6215,33790

6215,33260

6215,34818

6215,36696

6215,38026

6215,37534

6215,39320

6215,39052

6215,38288

6215,39068

6215,36844

6215,37010

6215,36342

6215,35786

6215,37672

6215,40602

6215,39726

6215,41428

6215,42294

6215,42198

6215,45020

6215,45196

6215,43774

6215,42596

6215,44262

6215,44152

6215,45810

6215,46498

6215,48134

6215,51284

6215,54506

6215,56384

6215,55250

6215,56866

6215,53238

6215,48516

6215,45476

6215,47606

6215,47174

6215,43890

6215,40668

6215,39424

6215,41604

6215,41476

6215,39880

6215,35938

6215,35924

6215,34982

6215,31602

6215,29830

6215,27856

6215,32768

6215,33298

6215,34260

6215,37902

6215,40264

6215,41398

6215,41124

6215,42744

6215,47974

6215,49016

6216,46066

6216,45264

6216,46918

6216,49222

6216,50742

6216,50820

6216,52116

6216,54432

6222,55356

6222,56006

6222,54476

6222,51742

6222,53312

6222,52256

6222,52122

6222,51566

6222,52398

6222,57312

6222,59804

6222,61278

6222,61102

6222,60844

6222,59628

6222,59716

6222,57336

6222,56410

6222,56412

6222,55586

6222,56410

6222,57678

6222,58826

6222,58926

6222,59252

6222,57446

6222,57620

6222,55864

6222,54568

6222,55862

6222,57350

6222,61432

6222,63548

6222,64376

6222,65758

6222,66094

6222,66380

6222,63752

6222,59224

6222,53922

6222,50566

6222,48864

6222,50780

6222,53076

6222,53184

6222,53608

6222,54380

6222,53096

6222,52974

6222,52010

6222,52108

6222,54210

6222,52736

6222,52608

6222,54712

6223,55898

6223,58768

6223,59828

6223,56984

6223,55432

6223,52478

6223,49204

6223,48602

6223,49686

6223,51316

6223,52024

6223,53362

6223,53718

6223,55426

6223,55790

6223,57362

6223,57138

6223,55876

6223,54094

6223,52392

6223,51050

6223,52308

6223,50736

6223,50688

6223,48670

6223,46802

6223,49382

6223,49732

6223,52882

6223,52700

6223,52132

6223,52960

6223,53934

6223,55386

6223,57488

6223,57994

6223,56916

6223,58970

6223,61362

6223,63234

6223,62508

6223,63536

6223,62682

6223,61546

6223,61494

6223,60608

6223,57880

6223,57356

6223,53962

6223,53852

6223,51848

6223,52922

6223,52004

6223,49854

6223,51622

6223,49766

6223,51496

6223,50592

6223,49504

6223,49490

6223,47018

6223,48160

6223,46810

6223,48146

6223,47422

6224,44918

6224,42020

6224,42536

6224,44672

6224,44812

6224,46206

6224,45678

6224,46094

6230,49112

6230,50898

6230,49828

6230,48352

6230,47100

6230,46364

6230,49536

6230,49736

6230,49996

6230,50146

6230,50494

6230,51276

6230,52366

6230,55446

6230,58008

6230,58372

6230,58446

6230,59308

6230,58900

6230,56540

6230,56766

6230,56666

6230,58328

6230,56936

6230,54290

6230,52644

6230,50984

6230,52962

6230,52068

6230,51402

6230,49882

6230,50512

6230,51650

6230,51714

6230,50586

6230,48600

6230,48234

6230,45718

6230,45510

6230,43844

6230,43006

6230,42680

6230,43008

6230,42502

6230,43890

6230,42122

6230,38488

6230,37812

6230,37092

6230,36868

6230,35790

6230,37754

6230,37698

6230,39406

6230,37890

6231,37468

6231,38702

6231,36096

6231,36080

6231,35544

6231,35682

6231,35756

6231,36140

6231,36344

6231,38760

6231,37582

6231,36204

6231,35720

6231,33672

6231,33020

6231,31300

6231,33076

6231,32008

6231,31088

6231,31176

6231,32746

6231,31982

6231,33218

6231,35878

6231,37108

6231,36144

6231,35292

6231,36438

6231,36682

6231,34972

6231,35304

6231,36256

6231,36180

6231,38182

6231,37588

6231,39296

6231,38866

6231,38806

6231,40242

6231,40044

6231,39748

6231,38142

6231,37126

6231,35524

6231,33528

6231,32350

6231,30778

6231,31000

6231,31860

6231,33706

6231,34096

6231,36186

6231,36936

6231,34138

6231,34062

6231,34286

6231,31818

6231,30990

6231,30016

6231,31068

6231,31980

6231,32400

6231,31792

6231,31390

6231,29504

6232,27000

6232,24748

6232,24344

6232,25182

6232,21450

6232,20924

6232,22028

6232,21584

6238,22942

6238,25294

6238,23426

6238,26094

6238,22956

6238,22074

6238,21482

6238,22418

6238,23720

6238,23816

6238,26934

6238,27876

6238,28214

6238,30176

6238,31228

6238,31718

6238,31926

6238,30534

6238,28832

6238,27886

6238,28240

6238,29014

6238,30844

6238,32128

6238,30538

6238,30714

6238,32222

6238,31792

6238,31292

6238,29106

6238,28904

6238,29420

6238,27942

6238,27430

6238,27476

6238,27584

6238,26200

6238,27624

6238,28510

6238,27158

6238,26252

6238,28072

6238,28036

6238,28052

6238,27756

6238,27214

6238,27046

6238,26628

6238,26018

6238,25946

6238,25456

6238,22900

6238,21348

6238,19976

6238,20148

6239,19852

6239,19340

6239,19482

6239,18170

6239,19326

6239,18546

6239,17726

6239,19118

6239,19526

6239,17832

6239,19106

6239,19972

6239,20300

6239,21706

6239,23644

6239,26028

6239,25716

6239,27182

6239,27452

6239,26566

6239,26658

6239,26804

6239,25448

6239,23404

6239,23946

6239,23680

6239,22928

6239,25068

6239,23304

6239,24276

6239,25894

6239,24768

6239,24498

6239,26366

6239,26796

6239,24844

6239,23360

6239,23324

6239,24282

6239,24228

6239,24424

6239,24080

6239,27908

6239,27482

6239,28596

6239,30202

6239,29928

6239,31242

6239,29418

6239,30140

6239,28840

6239,29302

6239,29324

6239,27612

6239,27908

6239,28610

6239,29092

6239,28938

6239,29500

6239,29692

6239,30404

6239,31076

6239,30834

6239,29744

6239,29070

6240,28016

6240,27480

6240,30252

6240,28252

6240,27138

6240,28604

6240,29272

6240,29876

6246,30534

6246,31254

6246,30558

6246,28308

6246,26408

6246,25458

6246,25666

6246,27462

6246,27884

6246,28826

6246,30896

6246,30548

6246,31128

6246,32128

6246,32528

6246,33274

6246,32720

6246,34036

6246,32110

6246,33244

6246,34708

6246,33234

6246,33552

6246,33334

6246,31700

6246,31910

6246,30358

6246,30720

6246,31254

6246,30992

6246,31054

6246,31764

6246,34176

6246,33520

6246,33840

6246,35072

6246,33716

6246,33376

6246,32874

6246,31836

6246,33092

6246,33824

6246,34052

6246,32458

6246,31810

6246,29926

6246,30280

6246,30066

6246,30612

6246,31922

6246,30808

6246,32054

6246,33228

6246,31762

6246,30968

6247,30082

6247,31828

6247,30200

6247,28488

6247,27782

6247,28858

6247,31566

6247,30878

6247,33002

6247,32434

6247,34736

6247,34654

6247,35494

6247,34884

6247,32534

6247,32202

6247,30358

6247,33150

6247,30876

6247,30904

6247,32836

6247,35130

6247,35882

6247,36154

6247,35808

6247,36032

6247,37974

6247,37968

6247,37316

6247,37918

6247,38536

6247,39720

6247,39590

6247,39644

6247,38142

6247,38930

6247,39898

6247,38840

6247,40530

6247,40792

6247,42378

6247,40250

6247,40488

6247,39234

6247,38142

6247,38250

6247,37360

6247,35562

6247,35944

6247,37006

6247,37650

6247,38416

6247,37272

6247,38492

6247,36944

6247,35774

6247,34702

6247,36456

6247,36398

6247,34646

6247,34638

6247,35054

6247,36162

6247,35526

6247,34960

6248,34558

6248,33760

6248,32194

6248,30600

6248,30510

6248,29162

6248,30342

6248,31602

6254,33366

6254,33770

6254,32704

6254,33274

6254,31586

6254,30642

6254,31120

6254,27898

6254,29302

6254,29138

6254,28976

6254,31026

6254,31664

6254,30928

6254,27322

6254,28180

6254,27468

6254,26862

6254,27168

6254,26232

6254,25216

6254,26066

6254,25690

6254,25740

6254,26554

6254,27498

6254,27332

6254,28150

6254,27258

6254,27950

6254,27054

6254,28164

6254,29128

6254,28778

6254,28890

6254,29772

6254,27668

6254,27286

6254,28548

6254,30280

6254,28914

6254,30808

6254,31762

6254,33926

6254,35544

6254,36432

6254,37548

6254,34906

6254,34064

6254,34808

6254,34352

6254,34854

6254,36766

6254,37930

6254,39270

6255,39298

6255,39832

6255,41180

6255,40812

6255,41486

6255,38936

6255,37276

6255,36538

6255,37298

6255,38554

6255,38714

6255,39048

6255,39608

6255,40554

6255,39716

6255,38886

6255,37336

6255,36626

6255,38244

6255,36718

6255,36420

6255,37832

6255,39912

6255,38388

6255,35882

6255,36854

6255,36326

6255,36004

6255,35678

6255,34566

6255,34588

6255,35534

6255,35196

6255,34322

6255,37404

6255,38382

6255,35644

6255,34376

6255,33146

6255,31314

6255,31754

6255,31056

6255,30598

6255,31070

6255,33198

6255,33814

6255,35290

6255,36728

6255,37464

6255,35744

6255,35228

6255,35008

6255,33120

6255,33252

6255,34144

6255,35862

6255,35498

6255,36550

6255,36220

6255,35582

6255,35282

6255,34754

6255,34858

6255,37226

6255,39460

6256,42196

6256,40974

6256,42588

6256,43844

6256,44114

6256,42858

6256,40870

6256,42302

6262,42568

6262,41710

6262,43122

6262,44258

6262,44688

6262,44998

6262,44942

6262,44988

6262,43478

6262,42064

6262,40934

6262,40688

6262,39082

6262,37800

6262,38680

6262,39748

6262,40366

6262,41340

6262,42730

6262,42568

6262,41520

6262,39916

6262,39316

6262,39044

6262,39288

6262,38170

6262,39358

6262,40454

6262,41248

6262,41358

6262,41244

6262,41910

6262,42350

6262,41402

6262,40346

6262,42180

6262,42994

6262,43002

6262,43066

6262,43794

6262,42860

6262,42390

6262,42978

6262,42618

6262,44530

6262,46904

6262,45134

6262,45542

6262,46222

6262,47064

6262,45750

6262,45704

6262,47618

6262,46766

6262,45408

6263,45980

6263,48226

6263,47332

6263,48314

6263,47228

6263,46066

6263,47502

6263,46066

6263,46264

6263,45048

6263,44698

6263,44354

6263,44300

6263,43052

6263,44098

6263,43300

6263,43104

6263,42356

6263,39676

6263,41154

6263,42014

6263,43110

6263,43022

6263,42664

6263,43638

6263,44224

6263,43136

6263,43546

6263,44280

6263,44604

6263,44574

6263,43884

6263,43414

6263,41830

6263,43190

6263,42460

6263,43110

6263,43432

6263,43704

6263,43452

6263,44464

6263,44916

6263,45170

6263,44450

6263,43678

6263,43498

6263,43348

6263,43220

6263,44174

6263,43770

6263,44558

6263,43628

6263,43374

6263,43610

6263,45848

6263,44974

6263,43964

6263,45114

6263,44624

6263,43036

6263,41480

6263,42372

6263,41140

6263,42240

6263,42680

6264,41424

6264,41696

6264,42062

6264,42606

6264,41256

6264,43064

6264,42912

6264,42934

6270,41888

6270,43220

6270,42892

6270,42060

6270,42892

6270,42340

6270,42366

6270,42032

6270,41792

6270,42986

6270,42488

6270,42252

6270,43030

6270,43094

6270,42110

6270,41924

6270,40790

6270,40352

6270,40760

6270,41608

6270,41268

6270,42226

6270,41816

6270,41400

6270,41502

6270,41820

6270,38872

6270,40006

6270,41172

6270,40222

6270,40450

6270,40710

6270,40748

6270,40210

6270,42206

6270,41474

6270,41716

6270,41178

6270,41652

6270,43426

6270,45854

6270,46294

6270,46628

6270,48008

6270,47326

6270,47266

6270,46032

6270,46510

6270,46122

6270,47088

6270,46974

6270,46944

6270,48476

6270,48384

6270,50788

6271,50016

6271,50356

6271,48576

6271,49206

6271,49362

6271,48526

6271,49766

6271,51112

6271,51222

6271,51146

6271,51220

6271,51554

6271,50642

6271,50838

6271,50928

6271,48474

6271,48624

6271,48328

6271,48680

6271,47732

6271,48756

6271,48432

6271,49086

6271,49196

6271,49206

6271,49842

6271,49854

6271,48744

6271,48830

6271,48786

6271,48294

6271,48998

6271,48436

6271,48280

6271,47342

6271,46990

6271,47460

6271,47086

6271,45576

6271,46442

6271,46616

6271,45290

6271,45616

6271,45126

6271,44432

6271,43804

6271,43030

6271,43906

6271,42734

6271,42918

6271,42818

6271,44810

6271,43264

6271,43126

6271,42668

6271,41302

6271,42352

6271,43938

6271,41972

6271,43518

6271,42600

6271,43134

6271,45228

6271,47352

6271,47534

6272,47968

6272,48608

6272,48856

6272,47636

6272,47454

6272,46412

6272,45458

6272,47736

6278,47382

6278,47308

6278,46478

6278,47532

6278,48098

6278,48318

6278,48378

6278,46762

6278,47684

6278,48040

6278,47210

6278,49146

6278,49560

6278,50186

6278,50386

6278,50076

6278,48218

6278,49092

6278,48544

6278,48484

6278,48094

6278,47726

6278,48334

6278,47298

6278,50510

6278,47168

6278,46074

6278,45406

6278,44024

6278,43948

6278,44416

6278,45278

6278,46364

6278,45866

6278,44978

6278,44616

6278,43358

6278,43268

6278,44568

6278,44928

6278,45044

6278,45480

6278,44210

6278,44974

6278,45528

6278,46534

6278,46148

6278,46114

6278,44416

6278,44496

6278,44708

6278,44228

6278,43822

6278,45478

6278,44416

6279,45616

6279,44474

6279,42998

6279,43334

6279,43656

6279,43148

6279,43154

6279,44704

6279,43698

6279,43896

6279,43444

6279,42380

6279,41584

6279,41518

6279,41772

6279,41558

6279,40184

6279,40036

6279,39904

6279,37318

6279,38630

6279,38862

6279,39030

6279,38598

6279,38112

6279,38820

6279,39580

6279,38656

6279,40242

6279,38814

6279,38474

6279,38274

6279,40080

6279,38714

6279,39752

6279,39732

6279,40044

6279,40092

6279,39252

6279,39752

6279,39282

6279,36988

6279,37328

6279,37536

6279,35750

6279,35834

6279,36292

6279,36950

6279,35690

6279,35876

6279,35024

6279,36372

6279,36352

6279,36596

6279,36706

6279,38090

6279,36352

6279,37314

6279,37890

6279,38678

6279,38930

6279,39598

6279,41136

6279,40348

6279,39882

6280,42218

6280,40720

6280,41334

6280,42054

6280,43234

6280,42764

6280,42542

6280,43414

6286,43342

6286,43428

6286,43730

6286,41924

6286,42742

6286,42164

6286,40932

6286,41316

6286,41016

6286,39836

6286,40974

6286,39408

6286,38670

6286,38938

6286,38916

6286,39132

6286,38130

6286,38422

6286,39710

6286,39674

6286,37996

6286,36990

6286,38202

6286,36254

6286,36064

6286,35924

6286,36794

6286,36872

6286,34736

6286,34786

6286,35104

6286,35416

6286,35632

6286,34880

6286,34588

6286,35048

6286,35266

6286,34148

6286,33538

6286,35620

6286,36220

6286,35136

6286,35650

6286,35906

6286,35186

6286,36438

6286,35416

6286,35574

6286,35254

6286,34574

6286,34184

6286,35676

6286,34244

6286,35004

6286,37658

6287,35990

6287,36070

6287,35266

6287,34652

6287,33542

6287,35122

6287,34094

6287,35338

6287,33410

6287,33978

6287,35868

6287,34894

6287,34298

6287,35932

6287,35374

6287,35974

6287,37484

6287,36186

6287,37006

6287,35836

6287,35076

6287,34264

6287,35062

6287,33400

6287,33482

6287,34206

6287,34480

6287,35026

6287,35278

6287,36782

6287,36174

6287,37378

6287,36630

6287,35360

6287,36204

6287,36186

6287,37462

6287,36930

6287,36994

6287,38350

6287,37986

6287,38240

6287,39748

6287,37876

6287,39196

6287,38322

6287,37004

6287,37840

6287,37846

6287,38964

6287,38140

6287,39216

6287,37790

6287,38932

6287,39872

6287,39490

6287,39614

6287,40024

6287,39330

6287,39690

6287,40202

6287,39554

6287,40418

6287,40332

6287,40430

6288,41056

6288,40974

6288,40222

6288,40718

6288,41172

6288,41322

6288,39810

6288,39758

6294,39404

6294,39688

6294,39348

6294,39738

6294,39880

6294,39432

6294,39636

6294,39586

6294,38766

6294,38500

6294,38804

6294,38306

6294,37598

6294,39314

6294,40634

6294,39858

6294,41346

6294,41928

6294,41956

6294,41908

6294,41740

6294,43278

6294,43446

6294,42852

6294,42160

6294,42962

6294,42874

6294,41538

6294,43592

6294,43466

6294,43478

6294,42896

6294,43170

6294,41056

6294,40060

6294,41562

6294,40918

6294,40402

6294,40676

6294,41414

6294,41616

6294,40324

6294,39492

6294,38920

6294,37760

6294,37914

6294,37232

6294,38274

6294,36236

6294,36424

6294,36380

6294,36648

6294,35302

6294,36128

6294,36368

6295,35174

6295,33890

6295,34190

6295,34728

6295,34656

6295,34746

6295,34084

6295,34674

6295,34830

6295,34750

6295,35096

6295,35790

6295,35208

6295,36064

6295,36036

6295,35932

6295,35358

6295,36804

6295,36702

6295,37800

6295,36256

6295,35066

6295,36024

6295,35984

6295,34978

6295,34878

6295,35436

6295,34396

6295,34716

6295,34684

6295,32834

6295,32712

6295,33728

6295,34140

6295,33642

6295,34650

6295,35560

6295,33340

6295,31926

6295,31904

6295,31136

6295,33056

6295,32406

6295,32502

6295,32162

6295,30762

6295,30902

6295,29324

6295,30544

6295,31058

6295,30824

6295,30716

6295,28792

6295,28770

6295,29764

6295,29922

6295,27388

6295,27934

6295,27502

6295,28036

6295,28004

6295,29078

6295,27202

6295,27444

6295,28202

6296,27324

6296,27774

6296,27206

6296,28514

6296,27646

6296,26870

6296,27282

6296,27282

6302,27198

6302,27650

6302,26326

6302,26932

6302,24844

6302,25302

6302,25818

6302,26840

6302,26734

6302,26588

6302,25686

6302,25478

6302,25250

6302,25122

6302,24578

6302,23322

6302,23156

6302,24164

6302,22412

6302,21400

6302,22230

6302,22548

6302,24122

6302,22720

6302,23006

6302,22350

6302,22818

6302,21694

6302,19324

6302,20168

6302,22584

6302,21752

6302,22362

6302,22186

6302,20352

6302,13404

6302,9770

6302,10212

6302,9858

6302,8468

6302,9716

6302,13604

6302,18320

6302,18192

6302,16442

6302,15824

6302,13872

6302,14522

6302,16862

6302,20234

6302,23806

6302,22962

6302,19914

6302,15844

6302,11706

6303,9756

6303,6950

6303,5052

6303,3724

6303,5284

6303,7058

6303,9514

6303,13226

6303,14444

6303,15258

6303,17572

6303,18882

6303,17834

6303,15224

6303,14766

6303,14336

6303,18210

6303,19210

6303,19652

6303,18844

6303,17306

6303,10688

6303,1156

6303,-640

6303,2656

6303,4854

6303,11612

6303,14066

6303,14144

6303,13014

6303,9192

6303,5338

6303,32

6303,1924

6303,3864

6303,4826

6303,5160

6303,4114

6303,498

6303,-2906

6303,-4830

6303,318

6303,1218

6303,108

6303,-380

6303,-2858

6303,-846

6303,1466

6303,556

6303,-1912

6303,-3856

6303,-5044

6303,-3138

6303,-4390

6303,-6546

6303,-11566

6303,-14158

6303,-13654

6303,-16864

6303,-16778

6303,-14330

6303,-11490

6303,-9812

6303,-8722

6303,-4140

6304,242

6304,1504

6304,1988

6304,-1106

6304,-904

6304,-5734

6304,-8166

6304,-11100

6310,-11488

6310,-9928

6310,-10656

6310,-11090

6310,-11692

6310,-9292

6310,-5916

6310,-4752

6310,-3330

6310,-4052

6310,-7478

6310,-9778

6310,-9288

6310,-9406

6310,-6914

6310,-5588

6310,-6268

6310,-8370

6310,-8614

6310,-8454

6310,-9656

6310,-9276

6310,-8868

6310,-7636

6310,-4324

6310,-3812

6310,-1710

6310,166

6310,2742

6310,5384

6310,5082

6310,1814

6310,-2660

6310,-6660

6310,-6750

6310,-4614

6310,-4514

6310,-5370

6310,-4954

6310,-1380

6310,-670

6310,-3404

6310,-6988

6310,-9402

6310,-6606

6310,-7522

6310,-13854

6310,-14742

6310,-13022

6310,-10594

6310,-10454

6310,-7364

6310,-1708

6310,1538

6310,2614

6311,376

6311,392

6311,-4338

6311,-11892

6311,-21028

6311,-24534

6311,-24798

6311,-23016

6311,-24046

6311,-20174

6311,-16294

6311,-15652

6311,-14596

6311,-16290

6311,-19826

6311,-24492

6311,-24830

6311,-27592

6311,-31610

6311,-29444

6311,-25740

6311,-21160

6311,-17594

6311,-19730

6311,-19962

6311,-24668

6311,-30646

6311,-34980

6311,-36892

6311,-38676

6311,-39064

6311,-38444

6311,-36552

6311,-35024

6311,-32144

6311,-30898

6311,-31484

6311,-32248

6311,-34806

6311,-35532

6311,-39062

6311,-42914

6311,-43992

6311,-44922

6311,-44762

6311,-43708

6311,-40184

6311,-36896

6311,-36980

6311,-36304

6311,-33594

6311,-35580

6311,-39888

6311,-45172

6311,-45178

6311,-48126

6311,-46896

6311,-47616

6311,-47898

6311,-45836

6311,-45028

6311,-42528

6311,-40160

6311,-42306

6311,-45196

6312,-45046

6312,-47140

6312,-49154

6312,-49614

6312,-49062

6312,-49960

6312,-48414

6312,-47062

6318,-45058

6318,-46622

6318,-48348

6318,-47160

6318,-49450

6318,-49288

6318,-47472

6318,-46710

6318,-44776

6318,-40776

6318,-36312

6318,-34872

6318,-35164

6318,-34738

6318,-34152

6318,-36230

6318,-36612

6318,-36988

6318,-36272

6318,-35532

6318,-34442

6318,-35852

6318,-40776

6318,-40740

6318,-38658

6318,-39322

6318,-37010

6318,-33812

6318,-33398

6318,-30130

6318,-32094

6318,-33758

6318,-35432

6318,-34770

6318,-34330

6318,-33686

6318,-32724

6318,-33130

6318,-36594

6318,-38954

6318,-40502

6318,-42212

6318,-43854

6318,-40848

6318,-38514

6318,-38178

6318,-40526

6318,-40248

6318,-41810

6318,-41146

6318,-38774

6318,-37324

6318,-38458

6318,-37790

6318,-38702

6319,-39404

6319,-42262

6319,-44456

6319,-45040

6319,-45442

6319,-43666

6319,-41710

6319,-39850

6319,-38602

6319,-42056

6319,-42776

6319,-45040

6319,-47306

6319,-47940

6319,-50388

6319,-50540

6319,-50898

6319,-47414

6319,-47500

6319,-46188

6319,-47090

6319,-47318

6319,-46726

6319,-44708

6319,-45230

6319,-47252

6319,-48632

6319,-50804

6319,-50750

6319,-53342

6319,-52256

6319,-53100

6319,-52030

6319,-50716

6319,-51320

6319,-52692

6319,-53820

6319,-53488

6319,-54216

6319,-56624

6319,-57340

6319,-56486

6319,-57398

6319,-58496

6319,-56954

6319,-58368

6319,-58032

6319,-57982

6319,-59018

6319,-57788

6319,-58042

6319,-57300

6319,-55506

6319,-56318

6319,-56456

6319,-56154

6319,-56974

6319,-58658

6319,-59600

6319,-58902

6319,-59228

6319,-56560

6319,-54722

6319,-55782

6319,-55138

6320,-56586

6320,-56534

6320,-55844

6320,-55264

6320,-54322

6320,-54326

6320,-52064

6320,-47318

6326,-45536

6326,-45416

6326,-46476

6326,-45444

6326,-46514

6326,-47534

6326,-49974

6326,-50780

6326,-51638

6326,-50682

6326,-51646

6326,-51148

6326,-51132

6326,-48000

6326,-46746

6326,-48368

6326,-46242

6326,-45546

6326,-46134

6326,-46862

6326,-48934

6326,-49900

6326,-51500

6326,-55112

6326,-54392

6326,-54452

6326,-54642

6326,-53656

6326,-52600

6326,-53374

6326,-51954

6326,-53696

6326,-52088

6326,-52932

6326,-55246

6326,-54830

6326,-55828

6326,-53912

6326,-56286

6326,-54712

6326,-53156

6326,-52680

6326,-53042

6326,-53078

6326,-52480

6326,-54898

6326,-58468

6326,-59674

6326,-60496

6326,-60338

6326,-61302

6326,-58382

6326,-53056

6326,-50636

6326,-49334

6327,-49172

6327,-48800

6327,-50124

6327,-51846

6327,-52104

6327,-52556

6327,-53998

6327,-53566

6327,-53998

6327,-53074

6327,-52446

6327,-50872

6327,-51184

6327,-52104

6327,-52030

6327,-49872

6327,-48780

6327,-50848

6327,-51026

6327,-51858

6327,-51232

6327,-52320

6327,-53056

6327,-54008

6327,-55830

6327,-52204

6327,-52122

6327,-52702

6327,-52976

6327,-53236

6327,-52416

6327,-51808

6327,-50986

6327,-51888

6327,-51620

6327,-51022

6327,-49294

6327,-49480

6327,-49808

6327,-51014

6327,-50572

6327,-51634

6327,-51386

6327,-50466

6327,-51236

6327,-49206

6327,-48824

6327,-49448

6327,-47770

6327,-47704

6327,-48004

6327,-45340

6327,-44810

6327,-43762

6327,-43480

6327,-42568

6327,-42496

6327,-42404

6327,-41484

6327,-41542

6327,-40480

6327,-40800

6327,-39344

6327,-38654

6327,-37668

6328,-38962

6328,-37830

6328,-38032

6328,-36012

6328,-34428

6328,-35816

6328,-36904

6328,-36428

6334,-36736

6334,-37460

6334,-38008

6334,-36808

6334,-36912

6334,-34192

6334,-34390

6334,-35596

6334,-36602

6334,-35866

6334,-38214

6334,-39228

6334,-39750

6334,-39300

6334,-41990

6334,-42490

6334,-42744

6334,-44058

6334,-43962

6334,-44700

6334,-44594

6334,-43588

6334,-43432

6334,-44836

6334,-44132

6334,-45444

6334,-45862

6334,-44302

6334,-46326

6334,-46374

6334,-48800

6334,-49656

6334,-50766

6334,-49198

6334,-48032

6334,-49186

6334,-49056

6334,-50152

6334,-49396

6334,-50814

6334,-51898

6334,-51398

6334,-52040

6334,-51592

6334,-52890

6334,-49726

6334,-48340

6334,-49134

6334,-45398

6334,-48530

6334,-46008

6334,-47342

6334,-48162

6334,-47158

6334,-47656

6335,-49354

6335,-50018

6335,-50078

6335,-50914

6335,-49294

6335,-50936

6335,-50666

6335,-48802

6335,-50906

6335,-48520

6335,-48546

6335,-49688

6335,-50984

6335,-50498

6335,-50862

6335,-50842

6335,-52192

6335,-52854

6335,-51810

6335,-52080

6335,-51332

6335,-49336

6335,-49984

6335,-47670

6335,-49244

6335,-48536

6335,-49238

6335,-48896

6335,-48558

6335,-51016

6335,-50082

6335,-47780

6335,-46372

6335,-45180

6335,-46692

6335,-45314

6335,-44152

6335,-44128

6335,-42806

6335,-43660

6335,-43362

6335,-44062

6335,-41834

6335,-41606

6335,-41086

6335,-39858

6335,-38874

6335,-39374

6335,-37236

6335,-36638

6335,-38122

6335,-37140

6335,-38038

6335,-40084

6335,-40472

6335,-39046

6335,-37106

6335,-37536

6335,-36442

6335,-35428

6335,-32684

6335,-30994

6335,-31616

6335,-31246

6335,-31028

6336,-31786

6336,-31616

6336,-32280

6336,-32244

6336,-30836

6336,-31680

6336,-31292

6336,-30522

6342,-30164

6342,-28414

6342,-30428

6342,-31158

6342,-31118

6342,-33080

6342,-31646

6342,-31490

6342,-30788

6342,-28932

6342,-28164

6342,-28288

6342,-27712

6342,-28444

6342,-28186

6342,-29442

6342,-30028

6342,-31516

6342,-32222

6342,-31924

6342,-31576

6342,-32278

6342,-35550

6342,-33180

6342,-31678

6342,-33602

6342,-33976

6342,-34404

6342,-33916

6342,-32608

6342,-32116

6342,-32604

6342,-32636

6342,-32342

6342,-32248

6342,-31650

6342,-32970

6342,-31522

6342,-32546

6342,-32072

6342,-32890

6342,-33046

6342,-33388

6342,-34182

6342,-35722

6342,-35658

6342,-33994

6342,-34658

6342,-32826

6342,-32934

6342,-31440

6342,-32008

6342,-31986

6342,-32578

6342,-32344

6343,-31042

6343,-29848

6343,-30416

6343,-28888

6343,-29398

6343,-28492

6343,-27990

6343,-28708

6343,-24526

6343,-25624

6343,-25514

6343,-25342

6343,-25718

6343,-25348

6343,-25532

6343,-23958

6343,-22562

6343,-21382

6343,-18586

6343,-17186

6343,-16096

6343,-16234

6343,-15088

6343,-12562

6343,-12558

6343,-14470

6343,-14906

6343,-15056

6343,-13182

6343,-11342

6343,-10522

6343,-10200

6343,-9234

6343,-8172

6343,-9464

6343,-11244

6343,-9116

6343,-9054

6343,-9900

6343,-9120

6343,-9750

6343,-9778

6343,-9666

6343,-8446

6343,-7268

6343,-6244

6343,-7062

6343,-8430

6343,-8898

6343,-9802

6343,-9770

6343,-9396

6343,-11534

6343,-11430

6343,-10090

6343,-9980

6343,-10568

6343,-12942

6343,-13436

6343,-13086

6343,-12182

6343,-13304

6343,-13542

6343,-14630

6343,-13626

6344,-16094

6344,-16106

6344,-18814

6344,-17006

6344,-18618

6344,-18228

6344,-17490

6344,-17674

6350,-16986

6350,-19256

6350,-18170

6350,-18846

6350,-17258

6350,-17200

6350,-19036

6350,-18140

6350,-18808

6350,-20106

6350,-17114

6350,-17428

6350,-18034

6350,-18024

6350,-18742

6350,-18966

6350,-20336

6350,-17960

6350,-16662

6350,-16204

6350,-13538

6350,-14618

6350,-14300

6350,-13302

6350,-13006

6350,-11166

6350,-11618

6350,-11282

6350,-10372

6350,-12402

6350,-11804

6350,-12584

6350,-9998

6350,-10776

6350,-9886

6350,-9182

6350,-10468

6350,-10744

6350,-10408

6350,-9794

6350,-9648

6350,-8224

6350,-8780

6350,-8978

6350,-8426

6350,-6676

6350,-6914

6350,-8048

6350,-7750

6350,-8844

6350,-8480

6350,-8284

6350,-8802

6350,-8958

6350,-8268

6351,-9784

6351,-9648

6351,-5976

6351,-6412

6351,-6828

6351,-7790

6351,-5864

6351,-5918

6351,-5112

6351,-4718

6351,-3398

6351,-3296

6351,-3180

6351,-1588

6351,-2018

6351,-1902

6351,-2672

6351,-256

6351,-1392

6351,-2112

6351,-3222

6351,-2046

6351,-438

6351,840

6351,904

6351,1654

6351,2302

6351,3676

6351,5330

6351,5252

6351,2992

6351,2784

6351,658

6351,-966

6351,-1540

6351,-532

6351,-838

6351,-688

6351,860

6351,40

6351,344

6351,-156

6351,940

6351,992

6351,414

6351,-278

6351,-1266

6351,-1086

6351,-2766

6351,-1958

6351,-2720

6351,-3390

6351,-4412

6351,-3278

6351,-3698

6351,-3836

6351,-3230

6351,-4920

6351,-4470

6351,-5408

6351,-6532

6351,-5496

6351,-5062

6351,-4708

6351,-4018

6352,-2140

6352,-972

6352,-1324

6352,-310

6352,-1236

6352,-3078

6352,-4434

6352,-4672

6358,-3638

6358,-1476

6358,-1222

6358,2380

6358,1652

6358,1550

6358,3012

6358,2956

6358,2280

6358,2112

6358,4658

6358,3276

6358,2514

6358,3242

6358,2536

6358,4074

6358,5310

6358,4388

6358,6232

6358,6768

6358,8496

6358,7988

6358,9990

6358,8114

6358,6794

6358,5872

6358,7418

6358,8108

6358,7522

6358,8392

6358,10228

6358,9766

6358,9666

6358,10000

6358,8848

6358,9394

6358,10610

6358,11282

6358,11692

6358,11528

6358,11936

6358,14960

6358,16120

6358,13308

6358,14440

6358,15956

6358,15696

6358,16594

6358,16816

6358,17930

6358,17650

6358,16326

6358,16524

6358,16312

6358,17998

6359,19250

6359,20862

6359,21730

6359,21798

6359,22536

6359,22536

6359,23686

6359,24214

6359,25500

6359,24968

6359,26468

6359,27326

6359,28466

6359,27590

6359,28310

6359,29106

6359,31064

6359,32104

6359,32652

6359,34890

6359,35182

6359,36122

6359,35108

6359,35724

6359,36876

6359,37544

6359,37664

6359,38716

6359,37732

6359,37540

6359,38638

6359,39332

6359,40302

6359,38844

6359,40510

6359,39660

6359,40352

6359,40136

6359,40344

6359,39650

6359,38682

6359,39512

6359,39568

6359,38112

6359,37870

6359,39460

6359,39558

6359,40924

6359,39426

6359,38126

6359,36872

6359,36776

6359,36592

6359,38436

6359,37578

6359,37462

6359,38526

6359,38756

6359,38134

6359,38346

6359,37274

6359,36092

6359,36496

6359,37256

6359,33808

6360,35808

6360,37506

6360,35592

6360,37164

6360,37066

6360,38952

6360,38222

6360,37392

6366,38068

6366,37728

6366,37874

6366,38170

6366,37688

6366,40170

6366,40104

6366,42312

6366,41930

6366,40086

6366,41374

6366,38504

6366,41446

6366,41414

6366,40618

6366,41590

6366,42096

6366,43186

6366,43388

6366,43872

6366,44104

6366,43908

6366,43812

6366,44696

6366,44486

6366,43686

6366,41788

6366,43124

6366,43742

6366,43658

6366,43128

6366,41422

6366,41958

6366,41634

6366,41248

6366,41158

6366,41822

6366,42678

6366,43270

6366,43626

6366,43910

6366,44070

6366,44378

6366,44180

6366,45084

6366,44972

6366,47022

6366,45660

6366,45278

6366,43790

6366,44662

6366,43938

6366,42648

6366,43580

6366,45040

6367,44738

6367,44690

6367,45104

6367,45486

6367,46026

6367,47648

6367,46884

6367,47252

6367,46382

6367,44972

6367,46850

6367,46640

6367,45886

6367,46706

6367,46218

6367,46146

6367,45922

6367,44760

6367,44524

6367,43532

6367,43836

6367,44602

6367,44486

6367,45328

6367,45284

6367,44454

6367,47798

6367,46886

6367,46070

6367,48348

6367,46992

6367,46612

6367,44926

6367,43208

6367,41652

6367,43174

6367,43336

6367,41528

6367,43932

6367,44934

6367,45508

6367,45038

6367,43248

6367,42500

6367,42582

6367,41024

6367,41804

6367,41500

6367,42854

6367,43096

6367,43090

6367,42514

6367,42924

6367,42548

6367,43372

6367,43410

6367,42358

6367,43004

6367,43950

6367,44094

6367,42582

6367,43950

6367,44424

6367,43588

6367,44594

6368,43634

6368,44276

6368,43126

6368,44046

6368,44434

6368,42506

6368,42764

6368,44826

6374,46028

6374,44330

6374,47010

6374,46144

6374,46188

6374,46654

6374,46296

6374,46262

6374,46342

6374,46394

6374,46670

6374,46676

6374,47396

6374,47216

6374,46906

6374,48100

6374,47414

6374,48496

6374,49544

6374,49724

6374,48356

6374,49816

6374,48726

6374,49234

6374,48976

6374,48926

6374,49934

6374,48932

6374,50348

6374,51690

6374,51504

6374,50522

6374,49982

6374,49366

6374,49484

6374,47900

6374,48724

6374,48768

6374,49056

6374,47684

6374,48702

6374,49112

6374,49358

6374,49064

6374,48516

6374,50280

6374,48404

6374,46392

6374,47866

6374,47272

6374,46590

6374,46156

6374,46936

6374,47260

6374,46618

6375,44660

6375,44894

6375,44890

6375,43966

6375,43944

6375,42768

6375,42738

6375,42060

6375,42722

6375,43660

6375,44324

6375,44614

6375,43774

6375,44606

6375,43448

6375,41604

6375,43784

6375,43942

6375,41418

6375,42304

6375,42600

6375,44460

6375,46050

6375,44278

6375,43652

6375,43988

6375,44506

6375,44528

6375,43894

6375,44944

6375,43216

6375,43562

6375,43156

6375,44234

6375,44394

6375,43792

6375,44266

6375,43968

6375,44562

6375,43914

6375,42984

6375,42624

6375,43706

6375,43268

6375,44732

6375,44582

6375,43880

6375,44780

6375,45424

6375,47194

6375,48694

6375,48144

6375,49458

6375,49966

6375,49738

6375,48928

6375,50994

6375,49456

6375,47868

6375,50286

6375,50292

6375,50532

6375,50566

6375,51622

6375,52746

6376,51910

6376,52592

6376,53038

6376,52066

6376,53070

6376,53988

6376,54270

6376,55942

6382,54600

6382,54190

6382,54626

6382,54450

6382,54250

6382,54890

6382,54698

6382,55120

6382,54794

6382,55832

6382,55080

6382,56018

6382,56298

6382,54656

6382,55348

6382,54344

6382,54854

6382,54120

6382,53568

6382,54564

6382,55490

6382,57204

6382,56252

6382,53830

6382,54358

6382,52360

6382,52110

6382,49708

6382,51216

6382,50710

6382,48712

6382,49626

6382,50964

6382,50810

6382,47858

6382,48126

6382,50034

6382,47216

6382,47010

6382,44036

6382,43876

6382,44838

6382,42944

6382,41972

6382,41836

6382,44102

6382,42668

6382,43246

6382,42172

6382,41214

6382,41082

6382,40082

6382,40906

6382,40330

6382,39514

6383,38792

6383,40528

6383,40634

6383,41838

6383,41570

6383,40986

6383,40288

6383,39012

6383,37036

6383,38344

6383,36278

6383,35874

6383,37280

6383,36986

6383,37328

6383,36888

6383,36422

6383,35482

6383,35350

6383,34416

6383,34514

6383,32796

6383,32626

6383,32966

6383,30944

6383,30210

6383,28724

6383,29322

6383,28162

6383,27100

6383,27992

6383,27236

6383,27432

6383,28694

6383,27508

6383,25918

6383,24674

6383,25042

6383,22916

6383,24828

6383,25166

6383,24144

6383,24232

6383,22686

6383,21884

6383,20814

6383,22052

6383,21692

6383,21110

6383,22210

6383,20966

6383,21254

6383,22118

6383,20404

6383,20310

6383,20906

6383,21488

6383,19562

6383,19970

6383,20432

6383,19140

6383,17500

6383,17256

6383,16298

6383,17218

6384,16190

6384,16968

6384,15150

6384,15970

6384,14634

6384,13202

6384,11416

6384,12664

6390,11534

6390,11644

6390,11788

6390,12136

6390,12272

6390,9882

6390,8720

6390,8414

6390,8202

6390,8350

6390,7332

6390,6738

6390,6084

6390,6706

6390,5300

6390,5344

6390,6434

6390,2962

6390,4832

6390,3120

6390,3122

6390,1468

6390,1806

6390,3726

6390,1348

6390,298

6390,-1892

6390,-1228

6390,-162

6390,-1036

6390,-936

6390,-1238

6390,-1142

6390,-2182

6390,-2546

6390,-2664

6390,-3170

6390,-3134

6390,-1186

6390,-2564

6390,-2560

6390,-1996

6390,-2634

6390,-3162

6390,-3510

6390,-4578

6390,-5162

6390,-4984

6390,-5902

6390,-7138

6390,-6508

6390,-5550

6390,-5470

6390,-5562

6390,-6906

6391,-6636

6391,-7214

6391,-8154

6391,-8854

6391,-10324

6391,-11646

6391,-10952

6391,-13228

6391,-12432

6391,-12668

6391,-12586

6391,-15258

6391,-16068

6391,-14566

6391,-17114

6391,-17182

6391,-15652

6391,-16342

6391,-15192

6391,-17130

6391,-18840

6391,-19368

6391,-21338

6391,-20378

6391,-19548

6391,-21530

6391,-22020

6391,-20990

6391,-22708

6391,-23006

6391,-23872

6391,-24318

6391,-23490

6391,-25304

6391,-23974

6391,-24634

6391,-24240

6391,-24312

6391,-26128

6391,-25526

6391,-24892

6391,-24570

6391,-24468

6391,-24784

6391,-27868

6391,-27496

6391,-28348

6391,-27612

6391,-27578

6391,-29078

6391,-28678

6391,-28640

6391,-28740

6391,-28106

6391,-26406

6391,-27208

6391,-28494

6391,-28506

6391,-27020

6391,-26904

6391,-27330

6391,-26960

6391,-28000

6391,-28960

6391,-29438

6392,-28832

6392,-28832

6392,-29138

6392,-28894

6392,-27054

6392,-28314

6392,-28934

6392,-27562

6398,-28806

6398,-28424

6398,-29334

6398,-28788

6398,-30334

6398,-29838

6398,-28494

6398,-29104

6398,-29902

6398,-29766

6398,-28954

6398,-29920

6398,-29410

6398,-29076

6398,-28282

6398,-29972

6398,-29956

6398,-29372

6398,-29046

6398,-27368

6398,-28408

6398,-27060

6398,-27586

6398,-27234

6398,-27742

6398,-30036

6398,-30364

6398,-28406

6398,-30066

6398,-28190

6398,-27774

6398,-27006

6398,-25894

6398,-25764

6398,-26180

6398,-28156

6398,-27194

6398,-29578

6398,-27962

6398,-29342

6398,-28406

6398,-29900

6398,-31318

6398,-30874

6398,-30912

6398,-30296

6398,-31596

6398,-31080

6398,-31458

6398,-32726

6398,-31634

6398,-29948

6398,-30160

6398,-30200

6398,-31022

6399,-31172

6399,-31032

6399,-30296

6399,-32232

6399,-32152

6399,-32058

6399,-32622

6399,-31220

6399,-30662

6399,-32474

6399,-30892

6399,-31538

6399,-31812

6399,-32056

6399,-31490

6399,-31994

6399,-30242

6399,-31268

6399,-29396

6399,-30092

6399,-30340

6399,-31006

6399,-31174

6399,-29520

6399,-30156

6399,-30840

6399,-29932

6399,-31218

6399,-29122

6399,-28974

6399,-30020

6399,-29186

6399,-28944

6399,-28226

6399,-29088

6399,-31330

6399,-29314

6399,-29292

6399,-29662

6399,-29406

6399,-28882

6399,-28584

6399,-28064

6399,-28776

6399,-27884

6399,-29876

6399,-30806

6399,-29592

6399,-29828

6399,-30288

6399,-30514

6399,-29868

6399,-29622

6399,-31404

6399,-30048

6399,-30996

6399,-30896

6399,-32630

6399,-32754

6399,-31970

6399,-32020

6399,-32646

6399,-33750

6399,-32554

6399,-32492

6400,-32814

6400,-33158

6400,-31484

6400,-33674

6400,-32414

6400,-32620

6400,-33026

6400,-33366

6406,-31244

6406,-31234

6406,-33044

6406,-32372

6406,-31192

6406,-31550

6406,-32844

6406,-32480

6406,-31380

6406,-33558

6406,-31292

6406,-31630

6406,-31568

6406,-30334

6406,-31360

6406,-30944

6406,-29548

6406,-30778

6406,-29942

6406,-28154

6406,-28362

6406,-28674

6406,-28240

6406,-29858

6406,-28672

6406,-29742

6406,-30174

6406,-30404

6406,-29614

6406,-30574

6406,-30516

6406,-30896

6406,-30182

6406,-30332

6406,-30628

6406,-30810

6406,-29306

6406,-29606

6406,-31278

6406,-29648

6406,-31460

6406,-32092

6406,-31200

6406,-30352

6406,-30722

6406,-29918

6406,-29292

6406,-29930

6406,-30432

6406,-29850

6406,-28682

6406,-28132

6406,-28698

6406,-28056

6406,-27512

6407,-27948

6407,-26358

6407,-25118

6407,-26942

6407,-24196

6407,-24738

6407,-24812

6407,-24806

6407,-25124

6407,-22768

6407,-23588

6407,-22440

6407,-22158

6407,-22202

6407,-21564

6407,-23654

6407,-23270

6407,-22502

6407,-23558

6407,-24318

6407,-24882

6407,-23834

6407,-23924

6407,-23032

6407,-22268

6407,-23694

6407,-21306

6407,-21610

6407,-21730

6407,-22414

6407,-22086

6407,-21654

6407,-21706

6407,-21712

6407,-21312

6407,-22366

6407,-22674

6407,-21962

6407,-22178

6407,-21094

6407,-21060

6407,-20826

6407,-20630

6407,-18962

6407,-18544

6407,-18266

6407,-17334

6407,-19148

6407,-18104

6407,-16528

6407,-17478

6407,-19694

6407,-18100

6407,-17046

6407,-16260

6407,-15846

6407,-18052

6407,-19122

6407,-18278

6407,-18638

6407,-17300

6407,-17888

6407,-18870

6407,-17268

6407,-16716

6408,-14976

6408,-14226

6408,-12796

6408,-12290

6408,-13378

6408,-10820

6408,-11030

6408,-11378

6414,-11328

6414,-12510

6414,-12964

6414,-10848

6414,-12920

6414,-11952

6414,-11762

6414,-9958

6414,-9670

6414,-9182

6414,-9278

6414,-10784

6414,-9200

6414,-9688

6414,-7806

6414,-9330

6414,-8928

6414,-9512

6414,-9536

6414,-7942

6414,-7702

6414,-8224

6414,-7882

6414,-7512

6414,-7320

6414,-8742

6414,-10062

6414,-9630

6414,-11184

6414,-11800

6414,-9124

6414,-9224

6414,-8572

6414,-8824

6414,-6118

6414,-6186

6414,-6214

6414,-7236

6414,-7186

6414,-8272

6414,-7086

6414,-8748

6414,-7670

6414,-6742

6414,-7088

6414,-6088

6414,-5490

6414,-4986

6414,-5710

6414,-5014

6414,-5494

6414,-5424

6414,-5418

6414,-5796

6414,-3674

6415,-4814

6415,-4218

6415,-2598

6415,-2478

6415,-1682

6415,-794

6415,-822

6415,-1234

6415,-1274

6415,-1054

6415,-884

6415,-2938

6415,-804

6415,-1032

6415,-1646

6415,-1486

6415,-644

6415,464

6415,124

6415,306

6415,146

6415,-686

6415,528

6415,1542

6415,1022

6415,1626

6415,1938

6415,2366

6415,2964

6415,3940

6415,2674

6415,1788

6415,2872

6415,3880

6415,3578

6415,3094

6415,1160

6415,2120

6415,2434

6415,1676

6415,2268

6415,3126

6415,3126

6415,3060

6415,3736

6415,3394

6415,3632

6415,2326

6415,796

6415,1842

6415,1630

6415,1198

6415,858

6415,476

6415,554

6415,998

6415,1346

6415,1564

6415,1192

6415,2534

6415,1610

6415,1748

6415,2184

6415,538

6415,2040

6416,1856

6416,2080

6416,3122

6416,2742

6416,4426

6416,3432

6416,5444

6416,5900

6422,4862

6422,4564

6422,4934

6422,5358

6422,3542

6422,5212

6422,5032

6422,7172

6422,8002

6422,5420

6422,6078

6422,5372

6422,5082

6422,4460

6422,4096

6422,4578

6422,4754

6422,5186

6422,4320

6422,5302

6422,5404

6422,6946

6422,5694

6422,6806

6422,4578

6422,6514

6422,5780

6422,6608

6422,7098

6422,6076

6422,7324

6422,7210

6422,7534

6422,7994

6422,7166

6422,5678

6422,6660

6422,6328

6422,6474

6422,6074

6422,6276

6422,6884

6422,6240

6422,6710

6422,7180

6422,8436

6422,7592

6422,6882

6422,6496

6422,7920

6422,6308

6422,6782

6422,6810

6422,6862

6422,6670

6423,7768

6423,7614

6423,6950

6423,9194

6423,7730

6423,8092

6423,6948

6423,7242

6423,7028

6423,8206

6423,7148

6423,7734

6423,9084

6423,7928

6423,9600

6423,7980

6423,9188

6423,8044

6423,9006

6423,10492

6423,9942

6423,10282

6423,8756

6423,8938

6423,10866

6423,11106

6423,10196

6423,12258

6423,12730

6423,11870

6423,12638

6423,12582

6423,11926

6423,11846

6423,12130

6423,13794

6423,13048

6423,12656

6423,15448

6423,14984

6423,14416

RAW_SUMMARY id=1 requested=5600 captured=5600 unused_capacity=400 max_pcm_abs=75216 raw_mean=26055.1 raw_abs_mean=38716.6 raw_min=-61302 raw_max=75216 baseline=10.3

OK RAW

