# run: cover_sealed_3
# firmware: role=analyzer git=b253dd5 version=0.4.0
# imported-from: covered_3.log (mtime 2026-10-09T11:34:01)
RAW_INFO mode=i2s output=csv

RAW_INFO row_size=12

RAW_BEGIN id=3 sr=16000 trigger_ms=27970 command_ms=27954 emit_seen=1 emit_start_ms=27970 emit_done_ms=27973 f=3200 dur=1 pre_ms=0 post_ms=350 decim=1 pre_samples=0 post_samples=5600 mode=i2s output=csv fields=ms,pcm

ms,pcm

27974,-60096

27974,-59692

27974,-59336

27974,-59390

27974,-59960

27974,-60582

27974,-60712

27974,-61644

27974,-60442

27974,-61312

27974,-62668

27974,-60992

27974,-60964

27974,-61512

27974,-61578

27974,-62312

27974,-63806

27974,-61768

27974,-61574

27974,-62508

27974,-62298

27974,-61946

27974,-62138

27974,-62980

27974,-63542

27974,-63546

27974,-63228

27974,-63468

27974,-62888

27974,-63318

27974,-61506

27974,-63104

27974,-62180

27974,-62924

27974,-61660

27975,-63116

27975,-61562

27975,-62006

27975,-63026

27975,-61630

27975,-63228

27975,-61706

27975,-62754

27975,-61946

27975,-62004

27975,-61468

27975,-62850

27975,-60580

27975,-60112

27975,-61842

27975,-61804

27975,-61366

27975,-61880

27975,-62290

27975,-63456

27975,-61346

27975,-61302

27975,-62610

27975,-64164

27975,-62284

27975,-63342

27975,-65922

27975,-66110

27975,-65770

27975,-64422

27975,-65576

27975,-67944

27975,-65700

27975,-65314

27975,-66570

27975,-66796

27975,-66402

27975,-66334

27975,-67020

27975,-67536

27975,-67146

27975,-67986

27975,-66410

27975,-66864

27975,-68628

27975,-68976

27975,-67412

27975,-67568

27975,-69102

27975,-71020

27975,-70400

27975,-69718

27975,-70176

27975,-70224

27975,-69936

27975,-69414

27975,-70380

27975,-69872

27975,-70872

27975,-69382

27975,-70050

27975,-71308

27975,-71532

27975,-71190

27976,-71920

27976,-73484

27976,-72252

27976,-73222

27976,-72896

27976,-74382

27976,-72162

27976,-71480

27976,-72578

27976,-72230

27976,-72328

27976,-71236

27976,-71938

27976,-72092

27976,-71998

27976,-72126

27976,-73228

27976,-73404

27976,-72840

27976,-73596

27976,-74886

27976,-75774

27976,-75134

27976,-74954

27976,-75982

27976,-75206

27976,-74846

27976,-74690

27976,-74052

27982,-75172

27982,-74124

27982,-74886

27982,-74816

27982,-74782

27982,-73214

27982,-73916

27982,-73782

27982,-74388

27982,-74098

27982,-75400

27982,-76222

27982,-75686

27982,-77176

27982,-76150

27982,-77404

27982,-75776

27982,-76562

27982,-76868

27982,-77794

27982,-76198

27982,-76180

27982,-76732

27982,-76418

27982,-76650

27982,-77420

27982,-77568

27982,-77750

27982,-77560

27982,-77934

27982,-77658

27982,-78212

27982,-77142

27982,-77868

27982,-78424

27982,-78398

27982,-78604

27982,-78376

27982,-77408

27982,-77256

27982,-78620

27982,-76338

27982,-77116

27982,-76516

27982,-77310

27982,-77256

27982,-77486

27982,-77496

27982,-76910

27982,-77780

27982,-77258

27982,-78294

27982,-79088

27982,-79552

27982,-78960

27983,-79434

27983,-79430

27983,-79786

27983,-79256

27983,-80420

27983,-79726

27983,-79170

27983,-81068

27983,-81390

27983,-79610

27983,-78508

27983,-80258

27983,-79962

27983,-82166

27983,-79804

27983,-82244

27983,-80946

27983,-80544

27983,-82232

27983,-81180

27983,-82294

27983,-83244

27983,-83998

27983,-83542

27983,-84690

27983,-85400

27983,-83936

27983,-84442

27983,-83376

27983,-84370

27983,-84596

27983,-84356

27983,-84194

27983,-85486

27983,-84194

27983,-83284

27983,-83208

27983,-84660

27983,-85266

27983,-84500

27983,-83792

27983,-85394

27983,-85280

27983,-84648

27983,-87174

27983,-86398

27983,-85424

27983,-84582

27983,-86298

27983,-85074

27983,-85826

27983,-86434

27983,-86956

27983,-86648

27983,-86084

27983,-87596

27983,-88136

27983,-87866

27983,-88932

27983,-87178

27983,-87042

27983,-87732

27983,-87942

27983,-89242

27983,-89970

27984,-88176

27984,-87714

27984,-89242

27984,-88896

27984,-90676

27984,-90496

27984,-88830

27984,-90674

27990,-90886

27990,-91514

27990,-90364

27990,-90636

27990,-91348

27990,-91144

27990,-91566

27990,-91764

27990,-92170

27990,-91028

27990,-91944

27990,-93234

27990,-92938

27990,-92770

27990,-93498

27990,-92514

27990,-94028

27990,-93668

27990,-92882

27990,-93140

27990,-92720

27990,-93144

27990,-92476

27990,-93120

27990,-94354

27990,-94608

27990,-94870

27990,-93288

27990,-93900

27990,-93440

27990,-94208

27990,-93992

27990,-93040

27990,-93696

27990,-94038

27990,-93120

27990,-93430

27990,-93328

27990,-93350

27990,-93524

27990,-93404

27990,-92570

27990,-93016

27990,-92530

27990,-94306

27990,-93726

27990,-93530

27990,-93858

27990,-94310

27990,-94422

27990,-94468

27990,-93026

27990,-94166

27990,-92876

27990,-93600

27991,-93358

27991,-93776

27991,-92226

27991,-93782

27991,-93266

27991,-92452

27991,-93196

27991,-93644

27991,-93948

27991,-93344

27991,-92356

27991,-92762

27991,-92706

27991,-93484

27991,-92872

27991,-92710

27991,-92552

27991,-92502

27991,-94016

27991,-92858

27991,-93974

27991,-93510

27991,-93854

27991,-93888

27991,-93332

27991,-93404

27991,-92412

27991,-91430

27991,-91422

27991,-91310

27991,-91166

27991,-92534

27991,-91254

27991,-91498

27991,-92670

27991,-92226

27991,-91024

27991,-90842

27991,-90878

27991,-91124

27991,-90548

27991,-89526

27991,-91504

27991,-91296

27991,-89150

27991,-91012

27991,-89582

27991,-90970

27991,-90484

27991,-90794

27991,-90566

27991,-90394

27991,-91934

27991,-91356

27991,-90462

27991,-91166

27991,-90658

27991,-91670

27991,-92540

27991,-91340

27991,-92576

27991,-92310

27991,-92656

27991,-93934

27991,-93068

27992,-92510

27992,-93398

27992,-93432

27992,-91284

27992,-92320

27992,-91394

27992,-92582

27992,-92004

27998,-92254

27998,-91640

27998,-92022

27998,-94064

27998,-94374

27998,-94872

27998,-94494

27998,-94000

27998,-93646

27998,-94246

27998,-93272

27998,-94806

27998,-94258

27998,-94400

27998,-94524

27998,-95112

27998,-95996

27998,-95890

27998,-94972

27998,-95422

27998,-95620

27998,-95566

27998,-96512

27998,-96140

27998,-96204

27998,-96606

27998,-95516

27998,-96048

27998,-95878

27998,-95426

27998,-94482

27998,-95490

27998,-95244

27998,-95380

27998,-96334

27998,-96910

27998,-97500

27998,-96508

27998,-97078

27998,-97824

27998,-97004

27998,-97712

27998,-97458

27998,-96282

27998,-98156

27998,-97256

27998,-95212

27998,-97050

27998,-97410

27998,-96226

27998,-96224

27998,-96110

27998,-95868

27998,-96476

27998,-97064

27999,-98262

27999,-99080

27999,-98908

27999,-99064

27999,-100076

27999,-99444

27999,-99538

27999,-100638

27999,-99212

27999,-99282

27999,-101452

27999,-101428

27999,-100690

27999,-101666

27999,-101980

27999,-101436

27999,-100900

27999,-100702

27999,-100754

27999,-101804

27999,-100618

27999,-99890

27999,-99408

27999,-100660

27999,-101200

27999,-99986

27999,-100448

27999,-99240

27999,-100070

27999,-100044

27999,-99026

27999,-97524

27999,-98994

27999,-98730

27999,-99626

27999,-98550

27999,-98366

27999,-99516

27999,-99444

27999,-98356

27999,-99122

27999,-98760

27999,-98582

27999,-96530

27999,-96804

27999,-98602

27999,-97844

27999,-97822

27999,-95580

27999,-96796

27999,-97308

27999,-96372

27999,-96624

27999,-98394

27999,-96894

27999,-95184

27999,-97426

27999,-96442

27999,-95806

27999,-96280

27999,-96534

27999,-96690

27999,-95884

27999,-96016

27999,-95914

28000,-96710

28000,-95548

28000,-93860

28000,-95622

28000,-96216

28000,-94858

28000,-94710

28000,-96634

28006,-97330

28006,-96352

28006,-95830

28006,-95596

28006,-97210

28006,-97068

28006,-96144

28006,-96884

28006,-96862

28006,-97546

28006,-95966

28006,-96766

28006,-97780

28006,-97960

28006,-98600

28006,-98596

28006,-99136

28006,-99024

28006,-99684

28006,-99406

28006,-99676

28006,-100826

28006,-101052

28006,-100042

28006,-100700

28006,-100516

28006,-99868

28006,-101338

28006,-100726

28006,-101242

28006,-99736

28006,-100700

28006,-101688

28006,-100868

28006,-101024

28006,-99708

28006,-101172

28006,-99886

28006,-100208

28006,-102814

28006,-98738

28006,-99092

28006,-98892

28006,-100264

28006,-99752

28006,-98910

28006,-98834

28006,-99700

28006,-100270

28006,-97376

28006,-97862

28006,-96272

28006,-97376

28006,-97192

28006,-97212

28007,-98030

28007,-96540

28007,-96082

28007,-96296

28007,-96290

28007,-96678

28007,-98056

28007,-98384

28007,-96870

28007,-97382

28007,-97474

28007,-97382

28007,-96946

28007,-97446

28007,-97510

28007,-97102

28007,-96792

28007,-96154

28007,-97814

28007,-97084

28007,-97378

28007,-97318

28007,-96302

28007,-99100

28007,-97564

28007,-97190

28007,-96218

28007,-97868

28007,-96918

28007,-96568

28007,-96364

28007,-95666

28007,-96236

28007,-97992

28007,-98532

28007,-96936

28007,-98024

28007,-96130

28007,-96420

28007,-98290

28007,-97882

28007,-96868

28007,-96576

28007,-96442

28007,-96144

28007,-94470

28007,-93466

28007,-94620

28007,-93546

28007,-93282

28007,-92822

28007,-94582

28007,-93842

28007,-91424

28007,-94060

28007,-93612

28007,-92556

28007,-94398

28007,-91352

28007,-92102

28007,-93198

28007,-90700

28007,-91240

28007,-90556

28007,-91782

28008,-92126

28008,-90970

28008,-90086

28008,-90828

28008,-90892

28008,-90772

28008,-89876

28008,-88740

28014,-88014

28014,-89728

28014,-89360

28014,-88546

28014,-88596

28014,-88654

28014,-87908

28014,-86090

28014,-86346

28014,-87718

28014,-88572

28014,-87564

28014,-86924

28014,-88066

28014,-88590

28014,-89358

28014,-87710

28014,-88354

28014,-88816

28014,-87558

28014,-87580

28014,-87966

28014,-89458

28014,-89318

28014,-90378

28014,-89818

28014,-88302

28014,-88608

28014,-88338

28014,-89124

28014,-88444

28014,-88564

28014,-88768

28014,-89492

28014,-87818

28014,-88318

28014,-87966

28014,-87040

28014,-88168

28014,-88058

28014,-87472

28014,-87556

28014,-86854

28014,-88812

28014,-86814

28014,-87150

28014,-85384

28014,-85136

28014,-86266

28014,-83938

28014,-84434

28014,-84588

28014,-84442

28014,-84476

28014,-85108

28015,-85938

28015,-86094

28015,-85536

28015,-85594

28015,-85542

28015,-85460

28015,-85478

28015,-86570

28015,-85206

28015,-85774

28015,-85500

28015,-86304

28015,-86308

28015,-85134

28015,-87014

28015,-86014

28015,-86856

28015,-86786

28015,-85302

28015,-85900

28015,-87086

28015,-86838

28015,-86012

28015,-84942

28015,-85300

28015,-84974

28015,-84404

28015,-85868

28015,-84660

28015,-85492

28015,-84928

28015,-85416

28015,-85794

28015,-85196

28015,-83320

28015,-84022

28015,-83904

28015,-83572

28015,-86062

28015,-85610

28015,-85920

28015,-83984

28015,-83708

28015,-83466

28015,-83032

28015,-84296

28015,-82888

28015,-82762

28015,-82186

28015,-82540

28015,-81448

28015,-81048

28015,-81688

28015,-81664

28015,-81762

28015,-81696

28015,-81422

28015,-82414

28015,-82212

28015,-83026

28015,-83150

28015,-82916

28015,-82334

28015,-83182

28015,-84722

28016,-82484

28016,-84834

28016,-84182

28016,-82768

28016,-84400

28016,-84056

28016,-83610

28016,-83246

28022,-83858

28022,-85112

28022,-84602

28022,-84692

28022,-86442

28022,-85374

28022,-87496

28022,-87228

28022,-86586

28022,-86604

28022,-86584

28022,-87020

28022,-86760

28022,-88826

28022,-89134

28022,-89034

28022,-88674

28022,-88230

28022,-88996

28022,-88608

28022,-90026

28022,-90014

28022,-90546

28022,-90392

28022,-88826

28022,-90582

28022,-89364

28022,-90672

28022,-90910

28022,-91022

28022,-91100

28022,-91152

28022,-91112

28022,-91160

28022,-90984

28022,-91744

28022,-92972

28022,-91868

28022,-91082

28022,-91310

28022,-91364

28022,-91108

28022,-90818

28022,-90128

28022,-90684

28022,-89806

28022,-89930

28022,-89696

28022,-89260

28022,-89212

28022,-88608

28022,-89574

28022,-90174

28022,-89128

28022,-89276

28023,-88920

28023,-88768

28023,-89036

28023,-89188

28023,-89140

28023,-88772

28023,-90114

28023,-88092

28023,-86834

28023,-89518

28023,-90162

28023,-89436

28023,-88484

28023,-88560

28023,-87780

28023,-88234

28023,-88896

28023,-89250

28023,-89410

28023,-87660

28023,-89446

28023,-88782

28023,-87972

28023,-87530

28023,-85788

28023,-85910

28023,-87910

28023,-87846

28023,-85480

28023,-86912

28023,-85846

28023,-87062

28023,-87164

28023,-87494

28023,-88158

28023,-87716

28023,-86516

28023,-85448

28023,-84340

28023,-87010

28023,-85806

28023,-87788

28023,-89506

28023,-88386

28023,-85906

28023,-82066

28023,-84700

28023,-83406

28023,-80300

28023,-82100

28023,-81086

28023,-84064

28023,-85688

28023,-82826

28023,-76724

28023,-75782

28023,-80420

28023,-80178

28023,-81704

28023,-80648

28023,-81804

28023,-83354

28023,-86180

28023,-85608

28023,-83930

28024,-80724

28024,-82218

28024,-86772

28024,-85074

28024,-83628

28024,-81284

28024,-85052

28024,-83802

28030,-78970

28030,-80002

28030,-80368

28030,-88282

28030,-87382

28030,-89744

28030,-84236

28030,-83302

28030,-82522

28030,-80968

28030,-81404

28030,-83228

28030,-89548

28030,-87998

28030,-91936

28030,-89212

28030,-89904

28030,-89484

28030,-88614

28030,-90938

28030,-92636

28030,-89524

28030,-89080

28030,-85878

28030,-85412

28030,-86894

28030,-90950

28030,-90202

28030,-90088

28030,-91718

28030,-93232

28030,-92192

28030,-91050

28030,-95634

28030,-94772

28030,-92070

28030,-93624

28030,-100666

28030,-100168

28030,-94144

28030,-95462

28030,-95396

28030,-95386

28030,-95804

28030,-95510

28030,-90848

28030,-90550

28030,-89086

28030,-89476

28030,-89108

28030,-89082

28030,-90456

28030,-90112

28030,-91012

28030,-87074

28031,-89512

28031,-87158

28031,-83536

28031,-84536

28031,-84292

28031,-82108

28031,-82716

28031,-84356

28031,-82402

28031,-83272

28031,-83096

28031,-84808

28031,-83274

28031,-85616

28031,-88392

28031,-88722

28031,-86016

28031,-83458

28031,-82968

28031,-87046

28031,-90356

28031,-88504

28031,-89098

28031,-91518

28031,-97458

28031,-99942

28031,-99338

28031,-97154

28031,-97362

28031,-96090

28031,-100454

28031,-99356

28031,-100822

28031,-98410

28031,-98588

28031,-100556

28031,-100598

28031,-100862

28031,-99516

28031,-104696

28031,-105198

28031,-104348

28031,-99616

28031,-100244

28031,-100052

28031,-103524

28031,-107132

28031,-105132

28031,-107908

28031,-105242

28031,-102272

28031,-99520

28031,-96742

28031,-97382

28031,-98028

28031,-97748

28031,-89770

28031,-88440

28031,-86464

28031,-85042

28031,-83720

28031,-81606

28031,-84118

28031,-85232

28031,-91638

28032,-85954

28032,-87384

28032,-80300

28032,-83886

28032,-82892

28032,-79964

28032,-80798

28032,-79990

28038,-76900

28038,-75898

28038,-77798

28038,-75456

28038,-75704

28038,-74386

28038,-75252

28038,-73926

28038,-67948

28038,-71990

28038,-67222

28038,-63730

28038,-60932

28038,-67568

28038,-73076

28038,-70510

28038,-64758

28038,-60274

28038,-63652

28038,-63414

28038,-58056

28038,-53142

28038,-53314

28038,-56364

28038,-55516

28038,-53402

28038,-52662

28038,-54848

28038,-55044

28038,-50344

28038,-49140

28038,-46464

28038,-49330

28038,-47222

28038,-45222

28038,-43750

28038,-46806

28038,-46258

28038,-46212

28038,-44508

28038,-45482

28038,-48788

28038,-48778

28038,-49666

28038,-48908

28038,-45722

28038,-44418

28038,-43462

28038,-42366

28038,-38426

28038,-42746

28038,-41442

28038,-49456

28038,-52190

28038,-52770

28039,-48068

28039,-48492

28039,-49990

28039,-50230

28039,-53490

28039,-54562

28039,-53220

28039,-53178

28039,-53544

28039,-52088

28039,-56592

28039,-55764

28039,-55318

28039,-55314

28039,-54162

28039,-53610

28039,-55800

28039,-55934

28039,-58956

28039,-60850

28039,-61618

28039,-61828

28039,-62000

28039,-61956

28039,-64836

28039,-62204

28039,-60240

28039,-58378

28039,-64206

28039,-65730

28039,-61840

28039,-61250

28039,-61270

28039,-59568

28039,-56404

28039,-58986

28039,-62298

28039,-61316

28039,-63982

28039,-64024

28039,-63844

28039,-60528

28039,-64648

28039,-66420

28039,-65480

28039,-63804

28039,-65354

28039,-69334

28039,-71016

28039,-73492

28039,-69734

28039,-67878

28039,-66878

28039,-64988

28039,-67656

28039,-67778

28039,-64942

28039,-63492

28039,-64520

28039,-67662

28039,-67306

28039,-66030

28039,-66916

28039,-64636

28039,-63104

28040,-64400

28040,-66738

28040,-68348

28040,-67664

28040,-66920

28040,-66870

28040,-66980

28040,-67070

28046,-63954

28046,-66920

28046,-68682

28046,-64386

28046,-65354

28046,-69284

28046,-66348

28046,-66702

28046,-65876

28046,-62922

28046,-59624

28046,-58918

28046,-62664

28046,-63464

28046,-60996

28046,-62132

28046,-62230

28046,-64136

28046,-63424

28046,-59808

28046,-59534

28046,-59002

28046,-61598

28046,-61344

28046,-57380

28046,-57236

28046,-58878

28046,-56422

28046,-54918

28046,-53888

28046,-48224

28046,-53910

28046,-54572

28046,-54380

28046,-53282

28046,-53270

28046,-54822

28046,-51434

28046,-49508

28046,-45406

28046,-49996

28046,-50534

28046,-49258

28046,-48062

28046,-50030

28046,-51402

28046,-50546

28046,-49616

28046,-46554

28046,-45220

28046,-48776

28046,-49008

28046,-47432

28046,-47782

28046,-48780

28047,-50788

28047,-50578

28047,-52638

28047,-52280

28047,-48450

28047,-51192

28047,-49636

28047,-48172

28047,-53656

28047,-51968

28047,-53134

28047,-52722

28047,-51310

28047,-50538

28047,-49750

28047,-48890

28047,-48188

28047,-47966

28047,-50608

28047,-50438

28047,-49994

28047,-46912

28047,-45540

28047,-44960

28047,-49512

28047,-48292

28047,-48066

28047,-48558

28047,-52076

28047,-52316

28047,-52540

28047,-52364

28047,-51620

28047,-51132

28047,-49452

28047,-50272

28047,-53558

28047,-54192

28047,-54750

28047,-56794

28047,-61300

28047,-58064

28047,-55816

28047,-54106

28047,-57574

28047,-61258

28047,-62530

28047,-62618

28047,-65608

28047,-68360

28047,-71034

28047,-69366

28047,-71392

28047,-70832

28047,-70294

28047,-73556

28047,-75838

28047,-77132

28047,-78472

28047,-80140

28047,-78088

28047,-73472

28047,-74472

28047,-75878

28047,-78582

28048,-78112

28048,-77124

28048,-80850

28048,-80300

28048,-79240

28048,-77790

28048,-78146

28048,-80260

28054,-82118

28054,-80604

28054,-81170

28054,-84282

28054,-85724

28054,-85384

28054,-83972

28054,-84006

28054,-83754

28054,-81254

28054,-81282

28054,-83100

28054,-83676

28054,-84484

28054,-83450

28054,-86042

28054,-86546

28054,-87732

28054,-83704

28054,-85808

28054,-86670

28054,-86694

28054,-85646

28054,-86442

28054,-89218

28054,-87616

28054,-87768

28054,-87404

28054,-90712

28054,-89436

28054,-88162

28054,-85038

28054,-88428

28054,-87738

28054,-88392

28054,-86228

28054,-84620

28054,-84828

28054,-82582

28054,-82658

28054,-84174

28054,-83410

28054,-84940

28054,-85360

28054,-84142

28054,-84506

28054,-84370

28054,-83078

28054,-82960

28054,-82844

28054,-80724

28054,-81682

28054,-83514

28054,-84100

28054,-84996

28055,-83704

28055,-82118

28055,-82836

28055,-80572

28055,-81266

28055,-81980

28055,-83570

28055,-83114

28055,-82036

28055,-81494

28055,-82042

28055,-80858

28055,-79440

28055,-79630

28055,-76592

28055,-77262

28055,-78170

28055,-77880

28055,-78134

28055,-76748

28055,-75806

28055,-73170

28055,-72650

28055,-71820

28055,-68156

28055,-67830

28055,-65820

28055,-67550

28055,-66962

28055,-67016

28055,-65518

28055,-65166

28055,-66702

28055,-63026

28055,-64530

28055,-62892

28055,-64276

28055,-65480

28055,-66854

28055,-64020

28055,-61534

28055,-61866

28055,-60688

28055,-61528

28055,-60050

28055,-60526

28055,-61970

28055,-62792

28055,-64590

28055,-63142

28055,-62982

28055,-63734

28055,-60980

28055,-60606

28055,-60688

28055,-61332

28055,-62186

28055,-62134

28055,-62598

28055,-61788

28055,-61800

28055,-58688

28055,-58714

28055,-60356

28055,-61930

28056,-62282

28056,-60334

28056,-59636

28056,-60722

28056,-60272

28056,-55984

28056,-55592

28056,-55618

28062,-57020

28062,-54642

28062,-53584

28062,-54330

28062,-53354

28062,-53068

28062,-50334

28062,-50330

28062,-50766

28062,-51274

28062,-51006

28062,-52094

28062,-54278

28062,-54634

28062,-54556

28062,-52942

28062,-52526

28062,-52468

28062,-55044

28062,-53574

28062,-54206

28062,-52236

28062,-53352

28062,-55440

28062,-55012

28062,-54374

28062,-53192

28062,-53724

28062,-54392

28062,-53228

28062,-54068

28062,-53368

28062,-56870

28062,-57168

28062,-57276

28062,-59786

28062,-57578

28062,-61082

28062,-60492

28062,-58930

28062,-57048

28062,-56390

28062,-56374

28062,-55532

28062,-53138

28062,-52376

28062,-51424

28062,-52168

28062,-51432

28062,-49144

28062,-51228

28062,-50646

28062,-50734

28062,-52786

28062,-52318

28063,-51762

28063,-53690

28063,-55728

28063,-54714

28063,-54286

28063,-54252

28063,-55336

28063,-55544

28063,-57712

28063,-58510

28063,-57268

28063,-56672

28063,-58588

28063,-57390

28063,-58136

28063,-56980

28063,-58564

28063,-58368

28063,-56538

28063,-57596

28063,-57350

28063,-59756

28063,-61424

28063,-61172

28063,-60180

28063,-60730

28063,-61006

28063,-61508

28063,-60722

28063,-60564

28063,-61152

28063,-61640

28063,-60758

28063,-60160

28063,-59322

28063,-57506

28063,-55658

28063,-54732

28063,-49496

28063,-50704

28063,-50782

28063,-51480

28063,-51108

28063,-51710

28063,-52152

28063,-50680

28063,-46952

28063,-47096

28063,-48524

28063,-48034

28063,-49062

28063,-49988

28063,-48992

28063,-48518

28063,-46328

28063,-44020

28063,-41856

28063,-40978

28063,-41762

28063,-41428

28063,-37388

28063,-36092

28063,-38174

28063,-36842

28063,-35530

28064,-35748

28064,-34814

28064,-33896

28064,-34234

28064,-32838

28064,-33578

28064,-32810

28064,-32954

28070,-34628

28070,-31672

28070,-33400

28070,-31852

28070,-31068

28070,-30600

28070,-29802

28070,-29916

28070,-27944

28070,-27838

28070,-27780

28070,-27366

28070,-26042

28070,-27308

28070,-27600

28070,-27070

28070,-27952

28070,-26136

28070,-26538

28070,-25948

28070,-26504

28070,-27210

28070,-27334

28070,-26210

28070,-25646

28070,-26650

28070,-28336

28070,-29010

28070,-27450

28070,-27014

28070,-29582

28070,-29316

28070,-27066

28070,-27706

28070,-27704

28070,-25900

28070,-26712

28070,-26128

28070,-25262

28070,-27488

28070,-27302

28070,-28644

28070,-29756

28070,-29926

28070,-30372

28070,-31086

28070,-33622

28070,-32162

28070,-33198

28070,-33700

28070,-33738

28070,-35854

28070,-35188

28070,-36152

28070,-35382

28071,-36376

28071,-35228

28071,-34292

28071,-34914

28071,-34438

28071,-37786

28071,-38090

28071,-39036

28071,-36750

28071,-36978

28071,-39426

28071,-39582

28071,-40222

28071,-41952

28071,-41540

28071,-42720

28071,-40626

28071,-42162

28071,-43156

28071,-42422

28071,-43538

28071,-43602

28071,-43134

28071,-41776

28071,-41702

28071,-39422

28071,-40258

28071,-39140

28071,-40386

28071,-40862

28071,-39318

28071,-37968

28071,-38254

28071,-36146

28071,-34964

28071,-38452

28071,-38410

28071,-39158

28071,-37878

28071,-36770

28071,-37254

28071,-34256

28071,-33076

28071,-34808

28071,-33444

28071,-33730

28071,-30730

28071,-32552

28071,-33028

28071,-30936

28071,-31170

28071,-31054

28071,-30316

28071,-30114

28071,-30148

28071,-29084

28071,-27332

28071,-27152

28071,-26550

28071,-25838

28071,-23942

28071,-24764

28071,-24784

28071,-25578

28071,-22650

28072,-22708

28072,-23876

28072,-24364

28072,-24194

28072,-24834

28072,-26382

28072,-24536

28072,-26500

28078,-23224

28078,-22530

28078,-21438

28078,-23676

28078,-23134

28078,-21114

28078,-19344

28078,-19884

28078,-19376

28078,-18702

28078,-18004

28078,-17166

28078,-16398

28078,-18422

28078,-17266

28078,-16878

28078,-15256

28078,-17388

28078,-14850

28078,-14854

28078,-15348

28078,-13850

28078,-12944

28078,-11408

28078,-13102

28078,-9208

28078,-8128

28078,-7410

28078,-6490

28078,-4782

28078,-5326

28078,-5514

28078,-4124

28078,-5658

28078,-5394

28078,-5156

28078,-5204

28078,-5350

28078,-4126

28078,-5786

28078,-5984

28078,-7816

28078,-6718

28078,-5660

28078,-5108

28078,-4854

28078,-6540

28078,-4968

28078,-5208

28078,-3034

28078,-4372

28078,-6440

28078,-7708

28078,-4700

28078,-4006

28079,-5940

28079,-8884

28079,-7616

28079,-7328

28079,-8372

28079,-9170

28079,-7616

28079,-6504

28079,-6624

28079,-7404

28079,-8338

28079,-7324

28079,-7864

28079,-7514

28079,-6978

28079,-7760

28079,-5076

28079,-8506

28079,-8022

28079,-7370

28079,-7946

28079,-8528

28079,-7822

28079,-7984

28079,-7074

28079,-7020

28079,-7666

28079,-6196

28079,-6652

28079,-6640

28079,-4778

28079,-4916

28079,-5300

28079,-7796

28079,-6786

28079,-6042

28079,-6934

28079,-7780

28079,-8546

28079,-9886

28079,-8996

28079,-10686

28079,-12410

28079,-11180

28079,-10020

28079,-11128

28079,-11314

28079,-13720

28079,-13808

28079,-13342

28079,-13548

28079,-12870

28079,-15468

28079,-12956

28079,-15124

28079,-14980

28079,-16952

28079,-16832

28079,-16996

28079,-18886

28079,-17684

28079,-18706

28079,-19396

28079,-20262

28079,-19610

28080,-19888

28080,-20988

28080,-21558

28080,-22402

28080,-19650

28080,-19880

28080,-20376

28080,-20988

28086,-20310

28086,-20996

28086,-21392

28086,-21708

28086,-23408

28086,-23694

28086,-23144

28086,-23986

28086,-24310

28086,-24968

28086,-24962

28086,-26414

28086,-25966

28086,-26602

28086,-24976

28086,-25090

28086,-25760

28086,-25968

28086,-27006

28086,-26472

28086,-26260

28086,-28136

28086,-28140

28086,-28118

28086,-28460

28086,-29082

28086,-29384

28086,-30004

28086,-28562

28086,-29492

28086,-31140

28086,-29546

28086,-30520

28086,-29280

28086,-27124

28086,-27158

28086,-28670

28086,-26974

28086,-28152

28086,-28276

28086,-28870

28086,-27212

28086,-26454

28086,-27294

28086,-27068

28086,-27416

28086,-27068

28086,-26944

28086,-26372

28086,-25544

28086,-24802

28086,-25386

28086,-24456

28086,-24032

28086,-23486

28087,-22490

28087,-20178

28087,-19550

28087,-20560

28087,-18200

28087,-17872

28087,-17484

28087,-17142

28087,-18196

28087,-16636

28087,-17338

28087,-17664

28087,-17962

28087,-15648

28087,-14532

28087,-14778

28087,-14182

28087,-16532

28087,-15284

28087,-13804

28087,-13970

28087,-12968

28087,-14852

28087,-13324

28087,-11650

28087,-11826

28087,-11444

28087,-11570

28087,-10820

28087,-11620

28087,-9594

28087,-10114

28087,-11528

28087,-11360

28087,-10546

28087,-11456

28087,-11128

28087,-11840

28087,-12146

28087,-13072

28087,-10932

28087,-10696

28087,-11558

28087,-11448

28087,-10676

28087,-11184

28087,-12294

28087,-11172

28087,-11244

28087,-10282

28087,-11482

28087,-12660

28087,-12036

28087,-12852

28087,-12838

28087,-13410

28087,-12994

28087,-10178

28087,-11418

28087,-10864

28087,-12472

28087,-13536

28087,-11934

28087,-13230

28087,-13494

28088,-14772

28088,-15742

28088,-13500

28088,-13648

28088,-13946

28088,-15416

28088,-15552

28088,-14536

28094,-16168

28094,-15866

28094,-16982

28094,-16864

28094,-15426

28094,-15566

28094,-18200

28094,-16354

28094,-15454

28094,-17238

28094,-15870

28094,-14774

28094,-15300

28094,-14106

28094,-13726

28094,-15242

28094,-15950

28094,-15888

28094,-17372

28094,-16950

28094,-17664

28094,-18722

28094,-19158

28094,-20414

28094,-20196

28094,-22078

28094,-20068

28094,-20240

28094,-19368

28094,-20282

28094,-21202

28094,-20188

28094,-18590

28094,-17502

28094,-18416

28094,-18254

28094,-18052

28094,-18728

28094,-17718

28094,-18434

28094,-16928

28094,-17856

28094,-17472

28094,-16540

28094,-17930

28094,-18348

28094,-18998

28094,-17790

28094,-18080

28094,-17258

28094,-17592

28094,-18618

28094,-16416

28094,-17368

28094,-17884

28095,-17978

28095,-17206

28095,-17378

28095,-17520

28095,-15774

28095,-16194

28095,-14396

28095,-15474

28095,-15528

28095,-13776

28095,-14808

28095,-14316

28095,-14898

28095,-14074

28095,-14144

28095,-14542

28095,-15416

28095,-13684

28095,-13598

28095,-15136

28095,-13698

28095,-14114

28095,-13196

28095,-12554

28095,-13582

28095,-12808

28095,-12680

28095,-12790

28095,-13436

28095,-12378

28095,-14262

28095,-11110

28095,-11394

28095,-11762

28095,-11044

28095,-11512

28095,-9650

28095,-11022

28095,-11522

28095,-11614

28095,-10388

28095,-9522

28095,-8894

28095,-6742

28095,-7614

28095,-8200

28095,-8784

28095,-7984

28095,-8714

28095,-7862

28095,-6324

28095,-6154

28095,-5648

28095,-6768

28095,-6236

28095,-5274

28095,-6370

28095,-5582

28095,-6064

28095,-5266

28095,-3658

28095,-4448

28095,-5524

28095,-4632

28095,-4508

28096,-4788

28096,-4076

28096,-3902

28096,-4484

28096,-4632

28096,-5052

28096,-3954

28096,-4018

28102,-3608

28102,-1310

28102,-2442

28102,-2372

28102,-3294

28102,-4458

28102,-5138

28102,-4724

28102,-2680

28102,-4100

28102,-3396

28102,-3142

28102,-2756

28102,-2240

28102,-2196

28102,-2664

28102,-3814

28102,-2996

28102,-4124

28102,-4232

28102,-3848

28102,-3686

28102,-4528

28102,-3936

28102,-4238

28102,-6220

28102,-5900

28102,-5616

28102,-5156

28102,-4446

28102,-4092

28102,-2404

28102,-3388

28102,-4916

28102,-3234

28102,-4346

28102,-4960

28102,-5398

28102,-4056

28102,-3482

28102,-1692

28102,-2946

28102,-2564

28102,-1350

28102,-2646

28102,-1720

28102,-1232

28102,-3706

28102,-2624

28102,-3600

28102,-5142

28102,-4690

28102,-4230

28102,-6332

28102,-6552

28103,-6770

28103,-7300

28103,-8482

28103,-9294

28103,-9050

28103,-9726

28103,-9808

28103,-9366

28103,-10706

28103,-11360

28103,-11358

28103,-12236

28103,-10536

28103,-11388

28103,-11624

28103,-10514

28103,-10940

28103,-12120

28103,-11048

28103,-10920

28103,-10534

28103,-10602

28103,-12480

28103,-13226

28103,-11000

28103,-10546

28103,-10308

28103,-11568

28103,-10664

28103,-10756

28103,-10116

28103,-11010

28103,-11688

28103,-10948

28103,-10720

28103,-12014

28103,-11286

28103,-11136

28103,-12012

28103,-12636

28103,-12288

28103,-12590

28103,-11198

28103,-12390

28103,-11050

28103,-10906

28103,-10124

28103,-8952

28103,-8994

28103,-8388

28103,-9488

28103,-8750

28103,-9536

28103,-10048

28103,-10472

28103,-9156

28103,-7712

28103,-8136

28103,-8634

28103,-7762

28103,-8068

28103,-8610

28103,-6596

28103,-7300

28103,-5804

28104,-4960

28104,-6318

28104,-4782

28104,-3622

28104,-4216

28104,-3440

28104,-3338

28104,-2884

28110,-3238

28110,-2258

28110,-2400

28110,-1712

28110,-4148

28110,-3714

28110,-3556

28110,-4036

28110,-3944

28110,-4438

28110,-3896

28110,-3126

28110,-3204

28110,-1692

28110,-2348

28110,-3470

28110,-2044

28110,-1942

28110,-300

28110,-1272

28110,-1996

28110,146

28110,-628

28110,1350

28110,150

28110,-786

28110,-1614

28110,-616

28110,1282

28110,-910

28110,-834

28110,-1808

28110,-834

28110,-1994

28110,-2448

28110,-966

28110,-468

28110,-1162

28110,-1148

28110,-3294

28110,-3964

28110,-3606

28110,-2472

28110,-1742

28110,-704

28110,-1360

28110,-1894

28110,-1522

28110,-738

28110,-140

28110,-2230

28110,-1736

28110,-2614

28110,-2332

28110,-3698

28111,-5308

28111,-4062

28111,-5810

28111,-5558

28111,-6032

28111,-4566

28111,-6102

28111,-5226

28111,-6688

28111,-7258

28111,-5784

28111,-6950

28111,-6996

28111,-7184

28111,-6480

28111,-7164

28111,-8690

28111,-8016

28111,-9682

28111,-9820

28111,-9190

28111,-10946

28111,-11310

28111,-10076

28111,-10410

28111,-10172

28111,-9502

28111,-9806

28111,-10806

28111,-9556

28111,-9192

28111,-10554

28111,-12146

28111,-12314

28111,-12354

28111,-12538

28111,-11704

28111,-11030

28111,-12430

28111,-12022

28111,-11550

28111,-13254

28111,-12954

28111,-11798

28111,-10964

28111,-10414

28111,-8628

28111,-8302

28111,-8442

28111,-8778

28111,-9102

28111,-10628

28111,-9612

28111,-9098

28111,-8956

28111,-10712

28111,-10796

28111,-11334

28111,-11338

28111,-10808

28111,-10690

28111,-10174

28111,-10140

28111,-10220

28111,-10680

28112,-9724

28112,-10220

28112,-11220

28112,-9626

28112,-9000

28112,-10680

28112,-10250

28112,-10602

28118,-9402

28118,-9532

28118,-9160

28118,-10568

28118,-10884

28118,-11248

28118,-10914

28118,-9618

28118,-10316

28118,-10266

28118,-9700

28118,-9924

28118,-10870

28118,-8872

28118,-9726

28118,-9082

28118,-9108

28118,-8132

28118,-6680

28118,-6146

28118,-5852

28118,-7356

28118,-7124

28118,-4952

28118,-6010

28118,-6254

28118,-6062

28118,-6006

28118,-6470

28118,-7778

28118,-5942

28118,-5854

28118,-7842

28118,-5172

28118,-5542

28118,-2460

28118,-3096

28118,-3394

28118,-2166

28118,-2400

28118,-954

28118,-1366

28118,-1124

28118,-1588

28118,-1070

28118,284

28118,534

28118,188

28118,-402

28118,-384

28118,-292

28118,-104

28118,766

28118,410

28118,-350

28119,332

28119,3230

28119,3714

28119,2502

28119,2468

28119,2242

28119,1270

28119,1076

28119,1044

28119,1944

28119,1292

28119,2118

28119,2306

28119,188

28119,1252

28119,1270

28119,1030

28119,84

28119,786

28119,-690

28119,-276

28119,-386

28119,542

28119,-308

28119,-552

28119,-648

28119,-1578

28119,-1120

28119,-1620

28119,-2270

28119,-2060

28119,-146

28119,-2144

28119,-1316

28119,-2986

28119,-3534

28119,-4206

28119,-2426

28119,-902

28119,-830

28119,-906

28119,-176

28119,-870

28119,-1592

28119,-2076

28119,-2894

28119,-850

28119,-2138

28119,-836

28119,-2298

28119,-1344

28119,-3248

28119,-3062

28119,-2462

28119,-2748

28119,-3218

28119,-3450

28119,-3452

28119,-3386

28119,-2370

28119,-3364

28119,-2836

28119,-3100

28119,-4070

28119,-4086

28120,-4700

28120,-7050

28120,-5558

28120,-6856

28120,-6830

28120,-7720

28120,-6872

28120,-5740

28126,-6002

28126,-6288

28126,-5654

28126,-5380

28126,-5482

28126,-5584

28126,-6388

28126,-5622

28126,-5244

28126,-5406

28126,-6724

28126,-7294

28126,-7634

28126,-6146

28126,-5936

28126,-7662

28126,-6624

28126,-7762

28126,-7712

28126,-8384

28126,-7586

28126,-7278

28126,-6994

28126,-5750

28126,-4104

28126,-4704

28126,-3530

28126,-2902

28126,-3732

28126,-2774

28126,-2104

28126,-3116

28126,-2264

28126,-922

28126,-210

28126,-1172

28126,-2088

28126,-742

28126,-2872

28126,-1090

28126,-394

28126,-442

28126,-1408

28126,-42

28126,-390

28126,-1074

28126,-156

28126,-1232

28126,-648

28126,-766

28126,-1500

28126,-2514

28126,-1194

28126,-2376

28126,-636

28127,284

28127,-638

28127,-1536

28127,-2084

28127,-2434

28127,-982

28127,-184

28127,-1550

28127,-2288

28127,-2514

28127,-1946

28127,-608

28127,-1452

28127,-2096

28127,-3126

28127,-1504

28127,-2082

28127,-1284

28127,-488

28127,-2068

28127,-790

28127,-1682

28127,-960

28127,-2644

28127,-2498

28127,-5108

28127,-4662

28127,-4676

28127,-5622

28127,-5524

28127,-5640

28127,-5200

28127,-4974

28127,-5420

28127,-5302

28127,-4864

28127,-5542

28127,-4264

28127,-4736

28127,-2992

28127,-3848

28127,-4348

28127,-3632

28127,-3758

28127,-4584

28127,-5726

28127,-5776

28127,-3826

28127,-6450

28127,-6724

28127,-7022

28127,-6316

28127,-6638

28127,-5562

28127,-6086

28127,-4896

28127,-4626

28127,-5206

28127,-4498

28127,-4280

28127,-4276

28127,-3500

28127,-4448

28127,-4620

28127,-5396

28128,-7782

28128,-6072

28128,-7178

28128,-7702

28128,-8306

28128,-6514

28128,-8014

28128,-8198

28134,-8610

28134,-7982

28134,-7870

28134,-8034

28134,-9240

28134,-8076

28134,-8718

28134,-8796

28134,-7222

28134,-9768

28134,-8806

28134,-8224

28134,-8818

28134,-8880

28134,-9000

28134,-8428

28134,-9866

28134,-9466

28134,-8606

28134,-8702

28134,-8510

28134,-8512

28134,-8296

28134,-8618

28134,-7734

28134,-8522

28134,-6812

28134,-6704

28134,-5826

28134,-3960

28134,-4808

28134,-5492

28134,-5088

28134,-4996

28134,-4690

28134,-4496

28134,-5692

28134,-6052

28134,-6148

28134,-6016

28134,-5968

28134,-6198

28134,-6330

28134,-6826

28134,-5612

28134,-6386

28134,-6966

28134,-6588

28134,-4744

28134,-5182

28134,-4952

28134,-2776

28134,-3280

28134,-3562

28134,-1214

28135,-1676

28135,-1642

28135,-1352

28135,-1362

28135,-2016

28135,-1892

28135,-2504

28135,-2680

28135,-1184

28135,-714

28135,-324

28135,-712

28135,1214

28135,1820

28135,-100

28135,748

28135,2840

28135,1816

28135,2236

28135,2586

28135,3270

28135,5562

28135,5788

28135,5260

28135,5908

28135,6950

28135,5272

28135,5622

28135,5774

28135,6342

28135,6292

28135,5244

28135,5676

28135,6680

28135,6380

28135,5356

28135,7126

28135,7078

28135,8396

28135,7526

28135,7092

28135,7936

28135,7248

28135,7304

28135,6706

28135,8204

28135,7816

28135,7786

28135,7170

28135,6612

28135,7056

28135,7018

28135,7764

28135,7942

28135,8366

28135,8210

28135,7626

28135,9212

28135,10200

28135,8958

28135,9444

28135,9618

28135,10034

28135,10686

28135,11790

28136,12292

28136,13094

28136,11624

28136,13388

28136,12782

28136,13314

28136,14380

28136,15024

28142,15526

28142,15882

28142,16524

28142,16054

28142,18464

28142,17858

28142,19196

28142,18676

28142,18904

28142,19040

28142,19358

28142,20340

28142,19688

28142,19654

28142,19390

28142,20740

28142,20430

28142,19956

28142,22206

28142,20424

28142,20152

28142,19246

28142,19364

28142,20684

28142,19484

28142,19590

28142,19972

28142,19030

28142,18106

28142,19160

28142,18634

28142,18814

28142,18888

28142,18790

28142,20750

28142,20788

28142,20942

28142,22192

28142,20974

28142,20978

28142,22516

28142,22402

28142,20526

28142,18948

28142,18332

28142,19322

28142,19200

28142,19982

28142,18236

28142,17338

28142,18672

28142,15698

28142,16608

28142,17452

28142,16816

28143,16970

28143,17994

28143,15854

28143,15812

28143,15582

28143,14180

28143,15198

28143,16328

28143,15462

28143,15852

28143,16222

28143,16006

28143,17170

28143,16576

28143,15684

28143,16012

28143,15048

28143,15578

28143,16168

28143,16554

28143,17848

28143,16024

28143,17762

28143,17884

28143,17924

28143,19192

28143,19808

28143,19458

28143,18688

28143,17974

28143,18914

28143,17698

28143,18222

28143,18488

28143,19220

28143,18628

28143,18712

28143,17240

28143,18430

28143,16670

28143,17680

28143,18990

28143,18672

28143,19790

28143,20168

28143,20094

28143,20914

28143,21646

28143,20664

28143,21552

28143,19496

28143,20392

28143,19988

28143,20060

28143,20924

28143,20768

28143,21116

28143,20742

28143,20448

28143,20536

28143,22400

28143,20710

28143,22844

28143,21774

28143,24476

28144,24568

28144,23044

28144,25270

28144,24436

28144,26032

28144,26916

28144,27484

28144,28174

28150,28090

28150,29846

28150,29302

28150,30620

28150,30832

28150,30364

28150,31582

28150,30462

28150,31884

28150,31512

28150,32602

28150,33642

28150,34650

28150,33766

28150,34000

28150,33320

28150,33972

28150,33360

28150,35574

28150,34420

28150,34856

28150,35334

28150,35186

28150,34492

28150,35384

28150,35772

28150,35476

28150,34420

28150,33458

28150,35804

28150,34238

28150,35640

28150,34524

28150,35098

28150,35472

28150,36570

28150,35898

28150,34532

28150,35792

28150,35726

28150,36244

28150,36964

28150,39380

28150,39052

28150,40870

28150,40156

28150,40582

28150,40874

28150,42156

28150,41316

28150,42586

28150,43558

28150,43630

28150,44400

28150,45290

28151,45696

28151,45188

28151,46298

28151,46944

28151,47178

28151,47290

28151,45608

28151,48090

28151,46944

28151,48016

28151,48242

28151,47962

28151,48816

28151,48260

28151,48656

28151,48608

28151,49486

28151,47472

28151,48468

28151,49016

28151,48096

28151,49368

28151,49046

28151,48300

28151,49328

28151,48074

28151,49198

28151,48690

28151,48296

28151,50546

28151,50536

28151,50072

28151,50836

28151,49606

28151,50002

28151,51314

28151,51376

28151,53390

28151,52320

28151,51628

28151,51552

28151,51302

28151,53680

28151,52086

28151,52280

28151,54326

28151,53226

28151,56834

28151,56544

28151,57392

28151,56888

28151,58622

28151,58300

28151,58394

28151,58664

28151,59050

28151,58896

28151,58790

28151,58022

28151,59306

28151,60052

28151,59784

28151,60778

28151,62354

28151,63554

28152,62410

28152,62408

28152,62392

28152,61934

28152,62138

28152,62122

28152,63004

28152,63340

28158,62670

28158,64852

28158,63026

28158,64520

28158,65538

28158,63894

28158,65176

28158,66284

28158,66692

28158,68070

28158,68592

28158,68458

28158,67914

28158,70796

28158,70116

28158,70484

28158,70448

28158,71380

28158,72588

28158,72122

28158,72014

28158,73632

28158,74272

28158,73126

28158,74566

28158,75324

28158,75202

28158,74740

28158,76834

28158,77240

28158,76490

28158,76766

28158,77224

28158,77840

28158,79018

28158,79976

28158,81118

28158,80838

28158,81708

28158,82096

28158,81244

28158,82528

28158,84240

28158,83410

28158,82948

28158,84080

28158,83534

28158,84196

28158,84732

28158,85236

28158,86362

28158,87330

28158,86606

28158,88268

28158,90440

28159,90410

28159,91320

28159,91972

28159,92782

28159,91888

28159,93508

28159,93072

28159,92862

28159,93164

28159,95466

28159,94394

28159,95770

28159,95644

28159,96682

28159,95230

28159,97186

28159,96750

28159,96832

28159,97360

28159,96854

28159,97354

28159,98262

28159,96532

28159,97528

28159,97590

28159,98352

28159,98424

28159,98446

28159,99182

28159,97748

28159,99548

28159,98736

28159,100184

28159,100378

28159,99418

28159,99850

28159,100352

28159,101698

28159,101288

28159,102096

28159,103168

28159,102900

28159,102034

28159,101202

28159,103806

28159,103452

28159,103264

28159,103810

28159,104202

28159,104588

28159,105868

28159,104800

28159,103806

28159,103796

28159,103118

28159,104994

28159,105448

28159,107210

28159,107026

28159,105284

28159,107200

28159,107560

28159,108592

28159,107160

28159,107316

28160,107784

28160,107914

28160,108982

28160,106928

28160,108812

28160,109156

28160,108276

28160,107206

28166,108170

28166,107600

28166,107268

28166,107982

28166,107860

28166,106692

28166,105474

28166,105794

28166,107322

28166,105504

28166,105500

28166,105498

28166,104334

28166,105478

28166,106186

28166,105622

28166,103762

28166,105884

28166,105092

28166,105326

28166,104242

28166,104532

28166,107002

28166,106016

28166,105972

28166,105814

28166,104308

28166,104204

28166,104246

28166,103922

28166,104500

28166,105512

28166,104542

28166,104654

28166,103754

28166,104300

28166,104296

28166,105302

28166,106516

28166,107448

28166,105984

28166,105232

28166,107028

28166,106256

28166,108074

28166,107516

28166,107932

28166,109908

28166,109458

28166,108946

28166,109504

28166,110352

28166,107776

28166,109522

28166,109438

28167,109596

28167,109120

28167,109906

28167,109742

28167,109908

28167,111326

28167,109938

28167,107836

28167,109590

28167,109164

28167,109756

28167,109938

28167,110060

28167,109652

28167,110036

28167,109482

28167,110680

28167,108442

28167,109198

28167,110008

28167,110352

28167,107962

28167,108852

28167,109710

28167,107270

28167,108448

28167,109042

28167,108044

28167,107570

28167,106696

28167,106470

28167,105432

28167,107670

28167,108462

28167,107490

28167,108556

28167,107616

28167,105894

28167,106814

28167,107066

28167,107106

28167,106596

28167,108130

28167,106894

28167,107372

28167,107128

28167,108216

28167,107912

28167,107768

28167,108836

28167,107642

28167,107232

28167,107340

28167,107550

28167,108158

28167,106384

28167,107074

28167,108436

28167,108174

28167,109004

28167,109476

28167,109764

28167,109848

28167,110388

28167,109800

28168,107314

28168,107162

28168,108766

28168,106706

28168,107162

28168,107222

28168,106570

28168,104886

28174,104428

28174,105660

28174,105114

28174,103364

28174,104010

28174,102814

28174,102660

28174,102838

28174,102698

28174,100870

28174,102154

28174,100900

28174,101468

28174,101238

28174,100608

28174,100074

28174,100316

28174,101442

28174,99976

28174,99102

28174,99162

28174,99178

28174,99470

28174,97022

28174,98730

28174,99362

28174,99448

28174,99580

28174,99142

28174,98176

28174,97858

28174,97130

28174,97176

28174,95798

28174,94686

28174,94254

28174,95174

28174,92546

28174,93460

28174,93534

28174,92216

28174,92674

28174,90756

28174,91148

28174,91362

28174,90550

28174,90942

28174,90698

28174,90472

28174,91274

28174,91720

28174,91604

28174,88904

28174,88868

28174,89460

28175,89018

28175,87902

28175,87080

28175,87512

28175,87472

28175,86516

28175,85574

28175,86318

28175,84626

28175,83686

28175,84232

28175,83810

28175,82856

28175,84874

28175,85336

28175,82962

28175,82334

28175,83510

28175,84236

28175,81378

28175,81062

28175,82146

28175,81222

28175,79484

28175,79380

28175,80060

28175,80102

28175,79412

28175,79048

28175,78544

28175,78936

28175,78458

28175,77998

28175,79098

28175,77468

28175,76688

28175,76788

28175,76934

28175,76804

28175,76200

28175,76300

28175,75312

28175,74174

28175,75836

28175,74750

28175,76296

28175,75852

28175,75762

28175,73942

28175,74286

28175,74312

28175,76266

28175,75266

28175,74452

28175,74770

28175,73510

28175,74948

28175,73094

28175,74014

28175,73256

28175,72738

28175,71918

28175,72430

28175,73982

28175,73098

28176,73464

28176,71288

28176,72048

28176,71190

28176,70706

28176,71032

28176,71772

28176,71638

28182,72670

28182,69868

28182,70336

28182,71332

28182,70940

28182,69858

28182,71278

28182,71714

28182,69740

28182,69510

28182,69800

28182,70862

28182,69016

28182,69852

28182,71334

28182,71104

28182,72266

28182,70494

28182,71400

28182,72922

28182,72184

28182,71604

28182,71016

28182,72390

28182,72922

28182,72274

28182,71480

28182,72718

28182,73598

28182,73402

28182,73394

28182,72912

28182,73682

28182,74448

28182,73070

28182,73382

28182,73802

28182,73266

28182,73370

28182,73498

28182,73754

28182,72612

28182,74068

28182,74504

28182,72826

28182,72772

28182,72270

28182,72702

28182,72370

28182,71632

28182,72482

28182,71704

28182,71632

28182,69462

28182,70840

28183,70036

28183,70340

28183,68932

28183,66562

28183,70002

28183,69346

28183,68364

28183,67590

28183,68288

28183,69158

28183,68086

28183,70034

28183,69662

28183,68646

28183,69262

28183,68690

28183,68080

28183,67448

28183,66672

28183,66194

28183,66024

28183,66862

28183,67172

28183,66508

28183,64718

28183,65040

28183,64180

28183,65278

28183,64910

28183,63470

28183,64712

28183,63908

28183,63508

28183,62842

28183,64628

28183,64030

28183,64662

28183,61766

28183,62480

28183,62150

28183,62160

28183,63564

28183,63604

28183,64562

28183,62910

28183,63596

28183,63394

28183,63914

28183,63632

28183,61784

28183,62656

28183,64222

28183,64078

28183,62908

28183,62482

28183,62026

28183,61788

28183,63176

28183,62068

28183,64010

28183,62680

28183,62884

28183,63276

28183,62696

28183,63376

28184,61630

28184,64068

28184,61250

28184,61306

28184,63092

28184,59668

28184,59974

28184,59452

28190,59584

28190,59340

28190,58188

28190,56376

28190,58072

28190,58202

28190,57682

28190,57586

28190,57942

28190,57148

28190,55654

28190,55158

28190,55102

28190,55526

28190,55932

28190,55158

28190,55052

28190,56248

28190,55830

28190,55952

28190,54692

28190,54678

28190,56724

28190,54308

28190,54002

28190,56716

28190,55298

28190,55700

28190,54798

28190,55048

28190,57074

28190,55364

28190,57210

28190,55950

28190,56322

28190,56574

28190,54802

28190,56486

28190,56236

28190,55938

28190,56036

28190,55708

28190,54928

28190,55940

28190,54336

28190,55828

28190,56480

28190,55578

28190,55458

28190,56256

28190,55564

28190,56478

28190,55064

28190,57178

28190,56590

28191,56028

28191,55816

28191,56152

28191,57594

28191,57498

28191,58912

28191,57472

28191,57868

28191,58330

28191,58572

28191,58972

28191,58764

28191,58556

28191,58808

28191,58124

28191,58832

28191,58628

28191,58850

28191,58006

28191,58758

28191,57778

28191,58614

28191,57180

28191,56140

28191,56366

28191,55674

28191,56858

28191,55476

28191,56908

28191,55544

28191,54588

28191,55632

28191,56104

28191,55636

28191,55192

28191,55758

28191,54126

28191,53338

28191,52724

28191,54144

28191,54282

28191,53612

28191,53148

28191,53832

28191,54548

28191,51914

28191,52508

28191,53428

28191,52486

28191,52622

28191,52722

28191,53516

28191,53850

28191,52612

28191,54576

28191,54344

28191,53666

28191,55024

28191,55008

28191,54750

28191,53642

28191,54932

28191,55126

28191,54044

28191,54954

28192,54152

28192,55250

28192,53750

28192,53552

28192,54568

28192,54366

28192,54904

28192,54932

28198,56144

28198,55150

28198,53774

28198,56006

28198,54360

28198,54470

28198,55126

28198,54418

28198,55772

28198,55384

28198,56798

28198,54976

28198,55452

28198,56984

28198,55622

28198,55518

28198,56194

28198,56566

28198,55434

28198,56106

28198,55594

28198,56718

28198,55082

28198,56076

28198,55988

28198,57654

28198,57956

28198,59034

28198,57782

28198,56992

28198,57188

28198,56400

28198,57664

28198,58168

28198,55318

28198,57264

28198,58312

28198,59216

28198,58118

28198,58920

28198,58074

28198,58830

28198,60238

28198,58908

28198,60054

28198,57818

28198,59626

28198,58616

28198,58890

28198,58832

28198,58298

28198,58714

28198,57954

28198,57708

28198,59856

28199,58696

28199,57956

28199,58682

28199,58694

28199,59508

28199,59570

28199,59546

28199,60922

28199,58982

28199,59322

28199,59208

28199,58332

28199,57664

28199,58134

28199,60270

28199,57348

28199,58324

28199,59400

28199,58680

28199,58724

28199,57464

28199,60388

28199,58608

28199,58640

28199,60074

28199,59060

28199,58416

28199,59462

28199,59460

28199,58832

28199,59360

28199,59132

28199,58532

28199,60510

28199,59720

28199,59918

28199,60790

28199,60788

28199,58968

28199,59476

28199,59216

28199,61450

28199,59874

28199,59372

28199,59818

28199,60422

28199,61340

28199,59334

28199,59398

28199,59692

28199,60226

28199,61558

28199,62344

28199,62430

28199,62958

28199,63090

28199,63910

28199,65014

28199,64248

28199,63476

28199,62970

28199,63794

28199,65460

28199,62944

28199,63162

28200,64182

28200,63936

28200,64510

28200,65726

28200,66168

28200,65820

28200,65094

28200,61956

28206,60866

28206,63776

28206,64650

28206,63622

28206,62916

28206,64290

28206,64050

28206,62096

28206,62646

28206,62778

28206,63210

28206,62692

28206,62214

28206,62606

28206,62986

28206,64624

28206,63246

28206,62482

28206,62156

28206,63056

28206,62958

28206,61468

28206,61684

28206,62184

28206,60510

28206,59212

28206,60698

28206,60828

28206,59978

28206,58208

28206,58834

28206,58560

28206,57928

28206,57752

28206,57242

28206,57060

28206,56574

28206,54772

28206,54558

28206,55506

28206,54016

28206,54752

28206,54232

28206,55840

28206,56076

28206,55306

28206,55610

28206,55928

28206,55244

28206,56250

28206,55302

28206,56732

28206,55932

28206,56090

28206,55816

28207,54964

28207,56132

28207,53934

28207,53788

28207,53148

28207,53490

28207,52254

28207,51394

28207,52154

28207,52118

28207,52386

28207,51926

28207,52028

28207,52642

28207,52552

28207,52656

28207,50872

28207,51624

28207,51214

28207,50740

28207,50496

28207,51012

28207,49618

28207,49106

28207,49852

28207,48800

28207,48030

28207,45958

28207,46230

28207,46128

28207,45642

28207,45298

28207,45286

28207,46252

28207,45050

28207,43550

28207,45576

28207,43644

28207,44374

28207,43288

28207,43972

28207,43966

28207,42204

28207,42204

28207,42274

28207,42552

28207,41916

28207,42734

28207,43366

28207,43460

28207,44034

28207,42874

28207,45440

28207,43282

28207,42676

28207,44160

28207,42986

28207,44040

28207,43974

28207,43672

28207,43330

28207,44114

28207,43432

28207,43234

28207,43298

28208,43344

28208,44054

28208,42984

28208,44574

28208,44094

28208,44372

28208,44144

28208,43936

28214,44530

28214,44584

28214,44482

28214,44146

28214,43848

28214,43012

28214,44664

28214,44480

28214,44428

28214,44882

28214,43350

28214,42070

28214,42686

28214,41720

28214,42040

28214,41616

28214,41612

28214,42956

28214,42398

28214,41810

28214,43282

28214,43066

28214,42354

28214,41522

28214,41618

28214,42286

28214,41920

28214,41300

28214,41470

28214,41928

28214,41418

28214,41818

28214,43684

28214,42280

28214,41966

28214,42666

28214,42200

28214,42118

28214,41826

28214,39426

28214,42500

28214,42300

28214,43048

28214,43182

28214,42148

28214,41154

28214,42544

28214,42332

28214,42254

28214,41372

28214,41840

28214,41904

28214,42350

28214,41948

28214,42436

28215,43648

28215,42832

28215,42106

28215,40556

28215,40408

28215,40006

28215,41054

28215,40786

28215,40022

28215,40306

28215,41066

28215,41416

28215,41322

28215,40512

28215,39824

28215,38952

28215,40072

28215,39232

28215,37956

28215,38904

28215,38534

28215,38668

28215,38034

28215,38872

28215,37844

28215,37392

28215,37272

28215,36816

28215,35532

28215,35324

28215,34068

28215,34664

28215,33758

28215,31998

28215,33990

28215,35114

28215,33562

28215,33468

28215,33356

28215,32066

28215,33048

28215,32724

28215,33512

28215,32682

28215,30974

28215,33804

28215,31116

28215,31696

28215,32026

28215,30866

28215,32436

28215,31102

28215,31032

28215,31654

28215,32532

28215,31414

28215,31770

28215,31436

28215,29856

28215,31338

28215,32014

28215,32014

28215,30442

28215,31876

28215,31310

28216,31712

28216,34308

28216,33628

28216,33414

28216,32976

28216,34052

28216,33324

28216,33110

28222,34058

28222,33984

28222,34376

28222,35148

28222,33988

28222,32544

28222,34396

28222,33410

28222,32568

28222,33716

28222,34528

28222,35192

28222,36024

28222,35504

28222,36832

28222,36472

28222,36770

28222,36252

28222,37838

28222,36206

28222,38436

28222,37304

28222,36922

28222,39238

28222,40292

28222,39960

28222,39024

28222,40216

28222,41652

28222,41462

28222,40924

28222,41224

28222,41918

28222,42562

28222,42620

28222,42570

28222,41192

28222,42114

28222,43282

28222,42126

28222,42182

28222,42436

28222,43120

28222,43542

28222,42726

28222,42210

28222,42174

28222,41232

28222,43026

28222,43920

28222,43298

28222,44562

28222,44880

28222,43824

28222,43018

28223,43770

28223,43768

28223,44450

28223,45420

28223,43994

28223,44740

28223,45400

28223,44146

28223,44354

28223,45326

28223,45200

28223,44720

28223,44678

28223,43422

28223,45764

28223,44504

28223,43784

28223,43192

28223,42914

28223,42922

28223,44378

28223,43006

28223,42440

28223,42492

28223,43164

28223,41986

28223,42142

28223,43124

28223,41018

28223,40298

28223,41188

28223,40966

28223,39458

28223,40748

28223,40806

28223,39842

28223,40180

28223,40572

28223,40408

28223,39902

28223,40260

28223,40666

28223,40478

28223,40312

28223,40428

28223,40504

28223,39438

28223,41696

28223,41230

28223,39408

28223,40848

28223,40984

28223,42438

28223,40832

28223,40842

28223,41862

28223,41018

28223,41096

28223,40546

28223,41036

28223,41306

28223,42892

28223,42248

28223,41828

28223,42138

28224,41598

28224,41394

28224,41860

28224,41676

28224,41928

28224,42538

28224,40998

28224,40050

28230,41128

28230,41408

28230,41808

28230,42012

28230,42642

28230,42420

28230,43186

28230,43388

28230,42990

28230,43240

28230,44396

28230,43140

28230,43550

28230,42172

28230,43438

28230,45546

28230,45316

28230,46628

28230,47106

28230,46266

28230,46458

28230,45436

28230,46782

28230,47848

28230,47884

28230,46846

28230,47514

28230,48404

28230,48448

28230,49254

28230,48842

28230,50272

28230,49748

28230,50344

28230,49978

28230,49984

28230,50424

28230,51024

28230,51724

28230,52892

28230,52630

28230,52322

28230,51678

28230,52490

28230,53322

28230,51958

28230,53752

28230,52000

28230,52162

28230,52222

28230,53490

28230,54462

28230,55344

28230,55328

28230,54614

28231,54322

28231,53570

28231,54954

28231,55382

28231,56114

28231,56546

28231,57606

28231,57602

28231,58998

28231,59538

28231,59450

28231,62150

28231,59594

28231,59880

28231,62224

28231,61598

28231,63048

28231,63052

28231,63630

28231,65514

28231,64784

28231,65790

28231,64800

28231,66180

28231,64680

28231,66282

28231,67636

28231,66466

28231,66324

28231,65636

28231,66270

28231,66566

28231,67852

28231,68110

28231,66844

28231,66362

28231,66208

28231,67158

28231,67048

28231,67014

28231,66048

28231,65274

28231,64986

28231,67230

28231,66788

28231,66444

28231,66560

28231,66298

28231,67462

28231,67170

28231,67336

28231,68566

28231,67794

28231,69470

28231,69590

28231,69522

28231,68348

28231,68262

28231,68432

28231,67678

28231,68424

28231,71300

28231,70678

28231,69784

28231,70394

28232,69776

28232,66820

28232,68416

28232,68540

28232,66334

28232,68216

28232,68346

28232,67640

28238,68228

28238,67236

28238,67516

28238,66944

28238,65390

28238,67000

28238,67658

28238,66598

28238,67956

28238,67076

28238,68180

28238,67646

28238,68296

28238,69306

28238,70868

28238,69802

28238,69228

28238,69330

28238,68520

28238,68280

28238,67712

28238,68216

28238,68966

28238,67174

28238,68100

28238,68572

28238,69328

28238,68736

28238,69300

28238,68878

28238,68518

28238,69476

28238,69280

28238,70482

28238,68668

28238,69766

28238,70920

28238,68880

28238,71692

28238,69762

28238,69882

28238,71978

28238,70336

28238,72182

28238,71402

28238,71956

28238,71602

28238,73420

28238,72848

28238,72482

28238,73032

28238,72238

28238,73460

28238,74744

28238,75258

28239,75700

28239,75752

28239,75028

28239,76310

28239,77454

28239,76090

28239,76716

28239,75608

28239,76986

28239,77432

28239,75492

28239,76858

28239,77474

28239,78380

28239,79234

28239,80208

28239,79742

28239,79816

28239,81322

28239,82802

28239,82400

28239,83216

28239,83848

28239,83554

28239,84718

28239,84748

28239,85548

28239,85990

28239,85748

28239,87178

28239,86958

28239,86214

28239,87798

28239,86462

28239,86624

28239,87214

28239,87752

28239,89722

28239,88790

28239,89180

28239,90408

28239,90090

28239,91078

28239,93286

28239,93304

28239,91734

28239,93098

28239,93392

28239,94172

28239,94840

28239,94622

28239,93248

28239,94094

28239,94420

28239,96060

28239,95912

28239,95868

28239,98128

28239,98152

28239,95932

28239,96322

28239,95964

28239,96768

28239,98242

28239,99016

28240,99052

28240,98468

28240,98064

28240,97920

28240,100034

28240,99784

28240,98332

28240,97368

28246,99276

28246,98144

28246,98238

28246,97200

28246,96808

28246,96868

28246,97026

28246,97250

28246,97392

28246,97102

28246,98642

28246,97660

28246,98156

28246,98136

28246,97270

28246,98144

28246,100052

28246,100598

28246,100444

28246,99130

28246,99436

28246,99286

28246,98242

28246,98498

28246,98266

28246,97908

28246,99140

28246,99488

28246,98868

28246,98486

28246,99106

28246,97674

28246,97524

28246,97224

28246,98758

28246,97134

28246,98214

28246,97684

28246,100026

28246,97744

28246,97820

28246,96796

28246,96250

28246,95880

28246,96634

28246,95658

28246,96090

28246,96046

28246,97402

28246,96668

28246,95910

28246,96912

28246,95484

28246,95478

28246,97048

28247,96644

28247,96230

28247,94722

28247,94296

28247,95266

28247,95530

28247,95574

28247,96410

28247,95108

28247,97044

28247,96844

28247,96666

28247,96790

28247,96788

28247,95192

28247,97700

28247,98774

28247,98028

28247,98112

28247,98206

28247,98302

28247,97878

28247,98892

28247,98352

28247,100194

28247,98172

28247,98338

28247,99880

28247,100710

28247,100498

28247,101016

28247,100810

28247,101736

28247,100690

28247,101956

28247,100672

28247,101650

28247,100694

28247,101072

28247,101342

28247,100806

28247,101022

28247,99944

28247,100676

28247,100712

28247,101682

28247,102314

28247,101498

28247,102514

28247,100380

28247,100854

28247,101430

28247,100788

28247,101382

28247,101448

28247,102076

28247,102492

28247,103522

28247,103742

28247,103762

28247,104028

28247,104854

28247,103710

28247,104840

28247,105988

28248,104908

28248,103590

28248,104816

28248,105224

28248,107200

28248,104204

28248,106002

28248,105322

28254,106994

28254,106620

28254,105126

28254,106146

28254,107176

28254,108234

28254,108558

28254,108952

28254,107988

28254,107866

28254,108078

28254,109034

28254,109952

28254,109166

28254,108162

28254,107722

28254,107596

28254,107474

28254,108128

28254,106102

28254,107278

28254,106188

28254,107368

28254,107962

28254,107078

28254,107736

28254,108436

28254,107216

28254,108318

28254,108670

28254,108462

28254,107200

28254,108714

28254,108776

28254,108964

28254,108570

28254,109552

28254,110194

28254,107848

28254,108258

28254,109258

28254,109140

28254,109384

28254,108832

28254,107744

28254,107116

28254,107902

28254,107838

28254,107988

28254,108394

28254,107508

28254,108828

28254,108446

28254,108834

28254,107576

28255,107640

28255,106246

28255,105424

28255,106116

28255,106918

28255,106022

28255,106146

28255,105710

28255,105674

28255,105656

28255,105888

28255,105026

28255,104220

28255,105008

28255,105852

28255,105546

28255,104964

28255,105562

28255,104776

28255,105148

28255,105594

28255,104808

28255,106344

28255,105990

28255,106398

28255,106116

28255,106968

28255,106382

28255,105314

28255,104918

28255,106032

28255,105136

28255,104040

28255,104104

28255,104748

28255,106212

28255,105500

28255,107118

28255,106958

28255,107936

28255,108052

28255,107460

28255,109066

28255,108906

28255,108010

28255,108298

28255,108750

28255,108082

28255,108802

28255,108180

28255,107406

28255,108946

28255,108320

28255,108648

28255,108908

28255,109020

28255,111116

28255,110474

28255,108932

28255,108840

28255,109406

28255,109686

28255,108638

28255,110644

28255,110034

28256,108946

28256,109956

28256,110578

28256,110478

28256,108926

28256,110132

28256,110158

28256,111174

28262,110296

28262,111100

28262,111468

28262,111862

28262,112868

28262,111538

28262,109912

28262,111698

28262,112082

28262,110994

28262,110242

28262,111482

28262,111180

28262,110086

28262,109626

28262,109962

28262,110464

28262,110036

28262,109390

28262,109806

28262,110258

28262,111204

28262,111348

28262,110560

28262,111088

28262,109738

28262,110918

28262,111240

28262,109996

28262,110228

28262,110462

28262,109522

28262,109836

28262,110038

28262,111520

28262,111724

28262,111382

28262,112682

28262,110582

28262,111836

28262,113136

28262,112508

28262,114336

28262,112576

28262,114786

28262,113018

28262,112944

28262,113104

28262,113242

28262,115054

28262,113476

28262,114424

28262,111418

28262,113008

28262,112756

28263,111720

28263,112376

28263,111976

28263,111784

28263,112968

28263,113284

28263,111776

28263,112294

28263,112252

28263,111362

28263,111274

28263,111444

28263,111998

28263,111626

28263,111378

28263,111206

28263,110964

28263,110862

28263,111460

28263,111242

28263,111174

28263,111750

28263,112648

28263,112216

28263,112136

28263,111606

28263,111836

28263,112716

28263,112100

28263,111706

28263,112680

28263,112410

28263,113868

28263,113204

28263,114308

28263,112612

28263,113624

28263,114458

28263,113558

28263,114076

28263,115152

28263,116162

28263,115732

28263,113668

28263,113446

28263,114582

28263,113894

28263,113786

28263,114298

28263,114456

28263,115786

28263,115490

28263,116378

28263,114934

28263,114704

28263,114744

28263,115704

28263,116124

28263,116548

28263,115790

28263,115540

28263,115864

28263,116052

28263,116308

28263,116822

28264,116184

28264,115656

28264,115960

28264,116534

28264,116724

28264,118100

28264,116004

28264,116136

28270,116116

28270,117762

28270,117356

28270,119010

28270,116850

28270,117290

28270,118296

28270,118164

28270,118122

28270,118904

28270,119750

28270,119030

28270,120218

28270,120326

28270,120048

28270,119764

28270,121360

28270,119848

28270,120442

28270,120428

28270,120088

28270,120950

28270,121636

28270,121310

28270,123370

28270,123170

28270,122324

28270,122900

28270,122676

28270,123338

28270,124484

28270,124540

28270,124932

28270,124058

28270,126298

28270,125212

28270,125394

28270,126648

28270,126272

28270,127456

28270,127500

28270,128150

28270,127960

28270,128696

28270,128042

28270,129162

28270,129370

28270,129010

28270,130140

28270,129992

28270,129186

28270,130820

28270,130024

28270,130758

28270,131234

28271,130666

28271,132274

28271,130684

28271,131824

28271,130274

28271,130716

28271,130466

28271,132508

28271,133800

28271,132290

28271,132286

28271,133500

28271,132670

28271,133748

28271,133876

28271,133094

28271,134326

28271,134298

28271,136382

28271,135944

28271,136210

28271,136642

28271,136314

28271,135454

28271,135250

28271,137100

28271,138242

28271,137972

28271,138896

28271,137404

28271,139428

28271,139190

28271,138400

28271,140042

28271,140016

28271,139592

28271,140382

28271,140134

28271,139620

28271,138694

28271,139744

28271,140656

28271,140128

28271,140948

28271,141124

28271,140378

28271,140680

28271,142366

28271,140990

28271,141086

28271,142280

28271,142570

28271,142004

28271,140838

28271,141518

28271,142916

28271,142494

28271,141900

28271,142278

28271,142856

28271,143090

28271,142376

28271,142428

28271,143618

28271,143440

28272,144166

28272,145608

28272,145942

28272,145870

28272,144080

28272,145226

28272,145504

28272,144464

28278,144094

28278,145830

28278,146206

28278,144556

28278,145312

28278,146168

28278,146154

28278,146260

28278,146218

28278,145342

28278,144534

28278,145046

28278,145670

28278,144798

28278,145418

28278,144332

28278,144168

28278,145900

28278,146044

28278,145760

28278,144914

28278,146976

28278,145834

28278,146022

28278,145850

28278,146976

28278,146600

28278,145242

28278,147406

28278,147440

28278,146714

28278,146382

28278,147406

28278,147124

28278,147048

28278,147988

28278,147820

28278,150158

28278,149046

28278,148636

28278,147934

28278,149274

28278,150276

28278,150444

28278,151900

28278,150418

28278,149162

28278,151028

28278,150470

28278,149418

28278,150894

28278,150162

28278,151126

28278,150712

28278,151570

28279,150966

28279,152750

28279,151332

28279,151038

28279,151042

28279,151406

28279,151888

28279,151016

28279,152554

28279,152814

28279,151224

28279,152208

28279,152882

28279,152794

28279,153812

28279,154288

28279,153868

28279,152860

28279,152686

28279,153826

28279,154136

28279,153344

28279,153770

28279,154520

28279,156496

28279,155844

28279,155246

28279,156552

28279,156116

28279,156890

28279,156454

28279,156750

28279,156776

28279,156452

28279,157040

28279,156482

28279,157448

28279,157140

28279,157812

28279,157974

28279,157072

28279,158862

28279,158134

28279,158000

28279,157880

28279,158286

28279,159300

28279,159774

28279,158392

28279,159330

28279,159940

28279,160522

28279,158412

28279,159856

28279,159710

28279,159936

28279,160718

28279,161446

28279,160292

28279,162366

28279,162496

28279,161704

28279,161440

28279,162942

28279,160980

28280,161772

28280,161910

28280,163028

28280,163594

28280,163222

28280,165724

28280,166578

28280,165100

28286,164958

28286,164960

28286,164700

28286,165462

28286,164220

28286,163486

28286,163128

28286,163116

28286,163506

28286,162358

28286,162804

28286,162678

28286,163590

28286,162498

28286,162858

28286,162594

28286,160600

28286,161690

28286,161064

28286,162108

28286,161010

28286,159764

28286,161330

28286,160970

28286,159224

28286,158658

28286,160284

28286,160498

28286,158572

28286,159146

28286,159782

28286,158662

28286,159714

28286,159588

28286,158920

28286,160616

28286,160000

28286,160106

28286,159550

28286,160322

28286,161318

28286,161528

28286,160608

28286,161226

28286,161140

28286,160960

28286,160560

28286,160980

28286,160994

28286,161912

28286,160704

28286,161210

28286,160696

28286,158770

28286,158970

28287,158762

28287,160862

28287,160102

28287,158512

28287,158890

28287,158384

28287,158042

28287,158234

28287,157888

28287,157846

28287,157568

28287,157808

28287,157930

28287,157512

28287,156924

28287,157114

28287,156072

28287,155842

28287,154652

28287,155034

28287,155170

28287,155136

28287,156018

28287,155664

28287,155142

28287,155720

28287,154588

28287,154904

28287,153844

28287,153130

28287,154152

28287,153734

28287,152974

28287,153408

28287,153752

28287,153134

28287,155082

28287,151186

28287,153216

28287,153012

28287,151676

28287,153712

28287,151266

28287,151798

28287,151370

28287,150742

28287,150378

28287,151284

28287,152436

28287,152728

28287,152694

28287,153548

28287,153140

28287,153676

28287,152178

28287,152012

28287,154534

28287,154200

28287,153460

28287,154874

28287,154346

28287,152014

28287,150526

28287,151950

28287,150504

28288,150502

28288,151134

28288,152038

28288,151348

28288,150724

28288,151364

28288,150320

28288,151502

28294,151654

28294,151608

28294,152886

28294,152378

28294,152568

28294,152614

28294,154090

28294,152428

28294,153838

28294,152340

28294,151820

28294,152432

28294,152054

28294,152408

28294,153468

28294,152878

28294,150704

28294,150968

28294,151346

28294,152460

28294,154428

28294,152778

28294,152146

28294,151052

28294,151776

28294,150262

28294,150522

28294,151672

28294,152088

28294,151120

28294,152086

28294,151962

28294,152424

28294,153250

28294,153374

28294,153752

28294,153796

28294,154252

28294,154178

28294,154850

28294,155104

28294,153676

28294,154318

28294,154494

28294,154858

28294,155138

28294,154224

28294,155310

28294,154250

28294,152378

28294,153530

28294,154518

28294,152620

28294,152774

28294,152216

28295,151548

28295,151574

28295,150028

28295,149722

28295,150266

28295,149780

28295,150584

28295,149946

28295,149994

28295,149652

28295,150436

28295,148502

28295,150062

28295,151528

28295,149934

28295,151794

28295,152160

28295,149278

28295,148654

28295,147658

28295,147298

28295,147114

28295,148004

28295,146942

28295,146562

28295,147434

28295,147102

28295,145590

28295,144918

28295,144402

28295,145082

28295,143744

28295,143546

28295,143302

28295,143660

28295,143408

28295,143866

28295,142776

28295,142918

28295,142334

28295,141874

28295,141460

28295,142284

28295,141906

28295,139824

28295,141474

28295,142692

28295,141892

28295,141070

28295,139504

28295,137700

28295,138540

28295,137438

28295,138972

28295,138522

28295,136552

28295,135958

28295,134786

28295,134096

28295,134536

28295,133702

28295,133090

28295,132682

28295,132588

28295,132372

28296,131256

28296,130906

28296,129052

28296,130026

28296,128620

28296,128370

28296,128584

28296,128090

28302,127324

28302,127412

28302,127126

28302,126880

28302,126164

28302,125940

28302,125314

28302,125068

28302,124212

28302,124920

28302,123896

28302,121638

28302,121836

28302,120810

28302,121438

28302,121710

28302,121986

28302,120960

28302,121668

28302,121314

28302,120674

28302,119368

28302,118634

28302,119640

28302,117406

28302,119138

28302,119224

28302,117870

28302,117578

28302,116102

28302,116864

28302,116964

28302,116800

28302,117002

28302,117620

28302,117614

28302,118112

28302,116632

28302,116760

28302,116636

28302,116754

28302,117524

28302,117328

28302,116930

28302,116780

28302,117524

28302,117964

28302,116296

28302,117292

28302,116910

28302,116280

28302,115252

28302,115686

28302,117464

28302,116438

28303,117490

28303,116062

28303,115026

28303,116664

28303,115894

28303,115654

28303,116290

28303,115454

28303,114350

28303,114206

28303,113856

28303,114708

28303,112866

28303,114246

28303,112780

28303,113714

28303,113640

28303,112758

28303,113764

28303,111474

28303,111748

28303,112432

28303,112208

28303,111076

28303,110806

28303,111636

28303,111770

28303,110864

28303,111470

28303,111318

28303,110492

28303,109854

28303,111486

28303,109988

28303,108504

28303,108004

28303,108760

28303,107918

28303,106656

28303,107572

28303,106682

28303,105902

28303,106602

28303,105556

28303,104000

28303,103030

28303,103648

28303,102300

28303,102956

28303,100582

28303,102106

28303,100212

28303,99536

28303,100710

28303,100690

28303,98640

28303,97064

28303,100250

28303,99628

28303,97554

28303,98150

28303,98706

28303,99832

28303,98080

28303,98798

28304,97946

28304,97478

28304,96104

28304,97486

28304,98226

28304,95748

28304,94404

28304,96310

28310,94894

28310,95294

28310,95044

28310,94638

28310,93186

28310,94176

28310,94428

28310,93510

28310,91794

28310,91628

28310,91690

28310,90910

28310,91400

28310,90758

28310,90638

28310,90910

28310,89294

28310,89942

28310,90862

28310,89186

28310,89700

28310,88454

28310,87788

28310,88710

28310,88330

28310,88596

28310,89366

28310,89118

28310,88326

28310,86726

28310,88618

28310,88352

28310,88024

28310,87972

28310,88726

28310,87936

28310,88162

28310,87708

28310,88220

28310,90286

28310,88856

28310,88442

28310,87466

28310,88534

28310,88210

28310,88370

28310,87772

28310,87618

28310,86828

28310,88506

28310,88100

28310,88340

28310,87508

28310,87390

28310,87680

28311,88922

28311,88864

28311,88426

28311,87038

28311,86584

28311,87842

28311,87004

28311,86356

28311,87432

28311,86436

28311,87610

28311,87364

28311,87274

28311,88476

28311,89324

28311,88180

28311,89116

28311,89478

28311,87642

28311,89788

28311,87854

28311,88262

28311,90174

28311,88528

28311,87700

28311,88264

28311,88444

28311,89254

28311,88696

28311,89530

28311,88024

28311,89114

28311,89090

28311,89068

28311,89124

28311,87242

28311,87422

28311,87602

28311,86724

28311,85978

28311,85424

28311,86898

28311,86736

28311,84770

28311,86460

28311,86442

28311,86560

28311,86646

28311,85614

28311,85230

28311,83382

28311,84004

28311,83798

28311,84388

28311,84608

28311,85488

28311,84488

28311,84920

28311,85266

28311,84374

28311,84284

28311,83000

28311,85552

28311,84534

28311,83870

28312,84730

28312,84994

28312,85360

28312,85060

28312,86274

28312,84880

28312,86184

28312,86188

28318,86008

28318,86114

28318,85920

28318,86918

28318,85522

28318,87976

28318,86340

28318,86530

28318,85396

28318,85620

28318,85394

28318,84548

28318,84636

28318,84560

28318,84940

28318,85128

28318,83802

28318,83858

28318,83634

28318,82980

28318,82006

28318,81532

28318,81404

28318,80862

28318,81214

28318,81562

28318,79830

28318,80710

28318,81968

28318,81970

28318,83212

28318,82324

28318,83204

28318,83092

28318,80828

28318,82276

28318,84138

28318,82994

28318,82936

28318,84250

28318,84608

28318,83506

28318,83472

28318,84162

28318,86180

28318,83556

28318,84790

28318,84702

28318,84046

28318,85000

28318,84064

28318,85208

28318,85154

28318,85156

28318,86102

28319,84418

28319,83868

28319,85606

28319,87552

28319,86720

28319,84592

28319,85584

28319,86442

28319,86480

28319,85824

28319,85162

28319,85136

28319,85860

28319,86768

28319,85822

28319,85850

28319,85644

28319,86406

28319,86876

28319,85636

28319,87180

28319,86428

28319,86032

28319,87418

28319,89472

28319,86896

28319,88446

28319,87940

28319,88180

28319,89488

28319,88224

28319,88252

28319,86748

28319,89206

28319,88218

28319,88382

28319,87758

28319,87048

28319,86880

28319,86202

28319,86184

RAW_SUMMARY id=3 requested=5600 captured=5600 unused_capacity=400 max_pcm_abs=166578 raw_mean=17442.5 raw_abs_mean=72995.0 raw_min=-107908 raw_max=166578 baseline=-42.2

OK RAW

