# run: cover_sealed_2
# firmware: role=analyzer git=b253dd5 version=0.4.0
# imported-from: covered_2.log (mtime 2026-10-09T11:33:49)
RAW_INFO mode=i2s output=csv

RAW_INFO row_size=12

RAW_BEGIN id=2 sr=16000 trigger_ms=16812 command_ms=16796 emit_seen=1 emit_start_ms=16812 emit_done_ms=16815 f=3200 dur=1 pre_ms=0 post_ms=350 decim=1 pre_samples=0 post_samples=5600 mode=i2s output=csv fields=ms,pcm

ms,pcm

16814,9322

16814,9776

16814,10004

16814,11796

16814,10744

16814,10732

16814,10728

16814,8982

16814,10114

16814,10190

16814,9744

16814,8470

16814,8020

16814,6886

16814,8796

16814,7852

16814,8280

16814,9602

16814,7626

16814,8488

16814,6930

16814,7610

16814,7500

16814,5800

16814,7662

16814,8388

16814,8456

16816,5768

16816,6280

16816,5474

16816,5030

16816,5696

16816,6734

16816,6968

16816,7280

16816,9398

16816,9266

16816,8624

16816,8154

16816,8800

16816,9192

16816,7940

16816,6600

16816,8542

16816,8386

16816,8518

16816,10276

16816,10232

16816,10768

16816,8802

16816,9790

16816,8730

16816,9580

16816,8974

16816,8990

16816,10170

16816,8572

16816,10330

16816,9088

16816,9878

16816,10204

16816,10268

16816,10132

16816,8450

16816,8732

16816,7940

16816,8340

16816,8038

16816,9132

16816,9152

16816,9220

16816,10148

16816,9930

16816,9896

16816,9822

16816,10678

16816,12542

16816,10456

16816,10468

16816,10694

16817,12784

16817,10504

16817,10670

16817,11360

16817,12592

16817,12176

16817,11330

16817,14144

16817,16000

16817,14644

16817,13736

16817,14940

16817,14686

16817,17276

16817,15826

16817,18198

16817,18652

16817,18554

16817,18074

16817,18900

16817,19774

16817,20000

16817,20964

16817,21498

16817,21298

16817,20868

16817,21986

16817,22390

16817,23522

16817,21858

16817,20874

16817,22266

16817,23390

16817,22176

16817,22390

16817,24628

16817,26730

16817,27406

16817,28764

16817,27538

16817,27394

16817,26986

16817,27912

16817,26766

16817,28842

16817,29256

16817,28108

16817,30258

16822,31230

16822,31456

16822,32432

16822,33672

16822,33854

16822,34692

16822,34686

16822,34776

16822,34242

16822,34506

16822,35902

16822,33440

16822,35694

16822,35648

16822,37432

16822,38038

16822,37110

16822,37660

16822,36864

16822,38066

16822,38986

16822,38576

16822,37250

16822,37946

16822,38088

16822,37878

16822,39812

16822,38828

16822,38142

16822,38546

16822,38410

16822,39032

16822,39698

16822,38908

16822,38612

16822,38226

16822,39036

16822,38920

16822,38866

16822,38910

16822,38740

16822,40624

16822,40178

16822,39580

16822,40760

16822,39176

16822,40502

16822,38770

16822,37600

16822,39248

16822,39638

16822,39700

16822,40982

16822,40538

16822,40022

16823,41352

16823,39856

16823,41362

16823,41516

16823,42086

16823,41274

16823,41564

16823,42498

16823,41126

16823,42888

16823,42458

16823,42206

16823,41204

16823,43502

16823,41970

16823,43956

16823,43428

16823,44110

16823,41766

16823,42606

16823,43598

16823,41590

16823,43092

16823,43644

16823,44364

16823,45016

16823,43234

16823,45400

16823,43790

16823,44734

16823,46044

16823,44360

16823,44630

16823,45210

16823,45948

16823,45510

16823,45368

16823,46736

16823,46866

16823,46020

16823,45642

16823,45082

16823,46526

16823,47232

16823,45970

16823,47684

16823,48094

16823,48090

16823,48054

16823,46814

16823,46978

16823,47304

16823,47678

16823,46460

16823,47132

16823,47312

16823,46988

16823,47216

16823,47754

16823,48876

16823,47232

16823,49412

16823,48306

16823,48956

16823,47354

16824,48018

16824,49454

16824,48026

16824,47820

16824,48518

16824,49384

16824,49932

16824,49288

16830,48202

16830,50094

16830,50018

16830,51208

16830,52322

16830,51244

16830,51546

16830,51942

16830,54152

16830,54360

16830,54126

16830,52832

16830,52728

16830,55756

16830,53974

16830,54426

16830,53634

16830,53594

16830,55640

16830,55466

16830,54502

16830,54388

16830,54926

16830,56036

16830,57998

16830,57164

16830,57292

16830,57444

16830,57276

16830,58064

16830,59222

16830,58962

16830,58772

16830,59606

16830,58652

16830,58870

16830,58868

16830,58080

16830,57972

16830,57656

16830,57718

16830,57158

16830,55758

16830,57108

16830,56832

16830,57968

16830,56694

16830,56202

16830,55910

16830,56720

16830,56966

16830,57022

16830,57542

16830,58444

16830,58330

16831,57832

16831,58186

16831,56940

16831,56312

16831,55908

16831,56436

16831,56094

16831,54658

16831,54798

16831,54520

16831,54696

16831,55198

16831,55102

16831,54598

16831,53272

16831,53992

16831,53204

16831,53940

16831,54576

16831,52566

16831,51822

16831,51972

16831,51702

16831,50182

16831,51508

16831,51366

16831,51030

16831,50634

16831,50724

16831,51398

16831,49604

16831,48626

16831,48318

16831,48118

16831,47916

16831,48476

16831,50534

16831,47852

16831,48584

16831,48148

16831,47120

16831,47440

16831,44690

16831,45956

16831,45196

16831,43830

16831,44482

16831,44594

16831,45272

16831,43464

16831,43770

16831,43896

16831,44032

16831,42670

16831,43160

16831,44058

16831,43038

16831,43266

16831,43104

16831,42816

16831,42826

16831,42444

16831,41504

16831,40236

16831,40938

16832,42840

16832,41148

16832,39734

16832,40474

16832,41622

16832,40822

16832,40956

16832,41392

16838,39964

16838,40092

16838,41016

16838,40834

16838,40570

16838,39060

16838,40542

16838,41630

16838,40524

16838,40212

16838,41054

16838,39292

16838,38288

16838,39222

16838,38352

16838,39022

16838,38088

16838,40212

16838,40240

16838,39666

16838,39440

16838,40388

16838,40670

16838,38784

16838,41486

16838,40370

16838,40466

16838,40302

16838,37754

16838,37760

16838,39586

16838,39648

16838,39026

16838,40892

16838,40412

16838,39764

16838,40252

16838,39668

16838,40376

16838,38844

16838,37880

16838,39648

16838,40504

16838,39906

16838,40796

16838,40586

16838,40756

16838,41568

16838,43040

16838,43160

16838,41972

16838,42992

16838,43648

16838,42620

16838,42662

16839,43442

16839,42640

16839,44052

16839,44906

16839,43166

16839,43090

16839,43728

16839,44172

16839,43360

16839,42590

16839,44424

16839,45478

16839,45046

16839,44088

16839,43662

16839,43000

16839,43740

16839,43586

16839,45408

16839,44512

16839,45498

16839,45468

16839,45074

16839,45802

16839,44890

16839,44572

16839,43566

16839,44306

16839,45758

16839,44826

16839,45900

16839,46992

16839,44604

16839,45678

16839,45462

16839,47598

16839,48708

16839,48508

16839,46726

16839,45916

16839,48762

16839,47748

16839,48442

16839,49182

16839,46964

16839,49290

16839,49126

16839,50558

16839,49422

16839,47794

16839,47812

16839,47150

16839,49762

16839,47796

16839,47128

16839,46750

16839,46924

16839,49272

16839,47396

16839,49876

16839,49482

16839,47206

16839,47384

16839,48588

16839,48540

16840,48282

16840,47726

16840,48776

16840,46956

16840,46826

16840,44000

16840,45296

16840,45876

16846,44432

16846,46026

16846,46658

16846,49014

16846,47620

16846,48212

16846,48368

16846,47388

16846,47952

16846,47996

16846,47382

16846,47964

16846,46880

16846,47918

16846,47564

16846,46278

16846,46204

16846,47880

16846,47748

16846,48114

16846,48818

16846,46878

16846,47370

16846,47882

16846,46644

16846,47606

16846,48016

16846,46884

16846,47566

16846,47010

16846,48088

16846,47930

16846,48916

16846,48934

16846,48606

16846,48174

16846,47102

16846,47444

16846,46898

16846,47950

16846,48070

16846,47006

16846,48830

16846,49150

16846,48472

16846,49692

16846,49918

16846,49704

16846,51290

16846,51176

16846,49052

16846,48728

16846,48350

16846,48652

16846,48860

16847,48712

16847,48508

16847,47938

16847,47538

16847,48166

16847,48670

16847,50480

16847,50174

16847,49588

16847,50148

16847,50926

16847,51344

16847,51714

16847,53136

16847,52260

16847,51320

16847,52812

16847,52936

16847,50552

16847,51974

16847,51874

16847,52346

16847,52676

16847,53368

16847,53526

16847,53998

16847,54170

16847,53874

16847,54062

16847,56570

16847,55390

16847,54466

16847,56504

16847,53676

16847,54062

16847,55396

16847,55100

16847,56148

16847,55270

16847,54576

16847,52980

16847,53174

16847,53478

16847,53262

16847,51384

16847,53742

16847,52332

16847,52402

16847,51490

16847,51244

16847,51882

16847,51636

16847,50698

16847,52214

16847,51340

16847,48822

16847,47530

16847,47604

16847,48276

16847,49174

16847,46232

16847,48072

16847,47420

16847,47224

16847,48430

16848,48398

16848,48464

16848,48368

16848,46358

16848,48302

16848,47504

16848,47278

16848,46228

16854,45070

16854,45498

16854,44310

16854,43426

16854,43800

16854,44990

16854,44488

16854,45160

16854,44678

16854,43434

16854,44758

16854,47000

16854,43530

16854,45322

16854,45464

16854,44714

16854,45524

16854,44316

16854,45742

16854,42858

16854,43328

16854,43984

16854,42118

16854,42838

16854,43132

16854,42562

16854,42252

16854,41754

16854,41338

16854,41130

16854,41028

16854,41990

16854,41384

16854,41416

16854,40420

16854,41078

16854,40936

16854,42812

16854,40486

16854,41276

16854,40670

16854,40708

16854,41422

16854,41198

16854,41926

16854,41470

16854,42754

16854,42444

16854,41192

16854,41488

16854,40086

16854,40294

16854,42494

16854,42104

16854,41520

16855,41528

16855,42270

16855,41104

16855,42664

16855,41386

16855,42202

16855,42888

16855,40384

16855,40748

16855,41194

16855,41210

16855,41774

16855,42868

16855,42910

16855,41122

16855,42288

16855,41176

16855,41342

16855,43042

16855,41158

16855,42530

16855,42406

16855,41824

16855,40954

16855,40428

16855,40884

16855,41448

16855,40636

16855,40888

16855,41464

16855,41192

16855,42132

16855,42786

16855,41214

16855,41558

16855,40692

16855,41410

16855,39328

16855,39554

16855,39094

16855,39058

16855,40330

16855,39938

16855,40666

16855,40864

16855,38992

16855,38622

16855,40644

16855,41328

16855,38948

16855,39772

16855,40244

16855,40548

16855,39302

16855,38020

16855,38248

16855,39418

16855,41466

16855,41378

16855,40140

16855,41804

16855,41294

16855,41158

16855,40384

16855,38190

16856,40726

16856,40848

16856,38950

16856,39108

16856,39072

16856,38492

16856,39500

16856,39992

16862,39954

16862,41740

16862,40290

16862,40764

16862,40884

16862,40722

16862,42274

16862,41374

16862,41682

16862,43156

16862,42570

16862,43012

16862,42422

16862,43028

16862,42178

16862,42476

16862,43740

16862,41568

16862,42298

16862,42668

16862,42260

16862,42956

16862,42184

16862,43408

16862,42076

16862,42534

16862,42030

16862,43578

16862,43272

16862,42528

16862,44462

16862,44426

16862,43440

16862,44264

16862,44640

16862,43876

16862,43650

16862,43364

16862,42338

16862,42902

16862,42300

16862,42960

16862,41018

16862,43004

16862,42134

16862,40442

16862,41828

16862,41858

16862,42576

16862,41998

16862,42330

16862,41600

16862,42406

16862,41512

16862,40290

16863,41908

16863,42400

16863,43412

16863,43258

16863,42674

16863,41350

16863,41404

16863,43470

16863,41648

16863,40654

16863,42510

16863,41504

16863,42664

16863,41452

16863,41516

16863,43146

16863,41700

16863,40722

16863,40270

16863,42564

16863,40594

16863,41600

16863,41764

16863,40238

16863,40946

16863,41806

16863,41072

16863,41434

16863,41378

16863,42692

16863,42702

16863,41656

16863,41850

16863,41394

16863,41682

16863,41604

16863,41622

16863,42840

16863,41964

16863,41844

16863,43358

16863,42132

16863,42466

16863,42150

16863,43182

16863,40078

16863,41064

16863,41134

16863,40618

16863,38464

16863,38408

16863,38308

16863,39826

16863,39398

16863,38678

16863,40048

16863,39396

16863,38554

16863,39486

16863,37318

16863,37544

16863,36420

16863,37978

16863,37020

16863,36266

16864,37630

16864,37214

16864,37618

16864,38352

16864,38706

16864,38856

16864,39492

16864,36992

16870,36864

16870,36688

16870,37122

16870,38126

16870,37984

16870,37198

16870,37186

16870,37516

16870,38492

16870,38154

16870,37566

16870,38282

16870,38774

16870,37126

16870,39122

16870,39592

16870,40542

16870,39212

16870,38772

16870,38616

16870,38490

16870,37602

16870,38420

16870,37556

16870,37560

16870,38508

16870,38190

16870,38798

16870,38880

16870,40124

16870,39218

16870,39284

16870,38964

16870,38440

16870,38318

16870,37898

16870,38096

16870,37876

16870,37786

16870,37624

16870,36816

16870,38324

16870,36928

16870,36652

16870,37020

16870,36178

16870,36074

16870,37024

16870,38348

16870,37672

16870,38656

16870,38248

16870,37434

16870,38254

16870,37616

16871,39064

16871,40186

16871,39544

16871,40594

16871,40494

16871,39366

16871,38050

16871,38270

16871,39492

16871,39766

16871,40186

16871,40934

16871,39768

16871,39022

16871,40428

16871,39104

16871,38730

16871,39558

16871,40086

16871,40420

16871,41644

16871,38696

16871,38568

16871,38930

16871,37178

16871,37754

16871,37508

16871,38712

16871,36842

16871,37300

16871,37044

16871,36656

16871,36180

16871,37104

16871,38112

16871,36386

16871,35628

16871,35518

16871,36218

16871,35316

16871,34528

16871,36804

16871,36506

16871,35472

16871,36104

16871,33992

16871,34670

16871,35232

16871,36168

16871,34976

16871,33974

16871,35658

16871,35162

16871,35168

16871,34704

16871,33626

16871,34434

16871,34524

16871,33606

16871,32606

16871,32566

16871,32672

16871,32814

16871,31806

16871,31548

16872,32078

16872,32536

16872,31410

16872,29538

16872,31354

16872,30770

16872,28508

16872,29980

16878,29828

16878,30530

16878,31678

16878,31496

16878,30708

16878,30766

16878,29974

16878,30134

16878,29744

16878,29418

16878,29472

16878,29536

16878,31824

16878,31598

16878,30628

16878,30850

16878,30308

16878,29650

16878,29144

16878,28726

16878,27856

16878,28176

16878,26420

16878,29282

16878,28392

16878,27040

16878,27846

16878,29754

16878,29230

16878,28644

16878,27710

16878,28176

16878,27706

16878,28432

16878,27936

16878,28154

16878,29978

16878,28926

16878,28890

16878,28572

16878,29126

16878,29100

16878,27582

16878,28146

16878,27944

16878,28092

16878,28014

16878,28474

16878,31040

16878,29854

16878,29530

16878,30300

16878,29342

16878,29994

16878,29614

16879,31574

16879,30966

16879,31740

16879,32816

16879,30452

16879,31282

16879,32996

16879,32878

16879,31760

16879,34504

16879,32632

16879,32650

16879,33394

16879,33366

16879,32488

16879,32138

16879,34086

16879,34138

16879,34576

16879,32926

16879,32950

16879,34358

16879,32938

16879,33526

16879,33756

16879,33992

16879,35588

16879,34902

16879,34404

16879,34486

16879,35064

16879,34078

16879,33978

16879,36290

16879,36030

16879,35930

16879,36560

16879,37130

16879,36198

16879,36560

16879,35364

16879,34510

16879,34354

16879,34848

16879,36816

16879,35318

16879,35824

16879,34812

16879,36352

16879,36912

16879,34734

16879,36700

16879,36750

16879,37310

16879,37220

16879,37994

16879,38370

16879,38434

16879,38664

16879,38522

16879,37602

16879,37510

16879,37570

16879,36086

16879,36620

16880,37990

16880,39844

16880,37650

16880,38716

16880,37354

16880,36416

16880,37306

16880,34896

16886,36060

16886,34666

16886,35112

16886,36646

16886,36198

16886,35604

16886,36496

16886,36364

16886,35350

16886,34836

16886,33598

16886,32238

16886,32712

16886,34470

16886,33230

16886,33456

16886,34834

16886,35000

16886,34468

16886,34162

16886,32366

16886,31668

16886,33206

16886,32312

16886,31326

16886,30536

16886,30160

16886,32026

16886,32368

16886,29830

16886,29170

16886,31996

16886,32554

16886,32318

16886,31832

16886,31596

16886,31526

16886,32154

16886,32486

16886,31690

16886,31846

16886,31600

16886,30120

16886,32160

16886,31856

16886,30932

16886,32546

16886,33596

16886,33388

16886,33732

16886,34526

16886,32688

16886,33620

16886,33020

16886,33826

16887,32154

16887,33006

16887,34190

16887,33700

16887,34396

16887,33468

16887,33476

16887,34060

16887,34706

16887,35692

16887,36120

16887,35756

16887,36356

16887,35756

16887,36382

16887,36314

16887,36414

16887,37328

16887,36322

16887,37168

16887,38132

16887,37172

16887,35808

16887,36698

16887,37198

16887,38634

16887,38198

16887,38666

16887,40598

16887,37440

16887,36080

16887,35316

16887,36582

16887,37508

16887,37906

16887,38102

16887,39422

16887,40242

16887,40628

16887,40458

16887,39706

16887,39724

16887,39346

16887,40380

16887,40044

16887,40784

16887,42196

16887,41144

16887,42010

16887,41346

16887,40516

16887,41410

16887,40974

16887,41422

16887,42200

16887,43328

16887,43170

16887,42402

16887,43714

16887,44514

16887,44146

16887,46174

16887,46172

16887,44686

16887,45292

16888,45284

16888,45436

16888,44044

16888,45850

16888,45498

16888,46510

16888,47848

16888,46368

16894,47240

16894,45970

16894,45540

16894,43540

16894,44272

16894,45592

16894,44378

16894,46430

16894,44776

16894,44748

16894,45112

16894,45010

16894,45416

16894,43274

16894,43460

16894,43976

16894,42020

16894,42614

16894,42584

16894,43102

16894,41880

16894,41742

16894,42458

16894,42652

16894,42066

16894,41980

16894,40878

16894,43168

16894,40896

16894,41114

16894,41772

16894,42862

16894,42472

16894,42152

16894,43668

16894,40914

16894,39590

16894,37592

16894,39636

16894,40044

16894,39226

16894,41114

16894,40262

16894,40450

16894,41678

16894,39502

16894,40004

16894,40804

16894,40350

16894,42380

16894,39940

16894,41926

16894,40260

16894,40148

16894,40176

16895,39536

16895,38066

16895,39238

16895,42280

16895,41904

16895,41908

16895,42194

16895,41702

16895,42142

16895,43124

16895,41846

16895,40678

16895,41552

16895,41050

16895,42064

16895,42210

16895,41694

16895,40990

16895,42564

16895,43138

16895,44770

16895,43258

16895,44836

16895,43670

16895,44484

16895,44734

16895,44318

16895,44682

16895,44320

16895,45238

16895,45644

16895,45238

16895,46414

16895,46076

16895,47062

16895,46236

16895,45604

16895,47232

16895,46876

16895,47858

16895,46464

16895,47664

16895,48580

16895,47456

16895,49166

16895,49302

16895,49192

16895,49202

16895,50412

16895,51116

16895,51196

16895,51636

16895,52044

16895,53392

16895,53302

16895,52382

16895,53118

16895,52518

16895,51792

16895,53468

16895,53888

16895,54416

16895,55146

16895,54868

16895,55044

16896,55504

16896,53450

16896,54070

16896,54586

16896,55756

16896,55502

16896,56172

16896,55840

16902,55696

16902,55642

16902,55362

16902,52804

16902,54924

16902,54758

16902,53904

16902,54422

16902,54742

16902,56234

16902,56720

16902,57546

16902,56502

16902,57212

16902,58990

16902,57782

16902,58154

16902,58648

16902,58846

16902,57914

16902,57898

16902,57112

16902,56588

16902,55436

16902,55072

16902,55446

16902,57830

16902,57246

16902,57992

16902,59622

16902,59128

16902,57462

16902,56744

16902,56150

16902,58158

16902,57506

16902,56908

16902,58122

16902,57226

16902,57870

16902,57296

16902,57504

16902,59432

16902,59214

16902,57958

16902,59050

16902,57354

16902,59016

16902,60480

16902,59130

16902,59568

16902,59010

16902,60304

16902,59410

16902,59164

16903,59244

16903,61820

16903,60624

16903,58600

16903,58872

16903,59196

16903,57660

16903,57920

16903,55718

16903,56694

16903,57562

16903,57314

16903,57708

16903,57582

16903,57272

16903,57000

16903,60652

16903,60870

16903,59022

16903,59172

16903,59986

16903,61080

16903,59984

16903,61358

16903,60932

16903,59540

16903,60868

16903,58978

16903,60134

16903,62302

16903,61008

16903,60628

16903,62126

16903,61574

16903,62688

16903,62232

16903,62076

16903,64076

16903,63984

16903,61210

16903,62480

16903,61788

16903,61302

16903,60832

16903,61796

16903,61794

16903,62168

16903,61524

16903,62014

16903,61332

16903,60310

16903,60568

16903,61750

16903,63148

16903,63216

16903,62522

16903,62706

16903,62656

16903,62460

16903,61688

16903,62672

16903,61938

16903,62962

16903,63498

16903,63644

16904,61650

16904,61600

16904,61306

16904,61240

16904,62218

16904,61744

16904,60210

16904,60700

16910,61532

16910,61414

16910,62302

16910,61268

16910,63424

16910,64434

16910,65004

16910,64566

16910,63078

16910,64360

16910,63968

16910,63688

16910,64292

16910,64444

16910,63586

16910,63164

16910,62520

16910,62786

16910,62566

16910,62040

16910,64088

16910,64018

16910,64222

16910,63252

16910,65088

16910,63712

16910,63232

16910,63066

16910,64754

16910,63922

16910,64260

16910,64230

16910,64840

16910,65998

16910,63356

16910,63522

16910,63276

16910,63280

16910,62746

16910,62696

16910,63522

16910,62710

16910,62134

16910,63898

16910,62304

16910,62268

16910,62624

16910,62018

16910,61130

16910,61258

16910,60582

16910,60474

16910,60646

16910,59842

16910,58792

16911,58982

16911,59214

16911,58610

16911,58792

16911,59196

16911,59508

16911,59344

16911,59096

16911,58412

16911,58390

16911,59986

16911,60610

16911,59926

16911,60512

16911,59204

16911,59678

16911,61620

16911,61186

16911,59576

16911,60722

16911,60838

16911,59862

16911,59758

16911,59818

16911,59642

16911,59634

16911,60058

16911,61106

16911,61136

16911,59374

16911,59394

16911,58694

16911,59268

16911,61004

16911,59262

16911,59780

16911,58660

16911,56628

16911,57540

16911,58376

16911,58422

16911,59192

16911,58908

16911,58738

16911,60662

16911,60644

16911,58730

16911,59516

16911,58220

16911,57176

16911,58066

16911,59032

16911,57456

16911,57324

16911,58628

16911,59288

16911,60346

16911,59112

16911,56956

16911,56536

16911,56012

16911,55070

16911,55966

16911,56168

16911,56926

16912,56756

16912,56400

16912,55794

16912,55944

16912,56974

16912,57796

16912,58270

16912,57718

16918,58058

16918,57150

16918,58102

16918,56472

16918,56874

16918,55458

16918,56078

16918,57510

16918,55796

16918,55596

16918,56830

16918,56284

16918,56762

16918,56960

16918,56778

16918,57098

16918,58228

16918,58876

16918,56468

16918,57568

16918,57072

16918,55900

16918,55518

16918,55996

16918,52646

16918,52546

16918,53190

16918,53042

16918,53310

16918,54852

16918,53902

16918,53340

16918,52744

16918,54476

16918,55134

16918,54258

16918,53068

16918,53604

16918,55470

16918,54240

16918,52770

16918,51126

16918,52496

16918,51286

16918,50896

16918,49354

16918,48996

16918,51314

16918,51156

16918,50146

16918,51132

16918,50350

16918,50166

16918,49880

16918,51278

16919,52186

16919,51182

16919,51754

16919,52060

16919,49356

16919,49916

16919,48906

16919,48070

16919,49194

16919,48892

16919,49052

16919,47594

16919,49832

16919,48294

16919,47206

16919,48358

16919,48568

16919,49830

16919,49172

16919,48574

16919,49614

16919,47764

16919,48926

16919,48252

16919,46916

16919,50124

16919,46338

16919,47082

16919,46232

16919,45352

16919,46388

16919,46238

16919,46684

16919,46332

16919,45678

16919,45650

16919,45078

16919,43374

16919,46232

16919,45630

16919,46262

16919,46572

16919,46168

16919,46824

16919,44008

16919,44746

16919,42560

16919,41936

16919,42872

16919,42298

16919,41130

16919,40118

16919,40630

16919,40616

16919,40524

16919,41336

16919,40434

16919,40086

16919,38882

16919,40124

16919,38948

16919,38414

16919,38906

16919,37998

16919,38188

16920,35144

16920,34916

16920,35988

16920,37436

16920,35732

16920,36126

16920,35538

16920,35514

16926,34518

16926,36422

16926,34042

16926,34308

16926,34618

16926,33850

16926,34060

16926,33552

16926,33238

16926,32942

16926,33868

16926,32086

16926,31242

16926,30034

16926,29122

16926,30302

16926,29038

16926,28758

16926,29604

16926,28714

16926,28156

16926,28148

16926,29900

16926,29498

16926,27846

16926,27114

16926,26146

16926,24812

16926,24368

16926,26356

16926,26358

16926,25268

16926,24998

16926,23438

16926,22540

16926,22112

16926,21736

16926,22304

16926,23344

16926,21142

16926,21088

16926,21698

16926,22178

16926,21022

16926,20964

16926,20678

16926,20172

16926,20548

16926,20586

16926,19492

16926,20578

16926,20574

16926,21152

16926,21458

16926,19854

16927,18494

16927,19076

16927,19860

16927,19112

16927,19918

16927,19476

16927,20206

16927,20224

16927,19120

16927,19818

16927,19896

16927,18572

16927,19864

16927,20478

16927,19000

16927,18386

16927,18670

16927,20698

16927,18790

16927,15802

16927,17738

16927,17280

16927,16544

16927,18404

16927,16856

16927,18226

16927,17208

16927,17480

16927,16536

16927,17332

16927,14826

16927,15850

16927,16378

16927,17006

16927,16538

16927,15466

16927,16398

16927,17418

16927,14534

16927,15414

16927,15010

16927,16470

16927,16274

16927,16340

16927,15882

16927,15096

16927,15480

16927,15406

16927,17334

16927,15074

16927,15392

16927,13624

16927,14658

16927,13618

16927,12396

16927,15502

16927,14398

16927,15730

16927,13844

16927,14526

16927,14530

16927,14802

16927,14298

16927,14306

16927,15478

16928,15520

16928,16522

16928,13844

16928,15756

16928,14792

16928,16716

16928,17048

16928,17680

16934,16162

16934,15162

16934,14338

16934,15566

16934,14932

16934,15856

16934,15978

16934,15308

16934,14886

16934,12756

16934,12582

16934,12996

16934,11656

16934,13416

16934,12520

16934,11668

16934,12818

16934,14282

16934,12706

16934,13688

16934,13990

16934,13532

16934,13234

16934,13164

16934,13204

16934,13516

16934,11942

16934,12314

16934,12620

16934,11702

16934,13708

16934,12762

16934,12696

16934,11284

16934,10760

16934,9332

16934,9656

16934,9264

16934,8726

16934,8714

16934,9786

16934,10766

16934,8100

16934,8868

16934,10432

16934,10266

16934,9962

16934,10148

16934,10098

16934,9838

16934,8348

16934,7118

16934,7978

16934,10414

16934,9924

16935,11784

16935,10730

16935,8884

16935,10102

16935,9628

16935,9126

16935,11374

16935,10718

16935,10606

16935,11902

16935,10516

16935,11158

16935,11446

16935,9692

16935,10716

16935,10076

16935,10292

16935,9862

16935,10590

16935,11812

16935,10592

16935,9508

16935,11988

16935,12430

16935,12316

16935,12806

16935,11948

16935,13900

16935,13626

16935,11578

16935,10610

16935,12400

16935,12184

16935,12124

16935,12372

16935,12274

16935,12946

16935,13202

16935,11804

16935,13038

16935,10578

16935,11370

16935,11270

16935,10106

16935,10996

16935,10968

16935,12854

16935,12024

16935,10280

16935,11270

16935,11908

16935,12926

16935,12198

16935,12292

16935,13668

16935,13520

16935,13158

16935,11746

16935,12600

16935,12274

16935,12064

16935,11784

16935,11556

16935,11938

16935,10008

16936,9608

16936,10948

16936,10382

16936,10750

16936,10794

16936,9356

16936,9576

16936,9414

16942,8668

16942,9108

16942,9388

16942,9332

16942,9874

16942,8254

16942,8772

16942,8922

16942,8742

16942,8908

16942,7846

16942,7310

16942,8164

16942,7642

16942,8658

16942,9106

16942,8328

16942,8900

16942,9066

16942,9598

16942,6606

16942,9448

16942,9648

16942,9602

16942,7390

16942,8060

16942,7758

16942,9082

16942,9318

16942,8800

16942,9724

16942,9086

16942,9252

16942,8922

16942,10438

16942,10520

16942,10638

16942,9846

16942,12364

16942,12056

16942,12866

16942,11852

16942,11512

16942,12266

16942,11286

16942,11042

16942,11230

16942,11738

16942,11802

16942,11004

16942,10558

16942,10652

16942,9898

16942,9784

16942,11366

16943,11460

16943,10856

16943,11706

16943,11224

16943,11872

16943,10954

16943,10298

16943,10112

16943,11478

16943,11258

16943,10862

16943,9188

16943,10368

16943,11492

16943,10698

16943,10958

16943,11036

16943,10100

16943,10030

16943,12324

16943,10778

16943,9878

16943,11594

16943,9924

16943,10060

16943,8726

16943,8822

16943,7296

16943,7690

16943,8846

16943,8688

16943,8536

16943,9486

16943,8792

16943,10264

16943,9558

16943,7900

16943,8190

16943,8554

16943,8874

16943,9622

16943,9242

16943,8132

16943,9254

16943,9834

16943,10062

16943,12514

16943,11672

16943,12022

16943,10460

16943,10184

16943,10572

16943,9814

16943,10338

16943,8104

16943,10070

16943,9222

16943,9754

16943,10358

16943,9660

16943,10316

16943,9836

16943,8230

16943,8208

16943,9274

16944,8666

16944,9208

16944,7856

16944,9398

16944,8510

16944,6716

16944,8002

16944,8458

16950,9064

16950,8326

16950,8966

16950,8232

16950,9018

16950,9172

16950,8384

16950,7540

16950,7868

16950,7234

16950,6482

16950,7712

16950,7238

16950,7160

16950,8948

16950,7250

16950,9038

16950,8848

16950,6540

16950,7908

16950,7736

16950,9330

16950,8750

16950,7888

16950,10098

16950,8734

16950,8078

16950,9406

16950,10100

16950,9874

16950,9736

16950,8224

16950,7954

16950,9496

16950,9826

16950,10918

16950,8090

16950,8114

16950,9222

16950,8876

16950,9162

16950,9154

16950,7778

16950,8670

16950,7546

16950,6966

16950,8522

16950,7544

16950,6896

16950,9324

16950,9220

16950,8522

16950,10040

16950,8456

16950,9592

16951,9710

16951,10616

16951,10068

16951,10408

16951,9404

16951,9922

16951,10792

16951,10212

16951,12526

16951,10992

16951,11282

16951,11264

16951,11488

16951,12204

16951,13476

16951,12648

16951,10266

16951,11784

16951,11974

16951,11864

16951,11918

16951,11358

16951,10500

16951,11170

16951,10850

16951,12104

16951,11274

16951,11426

16951,11758

16951,11748

16951,11014

16951,12074

16951,11674

16951,14328

16951,12634

16951,11376

16951,12746

16951,13882

16951,13444

16951,12604

16951,12384

16951,11390

16951,12574

16951,9352

16951,11990

16951,11452

16951,9482

16951,10138

16951,10070

16951,10006

16951,9894

16951,9768

16951,10716

16951,9506

16951,9042

16951,8610

16951,9720

16951,11540

16951,8714

16951,10250

16951,8796

16951,10866

16951,8872

16951,9740

16951,9718

16952,10260

16952,7856

16952,10766

16952,10346

16952,9072

16952,9032

16952,7822

16952,7362

16958,8494

16958,8694

16958,8320

16958,8766

16958,8674

16958,8152

16958,8254

16958,7814

16958,8202

16958,8142

16958,8836

16958,8082

16958,8822

16958,9428

16958,7392

16958,8498

16958,8436

16958,8856

16958,9752

16958,9840

16958,10402

16958,10172

16958,9912

16958,10266

16958,9804

16958,10318

16958,10826

16958,12322

16958,12834

16958,12508

16958,10610

16958,11954

16958,11900

16958,10388

16958,10738

16958,11458

16958,10228

16958,10794

16958,9754

16958,9768

16958,10942

16958,10146

16958,10522

16958,10362

16958,10156

16958,10310

16958,10810

16958,10892

16958,10218

16958,11314

16958,10862

16958,10540

16958,10488

16958,10682

16958,11206

16959,10296

16959,10090

16959,9006

16959,10332

16959,11046

16959,10078

16959,11686

16959,11718

16959,11594

16959,11546

16959,13324

16959,13618

16959,12730

16959,13720

16959,13108

16959,13724

16959,13044

16959,12966

16959,12300

16959,11862

16959,14202

16959,12384

16959,14192

16959,13646

16959,13534

16959,13400

16959,12612

16959,12362

16959,11974

16959,11578

16959,11600

16959,11564

16959,11394

16959,12178

16959,12604

16959,12142

16959,11060

16959,11800

16959,13118

16959,11552

16959,13498

16959,13840

16959,12374

16959,13208

16959,12220

16959,13614

16959,12754

16959,13364

16959,13766

16959,13568

16959,13052

16959,12356

16959,13198

16959,12026

16959,14394

16959,13288

16959,13022

16959,11842

16959,14108

16959,13272

16959,13190

16959,13466

16959,15258

16959,14754

16959,14932

16960,13706

16960,13106

16960,14646

16960,13836

16960,14500

16960,14406

16960,14248

16960,14060

16966,13026

16966,12800

16966,13774

16966,14772

16966,12080

16966,14238

16966,11142

16966,13262

16966,12782

16966,13034

16966,15068

16966,12968

16966,14338

16966,13688

16966,12810

16966,14552

16966,15612

16966,14666

16966,13848

16966,14260

16966,14348

16966,14538

16966,14148

16966,13570

16966,14806

16966,14356

16966,13854

16966,12638

16966,14164

16966,12476

16966,13114

16966,13672

16966,13162

16966,15142

16966,12280

16966,12634

16966,14122

16966,12326

16966,13288

16966,13724

16966,13414

16966,13504

16966,13526

16966,13028

16966,13312

16966,12830

16966,13644

16966,11966

16966,13084

16966,12522

16966,12658

16966,13530

16966,12844

16966,13790

16966,13076

16967,13946

16967,13342

16967,13586

16967,14044

16967,14670

16967,14606

16967,13266

16967,13312

16967,12928

16967,13130

16967,13568

16967,12196

16967,11676

16967,11942

16967,12366

16967,11672

16967,12566

16967,10386

16967,12412

16967,12160

16967,11426

16967,13252

16967,11588

16967,10744

16967,11740

16967,10384

16967,10538

16967,9336

16967,9530

16967,12018

16967,10784

16967,9846

16967,10684

16967,10102

16967,11882

16967,11406

16967,11024

16967,9988

16967,9384

16967,8730

16967,9172

16967,8596

16967,7692

16967,10264

16967,9732

16967,8620

16967,9772

16967,9772

16967,10280

16967,10544

16967,9998

16967,10228

16967,9696

16967,9446

16967,8428

16967,8444

16967,7482

16967,7632

16967,8000

16967,7942

16967,8346

16967,7578

16967,6194

16967,6832

16967,7850

16968,6886

16968,6656

16968,7726

16968,7504

16968,6360

16968,7154

16968,6666

16968,7014

16974,6994

16974,6644

16974,6056

16974,6640

16974,5852

16974,4918

16974,5816

16974,6484

16974,5820

16974,5578

16974,3780

16974,5078

16974,4648

16974,4842

16974,6288

16974,5222

16974,4028

16974,6096

16974,4858

16974,5696

16974,4652

16974,4930

16974,4088

16974,5128

16974,5020

16974,4596

16974,5604

16974,6008

16974,5218

16974,3196

16974,4316

16974,3362

16974,4768

16974,3506

16974,5236

16974,5354

16974,5582

16974,5886

16974,6312

16974,5268

16974,5556

16974,4728

16974,4756

16974,5164

16974,5476

16974,5754

16974,6286

16974,3596

16974,5048

16974,4682

16974,5052

16974,4986

16974,4400

16974,4428

16974,4534

16975,3302

16975,2372

16975,3714

16975,3942

16975,2360

16975,3234

16975,2138

16975,2220

16975,3850

16975,3584

16975,3032

16975,2416

16975,3794

16975,3432

16975,4452

16975,2372

16975,3970

16975,3998

16975,2952

16975,2096

16975,2524

16975,2226

16975,3050

16975,3792

16975,2580

16975,2260

16975,1098

16975,2152

16975,1254

16975,944

16975,2460

16975,2776

16975,3166

16975,3654

16975,3334

16975,4074

16975,4474

16975,2312

16975,3188

16975,3426

16975,3902

16975,2658

16975,4090

16975,4250

16975,3768

16975,3988

16975,2312

16975,2944

16975,3830

16975,2460

16975,3144

16975,2938

16975,3040

16975,2964

16975,2622

16975,2632

16975,1926

16975,398

16975,1592

16975,918

16975,778

16975,494

16975,1082

16975,434

16975,268

16976,-700

16976,-1352

16976,-38

16976,-150

16976,-620

16976,1720

16976,84

16976,2264

16982,128

16982,198

16982,-524

16982,64

16982,-366

16982,-536

16982,144

16982,1088

16982,-524

16982,-1152

16982,-900

16982,-246

16982,1468

16982,-1404

16982,-836

16982,-1552

16982,-894

16982,-2720

16982,-1920

16982,-2276

16982,-2022

16982,-1220

16982,-2422

16982,-2028

16982,-1614

16982,-3196

16982,-3694

16982,-2506

16982,-3428

16982,-3080

16982,-1648

16982,-2870

16982,-2496

16982,-2392

16982,-2996

16982,-3930

16982,-3050

16982,-3276

16982,-5250

16982,-4604

16982,-4332

16982,-4352

16982,-5948

16982,-6532

16982,-4532

16982,-4794

16982,-4812

16982,-5424

16982,-7198

16982,-7276

16982,-5968

16982,-6584

16982,-5676

16982,-7228

16982,-6196

16983,-4520

16983,-5444

16983,-6112

16983,-6756

16983,-6178

16983,-6706

16983,-7948

16983,-6800

16983,-5524

16983,-4352

16983,-6038

16983,-6152

16983,-5870

16983,-5230

16983,-5392

16983,-4518

16983,-5950

16983,-4938

16983,-3708

16983,-6698

16983,-6376

16983,-6194

16983,-5722

16983,-4968

16983,-4468

16983,-3962

16983,-5776

16983,-4402

16983,-4620

16983,-4842

16983,-5436

16983,-5780

16983,-4248

16983,-4676

16983,-5374

16983,-5584

16983,-5314

16983,-5266

16983,-4644

16983,-5112

16983,-4378

16983,-5168

16983,-4474

16983,-4566

16983,-5868

16983,-3822

16983,-4780

16983,-5482

16983,-5684

16983,-5574

16983,-3722

16983,-5734

16983,-5386

16983,-5436

16983,-5024

16983,-6338

16983,-6426

16983,-5974

16983,-5770

16983,-7026

16983,-5162

16983,-5436

16983,-5984

16983,-6294

16983,-5456

16984,-6416

16984,-6596

16984,-6312

16984,-5498

16984,-4558

16984,-5536

16984,-5308

16984,-5100

16990,-6708

16990,-6936

16990,-6544

16990,-6770

16990,-6056

16990,-5868

16990,-6872

16990,-5132

16990,-4964

16990,-4380

16990,-5108

16990,-5406

16990,-5458

16990,-6414

16990,-7226

16990,-5738

16990,-6500

16990,-5628

16990,-6120

16990,-5904

16990,-7578

16990,-7666

16990,-7410

16990,-9224

16990,-8684

16990,-6496

16990,-6898

16990,-8776

16990,-7546

16990,-8296

16990,-8624

16990,-8764

16990,-9834

16990,-9162

16990,-9398

16990,-10522

16990,-10278

16990,-10918

16990,-10596

16990,-10868

16990,-12170

16990,-10896

16990,-10420

16990,-11444

16990,-10698

16990,-9318

16990,-11722

16990,-12064

16990,-13076

16990,-12036

16990,-10968

16990,-11732

16990,-11118

16990,-11862

16990,-11368

16991,-12760

16991,-11116

16991,-12434

16991,-13092

16991,-12022

16991,-12236

16991,-12050

16991,-13984

16991,-13356

16991,-13338

16991,-13808

16991,-12900

16991,-14046

16991,-15476

16991,-14364

16991,-13732

16991,-13500

16991,-13908

16991,-14786

16991,-14782

16991,-13632

16991,-14542

16991,-15722

16991,-15250

16991,-14814

16991,-13430

16991,-15038

16991,-15644

16991,-15266

16991,-14394

16991,-15400

16991,-15450

16991,-16530

16991,-13898

16991,-14590

16991,-13508

16991,-13566

16991,-12664

16991,-12434

16991,-13502

16991,-14774

16991,-15592

16991,-14590

16991,-15318

16991,-16668

16991,-14440

16991,-14756

16991,-14952

16991,-14714

16991,-15056

16991,-13720

16991,-13672

16991,-14506

16991,-15666

16991,-15338

16991,-16408

16991,-15040

16991,-15584

16991,-16012

16991,-17330

16991,-16428

16991,-16324

16991,-15690

16991,-16130

16991,-15784

16992,-17248

16992,-15930

16992,-16622

16992,-17828

16992,-16740

16992,-17918

16992,-17708

16992,-18092

16998,-17082

16998,-17760

16998,-16862

16998,-17166

16998,-18816

16998,-16306

16998,-16522

16998,-18588

16998,-17158

16998,-18204

16998,-18810

16998,-17216

16998,-17970

16998,-18126

16998,-18602

16998,-20944

16998,-19606

16998,-21818

16998,-19418

16998,-19708

16998,-20404

16998,-19460

16998,-18592

16998,-18872

16998,-19580

16998,-20404

16998,-21388

16998,-20002

16998,-20810

16998,-21410

16998,-21146

16998,-22154

16998,-22310

16998,-23364

16998,-24326

16998,-24662

16998,-23846

16998,-22878

16998,-24900

16998,-24424

16998,-23582

16998,-24924

16998,-25948

16998,-25588

16998,-25680

16998,-24914

16998,-25256

16998,-25856

16998,-26628

16998,-27038

16998,-25014

16998,-25638

16998,-24730

16998,-24432

16998,-25518

16999,-23756

16999,-24076

16999,-26864

16999,-26956

16999,-25262

16999,-26054

16999,-27688

16999,-28026

16999,-26484

16999,-25822

16999,-26716

16999,-25872

16999,-25262

16999,-25540

16999,-24926

16999,-24672

16999,-25700

16999,-26618

16999,-24498

16999,-26112

16999,-26942

16999,-26300

16999,-26792

16999,-26806

16999,-26208

16999,-27390

16999,-27420

16999,-25626

16999,-27966

16999,-26536

16999,-27950

16999,-26498

16999,-26974

16999,-26110

16999,-23752

16999,-25200

16999,-27124

16999,-25626

16999,-24606

16999,-25792

16999,-26992

16999,-25436

16999,-24974

16999,-26196

16999,-27230

16999,-27828

16999,-25938

16999,-25718

16999,-27110

16999,-26412

16999,-26156

16999,-26000

16999,-27236

16999,-26194

16999,-26044

16999,-26582

16999,-27114

16999,-26978

16999,-27496

16999,-27564

16999,-26552

16999,-26048

16999,-24698

16999,-25694

16999,-26704

17000,-26228

17000,-26634

17000,-25118

17000,-27438

17000,-25996

17000,-26318

17000,-26490

17000,-25574

17006,-27660

17006,-26808

17006,-26972

17006,-26586

17006,-26690

17006,-25430

17006,-25714

17006,-25932

17006,-27562

17006,-27306

17006,-28302

17006,-27796

17006,-26992

17006,-26004

17006,-24642

17006,-27846

17006,-26520

17006,-26730

17006,-26008

17006,-26428

17006,-26662

17006,-24768

17006,-25974

17006,-25922

17006,-26910

17006,-26048

17006,-25206

17006,-25676

17006,-27614

17006,-26520

17006,-27700

17006,-28208

17006,-25426

17006,-26648

17006,-27748

17006,-28590

17006,-26594

17006,-28418

17006,-29482

17006,-28922

17006,-29792

17006,-29862

17006,-30582

17006,-29120

17006,-28332

17006,-29828

17006,-29988

17006,-30258

17006,-29938

17006,-28254

17006,-28754

17006,-27648

17006,-27652

17006,-27238

17006,-28794

17007,-28686

17007,-28466

17007,-28274

17007,-26992

17007,-27722

17007,-25912

17007,-26904

17007,-25696

17007,-26000

17007,-26934

17007,-27134

17007,-26606

17007,-25924

17007,-26562

17007,-25962

17007,-25526

17007,-26798

17007,-25186

17007,-23954

17007,-23656

17007,-23732

17007,-24036

17007,-25338

17007,-23550

17007,-23184

17007,-24942

17007,-21984

17007,-20728

17007,-21044

17007,-20568

17007,-20776

17007,-18972

17007,-20184

17007,-20416

17007,-22070

17007,-22468

17007,-20408

17007,-18838

17007,-19592

17007,-21504

17007,-21312

17007,-20260

17007,-20356

17007,-22182

17007,-21730

17007,-21202

17007,-20694

17007,-21166

17007,-20536

17007,-21192

17007,-21338

17007,-20106

17007,-22362

17007,-20354

17007,-20894

17007,-21026

17007,-21126

17007,-21262

17007,-22566

17007,-22080

17007,-20562

17007,-21746

17007,-21812

17007,-20844

17007,-20666

17008,-21502

17008,-21208

17008,-20600

17008,-21504

17008,-19884

17008,-20914

17008,-20170

17008,-19830

17014,-20424

17014,-19472

17014,-20092

17014,-21550

17014,-19424

17014,-19316

17014,-17758

17014,-20264

17014,-20468

17014,-20450

17014,-19956

17014,-19228

17014,-18808

17014,-20202

17014,-19638

17014,-19836

17014,-18750

17014,-18932

17014,-20070

17014,-20070

17014,-18300

17014,-19196

17014,-19782

17014,-21704

17014,-19778

17014,-18954

17014,-20162

17014,-20130

17014,-19218

17014,-19494

17014,-19184

17014,-18780

17014,-17480

17014,-17970

17014,-17832

17014,-18504

17014,-18938

17014,-18242

17014,-20428

17014,-20046

17014,-21412

17014,-20316

17014,-20746

17014,-19220

17014,-18756

17014,-17834

17014,-19302

17014,-19740

17014,-18750

17014,-18426

17014,-17764

17014,-16630

17014,-18570

17014,-18768

17014,-20682

17015,-21784

17015,-19600

17015,-18802

17015,-18930

17015,-19128

17015,-19164

17015,-19126

17015,-19172

17015,-19942

17015,-20422

17015,-19634

17015,-19040

17015,-17890

17015,-19256

17015,-20066

17015,-19630

17015,-18848

17015,-20302

17015,-19978

17015,-20514

17015,-20770

17015,-20376

17015,-20220

17015,-20754

17015,-20236

17015,-20926

17015,-21270

17015,-20734

17015,-22112

17015,-22236

17015,-21380

17015,-23212

17015,-22902

17015,-22276

17015,-23274

17015,-23748

17015,-22964

17015,-23242

17015,-23228

17015,-22550

17015,-23790

17015,-23936

17015,-23864

17015,-23104

17015,-22776

17015,-21972

17015,-23342

17015,-25222

17015,-24584

17015,-24478

17015,-25778

17015,-26456

17015,-26622

17015,-25816

17015,-26414

17015,-26848

17015,-25414

17015,-25914

17015,-27444

17015,-27286

17015,-26266

17015,-26754

17015,-26406

17015,-27402

17015,-27144

17016,-27412

17016,-26432

17016,-26948

17016,-27338

17016,-28480

17016,-27654

17016,-27104

17016,-29060

17022,-28384

17022,-28318

17022,-29688

17022,-27480

17022,-28910

17022,-30346

17022,-30600

17022,-30476

17022,-28758

17022,-29972

17022,-29864

17022,-29680

17022,-29498

17022,-29336

17022,-30466

17022,-29014

17022,-28692

17022,-31108

17022,-31066

17022,-31336

17022,-31256

17022,-31160

17022,-31266

17022,-29498

17022,-29138

17022,-30638

17022,-31514

17022,-30216

17022,-30160

17022,-30396

17022,-29422

17022,-29066

17022,-28870

17022,-30570

17022,-29700

17022,-30190

17022,-31040

17022,-30924

17022,-31212

17022,-29310

17022,-29346

17022,-28442

17022,-29596

17022,-30234

17022,-30382

17022,-30652

17022,-30624

17022,-29926

17022,-29582

17022,-31756

17022,-30304

17022,-31132

17022,-30476

17022,-29340

17022,-31698

17023,-31310

17023,-31956

17023,-31754

17023,-30022

17023,-30496

17023,-31866

17023,-30308

17023,-29802

17023,-31430

17023,-30714

17023,-30948

17023,-30916

17023,-30612

17023,-29912

17023,-31120

17023,-30548

17023,-29736

17023,-29748

17023,-29108

17023,-29392

17023,-29664

17023,-30072

17023,-29998

17023,-29838

17023,-29730

17023,-30258

17023,-28754

17023,-29182

17023,-29886

17023,-28572

17023,-28966

17023,-30920

17023,-29878

17023,-29420

17023,-30712

17023,-29638

17023,-29116

17023,-31452

17023,-29076

17023,-28276

17023,-29202

17023,-27832

17023,-27378

17023,-27590

17023,-28126

17023,-27028

17023,-27588

17023,-28088

17023,-26900

17023,-25870

17023,-25600

17023,-26232

17023,-25722

17023,-26078

17023,-25230

17023,-25436

17023,-26976

17023,-26402

17023,-26258

17023,-26662

17023,-27496

17023,-26252

17023,-27146

17023,-28968

17023,-27824

17024,-27110

17024,-27334

17024,-25770

17024,-26638

17024,-27634

17024,-27434

17024,-27648

17024,-26410

17030,-26370

17030,-29402

17030,-27590

17030,-27882

17030,-27720

17030,-26670

17030,-25606

17030,-26090

17030,-27018

17030,-26494

17030,-26446

17030,-25598

17030,-26312

17030,-27664

17030,-27720

17030,-27032

17030,-26856

17030,-27038

17030,-27190

17030,-26826

17030,-26692

17030,-28220

17030,-28020

17030,-27746

17030,-26644

17030,-27020

17030,-25168

17030,-26166

17030,-25094

17030,-25050

17030,-24648

17030,-25106

17030,-25014

17030,-25728

17030,-24504

17030,-25544

17030,-26488

17030,-23258

17030,-23392

17030,-24314

17030,-22264

17030,-22264

17030,-24272

17030,-23786

17030,-22972

17030,-24046

17030,-22134

17030,-24000

17030,-24420

17030,-22394

17030,-21600

17030,-22992

17030,-21302

17030,-20796

17030,-21604

17031,-20772

17031,-21268

17031,-21578

17031,-19434

17031,-20456

17031,-19190

17031,-19690

17031,-19210

17031,-18918

17031,-20260

17031,-20186

17031,-20136

17031,-19926

17031,-22332

17031,-19604

17031,-18288

17031,-18680

17031,-20480

17031,-19828

17031,-20700

17031,-20270

17031,-20246

17031,-20206

17031,-19654

17031,-19538

17031,-20132

17031,-20156

17031,-20112

17031,-20842

17031,-20102

17031,-20724

17031,-19392

17031,-19674

17031,-21794

17031,-20870

17031,-21112

17031,-22762

17031,-21346

17031,-20914

17031,-20596

17031,-20574

17031,-19796

17031,-19452

17031,-19760

17031,-20806

17031,-20280

17031,-21082

17031,-20926

17031,-18568

17031,-19048

17031,-20042

17031,-20672

17031,-19918

17031,-18674

17031,-20144

17031,-18828

17031,-18122

17031,-17720

17031,-17922

17031,-17386

17031,-17116

17031,-18142

17031,-19140

17031,-18218

17031,-17414

17032,-17814

17032,-17312

17032,-17840

17032,-17156

17032,-17072

17032,-18244

17032,-19030

17032,-18398

17038,-19394

17038,-19204

17038,-18186

17038,-18086

17038,-18962

17038,-19460

17038,-19292

17038,-20116

17038,-21358

17038,-20322

17038,-20128

17038,-20582

17038,-20352

17038,-20866

17038,-19902

17038,-18876

17038,-18776

17038,-20140

17038,-18602

17038,-18286

17038,-17662

17038,-19292

17038,-20408

17038,-21242

17038,-20022

17038,-20342

17038,-20524

17038,-17114

17038,-19268

17038,-19226

17038,-18364

17038,-18944

17038,-18044

17038,-18968

17038,-18028

17038,-17418

17038,-17988

17038,-17966

17038,-18176

17038,-16780

17038,-17548

17038,-18138

17038,-18410

17038,-18440

17038,-16708

17038,-17264

17038,-15714

17038,-15292

17038,-16576

17038,-18466

17038,-16782

17038,-15258

17038,-16908

17038,-17476

17038,-16732

17039,-16214

17039,-15616

17039,-15708

17039,-15654

17039,-15276

17039,-13744

17039,-14020

17039,-15618

17039,-14512

17039,-16200

17039,-15438

17039,-14066

17039,-15490

17039,-13848

17039,-14716

17039,-16798

17039,-13586

17039,-13878

17039,-15860

17039,-14058

17039,-14716

17039,-15676

17039,-13172

17039,-13116

17039,-14710

17039,-13730

17039,-15076

17039,-13446

17039,-13426

17039,-13668

17039,-13188

17039,-13738

17039,-13250

17039,-13752

17039,-12620

17039,-12536

17039,-12304

17039,-11274

17039,-12272

17039,-12774

17039,-11870

17039,-11768

17039,-11218

17039,-12040

17039,-10942

17039,-11990

17039,-12198

17039,-12814

17039,-9366

17039,-11110

17039,-11346

17039,-10330

17039,-10212

17039,-10278

17039,-9668

17039,-10854

17039,-11274

17039,-11010

17039,-10050

17039,-9472

17039,-9528

17039,-9476

17039,-9830

17039,-10654

17039,-9716

17040,-9256

17040,-9600

17040,-10470

17040,-9948

17040,-9956

17040,-9940

17040,-10620

17040,-11356

17046,-10686

17046,-9180

17046,-10650

17046,-11056

17046,-8858

17046,-9412

17046,-9768

17046,-8212

17046,-8942

17046,-9578

17046,-7418

17046,-9118

17046,-8308

17046,-10100

17046,-8078

17046,-7678

17046,-8128

17046,-7738

17046,-6360

17046,-5996

17046,-6860

17046,-6728

17046,-7602

17046,-6026

17046,-7216

17046,-6612

17046,-6622

17046,-5804

17046,-5930

17046,-4662

17046,-3286

17046,-3630

17046,-3452

17046,-3894

17046,-3062

17046,-2152

17046,-1482

17046,-1358

17046,800

17046,34

17046,476

17046,1082

17046,-186

17046,1406

17046,2026

17046,1012

17046,2348

17046,2000

17046,2670

17046,2778

17046,4166

17046,4116

17046,2386

17046,3026

17046,3316

17047,4726

17047,4164

17047,3818

17047,4002

17047,3542

17047,5968

17047,5862

17047,6356

17047,6292

17047,7692

17047,6580

17047,6216

17047,6640

17047,8590

17047,7484

17047,8036

17047,7332

17047,8882

17047,9342

17047,7320

17047,8780

17047,8388

17047,8490

17047,9372

17047,9400

17047,8578

17047,9006

17047,9982

17047,10128

17047,11526

17047,9906

17047,10102

17047,9834

17047,11462

17047,13486

17047,14204

17047,14238

17047,15002

17047,14898

17047,14410

17047,14142

17047,14052

17047,14610

17047,17294

17047,14990

17047,15104

17047,15438

17047,16082

17047,17528

17047,15834

17047,16520

17047,15812

17047,15664

17047,15806

17047,16304

17047,16942

17047,17206

17047,16180

17047,17802

17047,16584

17047,18104

17047,19508

17047,16384

17047,16628

17047,15898

17048,17176

17048,16456

17048,17030

17048,18580

17048,18182

17048,18918

17048,17874

17048,17692

17054,19798

17054,18424

17054,19970

17054,18046

17054,18360

17054,19132

17054,18450

17054,18152

17054,18476

17054,18772

17054,18438

17054,18700

17054,18648

17054,17526

17054,16972

17054,16436

17054,17186

17054,18104

17054,17214

17054,16008

17054,16004

17054,15818

17054,18234

17054,15988

17054,15516

17054,15838

17054,17104

17054,16942

17054,16638

17054,16336

17054,17472

17054,15162

17054,14104

17054,14180

17054,13826

17054,16800

17054,15836

17054,16202

17054,17394

17054,15344

17054,16118

17054,15566

17054,15096

17054,16160

17054,15640

17054,14726

17054,13786

17054,15314

17054,15020

17054,13224

17054,13502

17054,14760

17054,13580

17054,11472

17054,13264

17055,14122

17055,14090

17055,14548

17055,13030

17055,14856

17055,14176

17055,14194

17055,13664

17055,14510

17055,14482

17055,14976

17055,13052

17055,13426

17055,13864

17055,13172

17055,13888

17055,11398

17055,13118

17055,13142

17055,13288

17055,14494

17055,13304

17055,13094

17055,12934

17055,12682

17055,11974

17055,13050

17055,12614

17055,12448

17055,11626

17055,12764

17055,13262

17055,14184

17055,13206

17055,11484

17055,12470

17055,11080

17055,11104

17055,12264

17055,11552

17055,11778

17055,10690

17055,11334

17055,10408

17055,10938

17055,10082

17055,10136

17055,10148

17055,9356

17055,8886

17055,9028

17055,7668

17055,8948

17055,8778

17055,8626

17055,9188

17055,9530

17055,8108

17055,9438

17055,9688

17055,9524

17055,10294

17055,9540

17055,9460

17055,8286

17056,9450

17056,9480

17056,8256

17056,9180

17056,8254

17056,8174

17056,8020

17056,6732

17062,6456

17062,7124

17062,5518

17062,6630

17062,7162

17062,5542

17062,7056

17062,6188

17062,6764

17062,5964

17062,4942

17062,5276

17062,7322

17062,5562

17062,4976

17062,5926

17062,7306

17062,5290

17062,6258

17062,5232

17062,4936

17062,6084

17062,6496

17062,6800

17062,6222

17062,7066

17062,6796

17062,5160

17062,5830

17062,5116

17062,6364

17062,6152

17062,5130

17062,5398

17062,5920

17062,5062

17062,6534

17062,7042

17062,7068

17062,7522

17062,7960

17062,6650

17062,6622

17062,7538

17062,6902

17062,6116

17062,6510

17062,6642

17062,5836

17062,6150

17062,5730

17062,4714

17062,5622

17062,3956

17062,3770

17063,3404

17063,2870

17063,1150

17063,2406

17063,3014

17063,4158

17063,3572

17063,2640

17063,3430

17063,2656

17063,2296

17063,2644

17063,1890

17063,3060

17063,3780

17063,2234

17063,2272

17063,2136

17063,3172

17063,390

17063,1302

17063,-186

17063,1940

17063,1792

17063,2128

17063,2500

17063,862

17063,1708

17063,1134

17063,1036

17063,-872

17063,-1202

17063,-830

17063,-1368

17063,-1892

17063,-192

17063,-1042

17063,-1378

17063,-542

17063,-4

17063,-1588

17063,-1998

17063,-1714

17063,-560

17063,84

17063,-62

17063,-588

17063,-1330

17063,-1814

17063,-4422

17063,-3684

17063,-3074

17063,-3048

17063,-3696

17063,-2610

17063,-2288

17063,-2670

17063,-4912

17063,-3124

17063,-3242

17063,-3950

17063,-5342

17063,-4832

17063,-3482

17063,-2974

17064,-2738

17064,-4240

17064,-4320

17064,-4312

17064,-2526

17064,-3634

17064,-5100

17064,-5846

17070,-5164

17070,-3436

17070,-3854

17070,-4254

17070,-3912

17070,-6274

17070,-5380

17070,-5886

17070,-6712

17070,-4240

17070,-5928

17070,-4446

17070,-5752

17070,-4126

17070,-5464

17070,-5336

17070,-3508

17070,-5566

17070,-4684

17070,-5126

17070,-4762

17070,-4100

17070,-5666

17070,-5712

17070,-4420

17070,-4320

17070,-3172

17070,-4150

17070,-2460

17070,-1538

17070,-3976

17070,-2994

17070,-4140

17070,-2956

17070,-3384

17070,-4632

17070,-4408

17070,-4744

17070,-4254

17070,-2514

17070,-3202

17070,-2714

17070,-2362

17070,-3512

17070,-3400

17070,-3162

17070,-3382

17070,-3648

17070,-4842

17070,-3360

17070,-2114

17070,-2084

17070,-4168

17070,-4498

17070,-4764

17071,-4808

17071,-5314

17071,-4292

17071,-5174

17071,-2784

17071,-4540

17071,-5732

17071,-4670

17071,-4102

17071,-3762

17071,-4188

17071,-1914

17071,-2300

17071,-2208

17071,-1512

17071,-1792

17071,-1362

17071,-1166

17071,-2018

17071,-3394

17071,-2560

17071,-1510

17071,-658

17071,-1708

17071,-936

17071,-2786

17071,-774

17071,-988

17071,-930

17071,-308

17071,22

17071,-168

17071,528

17071,-364

17071,-1436

17071,-1318

17071,-88

17071,-1188

17071,-370

17071,-2438

17071,-3022

17071,-1168

17071,-2310

17071,-1748

17071,-1922

17071,-1722

17071,-1514

17071,-1828

17071,-2940

17071,-3722

17071,-1958

17071,-1272

17071,190

17071,536

17071,218

17071,-898

17071,564

17071,290

17071,-1498

17071,-238

17071,112

17071,-738

17071,454

17071,520

17071,-1212

17072,-346

17072,1438

17072,-1112

17072,-822

17072,-622

17072,916

17072,558

17072,-78

17078,2090

17078,-346

17078,908

17078,368

17078,624

17078,818

17078,738

17078,-280

17078,1130

17078,660

17078,354

17078,1484

17078,1594

17078,252

17078,1676

17078,2706

17078,1252

17078,856

17078,1558

17078,1610

17078,2410

17078,3588

17078,2962

17078,5002

17078,1984

17078,3082

17078,3800

17078,4556

17078,4538

17078,3864

17078,2712

17078,4374

17078,4372

17078,4394

17078,4040

17078,3516

17078,5308

17078,4064

17078,5218

17078,5830

17078,4834

17078,4230

17078,3740

17078,6640

17078,5538

17078,5592

17078,7852

17078,5722

17078,6742

17078,7468

17078,8342

17078,8014

17078,8042

17078,8762

17078,10072

17079,9504

17079,8072

17079,7962

17079,8802

17079,10120

17079,9906

17079,11100

17079,10888

17079,11644

17079,12424

17079,13110

17079,12598

17079,12372

17079,13668

17079,13316

17079,12348

17079,11682

17079,13074

17079,13804

17079,12978

17079,15082

17079,14148

17079,14810

17079,15784

17079,15766

17079,15390

17079,17502

17079,15716

17079,14910

17079,16444

17079,16352

17079,15652

17079,17396

17079,17036

17079,15962

17079,17340

17079,15656

17079,16916

17079,16436

17079,16014

17079,16740

17079,15538

17079,15912

17079,17568

17079,15386

17079,17282

17079,15744

17079,16066

17079,17222

17079,16272

17079,16508

17079,18342

17079,18084

17079,18048

17079,18870

17079,16806

17079,19044

17079,17398

17079,20280

17079,20944

17079,19554

17079,20452

17079,20926

17079,19670

17079,18772

17080,20406

17080,19360

17080,21490

17080,21270

17080,20980

17080,20712

17080,21336

17080,20210

17086,21042

17086,21160

17086,21484

17086,22172

17086,22012

17086,21530

17086,21456

17086,24104

17086,23920

17086,24264

17086,24748

17086,25272

17086,25472

17086,26070

17086,25078

17086,24916

17086,26490

17086,25304

17086,26350

17086,27712

17086,27876

17086,28476

17086,29332

17086,27130

17086,27384

17086,28362

17086,29040

17086,28666

17086,29478

17086,29566

17086,28392

17086,30130

17086,30092

17086,31046

17086,31332

17086,33034

17086,32882

17086,32362

17086,32342

17086,34074

17086,33002

17086,32542

17086,33806

17086,34860

17086,35122

17086,35990

17086,35046

17086,37656

17086,38414

17086,37162

17086,36032

17086,36374

17086,38886

17086,37790

17086,38904

17087,38234

17087,38010

17087,37806

17087,40254

17087,40208

17087,38750

17087,42314

17087,41640

17087,41106

17087,39470

17087,40360

17087,38666

17087,38538

17087,38926

17087,37960

17087,37838

17087,37174

17087,38182

17087,38004

17087,39694

17087,39588

17087,37702

17087,38368

17087,38992

17087,40826

17087,41234

17087,41660

17087,40282

17087,41020

17087,40448

17087,39244

17087,40954

17087,40886

17087,42190

17087,43196

17087,42212

17087,40634

17087,42094

17087,42492

17087,42440

17087,42756

17087,42052

17087,42272

17087,42122

17087,41976

17087,41946

17087,42778

17087,42250

17087,44366

17087,42718

17087,42920

17087,43052

17087,42922

17087,42910

17087,42948

17087,42314

17087,44042

17087,42518

17087,41074

17087,42072

17087,41292

17087,41606

17087,42362

17087,40932

17087,40352

17088,42116

17088,42308

17088,43174

17088,42794

17088,42072

17088,41996

17088,40874

17088,41216

17094,41020

17094,40680

17094,40160

17094,41936

17094,41820

17094,43018

17094,42090

17094,42272

17094,42708

17094,42866

17094,41424

17094,42492

17094,43574

17094,40908

17094,41786

17094,42456

17094,41914

17094,43298

17094,42468

17094,41772

17094,42882

17094,41842

17094,43224

17094,43556

17094,43884

17094,43894

17094,43770

17094,44284

17094,43730

17094,43246

17094,42406

17094,42648

17094,44054

17094,42286

17094,42568

17094,42688

17094,42672

17094,41276

17094,41532

17094,43546

17094,44060

17094,42408

17094,42478

17094,42052

17094,40760

17094,41434

17094,41374

17094,41800

17094,42154

17094,42514

17094,42058

17094,42168

17094,41662

17094,42468

17094,41184

17095,39514

17095,41986

17095,41748

17095,40734

17095,40642

17095,42934

17095,42994

17095,42748

17095,40864

17095,40586

17095,41792

17095,41758

17095,41860

17095,41782

17095,42968

17095,43358

17095,40852

17095,42290

17095,43272

17095,42610

17095,43028

17095,42900

17095,42426

17095,44600

17095,43532

17095,43176

17095,43290

17095,44716

17095,42380

17095,43752

17095,42030

17095,42542

17095,41738

17095,41804

17095,42274

17095,42144

17095,40974

17095,40740

17095,42746

17095,42468

17095,42450

17095,42036

17095,40416

17095,42292

17095,42776

17095,42574

17095,42858

17095,44376

17095,44164

17095,43678

17095,44534

17095,44240

17095,45072

17095,43816

17095,42750

17095,43968

17095,44106

17095,41236

17095,42004

17095,42780

17095,42298

17095,43812

17095,42892

17095,41184

17095,40566

17096,40322

17096,40784

17096,40804

17096,41596

17096,41416

17096,42524

17096,42218

17096,44026

17102,44520

17102,42218

17102,43380

17102,41822

17102,41330

17102,42104

17102,42014

17102,44124

17102,43720

17102,42316

17102,43190

17102,44498

17102,44268

17102,43412

17102,43922

17102,44904

17102,44458

17102,42494

17102,43720

17102,43570

17102,44320

17102,44694

17102,44868

17102,43740

17102,43290

17102,42932

17102,43934

17102,44986

17102,43766

17102,44014

17102,45794

17102,46090

17102,45992

17102,45766

17102,44432

17102,43796

17102,44626

17102,44144

17102,46810

17102,47228

17102,44794

17102,45840

17102,45014

17102,45874

17102,43946

17102,43536

17102,45286

17102,44432

17102,45188

17102,44044

17102,43542

17102,43314

17102,42902

17102,42478

17102,42498

17103,42784

17103,42884

17103,44168

17103,43536

17103,42340

17103,41342

17103,40200

17103,43318

17103,42160

17103,43300

17103,42554

17103,43078

17103,42870

17103,42910

17103,42310

17103,40802

17103,41518

17103,44260

17103,43654

17103,43866

17103,44564

17103,43592

17103,44376

17103,44022

17103,44250

17103,44152

17103,45352

17103,45414

17103,45484

17103,45928

17103,45210

17103,46904

17103,45814

17103,44870

17103,44866

17103,44362

17103,45662

17103,45104

17103,47068

17103,47078

17103,46010

17103,46948

17103,45140

17103,47976

17103,44248

17103,43834

17103,44306

17103,44026

17103,44320

17103,43350

17103,43466

17103,43330

17103,43150

17103,43512

17103,44252

17103,43968

17103,43948

17103,44396

17103,44342

17103,44490

17103,44094

17103,42662

17103,42308

17103,42426

17103,42856

17104,42108

17104,42246

17104,41428

17104,42876

17104,42502

17104,41936

17104,42368

17104,41526

17110,41218

17110,41922

17110,42064

17110,41100

17110,42088

17110,41226

17110,42050

17110,42376

17110,41462

17110,41634

17110,41710

17110,41320

17110,40616

17110,40582

17110,39658

17110,40622

17110,40780

17110,39728

17110,39086

17110,39664

17110,38840

17110,38236

17110,39522

17110,39096

17110,38310

17110,36954

17110,38170

17110,38474

17110,37090

17110,35278

17110,35148

17110,33752

17110,34402

17110,35302

17110,35582

17110,35360

17110,33460

17110,34032

17110,33834

17110,32988

17110,32368

17110,32168

17110,32190

17110,31562

17110,31850

17110,31262

17110,31212

17110,30210

17110,30128

17110,29754

17110,29006

17110,30054

17110,29648

17110,30002

17110,29612

17111,30966

17111,28724

17111,30138

17111,28148

17111,29476

17111,30336

17111,29766

17111,29746

17111,29946

17111,30096

17111,29964

17111,30398

17111,28558

17111,29998

17111,29234

17111,28854

17111,28408

17111,29030

17111,28166

17111,27884

17111,29018

17111,30016

17111,28726

17111,27208

17111,26680

17111,27734

17111,28276

17111,26920

17111,27792

17111,27602

17111,29452

17111,28166

17111,27818

17111,27586

17111,25296

17111,27624

17111,26812

17111,29072

17111,25326

17111,25520

17111,26672

17111,26146

17111,26680

17111,26520

17111,25524

17111,26416

17111,25532

17111,24800

17111,25174

17111,25322

17111,25994

17111,25314

17111,25250

17111,24954

17111,26376

17111,27362

17111,28072

17111,27810

17111,25250

17111,26750

17111,28058

17111,28696

17111,28864

17111,30434

17111,30470

17112,31298

17112,32050

17112,29998

17112,30572

17112,31554

17112,30988

17112,31576

17112,31480

17118,30484

17118,31576

17118,32734

17118,32324

17118,33438

17118,31500

17118,33548

17118,34046

17118,34232

17118,33790

17118,33106

17118,34014

17118,35340

17118,34490

17118,33516

17118,34538

17118,34496

17118,35268

17118,35186

17118,35612

17118,34862

17118,34838

17118,34216

17118,33656

17118,34970

17118,36126

17118,35122

17118,34468

17118,33770

17118,34380

17118,34768

17118,34282

17118,34734

17118,34940

17118,34796

17118,34946

17118,34262

17118,34252

17118,34548

17118,36732

17118,35564

17118,36686

17118,37116

17118,38438

17118,36862

17118,37478

17118,37706

17118,39132

17118,40206

17118,40620

17118,39768

17118,40800

17118,39712

17118,39492

17118,40166

17119,40922

17119,40666

17119,41142

17119,40632

17119,41096

17119,41846

17119,42400

17119,42962

17119,42308

17119,43282

17119,42988

17119,43874

17119,44560

17119,44750

17119,43452

17119,43506

17119,45078

17119,46056

17119,45326

17119,45240

17119,46318

17119,46556

17119,45706

17119,44840

17119,45614

17119,46272

17119,47076

17119,46928

17119,46256

17119,45214

17119,44562

17119,46416

17119,45976

17119,45270

17119,46036

17119,47096

17119,47938

17119,47992

17119,48224

17119,48390

17119,49062

17119,50130

17119,51182

17119,51248

17119,51594

17119,52010

17119,53412

17119,53006

17119,50570

17119,52104

17119,49882

17119,51256

17119,51990

17119,53304

17119,53022

17119,53670

17119,53516

17119,54694

17119,54814

17119,54814

17119,55324

17119,54366

17119,55052

17119,54960

17119,55262

17120,55526

17120,55326

17120,57126

17120,58718

17120,56760

17120,57318

17120,58928

17120,58486

17126,58740

17126,58792

17126,57054

17126,59008

17126,57160

17126,59538

17126,59768

17126,59442

17126,60748

17126,60956

17126,61944

17126,61932

17126,60968

17126,62438

17126,62498

17126,63248

17126,63056

17126,62276

17126,62568

17126,61788

17126,63770

17126,64138

17126,64704

17126,63778

17126,65742

17126,62930

17126,63252

17126,64188

17126,64042

17126,66586

17126,66066

17126,65934

17126,67928

17126,66042

17126,67446

17126,66578

17126,67250

17126,67788

17126,68356

17126,66536

17126,65644

17126,67340

17126,67034

17126,66750

17126,65600

17126,66800

17126,65836

17126,65836

17126,67672

17126,67056

17126,67154

17126,67958

17126,68250

17126,68820

17126,68558

17127,69944

17127,69476

17127,70006

17127,69204

17127,69836

17127,70122

17127,69330

17127,70672

17127,69964

17127,71216

17127,72890

17127,72808

17127,72204

17127,71226

17127,73354

17127,72920

17127,73476

17127,73720

17127,74374

17127,74382

17127,75406

17127,75466

17127,75190

17127,74334

17127,73030

17127,75122

17127,73530

17127,73276

17127,73878

17127,73964

17127,73844

17127,74788

17127,77068

17127,75392

17127,77054

17127,77064

17127,76380

17127,76790

17127,77612

17127,76942

17127,76146

17127,76488

17127,78114

17127,76804

17127,77400

17127,77894

17127,78796

17127,78760

17127,76864

17127,76650

17127,76334

17127,76108

17127,76050

17127,77316

17127,78554

17127,78574

17127,78624

17127,77656

17127,78120

17127,78976

17127,75636

17127,77484

17127,78080

17127,78464

17127,77578

17128,76774

17128,78124

17128,78466

17128,76828

17128,76400

17128,77242

17128,77052

17128,76978

17134,77352

17134,76366

17134,78116

17134,77966

17134,78504

17134,78648

17134,77308

17134,76520

17134,76702

17134,76938

17134,76860

17134,77750

17134,78408

17134,78168

17134,79620

17134,78434

17134,77918

17134,79808

17134,79462

17134,79014

17134,79842

17134,81148

17134,80986

17134,80202

17134,81550

17134,82596

17134,82834

17134,81470

17134,83388

17134,83702

17134,83564

17134,83376

17134,81984

17134,82400

17134,82492

17134,81840

17134,83596

17134,81476

17134,82208

17134,82800

17134,83774

17134,83392

17134,83588

17134,83496

17134,82968

17134,81178

17134,81074

17134,82056

17134,83136

17134,84110

17134,85168

17134,84328

17134,83792

17134,83618

17134,82132

17135,84366

17135,85564

17135,85650

17135,84398

17135,83318

17135,82780

17135,82300

17135,82700

17135,84450

17135,83930

17135,85074

17135,82858

17135,82488

17135,82094

17135,81306

17135,82940

17135,81654

17135,82728

17135,81854

17135,79768

17135,81086

17135,80816

17135,81934

17135,80914

17135,80292

17135,81266

17135,79686

17135,78120

17135,81826

17135,81228

17135,80810

17135,80960

17135,79084

17135,80946

17135,80284

17135,78874

17135,81342

17135,79212

17135,78638

17135,77602

17135,78938

17135,79102

17135,79080

17135,78398

17135,78620

17135,79364

17135,77572

17135,77558

17135,75834

17135,76268

17135,76378

17135,77364

17135,77578

17135,76558

17135,75736

17135,77992

17135,77266

17135,76990

17135,78304

17135,77994

17135,78636

17135,78962

17135,77724

17135,76824

17135,75842

17136,76472

17136,76044

17136,75904

17136,76790

17136,75146

17136,74772

17136,74338

17136,75232

17142,76496

17142,77194

17142,75268

17142,75366

17142,76568

17142,75810

17142,74648

17142,73786

17142,72838

17142,73670

17142,74100

17142,72386

17142,71570

17142,71510

17142,71718

17142,72508

17142,72906

17142,71134

17142,71890

17142,70066

17142,71888

17142,70984

17142,71738

17142,72382

17142,71942

17142,71120

17142,69812

17142,69624

17142,69312

17142,68032

17142,67852

17142,68804

17142,69420

17142,71954

17142,70052

17142,69880

17142,68476

17142,68718

17142,68626

17142,66232

17142,67430

17142,69378

17142,68564

17142,66728

17142,65186

17142,64976

17142,65364

17142,63814

17142,63634

17142,63952

17142,64114

17142,64592

17142,63828

17142,64126

17142,63050

17143,62464

17143,63766

17143,61916

17143,61960

17143,63004

17143,61878

17143,61072

17143,62672

17143,61788

17143,60290

17143,59648

17143,59054

17143,58632

17143,58986

17143,58734

17143,58164

17143,57204

17143,57782

17143,57568

17143,57632

17143,58582

17143,57308

17143,57000

17143,56156

17143,56116

17143,56086

17143,55346

17143,54600

17143,54734

17143,53796

17143,54496

17143,53846

17143,53680

17143,53708

17143,53110

17143,52132

17143,52982

17143,51730

17143,50948

17143,50564

17143,49280

17143,50580

17143,49806

17143,50654

17143,50480

17143,48296

17143,48646

17143,47828

17143,48032

17143,48304

17143,48890

17143,47618

17143,48116

17143,47578

17143,47720

17143,46304

17143,44968

17143,44988

17143,47410

17143,45402

17143,45286

17143,45022

17143,45642

17143,44748

17143,44444

17144,43362

17144,42484

17144,43562

17144,44882

17144,44400

17144,42550

17144,42662

17144,42178

17150,43936

17150,42688

17150,41736

17150,42006

17150,42970

17150,42660

17150,44668

17150,43738

17150,42460

17150,41634

17150,40754

17150,41456

17150,41548

17150,40582

17150,39336

17150,39544

17150,39550

17150,38336

17150,38900

17150,40660

17150,41324

17150,39800

17150,39742

17150,40068

17150,39986

17150,38834

17150,38028

17150,38632

17150,39014

17150,39526

17150,38620

17150,37594

17150,38240

17150,38510

17150,38522

17150,37250

17150,39562

17150,38252

17150,36688

17150,37664

17150,38474

17150,37564

17150,35504

17150,36576

17150,37234

17150,37274

17150,38176

17150,35766

17150,35782

17150,37290

17150,36792

17150,37858

17150,37648

17150,36484

17150,38486

17151,38060

17151,38856

17151,38894

17151,38118

17151,36878

17151,35988

17151,37686

17151,36350

17151,35796

17151,34396

17151,37164

17151,37308

17151,35124

17151,36068

17151,34176

17151,34850

17151,36098

17151,34696

17151,36868

17151,36266

17151,34350

17151,34212

17151,34056

17151,32216

17151,33290

17151,34518

17151,34504

17151,33246

17151,34214

17151,32972

17151,31694

17151,33158

17151,34734

17151,32742

17151,33378

17151,33508

17151,35098

17151,35330

17151,34914

17151,35050

17151,34552

17151,34782

17151,34660

17151,34200

17151,35674

17151,34082

17151,34758

17151,34974

17151,37406

17151,35744

17151,34162

17151,34284

17151,34070

17151,33678

17151,35050

17151,33076

17151,34918

17151,34300

17151,34706

17151,33696

17151,34164

17151,33098

17151,34746

17151,33352

17151,31506

17152,32654

17152,32676

17152,33528

17152,31898

17152,32182

17152,32664

17152,33178

17152,32232

17158,33632

17158,33004

17158,32568

17158,32302

17158,31168

17158,31956

17158,30914

17158,30770

17158,31618

17158,29340

17158,30360

17158,31252

17158,30942

17158,31766

17158,28976

17158,29008

17158,27108

17158,30022

17158,31166

17158,30330

17158,30140

17158,30048

17158,31402

17158,29658

17158,31114

17158,30764

17158,29974

17158,30458

17158,29808

17158,31196

17158,28782

17158,27864

17158,29208

17158,30250

17158,29690

17158,28356

17158,28770

17158,27358

17158,28246

17158,29528

17158,28996

17158,29002

17158,29190

17158,28570

17158,28162

17158,29634

17158,28480

17158,28098

17158,27664

17158,28554

17158,30028

17158,28004

17158,27212

17158,26842

17158,24992

17159,26388

17159,25662

17159,25628

17159,27166

17159,26426

17159,26550

17159,27298

17159,27378

17159,28034

17159,28288

17159,28690

17159,27496

17159,27472

17159,28118

17159,25958

17159,25662

17159,25010

17159,25492

17159,26186

17159,26476

17159,25410

17159,24922

17159,26062

17159,26842

17159,25140

17159,26982

17159,27072

17159,26826

17159,27944

17159,26624

17159,25162

17159,26408

17159,25148

17159,24002

17159,26050

17159,23970

17159,24328

17159,26238

17159,24596

17159,24610

17159,24270

RAW_SUMMARY id=2 requested=5600 captured=5600 unused_capacity=400 max_pcm_abs=85650 raw_mean=24091.0 raw_abs_mean=31362.9 raw_min=-31956 raw_max=85650 baseline=-9.7

OK RAW

