# run: node2_3
# firmware: role=analyzer git=1c743a2 version=0.4.0
# imported-from: node2_3.log (mtime 2026-10-09T11:51:27)
RAW_INFO mode=i2s output=csv

RAW_INFO row_size=12

RAW_BEGIN id=3 sr=16000 trigger_ms=28555 command_ms=28541 emit_seen=1 emit_start_ms=28555 emit_done_ms=28559 f=3200 dur=1 pre_ms=0 post_ms=350 decim=1 pre_samples=0 post_samples=5600 mode=i2s output=csv fields=ms,pcm

ms,pcm

28557,70030

28557,67346

28557,61314

28557,61074

28557,66392

28557,77382

28557,81714

28557,77778

28557,82330

28557,85464

28557,89968

28557,93332

28557,87556

28557,84128

28558,78492

28558,74258

28558,69870

28558,74428

28558,76742

28558,77496

28558,73738

28558,69474

28558,70304

28558,72736

28558,75068

28558,73638

28558,73024

28558,71122

28558,73414

28558,80060

28558,74254

28558,70184

28558,71752

28558,72142

28558,71674

28558,69420

28558,69486

28558,69422

28558,77116

28558,79776

28558,67450

28558,69300

28558,74730

28558,78352

28558,80866

28558,80142

28558,77104

28558,74808

28558,70624

28558,66500

28558,66692

28558,66674

28558,66102

28558,74038

28558,71314

28558,63956

28558,65720

28558,64514

28558,62878

28558,63572

28560,64000

28560,67448

28560,74846

28560,88738

28560,89512

28560,91200

28560,96976

28560,93824

28560,88960

28560,77586

28560,61852

28560,54704

28560,63362

28560,63930

28560,69382

28561,73834

28561,71298

28561,66762

28561,60030

28561,56396

28561,58180

28561,66126

28561,73502

28561,67238

28561,58170

28561,62578

28561,73324

28561,73032

28561,75934

28561,70476

28561,62128

28561,65484

28561,66674

28561,70418

28561,69190

28561,60186

28561,61022

28561,66688

28561,75940

28561,77416

28561,68840

28561,63696

28561,61544

28561,68430

28561,75720

28561,74868

28561,76986

28561,75832

28561,69366

28561,73676

28561,77052

28561,79696

28561,78712

28561,76816

28561,80526

28561,69830

28561,63894

28561,64902

28561,70370

28561,73278

28561,71750

28561,74570

28561,74612

28561,73518

28561,66786

28561,65986

28561,71506

28561,71834

28561,72852

28561,74346

28561,71310

28561,60300

28561,57628

28561,61750

28561,61646

28561,62830

28561,58870

28561,56634

28561,49098

28561,45512

28562,55878

28562,69602

28562,64280

28562,63848

28562,61938

28562,58196

28562,57262

28562,65076

28562,77358

28562,67130

28562,69746

28562,66946

28562,73990

28562,75654

28562,77808

28562,88102

28562,94784

28562,102382

28562,89078

28562,81508

28562,73550

28562,58074

28562,53820

28562,63794

28562,79746

28562,88302

28562,85328

28562,80104

28562,73950

28562,66340

28562,60334

28562,58934

28562,63168

28562,62416

28562,70870

28562,64974

28562,59514

28562,52070

28562,42932

28562,43622

28562,50968

28562,55904

28562,55218

28562,67598

28562,81560

28562,73080

28562,68774

28562,70434

28569,70736

28569,72998

28569,75840

28569,81712

28569,76862

28569,74574

28569,78220

28569,73170

28569,78652

28569,80118

28569,81148

28569,82780

28569,89162

28569,85258

28569,72168

28569,60240

28569,55348

28569,67516

28569,77676

28569,80088

28569,81800

28569,73720

28569,78070

28569,75254

28569,79090

28569,83566

28569,80130

28569,77286

28569,71410

28569,76892

28569,76332

28569,69568

28569,77178

28569,82464

28569,78506

28570,77064

28570,71390

28570,67078

28570,66898

28570,81454

28570,90292

28570,93774

28570,98478

28570,87958

28570,83508

28570,81082

28570,72612

28570,76444

28570,79102

28570,82794

28570,77042

28570,81652

28570,85462

28570,79486

28570,78216

28570,72908

28570,72180

28570,81214

28570,81544

28570,90278

28570,84512

28570,72068

28570,76278

28570,87734

28570,91890

28570,94152

28570,94106

28570,95018

28570,96172

28570,93118

28570,92450

28570,90588

28570,88612

28570,85324

28570,95330

28570,105814

28570,109568

28570,104110

28570,96460

28570,81874

28570,72226

28570,83742

28570,101854

28570,109220

28570,111218

28570,101980

28570,93226

28570,90694

28570,82162

28570,80096

28570,72890

28570,63744

28570,70538

28570,74398

28570,84964

28570,92932

28570,90540

28570,101454

28570,112350

28570,116302

28571,118462

28571,119510

28571,114324

28571,101994

28571,92762

28571,86684

28571,96050

28571,109246

28571,108210

28571,108638

28571,97284

28571,101146

28571,107662

28571,104896

28571,105364

28571,95156

28571,96082

28571,99314

28571,99210

28571,100052

28571,100472

28571,103806

28571,93482

28571,88646

28571,91510

28571,92566

28571,86850

28571,81198

28577,81234

28577,85344

28577,99600

28577,109906

28577,124534

28577,125248

28577,122932

28577,122300

28577,121956

28577,117584

28577,110362

28577,113842

28577,120086

28577,123750

28577,118860

28577,105830

28577,110636

28577,108046

28577,96750

28577,93226

28577,93560

28577,92848

28577,95866

28577,94996

28577,94320

28577,99242

28577,108782

28577,109410

28577,113848

28577,106260

28577,103372

28577,104722

28577,100264

28577,101534

28577,102124

28578,89858

28578,81996

28578,81654

28578,80402

28578,75646

28578,74902

28578,88684

28578,100792

28578,100132

28578,97576

28578,91720

28578,102454

28578,108878

28578,115558

28578,111480

28578,107912

28578,101606

28578,95358

28578,101946

28578,104648

28578,95332

28578,88876

28578,85308

28578,90326

28578,95936

28578,107826

28578,118094

28578,116856

28578,115060

28578,115396

28578,117260

28578,122472

28578,120198

28578,120426

28578,128394

28578,127410

28578,121940

28578,108778

28578,98048

28578,96672

28578,98894

28578,100716

28578,108472

28578,118848

28578,106964

28578,85562

28578,70916

28578,64968

28578,75534

28578,84826

28578,91442

28578,90384

28578,79274

28578,85176

28578,98198

28578,108412

28578,109726

28578,109284

28578,108156

28578,108330

28578,105710

28578,98588

28578,97664

28578,100784

28578,108268

28579,111676

28579,103822

28579,93994

28579,91378

28579,100596

28579,115100

28579,115700

28579,120624

28579,116066

28579,102784

28579,94746

28579,90176

28579,97606

28579,98512

28579,98846

28579,100568

28579,93070

28579,86274

28579,77112

28579,78614

28579,87036

28579,92348

28579,91946

28579,97026

28579,99362

28579,97686

28579,93678

28579,92494

28585,101072

28585,109424

28585,111208

28585,115202

28585,122438

28585,118002

28585,108968

28585,104048

28585,113240

28585,118466

28585,113528

28585,99776

28585,93748

28585,96432

28585,101106

28585,103858

28585,91320

28585,82686

28585,83194

28585,80976

28585,86212

28585,88508

28585,90378

28585,87244

28585,83646

28585,89126

28585,90570

28585,88878

28585,83378

28585,82106

28585,79684

28585,72342

28585,70744

28585,75514

28585,81954

28586,91044

28586,97198

28586,104450

28586,103886

28586,106528

28586,98830

28586,87392

28586,90094

28586,95112

28586,99122

28586,95722

28586,91406

28586,82610

28586,72484

28586,65646

28586,70914

28586,84404

28586,92682

28586,98682

28586,95080

28586,88408

28586,85436

28586,79688

28586,75478

28586,81140

28586,87540

28586,88496

28586,90042

28586,99562

28586,97466

28586,87872

28586,89690

28586,89658

28586,87996

28586,85210

28586,80390

28586,78286

28586,73740

28586,72698

28586,74324

28586,81922

28586,82530

28586,84780

28586,79540

28586,68864

28586,66304

28586,62232

28586,74312

28586,79936

28586,86274

28586,82650

28586,74942

28586,82894

28586,76778

28586,72980

28586,65756

28586,56480

28586,59678

28586,62888

28586,64306

28586,66678

28586,72524

28586,82658

28586,85986

28586,87006

28587,88524

28587,92166

28587,98206

28587,104562

28587,108778

28587,108498

28587,93626

28587,82454

28587,93010

28587,97390

28587,98384

28587,93376

28587,82534

28587,81312

28587,85098

28587,86324

28587,81876

28587,82206

28587,81960

28587,86758

28587,90374

28587,79444

28587,69782

28587,72986

28587,78922

28587,85624

28587,90368

28587,91744

28593,94410

28593,93120

28593,92708

28593,95338

28593,98428

28593,92584

28593,88288

28593,85752

28593,82228

28593,82794

28593,86268

28593,99886

28593,101214

28593,94406

28593,83482

28593,75754

28593,75220

28593,80204

28593,81332

28593,88778

28593,92022

28593,91690

28593,86576

28593,83028

28593,82536

28593,76604

28593,85388

28593,87674

28593,84178

28593,76180

28593,79130

28593,80312

28593,78814

28593,84546

28593,93088

28594,95774

28594,100332

28594,91602

28594,88654

28594,88852

28594,87218

28594,94646

28594,103634

28594,114626

28594,111364

28594,109580

28594,121580

28594,122600

28594,103984

28594,93668

28594,90806

28594,86040

28594,91616

28594,102746

28594,114008

28594,110070

28594,104018

28594,107250

28594,101494

28594,93562

28594,96852

28594,103050

28594,104164

28594,109766

28594,110252

28594,101726

28594,94346

28594,96470

28594,102898

28594,98844

28594,97074

28594,90810

28594,86354

28594,87964

28594,87576

28594,87606

28594,80814

28594,76448

28594,78510

28594,85814

28594,93974

28594,91154

28594,86952

28594,91114

28594,98200

28594,104012

28594,102496

28594,94100

28594,94164

28594,101746

28594,106050

28594,103214

28594,102536

28594,97096

28594,92674

28594,90564

28594,92510

28594,96458

28594,91382

28594,96672

28595,105286

28595,108290

28595,106580

28595,100658

28595,100780

28595,102692

28595,108442

28595,108374

28595,96804

28595,95062

28595,106966

28595,109006

28595,100232

28595,91004

28595,82734

28595,80478

28595,82084

28595,88318

28595,95614

28595,85250

28595,82180

28595,84658

28595,91290

28595,100780

28595,92944

28595,91028

28595,87384

28595,86376

28601,95988

28601,96256

28601,93412

28601,99536

28601,100414

28601,105364

28601,108624

28601,106084

28601,99764

28601,96180

28601,95250

28601,93556

28601,93294

28601,100566

28601,106232

28601,111390

28601,102204

28601,95060

28601,92622

28601,74762

28601,69940

28601,70042

28601,62664

28601,62684

28601,68058

28601,70906

28601,81436

28601,90818

28601,96896

28601,96696

28601,89192

28601,88424

28601,98190

28601,93942

28601,102994

28602,95338

28602,80396

28602,80104

28602,77036

28602,76484

28602,78726

28602,80506

28602,88224

28602,87454

28602,85244

28602,84624

28602,77104

28602,83794

28602,94760

28602,95782

28602,90416

28602,81864

28602,83440

28602,88196

28602,89142

28602,85914

28602,77996

28602,72874

28602,67726

28602,73122

28602,85126

28602,76216

28602,80172

28602,78912

28602,70962

28602,71106

28602,80608

28602,83508

28602,80476

28602,79038

28602,87546

28602,90290

28602,84596

28602,82696

28602,77934

28602,66298

28602,76970

28602,85044

28602,75734

28602,62334

28602,55258

28602,47092

28602,51036

28602,60778

28602,57490

28602,48270

28602,46892

28602,51322

28602,62572

28602,72820

28602,96238

28602,99736

28602,89726

28602,91760

28602,89764

28602,84558

28602,80958

28602,81566

28602,86560

28602,78172

28603,65020

28603,62386

28603,63050

28603,63948

28603,75348

28603,87042

28603,89150

28603,79666

28603,86860

28603,99156

28603,92176

28603,75348

28603,70734

28603,66668

28603,58856

28603,60562

28603,58100

28603,48664

28603,45022

28603,52672

28603,71322

28603,76558

28603,68580

28603,62502

28603,52404

28603,52976

28603,58100

28603,64740

28609,64878

28609,65640

28609,66858

28609,70228

28609,68404

28609,58712

28609,49660

28609,53794

28609,71038

28609,80500

28609,77170

28609,76082

28609,71326

28609,67756

28609,70548

28609,68534

28609,67438

28609,59424

28609,71218

28609,81756

28609,81130

28609,84004

28609,77040

28609,75340

28609,82526

28609,77882

28609,72058

28609,66008

28609,66612

28609,67856

28609,64136

28609,63844

28609,63624

28609,63850

28609,59960

28610,61918

28610,79298

28610,81146

28610,69022

28610,65506

28610,60738

28610,55858

28610,41976

28610,39028

28610,45600

28610,50380

28610,51846

28610,42242

28610,47382

28610,58398

28610,60024

28610,65096

28610,74162

28610,76464

28610,70534

28610,64036

28610,60452

28610,61930

28610,68642

28610,73136

28610,78656

28610,69634

28610,75372

28610,84146

28610,71368

28610,65210

28610,58352

28610,55880

28610,69188

28610,73526

28610,74658

28610,69678

28610,79930

28610,73396

28610,66780

28610,75070

28610,66368

28610,66646

28610,63884

28610,65860

28610,72384

28610,60186

28610,52038

28610,54682

28610,52876

28610,51774

28610,53120

28610,65272

28610,74364

28610,68446

28610,62820

28610,71458

28610,77656

28610,76952

28610,79328

28610,84734

28610,91028

28610,86676

28610,83928

28610,88172

28611,74194

28611,70024

28611,69320

28611,77100

28611,81254

28611,71590

28611,65336

28611,59286

28611,60518

28611,68970

28611,68768

28611,77226

28611,83592

28611,82860

28611,86736

28611,83852

28611,63934

28611,52396

28611,68908

28611,76650

28611,77824

28611,77734

28611,74788

28611,79956

28611,77664

28611,89024

28611,101816

28611,94182

28617,85780

28617,73628

28617,68786

28617,74020

28617,76308

28617,91262

28617,75420

28617,71566

28617,83882

28617,82400

28617,82758

28617,70044

28617,62520

28617,67740

28617,62818

28617,61634

28617,73528

28617,74210

28617,66960

28617,72706

28617,72222

28617,72862

28617,83984

28617,97254

28617,101068

28617,91056

28617,81448

28617,69198

28617,59490

28617,63488

28617,67570

28617,69496

28617,74218

28617,81380

28617,79258

28618,71854

28618,81548

28618,83426

28618,77250

28618,75134

28618,67366

28618,71056

28618,79678

28618,70058

28618,56804

28618,62314

28618,77480

28618,95218

28618,95748

28618,84186

28618,67816

28618,52486

28618,47302

28618,51042

28618,56834

28618,61666

28618,65776

28618,72828

28618,64304

28618,57744

28618,66854

28618,70172

28618,91042

28618,91026

28618,87426

28618,99094

28618,91650

28618,85858

28618,80404

28618,81740

28618,75600

28618,60280

28618,60012

28618,57504

28618,51740

28618,52412

28618,56176

28618,67768

28618,85582

28618,91168

28618,88486

28618,83162

28618,74470

28618,79384

28618,75754

28618,74230

28618,79754

28618,80950

28618,80082

28618,88358

28618,83916

28618,70444

28618,65220

28618,67184

28618,68412

28618,67258

28618,65420

28618,63360

28618,55416

28618,57852

28619,69238

28619,66358

28619,72468

28619,81458

28619,83394

28619,78842

28619,63460

28619,59840

28619,54970

28619,41926

28619,39262

28619,40688

28619,57852

28619,60538

28619,51574

28619,60936

28619,56722

28619,62342

28619,68310

28619,66506

28619,67532

28619,64408

28619,70182

28619,80212

28619,88920

28619,93126

28619,88882

28619,90222

28625,86670

28625,88116

28625,87468

28625,78502

28625,81042

28625,71906

28625,57588

28625,61568

28625,65286

28625,66164

28625,72766

28625,70544

28625,72316

28625,82428

28625,83846

28625,81836

28625,73162

28625,61270

28625,57916

28625,52318

28625,50950

28625,52932

28625,59972

28625,53916

28625,56664

28625,53062

28625,58532

28625,66652

28625,64904

28625,63534

28625,70888

28625,77128

28625,84514

28625,78670

28625,76344

28626,79076

28626,78178

28626,65278

28626,60890

28626,67944

28626,71340

28626,73010

28626,71118

28626,65788

28626,62930

28626,56424

28626,45100

28626,41266

28626,53896

28626,62724

28626,63936

28626,74456

28626,82986

28626,69748

28626,79238

28626,88396

28626,89762

28626,82640

28626,71232

28626,75152

28626,69530

28626,68562

28626,67756

28626,56514

28626,51536

28626,50608

28626,53370

28626,57156

28626,54512

28626,51510

28626,59378

28626,57354

28626,63754

28626,78700

28626,79178

28626,83706

28626,91168

28626,83296

28626,73434

28626,61522

28626,51710

28626,53498

28626,50514

28626,63814

28626,55340

28626,46786

28626,46208

28626,43506

28626,60752

28626,71242

28626,80988

28626,83036

28626,70732

28626,68318

28626,73038

28626,83880

28626,83672

28626,75488

28626,85596

28626,88618

28627,75808

28627,71470

28627,63402

28627,57130

28627,69384

28627,63886

28627,57142

28627,62790

28627,50190

28627,49430

28627,57886

28627,63652

28627,60026

28627,68412

28627,71780

28627,75776

28627,63026

28627,49766

28627,57398

28627,51432

28627,48746

28627,50286

28627,50828

28627,50058

28627,54762

28627,65154

28627,68326

28627,73610

28633,69886

28633,68924

28633,79934

28633,89930

28633,96230

28633,92022

28633,83136

28633,83204

28633,76938

28633,73142

28633,79164

28633,70040

28633,58676

28633,51138

28633,58528

28633,60072

28633,58946

28633,68616

28633,74426

28633,73074

28633,75662

28633,76442

28633,77288

28633,76420

28633,78872

28633,75730

28633,65428

28633,61086

28633,54336

28633,72812

28633,83700

28633,79574

28633,79832

28633,83452

28633,73484

28634,61602

28634,68260

28634,64036

28634,61408

28634,63202

28634,62328

28634,75692

28634,69160

28634,71036

28634,74208

28634,73924

28634,82340

28634,85990

28634,89404

28634,81190

28634,75138

28634,72616

28634,71554

28634,72872

28634,76582

28634,75138

28634,75758

28634,67724

28634,79388

28634,90480

28634,83482

28634,86286

28634,83580

28634,71268

28634,71204

28634,78498

28634,78102

28634,81034

28634,80506

28634,83596

28634,90384

28634,86184

28634,89234

28634,82014

28634,75368

28634,74172

28634,69986

28634,76922

28634,72816

28634,59874

28634,55928

28634,59460

28634,67658

28634,61668

28634,64128

28634,66210

28634,63580

28634,72200

28634,84060

28634,85992

28634,87340

28634,84864

28634,85912

28634,95254

28634,96278

28634,96418

28634,103304

28634,103572

28634,91086

28634,81222

28635,74840

28635,74738

28635,78696

28635,83910

28635,85308

28635,81518

28635,76968

28635,79048

28635,82746

28635,92476

28635,92746

28635,93668

28635,92906

28635,85254

28635,77762

28635,68794

28635,70778

28635,67848

28635,68330

28635,66238

28635,64948

28635,61048

28635,68914

28635,79548

28635,71916

28635,71038

28635,63450

28635,57900

28641,65470

28641,71938

28641,76474

28641,82132

28641,78258

28641,79930

28641,90612

28641,87096

28641,93934

28641,86282

28641,81418

28641,83662

28641,85826

28641,81812

28641,75178

28641,74878

28641,70404

28641,70134

28641,77782

28641,82266

28641,83512

28641,83864

28641,86918

28641,87666

28641,92872

28641,101262

28641,103376

28641,96208

28641,87926

28641,89896

28641,80832

28641,68210

28641,66680

28641,69750

28641,70298

28642,63738

28642,68876

28642,70350

28642,63156

28642,69950

28642,77060

28642,75426

28642,85140

28642,86888

28642,82434

28642,87802

28642,82802

28642,81038

28642,80320

28642,79214

28642,78612

28642,73294

28642,78356

28642,77950

28642,75130

28642,70870

28642,76288

28642,81592

28642,86034

28642,72510

28642,65634

28642,76788

28642,87902

28642,93962

28642,99950

28642,97318

28642,92696

28642,100274

28642,100286

28642,100590

28642,99476

28642,85654

28642,79366

28642,73420

28642,75828

28642,77634

28642,72880

28642,90208

28642,89544

28642,79506

28642,81292

28642,78828

28642,78314

28642,79270

28642,80620

28642,83962

28642,82150

28642,75848

28642,74150

28642,70304

28642,71936

28642,72556

28642,60502

28642,63022

28642,58360

28642,59140

28642,83330

28642,78554

28642,77094

28642,78364

28643,73030

28643,70992

28643,66736

28643,71540

28643,78528

28643,82022

28643,94660

28643,83834

28643,81796

28643,83544

28643,82806

28643,88302

28643,87064

28643,80176

28643,75790

28643,74078

28643,74362

28643,73106

28643,70564

28643,73728

28643,72756

28643,72420

28643,81544

28643,83936

28643,79180

28643,81246

28643,81588

28643,84674

28649,79492

28649,71294

28649,77040

28649,81562

28649,78182

28649,76992

28649,66106

28649,57910

28649,62720

28649,61510

28649,58152

28649,64944

28649,74104

28649,68850

28649,72800

28649,77820

28649,70338

28649,54582

28649,45512

28649,56192

28649,69152

28649,67920

28649,63860

28649,67174

28649,59352

28649,59582

28649,65924

28649,66106

28649,65994

28649,62598

28649,64962

28649,78130

28649,77610

28649,74680

28649,73986

28650,70338

28650,80932

28650,86166

28650,83358

28650,75234

28650,71138

28650,67362

28650,65374

28650,64810

28650,64710

28650,65032

28650,58700

28650,52060

28650,55062

28650,60860

28650,64348

28650,68264

28650,72110

28650,76032

28650,68446

28650,55462

28650,52514

28650,59866

28650,74352

28650,79786

28650,70180

28650,61520

28650,60074

28650,67136

28650,69488

28650,67120

28650,62956

28650,53090

28650,44290

28650,52392

28650,52182

28650,50306

28650,58718

28650,69406

28650,76034

28650,80374

28650,79016

28650,75974

28650,73982

28650,72486

28650,69954

28650,69034

28650,66382

28650,69650

28650,67418

28650,60420

28650,56430

28650,63908

28650,71692

28650,67320

28650,70312

28650,78816

28650,74762

28650,71778

28650,68634

28650,71840

28650,73416

28650,70842

28650,61890

28650,59248

28651,60576

28651,60498

28651,54130

28651,57932

28651,57416

28651,53016

28651,67680

28651,73854

28651,72686

28651,71242

28651,66190

28651,70308

28651,73586

28651,76504

28651,77200

28651,76788

28651,78664

28651,78878

28651,76934

28651,69970

28651,73388

28651,72634

28651,67274

28651,67384

28651,61762

28651,62974

28651,55268

28651,52596

28657,61452

28657,68298

28657,64478

28657,56220

28657,62754

28657,55412

28657,51938

28657,55968

28657,58658

28657,66110

28657,61324

28657,65630

28657,63506

28657,67094

28657,64276

28657,58418

28657,57564

28657,56550

28657,59842

28657,59712

28657,56306

28657,59948

28657,65312

28657,67352

28657,72234

28657,71080

28657,73728

28657,77732

28657,80114

28657,69192

28657,67230

28657,68592

28657,76096

28657,72910

28657,64922

28658,66132

28658,63414

28658,65732

28658,77156

28658,81962

28658,73330

28658,65608

28658,59538

28658,47226

28658,42924

28658,51558

28658,56074

28658,57388

28658,53400

28658,48680

28658,56088

28658,54714

28658,54900

28658,58906

28658,58208

28658,59318

28658,58320

28658,52616

28658,54606

28658,58550

28658,55480

28658,51324

28658,59410

28658,57234

28658,56992

28658,65320

28658,64220

28658,75908

28658,78258

28658,70228

28658,68954

28658,62960

28658,56218

28658,55264

28658,56378

28658,50642

28658,57608

28658,61912

28658,56022

28658,52962

28658,50294

28658,53572

28658,62528

28658,62370

28658,60510

28658,59346

28658,52440

28658,54538

28658,58206

28658,61478

28658,65642

28658,71430

28658,73348

28658,69164

28658,70826

28658,74790

28658,80770

28658,79190

28658,75414

28658,67822

28659,61966

28659,50450

28659,47942

28659,57136

28659,55902

28659,53924

28659,52916

28659,51634

28659,57202

28659,54852

28659,53198

28659,56004

28659,50752

28659,46144

28659,53842

28659,52582

28659,54296

28659,53882

28659,59932

28659,62700

28659,56986

28659,53078

28659,46306

28659,44570

28659,49268

28659,50590

28659,45160

28659,42202

28665,48982

28665,53780

28665,48918

28665,42610

28665,41822

28665,44908

28665,42940

28665,44996

28665,51916

28665,48580

28665,51462

28665,51536

28665,57604

28665,63588

28665,59770

28665,56788

28665,52606

28665,52920

28665,60394

28665,59594

28665,60532

28665,55522

28665,47662

28665,42988

28665,44530

28665,47458

28665,44326

28665,44192

28665,46750

28665,44468

28665,42968

28665,43278

28665,38576

28665,38160

28665,35902

28666,36086

28666,40642

28666,36280

28666,38190

28666,37444

28666,36848

28666,37806

28666,40310

28666,43126

28666,48860

28666,52928

28666,52874

28666,54482

28666,51480

28666,44902

28666,44002

28666,40972

28666,42398

28666,41914

28666,43100

28666,46670

28666,47286

28666,51706

28666,50880

28666,47932

28666,42062

28666,44866

28666,49312

28666,49754

28666,45812

28666,41564

28666,38846

28666,40638

28666,30564

28666,39488

28666,48322

28666,40022

28666,23876

28666,28988

28666,51240

28666,34734

28666,27272

28666,35828

28666,37576

28666,38636

28666,44782

28666,38752

28666,30080

28666,29826

28666,39818

28666,43664

28666,35600

28666,39558

28666,49292

28666,50528

28666,47130

28666,51244

28666,50002

28666,49200

28666,29784

28666,36782

28666,27580

28666,21346

28666,36850

28666,48018

28667,47692

28667,23096

28667,27272

28667,51570

28667,41194

28667,37288

28667,47526

28667,41140

28667,35392

28667,32274

28667,33766

28667,40596

28667,35560

28667,32140

28667,26816

28667,27384

28667,34794

28667,45164

28667,47768

28667,36302

28667,27352

28667,28242

28667,28068

28667,35348

28667,44904

28667,31544

28667,23052

28667,39658

28673,34390

28673,29010

28673,21586

28673,27594

28673,42470

28673,40252

28673,36998

28673,35220

28673,30540

28673,34522

28673,30300

28673,32162

28673,32882

28673,30152

28673,29920

28673,31076

28673,39276

28673,38562

28673,36226

28673,35298

28673,38940

28673,37972

28673,42282

28673,42830

28673,44052

28673,43010

28673,23746

28673,21838

28673,27968

28673,28842

28673,31538

28673,33330

28673,28686

28673,31390

28673,34300

28674,34492

28674,29766

28674,24324

28674,24802

28674,25816

28674,29934

28674,38414

28674,38344

28674,26958

28674,26030

28674,29220

28674,36328

28674,32360

28674,26662

28674,34954

28674,31810

28674,35844

28674,43640

28674,44086

28674,45760

28674,36500

28674,35012

28674,33134

28674,35826

28674,38430

28674,34822

28674,29278

28674,28218

28674,33964

28674,41234

28674,39280

28674,33748

28674,28284

28674,29850

28674,40150

28674,41670

28674,42206

28674,33870

28674,27616

28674,35660

28674,40610

28674,36342

28674,31494

28674,28420

28674,30582

28674,31782

28674,37186

28674,38836

28674,31174

28674,28424

28674,35132

28674,36504

28674,35018

28674,35560

28674,34596

28674,41202

28674,37840

28674,45758

28674,48878

28674,46036

28674,41858

28674,37892

28674,43686

28674,42904

28674,41312

28675,36608

28675,33904

28675,29494

28675,26792

28675,33842

28675,36390

28675,43618

28675,40230

28675,35808

28675,38098

28675,32706

28675,28080

28675,19770

28675,24836

28675,32848

28675,35040

28675,40634

28675,46058

28675,45508

28675,43050

28675,38428

28675,42610

28675,43514

28675,38554

28675,42484

28675,37340

28675,35276

28675,36554

28681,33382

28681,27614

28681,24344

28681,33986

28681,38422

28681,39164

28681,41390

28681,42574

28681,47420

28681,45858

28681,43670

28681,39338

28681,36008

28681,28288

28681,36842

28681,38438

28681,35748

28681,35832

28681,38934

28681,38058

28681,31300

28681,25836

28681,26674

28681,31322

28681,27228

28681,21956

28681,27304

28681,29338

28681,30310

28681,33956

28681,38336

28681,36828

28681,35800

28681,35858

28681,35210

28682,35806

28682,30858

28682,20322

28682,20152

28682,14590

28682,19110

28682,27950

28682,27010

28682,28756

28682,28148

28682,26272

28682,29286

28682,32958

28682,34270

28682,32662

28682,35694

28682,39770

28682,38624

28682,46696

28682,46122

28682,36608

28682,32096

28682,24062

28682,22202

28682,22664

28682,29186

28682,32018

28682,29578

28682,27398

28682,30128

28682,32968

28682,31610

28682,31104

28682,27940

28682,33438

28682,32608

28682,22902

28682,27110

28682,27994

28682,22138

28682,27244

28682,26142

28682,27368

28682,25456

28682,31582

28682,27180

28682,18100

28682,24746

28682,28178

28682,28196

28682,20378

28682,16864

28682,22362

28682,26766

28682,27346

28682,26524

28682,20258

28682,20756

28682,30268

28682,36836

28682,42480

28682,39958

28682,33586

28682,37974

28682,32250

28683,20706

28683,23228

28683,22930

28683,26918

28683,38390

28683,40682

28683,46858

28683,42460

28683,43896

28683,36822

28683,29438

28683,34890

28683,34274

28683,27748

28683,24746

28683,27284

28683,27318

28683,28382

28683,37764

28683,40986

28683,47194

28683,48856

28683,49308

28683,44472

28683,43956

28683,37878

28683,29416

28683,26808

28689,23086

28689,17346

28689,17984

28689,23574

28689,25220

28689,22460

28689,22970

28689,25180

28689,23738

28689,19996

28689,20074

28689,20702

28689,20472

28689,27020

28689,30886

28689,28526

28689,30036

28689,34948

28689,37908

28689,39788

28689,40656

28689,43172

28689,39646

28689,26462

28689,18536

28689,18312

28689,20928

28689,27580

28689,33826

28689,34396

28689,37752

28689,40208

28689,43006

28689,42008

28689,44834

28690,45712

28690,41146

28690,40198

28690,41916

28690,36224

28690,29502

28690,25512

28690,30996

28690,29962

28690,26554

28690,31344

28690,31194

28690,30746

28690,30562

28690,33120

28690,34178

28690,36776

28690,31412

28690,26320

28690,29414

28690,35916

28690,35384

28690,31480

28690,28330

28690,26782

28690,28418

28690,32732

28690,34836

28690,37028

28690,34782

28690,32770

28690,27696

28690,29406

28690,29048

28690,35484

28690,38720

28690,41192

28690,41244

28690,43182

28690,41990

28690,37222

28690,33236

28690,30716

28690,34536

28690,30822

28690,27220

28690,28956

28690,29108

28690,32182

28690,36114

28690,39814

28690,45828

28690,43226

28690,38688

28690,29482

28690,30652

28690,33944

28690,37006

28690,39182

28690,41554

28690,37062

28690,37850

28690,39576

28690,35048

28690,34502

28691,30226

28691,29494

28691,30120

28691,37234

28691,43510

28691,43420

28691,46276

28691,44574

28691,39870

28691,39222

28691,39932

28691,43562

28691,43730

28691,43648

28691,40878

28691,39550

28691,38806

28691,36614

28691,34862

28691,32294

28691,31536

28691,34900

28691,37404

28691,37570

28691,41144

28691,44390

28691,52744

28691,55922

28697,54376

28697,46054

28697,46452

28697,44160

28697,43320

28697,45398

28697,40798

28697,42462

28697,42076

28697,42478

28697,46382

28697,50974

28697,49620

28697,42442

28697,39316

28697,37342

28697,32380

28697,34686

28697,37730

28697,41896

28697,43466

28697,47200

28697,53926

28697,55068

28697,44178

28697,38914

28697,42058

28697,41250

28697,39468

28697,38796

28697,39176

28697,39166

28697,39860

28697,40382

28697,46028

28698,50594

28698,42644

28698,39356

28698,32994

28698,30218

28698,37044

28698,40862

28698,39308

28698,39902

28698,40046

28698,42150

28698,44860

28698,37568

28698,35984

28698,37596

28698,41136

28698,47404

28698,45916

28698,40540

28698,40466

28698,43522

28698,43922

28698,47116

28698,49998

28698,50688

28698,48934

28698,47428

28698,46044

28698,45030

28698,46844

28698,43346

28698,40376

28698,36544

28698,36954

28698,41624

28698,40198

28698,40070

28698,46506

28698,46732

28698,51654

28698,51040

28698,46110

28698,41300

28698,38020

28698,35758

28698,35956

28698,33636

28698,37578

28698,42008

28698,42760

28698,45938

28698,44378

28698,41078

28698,35068

28698,30042

28698,27548

28698,26144

28698,24620

28698,31466

28698,33564

28698,39582

28698,47532

28698,50784

28698,50070

28698,49140

28699,46214

28699,41668

28699,43082

28699,39466

28699,31110

28699,31472

28699,39230

28699,38658

28699,41974

28699,44360

28699,40676

28699,39428

28699,44234

28699,44262

28699,42418

28699,39066

28699,36452

28699,35862

28699,34466

28699,34258

28699,37782

28699,39498

28699,37296

28699,37880

28699,40474

28699,39628

28699,40774

28699,41500

28705,36062

28705,33298

28705,30250

28705,29596

28705,27922

28705,26562

28705,28628

28705,35480

28705,43624

28705,46102

28705,45288

28705,41572

28705,39698

28705,38860

28705,36490

28705,38538

28705,42214

28705,43826

28705,45434

28705,44898

28705,35936

28705,38354

28705,36458

28705,34106

28705,33258

28705,34398

28705,33814

28705,32764

28705,33222

28705,36118

28705,38078

28705,38576

28705,41116

28705,37366

28705,36146

28706,39328

28706,38386

28706,38632

28706,40094

28706,37718

28706,37384

28706,31724

28706,27434

28706,26508

28706,32250

28706,33492

28706,31502

28706,30434

28706,33858

28706,38128

28706,37378

28706,36486

28706,31080

28706,33786

28706,36346

28706,36658

28706,39124

28706,40752

28706,35450

28706,34706

28706,37496

28706,36314

28706,35386

28706,32178

28706,29686

28706,28088

28706,27346

28706,33582

28706,40004

28706,39624

28706,37440

28706,35428

28706,34838

28706,34516

28706,33030

28706,30672

28706,30428

28706,28324

28706,25136

28706,27442

28706,30162

28706,31214

28706,30558

28706,35330

28706,33822

28706,33100

28706,32888

28706,37404

28706,35824

28706,33178

28706,31932

28706,30844

28706,31338

28706,31630

28706,30762

28706,30534

28706,28528

28706,30346

28706,39516

28706,44374

28707,47096

28707,48020

28707,43698

28707,34814

28707,32272

28707,31616

28707,33516

28707,34426

28707,37038

28707,40670

28707,42460

28707,42866

28707,40522

28707,33276

28707,31568

28707,30332

28707,34284

28707,39078

28707,36838

28707,33268

28707,29610

28707,29554

28707,35478

28707,41658

28707,42364

28707,40146

28707,36652

28707,37424

28713,35722

28713,37746

28713,37600

28713,38528

28713,36530

28713,35148

28713,34828

28713,35610

28713,42098

28713,44110

28713,46850

28713,50058

28713,46184

28713,40778

28713,41068

28713,40928

28713,43732

28713,40660

28713,41480

28713,43484

28713,43158

28713,43442

28713,42250

28713,43392

28713,44172

28713,45082

28713,46468

28713,45302

28713,42882

28713,43402

28713,38920

28713,37706

28713,36938

28713,33742

28713,38084

28714,45484

28714,43366

28714,41408

28714,44354

28714,42144

28714,40300

28714,36280

28714,34612

28714,43994

28714,47162

28714,46498

28714,49802

28714,51518

28714,52704

28714,52948

28714,48584

28714,44820

28714,46310

28714,50100

28714,52680

28714,48612

28714,45322

28714,42880

28714,46140

28714,44740

28714,45230

28714,45154

28714,43990

28714,48774

28714,52172

28714,52330

28714,52420

28714,50172

28714,45430

28714,42508

28714,39118

28714,43322

28714,44142

28714,43292

28714,42906

28714,40828

28714,42926

28714,45388

28714,43084

28714,42590

28714,44826

28714,48924

28714,45460

28714,50588

28714,49308

28714,46844

28714,49790

28714,53722

28714,53984

28714,49646

28714,50428

28714,49582

28714,47876

28714,50146

28714,52402

28714,52688

28714,55376

28714,55028

28714,51368

28714,48682

28715,49038

28715,50374

28715,46930

28715,47474

28715,46790

28715,49228

28715,50682

28715,48270

28715,45312

28715,43240

28715,47606

28715,48440

28715,46164

28715,43742

28715,45652

28715,41566

28715,42428

28715,42388

28715,41096

28715,44222

28715,44678

28715,44222

28715,46280

28715,47682

28715,44824

28715,46406

28715,46286

28715,43320

28721,40722

28721,40080

28721,42066

28721,45542

28721,43896

28721,44438

28721,48188

28721,48976

28721,44752

28721,47398

28721,47202

28721,46624

28721,49238

28721,46250

28721,46478

28721,45638

28721,45332

28721,44478

28721,41472

28721,43830

28721,42924

28721,41888

28721,41500

28721,39238

28721,41762

28721,43766

28721,42384

28721,40464

28721,37674

28721,42144

28721,38854

28721,34300

28721,36978

28721,39810

28721,39814

28722,40098

28722,41054

28722,37056

28722,37694

28722,39952

28722,38076

28722,36780

28722,37246

28722,39356

28722,35614

28722,32398

28722,30382

28722,34014

28722,35356

28722,31804

28722,33008

28722,37696

28722,36010

28722,36380

28722,38020

28722,43030

28722,45620

28722,45670

28722,45774

28722,43902

28722,40898

28722,38252

28722,39460

28722,41324

28722,41424

28722,42178

28722,43698

28722,44046

28722,38208

28722,39350

28722,40778

28722,39232

28722,43086

28722,40328

28722,40912

28722,39824

28722,38036

28722,37402

28722,32772

28722,30184

28722,29868

28722,32624

28722,36276

28722,35452

28722,35360

28722,35208

28722,30402

28722,30670

28722,32066

28722,27392

28722,30746

28722,31092

28722,30564

28722,34808

28722,37946

28722,34324

28722,32172

28722,29724

28722,27770

28722,32042

28723,32666

28723,30862

28723,25542

28723,27206

28723,25932

28723,27616

28723,28562

28723,30488

28723,30860

28723,28402

28723,27958

28723,27168

28723,28830

28723,28234

28723,26944

28723,28320

28723,30418

28723,23698

28723,21578

28723,24010

28723,22026

28723,22506

28723,26698

28723,28114

28723,26166

28723,24546

28723,22126

28723,19254

28729,20326

28729,21672

28729,24198

28729,25606

28729,24472

28729,24684

28729,26776

28729,28386

28729,29026

28729,23066

28729,25540

28729,26858

28729,26294

28729,26600

28729,22206

28729,21576

28729,20816

28729,24086

28729,26040

28729,27366

28729,27828

28729,26364

28729,27218

28729,25600

28729,24612

28729,24948

28729,21110

28729,19694

28729,18662

28729,16342

28729,15930

28729,18730

28729,16356

28729,19872

28729,21130

28730,18980

28730,19548

28730,20910

28730,20950

28730,20010

28730,20244

28730,27146

28730,27546

28730,21610

28730,20740

28730,20612

28730,19714

28730,16390

28730,17034

28730,18722

28730,20046

28730,23750

28730,23738

28730,25666

28730,24876

28730,19210

28730,16414

28730,14952

28730,17952

28730,22664

28730,22298

28730,20284

28730,20248

28730,22648

28730,18106

28730,15994

28730,18110

28730,17176

28730,17184

28730,19798

28730,16364

28730,15506

28730,17158

28730,15838

28730,17170

28730,16660

28730,16496

28730,17806

28730,22434

28730,23332

28730,20632

28730,21524

28730,21044

28730,18132

28730,15518

28730,14758

28730,16162

28730,18112

28730,21248

28730,22518

28730,20648

28730,22518

28730,27892

28730,28312

28730,27498

28730,28658

28730,30270

28730,26898

28730,29002

28730,28878

28731,29734

28731,27186

28731,21862

28731,23476

28731,22890

28731,23948

28731,25104

28731,24166

28731,22904

28731,19966

28731,23080

28731,23840

28731,21650

28731,21058

28731,24830

28731,23458

28731,20740

28731,23198

28731,21084

28731,20166

28731,18266

28731,19936

28731,18176

28731,14354

28731,11326

28731,12380

28731,13908

28731,16716

28737,19204

28737,17650

28737,17606

28737,16454

28737,20258

28737,22312

28737,21700

28737,21608

28737,18704

28737,20928

28737,21966

28737,22182

28737,25368

28737,24226

28737,19268

28737,19752

28737,16826

28737,18446

28737,22482

28737,23182

28737,22088

28737,23388

28737,27640

28737,27548

28737,28040

28737,26420

28737,26716

28737,25764

28737,26728

28737,25072

28737,23156

28737,23690

28737,23202

28737,20976

28737,20122

28738,19090

28738,17388

28738,17362

28738,19730

28738,20502

28738,19750

28738,19964

28738,20234

28738,20056

28738,18380

28738,20480

28738,21428

28738,19900

28738,18030

28738,19394

28738,17716

28738,19888

28738,23546

28738,26588

28738,25062

28738,25018

28738,21082

28738,23664

28738,22414

28738,21896

28738,26816

28738,29224

28738,28528

28738,28108

28738,29378

28738,28446

28738,25708

28738,24148

28738,22790

28738,22528

28738,21950

28738,25748

28738,27912

28738,26210

28738,24538

28738,21534

28738,19662

28738,20986

28738,22512

28738,21442

28738,20988

28738,22106

28738,20262

28738,21808

28738,20604

28738,20342

28738,23220

28738,20912

28738,19002

28738,17146

28738,14560

28738,18194

28738,19160

28738,20260

28738,22428

28738,17194

28738,13320

28738,12888

28738,13152

28738,12102

28739,14514

28739,18570

28739,23570

28739,25052

28739,20836

28739,20528

28739,20440

28739,18988

28739,19124

28739,18008

28739,17180

28739,19300

28739,23198

28739,24726

28739,23312

28739,20490

28739,22540

28739,25824

28739,26032

28739,20494

28739,16358

28739,13810

28739,14962

28739,12830

28739,13046

28739,14336

28739,13006

28739,15616

28745,17558

28745,18044

28745,17416

28745,17026

28745,16668

28745,15670

28745,12098

28745,12726

28745,15374

28745,17412

28745,15516

28745,13612

28745,13074

28745,11158

28745,12074

28745,12574

28745,13340

28745,11252

28745,11610

28745,13010

28745,14128

28745,15572

28745,16738

28745,14912

28745,12686

28745,13068

28745,15938

28745,12634

28745,10714

28745,11274

28745,15686

28745,15956

28745,13436

28745,13420

28745,10154

28746,8240

28746,9116

28746,11160

28746,10648

28746,10574

28746,9038

28746,8846

28746,7360

28746,4102

28746,8732

28746,10112

28746,9296

28746,8486

28746,12208

28746,12660

28746,9700

28746,12096

28746,11144

28746,9506

28746,9216

28746,8050

28746,8504

28746,7440

28746,5580

28746,8010

28746,10108

28746,10176

28746,8332

28746,3406

28746,5500

28746,6176

28746,5586

28746,5508

28746,3444

28746,348

28746,-838

28746,864

28746,1344

28746,4170

28746,6830

28746,5880

28746,6804

28746,3882

28746,2730

28746,1604

28746,3798

28746,1898

28746,308

28746,890

28746,-826

28746,-2478

28746,-4398

28746,-2362

28746,-1920

28746,-2904

28746,386

28746,2498

28746,3476

28746,2998

28746,988

28746,-324

28746,646

28746,656

28746,1506

28746,3644

28747,5044

28747,5042

28747,5030

28747,6198

28747,4496

28747,892

28747,2416

28747,1844

28747,-2070

28747,-3010

28747,-2764

28747,-1732

28747,-2420

28747,-1008

28747,-736

28747,-3756

28747,-2498

28747,746

28747,2496

28747,3606

28747,2916

28747,2390

28747,4182

28747,2758

28747,584

28747,-1448

28747,-878

28747,-480

28753,-676

28753,952

28753,2036

28753,1622

28753,-1456

28753,-550

28753,1346

28753,1070

28753,4602

28753,4886

28753,2416

28753,-1642

28753,-892

28753,-3950

28753,-3512

28753,-2250

28753,-2398

28753,144

28753,790

28753,-502

28753,1956

28753,-204

28753,20

28753,196

28753,-1488

28753,-5580

28753,-1362

28753,122

28753,-1864

28753,-3442

28753,-130

28753,498

28753,-612

28753,-1486

28753,-798

28754,-1650

28754,-2242

28754,590

28754,408

28754,2724

28754,2948

28754,1236

28754,-378

28754,-1784

28754,-1506

28754,-4482

28754,-2618

28754,628

28754,1170

28754,1874

28754,2130

28754,1242

28754,782

28754,-108

28754,672

28754,542

28754,1770

28754,656

28754,100

28754,-1110

28754,-112

28754,-1236

28754,-2294

28754,278

28754,1100

28754,944

28754,1068

28754,3258

28754,-46

28754,422

28754,1122

28754,3776

28754,1922

28754,1186

28754,1262

28754,1540

28754,1704

28754,4358

28754,3916

28754,5312

28754,6212

28754,3774

28754,4282

28754,2936

28754,4002

28754,1534

28754,410

28754,720

28754,3520

28754,5686

28754,7280

28754,8102

28754,3686

28754,2414

28754,2994

28754,2212

28754,3316

28754,2462

28754,2212

28754,3026

28755,4024

28755,12

28755,-976

28755,-2468

28755,-2314

28755,-2152

28755,1212

28755,1580

28755,3306

28755,5172

28755,2122

28755,1216

28755,30

28755,-756

28755,1234

28755,-396

28755,-3670

28755,-1200

28755,-3566

28755,-3342

28755,-3014

28755,-3216

28755,-3598

28755,-2914

28755,-2404

28755,-3874

28755,-3190

28755,-4468

28761,-3978

28761,-3420

28761,-1920

28761,-1236

28761,-794

28761,-2394

28761,-3178

28761,-2664

28761,-2204

28761,-10

28761,1228

28761,3648

28761,2404

28761,992

28761,-1178

28761,-2396

28761,-638

28761,2

28761,-760

28761,370

28761,750

28761,-182

28761,-2946

28761,-1732

28761,-2156

28761,142

28761,-1126

28761,-736

28761,-1696

28761,-144

28761,1402

28761,-1896

28761,-1094

28761,560

28761,-570

28762,-2744

28762,280

28762,-658

28762,-832

28762,-1456

28762,-1180

28762,-1072

28762,-1160

28762,1874

28762,2064

28762,2154

28762,690

28762,-290

28762,-2084

28762,-2646

28762,64

28762,392

28762,1000

28762,4488

28762,6516

28762,6374

28762,4210

28762,3428

28762,2442

28762,-48

28762,3396

28762,3316

28762,2396

28762,1850

28762,2300

28762,788

28762,174

28762,722

28762,1548

28762,2790

28762,3678

28762,3036

28762,3090

28762,3434

28762,2220

28762,3992

28762,1560

28762,182

28762,3258

28762,890

28762,562

28762,110

28762,-914

28762,-1832

28762,1648

28762,3620

28762,3966

28762,4220

28762,868

28762,-2330

28762,-2426

28762,-980

28762,908

28762,-1176

28762,-640

28762,-1988

28762,-680

28762,528

28762,348

28762,2854

28763,2828

28763,1314

28763,468

28763,1806

28763,3732

28763,1340

28763,-2308

28763,-4674

28763,-2348

28763,734

28763,1334

28763,2238

28763,576

28763,-1848

28763,282

28763,-646

28763,-770

28763,1008

28763,3044

28763,5778

28763,4442

28763,3790

28763,2942

28763,1384

28763,3568

28763,4630

28763,3802

28763,4426

28769,2478

28769,2080

28769,2094

28769,-290

28769,-1032

28769,688

28769,318

28769,-3964

28769,-5190

28769,-5560

28769,-6020

28769,-3230

28769,-1402

28769,-2888

28769,-1636

28769,-660

28769,508

28769,916

28769,-2190

28769,-3602

28769,-3776

28769,-3760

28769,-3430

28769,-3468

28769,-3064

28769,-208

28769,-56

28769,-1136

28769,-2578

28769,-1052

28769,-1032

28769,-984

28769,-1044

28769,1160

28769,2658

28770,2548

28770,2038

28770,1506

28770,616

28770,58

28770,-1248

28770,2146

28770,3972

28770,2946

28770,2078

28770,4642

28770,8972

28770,8776

28770,9246

28770,7350

28770,6146

28770,3154

28770,2836

28770,4426

28770,3348

28770,4120

28770,5586

28770,7746

28770,7732

28770,7610

28770,6834

28770,7900

28770,6858

28770,7486

28770,5804

28770,4032

28770,4630

28770,3706

28770,3266

28770,5906

28770,7234

28770,7272

28770,6118

28770,5854

28770,4998

28770,3970

28770,5682

28770,7200

28770,6734

28770,6156

28770,4936

28770,4376

28770,5320

28770,4188

28770,6364

28770,8254

28770,8846

28770,8658

28770,6848

28770,6424

28770,7782

28770,9524

28770,8894

28770,6248

28770,6724

28770,8254

28770,7132

28770,7900

28770,6776

28770,8694

28771,8922

28771,10052

28771,12758

28771,13008

28771,11442

28771,12524

28771,11702

28771,11720

28771,12350

28771,10730

28771,8322

28771,6662

28771,7906

28771,9280

28771,11260

28771,12478

28771,12660

28771,13160

28771,11594

28771,10546

28771,10320

28771,11398

28771,12188

28771,12002

28771,15002

28771,13332

28771,10856

28771,8168

28777,6432

28777,6982

28777,6844

28777,7352

28777,6106

28777,8674

28777,8800

28777,7326

28777,11554

28777,13288

28777,13484

28777,12676

28777,11262

28777,10514

28777,10124

28777,12222

28777,10646

28777,9376

28777,9708

28777,11556

28777,9720

28777,11526

28777,12800

28777,11462

28777,10500

28777,9904

28777,7284

28777,7500

28777,7712

28777,3930

28777,7198

28777,7168

28777,5298

28777,5778

28777,5688

28778,5662

28778,3834

28778,4562

28778,5592

28778,5102

28778,3898

28778,462

28778,-322

28778,-1434

28778,-1996

28778,-3844

28778,-1856

28778,-436

28778,-1650

28778,-706

28778,1554

28778,2788

28778,3358

28778,3664

28778,1344

28778,1592

28778,2366

28778,2212

28778,3836

28778,2530

28778,1080

28778,2388

28778,2660

28778,4614

28778,3698

28778,2552

28778,2464

28778,2692

28778,7146

28778,5394

28778,3684

28778,2870

28778,2318

28778,5008

28778,5818

28778,7534

28778,6150

28778,3550

28778,2094

28778,1338

28778,3782

28778,3290

28778,2250

28778,2810

28778,2718

28778,1782

28778,128

28778,-468

28778,276

28778,-3056

28778,-1866

28778,-2484

28778,-5060

28778,-5618

28778,-3768

28778,-2818

28778,-678

28778,-1006

28778,-1586

28778,-2550

28779,-2516

28779,-2856

28779,-464

28779,-894

28779,-4596

28779,-3044

28779,-4178

28779,-2480

28779,-1422

28779,-530

28779,2120

28779,964

28779,66

28779,-1376

28779,-986

28779,-3976

28779,-4286

28779,-4402

28779,-2618

28779,-1634

28779,-2056

28779,-800

28779,358

28779,-300

28779,990

28779,466

28779,2620

28779,3766

28785,2456

28785,3326

28785,2846

28785,1018

28785,-1988

28785,-1950

28785,-4018

28785,-5510

28785,-734

28785,726

28785,-260

28785,774

28785,-1802

28785,-2660

28785,-2668

28785,-3748

28785,-5062

28785,-4712

28785,-2700

28785,-2932

28785,-2684

28785,-2568

28785,-1028

28785,-2732

28785,-2060

28785,-1216

28785,-2100

28785,-3178

28785,-1810

28785,-2240

28785,-2108

28785,-2312

28785,-600

28785,964

28785,-646

28786,166

28786,1034

28786,3194

28786,5892

28786,7320

28786,6546

28786,5814

28786,2280

28786,1016

28786,2638

28786,1714

28786,3176

28786,4384

28786,3172

28786,3976

28786,4844

28786,4046

28786,5286

28786,5162

28786,4616

28786,3050

28786,2100

28786,2392

28786,2328

28786,3020

28786,4266

28786,2410

28786,3220

28786,3876

28786,1062

28786,2088

28786,1540

28786,-550

28786,-934

28786,-174

28786,558

28786,-36

28786,-1046

28786,-842

28786,1166

28786,418

28786,404

28786,234

28786,4228

28786,1996

28786,2578

28786,2806

28786,3024

28786,3378

28786,1396

28786,3104

28786,1692

28786,1974

28786,1462

28786,1414

28786,2702

28786,3250

28786,4020

28786,6186

28786,5106

28786,3404

28786,2230

28786,3958

28786,3496

28786,3498

28787,3010

28787,3724

28787,4306

28787,5118

28787,5316

28787,5560

28787,3580

28787,6258

28787,8912

28787,9626

28787,10512

28787,11372

28787,10268

28787,11842

28787,11668

28787,10558

28787,10852

28787,13336

28787,14666

28787,15878

28787,13792

28787,12946

28787,14430

28787,12924

28787,12130

28787,11592

28787,12694

28787,13158

28793,12948

28793,13066

28793,10750

28793,14456

28793,13910

28793,12710

28793,12418

28793,12544

28793,13634

28793,13046

28793,12940

28793,13116

28793,16078

28793,17578

28793,17730

28793,15076

28793,10672

28793,11156

28793,15444

28793,18250

28793,17038

28793,18416

28793,18104

28793,20132

28793,17836

28793,17808

28793,19352

28793,18278

28793,21946

28793,19454

28793,17892

28793,22506

28793,23712

28793,24176

28793,24784

28794,24208

28794,23038

28794,24422

28794,21668

28794,23026

28794,21776

28794,23650

28794,26622

28794,25272

28794,23354

28794,22908

28794,17604

28794,16956

28794,18756

28794,20622

28794,19310

28794,20600

28794,22376

28794,23668

28794,24638

28794,21912

28794,21270

28794,23456

28794,25900

28794,25850

28794,22378

28794,21928

28794,23250

28794,24262

28794,23050

28794,23342

28794,22224

28794,19166

28794,22752

28794,24642

28794,26748

28794,25808

28794,23410

28794,26384

28794,26934

28794,28964

28794,27350

28794,27280

28794,27620

28794,29652

28794,29488

28794,28500

28794,27880

28794,25160

28794,25238

28794,25234

28794,25486

28794,27234

28794,24942

28794,23362

28794,24682

28794,25726

28794,23440

28794,22268

28794,22972

28794,23558

28794,20486

28794,21268

28794,20824

28794,17580

28795,18424

28795,19670

28795,23584

28795,22488

28795,19740

28795,19320

28795,15908

28795,15884

28795,14936

28795,18390

28795,20220

28795,18544

28795,16366

28795,17292

28795,18532

28795,18876

28795,20602

28795,18442

28795,17008

28795,17212

28795,20534

28795,20648

28795,19168

28795,16612

28795,16684

28795,19736

28795,21574

28795,18418

28801,19246

28801,19392

28801,20398

28801,20640

28801,18964

28801,16164

28801,15914

28801,16982

28801,12566

28801,8758

28801,6670

28801,8324

28801,10020

28801,12998

28801,15372

28801,16774

28801,16546

28801,14722

28801,13998

28801,13308

28801,14740

28801,16572

28801,14566

28801,12158

28801,13334

28801,12002

28801,8120

28801,8230

28801,9604

28801,9156

28801,10560

28801,7556

28801,7836

28801,9546

28801,10294

28802,10524

28802,6956

28802,7118

28802,5734

28802,6740

28802,10978

28802,10710

28802,12086

28802,10870

28802,13074

28802,9398

28802,8506

28802,7640

28802,3620

28802,1374

28802,2974

28802,4326

28802,3348

28802,3236

28802,4560

28802,5410

28802,2760

28802,2476

28802,1572

28802,2202

28802,5296

28802,5962

28802,6106

28802,5526

28802,4914

28802,6586

28802,7674

28802,8142

28802,5732

28802,4188

28802,4360

28802,3382

28802,1664

28802,2122

28802,3356

28802,1080

28802,2636

28802,248

28802,448

28802,-218

28802,-2360

28802,-2220

28802,-476

28802,1586

28802,176

28802,-3002

28802,-3746

28802,-3952

28802,-4656

28802,-3556

28802,-3094

28802,-5682

28802,-2404

28802,-4396

28802,-4288

28802,-672

28802,886

28802,3810

28802,4944

28802,4858

28803,1524

28803,-612

28803,362

28803,2526

28803,3582

28803,2568

28803,586

28803,362

28803,1564

28803,386

28803,1096

28803,1892

28803,2544

28803,4314

28803,1882

28803,2786

28803,5908

28803,4556

28803,2906

28803,3720

28803,3070

28803,886

28803,-1006

28803,-1064

28803,-1942

28803,-1828

28803,1400

28803,2242

28809,1612

28809,-1230

28809,-3920

28809,-4430

28809,-1118

28809,-2610

28809,-2270

28809,1326

28809,-56

28809,-1116

28809,810

28809,-664

28809,-1814

28809,-2140

28809,-3462

28809,-4064

28809,-1182

28809,316

28809,336

28809,-528

28809,458

28809,-270

28809,1020

28809,1230

28809,2160

28809,1916

28809,3142

28809,5320

28809,4946

28809,4104

28809,4964

28809,3472

28809,338

28809,-950

28809,2184

28810,3548

28810,3046

28810,4246

28810,1398

28810,290

28810,28

28810,160

28810,470

28810,858

28810,798

28810,2240

28810,4300

28810,3304

28810,1196

28810,-1942

28810,174

28810,1406

28810,1420

28810,-1150

28810,-3206

28810,-2110

28810,-1856

28810,-180

28810,-812

28810,-1164

28810,-742

28810,1090

28810,2828

28810,3764

28810,1732

28810,4716

28810,7790

28810,6122

28810,5450

28810,1732

28810,2220

28810,5130

28810,5678

28810,6112

28810,2092

28810,472

28810,1202

28810,950

28810,2454

28810,3560

28810,4428

28810,2368

28810,2428

28810,1334

28810,1068

28810,1346

28810,1964

28810,4184

28810,6210

28810,12824

28810,13676

28810,11304

28810,9232

28810,8594

28810,8348

28810,8928

28810,8220

28810,7344

28810,6932

28810,9618

28811,11818

28811,9532

28811,8868

28811,9654

28811,13062

28811,12448

28811,12188

28811,9586

28811,13000

28811,13486

28811,13242

28811,12058

28811,11548

28811,10120

28811,9290

28811,7570

28811,6636

28811,7586

28811,8070

28811,10024

28811,11542

28811,12786

28811,10166

28811,8612

28811,7336

28811,8656

28811,10276

28811,10400

28817,9342

28817,8750

28817,8918

28817,7852

28817,11126

28817,13164

28817,13454

28817,14586

28817,15250

28817,13900

28817,13980

28817,10650

28817,9696

28817,12038

28817,14544

28817,13440

28817,14668

28817,15196

28817,15618

28817,16608

28817,16704

28817,16670

28817,15578

28817,14288

28817,13920

28817,14502

28817,13424

28817,12656

28817,13148

28817,12994

28817,14040

28817,15484

28817,13332

28817,15578

28817,15010

28818,13884

28818,14700

28818,14592

28818,11024

28818,9646

28818,11826

28818,9700

28818,13732

28818,11868

28818,15798

28818,15788

28818,17726

28818,14112

28818,13566

28818,13548

28818,16370

28818,14848

28818,12130

28818,10396

28818,7108

28818,6478

28818,7896

28818,3990

28818,6916

28818,3726

28818,5374

28818,8868

28818,5754

28818,3728

28818,1238

28818,2970

28818,3718

28818,2864

28818,6560

28818,5264

28818,6900

28818,7610

28818,11558

28818,12436

28818,11358

28818,7388

28818,3578

28818,3348

28818,7120

28818,3534

28818,2260

28818,-638

28818,3420

28818,2684

28818,2516

28818,2142

28818,3718

28818,5380

28818,4498

28818,10102

28818,11792

28818,14634

28818,10834

28818,5860

28818,8060

28818,6774

28818,7586

28818,5624

28818,3928

28818,7390

28819,4800

28819,-474

28819,3670

28819,2440

28819,3796

28819,4306

28819,3376

28819,3758

28819,1966

28819,2674

28819,3536

28819,3982

28819,7256

28819,5552

28819,3962

28819,6942

28819,8426

28819,7786

28819,6914

28819,5362

28819,3294

28819,3816

28819,4972

28819,6816

28819,1926

28819,4580

28819,3174

28819,2800

28825,9684

28825,10024

28825,14532

28825,9856

28825,6728

28825,5964

28825,9496

28825,10294

28825,8642

28825,4444

28825,1634

28825,-988

28825,-502

28825,-536

28825,-800

28825,-2740

28825,-6680

28825,-5122

28825,520

28825,1442

28825,74

28825,-3806

28825,-2388

28825,1454

28825,5562

28825,4296

28825,3100

28825,3216

28825,1734

28825,3762

28825,5560

28825,6008

28825,4414

28825,5064

28825,8474

28826,7078

28826,6810

28826,5500

28826,3088

28826,-264

28826,900

28826,324

28826,-644

28826,-3000

28826,-2102

28826,292

28826,-2314

28826,-4150

28826,-5766

28826,-6024

28826,-5216

28826,-6338

28826,-7424

28826,-6130

28826,-5834

28826,-6868

28826,-14702

28826,-15252

28826,-15768

28826,-18046

28826,-16794

28826,-16768

28826,-14296

28826,-14116

28826,-14068

28826,-10324

28826,-13706

28826,-13342

28826,-11090

28826,-8856

28826,-6656

28826,-5230

28826,-7838

28826,-5724

28826,-7640

28826,-10676

28826,-10114

28826,-12070

28826,-12224

28826,-14652

28826,-11424

28826,-12978

28826,-13030

28826,-12730

28826,-16258

28826,-14754

28826,-17224

28826,-19086

28826,-19116

28826,-20850

28826,-25256

28826,-25270

28826,-21858

28826,-24578

28826,-30484

28826,-29976

28826,-29080

28826,-28536

28826,-26256

28826,-25448

28827,-26254

28827,-26732

28827,-28528

28827,-32492

28827,-32468

28827,-27098

28827,-24268

28827,-27028

28827,-24944

28827,-25260

28827,-25062

28827,-22486

28827,-24680

28827,-24908

28827,-25958

28827,-25504

28827,-27368

28827,-27056

28827,-28926

28827,-25540

28827,-25042

28827,-25766

28827,-25510

28827,-22544

28827,-21032

28827,-22696

28827,-25466

28827,-28708

28833,-23696

28833,-25602

28833,-24300

28833,-22232

28833,-22748

28833,-21768

28833,-22870

28833,-22548

28833,-24046

28833,-25856

28833,-22790

28833,-23296

28833,-23510

28833,-25602

28833,-26364

28833,-25692

28833,-24998

28833,-24852

28833,-28772

28833,-36318

28833,-36174

28833,-36114

28833,-33842

28833,-39144

28833,-41006

28833,-40134

28833,-35710

28833,-31576

28833,-33628

28833,-33232

28833,-34242

28833,-32722

28833,-29738

28833,-31246

28833,-31850

28834,-30804

28834,-34788

28834,-34572

28834,-38184

28834,-37116

28834,-31058

28834,-32174

28834,-32776

28834,-33532

28834,-38006

28834,-36198

28834,-33498

28834,-36534

28834,-36746

28834,-34586

28834,-31400

28834,-26180

28834,-29502

28834,-30592

28834,-33168

28834,-33486

28834,-34762

28834,-36016

28834,-32360

28834,-34760

28834,-35480

28834,-36562

28834,-40608

28834,-43280

28834,-44952

28834,-42796

28834,-40322

28834,-38434

28834,-41182

28834,-40828

28834,-42644

28834,-42262

28834,-41930

28834,-41836

28834,-40408

28834,-41870

28834,-45014

28834,-50552

28834,-49522

28834,-54640

28834,-54220

28834,-53424

28834,-53680

28834,-51884

28834,-55422

28834,-52082

28834,-47268

28834,-48604

28834,-48248

28834,-47570

28834,-50520

28834,-52060

28834,-52392

28834,-49430

28834,-48302

28834,-50332

28834,-53864

28834,-56172

28834,-58042

28834,-61328

28835,-59364

28835,-59798

28835,-57892

28835,-58880

28835,-58144

28835,-58226

28835,-55582

28835,-53654

28835,-52590

28835,-53960

28835,-53180

28835,-49250

28835,-50772

28835,-53872

28835,-54034

28835,-56274

28835,-58178

28835,-59872

28835,-58644

28835,-61464

28835,-61306

28835,-57978

28835,-59268

28835,-60230

28835,-62576

28835,-59652

28835,-58628

28835,-57536

28841,-60146

28841,-61432

28841,-59962

28841,-58252

28841,-54482

28841,-57578

28841,-57148

28841,-55920

28841,-58136

28841,-59338

28841,-63672

28841,-67512

28841,-64464

28841,-59450

28841,-54614

28841,-58126

28841,-60134

28841,-61604

28841,-59324

28841,-56004

28841,-59102

28841,-56784

28841,-57696

28841,-58906

28841,-63334

28841,-62836

28841,-64682

28841,-61882

28841,-60938

28841,-62600

28841,-62568

28841,-58800

28841,-60542

28841,-58838

28841,-55536

28842,-53734

28842,-56674

28842,-59264

28842,-60402

28842,-59846

28842,-60678

28842,-63422

28842,-65482

28842,-62284

28842,-62454

28842,-61288

28842,-63862

28842,-66636

28842,-64208

28842,-64778

28842,-64548

28842,-63124

28842,-62908

28842,-60214

28842,-58418

28842,-60034

28842,-62520

28842,-64336

28842,-66870

28842,-64354

28842,-62330

28842,-64438

28842,-64080

28842,-64448

28842,-63952

28842,-65532

28842,-68770

28842,-67562

28842,-68344

28842,-65266

28842,-63234

28842,-62574

28842,-63942

28842,-60724

28842,-58316

28842,-58106

28842,-57970

28842,-61302

28842,-61748

28842,-60544

28842,-64396

28842,-65110

28842,-68472

28842,-69308

28842,-66806

28842,-63808

28842,-63074

28842,-63074

28842,-64852

28842,-67224

28842,-66146

28842,-67852

28842,-67190

28842,-63476

28842,-62172

28842,-64676

28842,-66020

28842,-61800

28842,-62064

28842,-60376

28843,-59510

28843,-60240

28843,-61284

28843,-63802

28843,-65608

28843,-66928

28843,-67778

28843,-68718

28843,-66858

28843,-63968

28843,-61832

28843,-64530

28843,-65050

28843,-68072

28843,-69920

28843,-70658

28843,-70622

28843,-67272

28843,-69294

28843,-70054

28843,-66668

28843,-66336

28843,-68720

28843,-72674

28843,-77184

28843,-73680

28843,-73874

28843,-72928

28849,-73444

28849,-75768

28849,-74358

28849,-71732

28849,-72056

28849,-69944

28849,-69266

28849,-68118

28849,-68882

28849,-69010

28849,-71934

28849,-72916

28849,-72710

28849,-72886

28849,-73022

28849,-73802

28849,-72368

28849,-70480

28849,-68818

28849,-68204

28849,-71798

28849,-74406

28849,-73906

28849,-75712

28849,-75440

28849,-75440

28849,-72522

28849,-72798

28849,-73112

28849,-76420

28849,-77850

28849,-77044

28849,-78930

28849,-81908

28849,-80394

28850,-80846

28850,-77544

28850,-78370

28850,-77480

28850,-80496

28850,-83388

28850,-84706

28850,-86902

28850,-85018

28850,-83180

28850,-75946

28850,-71704

28850,-77108

28850,-81562

28850,-85712

28850,-84350

28850,-83790

28850,-82492

28850,-80824

28850,-80734

28850,-77994

28850,-75694

28850,-74006

28850,-73160

28850,-70132

28850,-69570

28850,-72502

28850,-72570

28850,-73144

28850,-70674

28850,-73438

28850,-72084

28850,-77306

28850,-74328

28850,-77080

28850,-77910

28850,-81072

28850,-83370

28850,-80870

28850,-79396

28850,-77048

28850,-78786

28850,-80286

28850,-85662

28850,-85974

28850,-84304

28850,-83674

28850,-85528

28850,-83330

28850,-86684

28850,-82692

28850,-80392

28850,-79572

28850,-85698

28850,-87138

28850,-83978

28850,-82650

28850,-82838

28850,-87498

28850,-85942

28850,-85924

28850,-83162

28850,-81724

28850,-78088

28850,-79558

28851,-74340

28851,-76342

28851,-81810

28851,-87726

28851,-92062

28851,-89786

28851,-86286

28851,-85856

28851,-88078

28851,-84658

28851,-85260

28851,-83384

28851,-84848

28851,-86076

28851,-85424

28851,-79220

28851,-74412

28851,-70868

28851,-73872

28851,-75334

28851,-75346

28851,-80394

28851,-79108

28851,-81532

28851,-78360

28851,-77600

28851,-79166

28851,-80802

28857,-83102

28857,-86782

28857,-87160

28857,-83880

28857,-83166

28857,-84764

28857,-82446

28857,-80596

28857,-82748

28857,-80718

28857,-79780

28857,-84982

28857,-85340

28857,-86960

28857,-84416

28857,-83302

28857,-81846

28857,-82610

28857,-85552

28857,-87878

28857,-85852

28857,-87732

28857,-91428

28857,-94444

28857,-94046

28857,-88188

28857,-83200

28857,-84794

28857,-85326

28857,-86880

28857,-83578

28857,-83670

28857,-85718

28857,-87408

28857,-88306

28858,-84760

28858,-88850

28858,-88098

28858,-87204

28858,-82018

28858,-82732

28858,-81304

28858,-82118

28858,-82500

28858,-79860

28858,-79902

28858,-77906

28858,-81384

28858,-81956

28858,-76672

28858,-75426

28858,-79384

28858,-77376

28858,-78104

28858,-82334

28858,-84424

28858,-87324

28858,-89022

28858,-94394

28858,-92444

28858,-93218

28858,-89946

28858,-90076

28858,-92918

28858,-91382

28858,-90566

28858,-88272

28858,-86526

28858,-87514

28858,-85902

28858,-86118

28858,-87280

28858,-87766

28858,-91404

28858,-92254

28858,-92704

28858,-90526

28858,-92482

28858,-93988

28858,-90600

28858,-87716

28858,-85884

28858,-83160

28858,-84088

28858,-79974

28858,-76390

28858,-77972

28858,-77462

28858,-78984

28858,-76646

28858,-80514

28858,-80344

28858,-78864

28858,-82888

28858,-80238

28858,-82114

28858,-79450

28858,-79828

28858,-81978

28858,-83486

28859,-83812

28859,-84722

28859,-82480

28859,-83070

28859,-82550

28859,-86896

28859,-82514

28859,-80456

28859,-80020

28859,-80954

28859,-86644

28859,-89162

28859,-91756

28859,-91340

28859,-91130

28859,-90802

28859,-90190

28859,-91986

28859,-89584

28859,-91900

28859,-93512

28859,-92570

28859,-90296

28859,-85842

28859,-83010

28859,-84792

28859,-82984

28859,-83966

28865,-82376

28865,-85016

28865,-89272

28865,-88164

28865,-86604

28865,-82742

28865,-79562

28865,-83706

28865,-83258

28865,-83308

28865,-83862

28865,-80982

28865,-79980

28865,-79604

28865,-75214

28865,-74164

28865,-72882

28865,-75348

28865,-77528

28865,-79406

28865,-79832

28865,-74618

28865,-77940

28865,-77982

28865,-74846

28865,-74744

28865,-75538

28865,-79822

28865,-79696

28865,-82302

28865,-81308

28865,-82680

28865,-84970

28865,-84378

28865,-84200

28866,-83136

28866,-84392

28866,-85258

28866,-84524

28866,-86458

28866,-85704

28866,-85826

28866,-81978

28866,-79014

28866,-78944

28866,-79208

28866,-78656

28866,-77164

28866,-79830

28866,-79554

28866,-79974

28866,-80582

28866,-77440

28866,-75336

28866,-75942

28866,-74186

28866,-75708

28866,-77636

28866,-77690

28866,-80550

28866,-77734

28866,-76542

28866,-77556

28866,-75456

28866,-76524

28866,-75982

28866,-76276

28866,-79432

28866,-77984

28866,-76180

28866,-77508

28866,-79318

28866,-79640

28866,-81460

28866,-83164

28866,-82754

28866,-80774

28866,-77926

28866,-75530

28866,-74554

28866,-77370

28866,-76992

28866,-80176

28866,-82674

28866,-82148

28866,-82646

28866,-83202

28866,-84956

28866,-86398

28866,-84222

28866,-84714

28866,-84192

28866,-84256

28866,-84522

28866,-83394

28866,-83528

28866,-81804

28866,-85530

28866,-87192

28866,-88394

28867,-85046

28867,-83772

28867,-81446

28867,-79940

28867,-81024

28867,-81792

28867,-85630

28867,-84688

28867,-83956

28867,-84204

28867,-83170

28867,-82186

28867,-82686

28867,-82162

28867,-81178

28867,-79986

28867,-79292

28867,-79206

28867,-78464

28867,-78932

28867,-76932

28867,-75974

28867,-75844

28867,-74564

28867,-78570

28867,-81490

28867,-78910

28867,-80676

28873,-80720

28873,-81300

28873,-78144

28873,-78358

28873,-77938

28873,-77874

28873,-78902

28873,-80744

28873,-85720

28873,-85646

28873,-83988

28873,-81844

28873,-84348

28873,-84286

28873,-79368

28873,-78822

28873,-78374

28873,-78710

28873,-81376

28873,-81914

28873,-81404

28873,-82120

28873,-81832

28873,-82440

28873,-86188

28873,-85384

28873,-85128

28873,-83184

28873,-85526

28873,-82676

28873,-79640

28873,-78148

28873,-81906

28873,-81892

28873,-79712

28874,-78214

28874,-81252

28874,-79728

28874,-77738

28874,-76764

28874,-76586

28874,-80626

28874,-79216

28874,-83504

28874,-81308

28874,-80540

28874,-79718

28874,-78560

28874,-79588

28874,-81114

28874,-80518

28874,-77898

28874,-76456

28874,-74618

28874,-73660

28874,-73202

28874,-75446

28874,-72786

28874,-74272

28874,-75770

28874,-77498

28874,-74596

28874,-75140

28874,-73926

28874,-76564

28874,-79830

28874,-78150

28874,-79470

28874,-79240

28874,-76166

28874,-77412

28874,-79012

28874,-79162

28874,-82306

28874,-80866

28874,-79938

28874,-78038

28874,-78488

28874,-78776

28874,-76432

28874,-79882

28874,-78350

28874,-79366

28874,-79734

28874,-79840

28874,-79226

28874,-80492

28874,-78580

28874,-81022

28874,-80374

28874,-82290

28874,-81414

28874,-77594

28874,-76740

28874,-76090

28874,-76870

28874,-75340

28874,-80222

28874,-79414

28874,-82418

28875,-80986

28875,-78492

28875,-75832

28875,-77480

28875,-79050

28875,-76922

28875,-75708

28875,-73826

28875,-77030

28875,-76036

28875,-78624

28875,-82362

28875,-83322

28875,-81550

28875,-78746

28875,-78476

28875,-76702

28875,-76298

28875,-76362

28875,-75774

28875,-79134

28875,-79124

28875,-77918

28875,-75116

28875,-78512

28875,-76338

28875,-75334

28875,-76594

28881,-74836

28881,-74690

28881,-74338

28881,-73692

28881,-79232

28881,-78004

28881,-79714

28881,-76686

28881,-78016

28881,-80984

28881,-82722

28881,-84436

28881,-86112

28881,-86662

28881,-83128

28881,-82310

28881,-82568

28881,-82518

28881,-82802

28881,-81314

28881,-79910

28881,-79884

28881,-78514

28881,-80530

28881,-80068

28881,-80258

28881,-80142

28881,-81482

28881,-82874

28881,-81460

28881,-78800

28881,-77964

28881,-74954

28881,-78848

28881,-77754

28882,-78324

28882,-79206

28882,-76318

28882,-77564

28882,-77218

28882,-74490

28882,-72114

28882,-70244

28882,-71366

28882,-71494

28882,-75268

28882,-76070

28882,-78014

28882,-80084

28882,-81548

28882,-82116

28882,-80364

28882,-81744

28882,-78764

28882,-78284

28882,-79742

28882,-79090

28882,-80584

28882,-80420

28882,-80888

28882,-80180

28882,-79718

28882,-80210

28882,-79066

28882,-78612

28882,-79302

28882,-80248

28882,-79954

28882,-80836

28882,-78194

28882,-78896

28882,-77742

28882,-76774

28882,-78520

28882,-79074

28882,-77738

28882,-76392

28882,-76232

28882,-74854

28882,-73372

28882,-74234

28882,-75050

28882,-77102

28882,-77452

28882,-76716

28882,-76928

28882,-74886

28882,-75908

28882,-76644

28882,-77582

28882,-77006

28882,-72860

28882,-71630

28882,-71596

28882,-69312

28882,-69722

28882,-69588

28882,-70628

28882,-68096

28882,-67040

28883,-69956

28883,-70146

28883,-70648

28883,-73330

28883,-73774

28883,-73850

28883,-75214

28883,-72148

28883,-70276

28883,-70446

28883,-71616

28883,-71724

28883,-74300

28883,-77546

28883,-76514

28883,-76194

28883,-74232

28883,-73668

28883,-75124

28883,-76960

28883,-78204

28883,-78830

28883,-79366

28883,-81598

28883,-82584

28883,-85308

28883,-84206

28883,-82112

28889,-81638

28889,-80364

28889,-80674

28889,-78678

28889,-76902

28889,-79168

28889,-78718

28889,-79804

28889,-79282

28889,-80238

28889,-80372

28889,-81006

28889,-82182

28889,-81444

28889,-80872

28889,-79820

28889,-80902

28889,-81594

28889,-80916

28889,-80848

28889,-79164

28889,-79508

28889,-79998

28889,-79482

28889,-79924

28889,-80436

28889,-80170

28889,-78050

28889,-80306

28889,-77820

28889,-76398

28889,-73520

28889,-72806

28889,-74074

28889,-75774

28890,-77552

28890,-78352

28890,-77826

28890,-78206

28890,-81322

28890,-82494

28890,-83658

28890,-82046

28890,-79788

28890,-80442

28890,-83044

28890,-87018

28890,-88346

28890,-86326

28890,-85274

28890,-83316

28890,-82338

28890,-83946

28890,-80738

28890,-79852

28890,-79814

28890,-76804

28890,-75598

28890,-74408

28890,-76850

28890,-77300

28890,-76422

28890,-77800

28890,-76980

28890,-79258

28890,-80618

28890,-82492

28890,-81184

28890,-79586

28890,-79418

28890,-79258

28890,-80018

28890,-79430

28890,-78674

28890,-79636

28890,-79816

28890,-81030

28890,-79880

28890,-79326

28890,-79964

28890,-79678

28890,-80936

28890,-82778

28890,-80680

28890,-78938

28890,-78642

28890,-77648

28890,-76892

28890,-75668

28890,-75552

28890,-75032

28890,-74982

28890,-75678

28890,-75606

28890,-75544

28890,-76968

28890,-78020

28890,-78844

28890,-80266

28890,-78322

28891,-76120

28891,-76822

28891,-78394

28891,-79486

28891,-79532

28891,-79444

28891,-78364

28891,-79008

28891,-79636

28891,-80360

28891,-80646

28891,-79444

28891,-77252

28891,-76478

28891,-77138

28891,-77202

28891,-77780

28891,-76370

28891,-76168

28891,-76756

28891,-78024

28891,-80560

28891,-78630

28891,-76152

28891,-77442

28891,-79058

28891,-81480

28891,-79420

28897,-80004

28897,-79578

28897,-78734

28897,-77542

28897,-76400

28897,-75186

28897,-76934

28897,-78246

28897,-80884

28897,-79352

28897,-74974

28897,-81198

28897,-82192

28897,-85058

28897,-81738

28897,-80600

28897,-82190

28897,-83780

28897,-84790

28897,-87806

28897,-89952

28897,-89092

28897,-89884

28897,-87998

28897,-84574

28897,-82136

28897,-81062

28897,-83000

28897,-81700

28897,-81380

28897,-79666

28897,-82560

28897,-84366

28897,-84680

28897,-82342

28898,-81082

28898,-81956

28898,-80964

28898,-79700

28898,-78250

28898,-77514

28898,-76674

28898,-78124

28898,-78772

28898,-77352

28898,-76676

28898,-77834

28898,-79398

28898,-78194

28898,-76106

28898,-79644

28898,-81058

28898,-81118

28898,-82168

28898,-81404

28898,-83070

28898,-82724

28898,-76728

28898,-75950

28898,-74496

28898,-83774

28898,-87446

28898,-85212

28898,-82818

28898,-78456

28898,-79112

28898,-79614

28898,-77356

28898,-79834

28898,-80982

28898,-81932

28898,-82196

28898,-78812

28898,-83426

28898,-86058

28898,-86964

28898,-83134

28898,-83988

28898,-84214

28898,-84902

28898,-90112

28898,-89314

28898,-83568

28898,-81762

28898,-83788

28898,-81596

28898,-81804

28898,-81140

28898,-85872

28898,-88716

28898,-87442

28898,-86540

28898,-83692

28898,-84036

28898,-85626

28898,-88222

28898,-88966

28898,-89066

28898,-89298

28898,-90758

28899,-87722

28899,-85148

28899,-85668

28899,-85820

28899,-82534

28899,-84256

28899,-82804

28899,-84804

28899,-85614

28899,-85082

28899,-85972

28899,-87444

28899,-90614

28899,-90580

28899,-90376

28899,-83276

28899,-82752

28899,-86404

28899,-88128

28899,-85874

28899,-84464

28899,-84712

28899,-84764

28899,-82310

28899,-84308

28899,-87304

28899,-87506

28899,-90014

28905,-89540

28905,-91646

28905,-89324

28905,-85862

28905,-83908

28905,-90528

28905,-96492

28905,-95556

28905,-96570

28905,-96994

28905,-92808

28905,-93658

28905,-94262

28905,-92774

28905,-90630

28905,-87994

28905,-89322

28905,-87644

28905,-90954

28905,-86658

28905,-88676

28905,-87596

28905,-87196

28905,-88662

28905,-89148

28905,-87784

28905,-89096

28905,-92880

28905,-94404

28905,-96632

28905,-93426

28905,-91524

28905,-93284

28905,-94410

28905,-91290

28906,-89740

RAW_SUMMARY id=3 requested=5600 captured=5600 unused_capacity=400 max_pcm_abs=128394 raw_mean=20916.3 raw_abs_mean=53373.6 raw_min=-96994 raw_max=128394 baseline=-17.7

OK RAW

