# run: node2_1
# firmware: role=analyzer git=1c743a2 version=0.4.0
# imported-from: node2_1.log (mtime 2026-10-09T11:51:04)
RAW_INFO mode=i2s output=csv

RAW_INFO row_size=12

RAW_BEGIN id=1 sr=16000 trigger_ms=6114 command_ms=6100 emit_seen=1 emit_start_ms=6114 emit_done_ms=6118 f=3200 dur=1 pre_ms=0 post_ms=350 decim=1 pre_samples=0 post_samples=5600 mode=i2s output=csv fields=ms,pcm

ms,pcm

6117,-58142

6117,-64712

6117,-62056

6117,-62614

6117,-63258

6117,-60024

6117,-61962

6117,-67128

6117,-64848

6117,-64380

6117,-70806

6117,-61726

6117,-66104

6117,-65110

6117,-64954

6117,-67452

6117,-66472

6117,-68190

6117,-69750

6117,-65924

6117,-69134

6117,-69306

6117,-65910

6117,-67432

6117,-71242

6117,-63204

6117,-65336

6117,-73878

6117,-67022

6117,-63206

6117,-68432

6117,-70240

6117,-70362

6117,-66350

6117,-60850

6117,-63084

6117,-68744

6117,-67594

6117,-74360

6117,-66838

6117,-66442

6117,-70824

6117,-65682

6117,-66202

6117,-59578

6117,-62120

6117,-68054

6117,-65070

6117,-62152

6117,-65558

6117,-68180

6117,-65296

6117,-64232

6117,-61398

6117,-67362

6117,-65012

6117,-63316

6117,-66142

6117,-68430

6117,-70704

6117,-70692

6117,-67936

6117,-63240

6117,-64566

6117,-62840

6119,-63846

6119,-65442

6119,-59664

6119,-67024

6119,-69636

6119,-61702

6119,-64068

6119,-70580

6119,-66170

6119,-67122

6119,-72154

6119,-68794

6119,-69474

6119,-68278

6119,-67996

6119,-67990

6119,-65382

6119,-71416

6119,-71248

6119,-72332

6119,-75742

6119,-72802

6119,-73184

6119,-74334

6119,-72646

6119,-70598

6119,-76474

6119,-75360

6119,-73666

6119,-75124

6119,-72012

6119,-73168

6119,-69280

6119,-73162

6119,-67556

6119,-76730

6119,-75588

6119,-73014

6119,-74644

6119,-69030

6119,-76666

6119,-75448

6119,-73072

6119,-70554

6120,-72812

6120,-73846

6120,-74368

6121,-76476

6121,-72796

6121,-74728

6121,-73024

6121,-71244

6121,-72458

6121,-78070

6121,-74152

6121,-68984

6121,-69704

6121,-72016

6121,-73938

6121,-69984

6121,-75786

6121,-80626

6121,-73958

6121,-74610

6121,-72422

6121,-73784

6121,-70342

6121,-71574

6121,-73760

6121,-70718

6121,-76370

6121,-72720

6121,-72268

6121,-72846

6121,-77376

6121,-71824

6121,-70720

6121,-76940

6121,-69206

6121,-74716

6121,-75136

6121,-69350

6122,-76104

6122,-76558

6122,-76660

6122,-75390

6122,-76382

6122,-71714

6122,-72688

6122,-72562

6122,-72094

6122,-74814

6122,-76254

6122,-75786

6122,-70556

6122,-70516

6122,-72652

6122,-73546

6122,-67866

6122,-70466

6122,-74862

6122,-70118

6122,-77762

6122,-76396

6122,-71762

6122,-73582

6122,-68440

6122,-71126

6122,-75434

6122,-67808

6122,-66026

6122,-71088

6122,-69562

6122,-64226

6122,-70336

6122,-72082

6122,-68982

6122,-75782

6122,-76380

6122,-71774

6122,-72382

6122,-70016

6122,-66068

6122,-70402

6122,-70642

6122,-70446

6122,-68558

6122,-72450

6122,-74254

6122,-72086

6122,-70712

6122,-76060

6122,-77800

6122,-72920

6122,-74154

6122,-70960

6122,-73352

6122,-71616

6122,-72746

6122,-71038

6122,-73404

6122,-74832

6122,-72970

6122,-74738

6122,-75266

6122,-78026

6122,-75282

6123,-77106

6123,-75898

6123,-73400

6123,-78272

6123,-75268

6123,-69856

6123,-69480

6123,-70604

6123,-74840

6123,-72134

6123,-72482

6123,-73860

6123,-73990

6123,-74852

6123,-74484

6123,-77356

6123,-78518

6123,-72450

6123,-75914

6123,-73334

6123,-74574

6123,-79054

6123,-71912

6123,-71792

6123,-74458

6123,-72064

6123,-72148

6123,-74206

6129,-72858

6129,-72422

6129,-71922

6129,-76724

6129,-76570

6129,-71100

6129,-74108

6129,-75872

6129,-72740

6129,-70460

6129,-74160

6129,-80464

6129,-74460

6129,-74216

6129,-74408

6129,-73794

6129,-74010

6129,-77442

6129,-77464

6129,-73856

6129,-76588

6129,-74108

6129,-71850

6129,-74572

6129,-75296

6129,-76460

6129,-76500

6129,-72980

6129,-79816

6129,-78054

6129,-75888

6129,-71338

6129,-74226

6129,-76790

6129,-73574

6130,-74796

6130,-72752

6130,-77720

6130,-78540

6130,-67976

6130,-71070

6130,-73026

6130,-71694

6130,-72780

6130,-73902

6130,-73548

6130,-71888

6130,-72618

6130,-68608

6130,-71172

6130,-73590

6130,-73456

6130,-68662

6130,-68682

6130,-68528

6130,-66328

6130,-70334

6130,-69666

6130,-66454

6130,-67276

6130,-68546

6130,-68596

6130,-67228

6130,-67214

6130,-67398

6130,-64110

6130,-67938

6130,-69012

6130,-68896

6130,-67664

6130,-68000

6130,-67832

6130,-65326

6130,-66602

6130,-64774

6130,-66548

6130,-68328

6130,-68380

6130,-66736

6130,-66738

6130,-69846

6130,-64662

6130,-67810

6130,-66690

6130,-69158

6130,-66330

6130,-67252

6130,-69790

6130,-59882

6130,-63512

6130,-64564

6130,-62222

6130,-61634

6130,-62756

6130,-64446

6130,-63184

6130,-60392

6130,-60824

6130,-57060

6130,-58870

6131,-61678

6131,-56278

6131,-57522

6131,-57352

6131,-57732

6131,-61946

6131,-58096

6131,-58118

6131,-57216

6131,-53622

6131,-56972

6131,-57892

6131,-61746

6131,-60654

6131,-56904

6131,-57946

6131,-57242

6131,-55270

6131,-56770

6131,-57314

6131,-56486

6131,-60184

6131,-60770

6131,-55748

6131,-58476

6131,-61472

6131,-58294

6131,-55072

6137,-58690

6137,-56706

6137,-59928

6137,-61216

6137,-56530

6137,-57622

6137,-61926

6137,-62458

6137,-60678

6137,-60466

6137,-61582

6137,-61820

6137,-62194

6137,-57444

6137,-56724

6137,-58478

6137,-60166

6137,-56814

6137,-57990

6137,-58944

6137,-57552

6137,-55782

6137,-55582

6137,-54524

6137,-53432

6137,-58944

6137,-54642

6137,-52748

6137,-51176

6137,-51574

6137,-55350

6137,-46414

6137,-52024

6137,-51858

6137,-50912

6138,-50574

6138,-50990

6138,-53678

6138,-45542

6138,-51002

6138,-48632

6138,-48738

6138,-53792

6138,-48976

6138,-48980

6138,-45492

6138,-47666

6138,-47876

6138,-51706

6138,-52354

6138,-50698

6138,-49030

6138,-49432

6138,-51098

6138,-46252

6138,-46070

6138,-47132

6138,-49452

6138,-45450

6138,-44386

6138,-48122

6138,-46738

6138,-49062

6138,-50102

6138,-52138

6138,-47658

6138,-49744

6138,-49180

6138,-49278

6138,-49700

6138,-50160

6138,-51706

6138,-46300

6138,-47614

6138,-46550

6138,-46542

6138,-47918

6138,-50208

6138,-49040

6138,-48688

6138,-49262

6138,-50268

6138,-52190

6138,-49572

6138,-51020

6138,-53818

6138,-51778

6138,-49178

6138,-50098

6138,-47806

6138,-48824

6138,-50626

6138,-48584

6138,-50338

6138,-45594

6138,-44818

6138,-48812

6138,-50266

6138,-49152

6138,-50162

6139,-47798

6139,-51282

6139,-51156

6139,-48090

6139,-47182

6139,-48430

6139,-48128

6139,-44196

6139,-45010

6139,-45898

6139,-47096

6139,-46676

6139,-45562

6139,-47546

6139,-45154

6139,-45160

6139,-49326

6139,-48472

6139,-51530

6139,-49054

6139,-46686

6139,-51378

6139,-53806

6139,-54754

6139,-49062

6139,-50598

6139,-50062

6139,-48206

6145,-51448

6145,-51024

6145,-48202

6145,-51106

6145,-50470

6145,-51798

6145,-52838

6145,-51078

6145,-52312

6145,-53320

6145,-54276

6145,-54454

6145,-53046

6145,-54924

6145,-53756

6145,-52956

6145,-55580

6145,-52748

6145,-51066

6145,-48714

6145,-50786

6145,-52926

6145,-49354

6145,-52512

6145,-50066

6145,-48394

6145,-49866

6145,-47700

6145,-48424

6145,-51414

6145,-52858

6145,-54262

6145,-54578

6145,-52640

6145,-47568

6146,-45530

6146,-47172

6146,-45718

6146,-48142

6146,-51500

6146,-51726

6146,-50808

6146,-50696

6146,-49510

6146,-45322

6146,-48740

6146,-45642

6146,-47100

6146,-50094

6146,-47464

6146,-46414

6146,-45222

6146,-46204

6146,-45006

6146,-42658

6146,-45232

6146,-46280

6146,-47034

6146,-45210

6146,-42422

6146,-43034

6146,-48226

6146,-43388

6146,-43042

6146,-44342

6146,-42318

6146,-44894

6146,-42472

6146,-40354

6146,-40102

6146,-45596

6146,-47022

6146,-45768

6146,-45872

6146,-47092

6146,-43854

6146,-43702

6146,-45952

6146,-44636

6146,-40674

6146,-43854

6146,-44246

6146,-41440

6146,-41926

6146,-42962

6146,-43240

6146,-40184

6146,-40904

6146,-40012

6146,-41588

6146,-45252

6146,-41150

6146,-39220

6146,-40616

6146,-37962

6146,-42772

6146,-41750

6146,-41930

6146,-42084

6146,-40842

6147,-44118

6147,-40228

6147,-39762

6147,-43000

6147,-43324

6147,-42938

6147,-42088

6147,-45002

6147,-45240

6147,-43142

6147,-44010

6147,-44760

6147,-46634

6147,-43928

6147,-44272

6147,-45636

6147,-45086

6147,-47634

6147,-48938

6147,-43042

6147,-45630

6147,-44508

6147,-44436

6147,-48386

6147,-45712

6147,-47806

6147,-47462

6147,-47636

6153,-49292

6153,-51698

6153,-50082

6153,-48742

6153,-48642

6153,-47136

6153,-49204

6153,-46390

6153,-46592

6153,-49670

6153,-51158

6153,-51972

6153,-50976

6153,-50988

6153,-51614

6153,-50688

6153,-47918

6153,-46154

6153,-46534

6153,-45458

6153,-42322

6153,-44380

6153,-47542

6153,-47304

6153,-49246

6153,-50538

6153,-45540

6153,-44284

6153,-43528

6153,-43840

6153,-48098

6153,-49238

6153,-47664

6153,-46356

6153,-47146

6154,-45170

6154,-46444

6154,-50700

6154,-49238

6154,-46956

6154,-46506

6154,-48008

6154,-48504

6154,-46534

6154,-46384

6154,-47038

6154,-47262

6154,-48696

6154,-45474

6154,-46814

6154,-48930

6154,-50492

6154,-51942

6154,-51328

6154,-50606

6154,-46922

6154,-48570

6154,-48036

6154,-50110

6154,-49938

6154,-50686

6154,-48810

6154,-47090

6154,-50544

6154,-48916

6154,-50154

6154,-48218

6154,-48394

6154,-52800

6154,-50468

6154,-49588

6154,-53920

6154,-54774

6154,-49842

6154,-49976

6154,-51968

6154,-50000

6154,-50664

6154,-53102

6154,-49644

6154,-51864

6154,-51940

6154,-50340

6154,-49966

6154,-49576

6154,-50008

6154,-50260

6154,-52300

6154,-52634

6154,-52400

6154,-48322

6154,-48894

6154,-47978

6154,-47124

6154,-50316

6154,-47282

6154,-48152

6154,-50354

6154,-49392

6154,-48856

6155,-51006

6155,-50646

6155,-48316

6155,-49978

6155,-46808

6155,-49242

6155,-50128

6155,-50618

6155,-52280

6155,-49866

6155,-50686

6155,-52786

6155,-53166

6155,-52542

6155,-50300

6155,-49608

6155,-51216

6155,-52430

6155,-51024

6155,-53838

6155,-54302

6155,-52338

6155,-53342

6155,-53360

6155,-54884

6155,-53668

6155,-51478

6155,-52084

6161,-53486

6161,-52536

6161,-51842

6161,-54232

6161,-53064

6161,-53438

6161,-54712

6161,-52910

6161,-51978

6161,-52522

6161,-51186

6161,-52800

6161,-53084

6161,-52190

6161,-54284

6161,-52344

6161,-49810

6161,-49816

6161,-49986

6161,-51804

6161,-51332

6161,-52452

6161,-52474

6161,-49664

6161,-50786

6161,-49612

6161,-50998

6161,-50690

6161,-52144

6161,-53242

6161,-52146

6161,-52318

6161,-53844

6161,-51736

6161,-51330

6162,-52250

6162,-51778

6162,-52766

6162,-53296

6162,-53500

6162,-54432

6162,-55968

6162,-54398

6162,-53356

6162,-56010

6162,-54608

6162,-56960

6162,-56556

6162,-53186

6162,-53424

6162,-57032

6162,-57468

6162,-56034

6162,-55986

6162,-52954

6162,-53456

6162,-53844

6162,-54748

6162,-54826

6162,-58978

6162,-57812

6162,-53922

6162,-53468

6162,-52780

6162,-53540

6162,-53940

6162,-52482

6162,-52964

6162,-53812

6162,-52382

6162,-52546

6162,-55856

6162,-55844

6162,-55620

6162,-54054

6162,-54384

6162,-52994

6162,-53830

6162,-53040

6162,-53516

6162,-53928

6162,-53820

6162,-53486

6162,-52984

6162,-52710

6162,-52418

6162,-54770

6162,-51932

6162,-53160

6162,-53528

6162,-51776

6162,-53394

6162,-53180

6162,-54636

6162,-51416

6162,-55988

6162,-54888

6162,-51036

6162,-53658

6162,-53916

6163,-53496

6163,-50930

6163,-52898

6163,-55524

6163,-51090

6163,-51706

6163,-50852

6163,-49826

6163,-50602

6163,-52036

6163,-55416

6163,-53328

6163,-55446

6163,-52268

6163,-48120

6163,-50734

6163,-50032

6163,-51268

6163,-51692

6163,-51626

6163,-50214

6163,-48840

6163,-47458

6163,-47536

6163,-49016

6163,-46600

6163,-46886

6163,-47466

6169,-47458

6169,-46732

6169,-47236

6169,-45736

6169,-45938

6169,-45804

6169,-46356

6169,-46516

6169,-42416

6169,-46164

6169,-46772

6169,-45578

6169,-46594

6169,-45822

6169,-47472

6169,-44160

6169,-44646

6169,-42618

6169,-44108

6169,-45830

6169,-43148

6169,-44326

6169,-42092

6169,-42290

6169,-39212

6169,-43248

6169,-44724

6169,-42954

6169,-41072

6169,-40614

6169,-42410

6169,-40682

6169,-41380

6169,-43616

6169,-45232

6170,-44862

6170,-42628

6170,-44596

6170,-41056

6170,-40192

6170,-44844

6170,-43376

6170,-42742

6170,-44116

6170,-45406

6170,-43206

6170,-43032

6170,-41782

6170,-40998

6170,-42554

6170,-42862

6170,-42930

6170,-43648

6170,-42546

6170,-40798

6170,-40806

6170,-41818

6170,-42636

6170,-39638

6170,-42662

6170,-42828

6170,-42080

6170,-42982

6170,-39480

6170,-42116

6170,-40864

6170,-42780

6170,-40438

6170,-40752

6170,-43056

6170,-40354

6170,-42334

6170,-40294

6170,-41038

6170,-36846

6170,-37318

6170,-39446

6170,-37336

6170,-37338

6170,-38114

6170,-38372

6170,-37256

6170,-38352

6170,-40316

6170,-40502

6170,-39674

6170,-38408

6170,-39546

6170,-38948

6170,-37976

6170,-37420

6170,-35874

6170,-34826

6170,-35800

6170,-34452

6170,-33870

6170,-34574

6170,-33664

6170,-32990

6170,-37360

6171,-36706

6171,-34760

6171,-33532

6171,-34186

6171,-29374

6171,-29102

6171,-31084

6171,-27454

6171,-28016

6171,-31042

6171,-31250

6171,-25638

6171,-25614

6171,-26888

6171,-28194

6171,-30080

6171,-29862

6171,-26916

6171,-24964

6171,-27392

6171,-25318

6171,-24084

6171,-23486

6171,-23392

6171,-23818

6171,-21584

6171,-22894

6171,-24702

6177,-25036

6177,-25898

6177,-25624

6177,-23836

6177,-23946

6177,-26598

6177,-24058

6177,-25912

6177,-24062

6177,-23626

6177,-23638

6177,-23714

6177,-24650

6177,-23192

6177,-23238

6177,-23920

6177,-24466

6177,-23694

6177,-21672

6177,-21444

6177,-24390

6177,-23408

6177,-21844

6177,-22124

6177,-20984

6177,-21390

6177,-21206

6177,-23142

6177,-22512

6177,-23146

6177,-22590

6177,-21540

6177,-22414

6177,-22610

6177,-22732

6178,-22632

6178,-23838

6178,-23642

6178,-22776

6178,-21158

6178,-21400

6178,-20872

6178,-22736

6178,-20408

6178,-21738

6178,-24004

6178,-24180

6178,-24694

6178,-24158

6178,-24336

6178,-26308

6178,-26662

6178,-23256

6178,-21494

6178,-24700

6178,-24116

6178,-21986

6178,-25244

6178,-23430

6178,-25234

6178,-27520

6178,-26818

6178,-24282

6178,-24220

6178,-23102

6178,-25700

6178,-25556

6178,-23074

6178,-23938

6178,-24690

6178,-25372

6178,-24672

6178,-24476

6178,-24930

6178,-26420

6178,-24270

6178,-24274

6178,-23196

6178,-23732

6178,-24620

6178,-24110

6178,-23674

6178,-26998

6178,-25370

6178,-25362

6178,-24762

6178,-25610

6178,-25884

6178,-24368

6178,-24220

6178,-23926

6178,-25418

6178,-25172

6178,-23858

6178,-23672

6178,-27034

6178,-26474

6178,-26110

6178,-27556

6178,-25554

6179,-29190

6179,-27026

6179,-25280

6179,-26972

6179,-26078

6179,-26552

6179,-28726

6179,-26772

6179,-27246

6179,-29216

6179,-27648

6179,-28596

6179,-27236

6179,-24276

6179,-24506

6179,-26670

6179,-27376

6179,-27212

6179,-28226

6179,-27908

6179,-25892

6179,-23844

6179,-25202

6179,-25124

6179,-27894

6179,-27016

6179,-25206

6179,-26100

6185,-26408

6185,-22844

6185,-24772

6185,-25356

6185,-24840

6185,-25356

6185,-22512

6185,-22656

6185,-22314

6185,-23816

6185,-24156

6185,-22276

6185,-24224

6185,-23806

6185,-24024

6185,-23112

6185,-23444

6185,-23968

6185,-24600

6185,-25462

6185,-21980

6185,-23794

6185,-21458

6185,-22046

6185,-24742

6185,-22870

6185,-24342

6185,-25158

6185,-26050

6185,-27844

6185,-25212

6185,-25320

6185,-27630

6185,-26070

6185,-24282

6186,-25676

6186,-22742

6186,-23418

6186,-25484

6186,-26172

6186,-26166

6186,-25880

6186,-23032

6186,-23330

6186,-25552

6186,-24132

6186,-25154

6186,-26672

6186,-27074

6186,-27870

6186,-29852

6186,-27914

6186,-28126

6186,-29296

6186,-28154

6186,-28682

6186,-26726

6186,-27076

6186,-26298

6186,-26424

6186,-24630

6186,-28064

6186,-28776

6186,-29278

6186,-29312

6186,-31078

6186,-31814

6186,-32116

6186,-32862

6186,-31948

6186,-31896

6186,-29202

6186,-30932

6186,-29428

6186,-29696

6186,-31460

6186,-32570

6186,-34096

6186,-32256

6186,-31218

6186,-28330

6186,-30366

6186,-32384

6186,-31038

6186,-30708

6186,-31264

6186,-31834

6186,-31868

6186,-31490

6186,-32730

6186,-32636

6186,-33486

6186,-32650

6186,-32700

6186,-31728

6186,-31422

6186,-32734

6186,-31858

6186,-31138

6186,-32614

6187,-34654

6187,-33586

6187,-34206

6187,-34154

6187,-34818

6187,-35348

6187,-35206

6187,-36540

6187,-35778

6187,-34830

6187,-34584

6187,-36474

6187,-35816

6187,-36858

6187,-34742

6187,-36598

6187,-35388

6187,-33956

6187,-33690

6187,-35558

6187,-36638

6187,-35888

6187,-37260

6187,-33132

6187,-32088

6187,-36792

6187,-38910

6187,-38942

6193,-37758

6193,-36804

6193,-35466

6193,-33972

6193,-37778

6193,-35854

6193,-38062

6193,-40234

6193,-37980

6193,-39118

6193,-37012

6193,-37278

6193,-36938

6193,-36404

6193,-38170

6193,-38968

6193,-39552

6193,-36896

6193,-39190

6193,-40172

6193,-36442

6193,-38322

6193,-40290

6193,-38114

6193,-38616

6193,-38246

6193,-40950

6193,-40952

6193,-41448

6193,-40396

6193,-40858

6193,-39546

6193,-39132

6193,-38060

6193,-39492

6194,-41390

6194,-40732

6194,-39430

6194,-39616

6194,-39032

6194,-41238

6194,-42608

6194,-41166

6194,-38928

6194,-37694

6194,-39350

6194,-38714

6194,-38548

6194,-37262

6194,-37576

6194,-40014

6194,-37462

6194,-35800

6194,-37102

6194,-37860

6194,-35156

6194,-35216

6194,-32802

6194,-30752

6194,-30486

6194,-33778

6194,-33972

6194,-34698

6194,-34010

6194,-31966

6194,-36210

6194,-34620

6194,-34622

6194,-35098

6194,-37394

6194,-36250

6194,-36246

6194,-33306

6194,-32380

6194,-34264

6194,-33518

6194,-34470

6194,-36050

6194,-35762

6194,-36022

6194,-36152

6194,-37430

6194,-37808

6194,-36864

6194,-36328

6194,-38026

6194,-37506

6194,-38580

6194,-38584

6194,-37718

6194,-36110

6194,-37214

6194,-37550

6194,-38600

6194,-39068

6194,-41360

6194,-41320

6194,-38334

6194,-38732

6194,-38492

6195,-39638

6195,-40026

6195,-38328

6195,-37662

6195,-38288

6195,-40020

6195,-40592

6195,-39810

6195,-40216

6195,-40112

6195,-37930

6195,-39460

6195,-38846

6195,-40050

6195,-37990

6195,-38910

6195,-38922

6195,-39334

6195,-42894

6195,-42362

6195,-43680

6195,-43590

6195,-41358

6195,-41614

6195,-44176

6195,-43274

6195,-43516

6195,-43278

6201,-43048

6201,-43730

6201,-43958

6201,-43878

6201,-44132

6201,-42730

6201,-43048

6201,-43552

6201,-45376

6201,-45600

6201,-44046

6201,-43052

6201,-44226

6201,-45194

6201,-44524

6201,-47476

6201,-48460

6201,-46820

6201,-45704

6201,-45532

6201,-42504

6201,-43582

6201,-44386

6201,-41706

6201,-41342

6201,-42338

6201,-43294

6201,-44810

6201,-43642

6201,-45382

6201,-47892

6201,-46278

6201,-44670

6201,-46612

6201,-44974

6202,-46022

6202,-47208

6202,-47486

6202,-46006

6202,-46680

6202,-45746

6202,-45406

6202,-46960

6202,-47572

6202,-48136

6202,-47034

6202,-47656

6202,-48334

6202,-45606

6202,-47224

6202,-47010

6202,-46692

6202,-46422

6202,-44854

6202,-44914

6202,-46274

6202,-47780

6202,-48248

6202,-46302

6202,-44564

6202,-44360

6202,-45512

6202,-44536

6202,-44604

6202,-43194

6202,-42278

6202,-41538

6202,-42632

6202,-45634

6202,-44290

6202,-43440

6202,-44994

6202,-44702

6202,-44100

6202,-46706

6202,-48378

6202,-47072

6202,-46472

6202,-47702

6202,-47614

6202,-47670

6202,-48312

6202,-46506

6202,-47344

6202,-48690

6202,-47400

6202,-48318

6202,-49050

6202,-50944

6202,-49802

6202,-48802

6202,-50436

6202,-52598

6202,-52986

6202,-51884

6202,-52994

6202,-52320

6202,-53232

6202,-54570

6202,-53052

6203,-51144

6203,-52664

6203,-50394

6203,-48984

6203,-50768

6203,-52550

6203,-51522

6203,-50350

6203,-52832

6203,-52626

6203,-54064

6203,-52752

6203,-52344

6203,-51046

6203,-49936

6203,-49694

6203,-51204

6203,-51090

6203,-48848

6203,-50126

6203,-49464

6203,-49922

6203,-53400

6203,-53160

6203,-52446

6203,-49866

6203,-50410

6203,-50306

6209,-49596

6209,-53728

6209,-51548

6209,-48982

6209,-50166

6209,-51294

6209,-51556

6209,-50348

6209,-49724

6209,-50080

6209,-51606

6209,-51076

6209,-51902

6209,-52692

6209,-53272

6209,-51200

6209,-49030

6209,-49202

6209,-51490

6209,-52576

6209,-51508

6209,-51322

6209,-49118

6209,-49322

6209,-50784

6209,-49236

6209,-49200

6209,-48044

6209,-48734

6209,-48322

6209,-48904

6209,-47832

6209,-48798

6209,-48678

6209,-47990

6210,-47376

6210,-47262

6210,-47812

6210,-49200

6210,-47250

6210,-46044

6210,-46682

6210,-44186

6210,-46706

6210,-45796

6210,-43058

6210,-46736

6210,-45620

6210,-44396

6210,-46420

6210,-45586

6210,-45222

6210,-43686

6210,-46338

6210,-46050

6210,-47164

6210,-49388

6210,-47682

6210,-46084

6210,-48014

6210,-47682

6210,-45208

6210,-44882

6210,-45410

6210,-43914

6210,-44670

6210,-45160

6210,-45660

6210,-44758

6210,-45150

6210,-43672

6210,-41366

6210,-42756

6210,-43644

6210,-43448

6210,-43590

6210,-43476

6210,-42252

6210,-45158

6210,-43648

6210,-44376

6210,-44458

6210,-42560

6210,-43164

6210,-43424

6210,-42176

6210,-42310

6210,-42910

6210,-42758

6210,-44940

6210,-46820

6210,-45722

6210,-45000

6210,-42444

6210,-43050

6210,-43318

6210,-45950

6210,-44610

6210,-42580

6210,-44982

6211,-44352

6211,-44226

6211,-46084

6211,-43484

6211,-44902

6211,-45114

6211,-43402

6211,-43982

6211,-43558

6211,-44938

6211,-45074

6211,-46090

6211,-46914

6211,-44306

6211,-44354

6211,-44024

6211,-45446

6211,-46022

6211,-43862

6211,-45558

6211,-45440

6211,-43398

6211,-44620

6211,-46462

6211,-44130

6211,-43616

6211,-44090

6211,-44522

6217,-45476

6217,-46240

6217,-45944

6217,-44022

6217,-44534

6217,-44158

6217,-46244

6217,-45678

6217,-44838

6217,-45416

6217,-49654

6217,-47464

6217,-45676

6217,-45110

6217,-45648

6217,-46266

6217,-45804

6217,-46508

6217,-47318

6217,-46474

6217,-46442

6217,-47118

6217,-46130

6217,-46448

6217,-47098

6217,-46378

6217,-47600

6217,-46460

6217,-46886

6217,-46574

6217,-46098

6217,-45170

6217,-44568

6217,-44304

6217,-45204

6218,-45518

6218,-45802

6218,-45162

6218,-43708

6218,-43694

6218,-44060

6218,-43532

6218,-40976

6218,-40724

6218,-39440

6218,-41202

6218,-41158

6218,-42882

6218,-41790

6218,-42522

6218,-42140

6218,-42040

6218,-42910

6218,-42230

6218,-43550

6218,-44070

6218,-44338

6218,-41508

6218,-42364

6218,-41928

6218,-41172

6218,-42798

6218,-42064

6218,-41020

6218,-41698

6218,-42584

6218,-41772

6218,-42274

6218,-41932

6218,-42946

6218,-42852

6218,-41648

6218,-42222

6218,-42840

6218,-42124

6218,-42738

6218,-42772

6218,-40672

6218,-42458

6218,-39732

6218,-40418

6218,-41698

6218,-42068

6218,-40920

6218,-40596

6218,-37878

6218,-36948

6218,-38212

6218,-40056

6218,-38910

6218,-39958

6218,-40984

6218,-39376

6218,-40050

6218,-42324

6218,-40970

6218,-39710

6218,-38492

6218,-38456

6218,-37140

6219,-39578

6219,-38600

6219,-38770

6219,-39082

6219,-37718

6219,-37726

6219,-38688

6219,-37892

6219,-37948

6219,-39660

6219,-39298

6219,-38094

6219,-38876

6219,-39210

6219,-39246

6219,-37404

6219,-37972

6219,-36496

6219,-36570

6219,-37756

6219,-39768

6219,-38418

6219,-36994

6219,-37554

6219,-38590

6219,-39158

6219,-37708

6219,-37242

6225,-36202

6225,-33606

6225,-34694

6225,-35928

6225,-33292

6225,-32094

6225,-30588

6225,-31746

6225,-33752

6225,-32020

6225,-33424

6225,-33658

6225,-33384

6225,-31194

6225,-32832

6225,-32318

6225,-31196

6225,-31988

6225,-29132

6225,-29510

6225,-29170

6225,-30754

6225,-30556

6225,-29032

6225,-31280

6225,-31524

6225,-29758

6225,-29972

6225,-29508

6225,-30152

6225,-30126

6225,-28860

6225,-28462

6225,-28368

6225,-30094

6226,-29994

6226,-31220

6226,-30880

6226,-30242

6226,-29016

6226,-29712

6226,-28334

6226,-29640

6226,-30500

6226,-28526

6226,-28228

6226,-29018

6226,-28828

6226,-29266

6226,-30906

6226,-31168

6226,-30560

6226,-30252

6226,-27880

6226,-29626

6226,-28702

6226,-28748

6226,-30108

6226,-30372

6226,-31078

6226,-31146

6226,-30320

6226,-31880

6226,-32512

6226,-31500

6226,-31558

6226,-32390

6226,-31692

6226,-32404

6226,-31478

6226,-30702

6226,-30870

6226,-29978

6226,-31886

6226,-31040

6226,-30138

6226,-31612

6226,-32692

6226,-30804

6226,-30370

6226,-30142

6226,-30900

6226,-28440

6226,-28660

6226,-29766

6226,-30956

6226,-30434

6226,-30140

6226,-30650

6226,-29992

6226,-30242

6226,-31552

6226,-31266

6226,-31218

6226,-31770

6226,-32982

6226,-32286

6226,-31504

6226,-31576

6226,-31922

6227,-32634

6227,-34384

6227,-35064

6227,-35188

6227,-33392

6227,-35102

6227,-34856

6227,-33254

6227,-33372

6227,-35376

6227,-36778

6227,-39454

6227,-37532

6227,-36564

6227,-37858

6227,-35692

6227,-34742

6227,-35990

6227,-35796

6227,-37894

6227,-37158

6227,-37900

6227,-36756

6227,-36810

6227,-38826

6227,-38770

6227,-39232

6227,-38848

6233,-38942

6233,-38538

6233,-37646

6233,-38198

6233,-37264

6233,-36932

6233,-35582

6233,-38186

6233,-37206

6233,-36430

6233,-35994

6233,-36858

6233,-37494

6233,-37646

6233,-35796

6233,-36876

6233,-38484

6233,-38216

6233,-39304

6233,-39238

6233,-39330

6233,-39538

6233,-39662

6233,-37684

6233,-37924

6233,-36642

6233,-37854

6233,-38144

6233,-40300

6233,-39208

6233,-39790

6233,-40186

6233,-40878

6233,-39562

6233,-39774

6234,-40490

6234,-39100

6234,-38448

6234,-39462

6234,-37818

6234,-39328

6234,-41024

6234,-40188

6234,-40242

6234,-40318

6234,-39402

6234,-40070

6234,-40434

6234,-38970

6234,-39490

6234,-39118

6234,-40908

6234,-40796

6234,-41388

6234,-42036

6234,-43362

6234,-42822

6234,-42608

6234,-44418

6234,-43458

6234,-45834

6234,-44164

6234,-43522

6234,-44248

6234,-43496

6234,-44774

6234,-43454

6234,-41448

6234,-42122

6234,-43900

6234,-42640

6234,-43686

6234,-44074

6234,-41404

6234,-43968

6234,-44476

6234,-44560

6234,-46450

6234,-45184

6234,-45448

6234,-45014

6234,-46166

6234,-46894

6234,-48300

6234,-47326

6234,-48912

6234,-46868

6234,-45166

6234,-47424

6234,-47810

6234,-48306

6234,-48286

6234,-49930

6234,-51166

6234,-48694

6234,-48820

6234,-51106

6234,-51408

6234,-52362

6234,-54026

6235,-53254

6235,-50818

6235,-53588

6235,-52538

6235,-53608

6235,-55334

6235,-53934

6235,-53478

6235,-55264

6235,-55870

6235,-55958

6235,-55646

6235,-55130

6235,-53970

6235,-54456

6235,-55092

6235,-54490

6235,-54648

6235,-56514

6235,-55616

6235,-56504

6235,-56006

6235,-56760

6235,-57214

6235,-56984

6235,-57742

6235,-56282

6235,-55536

6241,-57706

6241,-58720

6241,-57050

6241,-56062

6241,-55954

6241,-57528

6241,-58366

6241,-58634

6241,-58486

6241,-59204

6241,-58204

6241,-59658

6241,-60086

6241,-58758

6241,-59908

6241,-60246

6241,-60532

6241,-61330

6241,-63020

6241,-62502

6241,-60474

6241,-61344

6241,-62122

6241,-63608

6241,-62010

6241,-60736

6241,-61642

6241,-61358

6241,-61026

6241,-61988

6241,-62090

6241,-61002

6241,-61570

6241,-60274

6241,-62038

6242,-61652

6242,-61602

6242,-61226

6242,-60572

6242,-58632

6242,-57000

6242,-57764

6242,-58724

6242,-58784

6242,-57782

6242,-56734

6242,-56460

6242,-56174

6242,-54360

6242,-55420

6242,-53868

6242,-53536

6242,-54924

6242,-55120

6242,-56188

6242,-55072

6242,-53640

6242,-53956

6242,-55776

6242,-55638

6242,-54086

6242,-54572

6242,-55794

6242,-54894

6242,-54510

6242,-53012

6242,-54216

6242,-54310

6242,-55118

6242,-53830

6242,-53648

6242,-53986

6242,-53502

6242,-53540

6242,-52196

6242,-53484

6242,-54650

6242,-53598

6242,-51940

6242,-53246

6242,-52182

6242,-51944

6242,-52622

6242,-53448

6242,-51434

6242,-52520

6242,-52344

6242,-50844

6242,-52580

6242,-52936

6242,-54002

6242,-53718

6242,-52636

6242,-54974

6242,-52888

6242,-54230

6242,-52998

6242,-52718

6242,-52004

6242,-51582

6243,-50490

6243,-50930

6243,-49920

6243,-50720

6243,-50324

6243,-51798

6243,-51604

6243,-49384

6243,-49880

6243,-50740

6243,-52304

6243,-52704

6243,-50736

6243,-51034

6243,-50658

6243,-51750

6243,-52782

6243,-52160

6243,-52070

6243,-51332

6243,-49508

6243,-49754

6243,-49966

6243,-49768

6243,-51734

6243,-51026

6243,-52174

6243,-53892

6249,-54788

6249,-55030

6249,-54872

6249,-55408

6249,-54490

6249,-55122

6249,-55344

6249,-54234

6249,-52492

6249,-52812

6249,-53844

6249,-52156

6249,-53166

6249,-55106

6249,-54312

6249,-55236

6249,-54912

6249,-55164

6249,-55408

6249,-55808

6249,-55796

6249,-57298

6249,-56582

6249,-55070

6249,-54340

6249,-54696

6249,-56906

6249,-57408

6249,-57054

6249,-57668

6249,-56574

6249,-56266

6249,-57054

6249,-58244

6249,-58666

6250,-58160

6250,-57456

6250,-57032

6250,-57444

6250,-57348

6250,-58088

6250,-58942

6250,-59246

6250,-60330

6250,-61056

6250,-61330

6250,-61108

6250,-61614

6250,-60076

6250,-58400

6250,-57958

6250,-56980

6250,-60484

6250,-59794

6250,-58498

6250,-60346

6250,-59674

6250,-62044

6250,-61878

6250,-62570

6250,-59326

6250,-59456

6250,-60134

6250,-58512

6250,-58200

6250,-56638

6250,-57330

6250,-56492

6250,-57042

6250,-57504

6250,-57532

6250,-56556

6250,-55964

6250,-55778

6250,-54688

6250,-55440

6250,-54420

6250,-55284

6250,-54626

6250,-55522

6250,-55878

6250,-57022

6250,-56930

6250,-56270

6250,-55292

6250,-55554

6250,-57078

6250,-56360

6250,-55484

6250,-54940

6250,-55812

6250,-55894

6250,-56190

6250,-56272

6250,-55132

6250,-54492

6250,-55778

6250,-56324

6250,-54568

6250,-53972

6251,-53008

6251,-53834

6251,-52664

6251,-51802

6251,-51968

6251,-51530

6251,-50628

6251,-52550

6251,-51426

6251,-51526

6251,-52638

6251,-50136

6251,-49684

6251,-49782

6251,-50002

6251,-50848

6251,-49234

6251,-51332

6251,-49256

6251,-47816

6251,-48100

6251,-48228

6251,-46836

6251,-46954

6251,-47274

6251,-47742

6251,-46248

6251,-48434

6257,-48136

6257,-47802

6257,-46462

6257,-45562

6257,-45004

6257,-45848

6257,-44046

6257,-44124

6257,-44356

6257,-44714

6257,-46440

6257,-46334

6257,-45026

6257,-44526

6257,-45180

6257,-43066

6257,-43180

6257,-43848

6257,-44010

6257,-44922

6257,-44706

6257,-42044

6257,-42444

6257,-44638

6257,-45426

6257,-45390

6257,-44712

6257,-44030

6257,-43114

6257,-44756

6257,-44198

6257,-45418

6257,-45414

6257,-44062

6257,-44104

6258,-43716

6258,-44370

6258,-44300

6258,-45520

6258,-45180

6258,-45404

6258,-45354

6258,-44274

6258,-46610

6258,-46152

6258,-45494

6258,-46192

6258,-45592

6258,-45452

6258,-47062

6258,-45890

6258,-43516

6258,-43064

6258,-43474

6258,-43310

6258,-45744

6258,-45326

6258,-45918

6258,-46466

6258,-44534

6258,-45556

6258,-45492

6258,-43826

6258,-44318

6258,-44352

6258,-43790

6258,-43248

6258,-43632

6258,-42770

6258,-42704

6258,-43542

6258,-43330

6258,-43098

6258,-43336

6258,-43958

6258,-43018

6258,-43492

6258,-44038

6258,-43318

6258,-42312

6258,-44684

6258,-44816

6258,-43808

6258,-44518

6258,-45870

6258,-46244

6258,-46904

6258,-46910

6258,-46222

6258,-46172

6258,-47000

6258,-47614

6258,-47566

6258,-47712

6258,-47612

6258,-48112

6258,-49354

6258,-47566

6258,-47540

6258,-48614

6259,-48348

6259,-49982

6259,-48768

6259,-49976

6259,-48146

6259,-47602

6259,-48404

6259,-48472

6259,-47798

6259,-48562

6259,-46344

6259,-46188

6259,-45764

6259,-46160

6259,-48178

6259,-48236

6259,-47582

6259,-46428

6259,-45266

6259,-45244

6259,-44100

6259,-44572

6259,-42944

6259,-44298

6259,-45052

6259,-44960

6259,-45552

6259,-46038

6265,-44834

6265,-44020

6265,-43426

6265,-45260

6265,-45722

6265,-47434

6265,-46438

6265,-44080

6265,-45350

6265,-44722

6265,-44618

6265,-44956

6265,-43836

6265,-44982

6265,-42638

6265,-44898

6265,-44766

6265,-45480

6265,-46074

6265,-47596

6265,-47070

6265,-48646

6265,-49078

6265,-49484

6265,-49044

6265,-47812

6265,-45136

6265,-43582

6265,-44164

6265,-44472

6265,-44626

6265,-43806

6265,-45554

6265,-45170

6265,-44276

6266,-43388

6266,-44160

6266,-42502

6266,-43294

6266,-43774

6266,-42146

6266,-44926

6266,-44630

6266,-43360

6266,-43138

6266,-43478

6266,-42794

6266,-41470

6266,-40958

6266,-40854

6266,-41816

6266,-41510

6266,-41088

6266,-40432

6266,-39396

6266,-40370

6266,-41298

6266,-41436

6266,-41962

6266,-40508

6266,-40766

6266,-41146

6266,-40716

6266,-40612

6266,-39394

6266,-39122

6266,-42172

6266,-40176

6266,-39788

6266,-39358

6266,-38776

6266,-40106

6266,-40158

6266,-39492

6266,-40794

6266,-41416

6266,-42032

6266,-43486

6266,-42558

6266,-41170

6266,-39400

6266,-41450

6266,-40504

6266,-40338

6266,-41094

6266,-39570

6266,-39098

6266,-37942

6266,-39404

6266,-37926

6266,-38752

6266,-37410

6266,-36476

6266,-37658

6266,-37190

6266,-37216

6266,-35206

6266,-36284

6266,-35710

6266,-35286

6267,-34698

6267,-35774

6267,-34234

6267,-33970

6267,-32486

6267,-32678

6267,-33330

6267,-31934

6267,-31778

6267,-31418

6267,-30440

6267,-31424

6267,-33652

6267,-34496

6267,-33716

6267,-35312

6267,-34960

6267,-32994

6267,-32536

6267,-32104

6267,-32070

6267,-31118

6267,-32174

6267,-31212

6267,-30740

6267,-32530

6267,-32786

6267,-34032

6273,-34472

6273,-34300

6273,-32040

6273,-33820

6273,-33400

6273,-32298

6273,-31832

6273,-31808

6273,-32496

6273,-32076

6273,-32132

6273,-32502

6273,-31408

6273,-32370

6273,-31762

6273,-30328

6273,-32400

6273,-31224

6273,-31652

6273,-29678

6273,-29636

6273,-30990

6273,-29218

6273,-29840

6273,-31582

6273,-31698

6273,-31588

6273,-31888

6273,-32890

6273,-31016

6273,-30762

6273,-31984

6273,-32050

6273,-30342

6273,-28664

6274,-29800

6274,-28898

6274,-29742

6274,-31010

6274,-32570

6274,-31930

6274,-31328

6274,-29794

6274,-28352

6274,-27310

6274,-27754

6274,-28174

6274,-28500

6274,-29030

6274,-27936

6274,-27092

6274,-28690

6274,-26960

6274,-26922

6274,-25480

6274,-24180

6274,-24446

6274,-24952

6274,-24910

6274,-26218

6274,-27872

6274,-28332

6274,-28696

6274,-28356

6274,-29496

6274,-29770

6274,-28692

6274,-28824

6274,-28934

6274,-29194

6274,-28812

6274,-28328

6274,-30652

6274,-30136

6274,-29588

6274,-30760

6274,-30080

6274,-31442

6274,-29482

6274,-30272

6274,-30550

6274,-33272

6274,-32200

6274,-30908

6274,-29094

6274,-29518

6274,-30664

6274,-31184

6274,-31050

6274,-30304

6274,-27552

6274,-27938

6274,-29908

6274,-29454

6274,-30790

6274,-29874

6274,-30008

6274,-28748

6274,-28742

6274,-28882

6275,-27718

6275,-28546

6275,-28188

6275,-27336

6275,-28302

6275,-29054

6275,-29250

6275,-29266

6275,-29380

6275,-29620

6275,-29252

6275,-28916

6275,-30226

6275,-28988

6275,-28976

6275,-29172

6275,-30966

6275,-30240

6275,-30432

6275,-30202

6275,-28684

6275,-30682

6275,-31360

6275,-30298

6275,-30390

6275,-29900

6275,-29432

6275,-28676

6281,-29974

6281,-29052

6281,-29612

6281,-30872

6281,-29362

6281,-29254

6281,-28666

6281,-30260

6281,-28840

6281,-28728

6281,-27396

6281,-28992

6281,-28916

6281,-27838

6281,-27840

6281,-25612

6281,-27016

6281,-27050

6281,-27444

6281,-26908

6281,-26184

6281,-26794

6281,-26438

6281,-26186

6281,-27338

6281,-27858

6281,-29058

6281,-28538

6281,-28062

6281,-27358

6281,-27790

6281,-26724

6281,-23924

6281,-23964

6281,-24706

6282,-24330

6282,-24446

6282,-25630

6282,-26146

6282,-24410

6282,-24402

6282,-23584

6282,-23528

6282,-24648

6282,-23452

6282,-24672

6282,-24938

6282,-23036

6282,-21506

6282,-22420

6282,-21916

6282,-22202

6282,-23784

6282,-20850

6282,-21432

6282,-23636

6282,-23806

6282,-22216

6282,-24380

6282,-23400

6282,-22748

6282,-21914

6282,-21948

6282,-24360

6282,-24268

6282,-24526

6282,-24810

6282,-22422

6282,-23104

6282,-23510

6282,-22904

6282,-22490

6282,-22920

6282,-22266

6282,-21850

6282,-22910

6282,-22546

6282,-22194

6282,-22212

6282,-21860

6282,-22372

6282,-23178

6282,-21980

6282,-20982

6282,-21180

6282,-21306

6282,-21762

6282,-22110

6282,-21114

6282,-21786

6282,-20754

6282,-19640

6282,-17544

6282,-18594

6282,-18766

6282,-18212

6282,-16376

6282,-16454

6282,-19096

6282,-19272

6283,-17082

6283,-17206

6283,-16036

6283,-17040

6283,-16732

6283,-16646

6283,-16592

6283,-16640

6283,-17428

6283,-14854

6283,-14580

6283,-15692

6283,-14324

6283,-14158

6283,-15872

6283,-14588

6283,-15424

6283,-16248

6283,-16228

6283,-16358

6283,-18058

6283,-18768

6283,-16570

6283,-16218

6283,-15308

6283,-14540

6283,-14508

6283,-16496

6289,-15306

6289,-15266

6289,-14592

6289,-14754

6289,-14212

6289,-14750

6289,-14514

6289,-14940

6289,-13440

6289,-14324

6289,-12738

6289,-12330

6289,-11348

6289,-12802

6289,-13084

6289,-12368

6289,-13666

6289,-12406

6289,-11650

6289,-10396

6289,-10154

6289,-10244

6289,-10074

6289,-10168

6289,-8984

6289,-8022

6289,-8482

6289,-7112

6289,-9140

6289,-8502

6289,-8208

6289,-9790

6289,-9480

6289,-9570

6289,-7928

6290,-7034

6290,-8064

6290,-7022

6290,-6130

6290,-6486

6290,-7328

6290,-6520

6290,-7222

6290,-5188

6290,-7142

6290,-6858

6290,-6758

6290,-6572

6290,-6222

6290,-9338

6290,-8418

6290,-7992

6290,-5926

6290,-4972

6290,-3928

6290,-4858

6290,-3388

6290,-2992

6290,-3952

6290,-3494

6290,-2504

6290,-1162

6290,-464

6290,-1266

6290,-3278

6290,-2618

6290,-2466

6290,-1828

6290,-2256

6290,-3472

6290,-3270

6290,-1892

6290,-1646

6290,-2744

6290,-2262

6290,-1654

6290,656

6290,2

6290,-1056

6290,-1430

6290,-1546

6290,36

6290,-340

6290,-1776

6290,-2154

6290,-1960

6290,-250

6290,292

6290,388

6290,-150

6290,320

6290,-1850

6290,-2166

6290,-1228

6290,398

6290,-940

6290,-376

6290,-114

6290,-572

6290,966

6291,2252

6291,3116

6291,3708

6291,2684

6291,3322

6291,3430

6291,4768

6291,3320

6291,3426

6291,4796

6291,3926

6291,4874

6291,4820

6291,6704

6291,6708

6291,6458

6291,5548

6291,6796

6291,7852

6291,7214

6291,6360

6291,5014

6291,5620

6291,7694

6291,6622

6291,6414

6291,6638

6291,6994

6297,5986

6297,7854

6297,8160

6297,5848

6297,7014

6297,7998

6297,4796

6297,5790

6297,4930

6297,5950

6297,6226

6297,5442

6297,5890

6297,5672

6297,6094

6297,5124

6297,6012

6297,5046

6297,6220

6297,7630

6297,6708

6297,7072

6297,7642

6297,6282

6297,5114

6297,5866

6297,7450

6297,6224

6297,7966

6297,6458

6297,5708

6297,5828

6297,7268

6297,6226

6297,5318

6298,5726

6298,5760

6298,5694

6298,7344

6298,6256

6298,6376

6298,4484

6298,3814

6298,4510

6298,4494

6298,4576

6298,4954

6298,3662

6298,4558

6298,2856

6298,2924

6298,3314

6298,2874

6298,5656

6298,5496

6298,4542

6298,4000

6298,5552

6298,5244

6298,5440

6298,5880

6298,5960

6298,5686

6298,4550

6298,6366

6298,6178

6298,5490

6298,5602

6298,5918

6298,7924

6298,7516

6298,7196

6298,8040

6298,7292

6298,6482

6298,7020

6298,8374

6298,8644

6298,9424

6298,6558

6298,6028

6298,5766

6298,6860

6298,6786

6298,7608

6298,5966

6298,3390

6298,6090

6298,4914

6298,5960

6298,3212

6298,4628

6298,3434

6298,4838

6298,4132

6298,3092

6298,3806

6298,3718

6298,3710

6298,2264

6299,2672

6299,4022

6299,4596

6299,4452

6299,5158

6299,3204

6299,3932

6299,1744

6299,3760

6299,4040

6299,3486

6299,4566

6299,3590

6299,3984

6299,4528

6299,6300

6299,6216

6299,6288

6299,6384

6299,7354

6299,6136

6299,7422

6299,6866

6299,6418

6299,8970

6299,8706

6299,7478

6299,5648

6305,8038

6305,8792

6305,9560

6305,8754

6305,8684

6305,9008

6305,9210

6305,10548

6305,10958

6305,9258

6305,6498

6305,8200

6305,7448

6305,10666

6305,9252

6305,9802

6305,9720

6305,9582

6305,7842

6305,7000

6305,8986

6305,11618

6305,12168

6305,12988

6305,10100

6305,10868

6305,12698

6305,12400

6305,13000

6305,12530

6305,13794

6305,12326

6305,13424

6305,13536

6305,12956

6306,14950

6306,13418

6306,13118

6306,15608

6306,15812

6306,14378

6306,13490

6306,13988

6306,15634

6306,14914

6306,14428

6306,12948

6306,12972

6306,14210

6306,14568

6306,14552

6306,13268

6306,12816

6306,13432

6306,14100

6306,13012

6306,12712

6306,12722

6306,11798

6306,11556

6306,11952

6306,11694

6306,11298

6306,11190

6306,10390

6306,10536

6306,10204

6306,10088

6306,10096

6306,11838

6306,12862

6306,11296

6306,12336

6306,11280

6306,10450

6306,10936

6306,11988

6306,12102

6306,10888

6306,11342

6306,13000

6306,11752

6306,13974

6306,12564

6306,13658

6306,12768

6306,11436

6306,12364

6306,12844

6306,11456

6306,10438

6306,10002

6306,10398

6306,12518

6306,11428

6306,11116

6306,10464

6306,8548

6306,9334

6306,9354

6307,10038

6307,8510

6307,8460

6307,8164

6307,8756

6307,9168

6307,10310

6307,9316

6307,8442

6307,9250

6307,6904

6307,7606

6307,9920

6307,8056

6307,6476

6307,6832

6307,8628

6307,8946

6307,8422

6307,10116

6307,8778

6307,8010

6307,9324

6307,7716

6307,9882

6307,7552

6307,7708

6307,7630

6313,7930

6313,8928

6313,8692

6313,8448

6313,8338

6313,8228

6313,8196

6313,6744

6313,7922

6313,9842

6313,8626

6313,6484

6313,6790

6313,7054

6313,6130

6313,7980

6313,6830

6313,6096

6313,6488

6313,7760

6313,5998

6313,6872

6313,6410

6313,5454

6313,7142

6313,7556

6313,7728

6313,7036

6313,7522

6313,5360

6313,5428

6313,6522

6313,6256

6313,8158

6313,6212

6314,5382

6314,5048

6314,5798

6314,5848

6314,6138

6314,6372

6314,6322

6314,8092

6314,7198

6314,7798

6314,8688

6314,6866

6314,6234

6314,7324

6314,7594

6314,6248

6314,5698

6314,4998

6314,4622

6314,6074

6314,5762

6314,7792

6314,7818

6314,6480

6314,6274

6314,6300

6314,6356

6314,5196

6314,5730

6314,7226

6314,4948

6314,5922

6314,6272

6314,6690

6314,7918

6314,6226

6314,6836

6314,7944

6314,8674

6314,8936

6314,7790

6314,9110

6314,7198

6314,6876

6314,7302

6314,9180

6314,7668

6314,7960

6314,8764

6314,7326

6314,8662

6314,6936

6314,4442

6314,5554

6314,4746

6314,5056

6314,4438

6314,4310

6314,4760

6314,4246

6314,3764

6314,3790

6314,4862

6314,5386

6314,4718

6315,4084

6315,3522

6315,2014

6315,1046

6315,2896

6315,2454

6315,2634

6315,1872

6315,542

6315,708

6315,1020

6315,288

6315,-830

6315,-478

6315,-1678

6315,-850

6315,-488

6315,-2586

6315,-2114

6315,-894

6315,-2736

6315,-2846

6315,-2254

6315,-3502

6315,-3080

6315,-2892

6315,-3344

6315,-3982

6321,-3920

6321,-2446

6321,-3660

6321,-4544

6321,-4894

6321,-5034

6321,-4466

6321,-3866

6321,-4432

6321,-5906

6321,-6360

6321,-5010

6321,-3586

6321,-6066

6321,-7190

6321,-6632

6321,-5336

6321,-4952

6321,-6300

6321,-5378

6321,-6968

6321,-7270

6321,-7698

6321,-8008

6321,-6926

6321,-6332

6321,-7562

6321,-8584

6321,-7854

6321,-6846

6321,-7134

6321,-7980

6321,-10182

6321,-9670

6321,-8686

6322,-9860

6322,-8962

6322,-10824

6322,-11454

6322,-12458

6322,-13266

6322,-11402

6322,-12884

6322,-12098

6322,-12240

6322,-13390

6322,-13894

6322,-14608

6322,-14098

6322,-13280

6322,-12930

6322,-14902

6322,-15546

6322,-16866

6322,-15964

6322,-14364

6322,-14858

6322,-16758

6322,-16820

6322,-17302

6322,-16052

6322,-15040

6322,-16956

6322,-17318

6322,-16990

6322,-17412

6322,-17334

6322,-15990

6322,-17246

6322,-16962

6322,-17950

6322,-16614

6322,-15770

6322,-18480

6322,-17944

6322,-19106

6322,-18990

6322,-17818

6322,-17916

6322,-16018

6322,-16436

6322,-16648

6322,-18906

6322,-18664

6322,-17474

6322,-18988

6322,-17876

6322,-18740

6322,-18834

6322,-19034

6322,-19266

6322,-19818

6322,-19272

6322,-19390

6322,-19072

6322,-19338

6322,-18974

6322,-18646

6322,-20738

6322,-21232

6323,-20744

6323,-21610

6323,-21732

6323,-21128

6323,-20102

6323,-21258

6323,-22284

6323,-23148

6323,-21954

6323,-20552

6323,-20836

6323,-22238

6323,-23626

6323,-22860

6323,-22462

6323,-22842

6323,-22744

6323,-24842

6323,-23400

6323,-22500

6323,-20594

6323,-21820

6323,-21422

6323,-20452

6323,-19846

6323,-19786

6323,-21406

6323,-22628

6329,-22824

6329,-22436

6329,-22884

6329,-22238

6329,-21620

6329,-21662

6329,-22612

6329,-21344

6329,-21824

6329,-22294

6329,-22738

6329,-20002

6329,-21604

6329,-21648

6329,-21976

6329,-22026

6329,-21128

6329,-20976

6329,-23636

6329,-22004

6329,-23546

6329,-22630

6329,-23492

6329,-23206

6329,-23206

6329,-24196

6329,-23614

6329,-23228

6329,-22956

6329,-26040

6329,-24580

6329,-24454

6329,-24370

6329,-24564

6329,-22742

6330,-21858

6330,-23136

6330,-24204

6330,-25102

6330,-25362

6330,-25396

6330,-22452

6330,-22076

6330,-24472

6330,-25278

6330,-24050

6330,-22856

6330,-24096

6330,-23470

6330,-21112

6330,-23080

6330,-22052

6330,-20896

6330,-23270

6330,-21354

6330,-21594

6330,-21158

6330,-22222

6330,-22080

6330,-21776

6330,-22640

6330,-20198

6330,-22230

6330,-21194

6330,-22838

6330,-22476

6330,-20910

6330,-20938

6330,-21078

6330,-21902

6330,-21206

6330,-21670

6330,-21570

6330,-23528

6330,-24494

6330,-21832

6330,-20688

6330,-20690

6330,-22474

6330,-21616

6330,-22148

6330,-21730

6330,-21350

6330,-20428

6330,-21264

6330,-21866

6330,-23524

6330,-22642

6330,-21484

6330,-22534

6330,-23492

6330,-23674

6330,-24530

6330,-25050

6330,-25526

6330,-24446

6330,-24642

6330,-23928

6330,-26364

6330,-25824

6331,-26146

6331,-25672

6331,-22888

6331,-26128

6331,-27084

6331,-25476

6331,-26938

6331,-26150

6331,-25710

6331,-27148

6331,-24758

6331,-25144

6331,-24288

6331,-25146

6331,-23922

6331,-23354

6331,-21500

6331,-20680

6331,-21194

6331,-20668

6331,-22480

6331,-22518

6331,-23614

6331,-23694

6331,-22120

6331,-22116

6331,-21370

6331,-20620

6337,-18944

6337,-20540

6337,-18986

6337,-20636

6337,-19418

6337,-19926

6337,-22074

6337,-21340

6337,-20986

6337,-20494

6337,-20486

6337,-21876

6337,-22016

6337,-23298

6337,-24018

6337,-24388

6337,-23224

6337,-22280

6337,-22682

6337,-21960

6337,-22472

6337,-25394

6337,-25962

6337,-25212

6337,-25104

6337,-24744

6337,-23492

6337,-24630

6337,-24132

6337,-24252

6337,-23412

6337,-25104

6337,-25270

6337,-25758

6337,-23524

6338,-24500

6338,-23902

6338,-22846

6338,-22766

6338,-22868

6338,-22444

6338,-22760

6338,-24412

6338,-24210

6338,-24994

6338,-23588

6338,-22616

6338,-23034

6338,-24868

6338,-24478

6338,-25490

6338,-24632

6338,-22916

6338,-21486

6338,-20524

6338,-23170

6338,-23184

6338,-21204

6338,-21154

6338,-22228

6338,-23506

6338,-21182

6338,-21740

6338,-22054

6338,-22676

6338,-22294

6338,-23776

6338,-25050

6338,-24574

6338,-23978

6338,-23580

6338,-21956

6338,-24112

6338,-22538

6338,-21046

6338,-18552

6338,-17278

6338,-19434

6338,-20828

6338,-23186

6338,-23214

6338,-24704

6338,-22634

6338,-23454

6338,-24368

6338,-24810

6338,-22438

6338,-21036

6338,-20646

6338,-19600

6338,-21914

6338,-22864

6338,-24594

6338,-24322

6338,-24078

6338,-23566

6338,-24618

6338,-23372

6338,-22602

6338,-24254

6339,-23334

6339,-23690

6339,-24276

6339,-22102

6339,-21748

6339,-20846

6339,-21736

6339,-21556

6339,-22016

6339,-22080

6339,-22740

6339,-22948

6339,-23162

6339,-23970

6339,-23382

6339,-24098

6339,-24720

6339,-23932

6339,-23384

6339,-23402

6339,-23212

6339,-23898

6339,-22140

6339,-19304

6339,-21058

6339,-19606

6339,-20586

6339,-23538

6345,-23594

6345,-25550

6345,-25926

6345,-24334

6345,-23626

6345,-23356

6345,-23576

6345,-24418

6345,-24806

6345,-22590

6345,-23458

6345,-24118

6345,-23820

6345,-24818

6345,-21546

6345,-19610

6345,-19712

6345,-19802

6345,-22368

6345,-23452

6345,-24266

6345,-25288

6345,-24094

6345,-23440

6345,-22476

6345,-21988

6345,-21998

6345,-22974

6345,-23254

6345,-21208

6345,-22534

6345,-21802

6345,-22022

6345,-21594

6345,-23184

6346,-25900

6346,-24854

6346,-24548

6346,-25060

6346,-25376

6346,-23066

6346,-24484

6346,-24384

6346,-23120

6346,-22622

6346,-21326

6346,-21094

6346,-21816

6346,-20230

6346,-19394

6346,-20822

6346,-21582

6346,-21654

6346,-23586

6346,-25154

6346,-25220

6346,-25016

6346,-24434

6346,-23346

6346,-22478

6346,-23098

6346,-23164

6346,-22194

6346,-24120

6346,-21800

6346,-20086

6346,-22678

6346,-21476

6346,-22342

6346,-22290

6346,-21240

6346,-23438

6346,-25942

6346,-24018

6346,-23872

6346,-25258

6346,-25830

6346,-24424

6346,-24556

6346,-25368

6346,-26094

6346,-26056

6346,-26854

6346,-23870

6346,-26376

6346,-25770

6346,-24134

6346,-26848

6346,-27242

6346,-25130

6346,-26370

6346,-29074

6346,-29486

6346,-26708

6346,-26402

6346,-27746

6346,-28988

6346,-27902

6346,-27094

6346,-27046

6347,-28868

6347,-29218

6347,-28678

6347,-27696

6347,-29708

6347,-28880

6347,-29200

6347,-29900

6347,-28870

6347,-28026

6347,-30016

6347,-31956

6347,-31560

6347,-29906

6347,-28456

6347,-28448

6347,-28444

6347,-28838

6347,-29472

6347,-28294

6347,-29502

6347,-31498

6347,-29326

6347,-26876

6347,-26742

6347,-27074

6347,-26022

6347,-26550

6353,-26072

6353,-28978

6353,-29226

6353,-29080

6353,-29556

6353,-29378

6353,-27810

6353,-29076

6353,-28982

6353,-28354

6353,-28182

6353,-28114

6353,-26636

6353,-27472

6353,-28428

6353,-28064

6353,-27780

6353,-26840

6353,-27688

6353,-27876

6353,-30076

6353,-31492

6353,-31364

6353,-29360

6353,-27410

6353,-28026

6353,-29222

6353,-28934

6353,-31560

6353,-30128

6353,-29466

6353,-28884

6353,-28186

6353,-26066

6353,-26520

6354,-26662

6354,-25720

6354,-26616

6354,-24506

6354,-24250

6354,-23304

6354,-25500

6354,-26600

6354,-24974

6354,-26018

6354,-27990

6354,-28256

6354,-26322

6354,-24064

6354,-24004

6354,-23944

6354,-23210

6354,-23994

6354,-21958

6354,-21716

6354,-23698

6354,-21926

6354,-23808

6354,-25490

6354,-26704

6354,-26076

6354,-27352

6354,-28614

6354,-29650

6354,-30322

6354,-30196

6354,-28374

6354,-28308

6354,-24900

6354,-24666

6354,-25218

6354,-25210

6354,-24884

6354,-25754

6354,-26654

6354,-27712

6354,-29638

6354,-31042

6354,-31198

6354,-29882

6354,-28600

6354,-25484

6354,-26380

6354,-24948

6354,-28270

6354,-28886

6354,-27388

6354,-28356

6354,-29246

6354,-28764

6354,-29506

6354,-29672

6354,-28428

6354,-28050

6354,-27502

6354,-29754

6354,-28168

6354,-30130

6354,-28662

6354,-29818

6355,-30878

6355,-30592

6355,-31814

6355,-29534

6355,-28706

6355,-29888

6355,-29528

6355,-29342

6355,-29474

6355,-30990

6355,-31956

6355,-30788

6355,-31274

6355,-32304

6355,-32814

6355,-33020

6355,-31924

6355,-31040

6355,-31302

6355,-30926

6355,-32122

6355,-31702

6355,-30644

6355,-30654

6355,-29684

6355,-29356

6355,-29770

6355,-31184

6361,-32452

6361,-32094

6361,-31882

6361,-32304

6361,-34668

6361,-33774

6361,-32858

6361,-29686

6361,-29568

6361,-26766

6361,-26854

6361,-26774

6361,-25682

6361,-29138

6361,-31500

6361,-33770

6361,-33784

6361,-33732

6361,-32558

6361,-33390

6361,-32154

6361,-32372

6361,-32220

6361,-32416

6361,-31258

6361,-29114

6361,-28888

6361,-30426

6361,-31800

6361,-32290

6361,-31820

6361,-32054

6361,-32948

6361,-34502

6361,-32398

6362,-32610

6362,-32574

6362,-31724

6362,-30340

6362,-28620

6362,-29142

6362,-29720

6362,-31064

6362,-32390

6362,-29556

6362,-30078

6362,-32572

6362,-31674

6362,-32230

6362,-29794

6362,-29410

6362,-29220

6362,-27924

6362,-30826

6362,-29090

6362,-29970

6362,-29518

6362,-29270

6362,-28594

6362,-27324

6362,-25678

6362,-27194

6362,-31152

6362,-31280

6362,-30530

6362,-30292

6362,-28618

6362,-27436

6362,-28614

6362,-28866

6362,-28930

6362,-29432

6362,-29040

6362,-27946

6362,-25476

6362,-26824

6362,-28346

6362,-28894

6362,-28828

6362,-28620

6362,-28218

6362,-28172

6362,-27708

6362,-29806

6362,-28840

6362,-28174

6362,-29650

6362,-29264

6362,-28882

6362,-28024

6362,-26626

6362,-26620

6362,-27426

6362,-24662

6362,-24650

6362,-22842

6362,-24922

6362,-28324

6362,-28400

6362,-28194

6363,-26072

6363,-26236

6363,-26804

6363,-26974

6363,-24062

6363,-22382

6363,-21438

6363,-21092

6363,-21576

6363,-23926

6363,-22858

6363,-22836

6363,-22750

6363,-22852

6363,-22650

6363,-18792

6363,-19040

6363,-21020

6363,-23706

6363,-23528

6363,-24334

6363,-23986

6363,-23412

6363,-23164

6363,-22846

6363,-21678

6363,-18608

6363,-17558

6369,-19544

6369,-19922

6369,-19920

6369,-19914

6369,-20696

6369,-20514

6369,-18168

6369,-19628

6369,-19256

6369,-18662

6369,-19082

6369,-17788

6369,-16258

6369,-19240

6369,-19632

6369,-19424

6369,-20428

6369,-18824

6369,-18474

6369,-17754

6369,-20196

6369,-20684

6369,-21888

6369,-23362

6369,-22812

6369,-22436

6369,-22212

6369,-20576

6369,-17958

6369,-18636

6369,-21424

6369,-21168

6369,-22290

6369,-21910

6369,-20302

6370,-20334

6370,-20408

6370,-22986

6370,-24290

6370,-22086

6370,-21614

6370,-23564

6370,-22524

6370,-22896

6370,-22260

6370,-22954

6370,-23420

6370,-22184

6370,-23536

6370,-22430

6370,-22432

6370,-23086

6370,-24818

6370,-24978

6370,-25622

6370,-27104

6370,-26728

6370,-26292

6370,-25794

6370,-26406

6370,-27396

6370,-27590

6370,-27610

6370,-27138

6370,-27690

6370,-27476

6370,-28366

6370,-27796

6370,-28280

6370,-27896

6370,-28418

6370,-29668

6370,-29526

6370,-30306

6370,-30032

6370,-29386

6370,-29720

6370,-31154

6370,-31440

6370,-32616

6370,-32998

6370,-33814

6370,-31112

6370,-30126

6370,-30718

6370,-29380

6370,-28242

6370,-29326

6370,-29116

6370,-30690

6370,-30662

6370,-29986

6370,-30668

6370,-30024

6370,-30564

6370,-31390

6370,-34192

6370,-35382

6370,-33438

6370,-32572

6371,-31410

6371,-29726

6371,-30686

6371,-30768

6371,-32250

6371,-34332

6371,-35306

6371,-34512

6371,-33114

6371,-34428

6371,-36264

6371,-35554

6371,-36000

6371,-33606

6371,-31562

6371,-30940

6371,-32150

6371,-31832

6371,-32984

6371,-33586

6371,-33874

6371,-35580

6371,-34740

6371,-31230

6371,-33350

6371,-33706

6371,-31880

6371,-30106

6377,-30126

6377,-32596

6377,-33066

6377,-32714

6377,-30902

6377,-29138

6377,-32040

6377,-31744

6377,-31770

6377,-30704

6377,-30694

6377,-32896

6377,-32982

6377,-32872

6377,-32438

6377,-32238

6377,-32684

6377,-31956

6377,-30696

6377,-29428

6377,-30832

6377,-32710

6377,-33206

6377,-33010

6377,-34708

6377,-37558

6377,-37312

6377,-35390

6377,-35100

6377,-32592

6377,-34824

6377,-35324

6377,-35036

6377,-33108

6377,-33012

6378,-33188

6378,-32430

6378,-34572

6378,-35378

6378,-34874

6378,-32878

6378,-31302

6378,-32430

6378,-32918

6378,-33264

6378,-31240

6378,-30516

6378,-30630

6378,-30210

6378,-30722

6378,-30946

6378,-30206

6378,-30554

6378,-28188

6378,-26714

6378,-26898

6378,-25502

6378,-27816

6378,-28280

6378,-30712

6378,-29784

6378,-27286

6378,-26044

6378,-26862

6378,-28868

6378,-27546

6378,-27136

6378,-27788

6378,-27426

6378,-28272

6378,-29764

6378,-30298

6378,-29788

6378,-28884

6378,-29282

6378,-27628

6378,-26606

6378,-27952

6378,-27704

6378,-27382

6378,-27934

6378,-29008

6378,-29030

6378,-29582

6378,-30076

6378,-28718

6378,-30210

6378,-31940

6378,-30796

6378,-30710

6378,-30022

6378,-28788

6378,-28390

6378,-28634

6378,-27566

6378,-27440

6378,-30088

6378,-27382

6378,-26202

6378,-29178

6379,-28630

6379,-28612

6379,-27696

6379,-26994

6379,-27812

6379,-26964

6379,-30270

6379,-28882

6379,-29568

6379,-29734

6379,-29762

6379,-29936

6379,-28916

6379,-31044

6379,-30814

6379,-29384

6379,-28694

6379,-27276

6379,-27992

6379,-28644

6379,-28314

6379,-28448

6379,-27988

6379,-29802

6379,-31526

6379,-31154

6379,-31122

6379,-31046

6385,-31358

6385,-31618

6385,-30600

6385,-29492

6385,-27782

6385,-28668

6385,-29010

6385,-28332

6385,-30142

6385,-29912

6385,-29748

6385,-30192

6385,-27736

6385,-27518

6385,-27042

6385,-26852

6385,-27142

6385,-25972

6385,-24572

6385,-25808

6385,-27134

6385,-25686

6385,-27796

6385,-27096

6385,-26990

6385,-26490

6385,-26346

6385,-26392

6385,-26842

6385,-24338

6385,-23594

6385,-23530

6385,-24742

6385,-25546

6385,-25762

6386,-26272

6386,-25642

6386,-25422

6386,-24578

6386,-24494

6386,-25186

6386,-25334

6386,-25216

6386,-26858

6386,-26310

6386,-25154

6386,-23554

6386,-23258

6386,-23926

6386,-23746

6386,-24098

6386,-24762

6386,-22878

6386,-23284

6386,-21244

6386,-22944

6386,-23382

6386,-24550

6386,-23330

6386,-23608

6386,-23244

6386,-22252

6386,-21734

6386,-22750

6386,-23066

6386,-23828

6386,-23574

6386,-22246

6386,-23282

6386,-22960

6386,-23686

6386,-21000

6386,-21966

6386,-22416

6386,-21594

6386,-22150

6386,-23838

6386,-21488

6386,-23742

6386,-21646

6386,-21410

6386,-22996

6386,-21588

6386,-22892

6386,-21570

6386,-19648

6386,-19940

6386,-19402

6386,-22468

6386,-20962

6386,-18878

6386,-19296

6386,-18594

6386,-19932

6386,-20936

6386,-20850

6386,-21596

6386,-22278

6386,-23026

6386,-20550

6387,-20372

6387,-19064

6387,-18388

6387,-17400

6387,-18900

6387,-18432

6387,-19756

6387,-21806

6387,-20384

6387,-19592

6387,-18866

6387,-20112

6387,-22514

6387,-22200

6387,-20306

6387,-19852

6387,-20676

6387,-20100

6387,-19362

6387,-20430

6387,-19830

6387,-19318

6387,-21394

6387,-22562

6387,-21794

6387,-22446

6387,-22824

6387,-20402

6393,-20524

6393,-23200

6393,-22336

6393,-23282

6393,-21440

6393,-21868

6393,-24544

6393,-25756

6393,-24900

6393,-23778

6393,-22462

6393,-22148

6393,-24822

6393,-23876

6393,-24630

6393,-26638

6393,-26110

6393,-23872

6393,-23076

6393,-23768

6393,-24666

6393,-25274

6393,-25858

6393,-26670

6393,-26166

6393,-25696

6393,-25528

6393,-26470

6393,-25418

6393,-25090

6393,-23944

6393,-25614

6393,-25424

6393,-25414

6393,-24626

6394,-24664

6394,-25976

6394,-26298

6394,-25826

6394,-26132

6394,-24522

6394,-25336

6394,-26558

6394,-29558

6394,-28350

6394,-27916

6394,-26212

6394,-25974

6394,-27112

6394,-29608

6394,-31050

6394,-30866

6394,-28920

6394,-28698

6394,-29360

6394,-28286

6394,-29000

6394,-27820

6394,-28014

6394,-27696

6394,-28982

6394,-30204

6394,-29538

6394,-30082

6394,-31916

6394,-33254

6394,-31526

6394,-28634

6394,-29506

6394,-30824

6394,-30066

6394,-30162

6394,-30566

6394,-30342

6394,-29292

6394,-30698

6394,-31154

6394,-30008

6394,-31480

6394,-30650

6394,-30736

6394,-31296

6394,-32768

6394,-31378

6394,-31138

6394,-31312

6394,-31498

6394,-31518

6394,-32738

6394,-33206

6394,-33890

6394,-33962

6394,-34688

6394,-34898

6394,-32936

6394,-33386

6394,-34096

6394,-34700

6394,-33106

6394,-32032

6395,-32462

6395,-33464

6395,-33308

6395,-35914

6395,-35256

6395,-35100

6395,-35810

6395,-35426

6395,-35906

6395,-36316

6395,-33812

6395,-34594

6395,-35952

6395,-34396

6395,-31936

6395,-31662

6395,-33252

6395,-34102

6395,-34916

6395,-34488

6395,-36006

6395,-34292

6395,-34182

6395,-34856

6395,-34428

6395,-33732

6395,-33134

6395,-33236

6401,-33854

6401,-33608

6401,-35740

6401,-34760

6401,-33306

6401,-36182

6401,-35298

6401,-35768

6401,-36608

6401,-34336

6401,-34790

6401,-36218

6401,-36292

6401,-38226

6401,-37908

6401,-37966

6401,-36942

6401,-37984

6401,-38808

6401,-37522

6401,-36832

6401,-39210

6401,-38406

6401,-40206

6401,-42074

6401,-43014

6401,-42024

6401,-41632

6401,-39676

6401,-42338

6401,-42040

6401,-42810

6401,-41268

6401,-40056

6401,-40858

6402,-41666

6402,-42574

6402,-43048

6402,-41890

6402,-42208

6402,-43950

6402,-43058

6402,-43260

6402,-42706

6402,-42512

6402,-43148

6402,-39628

6402,-37532

6402,-38412

6402,-40328

6402,-42288

6402,-42320

6402,-41180

6402,-38496

6402,-38450

6402,-39266

6402,-39082

6402,-40852

6402,-41306

6402,-39528

6402,-40808

6402,-40266

6402,-40800

6402,-40340

6402,-38638

6402,-38534

6402,-38338

6402,-40108

6402,-38522

6402,-39526

6402,-39662

6402,-39850

6402,-41002

6402,-40628

6402,-43590

6402,-44864

6402,-42964

6402,-43570

6402,-41022

6402,-41240

6402,-40708

6402,-40500

6402,-40126

6402,-40616

6402,-42842

6402,-43668

6402,-41776

6402,-41184

6402,-40304

6402,-41282

6402,-42294

6402,-41584

6402,-40544

6402,-41258

6402,-40444

6402,-39694

6402,-41442

6402,-42592

6402,-43026

6402,-43230

6403,-41154

6403,-40038

6403,-39180

6403,-40036

6403,-40486

6403,-38734

6403,-39854

6403,-38090

6403,-38662

6403,-39868

6403,-39158

6403,-38778

6403,-36594

6403,-37610

6403,-38802

6403,-38150

6403,-37696

6403,-39010

6403,-38354

6403,-38428

6403,-36934

6403,-37832

6403,-37030

6403,-36240

6403,-34902

6403,-34094

6403,-36628

6403,-36810

6409,-38828

6409,-39498

6409,-38920

6409,-37678

6409,-36274

6409,-34668

6409,-35686

6409,-35700

6409,-36146

6409,-33726

6409,-34668

6409,-34178

6409,-34594

6409,-34132

6409,-35180

6409,-36086

6409,-36676

6409,-37392

6409,-35160

6409,-37204

6409,-34460

6409,-36100

6409,-36090

6409,-36906

6409,-37278

6409,-37044

6409,-38092

6409,-37580

6409,-38904

6409,-38152

6409,-38064

6409,-35788

6409,-36238

6409,-36942

6409,-37572

6410,-37282

6410,-37006

6410,-36888

6410,-36580

6410,-33980

6410,-35390

6410,-36376

6410,-36552

6410,-36292

6410,-35358

6410,-36524

6410,-36032

6410,-35580

6410,-37244

6410,-37254

6410,-37524

6410,-35988

6410,-36084

6410,-33408

6410,-34302

6410,-33660

6410,-33862

6410,-33570

6410,-32030

6410,-34108

6410,-32438

6410,-33936

6410,-32712

6410,-33128

6410,-32700

6410,-31840

6410,-30832

6410,-31674

6410,-30832

6410,-31306

6410,-30258

6410,-30594

6410,-31794

6410,-31612

6410,-30316

6410,-31590

6410,-30698

6410,-31504

6410,-33534

6410,-32534

6410,-31916

6410,-29736

6410,-28914

6410,-31148

6410,-32574

6410,-31730

6410,-31128

6410,-30330

6410,-28328

6410,-28910

6410,-28876

6410,-30122

6410,-30904

6410,-30138

6410,-28342

6410,-29090

6410,-27640

6410,-28054

6410,-27524

6410,-28774

6411,-27694

6411,-26452

6411,-27814

6411,-28028

6411,-27096

6411,-26008

6411,-25452

6411,-28078

6411,-29702

6411,-28172

6411,-29292

6411,-27040

6411,-26614

6411,-27900

6411,-24980

6411,-27520

6411,-25718

6411,-27332

6411,-27228

6411,-25228

6411,-25532

6411,-25700

6411,-27114

6411,-25436

6411,-24924

6411,-25062

6411,-26266

6411,-26882

6417,-27264

6417,-26094

6417,-24980

6417,-26264

6417,-26250

6417,-25778

6417,-26140

6417,-25164

6417,-26016

6417,-26720

6417,-28066

6417,-28464

6417,-29186

6417,-28464

6417,-29428

6417,-27998

6417,-29228

6417,-28938

6417,-29254

6417,-28240

6417,-27596

6417,-28098

6417,-28484

6417,-30602

6417,-31412

6417,-28564

6417,-28750

6417,-29474

6417,-30828

6417,-31206

6417,-31138

6417,-30738

6417,-30308

6417,-27500

6417,-30114

6418,-30208

6418,-31374

6418,-31446

6418,-32434

6418,-31242

6418,-33702

6418,-33550

6418,-33270

6418,-31716

6418,-33898

6418,-36066

6418,-34360

6418,-33046

6418,-33542

6418,-33428

6418,-34522

6418,-35130

6418,-34994

6418,-35632

6418,-35742

6418,-34750

6418,-36334

6418,-35602

6418,-37640

6418,-36332

6418,-35368

6418,-34432

6418,-35390

6418,-35020

6418,-35934

6418,-36938

6418,-35906

6418,-36248

6418,-35666

6418,-37030

6418,-36664

6418,-37396

6418,-37094

6418,-36698

6418,-35400

6418,-36196

6418,-36880

6418,-35566

6418,-37636

6418,-37966

6418,-37938

6418,-38792

6418,-39500

6418,-38452

6418,-40616

6418,-41592

6418,-40394

6418,-40754

6418,-40828

6418,-42174

6418,-41780

6418,-41190

6418,-40756

6418,-45166

6418,-44784

6418,-45278

6418,-45336

6418,-44906

6418,-44118

6418,-44930

6419,-46736

6419,-48672

6419,-48690

6419,-48490

6419,-50886

6419,-51846

6419,-52326

6419,-51842

6419,-51658

6419,-50806

6419,-50332

6419,-51556

6419,-49422

6419,-52070

6419,-51532

6419,-48526

6419,-48266

6419,-48714

6419,-51622

6419,-52744

6419,-52500

6419,-50978

6419,-51048

6419,-52586

6419,-53540

6419,-52446

6419,-52204

6419,-52268

6425,-50512

6425,-51520

6425,-51006

6425,-51160

6425,-50440

6425,-51420

6425,-48954

6425,-48868

6425,-49810

6425,-48108

6425,-48594

6425,-48910

6425,-49142

6425,-48570

6425,-48662

6425,-49508

6425,-49660

6425,-51654

6425,-50364

6425,-49828

6425,-49484

6425,-48174

6425,-47914

6425,-48344

6425,-49230

6425,-50156

6425,-47954

6425,-48226

6425,-49188

6425,-49634

6425,-49442

6425,-48758

6425,-46988

6425,-48552

6425,-49350

6426,-47970

6426,-47528

6426,-46632

6426,-46426

6426,-46244

6426,-45872

6426,-45146

6426,-45110

6426,-42182

6426,-41552

6426,-42052

6426,-42348

6426,-43512

6426,-41462

6426,-41494

6426,-39458

6426,-39960

6426,-40712

6426,-40330

6426,-40792

6426,-40402

6426,-40042

6426,-37958

6426,-40244

6426,-39248

6426,-38052

6426,-38178

6426,-37426

6426,-37644

6426,-37136

6426,-36342

6426,-35458

6426,-36304

6426,-35228

6426,-34344

6426,-35770

6426,-36110

6426,-35128

6426,-34202

6426,-34014

6426,-34514

6426,-35254

6426,-33258

6426,-31960

6426,-32198

6426,-33172

6426,-34640

6426,-35406

6426,-36034

6426,-35168

6426,-33944

6426,-31578

6426,-30652

6426,-31330

6426,-33336

6426,-33398

6426,-33372

6426,-32400

6426,-31286

6426,-30444

6426,-33004

6426,-33214

6426,-33538

6426,-32128

6426,-29730

6427,-29932

6427,-29710

6427,-29692

6427,-29436

6427,-29418

6427,-28330

6427,-30250

6427,-29970

6427,-27766

6427,-29092

6427,-28208

6427,-28654

6427,-28574

6427,-28920

6427,-29604

6427,-29932

6427,-29182

6427,-28188

6427,-29198

6427,-29508

6427,-28652

6427,-29854

6427,-31294

6427,-29534

6427,-29286

6427,-28292

6427,-29598

6427,-28376

6433,-26752

6433,-27098

6433,-27102

6433,-29164

6433,-29020

6433,-28458

6433,-29144

6433,-28066

6433,-26912

6433,-28424

6433,-28964

6433,-27272

6433,-27340

6433,-27914

6433,-27722

6433,-26142

6433,-26254

6433,-26424

6433,-24982

6433,-24386

6433,-25000

6433,-24976

6433,-24102

6433,-24888

6433,-25608

6433,-22968

6433,-23578

6433,-23962

6433,-23998

6433,-21918

6433,-21032

6433,-21832

6433,-22610

6433,-24772

6433,-25856

6434,-23222

6434,-22296

6434,-22438

6434,-21756

6434,-23112

6434,-23556

6434,-23062

6434,-21360

6434,-21758

6434,-21314

6434,-21962

6434,-22146

6434,-20834

6434,-20134

6434,-19156

6434,-18876

6434,-20908

6434,-19830

6434,-20444

6434,-21022

6434,-18776

6434,-15464

6434,-17218

6434,-16578

6434,-17438

6434,-18552

6434,-16928

6434,-16294

6434,-15326

6434,-15404

6434,-14222

6434,-13176

6434,-14234

6434,-15222

6434,-14494

6434,-14730

6434,-13988

6434,-13750

6434,-12908

6434,-13466

6434,-13072

6434,-13348

6434,-12336

6434,-11820

6434,-14492

6434,-13804

6434,-13642

6434,-14392

6434,-13052

6434,-10942

6434,-11808

6434,-12580

6434,-12258

6434,-11998

6434,-10750

6434,-10774

6434,-11298

6434,-10180

6434,-11428

6434,-12532

6434,-12170

6434,-12812

6434,-11816

6434,-9104

6434,-8430

6435,-10012

6435,-11634

6435,-9592

6435,-11114

6435,-11686

6435,-9956

6435,-10420

6435,-9750

6435,-11722

6435,-10908

6435,-9782

6435,-10230

6435,-10444

6435,-11146

6435,-10514

6435,-11056

6435,-11146

6435,-10336

6435,-11102

6435,-11078

6435,-11806

6435,-10828

6435,-11178

6435,-11788

6435,-13168

6435,-12278

6435,-11628

6435,-12322

6441,-11430

6441,-11428

6441,-12870

6441,-12158

6441,-12504

6441,-12820

6441,-12888

6441,-11616

6441,-12940

6441,-14348

6441,-12598

6441,-12570

6441,-11510

6441,-11206

6441,-11188

6441,-11702

6441,-11574

6441,-12518

6441,-11772

6441,-10422

6441,-12944

6441,-12266

6441,-12248

6441,-11692

6441,-10720

6441,-11346

6441,-11010

6441,-10218

6441,-11200

6441,-10596

6441,-11934

6441,-12332

6441,-11816

6441,-11826

6441,-10984

6442,-11874

6442,-10894

6442,-10502

6442,-9610

6442,-11382

6442,-12016

6442,-11568

6442,-10986

6442,-11438

6442,-12130

6442,-10790

6442,-9944

6442,-9948

6442,-10932

6442,-11282

6442,-11800

6442,-10654

6442,-12066

6442,-10632

6442,-11362

6442,-10878

6442,-10800

6442,-11496

6442,-10266

6442,-9980

6442,-8490

6442,-7766

6442,-8676

6442,-9586

6442,-9366

6442,-8396

6442,-8116

6442,-5998

6442,-6254

6442,-7940

6442,-8246

6442,-8980

6442,-8090

6442,-6606

6442,-7090

6442,-7398

6442,-7708

6442,-6868

6442,-6414

6442,-6186

6442,-7922

6442,-8036

6442,-7344

6442,-6170

6442,-8922

6442,-8230

6442,-8554

6442,-9112

6442,-10198

6442,-9320

6442,-9336

6442,-8340

6442,-7604

6442,-7924

6442,-6530

6442,-8372

6442,-7186

6442,-8358

6442,-8098

6442,-7798

6443,-7866

6443,-5466

6443,-9048

6443,-7726

6443,-6220

6443,-5874

6443,-5946

6443,-6048

6443,-5622

6443,-4908

6443,-4582

6443,-4018

6443,-4398

6443,-3994

6443,-4130

6443,-3568

6443,-2458

6443,-2804

6443,-3346

6443,-922

6443,-1140

6443,-1470

6443,-1314

6443,-3010

6443,-1982

6443,-1946

6443,-2100

6443,-1180

6449,-2698

6449,-1902

6449,-2984

6449,-824

6449,-558

6449,-1010

6449,596

6449,-1166

6449,-1236

6449,-590

6449,-1716

6449,-1286

6449,-40

6449,-1608

6449,-844

6449,-2

6449,-464

6449,-598

6449,-1706

6449,-2024

6449,-462

6449,-394

6449,656

6449,574

6449,194

6449,-136

6449,-340

6449,1998

6449,2360

6449,560

6449,2508

6449,3292

6449,1378

6449,2294

6449,1142

6450,2676

6450,2666

6450,1370

6450,3408

6450,2974

6450,2996

6450,3868

6450,4372

6450,5016

6450,3690

6450,4684

6450,3252

6450,4806

6450,4288

6450,2748

6450,4902

6450,4938

6450,4498

6450,4600

6450,4110

6450,4402

6450,5950

6450,6120

6450,4452

6450,6640

6450,4114

6450,5436

6450,7544

6450,7324

6450,7802

6450,7126

6450,7800

6450,7402

6450,7020

6450,8598

6450,8584

6450,9130

6450,8904

6450,10102

6450,10796

6450,11106

6450,9260

6450,9316

6450,8754

6450,10462

6450,10770

6450,10440

6450,11920

6450,10926

6450,10592

6450,10390

6450,10674

6450,9646

6450,10902

6450,12048

6450,11890

6450,11476

6450,10984

6450,10796

6450,11292

6450,10696

6450,10964

6450,11678

6450,11580

6450,13300

6451,12940

6451,13336

6451,11406

6451,13576

6451,13954

6451,13694

6451,14700

6451,12448

6451,15258

6451,13922

6451,15420

6451,15184

6451,14784

6451,14448

6451,12646

6451,15380

6451,13872

6451,14928

6451,17096

6451,14496

6451,14866

6451,16866

6451,16240

6451,17054

6451,16632

6451,15222

6451,17096

6451,16888

6457,18160

6457,19968

6457,18002

6457,16994

6457,16506

6457,15302

6457,18576

6457,17760

6457,16840

6457,17406

6457,17432

6457,18272

6457,18826

6457,19264

6457,20372

6457,21236

6457,20564

6457,21052

6457,21356

6457,19732

6457,22118

6457,21970

6457,21430

6457,21278

6457,21246

6457,21548

6457,20578

6457,23012

6457,20850

6457,21696

6457,21524

6457,21750

6457,24170

6457,25140

6457,24998

6458,23904

6458,24054

6458,24656

6458,25254

6458,26044

6458,25288

6458,23388

6458,23584

6458,26282

6458,26238

6458,27176

6458,25644

6458,26888

6458,26776

6458,26370

6458,28806

6458,26520

6458,26254

6458,26886

6458,28064

6458,26362

6458,27916

6458,26876

6458,27792

6458,25732

6458,28972

6458,29070

6458,29240

6458,29736

6458,29658

6458,28376

6458,28886

6458,29842

6458,29320

6458,31514

6458,31222

6458,31650

6458,30166

6458,31588

6458,31054

6458,31158

6458,32800

6458,32198

6458,32122

6458,31746

6458,33752

6458,34110

6458,33066

6458,33346

6458,32302

6458,32574

6458,33106

6458,33200

6458,33504

6458,33380

6458,32258

6458,33392

6458,33486

6458,33450

6458,33424

6458,34468

6458,34524

6458,34054

6458,34820

6458,35054

6459,34606

6459,34514

6459,32192

6459,33488

6459,34950

6459,35586

6459,34842

6459,34468

6459,34360

6459,32736

6459,36994

6459,35618

RAW_SUMMARY id=1 requested=5600 captured=5600 unused_capacity=400 max_pcm_abs=80626 raw_mean=-33975.9 raw_abs_mean=36456.7 raw_min=-80626 raw_max=36994 baseline=-14.5

OK RAW

