# run: node2_2
# firmware: role=analyzer git=1c743a2 version=0.4.0
# imported-from: node2_2.log (mtime 2026-10-09T11:51:16)
RAW_INFO mode=i2s output=csv

RAW_INFO row_size=12

RAW_BEGIN id=2 sr=16000 trigger_ms=17162 command_ms=17147 emit_seen=1 emit_start_ms=17162 emit_done_ms=17165 f=3200 dur=1 pre_ms=0 post_ms=350 decim=1 pre_samples=0 post_samples=5600 mode=i2s output=csv fields=ms,pcm

ms,pcm

17164,7380

17164,10248

17164,10238

17164,8644

17164,11858

17164,13090

17164,15896

17164,14596

17164,14026

17164,12908

17164,13502

17164,14508

17166,15366

17166,15354

17166,14704

17166,14600

17166,13774

17166,15282

17166,16142

17166,17006

17166,15390

17166,14896

17166,15242

17166,17346

17166,16546

17166,16978

17166,17502

17166,16206

17166,16334

17166,16066

17166,17628

17166,20088

17166,18998

17166,18514

17166,18654

17166,15768

17166,18088

17166,20202

17166,17652

17166,17188

17166,15888

17166,17780

17166,17998

17166,17064

17166,16942

17166,16406

17166,16914

17166,16798

17166,16092

17166,14048

17166,15634

17166,15200

17166,13040

17166,15010

17166,16658

17166,17110

17166,17576

17166,16338

17166,16970

17166,17248

17166,18248

17166,20112

17166,17674

17167,18264

17167,18806

17167,20060

17167,18196

17167,18558

17167,19436

17167,19048

17167,18860

17167,18428

17167,18264

17167,18382

17167,18186

17167,16106

17167,17004

17167,15382

17167,15090

17167,15204

17167,17126

17167,16854

17167,16636

17167,17086

17167,15236

17167,16700

17167,16288

17167,17838

17167,17828

17167,15968

17167,14810

17167,14792

17167,13574

17167,13420

17167,13118

17167,11448

17167,12214

17167,13026

17167,15196

17167,15496

17167,14622

17167,12090

17167,11536

17167,10426

17167,11108

17167,12958

17167,12954

17167,15394

17167,13082

17167,16406

17167,17198

17167,14694

17167,15510

17167,14504

17167,13674

17167,15626

17167,15224

17167,14746

17167,14342

17167,14916

17167,13632

17167,14672

17167,15408

17167,16064

17167,15204

17167,12180

17167,11260

17167,11852

17169,12730

17169,11274

17169,15298

17169,14416

17169,13320

17169,11582

17169,11158

17169,10018

17169,10486

17169,7474

17169,9618

17169,10804

17169,10300

17169,9362

17169,7784

17169,9718

17169,11038

17169,14074

17169,13224

17169,12486

17169,13980

17169,13006

17169,11770

17169,13900

17169,12500

17169,10074

17169,10906

17169,11294

17169,12838

17169,12550

17169,12972

17169,11124

17169,11624

17169,11338

17169,11300

17170,11040

17170,11494

17170,12572

17170,10174

17170,12792

17170,12628

17170,10824

17170,11422

17170,13806

17170,13894

17170,12508

17170,9854

17170,8932

17170,9060

17170,9760

17170,10356

17170,10816

17170,12560

17170,12632

17170,12780

17170,10238

17170,9614

17170,12376

17170,14606

17170,11852

17170,13036

17170,11544

17170,9634

17170,9322

17170,10094

17170,9244

17170,11434

17170,11176

17170,10304

17170,9082

17170,9144

17170,9898

17170,8238

17170,6686

17170,8962

17170,8486

17170,11836

17170,10290

17170,8024

17170,10684

17170,9874

17170,10228

17170,7628

17170,8788

17170,9654

17170,10064

17170,10630

17170,10434

17170,11714

17170,9730

17170,10314

17170,10462

17170,7684

17170,8958

17170,8780

17170,6854

17170,6304

17170,9408

17170,9124

17170,11624

17171,10340

17171,7594

17171,7420

17171,7030

17171,8670

17171,10806

17171,8526

17171,8578

17171,9900

17171,9646

17171,10414

17171,10208

17171,11206

17171,7542

17171,9018

17171,11658

17171,10516

17171,12022

17171,13856

17171,12876

17171,13932

17171,13136

17171,10352

17171,10042

17171,11372

17171,10104

17171,9744

17171,11220

17177,12154

17177,15186

17177,14420

17177,15236

17177,12832

17177,13716

17177,11198

17177,9340

17177,11332

17177,11732

17177,13872

17177,13226

17177,14066

17177,13342

17177,11160

17177,14310

17177,13270

17177,14324

17177,13952

17177,10486

17177,9392

17177,12028

17177,14552

17177,14672

17177,14872

17177,13150

17177,12454

17177,12784

17177,13576

17177,15070

17177,14178

17177,13568

17177,13282

17177,14396

17177,16308

17178,15672

17178,15242

17178,17056

17178,13188

17178,15292

17178,18502

17178,18916

17178,17924

17178,19230

17178,18420

17178,15574

17178,17552

17178,17764

17178,15628

17178,17398

17178,17422

17178,12590

17178,14032

17178,14550

17178,13166

17178,14942

17178,13968

17178,12634

17178,14502

17178,16020

17178,15892

17178,16392

17178,17070

17178,17740

17178,18580

17178,19226

17178,20724

17178,19838

17178,20992

17178,20176

17178,17852

17178,17774

17178,17452

17178,18684

17178,19834

17178,20016

17178,21566

17178,21500

17178,19996

17178,20270

17178,19840

17178,19728

17178,20974

17178,20256

17178,23468

17178,21178

17178,20744

17178,21774

17178,20454

17178,20062

17178,21956

17178,21550

17178,22222

17178,21220

17178,22656

17178,22304

17178,23618

17178,23826

17178,24068

17178,23648

17179,23684

17179,24778

17179,22920

17179,26360

17179,26408

17179,26446

17179,28652

17179,28870

17179,27754

17179,27124

17179,29302

17179,27512

17179,28252

17179,27818

17179,28802

17179,29202

17179,30114

17179,28496

17179,28782

17179,28870

17179,27998

17179,29684

17179,29200

17179,29658

17179,32886

17179,31730

17179,30554

17179,29608

17185,28204

17185,30112

17185,28490

17185,29470

17185,32236

17185,31722

17185,30264

17185,28356

17185,28862

17185,30094

17185,30248

17185,29422

17185,27618

17185,31062

17185,29850

17185,29880

17185,31656

17185,31150

17185,29700

17185,29196

17185,28910

17185,29584

17185,31396

17185,33714

17185,31722

17185,31536

17185,32408

17185,33402

17185,34200

17185,34626

17185,35464

17185,35944

17185,35358

17185,35746

17185,35510

17186,36108

17186,35972

17186,34906

17186,31172

17186,34792

17186,36384

17186,34712

17186,34106

17186,36610

17186,35728

17186,35298

17186,35188

17186,36054

17186,37116

17186,35980

17186,37030

17186,37898

17186,38356

17186,36164

17186,35864

17186,38380

17186,38564

17186,37672

17186,38664

17186,38154

17186,37400

17186,38214

17186,39478

17186,40326

17186,39458

17186,39496

17186,38548

17186,36196

17186,37626

17186,37624

17186,39070

17186,38938

17186,38538

17186,37864

17186,36232

17186,36978

17186,36926

17186,39520

17186,41962

17186,40378

17186,42776

17186,40024

17186,39564

17186,39560

17186,39386

17186,39800

17186,42698

17186,42272

17186,43224

17186,42768

17186,39372

17186,41588

17186,41350

17186,41562

17186,40804

17186,40188

17186,40516

17186,38588

17186,39408

17186,40282

17187,41956

17187,43312

17187,42536

17187,42128

17187,41932

17187,43960

17187,42986

17187,43906

17187,45254

17187,44274

17187,44278

17187,41470

17187,44772

17187,45738

17187,43740

17187,42898

17187,44222

17187,46806

17187,46218

17187,46438

17187,46776

17187,46922

17187,45298

17187,43440

17187,43750

17187,43606

17187,44602

17187,46582

17193,47414

17193,45682

17193,44222

17193,46142

17193,45962

17193,45456

17193,47320

17193,44870

17193,44240

17193,43578

17193,42504

17193,42566

17193,42040

17193,41906

17193,43276

17193,44156

17193,44340

17193,41646

17193,41384

17193,42436

17193,41626

17193,42112

17193,42720

17193,44938

17193,42380

17193,41090

17193,43122

17193,41610

17193,42044

17193,41216

17193,41838

17193,42362

17193,40320

17193,40696

17193,40146

17194,40994

17194,41994

17194,42306

17194,41724

17194,41496

17194,40432

17194,42658

17194,44638

17194,44302

17194,43590

17194,42558

17194,41172

17194,39280

17194,40710

17194,39826

17194,40458

17194,38318

17194,38840

17194,43356

17194,42834

17194,39004

17194,39668

17194,38886

17194,38680

17194,39786

17194,41144

17194,42494

17194,41386

17194,40370

17194,36708

17194,37776

17194,37970

17194,39750

17194,41294

17194,38718

17194,39570

17194,39924

17194,40234

17194,39642

17194,39090

17194,37568

17194,38754

17194,38972

17194,37806

17194,37678

17194,36534

17194,35260

17194,34888

17194,35380

17194,33662

17194,36914

17194,36426

17194,36780

17194,34980

17194,35342

17194,35944

17194,37616

17194,37626

17194,36452

17194,34424

17194,35066

17194,35188

17194,36758

17194,36522

17194,36488

17195,36070

17195,38438

17195,37882

17195,38044

17195,37578

17195,35122

17195,36636

17195,40372

17195,39176

17195,39298

17195,40770

17195,39554

17195,39122

17195,38652

17195,37132

17195,36738

17195,37584

17195,37626

17195,37074

17195,39432

17195,39322

17195,41350

17195,40774

17195,39102

17195,38546

17195,38934

17195,38182

17195,37044

17201,37352

17201,37824

17201,36312

17201,36134

17201,37542

17201,41276

17201,38908

17201,40484

17201,38518

17201,39194

17201,40156

17201,40156

17201,39388

17201,35490

17201,35316

17201,33746

17201,35830

17201,38844

17201,40084

17201,40812

17201,39672

17201,39030

17201,40964

17201,40272

17201,39428

17201,39734

17201,42880

17201,41982

17201,42634

17201,44486

17201,44530

17201,41880

17201,44988

17201,43402

17201,44072

17202,46156

17202,42566

17202,44424

17202,43552

17202,41302

17202,41734

17202,42098

17202,42398

17202,44384

17202,43226

17202,43948

17202,42408

17202,42796

17202,43404

17202,41168

17202,43320

17202,42352

17202,41620

17202,38814

17202,38890

17202,40968

17202,40808

17202,41096

17202,39966

17202,40986

17202,40036

17202,43384

17202,44460

17202,43032

17202,41536

17202,42898

17202,39888

17202,39084

17202,39044

17202,36676

17202,40920

17202,39058

17202,38974

17202,38010

17202,37992

17202,40202

17202,40078

17202,38766

17202,36842

17202,35618

17202,35000

17202,36224

17202,35678

17202,36072

17202,36746

17202,36478

17202,37656

17202,39424

17202,38882

17202,40660

17202,41048

17202,35702

17202,39042

17202,36098

17202,36046

17202,35094

17202,37782

17202,38140

17202,38952

17202,39162

17203,36252

17203,36934

17203,35668

17203,35182

17203,35484

17203,34624

17203,34252

17203,33436

17203,32082

17203,32306

17203,35148

17203,33288

17203,33080

17203,33574

17203,32658

17203,35098

17203,33234

17203,31100

17203,33924

17203,32570

17203,31890

17203,33000

17203,32988

17203,33084

17203,35182

17203,32358

17203,32552

17203,34332

17209,30716

17209,31572

17209,33730

17209,31776

17209,33576

17209,31668

17209,29754

17209,32376

17209,31054

17209,31738

17209,32572

17209,32152

17209,33152

17209,33864

17209,34420

17209,33558

17209,32326

17209,32350

17209,32884

17209,33662

17209,33770

17209,31366

17209,33544

17209,33780

17209,31682

17209,31398

17209,30688

17209,28852

17209,31212

17209,32880

17209,32306

17209,31572

17209,32810

17209,33064

17209,34062

17210,36318

17210,36558

17210,34420

17210,33964

17210,36162

17210,32636

17210,33790

17210,33012

17210,34082

17210,36662

17210,37626

17210,36132

17210,35442

17210,34436

17210,36952

17210,34028

17210,33034

17210,35668

17210,34910

17210,33964

17210,34534

17210,32350

17210,34314

17210,37386

17210,35988

17210,36748

17210,35892

17210,33230

17210,33884

17210,35190

17210,36656

17210,35450

17210,37318

17210,35626

17210,36700

17210,35862

17210,38036

17210,38860

17210,37286

17210,36338

17210,39000

17210,41440

17210,38900

17210,39886

17210,38990

17210,38760

17210,38834

17210,39938

17210,39392

17210,38828

17210,38118

17210,38026

17210,39054

17210,38750

17210,39710

17210,40660

17210,40068

17210,42646

17210,43228

17210,41070

17210,39998

17210,40936

17210,38714

17210,38588

17210,38108

17211,37062

17211,36626

17211,34206

17211,33138

17211,32392

17211,34806

17211,37676

17211,36788

17211,35416

17211,34986

17211,35264

17211,36580

17211,35280

17211,35058

17211,33672

17211,33398

17211,36708

17211,36138

17211,36838

17211,36864

17211,36434

17211,34704

17211,37206

17211,36276

17211,35458

17211,36850

17211,33942

17211,33698

17217,33568

17217,32974

17217,32454

17217,31320

17217,33062

17217,33016

17217,33898

17217,33584

17217,34852

17217,32948

17217,35066

17217,33734

17217,33044

17217,30320

17217,32450

17217,31570

17217,33492

17217,35132

17217,35526

17217,34058

17217,35870

17217,35900

17217,34362

17217,32794

17217,36772

17217,34650

17217,31974

17217,34076

17217,30678

17217,33660

17217,35488

17217,34932

17217,33496

17217,33448

17217,31938

17218,32690

17218,32004

17218,34582

17218,32978

17218,33404

17218,32764

17218,31924

17218,33858

17218,32982

17218,33050

17218,31014

17218,32334

17218,34502

17218,34278

17218,31082

17218,30332

17218,33740

17218,33796

17218,31528

17218,33420

17218,32224

17218,32214

17218,33474

17218,33152

17218,32996

17218,32586

17218,32654

17218,32376

17218,31500

17218,32290

17218,34980

17218,35946

17218,34680

17218,35746

17218,34344

17218,33706

17218,32292

17218,32602

17218,32596

17218,33912

17218,34592

17218,34354

17218,33152

17218,32086

17218,32182

17218,33374

17218,36644

17218,37758

17218,33936

17218,32434

17218,30464

17218,32572

17218,34224

17218,34212

17218,34600

17218,33528

17218,34066

17218,33780

17218,31720

17218,30394

17218,32386

17218,31362

17218,32554

17218,33916

17218,29856

17219,30468

17219,31128

17219,30754

17219,30008

17219,30902

17219,30822

17219,29078

17219,30112

17219,28328

17219,28918

17219,29068

17219,29126

17219,29720

17219,30026

17219,29612

17219,28428

17219,29114

17219,31332

17219,29558

17219,32960

17219,32148

17219,29634

17219,30036

17219,28996

17219,28582

17219,27878

17219,30176

17219,29732

17225,30594

17225,29188

17225,29508

17225,28682

17225,31888

17225,30078

17225,31374

17225,31700

17225,32238

17225,30710

17225,28650

17225,28418

17225,27942

17225,27630

17225,26222

17225,28656

17225,30818

17225,29198

17225,29884

17225,26648

17225,26236

17225,29142

17225,27788

17225,26836

17225,28280

17225,24674

17225,26268

17225,27258

17225,25732

17225,27404

17225,25798

17225,25286

17225,27286

17225,26340

17225,27034

17226,29014

17226,28736

17226,28062

17226,29676

17226,29246

17226,31132

17226,29562

17226,26098

17226,25354

17226,23742

17226,25094

17226,26248

17226,27474

17226,25792

17226,26342

17226,27100

17226,26218

17226,27698

17226,28474

17226,27020

17226,24672

17226,23542

17226,21626

17226,22112

17226,21578

17226,21098

17226,22872

17226,24734

17226,22950

17226,22500

17226,19690

17226,18214

17226,19132

17226,18350

17226,17952

17226,19588

17226,21380

17226,18604

17226,17858

17226,17334

17226,16692

17226,18196

17226,18602

17226,20026

17226,18690

17226,19558

17226,20906

17226,19214

17226,19436

17226,16582

17226,18650

17226,17088

17226,16542

17226,16632

17226,17980

17226,18480

17226,18662

17226,18398

17226,19352

17226,20306

17226,18702

17226,19740

17226,18856

17226,17946

17226,16812

17227,18058

17227,18142

17227,19400

17227,17736

17227,16808

17227,17178

17227,14340

17227,13838

17227,16804

17227,16088

17227,15904

17227,15366

17227,14880

17227,14034

17227,13796

17227,15162

17227,16082

17227,13646

17227,13580

17227,13872

17227,13968

17227,13622

17227,15022

17227,15208

17227,14146

17227,17592

17227,18566

17227,18228

17233,17992

17233,16890

17233,17308

17233,17564

17233,17678

17233,20328

17233,19570

17233,18440

17233,19784

17233,19210

17233,18950

17233,18946

17233,19914

17233,17312

17233,18650

17233,20292

17233,18680

17233,19516

17233,20736

17233,19760

17233,19270

17233,23704

17233,19254

17233,21874

17233,19934

17233,22220

17233,19610

17233,18560

17233,21906

17233,21800

17233,22898

17233,21954

17233,23392

17233,24790

17233,25142

17234,25686

17234,25976

17234,25008

17234,27986

17234,26650

17234,28120

17234,27312

17234,28040

17234,26934

17234,29554

17234,29264

17234,27064

17234,28780

17234,31084

17234,27992

17234,29570

17234,31168

17234,29430

17234,30648

17234,28752

17234,30564

17234,28420

17234,28160

17234,27700

17234,27646

17234,28356

17234,29432

17234,28714

17234,26410

17234,28482

17234,27858

17234,26724

17234,26200

17234,28920

17234,29092

17234,26302

17234,28294

17234,28948

17234,27930

17234,28208

17234,27092

17234,26100

17234,25046

17234,24368

17234,25264

17234,25408

17234,24926

17234,25220

17234,24264

17234,25986

17234,27656

17234,27170

17234,25968

17234,25136

17234,25008

17234,26006

17234,23274

17234,23736

17234,22858

17234,22954

17234,24672

17234,24382

17234,24980

17234,22926

17234,23068

17235,23600

17235,23640

17235,24460

17235,23948

17235,25088

17235,24818

17235,24220

17235,25180

17235,25666

17235,23252

17235,25340

17235,24348

17235,23064

17235,22216

17235,21380

17235,21830

17235,20356

17235,21758

17235,23428

17235,22628

17235,21400

17235,20794

17235,18234

17235,17362

17235,19000

17235,17424

17235,20340

17235,19432

17241,17620

17241,17840

17241,16452

17241,13924

17241,16470

17241,14132

17241,15800

17241,16460

17241,16100

17241,17076

17241,17642

17241,18260

17241,14214

17241,15170

17241,17072

17241,15312

17241,17376

17241,15508

17241,16382

17241,14418

17241,13028

17241,10768

17241,10846

17241,13906

17241,12710

17241,12380

17241,11928

17241,13300

17241,13648

17241,12700

17241,12590

17241,13576

17241,14238

17241,12482

17241,14428

17242,11590

17242,12248

17242,12158

17242,13380

17242,11264

17242,12780

17242,14784

17242,13612

17242,14388

17242,11234

17242,13004

17242,12296

17242,11738

17242,13534

17242,13286

17242,15244

17242,12948

17242,12272

17242,12502

17242,11462

17242,11342

17242,11068

17242,12914

17242,12642

17242,11128

17242,12040

17242,11058

17242,8930

17242,7762

17242,8730

17242,8546

17242,8768

17242,8376

17242,9038

17242,9238

17242,10638

17242,10642

17242,9130

17242,7816

17242,7436

17242,4894

17242,5882

17242,7104

17242,6832

17242,4630

17242,4374

17242,5834

17242,6728

17242,4278

17242,6536

17242,6244

17242,5488

17242,9032

17242,8048

17242,4002

17242,5624

17242,3594

17242,5524

17242,5588

17242,3178

17242,4332

17242,4604

17242,3246

17242,2250

17242,1672

17243,1032

17243,2240

17243,1128

17243,94

17243,-1452

17243,-56

17243,-856

17243,-1146

17243,-788

17243,-422

17243,-108

17243,-898

17243,-480

17243,-176

17243,-3034

17243,-818

17243,-1026

17243,-1644

17243,-3202

17243,-5778

17243,-4258

17243,-2486

17243,-4854

17243,-3774

17243,-4964

17243,-4714

17243,-3374

17243,-4818

17249,-2612

17249,-5898

17249,-5392

17249,-5792

17249,-4656

17249,-6500

17249,-7602

17249,-5738

17249,-6420

17249,-5498

17249,-5894

17249,-5772

17249,-5716

17249,-5402

17249,-5976

17249,-6964

17249,-9114

17249,-10248

17249,-9490

17249,-10448

17249,-11416

17249,-11690

17249,-13140

17249,-11448

17249,-10894

17249,-12114

17249,-11944

17249,-13644

17249,-15826

17249,-14422

17249,-14422

17249,-16610

17249,-16094

17249,-14180

17249,-13754

17250,-13382

17250,-14752

17250,-14700

17250,-16390

17250,-16938

17250,-16102

17250,-18104

17250,-18354

17250,-18670

17250,-20160

17250,-14726

17250,-16228

17250,-18390

17250,-16668

17250,-18026

17250,-20414

17250,-20520

17250,-18936

17250,-18362

17250,-20998

17250,-20858

17250,-20854

17250,-18540

17250,-21190

17250,-20448

17250,-21554

17250,-22692

17250,-18606

17250,-21138

17250,-20024

17250,-21126

17250,-19830

17250,-18848

17250,-19096

17250,-19964

17250,-18868

17250,-22520

17250,-21294

17250,-21434

17250,-22794

17250,-21824

17250,-20868

17250,-21974

17250,-22918

17250,-24010

17250,-22188

17250,-23034

17250,-24592

17250,-25598

17250,-25442

17250,-26580

17250,-26882

17250,-25448

17250,-26242

17250,-27508

17250,-27644

17250,-27106

17250,-27776

17250,-28958

17250,-29342

17250,-29876

17250,-28454

17250,-26746

17250,-23904

17250,-23580

17251,-26326

17251,-25790

17251,-25882

17251,-26730

17251,-26748

17251,-27490

17251,-27708

17251,-29744

17251,-30622

17251,-28494

17251,-30106

17251,-29732

17251,-29250

17251,-31106

17251,-32082

17251,-32260

17251,-33684

17251,-33648

17251,-34088

17251,-32768

17251,-33534

17251,-30746

17251,-32544

17251,-33346

17251,-31154

17251,-31974

17251,-31012

17251,-32894

17257,-33632

17257,-33018

17257,-35400

17257,-34406

17257,-34608

17257,-33230

17257,-33224

17257,-34726

17257,-35548

17257,-35490

17257,-35482

17257,-34950

17257,-34286

17257,-34200

17257,-34028

17257,-32486

17257,-34220

17257,-35880

17257,-33006

17257,-32256

17257,-34214

17257,-31848

17257,-32932

17257,-33990

17257,-35832

17257,-35332

17257,-34356

17257,-35294

17257,-35216

17257,-35104

17257,-35876

17257,-35356

17257,-36050

17257,-38162

17257,-36144

17258,-35132

17258,-35554

17258,-33866

17258,-32800

17258,-36340

17258,-34358

17258,-32524

17258,-33034

17258,-33138

17258,-33356

17258,-34794

17258,-32614

17258,-31868

17258,-31608

17258,-31542

17258,-31940

17258,-30676

17258,-28578

17258,-30756

17258,-31144

17258,-30364

17258,-30486

17258,-28070

17258,-29386

17258,-29782

17258,-27276

17258,-28160

17258,-26246

17258,-27186

17258,-27060

17258,-28258

17258,-28148

17258,-26750

17258,-29570

17258,-27418

17258,-26116

17258,-26500

17258,-27142

17258,-26618

17258,-25236

17258,-26020

17258,-28024

17258,-27050

17258,-27704

17258,-26210

17258,-25508

17258,-26358

17258,-26942

17258,-27266

17258,-27524

17258,-26010

17258,-24308

17258,-25326

17258,-24486

17258,-25938

17258,-24758

17258,-24150

17258,-23402

17258,-21202

17258,-22306

17258,-20690

17258,-22436

17258,-23496

17258,-20476

17258,-22120

17259,-21536

17259,-21890

17259,-23122

17259,-23112

17259,-23724

17259,-23038

17259,-21028

17259,-20620

17259,-19260

17259,-21158

17259,-20630

17259,-20350

17259,-19488

17259,-15510

17259,-16000

17259,-14408

17259,-15260

17259,-15980

17259,-15580

17259,-14894

17259,-16144

17259,-14506

17259,-13814

17259,-15606

17259,-16842

17259,-17580

17259,-16798

17259,-15998

17265,-15824

17265,-13676

17265,-13590

17265,-13110

17265,-13578

17265,-14734

17265,-12992

17265,-13870

17265,-13996

17265,-13922

17265,-13952

17265,-13922

17265,-12424

17265,-13820

17265,-14866

17265,-14968

17265,-16762

17265,-16754

17265,-15534

17265,-15544

17265,-15462

17265,-14994

17265,-17630

17265,-18772

17265,-18402

17265,-18106

17265,-15642

17265,-16950

17265,-15234

17265,-18278

17265,-18244

17265,-17778

17265,-17960

17265,-16314

17265,-18248

17266,-20798

17266,-20642

17266,-20494

17266,-19836

17266,-20898

17266,-20120

17266,-19850

17266,-21244

17266,-20962

17266,-21232

17266,-22696

17266,-19710

17266,-20370

17266,-19180

17266,-18972

17266,-18034

17266,-19732

17266,-19178

17266,-16124

17266,-18614

17266,-19166

17266,-19160

17266,-18534

17266,-19116

17266,-19080

17266,-20078

17266,-20332

17266,-19798

17266,-18926

17266,-19034

17266,-19534

17266,-18630

17266,-19150

17266,-20172

17266,-19064

17266,-19660

17266,-21274

17266,-19678

17266,-19364

17266,-21946

17266,-22454

17266,-22710

17266,-23744

17266,-24110

17266,-24846

17266,-24640

17266,-25032

17266,-25612

17266,-26818

17266,-25586

17266,-26844

17266,-26812

17266,-26434

17266,-25672

17266,-25650

17266,-26812

17266,-26240

17266,-26160

17266,-27544

17266,-28422

17266,-26602

17266,-29846

17266,-29210

17266,-28404

17266,-28912

17267,-25588

17267,-29094

17267,-28140

17267,-26968

17267,-26404

17267,-27954

17267,-27302

17267,-28168

17267,-30718

17267,-31220

17267,-29096

17267,-29022

17267,-28044

17267,-29584

17267,-28128

17267,-28430

17267,-28596

17267,-28432

17267,-26592

17267,-26344

17267,-25054

17267,-25138

17267,-27506

17267,-26978

17267,-28652

17267,-28858

17267,-28264

17267,-28164

17273,-28684

17273,-28720

17273,-26788

17273,-26782

17273,-25486

17273,-26610

17273,-26584

17273,-25454

17273,-26496

17273,-24774

17273,-25642

17273,-24318

17273,-26320

17273,-26368

17273,-24268

17273,-24948

17273,-25718

17273,-24512

17273,-23316

17273,-24512

17273,-23052

17273,-22906

17273,-25848

17273,-23570

17273,-24546

17273,-24872

17273,-23822

17273,-25900

17273,-23440

17273,-23464

17273,-25094

17273,-26004

17273,-24850

17273,-25572

17273,-25542

17274,-25642

17274,-25800

17274,-25574

17274,-25950

17274,-25556

17274,-26596

17274,-26098

17274,-23862

17274,-23354

17274,-22206

17274,-23852

17274,-23260

17274,-24046

17274,-22782

17274,-21780

17274,-22524

17274,-22968

17274,-22184

17274,-23314

17274,-24492

17274,-24154

17274,-23810

17274,-24128

17274,-23614

17274,-22918

17274,-22306

17274,-24078

17274,-22994

17274,-22180

17274,-22430

17274,-21358

17274,-22944

17274,-22042

17274,-23930

17274,-25234

17274,-24666

17274,-25268

17274,-26858

17274,-28778

17274,-27592

17274,-27582

17274,-28056

17274,-26540

17274,-26932

17274,-28952

17274,-27372

17274,-26880

17274,-28316

17274,-28028

17274,-27078

17274,-26776

17274,-26758

17274,-26478

17274,-25996

17274,-26646

17274,-26310

17274,-26036

17274,-25086

17274,-23802

17274,-23716

17274,-24080

17274,-23742

17274,-22304

17274,-25356

17274,-24740

17275,-22806

17275,-23552

17275,-23980

17275,-23148

17275,-24202

17275,-24062

17275,-24790

17275,-23418

17275,-24286

17275,-23560

17275,-23216

17275,-24960

17275,-25868

17275,-22722

17275,-23432

17275,-23280

17275,-22564

17275,-24204

17275,-24606

17275,-24518

17275,-25466

17275,-25888

17275,-27222

17275,-25350

17275,-24584

17275,-24166

17275,-24496

17275,-24994

17281,-26810

17281,-26634

17281,-27186

17281,-25420

17281,-25476

17281,-26376

17281,-26228

17281,-25428

17281,-25268

17281,-26588

17281,-27382

17281,-25808

17281,-25938

17281,-25182

17281,-24228

17281,-25768

17281,-26990

17281,-25988

17281,-27418

17281,-27162

17281,-26774

17281,-26146

17281,-26412

17281,-25996

17281,-24880

17281,-22900

17281,-24666

17281,-23608

17281,-23958

17281,-24258

17281,-23624

17281,-23226

17281,-23178

17281,-24116

17281,-24642

17282,-26094

17282,-26218

17282,-26482

17282,-26652

17282,-24856

17282,-26708

17282,-25986

17282,-25158

17282,-24570

17282,-25064

17282,-23304

17282,-25542

17282,-24230

17282,-23364

17282,-24298

17282,-25642

17282,-26898

17282,-26008

17282,-25798

17282,-25306

17282,-25018

17282,-25280

17282,-25992

17282,-23978

17282,-25644

17282,-23672

17282,-24222

17282,-21656

17282,-22250

17282,-21030

17282,-22474

17282,-23804

17282,-23250

17282,-22378

17282,-21780

17282,-20526

17282,-21846

17282,-22230

17282,-20662

17282,-22594

17282,-23672

17282,-24098

17282,-23276

17282,-23272

17282,-24244

17282,-24656

17282,-22758

17282,-22730

17282,-24086

17282,-23280

17282,-24668

17282,-23736

17282,-24734

17282,-24128

17282,-22568

17282,-22364

17282,-22248

17282,-23008

17282,-24810

17282,-25452

17282,-25022

17282,-23246

17282,-22270

17282,-20868

17282,-20234

17283,-21938

17283,-21912

17283,-21366

17283,-22830

17283,-21076

17283,-20828

17283,-21842

17283,-21764

17283,-22502

17283,-22498

17283,-22032

17283,-18526

17283,-19106

17283,-18242

17283,-18076

17283,-17998

17283,-20832

17283,-20792

17283,-19918

17283,-21444

17283,-21848

17283,-22926

17283,-23148

17283,-23378

17283,-24120

17283,-24046

17283,-23672

17283,-24488

17289,-25136

17289,-25490

17289,-25620

17289,-24562

17289,-23244

17289,-25432

17289,-23358

17289,-24038

17289,-26862

17289,-25208

17289,-27524

17289,-26506

17289,-25674

17289,-26498

17289,-27266

17289,-27334

17289,-27694

17289,-27376

17289,-28420

17289,-27180

17289,-26152

17289,-24306

17289,-25336

17289,-24502

17289,-25392

17289,-26040

17289,-24680

17289,-25248

17289,-24406

17289,-24570

17289,-27230

17289,-27266

17289,-26622

17289,-24568

17289,-25044

17290,-25596

17290,-24570

17290,-24562

17290,-25684

17290,-27430

17290,-27976

17290,-26088

17290,-27050

17290,-26394

17290,-26038

17290,-27708

17290,-27884

17290,-28458

17290,-26058

17290,-27982

17290,-27898

17290,-26660

17290,-28308

17290,-26958

17290,-26258

17290,-25352

17290,-26180

17290,-24614

17290,-25614

17290,-25362

17290,-24354

17290,-24392

17290,-22374

17290,-22002

17290,-22972

17290,-23516

17290,-22902

17290,-23336

17290,-22118

17290,-21894

17290,-21368

17290,-22314

17290,-22146

17290,-21920

17290,-22184

17290,-21310

17290,-22134

17290,-21870

17290,-22124

17290,-23536

17290,-21434

17290,-22046

17290,-22026

17290,-21830

17290,-23074

17290,-24086

17290,-23608

17290,-23894

17290,-24140

17290,-23684

17290,-24298

17290,-23530

17290,-24484

17290,-25086

17290,-23934

17290,-23862

17290,-24728

17290,-23638

17290,-22254

17290,-22498

17291,-20410

17291,-20190

17291,-20506

17291,-19294

17291,-18548

17291,-20700

17291,-20008

17291,-18676

17291,-21098

17291,-19690

17291,-17936

17291,-18526

17291,-18826

17291,-18626

17291,-21038

17291,-21928

17291,-21268

17291,-22750

17291,-21238

17291,-23898

17291,-23662

17291,-22312

17291,-22938

17291,-22338

17291,-23048

17291,-23312

17291,-23208

17291,-25736

17297,-24308

17297,-25980

17297,-26632

17297,-24774

17297,-25976

17297,-27674

17297,-28210

17297,-27298

17297,-27252

17297,-25440

17297,-26522

17297,-26416

17297,-24864

17297,-25840

17297,-26946

17297,-25990

17297,-25908

17297,-26828

17297,-24042

17297,-26100

17297,-23390

17297,-25288

17297,-25626

17297,-24468

17297,-24264

17297,-23018

17297,-22520

17297,-23456

17297,-27066

17297,-25312

17297,-25900

17297,-28750

17297,-24836

17297,-25348

17297,-27068

17298,-26414

17298,-25708

17298,-24540

17298,-23078

17298,-24284

17298,-24934

17298,-25482

17298,-24464

17298,-24278

17298,-22784

17298,-24318

17298,-26170

17298,-25494

17298,-25568

17298,-24398

17298,-26804

17298,-28084

17298,-28342

17298,-29348

17298,-28652

17298,-30848

17298,-27428

17298,-31194

17298,-30516

17298,-30542

17298,-30450

17298,-29926

17298,-31206

17298,-30222

17298,-28226

17298,-29836

17298,-28390

17298,-28554

17298,-28746

17298,-28780

17298,-29420

17298,-29244

17298,-30014

17298,-29456

17298,-30862

17298,-32492

17298,-30112

17298,-29890

17298,-30384

17298,-31264

17298,-31342

17298,-30722

17298,-31816

17298,-32318

17298,-32206

17298,-32310

17298,-32014

17298,-32334

17298,-31312

17298,-32628

17298,-34488

17298,-32876

17298,-34902

17298,-34318

17298,-33778

17298,-34764

17298,-35072

17298,-36062

17298,-38058

17298,-36254

17299,-35236

17299,-36468

17299,-37994

17299,-37876

17299,-34924

17299,-34822

17299,-35564

17299,-36760

17299,-37054

17299,-35450

17299,-36064

17299,-36582

17299,-37154

17299,-35382

17299,-36982

17299,-36346

17299,-37614

17299,-37570

17299,-36486

17299,-39154

17299,-38240

17299,-37594

17299,-37232

17299,-34856

17299,-36730

17299,-36120

17299,-35520

17299,-34240

17305,-34300

17305,-34326

17305,-34762

17305,-35632

17305,-36192

17305,-35984

17305,-35694

17305,-36016

17305,-36616

17305,-37084

17305,-36188

17305,-36814

17305,-35862

17305,-33996

17305,-35298

17305,-34498

17305,-35138

17305,-36080

17305,-37310

17305,-37512

17305,-37286

17305,-37558

17305,-38938

17305,-38406

17305,-37522

17305,-39278

17305,-37850

17305,-38772

17305,-38154

17305,-37952

17305,-36204

17305,-36102

17305,-33812

17305,-35040

17305,-36776

17306,-34692

17306,-38000

17306,-36796

17306,-34296

17306,-36582

17306,-36068

17306,-37428

17306,-37380

17306,-35752

17306,-37974

17306,-37622

17306,-38174

17306,-36592

17306,-37994

17306,-37972

17306,-36032

17306,-35196

17306,-34022

17306,-34488

17306,-34820

17306,-34876

17306,-35436

17306,-35058

17306,-35394

17306,-35686

17306,-36706

17306,-35094

17306,-35950

17306,-34778

17306,-34738

17306,-33864

17306,-33738

17306,-35302

17306,-36006

17306,-34258

17306,-33976

17306,-34150

17306,-33298

17306,-33830

17306,-33276

17306,-34714

17306,-33818

17306,-33350

17306,-33904

17306,-33132

17306,-32620

17306,-30480

17306,-31632

17306,-30484

17306,-29964

17306,-30128

17306,-30732

17306,-31746

17306,-30618

17306,-31340

17306,-31250

17306,-30734

17306,-30426

17306,-29634

17306,-29482

17306,-30814

17306,-31860

17306,-30932

17306,-31498

17306,-30672

17307,-30670

17307,-29602

17307,-30030

17307,-28214

17307,-27890

17307,-30080

17307,-29026

17307,-29730

17307,-30430

17307,-28762

17307,-30020

17307,-29188

17307,-31700

17307,-29084

17307,-29378

17307,-30414

17307,-28748

17307,-28912

17307,-30898

17307,-30520

17307,-32850

17307,-31246

17307,-32390

17307,-31974

17307,-32690

17307,-33552

17307,-31954

17307,-31400

17313,-33284

17313,-34840

17313,-32962

17313,-34918

17313,-32982

17313,-34616

17313,-35874

17313,-34452

17313,-34342

17313,-34048

17313,-34084

17313,-33120

17313,-34206

17313,-33506

17313,-34776

17313,-33634

17313,-34226

17313,-34322

17313,-33632

17313,-34434

17313,-34772

17313,-35656

17313,-35030

17313,-35474

17313,-36866

17313,-37242

17313,-37124

17313,-36732

17313,-37146

17313,-36144

17313,-35770

17313,-36394

17313,-35476

17313,-36440

17313,-36350

17314,-34372

17314,-38774

17314,-38216

17314,-36554

17314,-39142

17314,-37536

17314,-39876

17314,-37616

17314,-37724

17314,-38688

17314,-37520

17314,-38986

17314,-38486

17314,-38498

17314,-38108

17314,-36278

17314,-36534

17314,-37364

17314,-37538

17314,-39998

17314,-38428

17314,-38086

17314,-37878

17314,-37856

17314,-37508

17314,-38366

17314,-40032

17314,-39848

17314,-40390

17314,-39144

17314,-39756

17314,-40656

17314,-39446

17314,-39200

17314,-38960

17314,-40022

17314,-42128

17314,-41986

17314,-40970

17314,-41278

17314,-43068

17314,-44756

17314,-44282

17314,-45192

17314,-42226

17314,-43194

17314,-44432

17314,-44376

17314,-44442

17314,-44670

17314,-44722

17314,-44132

17314,-43686

17314,-43690

17314,-43034

17314,-45424

17314,-42420

17314,-44202

17314,-45308

17314,-45272

17314,-44748

17314,-43446

17314,-42624

17314,-42798

17314,-46782

17315,-46926

17315,-44706

17315,-44040

17315,-44388

17315,-45626

17315,-44390

17315,-44498

17315,-44698

17315,-45224

17315,-45020

17315,-43302

17315,-45612

17315,-43938

17315,-44676

17315,-45984

17315,-45594

17315,-45356

17315,-45032

17315,-44998

17315,-43334

17315,-44560

17315,-45106

17315,-45572

17315,-47798

17315,-48558

17315,-47674

17315,-47436

17315,-49238

17321,-49382

17321,-48548

17321,-48322

17321,-49898

17321,-49480

17321,-50588

17321,-52314

17321,-52702

17321,-52248

17321,-50826

17321,-50416

17321,-53302

17321,-53250

17321,-53294

17321,-54416

17321,-52678

17321,-53208

17321,-54274

17321,-54516

17321,-54764

17321,-54596

17321,-53154

17321,-51714

17321,-53206

17321,-54564

17321,-54540

17321,-55600

17321,-55634

17321,-53908

17321,-56078

17321,-54944

17321,-53404

17321,-54818

17321,-57094

17321,-55470

17322,-56656

17322,-54780

17322,-56552

17322,-54834

17322,-55516

17322,-55306

17322,-53364

17322,-54744

17322,-53156

17322,-52480

17322,-54258

17322,-54638

17322,-54714

17322,-54544

17322,-53574

17322,-54466

17322,-54442

17322,-55026

17322,-54272

17322,-54334

17322,-56854

17322,-53466

17322,-56428

17322,-57108

17322,-56608

17322,-56958

17322,-56006

17322,-55362

17322,-55490

17322,-55430

17322,-56650

17322,-55846

17322,-56660

17322,-56352

17322,-56160

17322,-57934

17322,-57976

17322,-59844

17322,-58452

17322,-58998

17322,-60938

17322,-60460

17322,-60002

17322,-59398

17322,-61446

17322,-62262

17322,-60920

17322,-61268

17322,-61010

17322,-60546

17322,-61634

17322,-63442

17322,-61494

17322,-61686

17322,-60334

17322,-59078

17322,-61132

17322,-59440

17322,-60626

17322,-62164

17322,-60082

17322,-60910

17322,-61774

17322,-59940

17322,-61770

17323,-59692

17323,-60508

17323,-61254

17323,-60576

17323,-60358

17323,-60098

17323,-61900

17323,-61022

17323,-61316

17323,-62372

17323,-61296

17323,-61302

17323,-62082

17323,-61450

17323,-61210

17323,-62780

17323,-61958

17323,-59342

17323,-61044

17323,-61300

17323,-60816

17323,-63674

17323,-63192

17323,-63694

17323,-63462

17323,-64114

17323,-64624

17323,-66302

17329,-65662

17329,-65266

17329,-65262

17329,-65958

17329,-66632

17329,-67156

17329,-68502

17329,-68520

17329,-69036

17329,-69362

17329,-70676

17329,-68814

17329,-68938

17329,-69022

17329,-70340

17329,-70796

17329,-70536

17329,-69680

17329,-69366

17329,-72110

17329,-71860

17329,-71966

17329,-73538

17329,-72550

17329,-74254

17329,-74338

17329,-72218

17329,-73532

17329,-73850

17329,-71486

17329,-72742

17329,-72458

17329,-72876

17329,-72382

17329,-73508

17330,-74462

17330,-73984

17330,-71312

17330,-71888

17330,-73388

17330,-72458

17330,-71820

17330,-72560

17330,-71898

17330,-71966

17330,-70260

17330,-70672

17330,-72924

17330,-72760

17330,-71678

17330,-71284

17330,-71108

17330,-71794

17330,-73902

17330,-72814

17330,-72906

17330,-72288

17330,-72286

17330,-71178

17330,-71688

17330,-71976

17330,-73782

17330,-73350

17330,-72484

17330,-72570

17330,-72338

17330,-72532

17330,-72934

17330,-72190

17330,-71946

17330,-69692

17330,-69900

17330,-69914

17330,-70320

17330,-70706

17330,-68642

17330,-68594

17330,-67962

17330,-67426

17330,-68286

17330,-67898

17330,-69682

17330,-69216

17330,-68394

17330,-67174

17330,-65588

17330,-68084

17330,-69460

17330,-69006

17330,-69584

17330,-66986

17330,-68064

17330,-68652

17330,-67598

17330,-67282

17330,-68248

17330,-68202

17330,-67660

17330,-65834

17330,-65904

17331,-66024

17331,-66724

17331,-64732

17331,-66666

17331,-66008

17331,-63556

17331,-65468

17331,-64210

17331,-64180

17331,-63096

17331,-62290

17331,-64518

17331,-63406

17331,-61780

17331,-61540

17331,-61328

17331,-61348

17331,-61500

17331,-61208

17331,-60648

17331,-60160

17331,-58624

17331,-58814

17331,-58568

17331,-56680

17331,-56584

17331,-57378

17331,-58104

17337,-56760

17337,-57386

17337,-56604

17337,-58274

17337,-58380

17337,-58160

17337,-59044

17337,-56826

17337,-56458

17337,-55664

17337,-56140

17337,-55688

17337,-55832

17337,-56528

17337,-55786

17337,-57110

17337,-55376

17337,-55230

17337,-56054

17337,-55058

17337,-52968

17337,-54372

17337,-55936

17337,-53546

17337,-54074

17337,-52298

17337,-52574

17337,-51468

17337,-52590

17337,-52502

17337,-51932

17337,-54242

17337,-55746

17337,-53652

17337,-53518

17338,-51604

17338,-52002

17338,-53002

17338,-51866

17338,-51512

17338,-53298

17338,-50998

17338,-52810

17338,-53540

17338,-53130

17338,-53740

17338,-53306

17338,-52444

17338,-51014

17338,-52068

17338,-51498

17338,-51144

17338,-48072

17338,-48914

17338,-49702

17338,-49714

17338,-50974

17338,-51444

17338,-51490

17338,-49498

17338,-48316

17338,-50156

17338,-49740

17338,-49024

17338,-51456

17338,-49652

17338,-49052

17338,-47868

17338,-46862

17338,-48592

17338,-48238

17338,-47094

17338,-47284

17338,-46352

17338,-46680

17338,-46056

17338,-45206

17338,-45138

17338,-43942

17338,-44560

17338,-44210

17338,-45208

17338,-45316

17338,-43686

17338,-45324

17338,-43520

17338,-45230

17338,-45106

17338,-43350

17338,-43796

17338,-44358

17338,-43920

17338,-43642

17338,-43358

17338,-44040

17338,-45882

17338,-46112

17338,-48222

17338,-45546

17338,-43220

17339,-42968

17339,-42692

17339,-43540

17339,-42474

17339,-42504

17339,-43848

17339,-43806

17339,-43192

17339,-43312

17339,-43004

17339,-42586

17339,-42624

17339,-45224

17339,-44526

17339,-42954

17339,-44576

17339,-42674

17339,-41350

17339,-42142

17339,-42518

17339,-43742

17339,-44152

17339,-43202

17339,-43486

17339,-42378

17339,-43328

17339,-41166

17339,-41452

17345,-43336

17345,-41096

17345,-43242

17345,-40750

17345,-40368

17345,-41222

17345,-41960

17345,-40104

17345,-41076

17345,-41238

17345,-42772

17345,-42512

17345,-40878

17345,-41682

17345,-41458

17345,-40404

17345,-41176

17345,-38538

17345,-38572

17345,-36902

17345,-38306

17345,-39848

17345,-38662

17345,-40792

17345,-38470

17345,-39298

17345,-37236

17345,-38184

17345,-36564

17345,-36658

17345,-37486

17345,-37494

17345,-38318

17345,-38218

17345,-38204

17346,-36962

17346,-37964

17346,-36658

17346,-35966

17346,-38326

17346,-37078

17346,-37004

17346,-38808

17346,-38122

17346,-37450

17346,-37746

17346,-38624

17346,-36566

17346,-38028

17346,-38734

17346,-38304

17346,-39522

17346,-38676

17346,-37424

17346,-37076

17346,-37082

17346,-37044

17346,-37888

17346,-38558

17346,-40160

17346,-37962

17346,-38092

17346,-37326

17346,-37706

17346,-37594

17346,-36736

17346,-38274

17346,-38304

17346,-37906

17346,-38052

17346,-36882

17346,-36286

17346,-38604

17346,-35226

17346,-35188

17346,-36148

17346,-36894

17346,-36096

17346,-35602

17346,-35848

17346,-35538

17346,-34964

17346,-37654

17346,-38474

17346,-38734

17346,-37670

17346,-37800

17346,-36030

17346,-37622

17346,-35542

17346,-36024

17346,-40022

17346,-36984

17346,-37714

17346,-37860

17346,-38602

17346,-37264

17346,-39326

17346,-38202

17346,-38182

17347,-39700

17347,-37922

17347,-37180

17347,-37916

17347,-37230

17347,-36096

17347,-36944

17347,-36950

17347,-36952

17347,-36400

17347,-36202

17347,-36572

17347,-37630

17347,-36520

17347,-36566

17347,-38372

17347,-36318

17347,-35630

17347,-34210

17347,-35624

17347,-35888

17347,-35862

17347,-38072

17347,-35236

17347,-37242

17347,-36930

17347,-36240

17347,-35452

17353,-37774

17353,-37344

17353,-37528

17353,-36046

17353,-37554

17353,-37276

17353,-38022

17353,-38482

17353,-36872

17353,-38410

17353,-37832

17353,-38794

17353,-38806

17353,-37470

17353,-36840

17353,-37602

17353,-37048

17353,-37598

17353,-35992

17353,-37380

17353,-35262

17353,-35024

17353,-37622

17353,-36698

17353,-35148

17353,-34886

17353,-37374

17353,-36450

17353,-36136

17353,-35514

17353,-34202

17353,-34402

17353,-31760

17353,-32440

17353,-32080

17354,-31632

17354,-32302

17354,-33890

17354,-33050

17354,-31132

17354,-30988

17354,-30994

17354,-29602

17354,-29878

17354,-30704

17354,-30582

17354,-30442

17354,-30834

17354,-30184

17354,-31014

17354,-32496

17354,-32404

17354,-32096

17354,-31474

17354,-30676

17354,-31722

17354,-30184

17354,-31578

17354,-29816

17354,-29262

17354,-29748

17354,-31070

17354,-30284

17354,-28308

17354,-27528

17354,-28738

17354,-27850

17354,-26880

17354,-27404

17354,-27646

17354,-27976

17354,-28880

17354,-28626

17354,-30086

17354,-29598

17354,-29510

17354,-30028

17354,-29748

17354,-29570

17354,-27872

17354,-27810

17354,-27266

17354,-26978

17354,-26300

17354,-25284

17354,-26256

17354,-26280

17354,-24994

17354,-25376

17354,-26462

17354,-26346

17354,-27978

17354,-27886

17354,-27408

17354,-27004

17354,-28558

17354,-28056

17354,-27822

17354,-28366

17354,-28566

17355,-26544

17355,-25886

17355,-26602

17355,-26678

17355,-27264

17355,-26282

17355,-26892

17355,-26678

17355,-26280

17355,-25834

17355,-24866

17355,-22808

17355,-23336

17355,-24920

17355,-25604

17355,-25380

17355,-24562

17355,-23960

17355,-24006

17355,-23722

17355,-25044

17355,-24732

17355,-24216

17355,-25096

17355,-24196

17355,-23854

17355,-25360

17355,-25602

17361,-26398

17361,-25090

17361,-26264

17361,-26976

17361,-27004

17361,-26416

17361,-26652

17361,-27244

17361,-25648

17361,-26320

17361,-26174

17361,-25164

17361,-27484

17361,-27100

17361,-27480

17361,-27764

17361,-28326

17361,-28898

17361,-27834

17361,-28886

17361,-29076

17361,-29248

17361,-29272

17361,-29922

17361,-30312

17361,-29908

17361,-29876

17361,-30772

17361,-31450

17361,-30610

17361,-31370

17361,-29974

17361,-31060

17361,-31012

17361,-29932

17362,-29424

17362,-29936

17362,-29468

17362,-31504

17362,-31092

17362,-30308

17362,-32304

17362,-30480

17362,-30846

17362,-30566

17362,-31972

17362,-29646

17362,-31250

17362,-30650

17362,-28158

17362,-30124

17362,-28750

17362,-29070

17362,-29360

17362,-30456

17362,-29862

17362,-31398

17362,-30986

17362,-31364

17362,-29202

17362,-30422

17362,-29434

17362,-29630

17362,-30134

17362,-30320

17362,-29104

17362,-30216

17362,-28620

17362,-28862

17362,-29480

17362,-28106

17362,-27204

17362,-28426

17362,-28998

17362,-29896

17362,-26398

17362,-27830

17362,-28534

17362,-27686

17362,-28636

17362,-27228

17362,-28554

17362,-28858

17362,-28014

17362,-27246

17362,-26562

17362,-26874

17362,-27684

17362,-27394

17362,-26346

17362,-26216

17362,-26944

17362,-25754

17362,-26722

17362,-27140

17362,-26706

17362,-24440

17362,-26972

17362,-27068

17362,-27058

17363,-27892

17363,-26436

17363,-26714

17363,-24942

17363,-25490

17363,-27796

17363,-27634

17363,-28074

17363,-28544

17363,-26204

17363,-24546

17363,-25196

17363,-25456

17363,-26664

17363,-27568

17363,-26898

17363,-26854

17363,-27370

17363,-27716

17363,-28286

17363,-27792

17363,-28268

17363,-28426

17363,-27440

17363,-26086

17363,-25800

17363,-25846

17363,-26084

17369,-25200

17369,-26492

17369,-27954

17369,-26870

17369,-25932

17369,-26732

17369,-27454

17369,-25906

17369,-26824

17369,-27226

17369,-26962

17369,-28568

17369,-26942

17369,-27902

17369,-26762

17369,-29264

17369,-29374

17369,-29102

17369,-29990

17369,-27366

17369,-28758

17369,-31636

17369,-31826

17369,-30550

17369,-29636

17369,-31904

17369,-31546

17369,-32622

17369,-32598

17369,-33684

17369,-34254

17369,-33682

17369,-32584

17369,-33242

17369,-34064

17370,-34974

17370,-35196

17370,-32204

17370,-32360

17370,-34580

17370,-34314

17370,-34920

17370,-34886

17370,-35898

17370,-36962

17370,-36408

17370,-36588

17370,-35788

17370,-35966

17370,-35614

17370,-36060

17370,-37290

17370,-37884

17370,-37282

17370,-39340

17370,-38654

17370,-36108

17370,-37828

17370,-37662

17370,-38554

17370,-40500

17370,-40400

17370,-40026

17370,-40768

17370,-40648

17370,-40282

17370,-39890

17370,-41166

17370,-41464

17370,-41898

17370,-39362

17370,-40076

17370,-42042

17370,-41442

17370,-42640

17370,-42864

17370,-43764

17370,-42328

17370,-42516

17370,-42500

17370,-44108

17370,-43626

17370,-41438

17370,-45068

17370,-46286

17370,-45140

17370,-43150

17370,-44490

17370,-44270

17370,-42462

17370,-43396

17370,-44714

17370,-43424

17370,-42418

17370,-43198

17370,-44440

17370,-44792

17370,-45788

17370,-45320

17370,-45536

17371,-46538

17371,-44630

17371,-46996

17371,-47300

17371,-47078

17371,-46904

17371,-46482

17371,-46918

17371,-46768

17371,-47358

17371,-47518

17371,-46998

17371,-47504

17371,-47250

17371,-46498

17371,-46742

17371,-47050

17371,-47604

17371,-47212

17371,-46384

17371,-47076

17371,-48414

17371,-47764

17371,-47664

17371,-48000

17371,-48522

17371,-47964

17371,-47534

17377,-47332

17377,-47530

17377,-46968

17377,-46666

17377,-47134

17377,-47550

17377,-46300

17377,-46072

17377,-46272

17377,-44694

17377,-46040

17377,-47724

17377,-47226

17377,-47306

17377,-47644

17377,-48286

17377,-47558

17377,-48450

17377,-48510

17377,-48588

17377,-47300

17377,-46292

17377,-47584

17377,-46478

17377,-47456

17377,-47508

17377,-46664

17377,-47630

17377,-47812

17377,-48782

17377,-47470

17377,-48036

17377,-47836

17377,-48802

17377,-49592

17378,-48930

17378,-48162

17378,-48186

17378,-49102

17378,-49136

17378,-48644

17378,-48464

17378,-49014

17378,-49712

17378,-47692

17378,-49754

17378,-48782

17378,-50612

17378,-51426

17378,-50236

17378,-48276

17378,-49330

17378,-48584

17378,-48996

17378,-49718

17378,-50532

17378,-50746

17378,-50446

17378,-49790

17378,-50352

17378,-51218

17378,-51942

17378,-51036

17378,-49624

17378,-48716

17378,-50914

17378,-51794

17378,-52798

17378,-51860

17378,-52090

17378,-50938

17378,-52976

17378,-52956

17378,-53094

17378,-53270

17378,-52190

17378,-52998

17378,-53912

17378,-52676

17378,-53010

17378,-54338

17378,-53346

17378,-54848

17378,-54712

17378,-52980

17378,-54004

17378,-54528

17378,-55880

17378,-54956

17378,-54094

17378,-53780

17378,-54296

17378,-54564

17378,-54530

17378,-55840

17378,-57406

17378,-54982

17378,-57122

17378,-55242

17378,-56158

17379,-55778

17379,-54516

17379,-54422

17379,-54838

17379,-53524

17379,-53140

17379,-53018

17379,-51918

17379,-52566

17379,-51798

17379,-53522

17379,-55120

17379,-54260

17379,-52814

17379,-52732

17379,-53114

17379,-54180

17379,-53594

17379,-52742

17379,-52076

17379,-51734

17379,-51768

17379,-52686

17379,-51016

17379,-53102

17379,-52686

17379,-53846

17379,-55474

17385,-54390

17385,-55346

17385,-53622

17385,-51162

17385,-52324

17385,-52316

17385,-53488

17385,-54040

17385,-54384

17385,-51214

17385,-52362

17385,-52780

17385,-51766

17385,-51604

17385,-52548

17385,-52194

17385,-53036

17385,-50728

17385,-52730

17385,-51474

17385,-51500

17385,-53298

17385,-52982

17385,-53208

17385,-52198

17385,-50858

17385,-51394

17385,-51262

17385,-51760

17385,-51622

17385,-51186

17385,-50454

17385,-50192

17385,-50224

17385,-49270

17386,-50410

17386,-51456

17386,-50538

17386,-49726

17386,-51670

17386,-52096

17386,-52148

17386,-49988

17386,-50706

17386,-50686

17386,-50254

17386,-50054

17386,-49584

17386,-48250

17386,-47838

17386,-48410

17386,-48344

17386,-47876

17386,-46268

17386,-48878

17386,-47822

17386,-47698

17386,-48220

17386,-48734

17386,-47982

17386,-48524

17386,-48676

17386,-47950

17386,-46782

17386,-48912

17386,-49454

17386,-48598

17386,-48076

17386,-47186

17386,-47686

17386,-47356

17386,-49078

17386,-47518

17386,-49254

17386,-49082

17386,-50264

17386,-50032

17386,-50096

17386,-50262

17386,-52964

17386,-50968

17386,-48440

17386,-51208

17386,-52220

17386,-50614

17386,-50488

17386,-50948

17386,-51390

17386,-50586

17386,-50216

17386,-53276

17386,-50620

17386,-51168

17386,-52938

17386,-53608

17386,-51348

17386,-51086

17386,-51702

17386,-52182

17386,-52382

17387,-54920

17387,-52930

17387,-53172

17387,-54374

17387,-52940

17387,-52366

17387,-54154

17387,-53996

17387,-53814

17387,-55974

17387,-52600

17387,-52836

17387,-52906

17387,-52684

17387,-53640

17387,-52644

17387,-53038

17387,-52474

17387,-54654

17387,-54088

17387,-54690

17387,-54638

17387,-54356

17387,-53422

17387,-53550

17387,-54354

17387,-54858

17387,-54592

17393,-54468

17393,-55476

17393,-54808

17393,-55394

17393,-55590

17393,-55932

17393,-56594

17393,-57096

17393,-56382

17393,-57998

17393,-57176

17393,-57572

17393,-60226

17393,-59954

17393,-57714

17393,-56732

17393,-57778

17393,-57800

17393,-57458

17393,-57346

17393,-58010

17393,-58676

17393,-58058

17393,-59342

17393,-60268

17393,-58644

17393,-59176

17393,-57974

17393,-60252

17393,-60302

17393,-59238

17393,-58820

17393,-56668

17393,-59812

17393,-59148

17394,-59722

17394,-63012

17394,-61546

17394,-60008

17394,-59774

17394,-62652

17394,-62052

17394,-61288

17394,-62122

17394,-60822

17394,-60678

17394,-60444

17394,-59838

17394,-60976

17394,-59368

17394,-59374

17394,-59854

17394,-60388

17394,-61968

17394,-60414

17394,-61104

17394,-62786

17394,-61340

17394,-62172

17394,-59604

17394,-60500

17394,-60908

17394,-59290

17394,-60842

17394,-61736

17394,-59870

17394,-61602

17394,-61138

17394,-59740

17394,-60290

17394,-59430

17394,-59364

17394,-57784

17394,-61344

17394,-59896

17394,-60270

17394,-58418

17394,-60784

17394,-60810

17394,-60182

17394,-60778

17394,-64492

17394,-63660

17394,-63602

17394,-63500

17394,-62506

17394,-63074

17394,-64614

17394,-64486

17394,-64732

17394,-62530

17394,-63418

17394,-62646

17394,-64102

17394,-64092

17394,-66114

17394,-64884

17394,-63706

17394,-63122

17394,-64914

17395,-63910

17395,-62910

17395,-63326

17395,-63928

17395,-61898

17395,-63350

17395,-61546

17395,-63234

17395,-62970

17395,-65306

17395,-65310

17395,-62402

17395,-62364

17395,-61344

17395,-62864

17395,-63566

17395,-63812

17395,-63558

17395,-63046

17395,-62510

17395,-61818

17395,-63550

17395,-64072

17395,-63040

17395,-63612

17395,-65334

17395,-64080

17395,-66562

17401,-63364

17401,-64266

17401,-63696

17401,-64620

17401,-63424

17401,-63716

17401,-65578

17401,-64730

17401,-65574

17401,-62962

17401,-64930

17401,-66026

17401,-64706

17401,-65654

17401,-64080

17401,-65454

17401,-65216

17401,-65940

17401,-64904

17401,-64934

17401,-65618

17401,-64168

17401,-64658

17401,-66256

17401,-64806

17401,-64670

17401,-65826

17401,-65090

17401,-63706

17401,-64612

17401,-63400

17401,-65022

17401,-64566

17401,-63506

17401,-63702

17402,-64158

17402,-65038

17402,-65454

17402,-64260

17402,-65570

17402,-67454

17402,-65596

17402,-64566

17402,-67416

17402,-65966

17402,-65410

17402,-64144

17402,-62184

17402,-64544

17402,-64926

17402,-67450

17402,-68958

17402,-67252

17402,-65110

17402,-62072

17402,-62456

17402,-62858

17402,-61654

17402,-61862

17402,-61556

17402,-62884

17402,-62248

17402,-61154

17402,-61938

17402,-62642

17402,-63232

17402,-62096

17402,-62314

17402,-61370

17402,-63174

17402,-62474

17402,-60128

17402,-61006

17402,-59246

17402,-59378

17402,-60408

17402,-60656

17402,-57888

17402,-59186

17402,-58988

17402,-60340

17402,-57672

17402,-57642

17402,-59586

17402,-58480

17402,-57258

17402,-56498

17402,-56994

17402,-56956

17402,-56870

17402,-54308

17402,-56234

17402,-54610

17402,-55810

17402,-56466

17402,-54414

17402,-54832

17402,-51180

17402,-51732

17402,-49968

17403,-51812

17403,-53026

17403,-50804

17403,-51152

17403,-51310

17403,-50622

17403,-51180

17403,-50206

17403,-48786

17403,-48216

17403,-48918

17403,-47376

17403,-47928

17403,-46626

17403,-48418

17403,-49650

17403,-47340

17403,-45948

17403,-44996

17403,-47386

17403,-46698

17403,-45672

17403,-46114

17403,-45322

17403,-45722

17403,-45360

17403,-45824

17403,-46046

17409,-45938

17409,-46844

17409,-44376

17409,-45038

17409,-45492

17409,-47036

17409,-45304

17409,-45838

17409,-46790

17409,-46116

17409,-44760

17409,-45372

17409,-45078

17409,-44528

17409,-44128

17409,-42654

17409,-45210

17409,-45430

17409,-43702

17409,-44340

17409,-42834

17409,-42470

17409,-41464

17409,-42380

17409,-41926

17409,-41190

17409,-42114

17409,-41446

17409,-40856

17409,-41784

17409,-42558

17409,-42196

17409,-39184

17409,-41586

17409,-41368

17410,-41500

17410,-41568

17410,-38852

17410,-38968

17410,-39472

17410,-41232

17410,-41150

17410,-40630

17410,-41270

17410,-42206

17410,-43796

17410,-41360

17410,-44292

17410,-44144

17410,-43132

17410,-41572

17410,-40894

17410,-43750

17410,-43704

17410,-42516

17410,-43618

17410,-40958

17410,-43478

17410,-42242

17410,-43234

17410,-45018

17410,-45798

17410,-44126

17410,-44906

17410,-44976

17410,-43416

17410,-42052

17410,-44170

17410,-43750

17410,-44496

17410,-44040

17410,-44604

17410,-45626

17410,-45842

17410,-44910

17410,-43252

17410,-42836

17410,-42632

17410,-44616

17410,-42440

17410,-39858

17410,-41884

17410,-42464

17410,-41140

17410,-41870

17410,-41634

17410,-41998

17410,-39430

17410,-37916

17410,-37726

17410,-38580

17410,-36976

17410,-36972

17410,-38584

17410,-38382

17410,-37864

17410,-37666

17410,-37520

17410,-38264

17410,-37396

17411,-37810

17411,-36948

17411,-35762

17411,-35530

17411,-36698

17411,-37898

17411,-34870

17411,-36248

17411,-34612

17411,-34480

17411,-35150

17411,-33472

17411,-33110

17411,-34982

17411,-33526

17411,-33866

17411,-35552

17411,-35930

17411,-35296

17411,-34550

17411,-36132

17411,-34260

17411,-34772

17411,-34090

17411,-33990

17411,-36430

17411,-36374

17411,-34892

17417,-33490

17417,-37006

17417,-34792

17417,-35446

17417,-33944

17417,-34868

17417,-34588

17417,-33634

17417,-33352

17417,-33034

17417,-33800

17417,-32674

17417,-31126

17417,-32344

17417,-31236

17417,-32904

17417,-32084

17417,-31422

17417,-31036

17417,-30182

17417,-30612

17417,-30572

17417,-31674

17417,-30702

17417,-29866

17417,-30512

17417,-30666

17417,-30052

17417,-30172

17417,-30838

17417,-30272

17417,-30354

17417,-31192

17417,-28662

17417,-26726

17418,-25854

17418,-28070

17418,-27818

17418,-28764

17418,-29426

17418,-29780

17418,-29854

17418,-30772

17418,-31024

17418,-28074

17418,-27352

17418,-27600

17418,-28844

17418,-29908

17418,-29624

17418,-29688

17418,-31158

17418,-31938

17418,-33874

17418,-32524

17418,-32328

17418,-31304

17418,-30878

17418,-29408

17418,-28530

17418,-30794

17418,-30750

17418,-28886

17418,-28968

17418,-30076

17418,-31218

17418,-29524

17418,-30442

17418,-30296

17418,-31794

17418,-31280

17418,-31970

17418,-30654

17418,-30080

17418,-31764

17418,-32422

17418,-32098

17418,-32132

17418,-32104

17418,-30680

17418,-32706

17418,-30878

17418,-32018

17418,-30372

17418,-28914

17418,-29534

17418,-32260

17418,-33672

17418,-34760

17418,-33784

17418,-31502

17418,-33422

17418,-31708

17418,-32308

17418,-31212

17418,-33212

17418,-35074

17418,-35832

17418,-35252

17418,-34668

17419,-32418

17419,-31326

17419,-32382

17419,-33432

17419,-34346

17419,-33604

17419,-34022

17419,-33916

17419,-33336

17419,-34926

17419,-33338

17419,-33274

17419,-31282

17419,-32452

17419,-33220

17419,-31892

17419,-31956

17419,-30492

17419,-30816

17419,-30508

17419,-30180

17419,-29254

17419,-31558

17419,-32004

17419,-31450

17419,-29506

17419,-30892

17419,-31028

17425,-31390

17425,-32090

17425,-32228

17425,-32136

17425,-31582

17425,-31048

17425,-30880

17425,-32000

17425,-31860

17425,-31432

17425,-29320

17425,-30456

17425,-30140

17425,-29742

17425,-33118

17425,-32120

17425,-32296

17425,-32772

17425,-31562

17425,-31506

17425,-32476

17425,-29668

17425,-31504

17425,-32052

17425,-32214

17425,-31116

17425,-30032

17425,-31962

17425,-30790

17425,-29744

17425,-29130

17425,-30122

17425,-31510

17425,-30564

17425,-28738

17426,-28136

17426,-28794

17426,-28144

17426,-28506

17426,-27980

17426,-28172

17426,-26736

17426,-29028

17426,-28310

17426,-27196

17426,-29672

17426,-29400

17426,-27418

17426,-28270

17426,-26048

17426,-23208

17426,-24196

17426,-25852

17426,-26276

17426,-25120

17426,-25808

17426,-25888

17426,-24072

17426,-24638

17426,-23630

17426,-21710

17426,-20946

17426,-20328

17426,-21474

17426,-22264

17426,-19772

17426,-19766

17426,-18986

17426,-19422

17426,-19416

17426,-20848

17426,-21266

17426,-20486

17426,-16518

17426,-17384

17426,-17244

17426,-18210

17426,-17586

17426,-15614

17426,-16584

17426,-17746

17426,-18108

17426,-17064

17426,-18738

17426,-19082

17426,-18140

17426,-16824

17426,-17052

17426,-17014

17426,-15940

17426,-15916

17426,-16954

17426,-16704

17426,-17948

17426,-19450

17426,-20570

17426,-21256

17426,-23044

17426,-20692

17426,-19322

17427,-19412

17427,-18322

17427,-17406

17427,-17604

17427,-18188

17427,-17194

17427,-18262

17427,-16560

17427,-15358

17427,-16444

17427,-16440

17427,-16074

17427,-17318

17427,-16288

17427,-16026

17427,-16730

17427,-14544

17427,-14148

17427,-15280

17427,-15448

17427,-15782

17427,-14634

17427,-15102

17427,-13786

17427,-14552

17427,-13150

17427,-13678

17427,-16050

17433,-15062

17433,-13948

17433,-12802

17433,-14544

17433,-15252

17433,-13676

17433,-14864

17433,-15542

17433,-16278

17433,-15416

17433,-16252

17433,-15652

17433,-15112

17433,-16418

17433,-17476

17433,-17888

17433,-18050

17433,-17566

17433,-15604

17433,-16910

17433,-14844

17433,-15564

17433,-17110

17433,-18248

17433,-16682

17433,-15746

17433,-17648

17433,-18166

17433,-17036

17433,-18028

17433,-17226

17433,-17746

17433,-18074

17433,-17454

17433,-15934

17434,-16420

17434,-15474

17434,-17020

17434,-16140

17434,-14352

17434,-16440

17434,-15842

17434,-16006

17434,-16910

17434,-15678

17434,-15494

17434,-15236

17434,-15964

17434,-14464

17434,-14152

17434,-15080

17434,-15564

17434,-14394

17434,-14472

17434,-15154

17434,-15586

17434,-15624

17434,-14984

17434,-17456

17434,-17856

17434,-16228

17434,-17294

17434,-17416

17434,-17362

17434,-18720

17434,-16582

17434,-16002

17434,-15994

17434,-16790

17434,-16472

17434,-16010

17434,-15672

17434,-16104

17434,-15602

17434,-13272

17434,-17338

17434,-15724

17434,-16296

17434,-16102

17434,-14476

17434,-15094

17434,-14470

17434,-16666

17434,-17676

17434,-19546

17434,-16750

17434,-16988

17434,-18730

17434,-19584

17434,-17234

17434,-18496

17434,-16234

17434,-15904

17434,-16590

17434,-15442

17434,-18416

17434,-17264

17434,-17066

17434,-17858

17434,-18722

17435,-16078

17435,-17178

17435,-17860

17435,-17518

17435,-17446

17435,-16260

17435,-16488

17435,-18962

17435,-18888

17435,-17858

17435,-17652

17435,-16370

17435,-16894

17435,-16418

17435,-17968

17435,-17218

17435,-18478

17435,-17472

17435,-16110

17435,-18350

17435,-18666

17435,-18014

17435,-17026

17435,-18872

17435,-18166

17435,-18430

17435,-17850

17435,-18720

17441,-18948

17441,-17810

17441,-19562

17441,-18596

17441,-21504

17441,-21458

17441,-21546

17441,-21422

17441,-23130

17441,-21754

17441,-20210

17441,-22650

17441,-21150

17441,-22162

17441,-22352

17441,-22382

17441,-24708

17441,-22402

17441,-24074

17441,-21168

17441,-20806

17441,-20640

17441,-21556

17441,-24824

17441,-21944

17441,-19118

17441,-19916

17441,-21704

17441,-20682

17441,-22082

17441,-21154

17441,-21202

17441,-22258

17441,-22354

17441,-20278

17442,-21886

17442,-21442

17442,-20154

17442,-21766

17442,-20102

17442,-21362

17442,-21806

17442,-22488

17442,-22422

17442,-22710

17442,-22386

17442,-21102

17442,-19650

17442,-19958

17442,-18300

17442,-20942

17442,-20646

17442,-20652

17442,-23550

17442,-21318

17442,-21782

17442,-23276

17442,-23274

17442,-20104

17442,-20126

17442,-23186

17442,-21632

17442,-21348

17442,-21558

17442,-21962

17442,-23622

17442,-21238

17442,-21684

17442,-23270

17442,-24534

17442,-25764

17442,-24468

17442,-24792

17442,-25260

17442,-23514

17442,-25118

17442,-25570

17442,-26108

17442,-25698

17442,-25712

17442,-25104

17442,-26354

17442,-27978

17442,-28116

17442,-29082

17442,-27026

17442,-27256

17442,-26222

17442,-24530

17442,-29396

17442,-28694

17442,-28700

17442,-29584

17442,-28544

17442,-27786

17442,-28350

17442,-26222

17442,-28194

17442,-25758

17442,-26836

17443,-27914

17443,-28538

17443,-27848

17443,-28280

17443,-24980

17443,-26890

17443,-26986

17443,-26324

17443,-27244

17443,-26680

17443,-27120

17443,-25466

17443,-26246

17443,-26964

17443,-27208

17443,-28564

17443,-29062

17443,-27622

17443,-26782

17443,-26456

17443,-26926

17443,-26994

17443,-28408

17443,-27930

17443,-27172

17443,-27048

17443,-27886

17443,-28444

17449,-31452

17449,-30646

17449,-29114

17449,-29302

17449,-31026

17449,-31382

17449,-31996

17449,-30940

17449,-29008

17449,-27840

17449,-28316

17449,-28882

17449,-28216

17449,-26452

17449,-28082

17449,-26324

17449,-29338

17449,-28204

17449,-28612

17449,-28564

17449,-28614

17449,-28576

17449,-28170

17449,-29638

17449,-27640

17449,-27404

17449,-28642

17449,-26914

17449,-26182

17449,-26600

17449,-26822

17449,-27282

17449,-27534

17449,-28122

17449,-26528

17450,-26800

17450,-26936

17450,-26126

17450,-24606

17450,-24674

17450,-23496

17450,-24776

17450,-24856

17450,-25570

17450,-26098

17450,-24142

17450,-23510

17450,-22922

17450,-23790

17450,-23710

17450,-23886

17450,-24396

17450,-23010

17450,-23626

17450,-24674

17450,-21586

17450,-23002

17450,-23546

17450,-21436

17450,-23572

17450,-22600

17450,-24104

17450,-23868

17450,-23870

17450,-22792

17450,-25188

17450,-23414

17450,-22578

17450,-24876

17450,-22580

17450,-24106

17450,-21568

17450,-23732

17450,-22486

17450,-21206

17450,-24496

17450,-25368

17450,-24480

17450,-22712

17450,-22066

17450,-23156

17450,-23050

17450,-23908

17450,-21958

17450,-21120

17450,-21194

17450,-21708

17450,-21102

17450,-22556

17450,-22932

17450,-21136

17450,-24454

17450,-20206

17450,-19776

17450,-19756

17450,-17892

17450,-19838

17450,-20102

17450,-20626

17450,-21114

17451,-19686

17451,-18420

17451,-19952

17451,-19824

17451,-19072

17451,-17822

17451,-17228

17451,-14644

17451,-15030

17451,-16854

17451,-18518

17451,-20648

17451,-20746

17451,-19384

17451,-16920

17451,-15586

17451,-15540

17451,-15578

17451,-16380

17451,-15606

17451,-15426

17451,-13310

17451,-13250

17451,-14448

17451,-15692

17451,-15082

17451,-13724

17451,-11982

17457,-12544

17457,-11932

17457,-13870

17457,-13600

17457,-11054

17457,-13640

17457,-13600

17457,-12978

17457,-11758

17457,-11358

17457,-12646

17457,-13540

17457,-11560

17457,-11844

17457,-11296

17457,-12624

17457,-12294

17457,-12870

17457,-10904

17457,-10386

17457,-10604

17457,-9936

17457,-8888

17457,-10280

17457,-11152

17457,-10826

17457,-9942

17457,-11826

17457,-9744

17457,-6646

17457,-7632

17457,-8348

17457,-9344

17457,-8388

17457,-5348

17458,-6308

17458,-8196

17458,-7396

17458,-7678

17458,-5904

17458,-5110

17458,-4262

17458,-4326

17458,-5800

17458,-3154

17458,-5858

17458,-6154

17458,-768

17458,-3030

17458,-2438

17458,-2718

17458,-3840

17458,-2894

17458,-4508

17458,-4548

17458,-3026

17458,-5102

17458,-6998

17458,-5934

17458,-5298

17458,-8074

17458,-5110

17458,-4896

17458,-5032

17458,-5132

17458,-8138

17458,-5210

17458,-5500

17458,-2016

17458,-1568

17458,-3428

17458,-5162

17458,-5866

17458,-3384

17458,-2896

17458,-2998

17458,-3836

17458,-4150

17458,-5488

17458,-4974

17458,-3212

17458,-2054

17458,-1192

17458,578

17458,568

17458,1156

17458,1228

17458,452

17458,3260

17458,4272

17458,2588

17458,4166

17458,4540

17458,4112

17458,3316

17458,6726

17458,6992

17458,5682

17458,4542

17458,3944

17459,3546

17459,5514

17459,6566

17459,5660

17459,5208

17459,4180

17459,4870

17459,6374

17459,7522

17459,7652

17459,6272

17459,4120

17459,5978

17459,2784

17459,4168

17459,4968

17459,2858

17459,3560

17459,4560

17459,4524

17459,4390

17459,3114

17459,2682

17459,1046

17459,1430

17459,2204

17459,5236

17459,4544

17465,3454

17465,4064

17465,1608

17465,5152

17465,4428

17465,3584

17465,4266

17465,4988

17465,6722

17465,5896

17465,4454

17465,3240

17465,3962

17465,5764

17465,3202

17465,5256

17465,4686

17465,4786

17465,6680

17465,7860

17465,5148

17465,4960

17465,5308

17465,3268

17465,2756

17465,2460

17465,-186

17465,2092

17465,2752

17465,3808

17465,4372

17465,1346

17465,2916

17465,5214

17465,5980

17466,4836

17466,2952

17466,4914

17466,3460

17466,1124

17466,3678

17466,5290

17466,4490

17466,6900

17466,6358

17466,5072

17466,4698

17466,5260

17466,7174

17466,6168

17466,6660

17466,6944

17466,5758

17466,7092

17466,6414

17466,7446

17466,7066

17466,6006

17466,4592

17466,4074

17466,3934

17466,5220

17466,5458

17466,3838

17466,2242

17466,1508

17466,4568

17466,6204

17466,5072

17466,4604

17466,4660

17466,5376

17466,6188

17466,5148

17466,4490

17466,5908

17466,4454

17466,4982

17466,6568

17466,4180

17466,2936

17466,1688

17466,680

17466,3546

17466,4684

17466,4350

17466,404

17466,-882

17466,-404

17466,-276

17466,3846

17466,4786

17466,5020

17466,3024

17466,3550

17466,1890

17466,1338

17466,2422

17466,2906

17466,3558

17467,2278

17467,1920

17467,-454

17467,1924

17467,3364

17467,1740

17467,1056

17467,-1488

17467,1448

17467,1766

17467,926

17467,-218

17467,1160

17467,2272

17467,3384

17467,4972

17467,448

17467,2842

17467,2348

17467,1620

17467,1586

17467,80

17467,-518

17467,-722

17467,1538

17467,290

17467,640

17467,1186

17473,964

17473,1068

17473,4000

17473,880

17473,1062

17473,1268

17473,0

17473,2506

17473,2308

17473,2328

17473,3010

17473,2670

17473,1740

17473,3244

17473,4268

17473,4730

17473,3614

17473,2436

17473,1152

17473,3094

17473,6820

17473,7582

17473,6438

17473,7256

17473,8050

17473,7924

17473,7338

17473,7646

17473,5396

17473,6666

17473,8250

17473,9244

17473,7932

17473,7582

17473,7806

17474,7128

17474,6704

17474,7532

17474,6684

17474,9032

17474,8172

17474,8646

17474,8218

17474,6780

17474,7838

17474,8220

17474,9040

17474,5076

17474,4736

17474,5058

17474,2946

17474,7188

17474,7126

17474,7252

17474,6884

17474,5244

17474,7120

17474,7162

17474,8436

17474,8282

17474,7700

17474,9922

17474,8090

17474,9026

17474,7540

17474,10024

17474,10526

17474,10518

17474,9824

17474,7810

17474,9650

17474,8394

17474,8790

17474,12178

17474,8908

17474,9602

17474,9512

17474,11068

17474,10746

17474,9944

17474,14136

17474,16256

17474,13076

17474,12998

17474,15496

17474,15474

17474,16398

17474,18450

17474,19042

17474,19758

17474,18994

17474,21114

17474,21860

17474,17898

17474,19688

17474,19572

17474,19792

17474,23282

17474,20828

17474,20452

17475,21650

17475,20832

17475,21352

17475,21402

17475,22448

17475,21300

17475,22152

17475,23656

17475,23364

17475,22090

17475,22142

17475,22918

17475,20422

17475,21826

17475,22016

17475,24218

17475,23414

17475,22680

17475,21062

17475,24870

17475,25512

17475,25072

17475,22164

17475,19150

17475,21920

17475,21846

17475,24268

17475,22792

17481,25830

17481,23944

17481,20830

17481,20262

17481,21630

17481,22790

17481,22042

17481,23322

17481,22606

17481,24818

17481,24766

17481,23866

17481,24764

17481,23736

17481,24658

17481,24778

17481,25562

17481,25524

17481,26482

17481,25516

17481,25550

17481,24234

17481,25722

17481,24752

17481,26466

17481,26430

17481,27286

17481,26038

17481,25762

17481,26148

17481,25952

17481,27218

17481,28086

17481,27094

17481,29014

17482,26694

17482,28032

17482,27374

17482,28332

17482,26830

17482,29004

17482,30484

17482,28540

17482,28952

17482,32510

17482,32096

17482,32810

17482,29764

17482,30928

17482,30290

17482,30204

17482,31100

17482,29682

17482,31034

17482,32660

17482,32388

17482,33808

17482,33694

17482,34772

17482,33734

17482,35266

17482,32572

17482,32032

17482,32998

17482,34062

17482,34892

17482,35612

17482,34574

17482,36932

17482,37666

17482,38230

17482,37754

17482,36856

17482,36506

17482,38338

17482,38876

17482,37854

17482,37880

17482,36216

17482,35816

17482,38914

17482,37866

17482,38294

17482,39576

17482,39202

17482,40704

17482,39918

17482,40344

17482,39896

17482,40310

17482,38292

17482,39668

17482,35996

17482,34158

17482,33818

17482,37114

17482,38120

17482,37804

17482,35888

17482,36228

17483,38670

17483,39832

17483,38268

17483,37900

17483,36960

17483,36752

17483,35648

17483,36562

17483,38642

17483,36072

17483,35996

17483,35816

17483,35134

17483,35494

17483,37410

17483,37570

17483,37818

17483,35286

17483,36324

17483,36690

17483,39880

17483,39526

17483,38482

17483,39494

17483,36808

17483,35308

17483,36140

17483,38128

17489,37728

17489,41278

17489,41352

17489,40244

17489,40174

17489,40348

17489,41462

17489,41736

17489,41472

17489,40498

17489,41344

17489,39868

17489,39568

17489,39234

17489,40056

17489,40030

17489,40414

17489,40264

17489,40374

17489,37994

17489,35830

17489,39498

17489,38596

17489,38584

17489,37806

17489,36612

17489,36484

17489,35242

17489,37182

17489,36074

17489,36932

17489,36524

17489,36576

17489,34632

17489,33364

17490,33010

17490,35866

17490,35188

17490,36160

17490,34918

17490,33572

17490,33008

17490,34324

17490,35978

17490,38388

17490,37732

17490,38858

17490,37352

17490,37362

17490,36766

17490,35312

17490,36712

17490,37816

17490,36434

17490,36902

17490,36480

17490,36470

17490,35910

17490,34100

17490,35344

17490,33242

17490,33020

17490,34696

17490,34448

17490,35918

17490,36856

17490,36858

17490,34614

17490,36188

17490,35946

17490,33702

17490,34858

17490,34038

17490,34198

17490,33780

17490,32632

17490,34996

17490,33680

17490,33044

17490,30496

17490,30424

17490,31532

17490,31808

17490,32962

17490,31816

17490,30892

17490,32582

17490,32446

17490,30648

17490,32372

17490,34448

17490,33990

17490,33146

17490,32362

17490,33676

17490,32726

17490,34556

17490,34360

17490,32334

17490,33166

17491,31888

17491,31438

17491,33382

17491,33644

17491,30428

17491,31344

17491,31574

17491,31068

17491,30974

17491,30456

17491,28806

17491,28048

17491,28304

17491,29138

17491,28458

17491,29436

17491,29060

17491,29642

17491,28302

17491,28258

17491,26546

17491,30096

17491,29892

17491,29388

17491,29674

17491,28052

17491,28368

17491,29560

17497,29564

17497,29132

17497,27788

17497,28482

17497,30190

17497,29494

17497,26646

17497,28208

17497,28796

17497,27510

17497,28034

17497,27712

17497,27308

17497,29412

17497,30134

17497,31076

17497,29846

17497,29730

17497,28836

17497,28962

17497,28276

17497,31138

17497,32262

17497,31152

17497,29922

17497,30660

17497,31046

17497,28942

17497,29468

17497,31646

17497,29160

17497,29002

17497,28744

17497,26168

17497,27274

17498,31648

17498,29380

17498,31614

17498,30762

17498,30722

17498,32328

17498,30932

17498,28456

17498,30006

17498,29030

17498,30366

17498,30306

17498,32088

17498,32546

17498,35266

17498,32608

17498,29694

17498,31234

17498,29970

17498,30760

17498,29158

17498,30576

17498,30830

17498,30002

17498,30782

17498,30282

17498,31682

17498,30254

17498,31276

17498,31992

17498,31238

17498,31760

17498,31184

17498,32148

17498,33768

17498,33416

17498,31406

17498,31106

17498,29420

17498,29824

17498,31350

17498,32986

17498,32492

17498,32884

17498,33172

17498,35036

17498,36454

17498,34904

17498,33558

17498,33014

17498,34742

17498,33466

17498,33080

17498,32826

17498,35080

17498,35318

17498,33852

17498,34126

17498,34408

17498,34834

17498,32764

17498,33506

17498,31862

17498,32198

17498,34984

17499,35640

17499,33594

17499,33406

17499,32958

17499,33702

17499,30780

17499,33464

17499,33252

17499,33480

17499,32732

17499,33366

17499,33186

17499,33598

17499,34016

17499,32756

17499,32506

17499,31142

17499,30870

17499,33718

17499,32100

17499,33532

17499,35270

17499,31418

17499,31002

17499,33808

17499,33508

17499,32252

17499,32348

17505,30722

17505,30572

17505,32886

17505,31254

17505,31190

17505,32486

17505,29760

17505,31996

17505,31756

17505,29876

17505,29658

17505,29618

17505,30868

17505,29736

17505,30658

17505,30356

17505,30278

17505,30018

17505,30602

17505,28908

17505,29004

17505,29544

17505,28144

17505,28562

17505,30748

17505,31996

17505,30736

17505,31996

17505,30012

17505,27780

17505,27906

17505,27354

17505,27184

17505,28472

17505,28078

17506,26436

17506,28908

17506,28366

17506,29360

17506,33330

17506,30026

17506,27844

17506,29072

17506,29976

17506,31152

17506,31064

17506,31812

17506,30518

17506,31004

17506,29270

17506,28926

17506,29530

17506,29424

17506,29180

17506,28026

17506,31578

17506,31796

17506,30666

17506,31416

17506,31464

17506,32684

17506,31530

17506,30810

17506,31496

17506,32778

17506,30658

17506,32416

17506,31782

17506,32976

17506,33796

17506,31440

17506,32756

17506,34830

17506,33066

17506,33376

17506,33108

17506,32668

17506,32734

17506,33838

17506,33712

17506,34248

17506,35544

17506,35108

17506,36662

17506,35874

17506,35664

17506,36398

17506,37724

17506,35216

17506,36320

17506,34594

17506,32360

17506,36566

17506,36706

17506,36072

17506,35224

RAW_SUMMARY id=2 requested=5600 captured=5600 unused_capacity=400 max_pcm_abs=74462 raw_mean=-11869.6 raw_abs_mean=31415.9 raw_min=-74462 raw_max=47414 baseline=3.0

OK RAW

