# run: node2_chirp100
# firmware: role=analyzer git=1c743a2 version=0.4.0
# imported-from: node2_chirp_1.log (mtime 2026-10-09T11:51:44)
RAW_INFO mode=i2s output=csv

RAW_INFO row_size=12

RAW_BEGIN id=1 sr=16000 trigger_ms=6090 command_ms=6077 emit_seen=1 emit_start_ms=6090 emit_done_ms=6187 f=3200 dur=100 pre_ms=0 post_ms=350 decim=1 pre_samples=0 post_samples=5600 mode=i2s output=csv fields=ms,pcm

ms,pcm

6092,-19142

6092,-17296

6092,-18448

6092,-19298

6092,-17560

6092,-20588

6092,-18296

6092,-19606

6092,-18720

6092,-15954

6092,5856

6092,-16190

6092,-53756

6092,-85728

6092,-11304

6092,75746

6092,53920

6092,-90854

6092,-160576

6093,-49970

6093,100432

6093,102662

6093,-61104

6093,-159588

6093,-82298

6093,80466

6093,105600

6093,-38364

6093,-153568

6093,-94908

6093,69924

6093,108434

6093,-7192

6093,-148972

6093,-118474

6093,31454

6093,109038

6093,29642

6093,-118926

6093,-121438

6093,-1446

6093,91988

6093,35278

6093,-85248

6093,-108480

6093,-20948

6093,57726

6093,24110

6093,-58354

6093,-82570

6093,-19074

6093,30122

6093,1586

6093,-51938

6093,-54990

6093,1726

6093,22790

6093,-24554

6093,-70962

6093,-48858

6093,22472

6093,31688

6093,-35362

6093,-91762

6093,-57438

6093,23904

6093,44278

6093,-22282

6093,-98000

6093,-78766

6093,5670

6093,50960

6093,-7352

6093,-88512

6093,-85420

6093,-8826

6093,41388

6093,-4254

6093,-78436

6093,-79358

6093,-11326

6093,33556

6093,-7900

6093,-76738

6094,-81372

6094,-11766

6094,32398

6094,-9954

6094,-81256

6094,-81212

6094,-6800

6094,37790

6094,-9216

6094,-90572

6097,-86962

6097,-4194

6097,45422

6097,-10772

6097,-94198

6097,-90484

6097,-5464

6097,48694

6097,-2980

6097,-91968

6097,-96396

6097,-10224

6097,49026

6097,-2214

6097,-90856

6097,-96364

6097,-10568

6097,50856

6097,288

6097,-86502

6097,-94328

6097,-9292

6097,47268

6097,1456

6097,-89566

6097,-94090

6097,-14128

6097,46048

6097,1460

6097,-88238

6097,-96698

6097,-18382

6097,46376

6097,2462

6097,-85368

6098,-99092

6098,-19850

6098,44542

6098,2784

6098,-83946

6098,-98676

6098,-18690

6098,41214

6098,1114

6098,-84874

6098,-96050

6098,-18424

6098,41062

6098,-716

6098,-86248

6098,-94386

6098,-17442

6098,39124

6098,72

6098,-84756

6098,-94108

6098,-15572

6098,44826

6098,2562

6098,-85662

6098,-95520

6098,-18506

6098,42032

6098,3340

6098,-83910

6098,-98498

6098,-20040

6098,45096

6098,6992

6098,-82048

6098,-98264

6098,-21010

6098,44840

6098,8402

6098,-80130

6098,-95948

6098,-21134

6098,42432

6098,4172

6098,-81602

6098,-96562

6098,-19728

6098,42360

6098,5046

6098,-81438

6098,-93866

6098,-16194

6098,44792

6098,7056

6098,-79100

6098,-93052

6098,-15452

6098,46256

6098,7632

6098,-80306

6098,-92876

6098,-14788

6098,48000

6098,10354

6098,-75778

6099,-90378

6099,-13922

6099,51386

6099,12086

6099,-74424

6099,-88918

6099,-11582

6099,50746

6099,10832

6099,-74140

6099,-85388

6099,-10920

6099,50028

6099,10340

6099,-74210

6099,-82352

6099,-6514

6099,51432

6099,8628

6099,-74202

6099,-81812

6099,-6398

6099,51658

6099,11544

6099,-69702

6099,-79430

6099,-5550

6099,50238

6105,10368

6105,-69082

6105,-78268

6105,-1514

6105,53972

6105,8994

6105,-72390

6105,-79444

6105,-2226

6105,52058

6105,8272

6105,-73262

6105,-79190

6105,-730

6105,55338

6105,11748

6105,-72992

6105,-80076

6105,-3738

6105,53766

6105,11936

6105,-69910

6105,-79548

6105,-3804

6105,55040

6105,13036

6105,-70532

6105,-79530

6105,-3342

6105,53874

6105,12838

6105,-69572

6105,-78752

6105,-1672

6105,56402

6106,15026

6106,-69652

6106,-79356

6106,-4456

6106,52492

6106,14522

6106,-69316

6106,-76728

6106,-1886

6106,57008

6106,17254

6106,-65164

6106,-74820

6106,-1086

6106,58450

6106,19982

6106,-61324

6106,-72628

6106,1500

6106,59964

6106,23908

6106,-60536

6106,-72394

6106,2514

6106,62446

6106,26402

6106,-54514

6106,-69844

6106,2498

6106,62454

6106,29666

6106,-52616

6106,-69158

6106,1478

6106,61488

6106,30812

6106,-49724

6106,-62192

6106,4210

6106,60650

6106,29622

6106,-48190

6106,-60260

6106,8572

6106,66460

6106,33740

6106,-46546

6106,-58856

6106,9104

6106,65828

6106,34474

6106,-43690

6106,-56994

6106,12050

6106,69494

6106,34888

6106,-43560

6106,-55182

6106,15040

6106,72648

6106,38732

6106,-38640

6106,-52726

6106,17744

6106,74002

6107,40488

6107,-40852

6107,-52496

6107,18138

6107,75760

6107,43042

6107,-35020

6107,-50132

6107,17804

6107,78484

6107,45254

6107,-33528

6107,-46638

6107,20946

6107,78452

6107,46570

6107,-33310

6107,-48544

6107,18170

6107,78190

6107,48324

6107,-32188

6107,-45964

6107,20168

6107,76722

6107,48518

6107,-28362

6107,-42962

6113,22304

6113,79254

6113,47450

6113,-30594

6113,-43480

6113,24004

6113,78428

6113,46606

6113,-28298

6113,-41476

6113,25084

6113,81798

6113,50528

6113,-26828

6113,-39610

6113,27562

6113,82652

6113,48888

6113,-24366

6113,-36506

6113,28802

6113,82028

6113,50360

6113,-24820

6113,-37588

6113,30472

6113,82540

6113,51900

6113,-23004

6113,-35440

6113,31562

6113,82812

6113,52202

6113,-24092

6113,-37092

6114,29554

6114,83738

6114,53472

6114,-23328

6114,-35244

6114,28252

6114,82262

6114,51278

6114,-24076

6114,-38528

6114,29266

6114,81288

6114,49560

6114,-22156

6114,-35750

6114,29710

6114,84990

6114,52430

6114,-24926

6114,-36882

6114,26494

6114,84188

6114,51482

6114,-23262

6114,-38360

6114,27522

6114,83870

6114,53428

6114,-22528

6114,-40024

6114,28178

6114,85850

6114,56020

6114,-19700

6114,-36290

6114,31760

6114,87382

6114,54656

6114,-21570

6114,-37340

6114,28004

6114,84678

6114,54592

6114,-21700

6114,-38040

6114,27838

6114,85172

6114,57178

6114,-19034

6114,-36016

6114,31022

6114,86448

6114,55852

6114,-19606

6114,-36912

6114,29982

6114,86928

6114,59704

6114,-18268

6114,-34252

6114,30208

6114,88550

6114,59156

6114,-15750

6114,-33368

6115,30630

6115,86738

6115,59086

6115,-15238

6115,-31226

6115,31842

6115,85628

6115,58018

6115,-17448

6115,-29502

6115,34116

6115,88450

6115,58338

6115,-17278

6115,-28978

6115,36886

6115,90170

6115,56696

6115,-16346

6115,-29012

6115,37224

6115,93226

6115,57610

6115,-16694

6115,-27868

6115,39588

6115,92290

6115,59574

6121,-15122

6121,-28236

6121,39508

6121,91318

6121,58650

6121,-17578

6121,-29424

6121,40524

6121,96396

6121,63644

6121,-14528

6121,-26226

6121,42006

6121,95290

6121,64644

6121,-13832

6121,-27150

6121,39228

6121,95110

6121,61670

6121,-14370

6121,-26772

6121,39574

6121,97078

6121,65724

6121,-11750

6121,-25246

6121,40756

6121,98532

6121,66906

6121,-9280

6121,-23120

6121,44254

6121,101072

6121,69944

6122,-8630

6122,-20810

6122,46754

6122,100674

6122,69552

6122,-5394

6122,-17928

6122,48984

6122,103524

6122,71568

6122,-5346

6122,-21050

6122,47116

6122,103112

6122,70028

6122,-9184

6122,-20950

6122,49350

6122,104844

6122,70896

6122,-6902

6122,-18044

6122,52516

6122,107240

6122,71360

6122,-6004

6122,-17306

6122,51664

6122,107512

6122,70728

6122,-7830

6122,-19790

6122,49390

6122,106738

6122,73348

6122,-4450

6122,-16240

6122,52748

6122,108018

6122,75048

6122,-2516

6122,-15406

6122,52490

6122,107476

6122,76318

6122,-2366

6122,-13196

6122,54718

6122,109320

6122,77188

6122,-554

6122,-11498

6122,55852

6122,111436

6122,78204

6122,1258

6122,-11710

6122,55690

6122,109088

6122,76160

6122,2294

6122,-12138

6122,54098

6122,107232

6122,73106

6123,-458

6123,-11804

6123,52574

6123,106174

6123,73106

6123,-1514

6123,-13142

6123,50528

6123,104442

6123,70922

6123,68

6123,-13888

6123,51088

6123,102228

6123,71014

6123,-278

6123,-10700

6123,52818

6123,102630

6123,71584

6123,-370

6123,-12464

6123,52332

6123,104916

6123,73576

6123,-396

6123,-10986

6123,54268

6129,105936

6129,73302

6129,1730

6129,-7650

6129,56142

6129,107806

6129,73512

6129,998

6129,-7382

6129,58450

6129,107290

6129,76620

6129,4142

6129,-7748

6129,56858

6129,107392

6129,76798

6129,1206

6129,-7298

6129,59376

6129,108984

6129,74950

6129,1532

6129,-6922

6129,59332

6129,110036

6129,78044

6129,3734

6129,-5568

6129,61532

6129,111980

6129,80192

6129,6044

6129,-6708

6129,60550

6130,112324

6130,78814

6130,7546

6130,-4176

6130,61166

6130,111974

6130,79800

6130,8912

6130,-3834

6130,60754

6130,109186

6130,76524

6130,3374

6130,-6344

6130,60144

6130,109308

6130,76440

6130,4454

6130,-7864

6130,58172

6130,108234

6130,75530

6130,3468

6130,-4518

6130,60106

6130,107578

6130,75202

6130,2178

6130,-8410

6130,56726

6130,104280

6130,70856

6130,2434

6130,-7142

6130,56758

6130,107172

6130,74028

6130,4780

6130,-7020

6130,55060

6130,104918

6130,73500

6130,2474

6130,-6594

6130,56650

6130,101498

6130,70662

6130,2180

6130,-7948

6130,56542

6130,102068

6130,68694

6130,1284

6130,-7632

6130,54934

6130,101600

6130,68274

6130,-1596

6130,-11378

6130,51802

6130,101368

6130,68556

6130,-3300

6130,-11968

6130,52234

6131,99864

6131,67938

6131,-3368

6131,-15234

6131,47148

6131,97952

6131,69450

6131,-3456

6131,-15026

6131,44124

6131,95996

6131,66538

6131,-2440

6131,-15140

6131,41906

6131,93054

6131,64210

6131,-4490

6131,-15488

6131,44018

6131,90992

6131,64380

6131,-3958

6131,-14838

6131,47068

6131,93912

6131,64506

6131,-2918

6137,-13354

6137,46964

6137,95824

6137,65564

6137,-5136

6137,-14480

6137,46558

6137,94172

6137,63028

6137,-5502

6137,-13282

6137,48712

6137,95232

6137,64022

6137,-5224

6137,-15258

6137,47344

6137,95880

6137,65092

6137,-5748

6137,-15734

6137,45204

6137,94984

6137,67296

6137,-4194

6137,-14584

6137,46436

6137,95560

6137,68752

6137,-1296

6137,-14590

6137,47212

6137,97096

6137,65974

6137,-1604

6138,-13594

6138,44480

6138,93722

6138,67240

6138,-1500

6138,-12924

6138,45968

6138,94450

6138,67382

6138,946

6138,-10016

6138,48844

6138,96132

6138,69192

6138,3204

6138,-8170

6138,49850

6138,96958

6138,67072

6138,2244

6138,-6848

6138,51982

6138,97532

6138,70282

6138,1306

6138,-6722

6138,53822

6138,100662

6138,70348

6138,4248

6138,-2706

6138,54374

6138,99346

6138,70342

6138,2560

6138,-6980

6138,53716

6138,99920

6138,71710

6138,2874

6138,-3724

6138,57046

6138,101558

6138,70280

6138,3848

6138,-3610

6138,56050

6138,105186

6138,72478

6138,4978

6138,-3706

6138,58748

6138,105670

6138,74950

6138,6610

6138,-1000

6138,60240

6138,106476

6138,75728

6138,6240

6138,-1794

6138,59894

6138,107690

6138,73178

6138,5826

6139,434

6139,63468

6139,110670

6139,78592

6139,8314

6139,-1560

6139,61066

6139,107956

6139,76062

6139,8476

6139,734

6139,63152

6139,109760

6139,79242

6139,10038

6139,1134

6139,62088

6139,110384

6139,77540

6139,7092

6139,-10

6139,63504

6139,111434

6139,78534

6139,9716

6139,1694

6139,63654

6139,111614

6145,80034

6145,9636

6145,4358

6145,66308

6145,113572

6145,82014

6145,12354

6145,5004

6145,67050

6145,113590

6145,81174

6145,13232

6145,5270

6145,66408

6145,114052

6145,80606

6145,11562

6145,5840

6145,68524

6145,115098

6145,83864

6145,16048

6145,8738

6145,72808

6145,116156

6145,80632

6145,12642

6145,7974

6145,70408

6145,116982

6145,84002

6145,15494

6145,9792

6145,71534

6145,115746

6146,84058

6146,16996

6146,12138

6146,75968

6146,120666

6146,87096

6146,19526

6146,14230

6146,75448

6146,119762

6146,86366

6146,20584

6146,15546

6146,77684

6146,121966

6146,87316

6146,20282

6146,15388

6146,78520

6146,121266

6146,87550

6146,21120

6146,17152

6146,80084

6146,123084

6146,89268

6146,22518

6146,17486

6146,79886

6146,122490

6146,90584

6146,20714

6146,19198

6146,81888

6146,125842

6146,91518

6146,21148

6146,18474

6146,79764

6146,123596

6146,90156

6146,23492

6146,17800

6146,81182

6146,126270

6146,92354

6146,23864

6146,16806

6146,77496

6146,124418

6146,92860

6146,26174

6146,18548

6146,78936

6146,125012

6146,91444

6146,27020

6146,18550

6146,79582

6146,124800

6146,92914

6146,26798

6146,19936

6146,79156

6146,125054

6147,95004

6147,27278

6147,21804

6147,82626

6147,127126

6147,94424

6147,28140

6147,20726

6147,80068

6147,125818

6147,93926

6147,25882

6147,20736

6147,82658

6147,129308

6147,95776

6147,28320

6147,21956

6147,84402

6147,130588

6147,98918

6147,30206

6147,21498

6147,83124

6147,131206

6147,97828

6147,29426

6147,22018

6153,83240

6153,131874

6153,101828

6153,31216

6153,20924

6153,82526

6153,131784

6153,101378

6153,31062

6153,22016

6153,83848

6153,132596

6153,102472

6153,34232

6153,22418

6153,83688

6153,131362

6153,101590

6153,30332

6153,21896

6153,82086

6153,132354

6153,100950

6153,32590

6153,23078

6153,83644

6153,132538

6153,99172

6153,30466

6153,21806

6153,83342

6153,131080

6153,99008

6153,30062

6153,22526

6154,83332

6154,131186

6154,97994

6154,29766

6154,23244

6154,84110

6154,134824

6154,100034

6154,34438

6154,25854

6154,85864

6154,134528

6154,102382

6154,31778

6154,24002

6154,86580

6154,133798

6154,100374

6154,29858

6154,20752

6154,85092

6154,133672

6154,98904

6154,29588

6154,21504

6154,84566

6154,131416

6154,96944

6154,29510

6154,21312

6154,84108

6154,132594

6154,98584

6154,28724

6154,18878

6154,82036

6154,131054

6154,96634

6154,26934

6154,19050

6154,82178

6154,129972

6154,96102

6154,25720

6154,18478

6154,82234

6154,129068

6154,96748

6154,26698

6154,20410

6154,81652

6154,129576

6154,97262

6154,25040

6154,19008

6154,79986

6154,128164

6154,95728

6154,25286

6154,17966

6154,79260

6154,124724

6154,92392

6154,23956

6154,14428

6155,78304

6155,125036

6155,91238

6155,20806

6155,11556

6155,74556

6155,123714

6155,89980

6155,18302

6155,10334

6155,73328

6155,116918

6155,85206

6155,15798

6155,7734

6155,69296

6155,118302

6155,82900

6155,12936

6155,4818

6155,66530

6155,113836

6155,78988

6155,12740

6155,4270

6155,65744

6155,112764

6155,80092

6161,11564

6161,2730

6161,64960

6161,111350

6161,77656

6161,9860

6161,2510

6161,65764

6161,112834

6161,77986

6161,7510

6161,220

6161,63884

6161,110780

6161,77240

6161,7622

6161,156

6161,61256

6161,107934

6161,73326

6161,5360

6161,-3496

6161,61670

6161,107470

6161,73836

6161,5994

6161,-3402

6161,60094

6161,106554

6161,73828

6161,4436

6161,-4830

6161,57636

6161,103490

6161,70498

6162,2510

6162,-6552

6162,55010

6162,101892

6162,69694

6162,1652

6162,-8770

6162,52136

6162,97816

6162,64514

6162,-3454

6162,-13566

6162,47284

6162,95192

6162,62654

6162,-6044

6162,-12716

6162,49064

6162,94210

6162,62736

6162,-4402

6162,-13366

6162,47732

6162,92460

6162,58072

6162,-9214

6162,-15220

6162,45412

6162,91564

6162,58282

6162,-7854

6162,-16174

6162,43404

6162,91066

6162,57338

6162,-10938

6162,-19320

6162,41094

6162,86244

6162,52136

6162,-17112

6162,-25716

6162,36152

6162,84974

6162,51246

6162,-18678

6162,-26168

6162,37162

6162,83114

6162,47414

6162,-20088

6162,-28782

6162,36158

6162,83782

6162,49254

6162,-20688

6162,-28198

6162,34442

6162,80808

6162,48420

6162,-23466

6162,-31056

6162,30130

6162,76548

6162,46824

6163,-23506

6163,-32572

6163,27648

6163,77926

6163,43664

6163,-25120

6163,-33842

6163,26842

6163,74906

6163,43308

6163,-24344

6163,-34296

6163,27358

6163,76534

6163,42008

6163,-27426

6163,-36566

6163,24982

6163,71928

6163,43026

6163,-28114

6163,-37720

6163,27212

6163,73402

6163,40260

6163,-29834

6163,-40354

6163,25874

6169,73308

6169,39182

6169,-29664

6169,-38550

6169,24348

6169,72312

6169,38006

6169,-31954

6169,-40226

6169,23468

6169,71952

6169,39338

6169,-29538

6169,-39438

6169,23318

6169,70340

6169,35284

6169,-34428

6169,-40400

6169,22708

6169,70844

6169,37470

6169,-34468

6169,-42444

6169,21756

6169,69460

6169,34398

6169,-33894

6169,-43380

6169,22386

6169,68852

6169,35080

6169,-33534

6169,-40574

6169,21736

6170,69212

6170,35084

6170,-34600

6170,-43156

6170,18906

6170,67070

6170,31564

6170,-37490

6170,-46290

6170,17368

6170,66352

6170,33524

6170,-35708

6170,-43988

6170,21118

6170,68032

6170,35486

6170,-35294

6170,-43354

6170,19160

6170,65536

6170,33224

6170,-35338

6170,-43396

6170,19436

6170,66098

6170,33296

6170,-37402

6170,-43958

6170,18518

6170,63806

6170,31284

6170,-37722

6170,-47026

6170,17616

6170,65302

6170,30714

6170,-38116

6170,-47460

6170,15238

6170,63322

6170,30896

6170,-38280

6170,-46272

6170,18102

6170,65924

6170,35074

6170,-36932

6170,-46952

6170,16068

6170,64106

6170,32396

6170,-37318

6170,-47652

6170,15472

6170,64588

6170,29930

6170,-39286

6170,-49672

6170,14326

6170,62550

6170,30800

6170,-38724

6170,-49678

6170,14328

6171,61742

6171,28640

6171,-41232

6171,-49674

6171,15220

6171,64488

6171,33234

6171,-41048

6171,-48896

6171,15516

6171,63336

6171,30670

6171,-40402

6171,-49944

6171,11906

6171,62626

6171,27460

6171,-40946

6171,-51330

6171,11698

6171,61324

6171,29206

6171,-40812

6171,-50416

6171,11034

6171,59806

6171,28298

6171,-43562

6177,-53602

6177,13142

6177,60730

6177,28210

6177,-41754

6177,-52124

6177,12278

6177,61024

6177,26786

6177,-44176

6177,-54238

6177,8768

6177,57922

6177,26794

6177,-46626

6177,-56516

6177,8246

6177,57746

6177,24882

6177,-43958

6177,-54930

6177,9572

6177,59238

6177,24338

6177,-46422

6177,-55818

6177,6242

6177,53986

6177,20894

6177,-49482

6177,-57958

6177,6372

6177,54098

6177,20792

6177,-48806

6178,-57990

6178,4458

6178,53402

6178,20654

6178,-51120

6178,-59946

6178,5514

6178,53884

6178,20192

6178,-50898

6178,-58830

6178,5738

6178,54542

6178,19682

6178,-50122

6178,-60482

6178,6462

6178,54444

6178,20780

6178,-50662

6178,-58912

6178,3456

6178,52114

6178,20210

6178,-49244

6178,-58930

6178,3894

6178,52480

6178,20272

6178,-48918

6178,-57658

6178,4698

6178,54730

6178,21370

6178,-48070

6178,-58398

6178,3700

6178,51750

6178,18412

6178,-50446

6178,-58398

6178,3998

6178,52994

6178,20438

6178,-50508

6178,-59294

6178,6208

6178,52632

6178,17886

6178,-52832

6178,-59950

6178,3328

6178,52668

6178,19814

6178,-50132

6178,-59170

6178,5766

6178,54784

6178,21320

6178,-49978

6178,-59272

6178,6160

6178,54096

6178,21526

6178,-49230

6179,-56102

6179,6244

6179,57024

6179,23054

6179,-48758

6179,-56466

6179,7376

6179,57828

6179,25792

6179,-46902

6179,-53994

6179,9362

6179,57680

6179,23328

6179,-45382

6179,-55392

6179,11282

6179,62350

6179,28082

6179,-43754

6179,-52992

6179,12666

6179,60500

6179,28080

6179,-43284

6179,-53266

6179,13088

6179,62510

6185,30710

6185,-40742

6185,-49070

6185,16622

6185,65532

6185,30320

6185,-41162

6185,-48450

6185,17646

6185,67328

6185,33040

6185,-37636

6185,-47628

6185,18112

6185,66218

6185,32356

6185,-39704

6185,-47288

6185,18470

6185,69514

6185,38078

6185,-33866

6185,-44418

6185,22570

6185,73120

6185,38108

6185,-31640

6185,-40562

6185,21990

6185,71646

6185,38826

6185,-30634

6185,-39944

6185,24536

6185,72896

6186,41076

6186,-30688

6186,-36556

6186,25864

6186,77364

6186,44056

6186,-26370

6186,-34922

6186,28992

6186,77890

6186,46070

6186,-23908

6186,-34928

6186,29838

6186,79330

6186,47714

6186,-25082

6186,-33338

6186,30706

6186,79410

6186,45224

6186,-22922

6186,-32308

6186,31112

6186,79898

6186,49194

6186,-20760

6186,-30510

6186,32850

6186,82582

6186,50558

6186,-20632

6186,-29350

6186,34006

6186,83264

6186,51826

6186,-19068

6186,-28176

6186,36532

6186,86132

6186,55830

6186,-15806

6186,-25750

6186,39086

6186,87236

6186,54436

6186,-15002

6186,-24086

6186,40518

6186,87766

6186,55064

6188,-14460

6188,-22042

6188,42008

6188,88580

6188,56664

6188,-13364

6188,-25718

6188,16840

6188,87250

6188,93054

6188,53420

6188,-33810

6188,-52686

6188,17886

6188,133172

6188,128024

6188,5020

6189,-80240

6189,-30748

6189,102656

6189,126692

6189,38738

6189,-60610

6189,-29354

6189,79846

6189,122366

6189,53240

6189,-51148

6189,-35670

6189,47852

6189,117608

6189,74838

6189,-9070

6189,-35964

6189,13636

6189,91498

6189,81724

6189,24784

6189,-17008

6189,9018

6189,58964

6189,70496

6193,42858

6193,15430

6193,14490

6193,29996

6193,40914

6193,43824

6193,47092

6193,41956

6193,25986

6193,16996

6193,25906

6193,54546

6193,64392

6193,39754

6193,7982

6193,-1122

6193,41586

6193,73942

6193,59644

6193,16366

6193,-564

6193,31380

6193,65018

6193,68720

6193,36368

6193,15380

6193,25062

6193,50876

6193,60418

6193,45712

6193,31436

6193,33710

6193,48714

6193,51704

6193,44686

6194,38488

6194,43824

6194,52396

6194,52632

6194,45056

6194,36024

6194,43622

6194,53138

6194,52638

6194,42082

6194,31566

6194,39324

6194,55716

6194,61942

6194,45250

6194,25406

6194,27284

6194,51556

6194,65952

6194,51392

6194,32318

6194,30212

6194,49590

6194,66824

6194,57644

6194,35678

6194,29666

6194,46930

6194,63902

6194,61756

6194,38794

6194,31396

6194,47788

6194,65220

6194,60114

6194,37788

6194,33908

6194,48122

6194,66216

6194,60720

6194,41844

6194,34334

6194,47346

6194,64414

6194,63562

6194,45136

6194,30878

6194,41522

6194,61846

6194,64960

6194,46104

6194,35006

6194,44874

6194,60988

6194,65558

6194,48384

6194,38888

6194,47638

6194,62546

6194,63616

6194,47534

6194,37414

6194,47108

6194,62380

6194,61106

6195,46204

6195,39988

6195,47478

6195,61344

6195,63068

6195,46574

6195,35626

6195,45320

6195,61154

6195,62142

6195,49504

6195,37754

6195,48334

6195,63100

6195,66710

6195,51674

6195,37302

6195,44524

6195,63154

6195,65882

6195,52774

6195,38942

6195,43470

6195,63672

6195,67538

6195,52016

6195,39774

6195,45496

6201,60000

6201,64616

6201,50240

6201,38106

6201,45718

6201,59194

6201,61318

6201,47624

6201,40358

6201,46890

6201,60076

6201,64300

6201,51516

6201,38872

6201,44844

6201,60764

6201,64478

6201,48514

6201,36960

6201,43096

6201,59314

6201,64474

6201,52594

6201,37080

6201,43476

6201,60094

6201,62612

6201,49554

6201,37572

6201,45262

6201,58352

6201,60662

6201,48426

6201,40178

6201,45800

6202,60496

6202,61706

6202,48864

6202,42586

6202,49900

6202,62460

6202,61852

6202,50562

6202,43608

6202,51024

6202,62390

6202,61816

6202,49070

6202,46170

6202,53796

6202,62246

6202,63530

6202,48846

6202,43922

6202,53340

6202,62956

6202,58872

6202,43836

6202,41918

6202,51868

6202,63486

6202,59148

6202,43876

6202,39168

6202,50678

6202,63334

6202,60192

6202,44538

6202,37006

6202,47638

6202,59756

6202,58344

6202,45288

6202,37110

6202,48540

6202,60288

6202,59214

6202,45020

6202,37276

6202,47738

6202,60202

6202,59344

6202,44914

6202,38116

6202,48820

6202,61072

6202,59494

6202,46984

6202,39806

6202,50446

6202,59762

6202,58402

6202,45426

6202,37850

6202,48354

6202,60186

6202,57792

6202,45618

6202,36104

6202,45674

6203,57242

6203,58114

6203,46408

6203,38394

6203,41808

6203,54272

6203,57896

6203,45600

6203,37770

6203,39950

6203,51946

6203,55786

6203,46596

6203,35584

6203,36850

6203,48512

6203,53826

6203,46198

6203,37866

6203,38386

6203,45006

6203,49396

6203,43348

6203,39666

6203,40292

6203,46204

6203,49210

6203,42768

6209,35104

6209,35898

6209,47086

6209,49722

6209,44212

6209,40614

6209,38368

6209,46256

6209,51510

6209,45456

6209,39014

6209,40252

6209,47130

6209,50682

6209,45992

6209,39378

6209,43588

6209,49832

6209,51714

6209,47196

6209,39460

6209,41412

6209,47176

6209,49088

6209,42790

6209,36438

6209,39046

6209,48340

6209,51188

6209,43930

6209,36086

6209,38860

6209,46090

6209,48284

6209,46010

6210,38220

6210,38802

6210,46316

6210,50600

6210,47832

6210,38708

6210,36828

6210,43438

6210,47796

6210,45970

6210,39328

6210,37354

6210,44048

6210,48992

6210,49340

6210,42806

6210,42900

6210,47604

6210,49554

6210,47150

6210,40298

6210,42146

6210,47968

6210,48460

6210,44798

6210,39964

6210,41610

6210,47792

6210,48700

6210,45498

6210,42776

6210,41494

6210,43280

6210,47246

6210,45614

6210,41394

6210,40590

6210,44202

6210,48826

6210,47068

6210,44226

6210,42238

6210,43162

6210,46176

6210,43630

6210,41826

6210,42802

6210,43090

6210,45686

6210,44584

6210,41164

6210,39644

6210,45096

6210,46580

6210,46032

6210,43448

6210,39062

6210,42900

6210,45378

6210,47170

6210,41724

6210,40972

6210,44648

6210,48560

6210,46660

6211,42396

6211,43568

6211,47264

6211,50112

6211,47718

6211,45666

6211,43776

6211,47604

6211,49556

6211,47670

6211,41886

6211,42814

6211,49136

6211,53916

6211,51438

6211,44926

6211,45116

6211,47290

6211,53876

6211,52484

6211,42174

6211,42200

6211,47494

6211,56148

6211,55010

6211,43178

6211,42686

6211,47242

6217,54484

6217,53360

6217,46374

6217,42772

6217,48254

6217,53836

6217,53578

6217,46232

6217,42728

6217,50248

6217,58630

6217,57458

6217,50146

6217,46726

6217,52442

6217,58228

6217,57644

6217,52388

6217,47320

6217,53032

6217,61934

6217,61774

6217,52780

6217,51310

6217,55250

6217,60174

6217,61140

6217,55238

6217,51632

6217,53630

6217,58520

6217,59096

6217,55186

6217,56474

6217,58222

6218,61652

6218,59394

6218,55876

6218,55454

6218,57854

6218,59104

6218,58310

6218,53860

6218,56478

6218,59324

6218,61560

6218,60300

6218,56620

6218,56422

6218,59846

6218,61208

6218,59304

6218,58322

6218,60868

6218,65756

6218,66418

6218,61984

6218,59544

6218,59612

6218,64586

6218,66274

6218,63230

6218,57226

6218,60016

6218,65794

6218,67632

6218,66752

6218,63978

6218,64934

6218,69284

6218,71088

6218,68774

6218,63986

6218,62854

6218,68882

6218,71854

6218,68930

6218,63846

6218,64386

6218,69760

6218,72954

6218,71582

6218,65314

6218,65422

6218,71092

6218,73980

6218,71138

6218,67722

6218,68432

6218,72386

6218,75804

6218,74294

6218,72020

6218,71136

6218,75274

6218,77928

6218,75246

6218,70732

6218,70360

6218,75926

6219,78786

6219,76114

6219,71938

6219,71160

6219,77592

6219,76862

6219,72038

6219,68322

6219,72736

6219,81982

6219,81154

6219,76552

6219,70156

6219,72908

6219,78208

6219,80340

6219,77168

6219,70866

6219,71826

6219,78258

6219,79062

6219,77032

6219,71584

6219,73084

6219,78386

6219,82462

6219,81874

6219,76928

6225,76464

6225,79260

6225,82664

6225,80468

6225,75810

6225,73536

6225,77246

6225,81952

6225,81864

6225,77002

6225,77836

6225,81484

6225,83102

6225,82400

6225,79814

6225,80248

6225,83336

6225,83704

6225,83236

6225,81912

6225,84512

6225,86200

6225,87158

6225,87734

6225,84190

6225,83372

6225,83556

6225,86210

6225,86714

6225,86352

6225,85848

6225,87864

6225,87634

6225,88070

6225,88730

6226,86854

6226,88472

6226,90884

6226,89542

6226,89296

6226,88510

6226,87646

6226,90580

6226,91376

6226,88290

6226,89552

6226,90546

6226,92592

6226,93428

6226,93044

6226,89694

6226,90534

6226,91814

6226,90850

6226,90132

6226,90922

6226,92320

6226,93430

6226,92144

6226,92830

6226,90918

6226,90698

6226,92622

6226,89082

6226,89874

6226,90958

6226,92472

6226,92498

6226,94136

6226,91916

6226,92190

6226,95236

6226,94436

6226,94172

6226,93178

6226,94448

6226,96474

6226,96604

6226,95188

6226,94938

6226,96034

6226,96282

6226,98016

6226,97846

6226,96764

6226,94270

6226,95316

6226,98526

6226,100028

6226,97056

6226,96532

6226,100860

6226,100270

6226,99620

6226,98138

6226,98284

6226,99450

6226,101798

6226,103070

6226,102804

6227,102512

6227,103476

6227,103058

6227,103600

6227,104316

6227,104474

6227,102740

6227,103218

6227,103980

6227,103294

6227,103296

6227,104622

6227,104582

6227,104186

6227,103470

6227,105332

6227,103758

6227,103242

6227,106186

6227,106394

6227,102840

6227,101480

6227,102316

6227,104400

6227,104482

6227,102972

6227,98490

6227,97454

6233,99212

6233,102574

6233,101438

6233,97100

6233,96922

6233,99034

6233,101252

6233,102958

6233,99930

6233,98834

6233,99662

6233,101720

6233,100546

6233,97628

6233,96840

6233,98144

6233,99248

6233,100646

6233,103038

6233,101852

6233,102072

6233,102360

6233,100086

6233,98606

6233,101032

6233,101614

6233,102336

6233,97794

6233,96240

6233,100598

6233,102850

6233,102438

6233,99096

6233,95732

6233,97574

6234,103350

6234,101210

6234,95902

6234,91256

6234,93726

6234,99506

6234,103366

6234,98496

6234,93762

6234,94364

6234,99000

6234,100662

6234,96674

6234,93842

6234,94072

6234,98098

6234,100374

6234,97972

6234,94250

6234,93408

6234,95316

6234,96832

6234,94300

6234,87880

6234,88762

6234,91736

6234,94050

6234,93176

6234,86622

6234,87560

6234,89814

6234,89216

6234,88390

6234,85550

6234,85294

6234,89498

6234,90060

6234,85874

6234,82506

6234,84236

6234,89052

6234,88104

6234,84912

6234,83412

6234,83726

6234,88064

6234,88554

6234,85456

6234,80264

6234,83972

6234,86326

6234,88986

6234,85950

6234,80714

6234,83614

6234,90742

6234,91410

6234,86850

6234,80582

6234,80532

6234,87878

6234,89292

6234,82142

6234,75490

6234,78228

6235,83700

6235,85454

6235,82506

6235,75186

6235,74696

6235,81602

6235,84878

6235,81064

6235,74768

6235,75376

6235,82490

6235,86088

6235,81790

6235,76868

6235,73920

6235,78540

6235,81938

6235,79712

6235,75096

6235,74796

6235,80994

6235,84344

6235,80848

6235,76416

6235,74180

6235,77866

6235,82110

6235,79144

6241,71908

6241,71316

6241,72790

6241,75952

6241,74170

6241,69508

6241,69416

6241,73374

6241,77058

6241,76478

6241,72896

6241,70292

6241,75240

6241,78448

6241,76446

6241,70732

6241,68574

6241,71412

6241,74358

6241,74918

6241,69536

6241,69464

6241,72372

6241,76062

6241,73286

6241,69364

6241,67850

6241,68574

6241,71342

6241,71290

6241,70088

6241,67460

6241,69902

6241,73016

6241,70020

6242,65156

6242,63642

6242,66246

6242,67584

6242,66214

6242,65450

6242,65282

6242,64930

6242,66326

6242,65754

6242,61894

6242,61292

6242,66302

6242,68622

6242,67070

6242,63844

6242,60626

6242,62734

6242,65688

6242,63536

6242,59544

6242,57688

6242,60914

6242,64348

6242,64160

6242,58446

6242,56084

6242,60486

6242,65926

6242,67012

6242,61468

6242,54924

6242,58116

6242,63126

6242,63956

6242,61242

6242,57268

6242,59104

6242,64436

6242,64686

6242,57476

6242,50906

6242,52200

6242,60586

6242,60810

6242,56064

6242,52864

6242,52790

6242,57880

6242,59220

6242,54060

6242,48324

6242,53392

6242,59994

6242,60022

6242,51204

6242,47350

6242,50288

6242,54912

6242,57094

6242,51110

6242,47444

6242,51192

6242,56862

6242,58042

6243,51378

6243,46392

6243,50196

6243,55342

6243,56618

6243,53442

6243,48200

6243,50800

6243,55764

6243,57440

6243,52530

6243,47966

6243,49186

6243,56876

6243,55188

6243,50978

6243,47084

6243,49658

6243,56148

6243,56006

6243,50142

6243,44102

6243,47622

6243,54776

6243,55390

6243,50296

6243,48846

6243,51538

6249,58348

6249,56592

6249,50090

6249,47836

6249,52924

6249,58268

6249,58396

6249,51166

6249,48844

6249,53672

6249,57766

6249,56584

6249,49006

6249,46000

6249,52026

6249,57720

6249,58344

6249,52324

6249,50124

6249,53646

6249,58478

6249,58584

6249,51626

6249,48874

6249,51524

6249,57580

6249,55978

6249,50078

6249,46936

6249,52110

6249,56422

6249,55606

6249,49914

6249,46444

6249,50130

6250,54528

6250,51032

6250,46384

6250,44308

6250,46784

6250,52684

6250,48802

6250,43608

6250,42982

6250,44490

6250,47468

6250,45914

6250,42380

6250,42356

6250,42914

6250,44340

6250,44370

6250,40820

6250,39572

6250,44254

6250,45048

6250,44998

6250,40710

6250,41484

6250,47814

6250,49026

6250,46364

6250,41986

6250,44486

6250,46606

6250,47898

6250,44708

6250,41280

6250,40166

6250,43256

6250,43422

6250,42766

6250,38754

6250,37950

6250,40792

6250,45188

6250,41326

6250,36314

6250,35094

6250,37470

6250,39702

6250,38184

6250,34452

6250,33726

6250,36632

6250,38900

6250,38714

6250,36052

6250,35152

6250,37460

6250,41844

6250,40092

6250,35816

6250,33048

6250,35126

6250,39988

6250,41040

6250,37284

6250,36082

6250,38130

6251,42104

6251,42236

6251,35370

6251,34184

6251,36470

6251,39222

6251,40578

6251,37976

6251,35820

6251,38692

6251,41608

6251,40990

6251,38804

6251,36452

6251,37988

6251,39562

6251,40632

6251,38780

6251,35800

6251,40060

6251,41638

6251,39708

6251,36714

6251,35842

6251,39848

6251,40010

6251,41592

6251,38834

6257,37344

6257,39800

6257,39734

6257,39676

6257,38300

6257,38404

6257,40328

6257,43004

6257,39810

6257,36574

6257,36708

6257,39714

6257,43352

6257,42592

6257,39782

6257,38750

6257,42160

6257,44628

6257,43002

6257,41934

6257,39618

6257,42870

6257,45850

6257,45272

6257,41166

6257,38730

6257,41070

6257,43298

6257,43780

6257,43040

6257,39214

6257,40166

6257,41342

6257,43298

6257,42230

6258,43138

6258,44610

6258,47298

6258,47310

6258,42442

6258,40064

6258,41696

6258,45718

6258,43196

6258,42948

6258,43066

6258,45394

6258,48208

6258,47024

6258,42594

6258,41800

6258,44044

6258,49004

6258,47482

6258,45016

6258,43852

6258,45340

6258,47378

6258,46990

6258,43100

6258,41078

6258,43120

6258,45930

6258,49776

6258,45866

6258,43774

6258,47744

6258,51106

6258,48204

6258,47198

6258,46400

6258,48184

6258,53086

6258,51222

6258,45902

6258,42946

6258,44274

6258,49424

6258,49012

6258,45998

6258,44730

6258,49820

6258,52946

6258,49042

6258,44366

6258,43478

6258,46396

6258,51068

6258,51762

6258,45918

6258,46186

6258,49312

6258,51270

6258,49984

6258,46578

6258,46720

6258,50276

6258,54030

6258,53338

6258,49970

6259,49342

6259,51698

6259,56308

6259,53394

6259,48700

6259,49814

6259,53102

6259,58274

6259,54656

6259,50596

6259,49606

6259,55618

6259,60712

6259,58966

6259,52400

6259,49416

6259,52270

6259,54798

6259,55344

6259,52694

6259,52320

6259,55896

6259,57762

6259,58238

6259,54962

6259,51860

6259,53342

6259,55942

6265,57402

6265,52366

6265,52308

6265,53222

6265,56340

6265,54722

6265,54020

6265,52402

6265,53416

6265,54454

6265,53306

6265,51254

6265,48762

6265,50868

6265,52590

6265,51806

6265,51006

6265,50614

6265,52640

6265,55296

6265,53988

6265,51406

6265,52008

6265,54180

6265,58750

6265,57574

6265,53584

6265,51450

6265,54340

6265,55034

6265,51704

6265,50770

6265,50178

6265,53832

6265,59156

6266,58712

6266,54452

6266,55414

6266,54886

6266,55410

6266,55446

6266,52774

6266,52338

6266,54012

6266,55064

6266,52846

6266,50974

6266,50688

6266,52122

6266,54496

6266,54632

6266,50946

6266,51752

6266,52978

6266,56906

6266,56070

6266,52578

6266,52372

6266,55948

6266,57614

6266,54104

6266,51370

6266,49390

6266,52434

6266,55634

6266,56092

6266,52206

6266,50608

6266,53432

6266,56952

6266,58276

6266,55564

6266,54530

6266,56884

6266,60896

6266,60936

6266,56284

6266,53362

6266,54796

6266,56842

6266,55720

6266,51494

6266,49568

6266,52474

6266,57600

6266,59746

6266,58666

6266,55544

6266,55966

6266,59406

6266,57016

6266,53704

6266,52836

6266,55286

6266,57702

6266,58438

6266,56362

6266,54064

6266,56688

6266,59632

6267,57184

6267,54188

6267,53158

6267,57292

6267,60074

6267,59740

6267,56264

6267,55738

6267,58876

6267,62914

6267,60780

6267,58590

6267,56680

6267,58700

6267,60558

6267,59894

6267,57132

6267,55888

6267,56664

6267,62006

6267,61850

6267,59238

6267,60028

6267,63648

6267,63946

6267,62782

6267,61016

6267,63120

6273,65098

6273,65060

6273,61082

6273,59884

6273,61574

6273,61000

6273,61830

6273,57596

6273,55470

6273,57518

6273,57652

6273,61416

6273,61594

6273,59764

6273,59976

6273,61726

6273,65426

6273,61374

6273,58504

6273,59550

6273,61414

6273,62212

6273,60402

6273,58640

6273,61872

6273,63398

6273,64724

6273,64038

6273,60678

6273,62670

6273,64942

6273,66650

6273,63772

6273,61204

6273,61432

6274,65072

6274,66432

6274,62688

6274,61560

6274,60714

6274,64214

6274,64178

6274,62980

6274,60070

6274,60020

6274,64238

6274,67060

6274,68492

6274,66248

6274,66890

6274,66698

6274,66798

6274,65568

6274,62992

6274,62022

6274,60842

6274,61514

6274,61972

6274,60624

6274,61142

6274,65452

6274,65386

6274,64926

6274,62878

6274,61616

6274,62096

6274,63512

6274,61160

6274,61692

6274,62476

6274,65392

6274,67086

6274,68206

6274,66422

6274,65254

6274,64524

6274,65576

6274,64788

6274,63630

6274,62798

6274,64576

6274,67696

6274,67618

6274,64938

6274,64740

6274,64158

6274,66268

6274,61640

6274,60362

6274,61296

6274,63086

6274,64876

6274,65334

6274,60734

6274,60884

6274,61738

6274,63170

6274,61692

6274,59444

6274,60722

6275,64354

6275,64810

6275,63944

6275,61000

6275,59606

6275,63318

6275,62838

6275,61344

6275,59938

6275,61336

6275,64754

6275,63426

6275,61234

6275,58456

6275,58078

6275,59868

6275,61446

6275,59936

6275,56362

6275,57908

6275,61484

6275,64144

6275,61616

6275,59120

6275,56604

6275,58338

6275,61586

6275,58532

6281,55998

6281,55668

6281,57846

6281,58946

6281,56670

6281,54544

6281,51590

6281,53956

6281,57470

6281,55902

6281,53888

6281,53454

6281,54914

6281,56346

6281,53626

6281,51186

6281,50138

6281,50754

6281,54674

6281,54904

6281,52628

6281,53744

6281,53316

6281,54228

6281,53220

6281,49190

6281,49068

6281,48872

6281,51488

6281,49784

6281,49082

6281,49858

6281,50672

6281,52188

6281,51776

6282,52152

6282,49340

6282,51152

6282,52184

6282,48102

6282,48928

6282,48090

6282,50720

6282,52140

6282,52030

6282,50714

6282,45620

6282,45878

6282,47094

6282,47250

6282,44824

6282,43510

6282,44750

6282,45584

6282,44666

6282,42750

6282,41388

6282,42874

6282,41510

6282,40448

6282,39920

6282,37538

6282,42200

6282,45762

6282,42802

6282,39540

6282,36678

6282,35238

6282,35952

6282,35450

6282,34662

6282,34660

6282,37388

6282,37558

6282,39736

6282,38936

6282,38886

6282,38020

6282,39274

6282,33822

6282,31380

6282,33032

6282,33590

6282,36194

6282,31640

6282,29596

6282,28096

6282,29738

6282,32666

6282,30610

6282,28732

6282,27432

6282,30842

6282,31324

6282,27938

6282,28990

6282,28982

6282,27598

6282,28428

6282,25364

6283,25684

6283,23618

6283,26874

6283,28730

6283,26612

6283,23842

6283,24094

6283,28282

6283,28762

6283,23754

6283,23540

6283,23326

6283,25420

6283,25792

6283,21950

6283,19996

6283,20014

6283,24184

6283,26412

6283,23620

6283,21288

6283,20244

6283,23202

6283,24958

6283,24526

6283,19732

6283,19246

6283,21196

6289,23092

6289,22146

6289,16554

6289,16100

6289,19060

6289,20012

6289,22112

6289,20290

6289,20170

6289,19488

6289,19404

6289,17148

6289,12016

6289,11066

6289,11920

6289,13236

6289,13532

6289,10528

6289,9172

6289,13612

6289,14148

6289,11106

6289,9926

6289,9098

6289,8550

6289,12294

6289,11922

6289,12078

6289,12192

6289,12572

6289,15310

6289,12752

6289,12836

6289,11774

6289,12260

6290,12632

6290,11780

6290,8194

6290,7930

6290,9996

6290,11982

6290,10822

6290,9398

6290,10188

6290,10984

6290,11236

6290,7028

6290,3518

6290,5082

6290,9062

6290,8838

6290,9922

6290,7156

6290,5700

6290,9328

6290,7664

6290,4544

6290,2506

6290,490

6290,3410

6290,5200

6290,6480

6290,7718

6290,8544

6290,8396

6290,9494

6290,9892

6290,7224

6290,5138

6290,5868

6290,9084

6290,8978

6290,8286

6290,8952

6290,10162

6290,11480

6290,7272

6290,3296

6290,3606

6290,6698

6290,9612

6290,10266

6290,5556

6290,4632

6290,6424

6290,10480

6290,7874

6290,6856

6290,6280

6290,8362

6290,10308

6290,9438

6290,5328

6290,5080

6290,6190

6290,5592

6290,6096

6290,5564

6290,3980

6290,5128

6291,7512

6291,6992

6291,4752

6291,3742

6291,5396

6291,5628

6291,4392

6291,2874

6291,4952

6291,7724

6291,9882

6291,8908

6291,6514

6291,6276

6291,6254

6291,7032

6291,5104

6291,4288

6291,4036

6291,8790

6291,8506

6291,7188

6291,8124

6291,6104

6291,6968

6291,8092

6291,5146

6291,3256

6297,2176

6297,5018

6297,7576

6297,6004

6297,4520

6297,2458

6297,2902

6297,2540

6297,3068

6297,984

6297,72

6297,3652

6297,3186

6297,4500

6297,4646

6297,5698

6297,7508

6297,6676

6297,6372

6297,3746

6297,4934

6297,6402

6297,8046

6297,6282

6297,6610

6297,3916

6297,4648

6297,5372

6297,8334

6297,4178

6297,7240

6297,8790

6297,9542

6297,10510

6297,10350

6298,8746

6298,10314

6298,12482

6298,12354

6298,8254

6298,9208

6298,8166

6298,9122

6298,8022

6298,5706

6298,7260

6298,10326

6298,10574

6298,8914

6298,9538

6298,8728

6298,10990

6298,13902

6298,12502

6298,11288

6298,8840

6298,11242

6298,12950

6298,10532

6298,8050

6298,5570

6298,8762

6298,10138

6298,9046

6298,7100

6298,6028

6298,8706

6298,9696

6298,9264

6298,6354

6298,6934

6298,11414

6298,9820

6298,10366

6298,10010

6298,8248

6298,8794

6298,9756

6298,9318

6298,8656

6298,11396

6298,12164

6298,14780

6298,16226

6298,10548

6298,8346

6298,11248

6298,12564

6298,10940

6298,11164

6298,10472

6298,10592

6298,11404

6298,8506

6298,9010

6298,7130

6298,8750

6298,10242

6298,9576

6298,10220

6299,10886

6299,14088

6299,16136

6299,10118

6299,9622

6299,7626

6299,10464

6299,12236

6299,11288

6299,11808

6299,12360

6299,15386

6299,18578

6299,14978

6299,13226

6299,12182

6299,12802

6299,16042

6299,17484

6299,16612

6299,16960

6299,16988

6299,20214

6299,18056

6299,15282

6299,16264

6299,16612

6299,19264

6305,17196

6305,17738

6305,19312

6305,21454

6305,24136

6305,23810

6305,23808

6305,23846

6305,24322

6305,24202

6305,22326

6305,19986

6305,19276

6305,22418

6305,27908

6305,25630

6305,24014

6305,22226

6305,22382

6305,25002

6305,24486

6305,21766

6305,23724

6305,25426

6305,28180

6305,27984

6305,25416

6305,27514

6305,30588

6305,32346

6305,33270

6305,28334

6305,28522

6305,28282

6305,28938

6306,29118

6306,28544

6306,31340

6306,32488

6306,32502

6306,33706

6306,32264

6306,33032

6306,35886

6306,36040

6306,36214

6306,32352

6306,32704

6306,34770

6306,37198

6306,38638

6306,35906

6306,33976

6306,34936

6306,35090

6306,36838

6306,36328

6306,35814

6306,37380

6306,40042

6306,40094

6306,38416

6306,38090

6306,39958

6306,40604

6306,36320

6306,34046

6306,36296

6306,38408

6306,40192

6306,38096

6306,38038

6306,37944

6306,36676

6306,38454

6306,39616

6306,36538

6306,37754

6306,41184

6306,41192

6306,40030

6306,40062

6306,38470

6306,41380

6306,41088

6306,41498

6306,40518

6306,39274

6306,41660

6306,43508

6306,43328

6306,40144

6306,35192

6306,35846

6306,35228

6306,35346

6306,32612

6306,35242

6306,37344

6306,39572

6307,38912

6307,36170

6307,35622

6307,36050

6307,37890

6307,37960

6307,35382

6307,33986

6307,35064

6307,37130

6307,38802

6307,36256

6307,35716

6307,38162

6307,40672

6307,39276

6307,36178

6307,34934

6307,35772

6307,38062

6307,36290

6307,35810

6307,33554

6307,33690

6307,35064

6307,35100

6307,33182

6307,31966

6313,32402

6313,32680

6313,31830

6313,31092

6313,30480

6313,35056

6313,37074

6313,35726

6313,34242

6313,33600

6313,33044

6313,32934

6313,30646

6313,31112

6313,32266

6313,33222

6313,37808

6313,40006

6313,39866

6313,39588

6313,40452

6313,39348

6313,38218

6313,35644

6313,36732

6313,39064

6313,37114

6313,38294

6313,36540

6313,38118

6313,40466

6313,41564

6313,43744

6313,41934

6313,41354

6314,39630

6314,39022

6314,35498

6314,34896

6314,36838

6314,40546

6314,43102

6314,42224

6314,39856

6314,42080

6314,42338

6314,44310

6314,43008

6314,40174

6314,41222

6314,42488

6314,45014

6314,43970

6314,45210

6314,42664

6314,41642

6314,40716

6314,39160

6314,37268

6314,38630

6314,41250

6314,41558

6314,44168

6314,42594

6314,42370

6314,43814

6314,46902

6314,43142

6314,41490

6314,41330

6314,40818

6314,43198

6314,43972

6314,40950

6314,40058

6314,42184

6314,41450

6314,42960

6314,41184

6314,43310

6314,42258

6314,42906

6314,42406

6314,43472

6314,42792

6314,41438

6314,43358

6314,40534

6314,41050

6314,40504

6314,39626

6314,39088

6314,39332

6314,38534

6314,36768

6314,37384

6314,39808

6314,39392

6314,36070

6314,37466

6315,38004

6315,38390

6315,37570

6315,36252

6315,36960

6315,36284

6315,34848

6315,33994

6315,33816

6315,31838

6315,29418

6315,26940

6315,28122

6315,31304

6315,32874

6315,32942

6315,32302

6315,29928

6315,26400

6315,25134

6315,25190

6315,26540

6315,26332

6315,24394

6315,23270

6315,27356

6315,27520

6315,29124

6321,26876

6321,25790

6321,24692

6321,25792

6321,25252

6321,25508

6321,27722

6321,26458

6321,29816

6321,28874

6321,29482

6321,28938

6321,25060

6321,25826

6321,27626

6321,25046

6321,25178

6321,23776

6321,23928

6321,24662

6321,21946

6321,20138

6321,22480

6321,24744

6321,26180

6321,25482

6321,22460

6321,24872

6321,26232

6321,27412

6321,27494

6321,24970

6321,25934

6321,27928

6321,25670

6322,21654

6322,20966

6322,22172

6322,22312

6322,24308

6322,25276

6322,25142

6322,24088

6322,23910

6322,23002

6322,20764

6322,19562

6322,19894

6322,22884

6322,21744

6322,20666

6322,18728

6322,14882

6322,17414

6322,18208

6322,19398

6322,17698

6322,17608

6322,19330

6322,18604

6322,16744

6322,14904

6322,14556

6322,17862

6322,18258

6322,19196

6322,17474

6322,16462

6322,15320

6322,17756

6322,17630

6322,18186

6322,16044

6322,15812

6322,15368

6322,15656

6322,16228

6322,17320

6322,17196

6322,18394

6322,17474

6322,17968

6322,17710

6322,16698

6322,16610

6322,16264

6322,15210

6322,15302

6322,15918

6322,16676

6322,15680

6322,12248

6322,14224

6322,14420

6322,15510

6322,13006

6322,15272

6322,14622

6322,16250

6322,13252

6323,10926

6323,11456

6323,10702

6323,10738

6323,11300

6323,10050

6323,9716

6323,9912

6323,8428

6323,9198

6323,8300

6323,9052

6323,9980

6323,12450

6323,10360

6323,7200

6323,4650

6323,6614

6323,7242

6323,6294

6323,5402

6323,5818

6323,8054

6323,8672

6323,8700

6323,8754

6323,7136

6323,4270

6329,3268

6329,1806

6329,1566

6329,1732

6329,3506

6329,4394

6329,2768

6329,2364

6329,-1362

6329,-706

6329,962

6329,3550

6329,3282

6329,2474

6329,4974

6329,4434

6329,3760

6329,82

6329,-298

6329,-56

6329,-2112

6329,-3904

6329,-3960

6329,-6292

6329,-5142

6329,-3836

6329,-3098

6329,-4226

6329,-4088

6329,-6508

6329,-6864

6329,-5762

6329,-6664

6329,-8698

6329,-8932

6330,-6660

6330,-8424

6330,-11254

6330,-10880

6330,-10262

6330,-9666

6330,-8488

6330,-11220

6330,-11720

6330,-11720

6330,-12846

6330,-10408

6330,-12608

6330,-14780

6330,-15474

6330,-14036

6330,-11480

6330,-11682

6330,-11626

6330,-10208

6330,-8778

6330,-10776

6330,-14242

6330,-14560

6330,-12746

6330,-12396

6330,-12632

6330,-13974

6330,-18676

6330,-17496

6330,-13608

6330,-15030

6330,-15668

6330,-14800

6330,-14270

6330,-13204

6330,-15702

6330,-18646

6330,-20654

6330,-19666

6330,-18392

6330,-19440

6330,-21892

6330,-23950

6330,-23596

6330,-20260

6330,-20582

6330,-19150

6330,-22098

6330,-20934

6330,-19944

6330,-20230

6330,-22838

6330,-24346

6330,-23418

6330,-20186

6330,-20978

6330,-21328

6330,-24390

6330,-25466

6330,-22280

6330,-24612

6330,-24730

6330,-25512

6330,-26144

6331,-23716

6331,-24324

6331,-25060

6331,-27342

6331,-27216

6331,-26636

6331,-24380

6331,-22726

6331,-24154

6331,-25428

6331,-27754

6331,-26696

6331,-26220

6331,-25528

6331,-24560

6331,-21178

6331,-20930

6331,-21776

6331,-22798

6331,-23590

6331,-22526

6331,-21664

6331,-20008

6331,-18958

6331,-20972

6331,-22748

6331,-24160

6331,-24180

6337,-25694

6337,-24188

6337,-22404

6337,-22128

6337,-22298

6337,-21978

6337,-23502

6337,-22206

6337,-22658

6337,-22204

6337,-21600

6337,-21524

6337,-19700

6337,-19174

6337,-20020

6337,-20538

6337,-19154

6337,-19434

6337,-20034

6337,-20132

6337,-21822

6337,-22384

6337,-18928

6337,-20952

6337,-19088

6337,-21276

6337,-23642

6337,-22060

6337,-21312

6337,-20900

6337,-21716

6337,-19962

6337,-18680

6337,-19898

6337,-21782

6338,-21660

6338,-19352

6338,-16756

6338,-17490

6338,-18220

6338,-17656

6338,-16308

6338,-13456

6338,-12484

6338,-16470

6338,-18320

6338,-18262

6338,-15900

6338,-17602

6338,-16774

6338,-15416

6338,-13942

6338,-13750

6338,-13774

6338,-15244

6338,-15604

6338,-14896

6338,-12632

6338,-9414

6338,-7882

6338,-8570

6338,-6566

6338,-8780

6338,-10594

6338,-11738

6338,-14660

6338,-12046

6338,-11040

6338,-9702

6338,-6990

6338,-6692

6338,-5364

6338,-3286

6338,-3142

6338,-5766

6338,-5838

6338,-7674

6338,-5582

6338,-4728

6338,-6504

6338,-5196

6338,-5472

6338,-5350

6338,-5084

6338,-5218

6338,-4808

6338,-2624

6338,-2858

6338,-864

6338,-1058

6338,-994

6338,132

6338,2444

6338,914

6338,-1894

6338,-1664

6338,-2150

6338,24

6338,2156

6338,2256

6339,1890

6339,3378

6339,4018

6339,6572

6339,6908

6339,8510

6339,8648

6339,5906

6339,6922

6339,4830

6339,6794

6339,6356

6339,7810

6339,9886

6339,11976

6339,11904

6339,11616

6339,10272

6339,10754

6339,12344

6339,12942

6339,15098

6339,15156

6339,16838

6339,16110

6339,17946

6339,16858

6339,19024

6345,20432

6345,18828

6345,20452

6345,19694

6345,18450

6345,19744

6345,18182

6345,18296

6345,20094

6345,22688

6345,24076

6345,22252

6345,23454

6345,23918

6345,24474

6345,23938

6345,21410

6345,24098

6345,25662

6345,28490

6345,29574

6345,30688

6345,31560

6345,30204

6345,31456

6345,29698

6345,31200

6345,30146

6345,28128

6345,31142

6345,34782

6345,36136

6345,35890

6345,36384

6345,37074

6346,36992

6346,38508

6346,37244

6346,36116

6346,37642

6346,39082

6346,39662

6346,40000

6346,41312

6346,40386

6346,43252

6346,44198

6346,43374

6346,44128

6346,44236

6346,46418

6346,46118

6346,46194

6346,48244

6346,51102

6346,50406

6346,52514

6346,51560

6346,50482

6346,51896

6346,52154

6346,52308

6346,50200

6346,48562

6346,52194

6346,51724

6346,54120

6346,55798

6346,55690

6346,57536

6346,56424

6346,55534

6346,54700

6346,54842

6346,55262

6346,55542

6346,56956

6346,57274

6346,61324

6346,61616

6346,60508

6346,60022

6346,60966

6346,61308

6346,61194

6346,62114

6346,62732

6346,61528

6346,60018

6346,58318

6346,57932

6346,59888

6346,60962

6346,58916

6346,59372

6346,60574

6346,62874

6346,60960

6346,61228

6346,62076

6347,59782

6347,61460

6347,62056

6347,63024

6347,65798

6347,66250

6347,67032

6347,67552

6347,68860

6347,68866

6347,66950

6347,67612

6347,65700

6347,67250

6347,66930

6347,67606

6347,68310

6347,67820

6347,68054

6347,65998

6347,61182

6347,61860

6347,65048

6347,64278

6347,64736

6347,64288

6347,64356

6347,63680

6353,64822

6353,64826

6353,68360

6353,68190

6353,67740

6353,68042

6353,67390

6353,68998

6353,69686

6353,66396

6353,65116

6353,65946

6353,67512

6353,67600

6353,67278

6353,65216

6353,63762

6353,64878

6353,64582

6353,65966

6353,65924

6353,67612

6353,68336

6353,68324

6353,67706

6353,65926

6353,65652

6353,64542

6353,65376

6353,65118

6353,65682

6353,67596

6353,67792

6353,68006

6353,67976

6354,67230

6354,68026

6354,69402

6354,70198

6354,68428

6354,68114

6354,70444

6354,69778

6354,69556

6354,70888

6354,70462

6354,71404

6354,71506

6354,69916

6354,68314

6354,69062

6354,70232

6354,70642

6354,70964

6354,72732

6354,72384

6354,72354

6354,74510

6354,71544

6354,69558

6354,69838

6354,68548

6354,70634

6354,69708

6354,67348

6354,68798

6354,69982

6354,71316

6354,71114

6354,71350

6354,70446

6354,71138

6354,73378

6354,71016

6354,71186

6354,69818

6354,68422

6354,69458

6354,71572

6354,69342

6354,69666

6354,71292

6354,69228

6354,69798

6354,71058

6354,68308

6354,70104

6354,70340

6354,68480

6354,68412

6354,66350

6354,67118

6354,65980

6354,66678

6354,67666

6354,68984

6354,67900

6354,67528

6354,65938

6354,63894

6355,63036

6355,63134

6355,63406

6355,61536

6355,58950

6355,60330

6355,59904

6355,61262

6355,60764

6355,59748

6355,57088

6355,58018

6355,58816

6355,55040

6355,54546

6355,55182

6355,54238

6355,55048

6355,55766

6355,53676

6355,54412

6355,54920

6355,54974

6355,52882

6355,52472

6355,51458

6355,52496

6355,52516

6361,51350

6361,48854

6361,46322

6361,46692

6361,46564

6361,47000

6361,45436

6361,43132

6361,45608

6361,45908

6361,44734

6361,44008

6361,41432

6361,42592

6361,42728

6361,42986

6361,41104

6361,39846

6361,38532

6361,39062

6361,39270

6361,40232

6361,40066

6361,40216

6361,38312

6361,35880

6361,36758

6361,34644

6361,34196

6361,34406

6361,33152

6361,32836

6361,31978

6361,30842

6361,31678

6362,30494

6362,27852

6362,29172

6362,29816

6362,27036

6362,28344

6362,28330

6362,28006

6362,26488

6362,27790

6362,26894

6362,27332

6362,27326

6362,25568

6362,25388

6362,25724

6362,24076

6362,23722

6362,23590

6362,24348

6362,26138

6362,24888

6362,22590

6362,20766

6362,21752

6362,19828

6362,19480

6362,20194

6362,21122

6362,22844

6362,19334

6362,19794

6362,18634

6362,20428

6362,22180

6362,21052

6362,19642

6362,20378

6362,19028

6362,19558

6362,19642

6362,18916

6362,19416

6362,17442

6362,18850

6362,17898

6362,20392

6362,18818

6362,20798

6362,20202

6362,19486

6362,18016

6362,15900

6362,16202

6362,14778

6362,16994

6362,16098

6362,18656

6362,19268

6362,19122

6362,19356

6362,18164

6362,16518

6362,17906

6362,17990

6363,17428

6363,17192

6363,15076

6363,15178

6363,15252

6363,15246

6363,13210

6363,11938

6363,12724

6363,13908

6363,14620

6363,13882

6363,10648

6363,10002

6363,9008

6363,7824

6363,9136

6363,7964

6363,6666

6363,6398

6363,7320

6363,7234

6363,5840

6363,4308

6363,3714

6363,5918

6363,3592

6363,3618

6369,2286

6369,1830

6369,4544

6369,3250

6369,2118

6369,2012

6369,834

6369,2704

6369,-222

6369,-1180

6369,180

6369,-338

6369,-2480

6369,-1712

6369,-3514

6369,-6174

6369,-5258

6369,-4024

6369,-4840

6369,-4474

6369,-4730

6369,-4924

6369,-5098

6369,-4632

6369,-5338

6369,-4512

6369,-5624

6369,-6060

6369,-2040

6369,-6558

6369,-6824

6369,-5230

6369,-7294

6369,-6640

6369,-8162

6370,-7552

6370,-7944

6370,-8512

6370,-8530

6370,-9684

6370,-10094

6370,-10738

6370,-11634

6370,-12376

6370,-13182

6370,-14532

6370,-14642

6370,-13794

6370,-11814

6370,-11332

6370,-10722

6370,-12126

6370,-15482

6370,-17180

6370,-15948

6370,-15972

6370,-13986

6370,-15076

6370,-13928

6370,-12714

6370,-12214

6370,-13920

6370,-17678

6370,-15780

6370,-15854

6370,-17894

6370,-18136

6370,-18504

6370,-19480

6370,-19142

6370,-21566

6370,-20114

6370,-20436

6370,-20880

6370,-20850

6370,-22772

6370,-22480

6370,-19862

6370,-19438

6370,-21104

6370,-20988

6370,-19004

6370,-20402

6370,-20828

6370,-23248

6370,-25920

6370,-25060

6370,-25178

6370,-22994

6370,-24420

6370,-23234

6370,-22998

6370,-25286

6370,-23638

6370,-25252

6370,-26324

6370,-26460

6370,-26242

6370,-25346

6370,-30570

6371,-30314

6371,-29612

6371,-28638

6371,-27712

6371,-29180

6371,-28672

6371,-29780

6371,-30066

6371,-30420

6371,-31752

6371,-31648

6371,-31176

6371,-30986

6371,-29526

6371,-32236

6371,-34252

6371,-34576

6371,-35792

6371,-31590

6371,-31172

6371,-33532

6371,-34910

6371,-33810

6371,-36360

6371,-36232

6371,-35638

6371,-34664

6371,-33796

6377,-33818

6377,-35458

6377,-36780

6377,-38088

6377,-38244

6377,-37444

6377,-38616

6377,-39538

6377,-39520

6377,-38072

6377,-38576

6377,-37230

6377,-38830

6377,-40278

6377,-40494

6377,-38312

6377,-41250

6377,-42682

6377,-44608

6377,-46924

6377,-43752

6377,-43962

6377,-46106

6377,-45176

6377,-46738

6377,-46478

6377,-47966

6377,-49372

6377,-49696

6377,-49972

6377,-51352

6377,-49920

6377,-48752

6377,-48530

6377,-48566

6378,-51624

6378,-50932

6378,-50884

6378,-49384

6378,-48232

6378,-47822

6378,-49818

6378,-53014

6378,-53018

6378,-52918

6378,-52334

6378,-52100

6378,-51906

6378,-50196

6378,-49690

6378,-50038

6378,-52650

6378,-55202

6378,-55412

6378,-55106

6378,-56028

6378,-56986

6378,-56502

6378,-55550

6378,-55788

6378,-55820

6378,-54748

6378,-57218

6378,-56850

6378,-58160

6378,-58796

6378,-60968

6378,-61540

6378,-62064

6378,-58618

6378,-59160

6378,-60142

6378,-59420

6378,-60072

6378,-60858

6378,-61158

6378,-60928

6378,-62992

6378,-60742

6378,-60368

6378,-60856

6378,-61328

6378,-63358

6378,-64346

6378,-65114

6378,-62954

6378,-63190

6378,-62478

6378,-62326

6378,-63754

6378,-62912

6378,-63782

6378,-64778

6378,-65636

6378,-68306

6378,-67208

6378,-68874

6378,-70388

6378,-69902

6378,-68440

6379,-68100

6379,-67952

6379,-68246

6379,-68984

6379,-68660

6379,-67472

6379,-69684

6379,-69050

6379,-70478

6379,-69314

6379,-68246

6379,-70350

6379,-71202

6379,-71446

6379,-70658

6379,-71804

6379,-69898

6379,-70938

6379,-69516

6379,-68484

6379,-69714

6379,-70866

6379,-73910

6379,-73578

6379,-71618

6379,-71000

6379,-69736

6379,-68938

6385,-67584

6385,-67738

6385,-69902

6385,-71116

6385,-70726

6385,-71566

6385,-69630

6385,-69870

6385,-69548

6385,-70348

6385,-69052

6385,-64366

6385,-64850

6385,-65336

6385,-66156

6385,-66026

6385,-67440

6385,-68700

6385,-70862

6385,-70436

6385,-71012

6385,-68006

6385,-66142

6385,-66588

6385,-65214

6385,-63398

6385,-61910

6385,-62960

6385,-65968

6385,-66624

6385,-67988

6385,-66380

6385,-65042

6385,-66886

6385,-67504

6386,-65224

6386,-63376

6386,-62026

6386,-62730

6386,-63584

6386,-61742

6386,-62318

6386,-60762

6386,-60608

6386,-63102

6386,-64450

6386,-63552

6386,-61542

6386,-62506

6386,-61630

6386,-61042

6386,-60140

6386,-61032

6386,-63276

6386,-63844

6386,-65124

6386,-62620

6386,-61256

6386,-62512

6386,-61698

6386,-61966

6386,-61214

6386,-60106

6386,-60928

6386,-61658

6386,-62952

6386,-62258

6386,-64128

6386,-64466

6386,-64268

6386,-62714

6386,-63374

6386,-62410

6386,-61502

6386,-62710

6386,-61924

6386,-61034

6386,-60196

6386,-63012

6386,-63180

6386,-64936

6386,-63874

6386,-63616

6386,-63286

6386,-63646

6386,-62482

6386,-60080

6386,-60264

6386,-59080

6386,-60806

6386,-61710

6386,-61328

6386,-61416

6386,-61258

6386,-62340

6386,-58746

6386,-58224

6386,-59178

6386,-60222

6386,-62424

6387,-60664

6387,-57416

6387,-58206

6387,-57578

6387,-57008

6387,-57608

6387,-56672

6387,-56528

6387,-56524

6387,-55732

6387,-56752

6387,-55830

6387,-56594

6387,-58622

6387,-58278

6387,-57744

6387,-55852

6387,-53198

6387,-54330

6387,-53406

6387,-54116

6387,-55102

6387,-54826

6387,-57250

6387,-58718

6387,-59440

6387,-58786

6387,-53718

6393,-54848

6393,-55088

6393,-55876

6393,-55312

6393,-57030

6393,-56270

6393,-58268

6393,-56888

6393,-57672

6393,-58766

6393,-58892

6393,-59450

6393,-58076

6393,-57562

6393,-57206

6393,-57116

6393,-57106

6393,-55674

6393,-56158

6393,-56852

6393,-58086

6393,-57654

6393,-54994

6393,-55832

6393,-53682

6393,-55342

6393,-57246

6393,-57396

6393,-55718

6393,-55082

6393,-55566

6393,-53876

6393,-54528

6393,-53880

6393,-54966

6394,-56434

6394,-56884

6394,-56778

6394,-54760

6394,-54794

6394,-55770

6394,-54952

6394,-54404

6394,-52478

6394,-52290

6394,-52996

6394,-54180

6394,-53786

6394,-53926

6394,-52164

6394,-52500

6394,-51232

6394,-52420

6394,-52180

6394,-51456

6394,-52578

6394,-53884

6394,-52784

6394,-49748

6394,-50228

6394,-52168

6394,-52250

6394,-53430

6394,-52166

6394,-50846

6394,-52466

6394,-53922

6394,-53398

6394,-54384

6394,-52472

6394,-51664

6394,-53236

6394,-51738

6394,-51566

6394,-51028

6394,-53378

6394,-53726

6394,-54494

6394,-53664

6394,-54086

6394,-55004

6394,-55592

6394,-56556

6394,-54874

6394,-52652

6394,-52582

6394,-52172

6394,-52500

6394,-51814

6394,-51056

6394,-51054

6394,-52892

6394,-53704

6394,-53584

6394,-54552

6394,-54530

6394,-55470

6394,-55832

6394,-55282

6394,-56786

6395,-54352

6395,-55828

6395,-53640

6395,-53492

6395,-55350

6395,-57124

6395,-57360

6395,-55578

6395,-55414

6395,-52622

6395,-54276

6395,-54144

6395,-54422

6395,-55444

6395,-54106

6395,-54146

6395,-54500

6395,-55998

6395,-55974

6395,-57972

6395,-57854

6395,-57094

6395,-56118

6395,-54610

6395,-53580

6395,-54864

6395,-54836

6395,-55098

6401,-55254

6401,-56488

6401,-56272

6401,-55236

6401,-56358

6401,-55180

6401,-55000

6401,-58016

6401,-59306

6401,-58586

6401,-57432

6401,-57300

6401,-57884

6401,-58106

6401,-56446

6401,-56130

6401,-56302

6401,-57194

6401,-59300

6401,-60198

6401,-60150

6401,-60726

6401,-59012

6401,-60868

6401,-60440

6401,-60992

6401,-60214

6401,-60034

6401,-60628

6401,-61844

6401,-63070

6401,-61358

6401,-63742

6401,-61512

6401,-62940

6402,-61906

6402,-62680

6402,-64188

6402,-62478

6402,-63302

6402,-64336

6402,-62750

6402,-63546

6402,-64242

6402,-65656

6402,-64692

6402,-67632

6402,-66540

6402,-66896

6402,-68452

6402,-66776

6402,-67278

6402,-67570

6402,-67136

6402,-67354

6402,-68070

6402,-68696

6402,-70270

6402,-69306

6402,-69368

6402,-71728

6402,-71974

6402,-73038

6402,-70878

6402,-71120

6402,-70614

6402,-69250

6402,-71508

6402,-71952

6402,-69970

6402,-69272

6402,-70158

6402,-71452

6402,-72500

6402,-72782

6402,-73226

6402,-73580

6402,-72970

6402,-72840

6402,-73700

6402,-73026

6402,-71816

6402,-71998

6402,-73170

6402,-71322

6402,-72034

6402,-72514

6402,-73486

6402,-75188

6402,-74590

6402,-74142

6402,-73656

6402,-75482

6402,-76450

6402,-75598

6402,-74498

6402,-74640

6402,-75454

6402,-75420

6402,-74762

6403,-76324

6403,-77320

6403,-77400

6403,-79718

6403,-78780

6403,-79672

6403,-79212

6403,-78406

6403,-79612

6403,-80632

6403,-79652

6403,-78874

6403,-78036

6403,-77448

6403,-78484

6403,-77996

6403,-78192

6403,-80786

6403,-83508

6403,-81612

6403,-80300

6403,-78930

6403,-78216

6403,-78892

6403,-78182

6403,-78968

6403,-79762

6403,-78980

6409,-78912

6409,-81044

6409,-80876

6409,-79116

6409,-78246

6409,-78584

6409,-78328

6409,-79330

6409,-80280

6409,-79700

6409,-79630

6409,-81372

6409,-79954

6409,-80830

6409,-80222

6409,-80178

6409,-79036

6409,-79386

6409,-79712

6409,-79366

6409,-79608

6409,-79106

6409,-76528

6409,-77218

6409,-77970

6409,-77586

6409,-77594

6409,-78144

6409,-78392

6409,-78976

6409,-79890

6409,-81200

6409,-81760

6409,-81178

6409,-79388

6410,-78800

6410,-78154

6410,-78252

6410,-78176

6410,-77560

6410,-78946

6410,-78326

6410,-77864

6410,-78388

6410,-78978

6410,-79276

6410,-77248

6410,-78932

6410,-78980

6410,-80800

6410,-79904

6410,-78970

6410,-75658

6410,-73662

6410,-74850

6410,-75838

6410,-74238

6410,-74940

6410,-76170

6410,-75536

6410,-75992

6410,-75838

6410,-75754

6410,-75468

6410,-75078

6410,-76060

6410,-74930

6410,-73462

6410,-70158

6410,-70478

6410,-71608

6410,-70608

6410,-70950

6410,-71716

6410,-71950

6410,-72578

6410,-72052

6410,-71576

6410,-70210

6410,-70266

6410,-71988

6410,-71866

6410,-71016

6410,-72720

6410,-72148

6410,-72380

6410,-73098

6410,-73118

6410,-72026

6410,-70230

6410,-72134

6410,-70882

6410,-69306

6410,-69624

6410,-70708

6410,-73036

6410,-72024

6410,-71398

6410,-69450

6410,-71278

6411,-70758

6411,-69374

6411,-68230

6411,-67750

6411,-68414

6411,-69066

6411,-69916

6411,-69246

6411,-67808

6411,-68234

6411,-67304

6411,-65486

6411,-65252

6411,-62750

6411,-61574

6411,-63126

6411,-61502

6411,-60064

6411,-58996

6411,-59042

6411,-60234

6411,-58030

6411,-55766

6411,-56464

6411,-56098

6411,-56126

6411,-54704

6411,-54232

6417,-52428

6417,-51180

6417,-52788

6417,-53116

6417,-50714

6417,-50070

6417,-49836

6417,-49782

6417,-50620

6417,-49626

6417,-49806

6417,-49706

6417,-48614

6417,-48038

6417,-46468

6417,-45462

6417,-43940

6417,-43350

6417,-42462

6417,-43474

6417,-43874

6417,-44790

6417,-44532

6417,-43122

6417,-41026

6417,-39680

6417,-39364

6417,-39752

6417,-40742

6417,-38114

6417,-37256

6417,-39906

6417,-39138

6417,-39058

6417,-38788

6418,-37878

6418,-37504

6418,-36704

6418,-34544

6418,-33578

6418,-34822

6418,-35316

6418,-34012

6418,-32142

6418,-31888

6418,-31642

6418,-29538

6418,-30810

6418,-31236

6418,-30704

6418,-31084

6418,-30518

6418,-27198

6418,-27746

6418,-27560

6418,-26830

6418,-26016

6418,-28062

6418,-27478

6418,-25032

6418,-26098

6418,-26122

6418,-25466

6418,-26362

6418,-25098

6418,-22284

6418,-24146

6418,-23954

6418,-23676

6418,-22878

6418,-21898

6418,-21208

6418,-21718

6418,-22194

6418,-22212

6418,-21376

6418,-22326

6418,-19738

6418,-20116

6418,-20968

6418,-19346

6418,-20084

6418,-20542

6418,-19378

6418,-18130

6418,-17888

6418,-16878

6418,-19516

6418,-19380

6418,-15920

6418,-19400

6418,-19604

6418,-19370

6418,-18064

6418,-16342

6418,-15884

6418,-14662

6418,-15712

6418,-15624

6418,-14264

6419,-15678

6419,-16594

6419,-16530

6419,-17146

6419,-15492

6419,-15356

6419,-15492

6419,-16266

6419,-13766

6419,-11664

6419,-12150

6419,-11906

6419,-14816

6419,-14352

6419,-10640

6419,-9776

6419,-10590

6419,-8614

6419,-10240

6419,-7288

6419,-7262

6419,-11134

6419,-11648

6419,-8552

6419,-9464

6419,-11632

6419,-10472

6419,-9820

6425,-8872

6425,-8746

6425,-8798

6425,-7748

6425,-6680

6425,-6296

6425,-5988

6425,-4492

6425,-3264

6425,-2942

6425,-2306

6425,-1044

6425,-1778

6425,-1282

6425,-3906

6425,-3788

6425,-2282

6425,-2336

6425,-2700

6425,-3194

6425,-2762

6425,-1570

6425,-720

6425,-1658

6425,-940

6425,-2762

6425,2500

6425,3572

6425,2978

6425,3262

6425,2272

6425,1976

6425,1166

6425,-292

6425,-178

6426,-394

6426,1308

6426,3334

6426,4576

6426,6362

6426,6494

6426,7302

6426,7676

6426,7542

6426,4840

6426,2564

6426,3640

6426,5168

6426,4654

6426,4888

6426,5228

6426,6410

6426,6936

6426,8804

6426,9572

6426,11054

6426,10614

6426,10586

6426,11256

6426,10512

6426,9778

6426,10604

6426,11628

6426,11460

6426,11366

6426,12556

6426,12714

6426,11084

6426,12722

6426,10906

6426,11246

6426,12154

6426,13150

6426,14478

6426,13236

6426,13508

6426,9412

6426,8578

6426,9758

6426,10922

6426,11308

6426,11672

6426,12520

6426,14760

6426,14854

6426,15310

6426,15676

6426,14830

6426,16024

6426,12980

6426,12230

6426,12296

6426,12048

6426,11362

6426,12622

6426,13684

6426,14062

6426,13052

6426,12842

6426,14196

6427,14060

6427,15158

6427,13912

6427,11252

6427,10534

6427,11480

6427,13368

6427,14872

6427,15938

6427,13112

6427,12660

6427,17720

6427,18080

6427,20394

6427,19802

6427,17234

6427,13860

6427,13326

6427,11756

6427,11208

6427,11508

6427,12622

6427,15034

6427,16678

6427,17936

6427,16024

6427,18194

6427,18902

6433,19062

6433,14606

6433,12798

6433,10432

6433,10134

6433,10942

6433,8256

6433,11382

6433,13702

6433,14078

6433,16776

6433,18778

6433,18590

6433,16762

6433,16078

6433,12512

6433,10846

6433,11142

6433,10042

6433,11638

6433,13394

6433,11938

6433,11742

6433,9902

6433,12256

6433,12824

6433,11748

6433,15022

6433,15026

6433,15302

6433,13364

6433,13620

6433,13064

6433,12542

6433,11712

6434,11920

6434,12628

6434,11294

6434,11456

6434,14354

6434,12068

6434,12548

6434,15426

6434,14492

6434,14360

6434,14842

6434,13262

6434,13390

6434,12788

6434,14510

6434,15578

6434,13290

6434,13998

6434,16358

6434,16292

6434,15580

6434,17196

6434,17374

6434,15488

6434,14520

6434,13980

6434,13194

6434,15246

6434,14518

6434,15452

6434,17192

6434,18076

6434,19988

6434,18518

6434,18056

6434,16860

6434,15924

6434,14496

6434,13828

6434,12332

6434,12452

6434,11420

6434,12136

6434,13346

6434,14082

6434,18834

6434,18036

6434,17626

6434,15706

6434,13382

6434,10590

6434,12420

6434,11502

6434,13074

6434,13736

6434,11404

6434,12660

6434,12212

6434,13198

6434,13314

6434,12072

6434,11982

6434,13684

6434,11758

6434,10192

6435,9504

6435,11474

6435,12284

6435,13526

6435,11174

6435,11286

6435,10226

6435,10368

6435,9614

6435,9528

6435,7624

6435,7226

6435,5492

6435,4524

6435,3674

6435,2132

6435,4504

6435,4476

6435,2860

6435,3312

6435,3332

6435,4972

6435,6206

6435,4252

6435,2982

6435,850

6435,-1294

6435,-2312

6441,-1750

6441,-2562

RAW_SUMMARY id=1 requested=5600 captured=5600 unused_capacity=400 max_pcm_abs=160576 raw_mean=19355.5 raw_abs_mean=46040.9 raw_min=-160576 raw_max=134824 baseline=50.8

OK RAW

