# run: RAW_i2s_pre150_1
# firmware: role=analyzer git=464b8fc version=0.4.0
# imported-from: capture1.log (mtime 2026-10-09T09:44:00)
RAW_INFO mode=i2s output=csv

RAW_INFO row_size=12

RAW_BEGIN id=1 sr=16000 trigger_ms=517936 command_ms=517923 emit_seen=1 emit_start_ms=517936 emit_done_ms=518033 f=3200 dur=100 pre_ms=150 post_ms=100 decim=1 pre_samples=256 post_samples=1600 mode=i2s output=csv fields=ms,pcm

ms,pcm

517925,27606

517925,26028

517925,28066

517925,27214

517925,27746

517925,27896

517925,29742

517925,27752

517925,29286

517925,28238

517925,29388

517925,29538

517925,28742

517925,30358

517925,27896

517925,29720

517925,30784

517925,29178

517925,31118

517925,32372

517925,32558

517925,31776

517925,31806

517925,32336

517925,30260

517925,30248

517925,30846

517925,30230

517926,30214

517926,29260

517926,30998

517926,31104

517926,31360

517926,32316

517926,30528

517926,32404

517926,31002

517926,31458

517926,32854

517926,31400

517926,31660

517926,33424

517926,32498

517926,33618

517926,32702

517926,31254

517926,32372

517926,34992

517926,35646

517926,34704

517926,35542

517926,34736

517926,34856

517926,34486

517926,36212

517926,35852

517926,35926

517926,36120

517926,36550

517926,35682

517926,37268

517926,36526

517926,38226

517926,37982

517926,36752

517926,38140

517926,38132

517926,38950

517926,39228

517926,39914

517926,39384

517926,39606

517926,39974

517926,40118

517926,39788

517926,39242

517926,38994

517926,39628

517926,37990

517926,38882

517926,39426

517926,39178

517926,38956

517926,39096

517926,37442

517926,37870

517926,37804

517926,37914

517926,35666

517926,36500

517926,36928

517926,35320

517926,37098

517927,36902

517927,36566

517927,35684

517927,35994

517927,35808

517927,33310

517927,35168

517927,34126

517927,34516

517927,34468

517927,35218

517927,36322

517927,33442

517927,34692

517927,33072

517927,34690

517927,34288

517927,32224

517927,33236

517927,32896

517927,33364

517927,34126

517927,34174

517927,32850

517927,32318

517927,33684

517927,32300

517927,31482

517927,32040

517927,33168

517927,33202

517927,33600

517927,33448

517927,35020

517927,33584

517929,34486

517929,32108

517929,33430

517929,34658

517929,33418

517929,33358

517929,32636

517929,32756

517929,32426

517929,33376

517929,34284

517929,33966

517929,34290

517929,34340

517929,34124

517929,34406

517929,34342

517929,34700

517929,34498

517929,32438

517929,32342

517929,32950

517929,33486

517929,33456

517929,32924

517929,34502

517929,32082

517930,31214

517930,31516

517930,30156

517930,31800

517930,32078

517930,32620

517930,33144

517930,30916

517930,32484

517930,32124

517930,31068

517930,32332

517930,32938

517930,31576

517930,31348

517930,32798

517930,33580

517930,32380

517930,32126

517930,30810

517930,30674

517930,30180

517930,31348

517930,31244

517930,31568

517930,31102

517930,30764

517930,30996

517930,31188

517930,31906

517930,30498

517930,30884

517930,31656

517930,30656

517930,30520

517930,32074

517930,30944

517930,30892

517930,32136

517930,31926

517930,30766

517930,30546

517930,31270

517930,30214

517930,29512

517930,29524

517930,29126

517930,29392

517930,28552

517930,27418

517930,27664

517930,27066

517930,28656

517930,27828

517930,26486

517930,26834

517930,26210

517930,29276

517930,27482

517930,27142

517930,27826

517930,28288

517930,28036

517930,28108

517930,28818

517931,28832

517931,27540

517931,26362

517931,27112

517931,27012

517931,26648

517931,25804

517931,26252

517931,28278

517931,27014

517931,25714

517931,25148

517931,27068

517931,25396

517931,26358

517931,26012

517931,26262

517931,25918

517931,25524

517931,26352

517931,26112

517931,26636

517931,28098

517931,25536

517931,27118

517931,27088

517931,24652

517931,26370

517931,23836

517931,26866

517931,25898

517931,70038

517931,43802

517931,-17568

517931,-85770

517931,1454

517938,172422

517938,180256

517938,-37762

517938,-204142

517938,-60006

517938,159748

517938,235534

517938,36554

517938,-156888

517938,-105326

517938,124190

517938,234416

517938,54628

517938,-155102

517938,-132050

517938,136550

517938,251470

517938,90632

517938,-145450

517938,-170286

517938,74038

517938,250904

517938,151458

517938,-103554

517938,-185822

517938,27670

517938,226950

517938,167004

517938,-68126

517938,-165832

517938,-548

517938,184946

517938,148128

517938,-52230

517938,-119324

517938,12474

517938,159658

517938,110896

517938,-57752

517938,-94676

517938,35826

517938,160004

517938,92088

517938,-63282

517939,-92272

517939,54364

517939,164170

517939,81502

517939,-76672

517939,-93668

517939,67916

517939,170022

517939,82420

517939,-84438

517939,-102232

517939,57030

517939,169816

517939,94596

517939,-73404

517939,-102692

517939,46292

517939,168198

517939,98544

517939,-65638

517939,-96698

517939,46224

517939,158018

517939,88334

517939,-58710

517939,-83168

517939,47212

517939,152792

517939,83770

517939,-60976

517939,-81950

517939,56132

517939,160754

517939,84544

517939,-67844

517939,-90110

517939,58910

517939,167188

517939,86344

517939,-71004

517939,-89292

517939,58510

517939,167216

517939,89718

517939,-74802

517939,-99202

517939,54580

517939,175384

517939,94556

517939,-72336

517939,-99518

517939,53342

517939,172004

517939,96946

517939,-66100

517939,-98276

517939,47550

517939,168638

517939,100822

517939,-60340

517939,-94596

517939,44330

517939,162706

517939,102802

517939,-54642

517940,-93760

517940,40308

517940,160592

517940,105468

517940,-52476

517940,-92474

517940,38694

517940,157498

517940,98858

517940,-50242

517940,-89040

517940,40976

517940,155274

517940,96042

517940,-53990

517940,-88948

517940,41860

517940,156498

517940,94438

517945,-56580

517945,-88958

517945,42858

517945,153922

517945,91910

517945,-56476

517945,-87134

517945,43250

517945,150984

517945,92380

517945,-54506

517945,-88564

517945,39386

517945,151088

517945,90454

517945,-55182

517945,-90106

517945,40602

517945,151070

517945,89920

517945,-53900

517945,-86886

517945,39188

517945,146346

517945,88902

517945,-55050

517945,-85768

517946,41912

517946,144488

517946,84796

517946,-60310

517946,-84618

517946,43346

517946,148870

517946,85376

517946,-58754

517946,-87428

517946,42028

517946,149314

517946,84848

517946,-61972

517946,-90678

517946,39224

517946,148356

517946,87582

517946,-61428

517946,-91704

517946,36552

517946,147090

517946,87716

517946,-58720

517946,-90710

517946,36768

517946,145644

517946,89846

517946,-55856

517946,-94022

517946,32096

517946,143246

517946,91526

517946,-55710

517946,-96546

517946,28726

517946,142148

517946,90016

517946,-56228

517946,-96450

517946,21344

517946,137968

517946,92776

517946,-50594

517946,-94884

517946,19614

517946,134388

517946,89840

517946,-47616

517946,-94044

517946,20544

517946,131560

517946,87174

517946,-48032

517946,-93592

517946,19436

517946,129846

517946,88862

517946,-47102

517946,-90570

517946,17088

517946,128250

517946,84888

517946,-49614

517946,-89538

517947,20390

517947,131038

517947,85396

517947,-49190

517947,-92616

517947,21260

517947,130908

517947,86920

517947,-48674

517947,-94786

517947,20934

517947,134012

517947,88552

517947,-48378

517947,-97438

517947,15740

517947,130546

517947,89806

517947,-49322

517947,-95474

517947,15914

517947,128160

517947,86568

517947,-47694

517947,-93210

517947,16976

517947,127742

517947,87708

517947,-49798

517947,-95252

517947,18072

517947,126778

517947,85302

517947,-49730

517947,-93784

517947,21718

517953,129774

517953,83234

517953,-53770

517953,-93362

517953,25008

517953,134106

517953,82806

517953,-57580

517953,-96724

517953,24688

517953,136146

517953,85252

517953,-58862

517953,-100024

517953,22512

517953,137048

517953,88274

517953,-58482

517953,-99390

517953,20742

517953,135812

517953,89268

517953,-56666

517953,-98156

517953,21862

517953,135152

517953,85020

517954,-55860

517954,-96562

517954,22860

517954,133498

517954,85446

517954,-54078

517954,-97328

517954,19236

517954,130062

517954,83942

517954,-54596

517954,-96076

517954,20536

517954,129426

517954,81468

517954,-57754

517954,-97894

517954,19980

517954,133950

517954,81300

517954,-59450

517954,-99104

517954,17286

517954,129056

517954,83238

517954,-57672

517954,-100232

517954,16180

517954,130658

517954,84278

517954,-57962

517954,-100150

517954,15530

517954,129870

517954,85050

517954,-55656

517954,-100296

517954,12652

517954,125202

517954,83194

517954,-53468

517954,-100260

517954,10244

517954,123230

517954,83398

517954,-51874

517954,-98910

517954,12024

517954,121290

517954,82456

517954,-50002

517954,-97572

517954,11924

517954,124274

517954,83552

517954,-50838

517954,-99032

517954,11952

517954,124536

517954,82890

517954,-51398

517954,-95652

517954,10462

517954,120712

517954,81210

517955,-49862

517955,-93896

517955,11006

517955,118762

517955,79466

517955,-52690

517955,-95592

517955,12696

517955,119330

517955,78440

517955,-52838

517955,-95302

517955,12670

517955,120496

517955,78412

517955,-50902

517955,-95596

517955,12446

517955,116826

517955,73872

517955,-53808

517955,-93586

517955,11410

517955,116352

517955,75558

517955,-54560

517955,-95814

517955,11728

517955,116400

517955,74650

517955,-54882

517955,-93652

517955,10826

517955,115636

517955,71050

517955,-57058

517961,-94708

517961,14700

517961,119882

517961,74420

517961,-57646

517961,-96032

517961,13612

517961,120860

517961,75968

517961,-56842

517961,-95390

517961,15224

517961,119286

517961,75324

517961,-57444

517961,-97144

517961,15864

517961,122662

517961,76058

517961,-59464

517961,-97778

517961,14466

517961,123450

517961,77580

517961,-56548

517961,-99840

517961,11916

517962,122796

517962,78708

517962,-57076

517962,-100870

517962,11658

517962,120624

517962,77528

517962,-56058

517962,-98778

517962,12392

517962,120090

517962,75712

517962,-57262

517962,-100132

517962,7258

517962,117250

517962,73586

517962,-59580

517962,-100792

517962,6474

517962,115704

517962,72322

517962,-56498

517962,-99638

517962,8304

517962,114194

517962,70560

517962,-59144

517962,-99620

517962,10244

517962,113778

517962,68950

517962,-60298

517962,-101080

517962,7464

517962,111876

517962,69380

517962,-61964

517962,-101008

517962,8384

517962,115008

517962,69426

517962,-62344

517962,-101076

517962,8792

517962,115662

517962,71536

517962,-62168

517962,-100650

517962,7614

517962,114876

517962,70766

517962,-62640

517962,-102374

517962,8372

517962,115254

517962,71054

517962,-60972

517962,-102574

517962,5802

517962,113694

517962,73362

517962,-58364

517962,-102092

517962,6688

517963,113104

517963,72464

517963,-57926

517963,-99716

517963,6150

517963,109368

517963,68450

517963,-62356

517963,-100682

517963,5402

517963,107252

517963,65968

517963,-62168

517963,-100418

517963,5054

517963,107190

517963,66320

517963,-63170

517963,-101022

517963,6964

517963,109364

517963,65410

517963,-64090

517963,-101254

517963,8106

517963,109348

517963,64776

517963,-65526

517963,-104208

517963,6570

517963,109490

517963,63180

517963,-70656

517963,-108086

517963,3712

517963,108170

517969,63586

517969,-72368

517969,-110746

517969,3318

517969,109198

517969,62804

517969,-73336

517969,-111536

517969,2046

517969,108536

517969,61980

517969,-72342

517969,-115020

517969,-1366

517969,106464

517969,60218

517969,-74192

517969,-115198

517969,-2540

517969,104208

517969,60334

517969,-74376

517969,-116504

517969,-6182

517969,103278

517969,59694

517969,-75140

517970,-116092

517970,-6650

517970,101406

517970,58754

517970,-76578

517970,-118430

517970,-7854

517970,99838

517970,56700

517970,-78286

517970,-118582

517970,-7606

517970,99610

517970,57092

517970,-78026

517970,-119648

517970,-9850

517970,100734

517970,56690

517970,-79456

517970,-122010

517970,-9852

517970,98504

517970,56126

517970,-79220

517970,-122338

517970,-10900

517970,98258

517970,55732

517970,-78896

517970,-123144

517970,-12692

517970,97378

517970,55660

517970,-79946

517970,-121858

517970,-10764

517970,96376

517970,54408

517970,-81670

517970,-124016

517970,-13788

517970,94250

517970,52492

517970,-80774

517970,-123942

517970,-13660

517970,94058

517970,50808

517970,-84332

517970,-125996

517970,-12886

517970,95190

517970,50268

517970,-85034

517970,-128534

517970,-15194

517970,93202

517970,47802

517970,-87274

517970,-128584

517970,-14176

517970,92232

517970,45416

517970,-90674

517971,-131462

517971,-18102

517971,91622

517971,44944

517971,-91946

517971,-132582

517971,-16906

517971,91204

517971,44944

517971,-94998

517971,-133234

517971,-15564

517971,92256

517971,43768

517971,-95188

517971,-134062

517971,-18054

517971,93140

517971,47034

517971,-93974

517971,-135006

517971,-19436

517971,91760

517971,45280

517971,-96446

517971,-137714

517971,-21854

517971,89950

517971,47400

517971,-94742

517971,-139230

517971,-21620

517971,91988

517971,44872

517971,-94158

517971,-135448

517977,-19578

517977,93808

517977,47806

517977,-92864

517977,-135442

517977,-18860

517977,92300

517977,46038

517977,-93386

517977,-136398

517977,-18424

517977,92742

517977,46136

517977,-92210

517977,-135720

517977,-18756

517977,93358

517977,46572

517977,-95470

517977,-137310

517977,-20662

517977,91792

517977,45328

517977,-94486

517977,-136854

517977,-22126

517977,91446

517978,45766

517978,-92822

517978,-136410

517978,-21968

517978,87954

517978,44888

517978,-93824

517978,-137972

517978,-22520

517978,88046

517978,43654

517978,-94280

517978,-136332

517978,-21844

517978,88280

517978,41978

517978,-95938

517978,-137638

517978,-22192

517978,87618

517978,41432

517978,-94468

517978,-137268

517978,-22748

517978,87696

517978,42128

517978,-96288

517978,-135274

517978,-22036

517978,89154

517978,42548

517978,-94144

517978,-134598

517978,-21416

517978,88668

517978,43534

517978,-94360

517978,-135202

517978,-20148

517978,90194

517978,46388

517978,-94192

517978,-135608

517978,-18644

517978,92488

517978,46888

517978,-91168

517978,-132918

517978,-19598

517978,89814

517978,44906

517978,-92760

517978,-133354

517978,-15666

517978,94008

517978,46122

517978,-92924

517978,-132946

517978,-15164

517978,94882

517978,45978

517978,-92950

517978,-133378

517978,-13688

517978,97028

517979,48366

517979,-91084

517979,-132058

517979,-12218

517979,99888

517979,51644

517979,-89710

517979,-132806

517979,-12520

517979,100020

517979,52298

517979,-88732

517979,-130816

517979,-10682

517979,101018

517979,53254

517979,-88088

517979,-127706

517979,-8900

517979,102000

517979,55592

517979,-84766

517979,-124300

517979,-7840

517979,103386

517979,54620

517979,-84560

517979,-123432

517979,-6408

517979,104048

517979,56778

517979,-81908

517979,-122892

517979,-5298

517979,105294

517979,56668

517985,-84114

517985,-121556

517985,-4412

517985,105364

517985,56118

517985,-82898

517985,-120938

517985,-990

517985,108424

517985,56998

517985,-80768

517985,-120970

517985,738

517985,109994

517985,60290

517985,-80618

517985,-117928

517985,2658

517985,113422

517985,63452

517985,-78694

517985,-116342

517985,3874

517985,115516

517985,65744

517985,-77820

517985,-116622

517986,4292

517986,115926

517986,65048

517986,-76052

517986,-114602

517986,3190

517986,114776

517986,65464

517986,-74838

517986,-114102

517986,2976

517986,113234

517986,65466

517986,-73888

517986,-113762

517986,5118

517986,115372

517986,66478

517986,-71610

517986,-110652

517986,4008

517986,113604

517986,65162

517986,-70822

517986,-108666

517986,5872

517986,114566

517986,65644

517986,-70550

517986,-108710

517986,7304

517986,116504

517986,67182

517986,-72426

517986,-109020

517986,9252

517986,116278

517986,67072

517986,-71944

517986,-108160

517986,8814

517986,115844

517986,67004

517986,-70124

517986,-107468

517986,11008

517986,117566

517986,69348

517986,-66882

517986,-104324

517986,10102

517986,118990

517986,71946

517986,-64658

517986,-103862

517986,12302

517986,119128

517986,70972

517986,-64728

517986,-102776

517986,10194

517986,117950

517986,70948

517986,-64000

517986,-100094

517987,12276

517987,119740

517987,71740

517987,-63134

517987,-100252

517987,14230

517987,122492

517987,74056

517987,-61402

517987,-101274

517987,13890

517987,124140

517987,77174

517987,-59240

517987,-99652

517987,16392

517987,125810

517987,77954

517987,-58806

517987,-97960

517987,15232

517987,124826

517987,77962

517987,-59690

517987,-98486

517987,13660

517987,122824

517987,76648

517987,-60578

517987,-98540

517987,15226

517987,124876

517987,76836

517987,-59460

517987,-97718

517987,15430

517993,126070

517993,77180

517993,-58580

517993,-96450

517993,19744

517993,128000

517993,79724

517993,-55646

517993,-94078

517993,21116

517993,128444

517993,81170

517993,-56312

517993,-93792

517993,24872

517993,132652

517993,83174

517993,-53870

517993,-92418

517993,23318

517993,133186

517993,85416

517993,-54480

517993,-93474

517993,23936

517993,132490

517993,84132

517994,-53266

517994,-94384

517994,22498

517994,133394

517994,85440

517994,-52710

517994,-93010

517994,23680

517994,133954

517994,85624

517994,-51962

517994,-91108

517994,22754

517994,133166

517994,84096

517994,-53108

517994,-92498

517994,20532

517994,132180

517994,83644

517994,-51792

517994,-93426

517994,20532

517994,130096

517994,82104

517994,-53882

517994,-93984

517994,22260

517994,128938

517994,81472

517994,-55012

517994,-94450

517994,22038

517994,130568

517994,82110

517994,-54016

517994,-94064

517994,23182

517994,131608

517994,82350

517994,-55886

517994,-94712

517994,23500

517994,130816

517994,83664

517994,-53806

517994,-94710

517994,22792

517994,134300

517994,87112

517994,-53406

517994,-92886

517994,24568

517994,136884

517994,89414

517994,-50232

517994,-92528

517994,24568

517994,138678

517994,90784

517994,-50822

517994,-92026

517994,24528

517994,137356

517994,90524

517995,-50508

517995,-92492

517995,24244

517995,137964

517995,90138

517995,-49622

517995,-93178

517995,23646

517995,135004

517995,88914

517995,-50110

517995,-92760

517995,23918

517995,136930

517995,91170

517995,-49066

517995,-91426

517995,23702

517995,135324

517995,90654

517995,-47786

517995,-92244

517995,22996

517995,135106

517995,90576

517995,-49352

517995,-92758

517995,23296

517995,137128

517995,91432

517995,-49668

517995,-91220

517995,24018

517995,135388

517995,89270

517995,-50084

518001,-90670

518001,25012

518001,136354

518001,89404

518001,-49982

518001,-90332

518001,26050

518001,138286

518001,90020

518001,-48626

518001,-88962

518001,27130

518001,138794

518001,90714

518001,-48934

518001,-89450

518001,27658

518001,139338

518001,91922

518001,-48116

518001,-88186

518001,28942

518001,141716

518001,91882

518001,-47776

518001,-88346

518001,28568

518002,143198

518002,98360

518002,-44696

518002,-88832

518002,28342

518002,143908

518002,94804

518002,-44714

518002,-87520

518002,29246

518002,143572

518002,96314

518002,-45386

518002,-87404

518002,28278

518002,142538

518002,98436

518002,-43194

518002,-87348

518002,28014

518002,141864

518002,95910

518002,-44544

518002,-87788

518002,27638

518002,143004

518002,96222

518002,-42966

518002,-85354

518002,28344

518002,143390

518002,97116

518002,-40204

518002,-84060

518002,30008

518002,145764

518002,100288

518002,-40716

518002,-83416

518002,31722

518002,145000

518002,102496

518002,-38550

518002,-82882

518002,33472

518002,146088

518002,102082

518002,-38240

518002,-80910

518002,32962

518002,147072

518002,101302

518002,-35568

518002,-79446

518002,34686

518002,146248

518002,100758

518002,-37692

518002,-80306

518002,35828

518002,148198

518002,102638

518002,-37188

518002,-78412

518002,36220

518003,147318

518003,103650

518003,-36328

518003,-79644

518003,36310

518003,149174

518003,103982

518003,-35220

518003,-80244

518003,35532

518003,148612

518003,104502

518003,-35380

518003,-78442

518003,37306

518003,148630

518003,105708

518003,-34682

518003,-78440

518003,35124

518003,149010

518003,105436

518003,-34542

518003,-77832

518003,35624

518003,149416

518003,106380

518003,-34160

518003,-77906

518003,39088

518003,151756

518003,107132

518003,-32812

518003,-76158

518003,38318

518003,149062

518009,104986

518009,-33084

518009,-77892

518009,37404

518009,151862

518009,104946

518009,-33450

518009,-75178

518009,36926

518009,148744

518009,105128

518009,-34354

518009,-76408

518009,35998

518009,146874

518009,104360

518009,-36454

518009,-78082

518009,37762

518009,149012

518009,102244

518009,-35908

518009,-78446

518009,36730

518009,148834

518009,102928

518009,-35688

518010,-79054

518010,35664

518010,147618

518010,101074

518010,-38578

518010,-78314

518010,36522

518010,146372

518010,99708

518010,-39628

518010,-80086

518010,35628

518010,147394

518010,98982

518010,-40880

518010,-81494

518010,35486

518010,148222

518010,101488

518010,-40250

518010,-83984

518010,33026

518010,145136

518010,98892

518010,-42472

518010,-83880

518010,32210

518010,146762

518010,100102

518010,-40766

518010,-83886

518010,31924

518010,146304

518010,100604

518010,-40588

518010,-83876

518010,31788

518010,146364

518010,101808

518010,-40096

518010,-85432

518010,30798

518010,146072

518010,101286

518010,-39390

518010,-83042

518010,32612

518010,144470

518010,99746

518010,-38700

518010,-83004

518010,32152

518010,145578

518010,101732

518010,-37434

518010,-81686

518010,32898

518010,147328

518010,101682

518010,-37606

518010,-82640

518010,30614

518010,144274

518010,99078

518010,-38908

518011,-84320

518011,29970

518011,144480

518011,98394

518011,-40416

518011,-86514

518011,27456

518011,141126

518011,98036

518011,-41340

518011,-89120

518011,25640

518011,138806

518011,95068

518011,-45308

518011,-88274

518011,24948

518011,137376

518011,95338

518011,-45774

518011,-90154

518011,24274

518011,136134

518011,91986

518011,-45308

518011,-90136

518011,23820

518011,134580

518011,90476

518011,-46526

518011,-91904

518011,21908

518011,135072

518011,89746

518011,-49538

518011,-92860

518017,22136

518017,135634

518017,90042

518017,-49780

518017,-92734

518017,21224

518017,135288

518017,89906

518017,-50608

518017,-95386

518017,21610

518017,135238

518017,90294

518017,-50186

518017,-94730

518017,20376

518017,133818

518017,90492

518017,-50492

518017,-97894

518017,17268

518017,133372

518017,90444

518017,-49906

518017,-97516

518017,16042

518017,129274

518018,88932

518018,-48814

518018,-99958

518018,14638

518018,130130

518018,87464

518018,-51770

518018,-98434

518018,13960

518018,128830

518018,86710

518018,-53938

518018,-101600

518018,10064

518018,125130

518018,84042

518018,-54480

518018,-102072

518018,10882

518018,124380

518018,83046

518018,-55574

518018,-102784

518018,9432

518018,124012

518018,81776

518018,-56470

518018,-102226

518018,9526

518018,123398

518018,81692

518018,-57710

518018,-104838

518018,8292

518018,123144

518018,83198

518018,-56276

518018,-104378

518018,6498

518018,123336

518018,82796

518018,-54950

518018,-102476

518018,7106

518018,122196

518018,82672

518018,-56992

518018,-101748

518018,8386

518018,123756

518018,82984

518018,-56188

518018,-104940

518018,7932

518018,122360

518018,81528

518018,-57464

518018,-103714

518018,10366

518018,123980

518018,82900

518018,-54266

518018,-102678

518018,11006

518018,125594

518019,84326

518019,-54088

518019,-101806

518019,9706

518019,124780

518019,84130

518019,-55666

518019,-100744

518019,11676

518019,125264

518019,83888

518019,-52562

518019,-100760

518019,10934

518019,125576

518019,85958

518019,-50034

518019,-100566

518019,10578

518019,124572

518019,84368

518019,-51080

518019,-99136

518019,12164

518019,125154

518019,85382

518019,-49318

518019,-96672

518019,13372

518019,125952

518019,84658

518019,-52244

518019,-97874

518019,12638

518019,127238

518019,86184

518025,-51904

518025,-97992

518025,12346

518025,125190

518025,86338

518025,-49524

518025,-98778

518025,12022

518025,125856

518025,86070

518025,-51356

518025,-98530

518025,11194

518025,125768

518025,86238

518025,-50280

518025,-98752

518025,12220

518025,127042

518025,86452

518025,-49876

518025,-100100

518025,12112

518025,126984

518025,86812

518025,-49822

518025,-98508

518026,11760

518026,125302

518026,86606

518026,-49714

518026,-98896

518026,12544

518026,127058

518026,87106

518026,-48732

518026,-98402

518026,12090

518026,125484

518026,86474

518026,-49676

518026,-99854

518026,13242

518026,125564

518026,87132

518026,-49696

518026,-99594

518026,12300

518026,126456

518026,85646

518026,-50058

518026,-100430

518026,10244

518026,124494

518026,86006

518026,-51624

518026,-100758

518026,9392

518026,122408

518026,84794

518026,-51762

518026,-100748

518026,10090

518026,123714

518026,84952

518026,-52542

518026,-101240

518026,8122

518026,121470

518026,82846

518026,-54286

518026,-101166

518026,7250

518026,121374

518026,82694

518026,-52584

518026,-100388

518026,8238

518026,120606

518026,83286

518026,-54294

518026,-102892

518026,8408

518026,121416

518026,81608

518026,-55848

518026,-102946

518026,7112

518026,120706

518026,80690

518026,-56354

518026,-104324

518027,8730

518027,121256

518027,80312

518027,-57190

518027,-105568

518027,6634

518027,121922

518027,83140

518027,-57346

518027,-106366

518027,5516

518027,121182

518027,82316

518027,-56982

518027,-104954

518027,4748

518027,121378

518027,82316

518027,-54740

518027,-103882

518027,6228

518027,120434

518027,81548

518027,-55922

518027,-105296

518027,2218

518027,119256

518027,81372

518027,-57286

518027,-106792

518027,1860

518027,116406

518027,78070

518027,-58006

518027,-106830

518027,722

518034,115262

518034,77338

518034,-58800

518034,-107994

518034,1652

518034,115396

518034,77040

518034,-60834

518034,-109326

518034,232

518034,115580

518034,76752

518034,-61216

518034,-109850

518034,-1654

518034,112348

518034,75572

518034,-61566

518034,-112448

518034,-3736

518034,111908

518034,72954

518034,-63462

518034,-110724

518034,-2070

518034,111388

518034,72698

518034,-63362

518034,-113018

518034,-2632

518034,109880

518035,70740

518035,-66280

518035,-114816

518035,-5396

518035,108810

518035,69614

518035,-64502

518035,-114852

518035,-5126

518035,107702

518035,71344

518035,-67094

518035,-114612

518035,-48694

518035,88836

518035,111620

518035,42514

518035,-93844

518035,-151888

518035,-44472

518035,137122

518035,165524

518035,-29104

518035,-140916

518035,-96380

518035,66460

518035,117320

518035,18844

518035,-103776

518035,-97254

518035,49292

518035,117002

518035,41054

RAW_SUMMARY id=1 requested=4000 captured=1856 unused_capacity=4144 max_pcm_abs=251470 raw_mean=14775.6 raw_abs_mean=72231.1 raw_min=-204142 raw_max=251470 baseline=-7.4

OK RAW

