# run: RAW_i2s_post350_3_quiettail
# firmware: role=analyzer git=464b8fc version=0.4.0
# imported-from: quiet3_trimmed.log (mtime 2026-10-09T09:45:24)
RAW_BEGIN id=6 sr=16000 trigger_ms=597380 command_ms=597016 emit_seen=1 emit_start_ms=597029 emit_done_ms=597126 f=3200 dur=100 pre_ms=0 post_ms=350 decim=1 pre_samples=0 post_samples=5600 mode=i2s output=csv fields=ms,pcm
ms,pcm
597146,17526
597146,12308
597146,590
597146,-1162
597146,8662
597146,18702
597146,12852
597146,1314
597146,-1414
597146,8974
597146,17276
597146,11712
597146,1950
597146,598
597146,11328
597146,16610
597146,9430
597146,-1128
597146,536
597146,11852
597146,18892
597146,11198
597146,-2100
597146,-2854
597146,10340
597146,18600
597146,12186
597146,-470
597146,-2458
597146,9278
597146,16314
597146,10946
597146,1360
597146,-2678
597146,7846
597146,14572
597146,11674
597146,1456
597146,-1100
597146,6218
597146,11626
597146,8836
597146,3404
597146,4244
597146,6896
597146,10858
597146,7372
597146,3436
597146,4806
597146,7996
597146,6734
597146,4090
597146,3010
597146,5466
597146,7030
597146,5474
597146,2400
597146,1652
597146,3492
597146,6306
597146,4340
597146,1706
597146,1384
597146,1876
597146,2896
597147,1868
597147,-2096
597147,-2470
597147,2234
597147,5736
597147,3480
597147,-4360
597147,-4648
597147,1572
597147,6468
597147,3324
597147,-5088
597147,-5908
597147,1656
597147,5482
597147,1230
597147,-5710
597147,-4260
597147,1806
597147,5858
597147,618
597147,-8280
597147,-8066
597147,1272
597147,7352
597147,2738
597147,-5944
597147,-7836
597147,1442
597147,7734
597147,112
597147,-9140
597147,-8930
597147,1374
597147,8238
597147,1524
597153,-9040
597153,-12918
597153,-2950
597153,6790
597153,2300
597153,-10438
597153,-12410
597153,-4312
597153,6384
597153,3568
597153,-6790
597153,-11390
597153,-4640
597153,4966
597153,4546
597153,-6206
597153,-13686
597153,-5614
597153,3844
597153,2976
597153,-7092
597153,-15148
597153,-7878
597153,390
597153,1964
597153,-5286
597153,-13674
597154,-9536
597154,-354
597154,824
597154,-7044
597154,-10950
597154,-8440
597154,-3274
597154,-1312
597154,-7462
597154,-12066
597154,-10026
597154,-3332
597154,-4396
597154,-9314
597154,-15150
597154,-10826
597154,-2802
597154,-3576
597154,-10316
597154,-13512
597154,-11148
597154,-6100
597154,-5132
597154,-14462
597154,-16922
597154,-11758
597154,-4526
597154,-6380
597154,-13228
597154,-15756
597154,-10602
597154,-3784
597154,-6306
597154,-13712
597154,-18596
597154,-8616
597154,-2412
597154,-5356
597154,-13832
597154,-16876
597154,-10510
597154,-3996
597154,-5536
597154,-14570
597154,-18034
597154,-11576
597154,-3024
597154,-3090
597154,-13586
597154,-18706
597154,-10308
597154,-5252
597154,-5818
597154,-13204
597154,-17122
597154,-13012
597154,-7118
597154,-5804
597154,-13366
597154,-18676
597154,-13834
597154,-8236
597154,-7818
597154,-13702
597154,-17130
597155,-12266
597155,-7662
597155,-9998
597155,-15086
597155,-15904
597155,-11236
597155,-7238
597155,-9640
597155,-16382
597155,-18618
597155,-10618
597155,-3468
597155,-6974
597155,-16728
597155,-17976
597155,-9808
597155,-1598
597155,-6074
597155,-15896
597155,-17374
597155,-9988
597155,-1904
597155,-5026
597155,-15756
597155,-19352
597155,-12218
597155,-660
597155,-3142
597155,-12696
597155,-17578
597155,-11710
597155,-1066
597155,-1556
597155,-9608
597155,-16154
597155,-12042
597161,-3650
597161,-2552
597161,-8474
597161,-15700
597161,-11168
597161,-2570
597161,-1896
597161,-7810
597161,-13588
597161,-11738
597161,-2898
597161,-936
597161,-5998
597161,-12386
597161,-10548
597161,-2670
597161,256
597161,-5506
597161,-11318
597161,-8908
597161,-3478
597161,330
597161,-3708
597161,-8712
597161,-6214
597161,-2230
597161,824
597162,-2796
597162,-7820
597162,-5188
597162,-738
597162,680
597162,-3350
597162,-7786
597162,-2704
597162,1234
597162,1998
597162,-2626
597162,-7466
597162,-4550
597162,1026
597162,2332
597162,-2524
597162,-6948
597162,-3642
597162,1870
597162,2958
597162,-466
597162,-4576
597162,-1434
597162,2164
597162,1998
597162,-2690
597162,-5738
597162,-6150
597162,-994
597162,790
597162,-3038
597162,-6268
597162,-5618
597162,-1240
597162,278
597162,-2254
597162,-4714
597162,-994
597162,516
597162,370
597162,-2918
597162,-4370
597162,-1644
597162,418
597162,1938
597162,-1722
597162,-3904
597162,-1574
597162,392
597162,2794
597162,-1076
597162,-3892
597162,-1736
597162,2606
597162,4222
597162,650
597162,-5036
597162,-3774
597162,2876
597162,5718
597162,1226
597162,-6474
597162,-3210
597162,2106
597162,5598
597163,-240
597163,-7054
597163,-4548
597163,2078
597163,5904
597163,1400
597163,-5892
597163,-5938
597163,2352
597163,5260
597163,40
597163,-6470
597163,-5524
597163,1672
597163,5946
597163,2942
597163,-6666
597163,-7856
597163,614
597163,6228
597163,2882
597163,-6128
597163,-5648
597163,842
597163,6862
597163,4200
597163,-3694
597163,-6320
597163,36
597163,6724
597163,4956
597163,-4028
597163,-6184
597163,-618
597163,6514
597163,8420
597169,-904
597169,-3412
597169,608
597169,7230
597169,6134
597169,-916
597169,-5892
597169,446
597169,8472
597169,6874
597169,1000
597169,-2412
597169,1780
597169,8880
597169,8040
597169,-60
597169,-2498
597169,2976
597169,9876
597169,9944
597169,1606
597169,-2610
597169,3496
597169,10950
597169,8910
597169,310
597169,-1116
597170,2430
597170,9632
597170,8234
597170,2024
597170,-378
597170,4156
597170,8482
597170,6420
597170,1108
597170,-1834
597170,3600
597170,6556
597170,4412
597170,-1540
597170,-786
597170,4920
597170,7830
597170,4564
597170,-668
597170,-1178
597170,5162
597170,9736
597170,5778
597170,2054
597170,418
597170,6068
597170,9826
597170,7778
597170,724
597170,202
597170,5236
597170,8888
597170,5096
597170,-824
597170,766
597170,6350
597170,11504
597170,8018
597170,1224
597170,1716
597170,5784
597170,9186
597170,7170
597170,2750
597170,792
597170,7950
597170,12544
597170,9626
597170,3530
597170,26
597170,8852
597170,12328
597170,10246
597170,4238
597170,4266
597170,10458
597170,14154
597170,10554
597170,6198
597170,5970
597170,11378
597170,18368
597170,15692
597170,6528
597170,4040
597171,12994
597171,19098
597171,17330
597171,8840
597171,5742
597171,13522
597171,20234
597171,18142
597171,8894
597171,6632
597171,14994
597171,22478
597171,19572
597171,7138
597171,6766
597171,16754
597171,23182
597171,19140
597171,9398
597171,7668
597171,15458
597171,19664
597171,18002
597171,9186
597171,8752
597171,16724
597171,21994
597171,19128
597171,9860
597171,9532
597171,16482
597171,24538
597171,20924
597171,13318
597171,12838
597171,19800
597177,23846
597177,19994
597177,13348
597177,12242
597177,20180
597177,25380
597177,20866
597177,11964
597177,12398
597177,20832
597177,27340
597177,23694
597177,12214
597177,12258
597177,22552
597177,28540
597177,24044
597177,13272
597177,11312
597177,21600
597177,31412
597177,27148
597177,14848
597177,13400
597177,24286
597177,32134
597177,27944
597178,17276
597178,12644
597178,22760
597178,33716
597178,30790
597178,20028
597178,14816
597178,25294
597178,32526
597178,28542
597178,20214
597178,17510
597178,25622
597178,33382
597178,28296
597178,20878
597178,19744
597178,28668
597178,34216
597178,28654
597178,20294
597178,20620
597178,30278
597178,33740
597178,29580
597178,20340
597178,23234
597178,30646
597178,35210
597178,30420
597178,23138
597178,24896
597178,33626
597178,36692
597178,31704
597178,23788
597178,24280
597178,35154
597178,39446
597178,32134
597178,24278
597178,25696
597178,35820
597178,40868
597178,33464
597178,23750
597178,26444
597178,36838
597178,41146
597178,33780
597178,27180
597178,28370
597178,36640
597178,41454
597178,33920
597178,26930
597178,29108
597178,37702
597178,40434
597178,34780
597178,27568
597178,28890
597178,38758
597178,40032
597178,34916
597179,27046
597179,28662
597179,37160
597179,38800
597179,32226
597179,24400
597179,27474
597179,37418
597179,39574
597179,31324
597179,24592
597179,28054
597179,36908
597179,39168
597179,33926
597179,27026
597179,29182
597179,37776
597179,41120
597179,34428
597179,28278
597179,31794
597179,37988
597179,39374
597179,34236
597179,27876
597179,30392
597179,36514
597179,38230
597179,32392
597179,27976
597179,29870
597179,38080
597179,41310
597179,34656
597179,28726
597185,30038
597185,39454
597185,42052
597185,34628
597185,28400
597185,30078
597185,37996
597185,41072
597185,34322
597185,27370
597185,28952
597185,37938
597185,42618
597185,35434
597185,27350
597185,28250
597185,36414
597185,41986
597185,35650
597185,26490
597185,26930
597185,36788
597185,39370
597185,33762
597185,26284
597185,25684
597185,34676
597186,40044
597186,35106
597186,25934
597186,27698
597186,37106
597186,39618
597186,33796
597186,25986
597186,24758
597186,33292
597186,38084
597186,34188
597186,26132
597186,25416
597186,31324
597186,38248
597186,31998
597186,24254
597186,26522
597186,32286
597186,36666
597186,31000
597186,24464
597186,24380
597186,33092
597186,35744
597186,29786
597186,23290
597186,24332
597186,31724
597186,34432
597186,28700
597186,24906
597186,26296
597186,33254
597186,37334
597186,30802
597186,23258
597186,23492
597186,33728
597186,36846
597186,31830
597186,23296
597186,22508
597186,32578
597186,37680
597186,32986
597186,23524
597186,22972
597186,32274
597186,39078
597186,32560
597186,25074
597186,25790
597186,31340
597186,37540
597186,34058
597186,24314
597186,23108
597186,31798
597186,38910
597186,35000
597186,26430
597186,24418
597186,31000
597187,37182
597187,33654
597187,27284
597187,24136
597187,29830
597187,37396
597187,31866
597187,25674
597187,24312
597187,30078
597187,35416
597187,32840
597187,26186
597187,23918
597187,30776
597187,36836
597187,33426
597187,25362
597187,22598
597187,29106
597187,35830
597187,31830
597187,25216
597187,22254
597187,28364
597187,33028
597187,30676
597187,23866
597187,21406
597187,27126
597187,32806
597187,30516
597187,24944
597187,22402
597187,26606
597187,32978
597193,28552
597193,24104
597193,21884
597193,28446
597193,33686
597193,29438
597193,22900
597193,22724
597193,29454
597193,34010
597193,31006
597193,24356
597193,24180
597193,32082
597193,35226
597193,33158
597193,22492
597193,22070
597193,30928
597193,35618
597193,31798
597193,24488
597193,22638
597193,29936
597193,36778
597193,33742
597193,24654
597194,23324
597194,29074
597194,34660
597194,32998
597194,25488
597194,22372
597194,26790
597194,34170
597194,35030
597194,28992
597194,24628
597194,28686
597194,34258
597194,33964
597194,29500
597194,25638
597194,30566
597194,36994
597194,35572
597194,29552
597194,27602
597194,31014
597194,36486
597194,34462
597194,27782
597194,26816
597194,33118
597194,36098
597194,33806
597194,28036
597194,26378
597194,31950
597194,35976
597194,35038
597194,28346
597194,26174
597194,31670
597194,35244
597194,33610
597194,27356
597194,25874
597194,30540
597194,35828
597194,33722
597194,29092
597194,27650
597194,30904
597194,34280
597194,34298
597194,28724
597194,28568
597194,32842
597194,35482
597194,32394
597194,29400
597194,28450
597194,32454
597194,36326
597194,34474
597194,29126
597194,29128
597194,34160
597194,36624
597194,34558
597194,31442
597195,28352
597195,33168
597195,37882
597195,35774
597195,31122
597195,30274
597195,34378
597195,39028
597195,36566
597195,29388
597195,29890
597195,32854
597195,35850
597195,34884
597195,32488
597195,29726
597195,32366
597195,36342
597195,34510
597195,30016
597195,27526
597195,32158
597195,34214
597195,33654
597195,29394
597195,28928
597195,31200
597195,34452
597195,31520
597195,26820
597195,26624
597195,29568
597195,33030
597195,32600
597195,28022
597195,25562
597201,28658
597201,33052
597201,31916
597201,26896
597201,27038
597201,30030
597201,32000
597201,31370
597201,24920
597201,24696
597201,30886
597201,33064
597201,32360
597201,28186
597201,27760
597201,31716
597201,34868
597201,32086
597201,26070
597201,27112
597201,31854
597201,34750
597201,32806
597201,26074
597201,26356
597201,30856
597201,35372
597202,32450
597202,26316
597202,26118
597202,31830
597202,35612
597202,32140
597202,26838
597202,26236
597202,31828
597202,35504
597202,31020
597202,25490
597202,24944
597202,31186
597202,34714
597202,31260
597202,24842
597202,22272
597202,30652
597202,35572
597202,32198
597202,23852
597202,22206
597202,27556
597202,33956
597202,30660
597202,22778
597202,20292
597202,25982
597202,31234
597202,28962
597202,22580
597202,18700
597202,24014
597202,29848
597202,26158
597202,21310
597202,18350
597202,24118
597202,28732
597202,26992
597202,21558
597202,16786
597202,20782
597202,27534
597202,26548
597202,21812
597202,18412
597202,20114
597202,24928
597202,24382
597202,19428
597202,16594
597202,20112
597202,25368
597202,24388
597202,18488
597202,16208
597202,20132
597202,24754
597202,25196
597202,20760
597202,18308
597202,22014
597202,25744
597203,23908
597203,19424
597203,18574
597203,20316
597203,24710
597203,22836
597203,18306
597203,15256
597203,19066
597203,22382
597203,24392
597203,19748
597203,16184
597203,18486
597203,21824
597203,19568
597203,14256
597203,13278
597203,17400
597203,20854
597203,19328
597203,15074
597203,13412
597203,15662
597203,19546
597203,18288
597203,13812
597203,11812
597203,14886
597203,19506
597203,18570
597203,12876
597203,11564
597203,15412
597203,18500
597203,16814
597209,12092
597209,12508
597209,15438
597209,18552
597209,17734
597209,13600
597209,9722
597209,14190
597209,18590
597209,18140
597209,12596
597209,10662
597209,13754
597209,19660
597209,20962
597209,14844
597209,11950
597209,13116
597209,18942
597209,19560
597209,13846
597209,10130
597209,11106
597209,18332
597209,19598
597209,14302
597209,10404
597210,10270
597210,16840
597210,18336
597210,15454
597210,9960
597210,12824
597210,15832
597210,16856
597210,14590
597210,10650
597210,10198
597210,13608
597210,14950
597210,14248
597210,9894
597210,9992
597210,13850
597210,14486
597210,12494
597210,9656
597210,11246
597210,14236
597210,15116
597210,12472
597210,8590
597210,9654
597210,13274
597210,13066
597210,10922
597210,7966
597210,9842
597210,11656
597210,12126
597210,10322
597210,8606
597210,10714
597210,12056
597210,13442
597210,13458
597210,8868
597210,10184
597210,11836
597210,13906
597210,11686
597210,9224
597210,10212
597210,10416
597210,13992
597210,9668
597210,8484
597210,8346
597210,10138
597210,12088
597210,10906
597210,10254
597210,9210
597210,10942
597210,11250
597210,10318
597210,8438
597210,11998
597210,12720
597210,12076
597210,10650
597210,9034
597211,9966
597211,12268
597211,12466
597211,9622
597211,9032
597211,9006
597211,11010
597211,10334
597211,11046
597211,8774
597211,10226
597211,12928
597211,11340
597211,11082
597211,8566
597211,10000
597211,12002
597211,13024
597211,10890
597211,10938
597211,10550
597211,12156
597211,12932
597211,12012
597211,13624
597211,13534
597211,12082
597211,13432
597211,12938
597211,13256
597211,13250
597211,13176
597211,13140
597211,12162
597211,10664
597211,13588
597217,13902
597217,12742
597217,10832
597217,12456
597217,12378
597217,12832
597217,11484
597217,12832
597217,10582
597217,12390
597217,13796
597217,12250
597217,10340
597217,11364
597217,11060
597217,11050
597217,12024
597217,12126
597217,10546
597217,11526
597217,9566
597217,9460
597217,11718
597217,11800
597217,10382
597217,11180
597217,11284
597218,11542
597218,8790
597218,9582
597218,8156
597218,9458
597218,10516
597218,9774
597218,8854
597218,10450
597218,10900
597218,8358
597218,8600
597218,9582
597218,9620
597218,10008
597218,8852
597218,9114
597218,8378
597218,9688
597218,10044
597218,10642
597218,8304
597218,9456
597218,10554
597218,10506
597218,10306
597218,9808
597218,8744
597218,9812
597218,10118
597218,10276
597218,11414
597218,12584
597218,11978
597218,11496
597218,11046
597218,11042
597218,13050
597218,11734
597218,10922
597218,15468
597218,14258
597218,13068
597218,11480
597218,12554
597218,13106
597218,12748
597218,13414
597218,12168
597218,10916
597218,12852
597218,14146
597218,12270
597218,11918
597218,11212
597218,11920
597218,13980
597218,12602
597218,12834
597218,11890
597218,12814
597218,13440
597218,12918
597218,11848
597218,11786
597219,10948
597219,12356
597219,11852
597219,12710
597219,12666
597219,11746
597219,9840
597219,12632
597219,12504
597219,13624
597219,13454
597219,13380
597219,12554
597219,13012
597219,13366
597219,13422
597219,11612
597219,11192
597219,11614
597219,12978
597219,14316
597219,12194
597219,10366
597219,11370
597219,14898
597219,15158
597219,15790
597219,13962
597219,12292
597219,13722
597219,15810
597219,15474
597219,14024
597219,14152
597219,14430
597219,17720
597225,15874
597225,15194
597225,13628
597225,13692
597225,15368
597225,18510
597225,17020
597225,15180
597225,17462
597225,16758
597225,20252
597225,18100
597225,17412
597225,17590
597225,19046
597225,18392
597225,19644
597225,16590
597225,17576
597225,20602
597225,19772
597225,17696
597225,16036
597225,17018
597225,17924
597225,19812
597225,18428
597226,16162
597226,16682
597226,17346
597226,19560
597226,18854
597226,16420
597226,17562
597226,19770
597226,19578
597226,18190
597226,17008
597226,15826
597226,19856
597226,19772
597226,19130
597226,17386
597226,16280
597226,16886
597226,18220
597226,15824
597226,14530
597226,16318
597226,17442
597226,19548
597226,18906
597226,15768
597226,14790
597226,15304
597226,19042
597226,17886
597226,16144
597226,16184
597226,16338
597226,18694
597226,18598
597226,16308
597226,15480
597226,18046
597226,20034
597226,19020
597226,16874
597226,14818
597226,17794
597226,19930
597226,18194
597226,18346
597226,15684
597226,18566
597226,18790
597226,17494
597226,17810
597226,16412
597226,16582
597226,18746
597226,17516
597226,15476
597226,15750
597226,17800
597226,19626
597226,17008
597226,16186
597226,16646
597226,19532
597226,20138
597226,18258
597227,15206
597227,17396
597227,18948
597227,19708
597227,17368
597227,15886
597227,16924
597227,19730
597227,18896
597227,17658
597227,16306
597227,17266
597227,20424
597227,20462
597227,17974
597227,17378
597227,19098
597227,21146
597227,21526
597227,20348
597227,19274
597227,18876
597227,21498
597227,22922
597227,21636
597227,18264
597227,19508
597227,22628
597227,21566
597227,21010
597227,19910
597227,21142
597227,21750
597227,21246
597227,19536
597227,18736
597233,18956
597233,19804
597233,22520
597233,20630
597233,19776
597233,19676
597233,20596
597233,21726
597233,20938
597233,18930
597233,19012
597233,21306
597233,19736
597233,17516
597233,17744
597233,17986
597233,21818
597233,22672
597233,19724
597233,16118
597233,17232
597233,21556
597233,21944
597233,18082
597233,18860
597233,17274
597233,18592
597234,18598
597234,18154
597234,18224
597234,18052
597234,19546
597234,19346
597234,18788
597234,15338
597234,16084
597234,19224
597234,20218
597234,17830
597234,15276
597234,16612
597234,18540
597234,20288
597234,17630
597234,16102
597234,17082
597234,20126
597234,21392
597234,18992
597234,16684
597234,17030
597234,20180
597234,20594
597234,16290
597234,16116
597234,17488
597234,19854
597234,19740
597234,16986
597234,15764
597234,16918
597234,19216
597234,18816
597234,16744
597234,14312
597234,16562
597234,17812
597234,17678
597234,16578
597234,15280
597234,16882
597234,18046
597234,19146
597234,16560
597234,16020
597234,15706
597234,17708
597234,17228
597234,15332
597234,13302
597234,14952
597234,17002
597234,15814
597234,15158
597234,14470
597234,17142
597234,17752
597234,17376
597234,15236
597234,13434
597234,14320
597234,16858
597235,14068
597235,15752
597235,15758
597235,16662
597235,17758
597235,16284
597235,13894
597235,13206
597235,15782
597235,16832
597235,16436
597235,15600
597235,14946
597235,15714
597235,16478
597235,18180
597235,16728
597235,15396
597235,15904
597235,16976
597235,17668
597235,15398
597235,14008
597235,15444
597235,16532
597235,15684
597235,15018
597235,15952
597235,16638
597235,16346
597235,16596
597235,16496
597235,15218
597235,17142
597235,16284
597235,17694
597241,15430
597241,13752
597241,16264
597241,17740
597241,17470
597241,15626
597241,14438
597241,17044
597241,17938
597241,17272
597241,14524
597241,14264
597241,16714
597241,18310
597241,16170
597241,14210
597241,13496
597241,15262
597241,19016
597241,17836
597241,17324
597241,17958
597241,17440
597241,17436
597241,18892
597241,16326
597241,15368
597242,17532
597242,19384
597242,19016
597242,16894
597242,16968
597242,17040
597242,19150
597242,18604
597242,17318
597242,17146
597242,16096
597242,17630
597242,17482
597242,17198
597242,15344
597242,16554
597242,18100
597242,17304
597242,16404
597242,15712
597242,17078
597242,18152
597242,17556
597242,17452
597242,14380
597242,15220
597242,16652
597242,18300
597242,15320
597242,15690
597242,17124
597242,16888
597242,18880
597242,17592
597242,15960
597242,16962
597242,18170
597242,17432
597242,18316
597242,18564
597242,18766
597242,19816
597242,19780
597242,16716
597242,17304
597242,17408
597242,19428
597242,21406
597242,20490
597242,19204
597242,19310
597242,21788
597242,21528
597242,20480
597242,19098
597242,21070
597242,23080
597242,21846
597242,21374
597242,21120
597242,20774
597242,24376
597242,24242
597242,21848
597242,20578
597243,20210
597243,24420
597243,23536
597243,22158
597243,23048
597243,21846
597243,24458
597243,24924
597243,22626
597243,24116
597243,23594
597243,23730
597243,22756
597243,22578
597243,21968
597243,22162
597243,20408
597243,21400
597243,21478
597243,20950
597243,20420
597243,21610
597243,21978
597243,21152
597243,22086
597243,20016
597243,20436
597243,20186
597243,21624
597243,21446
597243,19820
597243,19762
597243,22122
597243,23754
597243,22588
597243,23836
597249,22192
597249,22016
597249,24204
597249,23696
597249,22944
597249,22968
597249,25294
597249,27256
597249,25380
597249,23528
597249,23194
597249,23394
597249,25874
597249,26880
597249,25248
597249,23862
597249,24996
597249,27704
597249,28078
597249,27598
597249,26522
597249,28228
597249,27652
597249,27678
597249,27008
597249,27000
597249,25404
597250,27458
597250,29120
597250,27930
597250,24910
597250,26496
597250,27350
597250,27672
597250,28264
597250,27742
597250,27172
597250,28728
597250,27782
597250,28210
597250,28452
597250,28540
597250,29128
597250,27090
597250,28980
597250,28410
597250,27340
597250,28482
597250,27750
597250,28848
597250,28192
597250,27324
597250,28304
597250,28524
597250,27688
597250,27444
597250,28150
597250,27472
597250,28188
597250,27392
597250,27134
597250,26308
597250,27854
597250,29258
597250,26652
597250,26238
597250,26330
597250,26136
597250,28120
597250,28284
597250,26340
597250,26668
597250,24694
597250,26228
597250,26858
597250,26354
597250,26324
597250,27452
597250,27776
597250,26266
597250,26286
597250,26496
597250,27750
597250,27576
597250,25424
597250,26508
597250,27702
597250,28072
597250,27648
597250,26986
597250,27386
597250,27874
597251,28150
597251,26462
597251,25872
597251,27634
597251,27954
597251,28562
597251,26574
597251,25294
597251,26634
597251,30170
597251,29012
597251,27680
597251,26178
597251,24636
597251,27038
597251,27012
597251,25814
597251,24618
597251,24772
597251,26148
597251,25012
597251,24280
597251,24574
597251,23996
597251,25014
597251,26334
597251,25038
597251,23512
597251,22678
597251,25350
597251,24090
597251,24628
597251,22666
597251,22202
597251,25786
597251,26934
597257,25316
597257,22520
597257,22842
597257,24152
597257,25290
597257,24458
597257,23126
597257,22766
597257,24808
597257,27268
597257,26070
597257,23354
597257,23080
597257,26170
597257,28064
597257,26510
597257,25000
597257,24006
597257,25976
597257,26316
597257,26654
597257,24336
597257,22982
597257,25418
597257,27000
597257,24728
597257,21632
597258,21850
597258,22234
597258,24806
597258,22510
597258,22286
597258,20580
597258,22912
597258,23646
597258,22478
597258,22108
597258,19804
597258,22496
597258,24162
597258,23470
597258,20008
597258,19226
597258,20248
597258,24022
597258,21714
597258,18200
597258,19078
597258,22126
597258,25436
597258,23468
597258,20680
597258,18012
597258,20814
597258,23502
597258,22574
597258,19302
597258,19214
597258,21546
597258,23604
597258,22958
597258,20284
597258,20220
597258,21826
597258,24990
597258,23598
597258,20762
597258,20296
597258,21254
597258,24044
597258,24770
597258,21186
597258,21074
597258,22858
597258,24236
597258,24256
597258,19890
597258,21714
597258,22754
597258,24752
597258,22706
597258,21518
597258,21078
597258,22124
597258,24596
597258,22642
597258,21098
597258,19262
597258,21108
597258,23818
597258,22428
597258,20500
597259,19426
597259,22466
597259,24674
597259,22116
597259,20128
597259,17964
597259,19198
597259,22934
597259,22408
597259,20458
597259,19272
597259,19528
597259,24086
597259,22242
597259,18116
597259,18606
597259,21166
597259,23544
597259,21776
597259,19474
597259,18950
597259,21082
597259,23482
597259,21908
597259,19874
597259,19116
597259,20396
597259,24896
597259,20836
597259,20608
597259,19190
597259,21980
597259,23268
597259,23610
597259,17752
597259,17216
597265,21848
597265,23490
597265,21142
597265,17944
597265,17570
597265,21566
597265,23862
597265,20862
597265,17874
597265,18042
597265,19782
597265,22492
597265,19574
597265,17180
597265,17346
597265,21088
597265,21068
597265,19910
597265,17458
597265,17564
597265,21238
597265,23002
597265,20726
597265,18606
597265,18730
597265,21782
597265,23528
597266,22380
597266,18680
597266,18524
597266,20348
597266,22634
597266,21328
597266,19014
597266,19020
597266,19800
597266,25220
597266,22272
597266,16876
597266,17150
597266,20520
597266,23592
597266,20952
597266,17734
597266,18454
597266,21366
597266,23040
597266,21074
597266,18278
597266,16166
597266,20426
597266,21992
597266,20678
597266,19462
597266,17482
597266,18592
597266,22516
597266,21506
597266,18850
597266,17070
597266,20126
597266,21740
597266,20394
597266,17598
597266,18286
597266,20712
597266,20944
597266,18620
597266,17424
597266,16374
597266,18718
597266,21606
597266,21228
597266,18244
597266,18468
597266,20422
597266,21864
597266,21458
597266,18488
597266,18276
597266,21454
597266,21288
597266,21600
597266,17862
597266,17516
597266,19170
597266,21962
597266,20218
597266,18132
597266,15672
597266,18178
597266,20288
597267,18184
597267,15814
597267,13902
597267,17130
597267,19760
597267,18880
597267,15864
597267,14876
597267,16358
597267,16942
597267,16318
597267,15224
597267,13500
597267,15542
597267,18164
597267,17940
597267,15584
597267,13152
597267,15286
597267,17130
597267,16272
597267,14766
597267,13890
597267,15908
597267,18078
597267,15782
597267,13696
597267,13210
597267,14748
597267,16224
597267,16066
597267,11844
597267,13044
597267,12606
597267,16184
597267,14194
597273,11428
597273,9766
597273,11858
597273,15168
597273,14622
597273,11200
597273,8454
597273,11040
597273,13410
597273,12930
597273,10324
597273,7032
597273,10776
597273,12740
597273,13160
597273,9168
597273,6832
597273,8500
597273,10822
597273,12960
597273,9794
597273,7060
597273,8730
597273,12318
597273,12542
597273,8808
597273,7942
597274,8598
597274,11944
597274,10896
597274,8254
597274,6268
597274,7456
597274,8458
597274,8166
597274,6044
597274,4662
597274,6370
597274,7446
597274,7256
597274,4956
597274,2986
597274,5662
597274,6900
597274,5738
597274,4130
597274,2776
597274,3826
597274,5068
597274,4408
597274,3356
597274,1736
597274,3552
597274,4696
597274,5176
597274,2814
597274,1260
597274,658
597274,4930
597274,5108
597274,1322
597274,-206
597274,2550
597274,3604
597274,2272
597274,866
597274,-416
597274,714
597274,3162
597274,3600
597274,-146
597274,-2742
597274,930
597274,1288
597274,1770
597274,-672
597274,-2654
597274,-330
597274,2830
597274,2148
597274,-1892
597274,-2944
597274,-1050
597274,1280
597274,412
597274,-2828
597274,-3218
597274,-3010
597274,-990
597274,-462
597274,-2014
597274,-3030
597275,-2168
597275,-276
597275,1442
597275,-896
597275,-2174
597275,-674
597275,1604
597275,2060
597275,-686
597275,-3950
597275,-2928
597275,364
597275,-32
597275,-2532
597275,-3666
597275,-3104
597275,-1114
597275,862
597275,-2084
597275,-2424
597275,-1068
597275,1276
597275,2030
597275,-1332
597275,-2352
597275,-626
597275,1782
597275,78
597275,-10
597275,-1320
597275,-864
597275,1486
597275,510
597275,-366
597275,-910
597275,312
597281,582
597281,-606
597281,-184
597281,-1496
597281,-464
597281,2340
597281,1202
597281,-764
597281,948
597281,822
597281,3012
597281,4150
597281,1232
597281,-590
597281,1796
597281,4860
597281,3228
597281,1364
597281,670
597281,710
597281,2050
597281,2452
597281,-2878
597281,-2294
597281,590
597281,2896
597281,3934
597282,374
597282,-742
597282,-168
597282,-92
597282,658
597282,184
597282,-2250
597282,-1010
597282,274
597282,488
597282,-942
597282,-2818
597282,-374
597282,1878
597282,844
597282,-258
597282,-3870
597282,-3138
597282,-854
597282,-918
597282,-1868
597282,-3464
597282,-3156
597282,-2856
597282,-2756
597282,-3902
597282,-4962
597282,-2970
597282,-2786
597282,-1366
597282,-3040
597282,-3258
597282,-2912
597282,-1010
597282,-1438
597282,-3496
597282,-3810
597282,-3672
597282,-1218
597282,-2156
597282,-3750
597282,-4376
597282,-4988
597282,-2754
597282,-3886
597282,-5322
597282,-5520
597282,-6502
597282,-4150
597282,-2152
597282,-5256
597282,-6448
597282,-6486
597282,-4870
597282,-3972
597282,-6290
597282,-7598
597282,-9606
597282,-6244
597282,-6456
597282,-7628
597282,-9150
597282,-10112
597282,-8364
597282,-8188
597283,-10390
597283,-11714
597283,-9146
597283,-9002
597283,-8302
597283,-9992
597283,-12690
597283,-10620
597283,-11094
597283,-9718
597283,-11602
597283,-13092
597283,-13168
597283,-11530
597283,-11644
597283,-12610
597283,-14724
597283,-14698
597283,-12684
597283,-12786
597283,-15018
597283,-14238
597283,-15480
597283,-13790
597283,-13900
597283,-16910
597283,-18168
597283,-17018
597283,-14940
597283,-16512
597283,-18912
597283,-19416
597283,-17404
597283,-16656
597283,-15276
597283,-17346
597289,-19252
597289,-17878
597289,-17836
597289,-17164
597289,-18818
597289,-19216
597289,-18964
597289,-15738
597289,-16782
597289,-18860
597289,-19996
597289,-19176
597289,-16536
597289,-15960
597289,-18564
597289,-18280
597289,-17060
597289,-16936
597289,-18222
597289,-19030
597289,-20022
597289,-18974
597289,-17502
597289,-18136
597289,-18758
597289,-20048
597289,-19026
597290,-19788
597290,-19950
597290,-21702
597290,-22024
597290,-20090
597290,-19844
597290,-20626
597290,-23564
597290,-26280
597290,-22752
597290,-23078
597290,-21256
597290,-23782
597290,-25306
597290,-23462
597290,-23050
597290,-22676
597290,-25274
597290,-25408
597290,-24892
597290,-22808
597290,-22516
597290,-24264
597290,-26814
597290,-24724
597290,-23136
597290,-23598
597290,-24554
597290,-26902
597290,-25420
597290,-24818
597290,-24336
597290,-24742
597290,-25676
597290,-25792
597290,-22296
597290,-22058
597290,-25026
597290,-26318
597290,-26844
597290,-24502
597290,-24518
597290,-28004
597290,-26630
597290,-25480
597290,-23748
597290,-24302
597290,-26552
597290,-27916
597290,-26674
597290,-26014
597290,-26638
597290,-26484
597290,-27664
597290,-28074
597290,-26644
597290,-26340
597290,-28382
597290,-31224
597290,-29370
597290,-27054
597290,-26086
597290,-28832
597290,-29120
597290,-28438
597291,-27748
597291,-26296
597291,-28402
597291,-29292
597291,-28444
597291,-27402
597291,-26318
597291,-28200
597291,-28330
597291,-28612
597291,-26684
597291,-26682
597291,-25672
597291,-27746
597291,-26312
597291,-23030
597291,-25122
597291,-26884
597291,-28234
597291,-26908
597291,-25946
597291,-24584
597291,-25768
597291,-25596
597291,-27884
597291,-27362
597291,-26034
597291,-28750
597291,-30082
597291,-28388
597291,-26134
597291,-25998
597291,-28550
597291,-29572
597291,-27318
597291,-26412
597297,-25746
597297,-27198
597297,-29076
597297,-28496
597297,-26826
597297,-26152
597297,-27036
597297,-28292
597297,-27180
597297,-25538
597297,-28492
597297,-26768
597297,-29144
597297,-27458
597297,-27020
597297,-27144
597297,-27662
597297,-28680
597297,-26984
597297,-26318
597297,-25080
597297,-28186
597297,-28662
597297,-26026
597297,-24274
597297,-25884
597297,-27502
597298,-26772
597298,-27024
597298,-25412
597298,-26180
597298,-25658
597298,-26798
597298,-25208
597298,-25496
597298,-26406
597298,-25596
597298,-26396
597298,-26096
597298,-25222
597298,-24432
597298,-26080
597298,-27484
597298,-26502
597298,-26606
597298,-24220
597298,-26124
597298,-28428
597298,-26604
597298,-23600
597298,-25032
597298,-25308
597298,-27518
597298,-26714
597298,-24018
597298,-23496
597298,-25240
597298,-25104
597298,-23254
597298,-23024
597298,-22746
597298,-23152
597298,-24054
597298,-22792
597298,-21988
597298,-21824
597298,-22818
597298,-23186
597298,-21966
597298,-21048
597298,-21950
597298,-22334
597298,-22096
597298,-20972
597298,-20466
597298,-18976
597298,-23016
597298,-22782
597298,-21310
597298,-18272
597298,-19302
597298,-21026
597298,-22122
597298,-22350
597298,-18586
597298,-20400
597298,-22542
597298,-22886
597298,-20548
597298,-21098
597298,-21212
597298,-20242
597299,-23052
597299,-21630
597299,-19990
597299,-19392
597299,-20644
597299,-21190
597299,-20634
597299,-20102
597299,-19532
597299,-20818
597299,-20098
597299,-20062
597299,-17540
597299,-17838
597299,-20218
597299,-20258
597299,-18232
597299,-17764
597299,-18592
597299,-19092
597299,-19072
597299,-19258
597299,-18370
597299,-18718
597299,-20032
597299,-19218
597299,-17246
597299,-15782
597299,-18346
597299,-17976
597299,-18546
597299,-17592
597299,-14328
597299,-15730
597299,-17790
597299,-19018
597305,-17080
597305,-16912
597305,-15794
597305,-18500
597305,-17502
597305,-16938
597305,-18248
597305,-17252
597305,-19056
597305,-18712
597305,-17906
597305,-16310
597305,-17102
597305,-19250
597305,-20138
597305,-17832
597305,-17430
597305,-16990
597305,-19664
597305,-19546
597305,-19916
597305,-18764
597305,-21000
597305,-19706
597305,-20272
597305,-18862
597305,-18200
597306,-19560
597306,-19896
597306,-20088
597306,-18580
597306,-20112
597306,-20182
597306,-21424
597306,-22436
597306,-20692
597306,-20550
597306,-20536
597306,-22584
597306,-21940
597306,-20962
597306,-18542
597306,-20472
597306,-22100
597306,-22256
597306,-23440
597306,-21686
597306,-22774
597306,-23730
597306,-25028
597306,-23134
597306,-23036
597306,-23038
597306,-26636
597306,-26734
597306,-24032
597306,-22572
597306,-23938
597306,-24566
597306,-26646
597306,-26014
597306,-23184
597306,-26836
597306,-27892
597306,-28234
597306,-25778
597306,-26194
597306,-26776
597306,-28872
597306,-28726
597306,-29582
597306,-27970
597306,-27650
597306,-29970
597306,-29456
597306,-29790
597306,-29034
597306,-29316
597306,-30712
597306,-31012
597306,-33078
597306,-31280
597306,-32460
597306,-33094
597306,-32074
597306,-33432
597306,-31526
597306,-33278
597306,-34494
597306,-35040
597306,-32140
597306,-32750
597307,-33532
597307,-36204
597307,-38016
597307,-35736
597307,-34724
597307,-36346
597307,-37690
597307,-39110
597307,-36454
597307,-38070
597307,-40078
597307,-39966
597307,-40680
597307,-39800
597307,-39162
597307,-41338
597307,-40884
597307,-40508
597307,-41622
597307,-39364
597307,-41580
597307,-42128
597307,-42376
597307,-40516
597307,-40308
597307,-41844
597307,-43596
597307,-44046
597307,-42082
597307,-42452
597307,-41058
597307,-43030
597307,-42040
597307,-41986
597307,-42898
597307,-43332
597313,-45034
597313,-46498
597313,-45344
597313,-46212
597313,-45924
597313,-48086
597313,-48212
597313,-48952
597313,-50080
597313,-48234
597313,-49720
597313,-50822
597313,-47760
597313,-48182
597313,-48620
597313,-49812
597313,-50914
597313,-50796
597313,-50578
597313,-49124
597313,-49444
597313,-49668
597313,-50088
597313,-48662
597313,-49904
597313,-51096
597313,-51426
597314,-50502
597314,-49196
597314,-49642
597314,-52268
597314,-52012
597314,-51174
597314,-51570
597314,-51206
597314,-52238
597314,-53020
597314,-50444
597314,-50320
597314,-50782
597314,-53386
597314,-53512
597314,-52264
597314,-52362
597314,-52448
597314,-53286
597314,-54516
597314,-54236
597314,-52800
597314,-54538
597314,-55850
597314,-54976
597314,-55234
597314,-55228
597314,-54092
597314,-55984
597314,-54208
597314,-56212
597314,-55742
597314,-54590
597314,-57492
597314,-56344
597314,-56408
597314,-54538
597314,-55928
597314,-55472
597314,-55370
597314,-55438
597314,-55352
597314,-54374
597314,-54912
597314,-55158
597314,-56162
597314,-55710
597314,-55334
597314,-55780
597314,-57614
597314,-55976
597314,-54812
597314,-55994
597314,-55838
597314,-58298
597314,-58428
597314,-56866
597314,-56964
597314,-57066
597314,-56618
597314,-56194
597314,-58130
597314,-57118
597314,-57228
597314,-55910
597315,-56650
597315,-56534
597315,-58632
597315,-58696
597315,-57048
597315,-57586
597315,-58634
597315,-59234
597315,-57520
597315,-57536
597315,-56424
597315,-55898
597315,-56482
597315,-56688
597315,-57986
597315,-56820
597315,-56504
597315,-58412
597315,-57202
597315,-56612
597315,-55180
597315,-56730
597315,-55264
597315,-57740
597315,-57430
597315,-55140
597315,-57070
597315,-56380
597315,-55892
597315,-55950
597315,-54500
597315,-55988
597315,-55594
597315,-55526
597315,-55460
597315,-55004
597321,-55846
597321,-55562
597321,-55692
597321,-54840
597321,-54718
597321,-55084
597321,-52412
597321,-54850
597321,-52706
597321,-52644
597321,-52708
597321,-51946
597321,-54198
597321,-52914
597321,-51406
597321,-52104
597321,-51464
597321,-52042
597321,-52266
597321,-52466
597321,-52198
597321,-50130
597321,-50016
597321,-51706
597321,-50592
597321,-49590
597321,-49524
597322,-47878
597322,-49196
597322,-50336
597322,-48134
597322,-46582
597322,-48582
597322,-47146
597322,-47912
597322,-48276
597322,-47226
597322,-48292
597322,-47356
597322,-49006
597322,-47048
597322,-46186
597322,-47044
597322,-46672
597322,-45202
597322,-44740
597322,-44450
597322,-44510
597322,-46698
597322,-47502
597322,-45488
597322,-45794
597322,-45854
597322,-46240
597322,-46492
597322,-45224
597322,-44352
597322,-45352
597322,-45130
597322,-45900
597322,-45742
597322,-43780
597322,-43392
597322,-42292
597322,-43042
597322,-42294
597322,-41938
597322,-42108
597322,-42070
597322,-42072
597322,-41362
597322,-41146
597322,-41626
597322,-41432
597322,-41760
597322,-40136
597322,-40626
597322,-41134
597322,-40046
597322,-39416
597322,-40708
597322,-39438
597322,-39378
597322,-39868
597322,-39258
597322,-39630
597322,-39924
597322,-39566
597322,-38750
597322,-39884
597322,-39848
597322,-39712
597323,-38812
597323,-40148
597323,-41058
597323,-38950
597323,-40702
597323,-42660
597323,-41070
597323,-40396
597323,-41964
597323,-41698
597323,-41108
597323,-41588
597323,-41666
597323,-42608
597323,-42338
597323,-42304
597323,-42998
597323,-41148
597323,-43022
597323,-44114
597323,-44182
597323,-43240
597323,-44168
597323,-44088
597323,-44854
597323,-43138
597323,-43698
597323,-44470
597323,-44930
597323,-44116
597323,-44424
597323,-43856
597323,-42602
597323,-43882
597323,-44672
597323,-45800
597329,-45582
597329,-46190
597329,-44916
597329,-44922
597329,-46164
597329,-45524
597329,-45326
597329,-45382
597329,-46694
597329,-46450
597329,-45872
597329,-46162
597329,-44870
597329,-45486
597329,-46242
597329,-45438
597329,-45404
597329,-46132
597329,-46738
597329,-45958
597329,-46176
597329,-47528
597329,-46150
597329,-46086
597329,-47026
597329,-46524
597329,-46082
597330,-46084
597330,-45698
597330,-45226
597330,-46274
597330,-46296
597330,-46120
597330,-46104
597330,-46034
597330,-47000
597330,-47096
597330,-48192
597330,-49088
597330,-47662
597330,-48522
597330,-49686
597330,-48592
597330,-49712
597330,-49480
597330,-49864
597330,-49558
597330,-48582
597330,-48376
597330,-48858
597330,-50014
597330,-48432
597330,-50922
597330,-50950
597330,-50946
597330,-53146
597330,-52164
597330,-52232
597330,-51162
597330,-51584
597330,-51466
597330,-51116
597330,-50590
597330,-52186
597330,-52704
597330,-52742
597330,-52840
597330,-52764
597330,-51666
597330,-52738
597330,-53566
597330,-53366
597330,-53062
597330,-54192
597330,-52312
597330,-52650
597330,-54148
597330,-54318
597330,-54926
597330,-53810
597330,-53242
597330,-56222
597330,-54258
597330,-55960
597330,-54552
597330,-54020
597330,-57248
597330,-57086
597330,-57378
597330,-56742
597330,-56060
597330,-56874
597331,-57900
597331,-58984
597331,-59870
597331,-60958
597331,-58656
597331,-60442
597331,-60492
597331,-61038
597331,-61654
597331,-58784
597331,-60790
597331,-60712
597331,-61804
597331,-62176
597331,-61026
597331,-60248
597331,-60532
597331,-62598
597331,-62812
597331,-61582
597331,-62646
597331,-62722
597331,-64836
597331,-64084
597331,-65062
597331,-66244
597331,-65540
597331,-66208
597331,-65148
597331,-65546
597331,-65344
597331,-66640
597331,-67328
597331,-67558
597331,-66676
597331,-66978
597337,-69796
597337,-67580
597337,-69410
597337,-67984
597337,-67260
597337,-69682
597337,-67826
597337,-71004
597337,-70506
597337,-69940
597337,-68460
597337,-72216
597337,-71338
597337,-70944
597337,-71692
597337,-71764
597337,-72712
597337,-70982
597337,-72560
597337,-72532
597337,-74214
597337,-74586
597337,-75822
597337,-74982
597337,-75620
597337,-75072
597337,-74582
597338,-75150
597338,-75076
597338,-74128
597338,-74980
597338,-75442
597338,-74582
597338,-76976
597338,-76950
597338,-77944
597338,-76664
597338,-75332
597338,-75828
597338,-76374
597338,-76686
597338,-76152
597338,-77660
597338,-77518
597338,-78456
597338,-77124
597338,-76702
597338,-75942
597338,-76372
597338,-76848
597338,-76104
597338,-75968
597338,-75184
597338,-77370
597338,-76650
597338,-77388
597338,-76730
597338,-77446
597338,-76098
597338,-76312
597338,-75730
597338,-75922
597338,-76950
597338,-76460
597338,-75820
597338,-77538
597338,-78442
597338,-77186
597338,-77434
597338,-77400
597338,-78112
597338,-77046
597338,-76586
597338,-76678
597338,-76108
597338,-76512
597338,-75740
597338,-75086
597338,-75690
597338,-75368
597338,-75088
597338,-75428
597338,-75570
597338,-74982
597338,-73828
597338,-73072
597338,-72766
597338,-73556
597338,-72150
597338,-71386
597338,-71716
597338,-71248
597339,-72090
597339,-71592
597339,-71870
597339,-73210
597339,-72448
597339,-70686
597339,-71758
597339,-71928
597339,-70964
597339,-71078
597339,-70258
597339,-70990
597339,-71750
597339,-71982
597339,-72006
597339,-70358
597339,-70408
597339,-70616
597339,-69246
597339,-68586
597339,-69460
597339,-69034
597339,-70658
597339,-69386
597339,-70638
597339,-69460
597339,-68954
597339,-69692
597339,-68552
597339,-68530
597339,-68376
597339,-69588
597339,-69250
597339,-69934
597339,-68924
597339,-70380
597345,-68148
597345,-68176
597345,-67946
597345,-67384
597345,-68662
597345,-69530
597345,-70580
597345,-69772
597345,-69038
597345,-68120
597345,-69074
597345,-70092
597345,-68682
597345,-68790
597345,-70074
597345,-68268
597345,-71514
597345,-70966
597345,-69122
597345,-69756
597345,-69466
597345,-68382
597345,-68590
597345,-70702
597345,-70544
597345,-70640
597345,-69628
597346,-70978
597346,-70532
597346,-69798
597346,-69756
597346,-69376
597346,-69938
597346,-69364
597346,-68658
597346,-68928
597346,-69304
597346,-69300
597346,-67514
597346,-66222
597346,-66262
597346,-67938
597346,-67526
597346,-66844
597346,-66416
597346,-66322
597346,-67798
597346,-67632
597346,-68818
597346,-68090
597346,-67540
597346,-67668
597346,-67406
597346,-67854
597346,-67274
597346,-66732
597346,-67600
597346,-67764
597346,-68382
597346,-68076
597346,-67880
597346,-68528
597346,-68722
597346,-68862
597346,-69494
597346,-69384
597346,-68984
597346,-70342
597346,-69184
597346,-69062
597346,-68626
597346,-69666
597346,-68842
597346,-69368
597346,-67742
597346,-68310
597346,-67608
597346,-66988
597346,-68236
597346,-67062
597346,-69018
597346,-69514
597346,-69186
597346,-69694
597346,-69800
597346,-69582
597346,-69404
597346,-71184
597346,-71294
597346,-70712
597346,-69898
597346,-70292
597347,-71104
597347,-72138
597347,-70744
597347,-70650
597347,-70456
597347,-71090
597347,-71354
597347,-69960
597347,-71798
597347,-71666
597347,-72858
597347,-71718
597347,-71252
597347,-71842
597347,-70166
597347,-70172
597347,-71502
597347,-72432
597347,-73212
597347,-73022
597347,-71960
597347,-73414
597347,-73494
597347,-73600
597347,-73306
597347,-74520
597347,-74426
597347,-74784
597347,-75078
597347,-75442
597347,-76850
597347,-75922
597347,-78428
597347,-78044
597347,-78302
597347,-77730
597353,-79238
597353,-77766
597353,-78118
597353,-79124
597353,-79154
597353,-78942
597353,-79126
597353,-78524
597353,-79464
597353,-80154
597353,-80028
597353,-81326
597353,-80490
597353,-80176
597353,-81888
597353,-82104
597353,-80400
597353,-80822
597353,-82090
597353,-82102
597353,-81196
597353,-80684
597353,-82204
597353,-82132
597353,-82562
597353,-82080
597353,-83182
597354,-83780
597354,-83822
597354,-83908
597354,-85920
597354,-84460
597354,-84806
597354,-84744
597354,-87298
597354,-87578
597354,-87458
597354,-87926
597354,-85812
597354,-86354
597354,-87664
597354,-88944
597354,-88852
597354,-87722
597354,-88492
597354,-89602
597354,-91856
597354,-90678
597354,-90962
597354,-91456
597354,-92344
597354,-92752
597354,-94316
597354,-92886
597354,-94856
597354,-94214
597354,-94192
597354,-95182
597354,-94940
597354,-96044
597354,-96348
597354,-96182
597354,-99062
597354,-95736
597354,-96368
597354,-96868
597354,-95202
597354,-98692
597354,-96728
597354,-97956
597354,-99192
597354,-98984
597354,-99142
597354,-97880
597354,-99414
597354,-101104
597354,-100768
597354,-100422
597354,-99602
597354,-101436
597354,-102326
597354,-101028
597354,-101076
597354,-100800
597354,-103270
597354,-102016
597354,-103074
597354,-103034
597354,-101924
597354,-102778
597354,-103744
597354,-101766
597355,-102860
597355,-103924
597355,-104224
597355,-104084
597355,-102996
597355,-103614
597355,-103128
597355,-103872
597355,-106022
597355,-103632
597355,-103980
597355,-104060
597355,-105730
597355,-104428
597355,-104798
597355,-104822
597355,-104796
597355,-105028
597355,-105040
597355,-104384
597355,-105346
597355,-106482
597355,-104756
597355,-105532
597355,-104324
597355,-103016
597355,-104848
597355,-104024
597355,-103750
597355,-103866
597355,-103968
597355,-103818
597355,-104380
597355,-103512
597355,-103118
597355,-101334
597361,-102766
597361,-102450
597361,-103726
597361,-101652
597361,-103070
597361,-103046
597361,-102996
597361,-103512
597361,-102400
597361,-102864
597361,-102926
597361,-103884
597361,-102176
597361,-101122
597361,-102358
597361,-100852
597361,-102118
597361,-102476
597361,-102718
597361,-101058
597361,-102028
597361,-101366
597361,-100842
597361,-100550
597361,-100650
597361,-100932
597361,-100364
597362,-100428
597362,-99470
597362,-98230
597362,-99354
597362,-98954
597362,-99042
597362,-98494
597362,-97476
597362,-98062
597362,-96770
597362,-97900
597362,-96806
597362,-97434
597362,-97564
597362,-97130
597362,-96970
597362,-96128
597362,-98400
597362,-98222
597362,-96660
597362,-96216
597362,-97014
597362,-97080
597362,-98318
597362,-98346
597362,-96730
597362,-95434
597362,-97022
597362,-95594
597362,-94320
597362,-95508
597362,-94220
597362,-94520
597362,-94472
597362,-95458
597362,-94310
597362,-95316
597362,-94616
597362,-95204
597362,-93586
597362,-91214
597362,-92898
597362,-91474
597362,-92986
597362,-93242
597362,-93594
597362,-93274
597362,-93274
597362,-91940
597362,-92018
597362,-91798
597362,-91268
597362,-91090
597362,-91898
597362,-91110
597362,-90934
597362,-90544
597362,-90056
597362,-90824
597362,-90464
597362,-87794
597362,-86932
597362,-87656
597362,-88888
597362,-88008
597363,-87394
597363,-87022
597363,-86438
597363,-88470
597363,-87200
597363,-87324
597363,-85408
597363,-86050
597363,-86292
597363,-88286
597363,-87072
597363,-86836
597363,-85556
597363,-88088
597363,-87874
597363,-87028
597363,-87972
597363,-88018
597363,-87074
597363,-86518
597363,-86634
597363,-86634
597363,-87152
597363,-86102
597363,-84884
597363,-85184
597363,-85390
597363,-85670
597363,-86058
597363,-87620
597363,-87246
597363,-87250
597363,-87752
597363,-87402
597363,-88086
597363,-87276
597369,-88398
597369,-87812
597369,-87102
597369,-87124
597369,-86576
597369,-86540
597369,-85366
597369,-86468
597369,-85792
597369,-86218
597369,-84604
597369,-84452
597369,-84246
597369,-85088
597369,-83872
597369,-85486
597369,-84228
597369,-84106
597369,-86294
597369,-84950
597369,-84052
597369,-84202
597369,-85618
597369,-86408
597369,-84740
597369,-84708
597369,-84670
597370,-84558
597370,-84716
597370,-85046
597370,-84400
597370,-84470
597370,-85488
597370,-85486
597370,-84776
597370,-84252
597370,-85064
597370,-83684
597370,-84818
597370,-84954
597370,-83876
597370,-84416
597370,-85064
597370,-85866
597370,-86986
597370,-84898
597370,-85744
597370,-86640
597370,-87028
597370,-85996
597370,-86820
597370,-86910
597370,-86122
597370,-86600
597370,-87476
597370,-87280
597370,-85570
597370,-86298
597370,-86554
597370,-87110
597370,-86954
597370,-86850
597370,-86840
597370,-87124
597370,-85240
597370,-84994
597370,-85802
597370,-85816
597370,-85630
597370,-84346
597370,-84136
597370,-85826
597370,-84950
597370,-85482
597370,-85276
597370,-84960
597370,-86298
597370,-85528
597370,-84962
597370,-85528
597370,-87040
597370,-86128
597370,-87074
597370,-85194
597370,-85562
597370,-85470
597370,-85804
597370,-85784
597370,-85852
597370,-86500
597370,-87420
597370,-86816
597371,-87490
597371,-88964
597371,-88794
597371,-89648
597371,-88934
597371,-88392
597371,-90594
597371,-90156
597371,-89280
597371,-89530
597371,-90700
597371,-90338
597371,-91356
597371,-91190
597371,-91986
597371,-92476
597371,-92982
597371,-92830
597371,-92712
597371,-93056
597371,-92724
597371,-94216
597371,-94370
597371,-94092
597371,-94418
597371,-94356
597371,-93374
597371,-94176
597371,-94716
597371,-94856
597371,-94316
597371,-94238
597371,-93246
597371,-93450
597371,-93390
597371,-93838
597377,-93134
597377,-93442
597377,-94736
597377,-91998
597377,-93424
597377,-93058
597377,-93616
597377,-93382
597377,-92066
597377,-92612
597377,-93582
597377,-92598
597377,-93280
597377,-93040
597377,-93400
597377,-93808
597377,-93656
597377,-94046
597377,-95318
597377,-95730
597377,-94828
597377,-95026
597377,-94448
597377,-94276
597377,-95494
597377,-95136
597377,-96588
597378,-96070
597378,-95772
597378,-96220
597378,-97816
597378,-97346
597378,-94884
597378,-96954
597378,-97276
597378,-96746
597378,-95842
597378,-96982
597378,-97018
597378,-96574
597378,-97292
597378,-97400
597378,-98344
597378,-97286
597378,-97328
597378,-98124
597378,-98458
597378,-97048
597378,-95268
597378,-95202
597378,-96160
597378,-96516
597378,-96476
597378,-95808
597378,-94720
597378,-95872
597378,-95448
597378,-94582
597378,-92546
597378,-91764
597378,-92226
597378,-92024
597378,-90750
597378,-90724
597378,-91506
597378,-91840
597378,-90954
597378,-90416
597378,-90406
597378,-88638
597378,-88372
597378,-90286
597378,-89792
597378,-87864
597378,-87506
597378,-88632
597378,-91310
597378,-89794
597378,-87982
597378,-88422
597378,-88596
597378,-89558
597378,-87654
597378,-88960
597378,-89442
597378,-90760
597378,-90718
597378,-90746
597378,-88622
597378,-88720
597378,-88410
597378,-89326
597379,-87706
597379,-87402
597379,-87736
597379,-88338
RAW_SUMMARY trimmed