# run: RAW_i2s_post350_1
# firmware: role=analyzer git=464b8fc version=0.4.0
# imported-from: quiet1.log (mtime 2026-10-09T09:45:00)
RAW_INFO mode=i2s output=csv

RAW_INFO row_size=12

RAW_BEGIN id=4 sr=16000 trigger_ms=573178 command_ms=573164 emit_seen=1 emit_start_ms=573178 emit_done_ms=573274 f=3200 dur=100 pre_ms=0 post_ms=350 decim=1 pre_samples=0 post_samples=5600 mode=i2s output=csv fields=ms,pcm

ms,pcm

573180,150840

573180,151710

573180,150576

573180,150894

573180,150404

573180,149348

573180,150990

573180,149580

573180,149068

573180,149540

573180,147886

573180,148536

573180,149640

573180,150484

573180,151162

573180,150790

573180,149296

573180,149208

573180,156738

573180,194698

573180,151824

573180,91150

573180,36074

573180,163352

573180,312844

573180,273480

573180,26124

573180,-76674

573180,109946

573180,315212

573180,332844

573180,100732

573180,-46454

573180,52296

573180,288614

573180,331272

573180,117938

573180,-62152

573180,31202

573180,302396

573180,353090

573180,153626

573180,-62898

573180,-18540

573180,243766

573180,365428

573180,211818

573181,-33446

573181,-45744

573181,194118

573181,348796

573181,233750

573181,-58

573181,-36022

573181,159194

573181,311608

573181,220636

573181,25788

573181,6256

573181,163044

573181,280150

573181,182818

573181,29732

573181,32708

573181,181750

573181,271064

573181,167780

573181,22862

573181,35688

573181,198526

573181,271982

573181,155372

573181,10262

573181,40496

573181,211094

573181,275624

573181,155254

573181,2292

573181,30998

573181,202340

573181,279722

573181,164160

573181,8686

573181,24842

573181,187984

573181,276124

573181,166328

573181,14234

573181,28728

573181,185144

573181,263232

573181,160292

573181,20048

573181,37200

573181,181464

573181,253072

573181,150626

573181,15784

573181,37870

573181,186266

573181,257262

573181,150024

573181,6548

573181,30392

573181,189636

573181,261744

573181,145322

573181,798

573181,26460

573181,185386

573181,261402

573181,146848

573182,-3854

573182,16684

573182,183712

573182,268360

573182,151008

573182,-5334

573182,12722

573182,181454

573182,264508

573182,150710

573182,-1920

573182,13576

573182,173710

573182,258198

573182,153468

573182,1426

573185,9996

573185,164204

573185,248388

573185,153534

573185,846

573185,6776

573185,157556

573185,247492

573185,153842

573185,5828

573185,7422

573185,154412

573185,240986

573185,147446

573185,4804

573185,9272

573185,156836

573185,238516

573185,145344

573185,2734

573185,7746

573185,156920

573185,240578

573185,143046

573185,478

573185,9448

573185,158142

573186,236056

573186,141138

573186,2448

573186,13052

573186,156648

573186,235040

573186,142618

573186,3164

573186,8672

573186,155296

573186,235660

573186,139846

573186,3852

573186,11530

573186,156100

573186,234980

573186,140856

573186,3072

573186,11834

573186,154484

573186,230368

573186,140042

573186,5568

573186,14398

573186,155832

573186,231342

573186,136132

573186,3188

573186,15362

573186,158844

573186,232640

573186,135580

573186,-840

573186,12654

573186,157006

573186,233036

573186,138274

573186,332

573186,13118

573186,157460

573186,235192

573186,139286

573186,1304

573186,9278

573186,154270

573186,234516

573186,142154

573186,2932

573186,11178

573186,155242

573186,234664

573186,143502

573186,5006

573186,7814

573186,149332

573186,233318

573186,146230

573186,5494

573186,6242

573186,147798

573186,232620

573186,147942

573186,7098

573186,5910

573186,142836

573187,231630

573187,151320

573187,13650

573187,6220

573187,140896

573187,229400

573187,152636

573187,16718

573187,8362

573187,141596

573187,224142

573187,150884

573187,17838

573187,9752

573187,140722

573187,226052

573187,153302

573187,20142

573187,12416

573187,140650

573187,225018

573187,149038

573187,20140

573187,15436

573187,141188

573187,225700

573187,149988

573187,20090

573187,11972

573187,144056

573187,228066

573187,151898

573187,17808

573187,10542

573187,145328

573187,229508

573193,153794

573193,16464

573193,8898

573193,141288

573193,230364

573193,153968

573193,18392

573193,8778

573193,139332

573193,225616

573193,150566

573193,18742

573193,8730

573193,137444

573193,222800

573193,150276

573193,17144

573193,9076

573193,137686

573193,222706

573193,146020

573193,14776

573193,9658

573193,140462

573193,222764

573193,142756

573193,11792

573194,8406

573194,143886

573194,225406

573194,141018

573194,5684

573194,7030

573194,142934

573194,226070

573194,141930

573194,1092

573194,274

573194,140208

573194,227870

573194,143132

573194,614

573194,-1416

573194,138538

573194,226482

573194,143584

573194,3280

573194,312

573194,136944

573194,222836

573194,141850

573194,3516

573194,848

573194,136326

573194,220826

573194,140430

573194,4944

573194,38

573194,133512

573194,218710

573194,136982

573194,4016

573194,996

573194,133916

573194,217826

573194,134860

573194,76

573194,-84

573194,134958

573194,217680

573194,134088

573194,-690

573194,-2000

573194,134902

573194,218490

573194,138644

573194,544

573194,-2334

573194,134170

573194,218804

573194,138862

573194,2542

573194,-2380

573194,130064

573194,217240

573194,139086

573194,4462

573194,-2570

573194,130220

573194,216462

573194,140534

573194,8310

573195,-2512

573195,127172

573195,213562

573195,140514

573195,10088

573195,-674

573195,127064

573195,213852

573195,139980

573195,8740

573195,-1766

573195,125994

573195,212382

573195,138392

573195,7636

573195,-1914

573195,126978

573195,212328

573195,141562

573195,9324

573195,-252

573195,126510

573195,212584

573195,139714

573195,10112

573195,2004

573195,127094

573195,210060

573195,138628

573195,10646

573195,3386

573195,126958

573195,210998

573195,137860

573195,9270

573195,2658

573201,127592

573201,209762

573201,136812

573201,9702

573201,2318

573201,124278

573201,204588

573201,133346

573201,8636

573201,1880

573201,125274

573201,205502

573201,133818

573201,8526

573201,2704

573201,125286

573201,203950

573201,131888

573201,6970

573201,2732

573201,125392

573201,204028

573201,128914

573201,4752

573201,170

573201,124798

573201,202868

573202,127944

573202,554

573202,-1372

573202,125076

573202,206492

573202,129508

573202,414

573202,-2576

573202,125096

573202,205366

573202,129310

573202,-500

573202,-2830

573202,124538

573202,206086

573202,126750

573202,-2064

573202,-6440

573202,123824

573202,206858

573202,126654

573202,-3044

573202,-7610

573202,122572

573202,206228

573202,127512

573202,-3350

573202,-9110

573202,120046

573202,201130

573202,124778

573202,-5328

573202,-8948

573202,117866

573202,200950

573202,124530

573202,-4886

573202,-11496

573202,115626

573202,198326

573202,124312

573202,-6750

573202,-12112

573202,113608

573202,195536

573202,120778

573202,-5948

573202,-13284

573202,113492

573202,193414

573202,119786

573202,-6694

573202,-10396

573202,114736

573202,193056

573202,119232

573202,-6364

573202,-9656

573202,114464

573202,194748

573202,119312

573202,-7014

573202,-10794

573202,117028

573202,194322

573203,118444

573203,-6946

573203,-9594

573203,116084

573203,196346

573203,120802

573203,-5840

573203,-10928

573203,115588

573203,197026

573203,121450

573203,-6542

573203,-8422

573203,117328

573203,197882

573203,123002

573203,-4350

573203,-11638

573203,115192

573203,198090

573203,125118

573203,-2224

573203,-9994

573203,115726

573203,198174

573203,125760

573203,138

573203,-7246

573203,116938

573203,195218

573203,123548

573203,-1200

573203,-4036

573203,119344

573203,196752

573203,123938

573209,580

573209,-4104

573209,117344

573209,197340

573209,123266

573209,-108

573209,-1980

573209,123730

573209,200402

573209,123142

573209,-716

573209,-3516

573209,122862

573209,200638

573209,124680

573209,-536

573209,-2542

573209,125062

573209,203550

573209,124682

573209,-2910

573209,-4098

573209,124922

573209,204982

573209,127714

573209,-1496

573209,-2850

573210,126708

573210,207758

573210,130106

573210,492

573210,-2650

573210,128420

573210,209264

573210,131822

573210,3014

573210,-1076

573210,127740

573210,209740

573210,132718

573210,1600

573210,-72

573210,128528

573210,212196

573210,135382

573210,4912

573210,-968

573210,127308

573210,212560

573210,134492

573210,6478

573210,586

573210,127550

573210,211796

573210,135856

573210,7296

573210,2210

573210,129192

573210,212980

573210,135480

573210,4674

573210,600

573210,128626

573210,212952

573210,136304

573210,6948

573210,1328

573210,130114

573210,213022

573210,136708

573210,7894

573210,2448

573210,130430

573210,214982

573210,137516

573210,6002

573210,2100

573210,129948

573210,214774

573210,139808

573210,8828

573210,2264

573210,131104

573210,215376

573210,139866

573210,9360

573210,1864

573210,130386

573210,214734

573210,140400

573210,7586

573210,1986

573211,130860

573211,214036

573211,137582

573211,8274

573211,500

573211,131038

573211,214320

573211,137426

573211,7594

573211,3000

573211,133270

573211,215612

573211,137524

573211,8732

573211,3298

573211,131696

573211,216908

573211,138654

573211,7178

573211,3506

573211,134674

573211,217486

573211,137742

573211,7062

573211,3630

573211,136070

573211,218934

573211,140234

573211,8818

573211,5114

573211,136604

573211,221200

573211,139692

573211,8254

573211,6596

573211,137598

573217,222924

573217,142064

573217,9428

573217,5652

573217,137788

573217,222784

573217,142108

573217,8288

573217,5702

573217,140648

573217,225078

573217,143206

573217,7538

573217,2334

573217,138390

573217,225642

573217,144742

573217,9310

573217,4040

573217,139134

573217,226420

573217,144848

573217,8628

573217,4066

573217,138560

573217,225462

573217,144646

573218,8078

573218,4052

573218,138252

573218,223384

573218,142774

573218,7390

573218,3360

573218,138648

573218,223414

573218,143078

573218,7524

573218,2566

573218,137438

573218,223630

573218,143206

573218,6014

573218,2284

573218,136018

573218,222522

573218,143158

573218,7634

573218,1896

573218,134888

573218,220598

573218,142654

573218,9548

573218,3590

573218,135320

573218,220866

573218,141076

573218,8606

573218,3800

573218,134804

573218,219442

573218,140752

573218,7242

573218,3310

573218,135338

573218,220560

573218,140332

573218,6136

573218,2928

573218,134306

573218,217516

573218,138094

573218,7302

573218,1800

573218,133352

573218,216114

573218,136998

573218,2988

573218,-954

573218,131458

573218,214258

573218,134300

573218,1034

573218,-2070

573218,130528

573218,212626

573218,134476

573218,1206

573218,-4134

573218,127680

573218,210996

573218,133624

573219,-222

573219,-6468

573219,126956

573219,211422

573219,132648

573219,-80

573219,-5608

573219,125552

573219,209336

573219,131830

573219,58

573219,-4960

573219,127452

573219,209794

573219,128876

573219,-3420

573219,-6370

573219,127250

573219,210480

573219,128872

573219,-7502

573219,-8588

573219,125434

573219,211274

573219,128900

573219,-6540

573219,-8144

573219,126580

573219,209156

573219,129210

573219,-6518

573219,-10046

573219,125260

573219,209606

573219,127334

573219,-8110

573225,-11702

573225,122022

573225,206876

573225,124742

573225,-10714

573225,-13498

573225,121410

573225,204952

573225,124172

573225,-10744

573225,-13856

573225,119626

573225,205324

573225,122958

573225,-12204

573225,-12468

573225,120180

573225,203876

573225,123032

573225,-12196

573225,-13000

573225,121436

573225,203988

573225,122016

573225,-12452

573225,-12948

573225,121096

573226,202798

573226,120920

573226,-11244

573226,-13712

573226,123238

573226,205906

573226,122122

573226,-11144

573226,-11202

573226,125448

573226,207028

573226,120458

573226,-13526

573226,-12954

573226,123420

573226,205148

573226,122728

573226,-13766

573226,-15418

573226,125290

573226,206674

573226,122574

573226,-14968

573226,-15338

573226,121656

573226,204594

573226,122166

573226,-14304

573226,-16158

573226,120330

573226,206088

573226,123278

573226,-12234

573226,-14530

573226,120718

573226,204204

573226,122702

573226,-12216

573226,-12236

573226,122276

573226,202818

573226,123020

573226,-10856

573226,-11898

573226,122274

573226,203366

573226,122838

573226,-8452

573226,-10258

573226,122578

573226,201768

573226,122060

573226,-10140

573226,-10328

573226,124024

573226,205116

573226,122300

573226,-9296

573226,-8612

573226,123756

573226,204380

573226,122940

573226,-7210

573226,-6566

573226,126110

573227,206436

573227,124308

573227,-8338

573227,-9730

573227,123662

573227,205494

573227,125416

573227,-6714

573227,-10528

573227,123076

573227,203884

573227,123766

573227,-6330

573227,-10940

573227,123126

573227,204174

573227,123422

573227,-5814

573227,-7920

573227,123060

573227,201782

573227,122906

573227,-5942

573227,-7222

573227,122520

573227,203242

573227,122572

573227,-7032

573227,-8162

573227,120666

573227,202870

573227,122730

573227,-7768

573227,-9874

573227,122694

573227,203786

573233,123876

573233,-5948

573233,-9610

573233,121260

573233,204870

573233,125804

573233,-5298

573233,-8012

573233,122230

573233,205196

573233,126236

573233,-7316

573233,-9230

573233,123066

573233,204234

573233,124594

573233,-5582

573233,-8560

573233,121622

573233,203100

573233,124930

573233,-8862

573233,-11506

573233,121096

573233,203820

573233,121948

573233,-8042

573234,-8470

573234,122052

573234,203466

573234,122990

573234,-9004

573234,-11404

573234,120758

573234,203718

573234,119992

573234,-11686

573234,-12182

573234,120486

573234,202142

573234,118586

573234,-13670

573234,-13134

573234,119292

573234,200064

573234,119324

573234,-14670

573234,-16206

573234,117822

573234,200632

573234,117542

573234,-14858

573234,-17384

573234,116104

573234,198746

573234,119082

573234,-14790

573234,-18358

573234,112992

573234,196268

573234,116826

573234,-17400

573234,-19476

573234,113288

573234,197438

573234,117096

573234,-15244

573234,-19446

573234,112600

573234,195932

573234,116450

573234,-17012

573234,-19430

573234,111074

573234,192340

573234,112630

573234,-18892

573234,-20510

573234,110916

573234,192482

573234,112882

573234,-19388

573234,-21132

573234,109528

573234,191276

573234,111040

573234,-22004

573234,-23008

573234,108844

573234,191638

573234,110668

573234,-23152

573235,-25548

573235,109090

573235,191922

573235,111482

573235,-23198

573235,-24726

573235,108684

573235,192348

573235,111238

573235,-23256

573235,-25498

573235,110666

573235,195452

573235,111444

573235,-22940

573235,-25406

573235,108616

573235,194418

573235,113364

573235,-20886

573235,-26212

573235,109570

573235,192600

573235,109858

573235,-22780

573235,-28126

573235,106064

573235,190800

573235,111850

573235,-23670

573235,-28482

573235,108392

573235,191724

573235,111604

573235,-24202

573235,-29444

573241,105238

573241,189754

573241,109884

573241,-25148

573241,-29150

573241,102976

573241,189340

573241,108838

573241,-29438

573241,-32252

573241,101638

573241,186726

573241,107638

573241,-28086

573241,-34866

573241,99086

573241,185412

573241,104528

573241,-29550

573241,-33272

573241,99696

573241,185300

573241,104448

573241,-31188

573241,-33926

573241,98926

573241,181974

573242,100844

573242,-32892

573242,-37010

573242,97718

573242,181248

573242,100680

573242,-34336

573242,-37288

573242,97672

573242,180090

573242,99792

573242,-34970

573242,-37228

573242,97002

573242,179320

573242,98064

573242,-36640

573242,-39076

573242,94378

573242,179476

573242,98270

573242,-37848

573242,-42340

573242,91530

573242,178384

573242,97494

573242,-39528

573242,-43228

573242,90532

573242,177248

573242,98504

573242,-38776

573242,-43662

573242,88160

573242,176116

573242,96106

573242,-40830

573242,-45374

573242,89918

573242,175514

573242,96702

573242,-40884

573242,-46070

573242,88478

573242,172960

573242,93372

573242,-41868

573242,-47080

573242,85500

573242,171070

573242,92750

573242,-42810

573242,-47642

573242,85340

573242,172890

573242,91966

573242,-44648

573242,-51008

573242,82400

573242,169352

573242,89238

573242,-47182

573242,-52758

573242,80156

573242,166122

573243,89964

573243,-46744

573243,-52718

573243,79486

573243,165320

573243,88348

573243,-46986

573243,-52786

573243,78170

573243,164446

573243,86604

573243,-48244

573243,-53704

573243,78766

573243,163088

573243,84876

573243,-47858

573243,-55294

573243,77810

573243,162444

573243,82580

573243,-51720

573243,-56174

573243,77730

573243,163500

573243,82458

573243,-52422

573243,-56946

573243,75926

573243,162562

573243,84758

573243,-51986

573243,-59782

573243,73600

573243,159612

573243,82608

573249,-54434

573249,-60414

573249,71822

573249,157932

573249,82806

573249,-52826

573249,-61240

573249,70266

573249,157606

573249,80278

573249,-56534

573249,-63114

573249,69674

573249,157186

573249,79570

573249,-56280

573249,-63030

573249,69646

573249,156618

573249,78234

573249,-56914

573249,-63378

573249,70480

573249,154366

573249,78800

573249,-55872

573249,-63150

573250,69896

573250,155232

573250,76986

573250,-56766

573250,-63562

573250,67420

573250,151150

573250,74728

573250,-57592

573250,-64338

573250,67800

573250,151262

573250,73834

573250,-59526

573250,-63182

573250,67388

573250,151304

573250,75270

573250,-59180

573250,-64374

573250,67590

573250,153508

573250,75026

573250,-59240

573250,-62508

573250,69196

573250,153372

573250,75032

573250,-58716

573250,-61886

573250,69746

573250,154092

573250,72374

573250,-60984

573250,-64852

573250,68326

573250,152494

573250,74546

573250,-61416

573250,-65450

573250,68670

573250,152642

573250,72834

573250,-61050

573250,-66318

573250,67006

573250,150964

573250,72258

573250,-62776

573250,-68966

573250,65990

573250,151204

573250,73054

573250,-61464

573250,-68372

573250,65154

573250,151144

573250,72154

573250,-62734

573250,-70248

573250,64136

573250,151894

573250,73048

573250,-62300

573250,-69588

573251,63612

573251,151556

573251,72598

573251,-62522

573251,-69346

573251,62012

573251,149034

573251,72376

573251,-62854

573251,-69746

573251,62586

573251,148540

573251,70442

573251,-63612

573251,-70808

573251,61972

573251,146790

573251,69218

573251,-65370

573251,-72202

573251,60182

573251,147916

573251,70482

573251,-64498

573251,-72136

573251,60434

573251,146976

573251,70460

573251,-64622

573251,-72632

573251,61484

573251,145762

573251,70296

573251,-64746

573251,-71650

573251,61738

573257,147380

573257,69158

573257,-65316

573257,-71720

573257,61730

573257,146958

573257,70462

573257,-62964

573257,-71240

573257,61008

573257,148492

573257,71382

573257,-63852

573257,-70510

573257,62188

573257,147984

573257,70620

573257,-65084

573257,-70492

573257,62122

573257,148100

573257,70920

573257,-63238

573257,-69116

573257,61934

573257,148620

573257,71580

573258,-64564

573258,-69532

573258,64478

573258,152452

573258,73968

573258,-61858

573258,-67896

573258,65402

573258,152630

573258,76184

573258,-61242

573258,-68324

573258,65972

573258,154358

573258,76736

573258,-59672

573258,-67148

573258,66528

573258,155666

573258,78214

573258,-56718

573258,-65978

573258,65828

573258,156192

573258,79478

573258,-55292

573258,-65572

573258,66368

573258,155690

573258,78886

573258,-56166

573258,-65256

573258,65992

573258,155162

573258,80880

573258,-54404

573258,-64308

573258,66602

573258,154710

573258,80910

573258,-55174

573258,-63980

573258,66314

573258,156650

573258,81034

573258,-56596

573258,-65238

573258,68240

573258,154582

573258,79838

573258,-55292

573258,-64632

573258,66342

573258,155532

573258,80572

573258,-54024

573258,-65198

573258,65718

573258,155362

573258,81178

573258,-54128

573258,-63498

573258,67208

573258,155012

573258,81996

573259,-52802

573259,-64108

573259,67968

573259,156260

573259,81972

573259,-53046

573259,-61924

573259,67276

573259,157220

573259,85068

573259,-49720

573259,-61992

573259,68348

573259,157074

573259,83248

573259,-51218

573259,-60208

573259,68756

573259,157552

573259,82696

573259,-52286

573259,-60650

573259,68660

573259,158596

573259,84240

573259,-50918

573259,-59814

573259,71058

573259,160314

573259,84300

573259,-50654

573259,-59044

573259,68328

573259,156800

573259,84058

573259,-49418

573265,-60706

573265,70080

573265,158688

573265,83000

573265,-49852

573265,-59966

573265,68278

573265,156594

573265,85162

573265,-49266

573265,-59508

573265,68872

573265,157466

573265,83194

573265,-49868

573265,-59992

573265,67806

573265,156064

573265,82302

573265,-50978

573265,-60474

573265,68886

573265,156150

573265,83148

573265,-51062

573265,-59850

573265,69024

573266,156536

573266,82730

573266,-50112

573266,-60818

573266,68520

573266,156012

573266,82828

573266,-50372

573266,-61258

573266,67312

573266,157428

573266,84360

573266,-48422

573266,-60394

573266,68014

573266,158098

573266,85610

573266,-49080

573266,-58544

573266,69558

573266,158534

573266,86274

573266,-48072

573266,-58206

573266,69458

573266,157950

573266,88202

573266,-45502

573266,-56386

573266,71402

573266,160060

573266,87574

573266,-46010

573266,-56728

573266,72300

573266,161226

573266,88982

573266,-43990

573266,-55114

573266,74164

573266,163204

573266,89520

573266,-42392

573266,-55970

573266,72376

573266,165840

573266,92668

573266,-41122

573266,-51408

573266,74192

573266,165374

573266,92496

573266,-42232

573266,-52986

573266,76760

573266,165200

573266,92164

573266,-42664

573266,-53222

573266,74288

573266,164870

573266,92182

573266,-42724

573266,-52806

573266,75792

573267,164100

573267,93790

573267,-41186

573267,-52510

573267,76570

573267,165176

573267,94220

573267,-38654

573267,-50018

573267,76650

573267,167972

573267,95846

573267,-38586

573267,-48446

573267,79472

573267,167784

573267,95648

573267,-38260

573267,-46988

573267,79580

573267,168278

573267,95642

573267,-35840

573267,-46680

573267,82084

573267,171810

573267,98190

573267,-36742

573267,-46410

573267,81862

573267,171582

573267,99662

573267,-36900

573267,-47646

573267,82590

573267,171782

573273,99998

573273,-36032

573275,-47368

573275,82214

573275,173880

573275,100918

573275,-34538

573275,-45920

573275,83378

573275,171814

573275,99506

573275,-33820

573275,-45204

573275,81924

573275,172420

573275,103598

573275,-29890

573275,-44402

573275,83496

573275,173870

573275,103512

573275,-31580

573275,-42740

573275,87326

573275,175770

573275,104970

573275,-29766

573275,-41350

573275,85958

573275,174852

573276,104358

573276,-29264

573276,-42262

573276,86856

573276,177038

573276,105926

573276,-27596

573276,-39588

573276,87088

573276,176758

573276,107190

573276,-26716

573276,-39548

573276,89250

573276,177926

573276,106658

573276,-26218

573276,-38688

573276,89144

573276,178832

573276,107088

573276,-25344

573276,-36824

573276,90468

573276,177456

573276,107900

573276,-25840

573276,-37642

573276,89378

573276,178626

573276,108482

573276,-24716

573276,-37950

573276,90852

573276,179528

573276,108580

573276,-24132

573276,-42884

573276,46430

573276,174028

573276,166572

573276,87868

573276,-53596

573276,-72610

573276,58828

573276,234774

573276,199494

573276,-56

573276,-77882

573276,-150

573276,161076

573276,170764

573276,60016

573276,-49362

573276,912

573276,145046

573276,184180

573276,76828

573276,-64272

573276,-22438

573276,109462

573276,186408

573276,125436

573276,-10268

573276,-38100

573277,46932

573277,158874

573277,153072

573277,36870

573277,-24018

573277,24062

573277,123796

573277,142216

573277,73996

573277,12968

573277,35746

573277,97942

573277,101044

573277,70178

573277,43786

573277,70444

573277,91810

573277,72218

573277,47370

573277,51086

573277,87616

573277,96576

573277,67424

573277,34048

573277,53072

573277,102340

573277,113168

573277,63342

573277,21574

573277,48166

573277,101430

573277,118190

573277,72576

573281,29014

573281,43356

573281,90846

573281,111474

573281,78790

573281,42012

573281,46930

573281,86702

573281,103862

573281,72332

573281,44074

573281,56698

573281,91770

573281,94298

573281,61262

573281,45482

573281,65694

573281,96090

573281,95468

573281,61258

573281,37788

573281,57142

573281,98098

573281,103178

573281,65628

573281,33184

573281,53000

573282,98696

573282,104478

573282,66354

573282,36916

573282,52296

573282,97634

573282,110230

573282,73252

573282,33622

573282,43342

573282,92894

573282,110862

573282,74928

573282,35330

573282,46322

573282,87176

573282,105068

573282,75102

573282,41554

573282,49612

573282,83230

573282,100578

573282,76310

573282,46798

573282,51048

573282,79810

573282,94606

573282,74834

573282,50020

573282,51066

573282,76906

573282,92608

573282,75250

573282,53198

573282,56308

573282,82880

573282,88402

573282,71568

573282,50226

573282,58812

573282,84656

573282,92726

573282,71382

573282,47754

573282,57296

573282,84728

573282,91264

573282,68918

573282,48154

573282,64116

573282,90460

573282,94380

573282,65202

573282,52000

573282,65162

573282,88486

573282,93292

573282,70236

573282,53340

573282,66062

573282,90116

573282,92694

573282,70494

573282,53232

573282,66932

573283,91526

573283,92840

573283,73614

573283,56392

573283,71466

573283,92530

573283,90902

573283,67688

573283,55316

573283,71516

573283,96050

573283,94576

573283,66272

573283,53308

573283,69402

573283,97034

573283,96110

573283,69102

573283,54258

573283,70104

573283,94726

573283,97684

573283,72204

573283,55356

573283,69586

573283,94680

573283,97818

573283,75868

573283,59448

573283,71236

573283,93670

573283,97234

573283,75356

573283,60328

573283,72954

573283,93250

573289,95228

573289,78932

573289,65196

573289,74474

573289,89812

573289,95488

573289,82598

573289,69828

573289,74744

573289,90458

573289,95584

573289,81756

573289,73498

573289,77222

573289,88826

573289,88952

573289,82024

573289,78338

573289,83972

573289,90496

573289,87372

573289,82812

573289,78166

573289,87356

573289,92972

573289,88560

573289,81898

573290,80800

573290,87542

573290,89848

573290,88478

573290,78680

573290,81390

573290,89430

573290,96044

573290,90324

573290,80592

573290,80072

573290,88120

573290,95794

573290,91580

573290,84002

573290,80756

573290,88842

573290,93092

573290,92026

573290,83434

573290,78272

573290,85368

573290,92082

573290,93150

573290,87566

573290,82616

573290,87120

573290,93888

573290,91848

573290,84698

573290,83264

573290,88382

573290,92712

573290,91104

573290,86170

573290,83716

573290,89714

573290,93216

573290,91998

573290,83234

573290,82072

573290,88496

573290,96516

573290,94136

573290,82412

573290,78876

573290,87606

573290,96798

573290,95100

573290,80130

573290,73338

573290,84814

573290,98974

573290,98870

573290,82942

573290,74144

573290,84042

573290,98530

573290,99828

573290,87356

573290,76560

573290,81270

573290,95462

573290,101106

573290,87964

573291,77902

573291,80758

573291,94902

573291,99420

573291,86530

573291,76670

573291,81414

573291,93696

573291,97408

573291,84504

573291,74742

573291,83212

573291,94192

573291,92882

573291,81248

573291,76624

573291,83902

573291,93826

573291,90424

573291,81712

573291,74570

573291,83392

573291,96694

573291,94384

573291,80580

573291,72592

573291,79978

573291,93496

573291,94468

573291,80332

573291,74030

573291,80440

573291,90962

573291,91592

573291,83126

573291,73920

573297,79422

573297,90872

573297,91594

573297,81624

573297,76196

573297,80332

573297,84984

573297,87962

573297,81514

573297,76694

573297,78556

573297,81414

573297,80312

573297,78418

573297,77804

573297,81260

573297,81564

573297,77754

573297,76308

573297,79398

573297,79032

573297,82062

573297,77806

573297,74420

573297,76046

573297,77460

573297,80448

573298,76852

573298,73994

573298,74512

573298,77184

573298,78018

573298,73692

573298,69196

573298,72380

573298,77770

573298,76622

573298,70458

573298,66934

573298,71492

573298,77576

573298,76628

573298,70486

573298,65378

573298,68218

573298,75518

573298,76900

573298,70436

573298,65886

573298,69804

573298,76178

573298,76196

573298,65596

573298,61350

573298,67128

573298,77716

573298,76502

573298,66850

573298,60894

573298,66396

573298,75598

573298,77374

573298,65574

573298,59642

573298,64450

573298,74734

573298,75552

573298,64688

573298,55448

573298,61142

573298,74816

573298,76976

573298,65374

573298,54550

573298,57884

573298,70544

573298,73822

573298,64666

573298,54672

573298,56278

573298,66164

573298,72362

573298,64170

573298,53332

573298,55024

573298,65466

573298,69974

573298,63262

573298,53434

573298,53290

573298,63230

573298,69376

573299,63990

573299,54838

573299,52134

573299,59384

573299,66562

573299,61926

573299,53826

573299,52586

573299,58834

573299,63738

573299,59942

573299,54298

573299,53008

573299,58846

573299,64524

573299,60816

573299,53098

573299,51992

573299,57988

573299,62260

573299,58352

573299,51368

573299,52094

573299,57534

573299,61340

573299,55556

573299,49404

573299,49166

573299,55952

573299,60794

573299,55080

573299,47194

573299,48684

573299,56972

573299,59494

573299,52098

573305,43508

573305,46804

573305,55754

573305,58672

573305,50946

573305,43070

573305,46704

573305,53486

573305,56464

573305,51042

573305,42962

573305,43842

573305,53412

573305,57164

573305,51154

573305,41804

573305,43420

573305,50778

573305,55524

573305,50598

573305,42584

573305,43626

573305,51854

573305,54392

573305,49474

573305,42480

573305,43834

573306,49672

573306,52594

573306,48526

573306,42752

573306,43340

573306,49300

573306,50126

573306,45454

573306,40432

573306,44102

573306,51042

573306,50924

573306,45574

573306,39506

573306,42454

573306,51940

573306,52232

573306,42352

573306,36926

573306,41890

573306,51016

573306,53118

573306,42946

573306,35706

573306,41148

573306,50416

573306,50408

573306,41744

573306,36054

573306,37022

573306,45962

573306,51812

573306,43660

573306,34044

573306,35640

573306,46440

573306,50060

573306,45194

573306,36080

573306,35128

573306,43368

573306,49258

573306,43852

573306,34720

573306,34748

573306,41344

573306,46558

573306,43026

573306,34764

573306,32534

573306,41258

573306,46574

573306,43898

573306,35224

573306,33516

573306,40470

573306,44532

573306,42770

573306,33270

573306,33036

573306,40070

573306,42256

573306,39382

573306,34260

573306,32736

573307,38206

573307,40998

573307,39280

573307,33992

573307,34488

573307,38294

573307,42526

573307,38822

573307,34572

573307,35510

573307,42182

573307,45780

573307,43130

573307,36814

573307,35672

573307,41444

573307,44456

573307,42898

573307,37734

573307,36796

573307,39464

573307,43378

573307,42146

573307,37850

573307,35072

573307,40706

573307,45972

573307,43192

573307,36050

573307,37018

573307,40360

573307,44416

573307,44428

573307,38256

573307,36116

573307,41576

573313,44934

573313,41586

573313,39198

573313,37562

573313,42554

573313,45998

573313,42390

573313,36780

573313,35624

573313,40830

573313,45262

573313,42964

573313,38946

573313,39180

573313,40438

573313,44828

573313,42352

573313,36772

573313,35444

573313,40342

573313,45952

573313,43620

573313,36632

573313,34234

573313,39942

573313,44934

573313,43354

573314,37058

573314,33512

573314,39156

573314,44480

573314,42908

573314,36670

573314,33820

573314,39228

573314,46520

573314,44434

573314,37528

573314,35420

573314,39244

573314,46042

573314,44312

573314,36536

573314,32758

573314,35758

573314,45124

573314,46836

573314,37450

573314,33050

573314,37514

573314,44106

573314,44658

573314,37996

573314,31532

573314,32344

573314,41336

573314,43844

573314,37064

573314,29764

573314,31056

573314,40790

573314,43410

573314,36558

573314,29814

573314,31012

573314,36168

573314,41840

573314,35892

573314,28862

573314,30792

573314,36794

573314,39756

573314,34540

573314,28272

573314,27404

573314,36696

573314,39604

573314,33882

573314,27024

573314,29626

573314,37756

573314,39226

573314,33082

573314,27030

573314,29594

573314,36232

573314,41202

573314,34026

573314,26672

573314,27944

573314,36750

573314,40996

573315,32972

573315,27660

573315,28490

573315,36792

573315,40216

573315,32794

573315,27926

573315,29618

573315,34514

573315,35794

573315,31250

573315,26016

573315,27902

573315,32798

573315,35438

573315,28202

573315,24598

573315,27346

573315,32604

573315,35244

573315,28862

573315,24760

573315,27138

573315,33752

573315,32962

573315,26522

573315,23692

573315,27926

573315,33836

573315,34126

573315,26548

573315,23546

573315,26894

573315,33780

573315,35106

573315,26938

573321,22756

573321,25960

573321,33812

573321,34114

573321,26846

573321,21732

573321,26200

573321,31664

573321,33048

573321,26412

573321,20230

573321,23924

573321,30504

573321,32402

573321,25984

573321,21386

573321,24036

573321,30290

573321,31248

573321,25726

573321,22454

573321,24770

573321,29470

573321,29216

573321,22352

573321,18502

573321,22720

573322,29172

573322,30152

573322,22010

573322,16524

573322,20742

573322,30748

573322,32654

573322,24152

573322,15984

573322,19196

573322,27622

573322,30400

573322,22970

573322,15346

573322,17150

573322,26724

573322,30498

573322,20216

573322,14244

573322,15866

573322,24106

573322,28030

573322,20116

573322,12758

573322,14810

573322,23820

573322,24032

573322,15214

573322,9968

573322,13868

573322,22036

573322,23174

573322,15892

573322,10476

573322,11038

573322,20488

573322,21110

573322,13818

573322,8318

573322,12464

573322,20312

573322,19992

573322,12856

573322,7030

573322,13070

573322,19418

573322,20838

573322,12438

573322,6354

573322,10368

573322,20470

573322,21630

573322,10712

573322,3766

573322,11324

573322,22354

573322,21236

573322,10328

573322,2210

573322,7928

573322,20188

573322,20964

573322,9726

573322,2072

573322,7938

573323,17752

573323,21762

573323,12068

573323,-188

573323,3902

573323,17706

573323,20756

573323,11836

573323,2980

573323,7046

573323,16562

573323,18366

573323,9092

573323,2256

573323,5012

573323,16340

573323,16396

573323,7494

573323,512

573323,6342

573323,12896

573323,13926

573323,7086

573323,782

573323,5722

573323,15688

573323,13326

573323,4064

573323,292

573323,6006

573323,12818

573323,10798

573323,2016

573323,-654

573323,7336

573323,13740

573329,11902

573329,1702

573329,-368

573329,5992

573329,16188

573329,14870

573329,1926

573329,-1792

573329,6558

573329,14096

573329,12068

573329,1070

573329,-446

573329,5976

573329,13774

573329,12418

573329,3162

573329,-1766

573329,4950

573329,11934

573329,9034

573329,1728

573329,-2952

573329,4466

573329,9940

573329,6908

573329,1122

573330,-2926

573330,4538

573330,9436

573330,7220

573330,-634

573330,-3786

573330,4208

573330,9136

573330,4892

573330,-5336

573330,-5568

573330,2412

573330,9158

573330,5484

573330,-3172

573330,-5542

573330,912

573330,6920

573330,3808

573330,-2982

573330,-6462

573330,-1482

573330,5534

573330,2790

573330,-5094

573330,-8148

573330,-2058

573330,5580

573330,2994

573330,-5018

573330,-7694

573330,-3304

573330,4506

573330,1650

573330,-6072

573330,-6364

573330,-622

573330,5122

573330,4886

573330,-4270

573330,-7360

573330,-406

573330,6144

573330,2524

573330,-5782

573330,-9612

573330,-3366

573330,5008

573330,2680

573330,-8544

573330,-9990

573330,-2268

573330,3238

573330,682

573330,-10642

573330,-12388

573330,-5882

573330,1106

573330,432

573330,-10356

573330,-14704

573330,-8510

573330,400

573330,-1198

573330,-10552

573331,-14862

573331,-8284

573331,-816

573331,-3276

573331,-12116

573331,-16334

573331,-11186

573331,-2874

573331,-3764

573331,-12172

573331,-17466

573331,-11866

573331,-4766

573331,-5252

573331,-14050

573331,-19440

573331,-12918

573331,-7314

573331,-7496

573331,-16388

573331,-19018

573331,-14590

573331,-7380

573331,-7188

573331,-15722

573331,-18628

573331,-15224

573331,-8226

573331,-10928

573331,-18260

573331,-19782

573331,-13398

573331,-7598

573331,-10112

573331,-17114

573331,-20434

573337,-14860

573337,-6032

573337,-9286

573337,-17398

573337,-21150

573337,-14624

573337,-6728

573337,-10124

573337,-16738

573337,-21306

573337,-14946

573337,-7214

573337,-10704

573337,-15512

573337,-22132

573337,-15836

573337,-7586

573337,-5994

573337,-16682

573337,-21044

573337,-17220

573337,-8514

573337,-7308

573337,-17236

573337,-22290

573337,-19054

573337,-10864

573338,-9712

573338,-19522

573338,-24510

573338,-21962

573338,-12196

573338,-9524

573338,-15904

573338,-22664

573338,-18484

573338,-11324

573338,-10132

573338,-18104

573338,-22732

573338,-20792

573338,-13784

573338,-11900

573338,-18740

573338,-24286

573338,-20676

573338,-14376

573338,-14700

573338,-21938

573338,-26614

573338,-22828

573338,-17542

573338,-14592

573338,-20078

573338,-27664

573338,-24360

573338,-16994

573338,-16590

573338,-21836

573338,-28012

573338,-24816

573338,-18644

573338,-16830

573338,-23214

573338,-27164

573338,-24638

573338,-19952

573338,-17912

573338,-24340

573338,-28420

573338,-23928

573338,-18448

573338,-19838

573338,-26366

573338,-31708

573338,-27642

573338,-19268

573338,-18962

573338,-25986

573338,-31474

573338,-27208

573338,-19646

573338,-19452

573338,-27650

573338,-32270

573338,-26910

573338,-19098

573338,-20452

573338,-27306

573338,-31764

573338,-28070

573338,-20594

573339,-20118

573339,-25844

573339,-32590

573339,-29852

573339,-24392

573339,-20408

573339,-26202

573339,-33196

573339,-32816

573339,-25670

573339,-23172

573339,-27166

573339,-34200

573339,-32866

573339,-25552

573339,-24178

573339,-28528

573339,-32020

573339,-31210

573339,-26146

573339,-25184

573339,-30372

573339,-34074

573339,-33448

573339,-25528

573339,-25260

573339,-30992

573339,-35704

573339,-34118

573339,-28776

573339,-26934

573339,-30902

573339,-35938

573339,-35158

573339,-29912

573339,-27138

573345,-32456

573345,-38360

573345,-35928

573345,-29948

573345,-27510

573345,-33114

573345,-37558

573345,-37004

573345,-30264

573345,-27678

573345,-34020

573345,-37998

573345,-36458

573345,-32620

573345,-29760

573345,-34160

573345,-36756

573345,-35004

573345,-30204

573345,-31006

573345,-34170

573345,-37414

573345,-35942

573345,-31464

573345,-30432

573345,-35684

573345,-38284

573346,-35734

573346,-30554

573346,-28666

573346,-34056

573346,-39830

573346,-36048

573346,-30746

573346,-29614

573346,-36150

573346,-38454

573346,-35514

573346,-30960

573346,-30210

573346,-34708

573346,-38060

573346,-36980

573346,-32010

573346,-28740

573346,-33066

573346,-36690

573346,-35286

573346,-30370

573346,-29152

573346,-35612

573346,-38350

573346,-36198

573346,-30988

573346,-31274

573346,-33914

573346,-37856

573346,-37210

573346,-33340

573346,-32492

573346,-36858

573346,-39606

573346,-37172

573346,-34426

573346,-31184

573346,-34978

573346,-40586

573346,-37700

573346,-33022

573346,-31580

573346,-36912

573346,-42890

573346,-39186

573346,-33746

573346,-34636

573346,-40694

573346,-45332

573346,-40844

573346,-36460

573346,-37460

573346,-41266

573346,-43846

573346,-39668

573346,-35902

573346,-35456

573346,-42394

573346,-43552

573346,-39318

573346,-35320

573346,-35662

573346,-41270

573346,-43690

573347,-40330

573347,-36700

573347,-35970

573347,-41788

573347,-46010

573347,-40190

573347,-35254

573347,-36094

573347,-41160

573347,-46008

573347,-41774

573347,-36748

573347,-34506

573347,-39990

573347,-44846

573347,-41550

573347,-34968

573347,-34744

573347,-43566

573347,-47490

573347,-42452

573347,-35716

573347,-34990

573347,-43720

573347,-49408

573347,-45648

573347,-38092

573347,-35304

573347,-43906

573347,-48770

573347,-45858

573347,-36928

573347,-35696

573347,-42604

573347,-47378

573347,-45698

573353,-39868

573353,-35080

573353,-42798

573353,-49164

573353,-46626

573353,-40126

573353,-38458

573353,-42606

573353,-48672

573353,-46974

573353,-40188

573353,-38514

573353,-41816

573353,-46424

573353,-45930

573353,-38224

573353,-38812

573353,-42972

573353,-47042

573353,-46588

573353,-38918

573353,-38148

573353,-43344

573353,-47238

573353,-45594

573353,-40928

573353,-40706

573354,-42924

573354,-46674

573354,-45928

573354,-41896

573354,-40328

573354,-42604

573354,-47988

573354,-47180

573354,-43226

573354,-40198

573354,-45372

573354,-49340

573354,-46814

573354,-42758

573354,-40130

573354,-43932

573354,-47330

573354,-46276

573354,-43310

573354,-41366

573354,-47924

573354,-50044

573354,-48192

573354,-44216

573354,-41972

573354,-46888

573354,-49172

573354,-48300

573354,-43506

573354,-43350

573354,-47202

573354,-50812

573354,-48420

573354,-43824

573354,-43804

573354,-48622

573354,-52766

573354,-49884

573354,-44982

573354,-43958

573354,-48938

573354,-51556

573354,-49604

573354,-45900

573354,-44770

573354,-48698

573354,-52916

573354,-51978

573354,-47654

573354,-46972

573354,-48938

573354,-51596

573354,-53010

573354,-46104

573354,-44344

573354,-46004

573354,-52248

573354,-53848

573354,-48708

573354,-44982

573354,-47048

573354,-49972

573354,-51984

573354,-48292

573354,-45094

573355,-48760

573355,-51562

573355,-52578

573355,-46642

573355,-43726

573355,-46286

573355,-50900

573355,-50746

573355,-49564

573355,-47508

573355,-49532

573355,-53100

573355,-53646

573355,-51166

573355,-46932

573355,-49234

573355,-50596

573355,-53284

573355,-50092

573355,-49222

573355,-50768

573355,-53394

573355,-54400

573355,-50046

573355,-49574

573355,-49656

573355,-52468

573355,-53278

573355,-51186

573355,-49534

573355,-49782

573355,-53428

573355,-52696

573355,-50632

573355,-48028

573355,-47334

573361,-49888

573361,-52096

573361,-49544

573361,-44760

573361,-47172

573361,-50580

573361,-51928

573361,-49920

573361,-47624

573361,-47322

573361,-49662

573361,-49526

573361,-47178

573361,-44250

573361,-44616

573361,-46450

573361,-49816

573361,-48044

573361,-45624

573361,-47818

573361,-48836

573361,-49492

573361,-47816

573361,-45204

573361,-45688

573361,-47452

573361,-46902

573362,-46344

573362,-44416

573362,-46272

573362,-47132

573362,-45946

573362,-46842

573362,-45204

573362,-45944

573362,-48738

573362,-48126

573362,-46360

573362,-46162

573362,-45302

573362,-49386

573362,-50322

573362,-48048

573362,-47588

573362,-46776

573362,-48310

573362,-47852

573362,-48830

573362,-47098

573362,-48190

573362,-48112

573362,-49428

573362,-48638

573362,-49004

573362,-47270

573362,-46806

573362,-48868

573362,-49002

573362,-48218

573362,-49444

573362,-51404

573362,-51366

573362,-49514

573362,-49960

573362,-53558

573362,-50552

573362,-48800

573362,-49486

573362,-50700

573362,-51318

573362,-52292

573362,-50526

573362,-49970

573362,-50952

573362,-52742

573362,-53610

573362,-52390

573362,-51380

573362,-52430

573362,-53484

573362,-52248

573362,-52636

573362,-52430

573362,-52606

573362,-52980

573362,-52614

573362,-53800

573362,-53810

573362,-54366

573362,-52932

573362,-53554

573362,-52940

573363,-55188

573363,-53814

573363,-53898

573363,-55550

573363,-54268

573363,-55362

573363,-55242

573363,-55660

573363,-54100

573363,-55910

573363,-56740

573363,-55844

573363,-55924

573363,-54706

573363,-56912

573363,-57390

573363,-56574

573363,-58500

573363,-57536

573363,-56658

573363,-59040

573363,-58476

573363,-58206

573363,-59766

573363,-60760

573363,-60128

573363,-59132

573363,-59532

573363,-59542

573363,-60486

573363,-61948

573363,-62106

573363,-61268

573363,-60832

573363,-61404

573363,-62424

573369,-61610

573369,-61414

573369,-62134

573369,-62858

573369,-62112

573369,-63042

573369,-62620

573369,-61938

573369,-62960

573369,-64404

573369,-65404

573369,-64890

573369,-63236

573369,-63518

573369,-64260

573369,-65832

573369,-65742

573369,-64544

573369,-64082

573369,-66002

573369,-66774

573369,-66146

573369,-66638

573369,-66046

573369,-67972

573369,-67190

573369,-67226

573370,-67182

573370,-66562

573370,-66726

573370,-65700

573370,-68730

573370,-66902

573370,-66980

573370,-67674

573370,-68616

573370,-69650

573370,-69784

573370,-69260

573370,-68794

573370,-68640

573370,-67242

573370,-69112

573370,-70612

573370,-69848

573370,-69466

573370,-67802

573370,-69362

573370,-71384

573370,-71818

573370,-68826

573370,-67484

573370,-68772

573370,-70042

573370,-70592

573370,-68308

573370,-67618

573370,-67134

573370,-68298

573370,-70576

573370,-71432

573370,-67158

573370,-65580

573370,-67954

573370,-70266

573370,-71378

573370,-69558

573370,-69060

573370,-68572

573370,-69250

573370,-70516

573370,-69482

573370,-66968

573370,-67990

573370,-69902

573370,-68096

573370,-68370

573370,-67318

573370,-65096

573370,-70482

573370,-69410

573370,-69132

573370,-68644

573370,-68368

573370,-69142

573370,-70664

573370,-68564

573370,-67350

573370,-69248

573370,-70828

573370,-69948

573370,-68952

573371,-68148

573371,-68108

573371,-69868

573371,-72172

573371,-68930

573371,-65528

573371,-67458

573371,-69304

573371,-70054

573371,-68496

573371,-66930

573371,-68300

573371,-67858

573371,-70898

573371,-69250

573371,-69114

573371,-68470

573371,-68996

573371,-69952

573371,-69036

573371,-66258

573371,-67296

573371,-67368

573371,-69708

573371,-70154

573371,-67024

573371,-67560

573371,-68658

573371,-71152

573371,-70394

573371,-67702

573371,-67244

573371,-68614

573371,-69662

573371,-68476

573371,-66678

573377,-65650

573377,-66822

573377,-68232

573377,-67474

573377,-64906

573377,-65720

573377,-66138

573377,-68446

573377,-66258

573377,-65418

573377,-63414

573377,-65244

573377,-65452

573377,-64650

573377,-63504

573377,-63210

573377,-64438

573377,-65236

573377,-64838

573377,-62354

573377,-63258

573377,-65014

573377,-65116

573377,-64386

573377,-61396

573377,-63158

573377,-65268

573378,-66144

573378,-63144

573378,-62332

573378,-62070

573378,-64762

573378,-65748

573378,-62648

573378,-60904

573378,-62286

573378,-65170

573378,-64524

573378,-62762

573378,-60738

573378,-61628

573378,-63994

573378,-63620

573378,-60528

573378,-59170

573378,-58634

573378,-61622

573378,-62202

573378,-59196

573378,-58108

573378,-57830

573378,-59244

573378,-60050

573378,-56664

573378,-55892

573378,-57670

573378,-58776

573378,-61512

573378,-58426

573378,-56284

573378,-58094

573378,-60362

573378,-60108

573378,-59554

573378,-58354

573378,-59308

573378,-60942

573378,-60474

573378,-60136

573378,-58468

573378,-59684

573378,-61010

573378,-59704

573378,-59194

573378,-58940

573378,-59590

573378,-61614

573378,-63370

573378,-61968

573378,-61620

573378,-62274

573378,-65798

573378,-65728

573378,-62594

573378,-60708

573378,-62442

573378,-64488

573378,-63228

573378,-63610

573378,-62822

573378,-64302

573378,-65798

573379,-68602

573379,-65004

573379,-62824

573379,-64366

573379,-66522

573379,-67764

573379,-68244

573379,-66006

573379,-63430

573379,-67006

573379,-67098

573379,-65272

573379,-63350

573379,-64148

573379,-67214

573379,-66904

573379,-65416

573379,-64482

573379,-65098

573379,-67586

573379,-67752

573379,-66712

573379,-65432

573379,-65610

573379,-69272

573379,-68542

573379,-66872

573379,-66472

573379,-67288

573379,-69560

573379,-69536

573379,-66774

573379,-64340

573379,-66198

573379,-70018

573379,-69028

573385,-67814

573385,-65856

573385,-65956

573385,-69908

573385,-71172

573385,-69850

573385,-67776

573385,-69134

573385,-72526

573385,-72626

573385,-70552

573385,-67974

573385,-69554

573385,-73054

573385,-72802

573385,-72496

573385,-71560

573385,-72178

573385,-73190

573385,-73262

573385,-71608

573385,-71200

573385,-71580

573385,-73476

573385,-72096

573385,-70680

573385,-70156

573386,-73300

573386,-73098

573386,-73674

573386,-73732

573386,-71394

573386,-71468

573386,-74272

573386,-73464

573386,-73582

573386,-72232

573386,-74028

573386,-75292

573386,-74506

573386,-72832

573386,-73044

573386,-72456

573386,-72424

573386,-72968

573386,-71930

573386,-70908

573386,-72198

573386,-73316

573386,-74380

573386,-71658

573386,-71716

573386,-73172

573386,-74282

573386,-72548

573386,-71060

573386,-71796

573386,-71900

573386,-72384

573386,-72714

573386,-71628

573386,-71058

573386,-72732

573386,-74480

573386,-73146

573386,-71270

573386,-73056

573386,-73070

573386,-73616

573386,-73486

573386,-73984

573386,-75260

573386,-75420

573386,-75638

573386,-75862

573386,-74458

573386,-74458

573386,-76702

573386,-78354

573386,-78716

573386,-75142

573386,-74374

573386,-75996

573386,-78710

573386,-77658

573386,-75640

573386,-74986

573386,-75090

573386,-78078

573386,-79040

573386,-77402

573386,-76248

573387,-79112

573387,-81170

573387,-79886

573387,-78902

573387,-77404

573387,-79918

573387,-81000

573387,-80756

573387,-79448

573387,-78988

573387,-80078

573387,-80728

573387,-81916

573387,-80416

573387,-78512

573387,-78894

573387,-81196

573387,-82550

573387,-81800

573387,-79936

573387,-79940

573387,-81232

573387,-81958

573387,-83418

573387,-80946

573387,-79232

573387,-82652

573387,-82632

573387,-81358

573387,-81142

573387,-81804

573387,-82990

573387,-83430

573387,-81880

573387,-82554

573387,-81784

573393,-82400

573393,-84460

573393,-81508

573393,-81548

573393,-82262

573393,-83548

573393,-83128

573393,-81442

573393,-81096

573393,-83374

573393,-82224

573393,-82458

573393,-80522

573393,-80900

573393,-82332

573393,-83104

573393,-82098

573393,-79608

573393,-80578

573393,-81450

573393,-82060

573393,-82750

573393,-80554

573393,-78084

573393,-79454

573393,-80792

573393,-81642

573394,-79528

573394,-77328

573394,-78574

573394,-80508

573394,-81018

573394,-78940

573394,-77506

573394,-79370

573394,-78514

573394,-81128

573394,-77444

573394,-77768

573394,-78498

573394,-78788

573394,-78158

573394,-78064

573394,-76762

573394,-76204

573394,-78428

573394,-75690

573394,-74530

573394,-75938

573394,-74480

573394,-75904

573394,-76814

573394,-76246

573394,-74638

573394,-74682

573394,-75974

573394,-74534

573394,-75844

573394,-73720

573394,-73714

573394,-74554

573394,-75316

573394,-75080

573394,-74542

573394,-73874

573394,-73424

573394,-75660

573394,-75522

573394,-73990

573394,-71274

573394,-71646

573394,-72684

573394,-73160

573394,-73346

573394,-72052

573394,-71060

573394,-72144

573394,-72616

573394,-71882

573394,-69900

573394,-68382

573394,-69012

573394,-72078

573394,-71254

573394,-69668

573394,-67642

573394,-68760

573394,-69550

573394,-70306

573394,-67224

573394,-67484

573394,-68162

573395,-67564

573395,-67462

573395,-67132

573395,-66052

573395,-65110

573395,-67706

573395,-67428

573395,-65080

573395,-65374

573395,-64950

573395,-65470

573395,-65060

573395,-65044

573395,-63334

573395,-64706

573395,-63712

573395,-64236

573395,-63884

573395,-61066

573395,-61098

573395,-61852

573395,-62198

573395,-62846

573395,-62576

573395,-61566

573395,-62092

573395,-61366

573395,-61506

573395,-59326

573395,-60978

573395,-61704

573395,-61814

573395,-62632

573395,-59802

573395,-59526

573395,-60726

573401,-59796

573401,-59172

573401,-60532

573401,-60758

573401,-61042

573401,-60532

573401,-59634

573401,-59120

573401,-59728

573401,-59036

573401,-60070

573401,-59404

573401,-58894

573401,-59296

573401,-58910

573401,-59706

573401,-59136

573401,-58520

573401,-58718

573401,-57420

573401,-58144

573401,-58846

573401,-57984

573401,-57208

573401,-58106

573401,-56540

573401,-55584

573402,-56970

573402,-57128

573402,-56434

573402,-56804

573402,-56802

573402,-56480

573402,-56694

573402,-56932

573402,-55828

573402,-56478

573402,-55948

573402,-57468

573402,-56878

573402,-55156

573402,-54560

573402,-53886

573402,-56996

573402,-57194

573402,-55738

573402,-52988

573402,-54094

573402,-55334

573402,-55864

573402,-55110

573402,-53656

573402,-52916

573402,-56310

573402,-57696

573402,-56082

573402,-53676

573402,-53798

573402,-53996

573402,-53078

573402,-53796

573402,-51258

573402,-50298

573402,-52190

573402,-55680

573402,-53458

573402,-49220

573402,-50324

573402,-52326

573402,-54304

573402,-52674

573402,-49590

573402,-49080

573402,-51122

573402,-52894

573402,-51698

573402,-48658

573402,-48284

573402,-51826

573402,-52116

573402,-51580

573402,-49320

573402,-50620

573402,-50954

573402,-52426

573402,-51120

573402,-50006

573402,-50666

573402,-52638

573402,-54488

573402,-53078

573402,-50308

573403,-49424

573403,-51364

573403,-52624

573403,-51632

573403,-50728

573403,-49730

573403,-52146

573403,-52878

573403,-53550

573403,-50062

573403,-48380

573403,-53134

573403,-52370

573403,-52378

573403,-48946

573403,-48764

573403,-49926

573403,-53104

573403,-49500

573403,-46086

573403,-46464

573403,-49344

573403,-52820

573403,-51458

573403,-47244

573403,-47218

573403,-50162

573403,-51336

573403,-50764

573403,-47890

573403,-46784

573403,-48096

573403,-50980

573403,-51258

573403,-46578

573403,-47088

573409,-48664

573409,-50732

573409,-51832

573409,-48016

573409,-45684

573409,-48154

573409,-51364

573409,-50086

573409,-47284

573409,-45420

573409,-48952

573409,-52070

573409,-49218

573409,-46902

573409,-46344

573409,-49618

573409,-50786

573409,-48022

573409,-46530

573409,-43622

573409,-47306

573409,-47364

573409,-45860

573409,-44574

573409,-43588

573409,-45546

573409,-47342

573410,-46636

573410,-43408

573410,-43334

573410,-46300

573410,-46978

573410,-46996

573410,-42462

573410,-43388

573410,-47138

573410,-50670

573410,-48686

573410,-45702

573410,-45748

573410,-48622

573410,-49948

573410,-49858

573410,-46266

573410,-44284

573410,-49506

573410,-51876

573410,-50200

573410,-47736

573410,-47108

573410,-48526

573410,-50806

573410,-51368

573410,-48132

573410,-46300

573410,-49262

573410,-50394

573410,-49254

573410,-46854

573410,-47910

573410,-50166

573410,-49552

573410,-49712

573410,-45382

573410,-44590

573410,-47650

573410,-49070

573410,-47782

573410,-44694

573410,-43638

573410,-46066

573410,-47626

573410,-46610

573410,-43528

573410,-43178

573410,-45276

573410,-46698

573410,-44372

573410,-42260

573410,-42518

573410,-43552

573410,-46894

573410,-44260

573410,-41598

573410,-38802

573410,-42872

573410,-46250

573410,-42822

573410,-38382

573410,-38072

573410,-40994

573410,-43074

573411,-41202

573411,-38668

573411,-38096

573411,-39954

573411,-43716

573411,-40702

573411,-37162

573411,-36828

573411,-39082

573411,-42144

573411,-41946

573411,-36726

573411,-35738

573411,-37416

573411,-39562

573411,-35536

573411,-33104

573411,-33210

573411,-37400

573411,-36748

573411,-35444

573411,-33880

573411,-32272

573411,-34792

573411,-36820

573411,-34634

573411,-32152

573411,-32424

573411,-34868

573411,-37940

573411,-35058

573411,-32062

573411,-32844

573411,-36426

573411,-36986

573411,-35860

573417,-32292

573417,-30032

573417,-33504

573417,-35260

573417,-33972

573417,-31566

573417,-31110

573417,-33518

573417,-34658

573417,-34534

573417,-31248

573417,-30316

573417,-32726

573417,-34478

573417,-32968

573417,-30442

573417,-29402

573417,-32532

573417,-34568

573417,-31518

573417,-27826

573417,-27594

573417,-30640

573417,-32226

573417,-32458

573417,-27462

573417,-27168

573418,-29416

573418,-32060

573418,-31794

573418,-29522

573418,-27410

573418,-29730

573418,-33020

573418,-31504

573418,-28006

573418,-26720

573418,-29142

573418,-31742

573418,-31348

573418,-29222

573418,-27362

573418,-30856

573418,-33270

573418,-32948

573418,-29572

573418,-29440

573418,-32758

573418,-34146

573418,-31442

573418,-30898

573418,-30140

573418,-33138

573418,-33580

573418,-32290

573418,-28652

573418,-29408

573418,-31280

573418,-32878

573418,-33576

573418,-31228

573418,-30316

573418,-33174

573418,-35382

573418,-34400

573418,-30456

573418,-30118

573418,-34686

573418,-35412

573418,-35608

573418,-34210

573418,-33034

573418,-34736

573418,-38846

573418,-37176

573418,-33654

573418,-31444

573418,-35032

573418,-37172

573418,-36448

573418,-33650

573418,-31960

573418,-34132

573418,-36282

573418,-35610

573418,-33546

573418,-33348

573418,-34484

573418,-38398

573418,-38584

573418,-33826

573418,-32906

573419,-36142

573419,-38290

573419,-36994

573419,-35058

573419,-33780

573419,-34688

573419,-36700

573419,-35016

573419,-32608

573419,-32108

573419,-35206

573419,-37086

573419,-38160

573419,-33892

573419,-33464

573419,-34834

573419,-38148

573419,-39032

573419,-33822

573419,-32864

573419,-35372

573419,-38240

573419,-38326

573419,-34574

573419,-32266

573419,-35792

573419,-36962

573419,-35704

573419,-34744

573419,-34990

573419,-35016

573419,-37114

573419,-38804

573419,-33744

573419,-32190

573419,-33924

573425,-36526

573425,-37470

573425,-35270

573425,-33046

573425,-35186

573425,-38646

573425,-36412

573425,-34898

573425,-33806

573425,-34988

573425,-37866

573425,-37980

573425,-34884

573425,-34502

573425,-37528

573425,-39474

573425,-38182

573425,-36616

573425,-33760

573425,-35588

573425,-37216

573425,-37712

573425,-36232

573425,-35004

573425,-35604

573425,-39798

573425,-39488

573426,-37790

573426,-36278

573426,-38966

573426,-39436

573426,-40968

573426,-37824

573426,-36638

573426,-39078

573426,-40552

573426,-40856

573426,-39728

573426,-37070

573426,-40438

573426,-42496

573426,-41604

573426,-39432

573426,-37976

573426,-39220

573426,-41168

573426,-41418

573426,-38610

573426,-38502

573426,-41196

573426,-41004

573426,-41784

573426,-41116

573426,-40358

573426,-40446

573426,-42738

573426,-43672

573426,-43302

573426,-41758

573426,-42740

573426,-46342

573426,-45776

573426,-43260

573426,-43582

573426,-43782

573426,-44844

573426,-45316

573426,-45508

573426,-43598

573426,-44738

573426,-46180

573426,-46132

573426,-44988

573426,-43468

573426,-45388

573426,-46624

573426,-47772

573426,-44290

573426,-43978

573426,-47714

573426,-49080

573426,-48490

573426,-46478

573426,-46400

573426,-47754

573426,-50736

573426,-50304

573426,-46786

573426,-48208

573426,-50050

573426,-51336

573426,-50760

573427,-46914

573427,-47960

573427,-47416

573427,-48742

573427,-50010

573427,-47056

573427,-49662

573427,-47548

573427,-50226

573427,-52300

573427,-48568

573427,-47802

573427,-48080

573427,-49012

573427,-50190

573427,-49380

573427,-49096

573427,-49544

573427,-50236

573427,-50238

573427,-49908

573427,-48036

573427,-48788

573427,-49666

573427,-50012

573427,-49338

573427,-48236

573427,-46518

573427,-48394

573427,-48560

573427,-46856

573427,-47206

573427,-47762

573427,-47874

573427,-47956

573427,-46808

573433,-45346

573433,-47078

573433,-47766

573433,-48252

573433,-46076

573433,-43740

573433,-47136

573433,-48926

573433,-47400

573433,-46754

573433,-45328

573433,-46206

573433,-47154

573433,-49126

573433,-47296

573433,-48028

573433,-47858

573433,-49068

573433,-49920

573433,-47986

573433,-47304

573433,-48524

573433,-48388

573433,-49366

573433,-48422

573433,-47070

573433,-48480

573434,-49604

573434,-50758

573434,-48794

573434,-46970

573434,-47798

573434,-49500

573434,-50972

573434,-46484

573434,-47018

573434,-47146

573434,-48518

573434,-47308

573434,-45582

573434,-45916

573434,-45252

573434,-47206

573434,-46410

573434,-45046

573434,-42912

573434,-43934

573434,-47128

573434,-46098

573434,-45696

573434,-44480

573434,-45734

573434,-47934

573434,-47686

573434,-45262

573434,-44050

573434,-45786

573434,-46240

573434,-48006

573434,-46296

573434,-44876

573434,-45680

573434,-46250

573434,-47084

573434,-46882

573434,-46270

573434,-47000

573434,-49438

573434,-49654

573434,-48178

573434,-47434

573434,-48910

573434,-50932

573434,-52498

573434,-50776

573434,-48730

573434,-48560

573434,-52258

573434,-50700

573434,-49506

573434,-48582

573434,-50294

573434,-51554

573434,-50816

573434,-49576

573434,-49364

573434,-49622

573434,-51178

573434,-50904

573434,-48798

573434,-50110

573434,-50484

573435,-52218

573435,-52210

573435,-50074

573435,-51066

573435,-52106

573435,-53904

573435,-51760

573435,-50834

573435,-49942

573435,-52086

573435,-53614

573435,-53474

573435,-52732

573435,-51114

573435,-54202

573435,-55074

573435,-54038

573435,-54048

573435,-52304

573435,-53320

573435,-53948

573435,-53698

573435,-53882

573435,-51638

573435,-51998

573435,-55846

573435,-56026

573435,-53400

573435,-52630

573435,-52814

573435,-53390

573435,-56204

573435,-54456

573435,-51434

573435,-52476

573435,-56168

573441,-55066

573441,-53650

573441,-52982

573441,-53466

573441,-56214

573441,-56106

573441,-52920

573441,-52736

573441,-54500

573441,-56236

573441,-54010

573441,-53670

573441,-54104

573441,-54788

573441,-56476

573441,-55128

573441,-54936

573441,-53748

573441,-54446

573441,-56542

573441,-55510

573441,-55456

573441,-52392

573441,-55554

573441,-56754

573441,-57928

573441,-55578

573442,-54728

573442,-55090

573442,-55790

573442,-56334

573442,-56188

573442,-55676

573442,-56872

573442,-57202

573442,-57376

573442,-57086

573442,-54490

573442,-55178

573442,-57930

573442,-59328

573442,-57404

573442,-56926

573442,-58376

573442,-58650

573442,-58828

573442,-57516

573442,-58620

573442,-59828

573442,-61150

573442,-61366

573442,-61072

573442,-59720

573442,-61042

573442,-62324

573442,-62136

573442,-60894

573442,-61894

573442,-62084

573442,-61418

573442,-63524

573442,-62426

573442,-61820

573442,-62520

573442,-63406

573442,-64330

573442,-64340

573442,-63790

573442,-63430

573442,-65452

573442,-65938

573442,-66226

573442,-64910

573442,-64140

573442,-66134

573442,-66480

573442,-64968

573442,-65954

573442,-66816

573442,-66312

573442,-66800

573442,-66404

573442,-65902

573442,-67844

573442,-68200

573442,-69790

573442,-68428

573442,-67952

573442,-68066

573442,-70720

573442,-72176

573442,-70186

573443,-69590

573443,-69136

573443,-70688

573443,-71176

573443,-69240

573443,-70374

573443,-72064

573443,-71882

573443,-72396

573443,-71124

573443,-70390

573443,-71388

573443,-72534

573443,-73032

573443,-71492

573443,-70790

573443,-71666

573443,-72648

573443,-73922

573443,-71356

573443,-71334

573443,-72510

573443,-72444

573443,-71868

573443,-72320

573443,-72950

573443,-73290

573443,-73392

573443,-75590

573443,-73824

573443,-74328

573443,-75062

573443,-75626

573443,-76154

573443,-74416

573443,-75644

573449,-75666

573449,-76698

573449,-74910

573449,-74362

573449,-75230

573449,-75318

573449,-75538

573449,-76584

573449,-76458

573449,-73468

573449,-75988

573449,-76914

573449,-75066

573449,-73794

573449,-72722

573449,-74396

573449,-76276

573449,-76424

573449,-74046

573449,-73788

573449,-75382

573449,-75906

573449,-75548

573449,-74460

573449,-74290

573449,-74462

573449,-74230

573450,-75624

573450,-73636

573450,-73498

573450,-75082

573450,-77374

573450,-76446

573450,-73768

573450,-75026

573450,-75612

573450,-75294

573450,-74218

573450,-74712

573450,-72952

573450,-73554

573450,-74804

573450,-75198

573450,-72274

573450,-71578

573450,-72660

573450,-74996

573450,-73814

573450,-72972

573450,-73076

573450,-74072

573450,-75252

573450,-75762

573450,-73488

573450,-72796

573450,-73816

573450,-77558

573450,-75980

573450,-72588

573450,-73338

573450,-75404

573450,-76168

573450,-75154

573450,-74690

573450,-73026

573450,-75980

573450,-76418

573450,-74620

573450,-73580

573450,-73192

573450,-75930

573450,-76756

573450,-75360

573450,-76264

573450,-74194

573450,-77738

573450,-79110

573450,-76466

573450,-75102

573450,-74796

573450,-75344

573450,-76234

573450,-75722

573450,-75284

573450,-75550

573450,-75794

573450,-78090

573450,-77716

573450,-75888

573450,-75076

573450,-76888

573450,-77530

573451,-76676

573451,-75926

573451,-76346

573451,-77742

573451,-76730

573451,-75910

573451,-76218

573451,-75952

573451,-77568

573451,-77364

573451,-77622

573451,-76170

573451,-75124

573451,-77544

573451,-78004

573451,-76692

573451,-74800

573451,-76206

573451,-76876

573451,-78402

573451,-77874

573451,-77340

573451,-76460

573451,-77128

573451,-77420

573451,-76048

573451,-75914

573451,-76254

573451,-77962

573451,-79866

573451,-78190

573451,-75242

573451,-76856

573451,-77888

573451,-78128

573451,-77344

573457,-77308

573457,-77650

573457,-78646

573457,-79486

573457,-79434

573457,-78078

573457,-78540

573457,-78400

573457,-81164

573457,-81702

573457,-77970

573457,-79016

573457,-79400

573457,-80700

573457,-82028

573457,-80392

573457,-79234

573457,-79238

573457,-81096

573457,-82802

573457,-80684

573457,-81784

573457,-81696

573457,-82658

573457,-81108

573457,-80610

573457,-80142

573458,-81772

573458,-81984

573458,-80900

573458,-80196

573458,-79964

573458,-83198

573458,-81526

573458,-81412

573458,-79112

573458,-80390

573458,-82078

573458,-83054

573458,-82408

573458,-81208

573458,-81632

573458,-83062

573458,-85390

573458,-81220

573458,-80368

573458,-82412

573458,-84288

573458,-84008

573458,-82764

573458,-81844

573458,-82662

573458,-84296

573458,-84506

573458,-85218

573458,-82824

573458,-83268

573458,-86142

573458,-85672

573458,-85698

573458,-85570

573458,-84960

573458,-85324

573458,-87184

573458,-87136

573458,-87334

573458,-85976

573458,-88954

573458,-88692

573458,-87606

573458,-87762

573458,-86736

573458,-87778

573458,-87968

573458,-89124

573458,-89812

573458,-89520

573458,-90096

573458,-91112

573458,-92390

573458,-92496

573458,-92110

573458,-92870

573458,-93226

573458,-92346

573458,-91500

573458,-91462

573458,-90950

573458,-93122

573458,-93646

573458,-92492

573458,-92814

573459,-94840

573459,-94632

573459,-95240

573459,-95398

573459,-95584

573459,-97410

573459,-98798

573459,-99206

573459,-97570

573459,-97780

573459,-97890

573459,-100586

573459,-99238

573459,-98044

573459,-98654

573459,-97930

573459,-99478

573459,-100210

573459,-99076

573459,-98944

573459,-100252

573459,-99416

573459,-99578

573459,-99638

573459,-101854

573459,-100586

573459,-101226

573459,-103110

573459,-101072

573459,-102786

573459,-103032

573459,-102262

573459,-102922

573459,-104648

573459,-103592

573459,-103620

573465,-104030

573465,-104444

573465,-102882

573465,-104758

573465,-107128

573465,-106974

573465,-105730

573465,-105562

573465,-106948

573465,-105200

573465,-105984

573465,-106978

573465,-106144

573465,-105320

573465,-108472

573465,-107554

573465,-107094

573465,-106460

573465,-106662

573465,-107618

573465,-109012

573465,-109580

573465,-108506

573465,-108612

573465,-108888

573465,-108456

573465,-109716

573466,-108540

573466,-108984

573466,-109574

573466,-110202

573466,-109676

573466,-110086

573466,-109992

573466,-112872

573466,-112322

573466,-112068

573466,-111404

573466,-111954

573466,-111286

573466,-112648

573466,-112580

573466,-110702

573466,-111188

573466,-114348

573466,-112366

573466,-109818

573466,-112242

573466,-111872

573466,-111840

573466,-113100

573466,-111992

573466,-110700

573466,-111498

573466,-111796

573466,-111826

573466,-112592

573466,-111882

573466,-111412

573466,-112286

573466,-113382

573466,-114640

573466,-113780

573466,-112940

573466,-111734

573466,-113448

573466,-113826

573466,-113726

573466,-112594

573466,-115028

573466,-115156

573466,-113170

573466,-114292

573466,-114282

573466,-115148

573466,-116210

573466,-115248

573466,-114526

573466,-115362

573466,-113608

573466,-115608

573466,-114136

573466,-113894

573466,-114556

573466,-114748

573466,-114148

573466,-114318

573466,-113748

573466,-114880

573466,-114904

573466,-114524

573466,-114752

573467,-113246

573467,-113386

573467,-115088

573467,-115124

573467,-115188

573467,-117182

573467,-115508

573467,-114876

573467,-115608

573467,-115654

573467,-114158

573467,-114210

573467,-114104

573467,-114730

573467,-115460

573467,-113860

573467,-115244

573467,-114824

573467,-113008

573467,-113804

573467,-113952

573467,-113092

573467,-112232

573467,-114464

573467,-111920

573467,-111064

573467,-111696

573467,-113380

573467,-112616

573467,-110956

573467,-110572

573467,-110192

573467,-109438

573467,-109216

573467,-110300

573467,-108466

573473,-107750

573473,-108284

573473,-107706

573473,-108518

573473,-107932

573473,-108218

573473,-109148

573473,-108492

573473,-108384

573473,-107942

573473,-108026

573473,-107614

573473,-107540

573473,-106118

573473,-107656

573473,-107202

573473,-105138

573473,-107470

573473,-105296

573473,-106320

573473,-105998

573473,-104782

573473,-103992

573473,-104406

573473,-104340

573473,-103824

573473,-105296

573474,-104748

573474,-103608

573474,-102882

573474,-102978

573474,-102544

573474,-102836

573474,-102244

573474,-100938

573474,-100064

573474,-101962

573474,-100398

573474,-99952

573474,-102274

573474,-100328

573474,-100752

573474,-100106

573474,-98634

573474,-100138

573474,-99108

573474,-98836

573474,-98892

573474,-98676

573474,-98412

573474,-98154

573474,-97730

573474,-98188

573474,-96824

573474,-96882

573474,-97568

573474,-96148

573474,-96962

573474,-97402

573474,-96936

573474,-96382

573474,-95598

573474,-93722

573474,-93732

573474,-94340

573474,-94920

573474,-92980

573474,-92284

573474,-91592

573474,-92848

573474,-91778

573474,-90484

573474,-91868

573474,-89320

573474,-89374

573474,-89714

573474,-88972

573474,-89618

573474,-89694

573474,-88742

573474,-88158

573474,-89696

573474,-90094

573474,-89286

573474,-87878

573474,-88248

573474,-91020

573474,-88106

573474,-88384

573474,-87624

573474,-88086

573474,-87750

573475,-87622

573475,-88060

573475,-86964

573475,-89386

573475,-89978

573475,-89976

573475,-88418

573475,-89556

573475,-89690

573475,-88958

573475,-88952

573475,-89184

573475,-88988

573475,-90734

573475,-90194

573475,-89250

573475,-88002

573475,-88572

573475,-89320

573475,-90120

573475,-89196

573475,-89412

573475,-89384

573475,-90640

573475,-87876

573475,-89160

573475,-89022

573475,-89722

573475,-89350

573475,-88856

573475,-87968

573475,-89140

573475,-87588

573475,-88778

573475,-88906

573475,-89906

573481,-89600

573481,-88736

573481,-88748

573481,-87122

573481,-89354

573481,-88596

573481,-87518

573481,-89460

573481,-89628

573481,-88584

573481,-89172

573481,-88892

573481,-87686

573481,-88402

573481,-89810

573481,-88854

573481,-90482

573481,-88946

573481,-88988

573481,-88326

573481,-88688

573481,-89532

573481,-89112

573481,-88882

573481,-88412

573481,-88212

573481,-87990

573482,-88690

573482,-88664

573482,-88960

573482,-88482

573482,-86516

573482,-88592

573482,-87860

573482,-88120

573482,-89038

573482,-87466

573482,-87566

573482,-88644

573482,-87554

573482,-87216

573482,-88176

573482,-88246

573482,-89024

573482,-88280

573482,-88424

573482,-89534

573482,-89340

573482,-89682

573482,-89832

573482,-89626

573482,-88296

573482,-89000

573482,-88974

573482,-88548

573482,-89532

573482,-88620

573482,-88162

573482,-89840

573482,-90122

573482,-88680

573482,-88288

573482,-90110

573482,-89902

573482,-90294

573482,-88320

573482,-88392

573482,-87326

573482,-89892

573482,-89614

573482,-87738

573482,-87890

573482,-89270

573482,-88444

573482,-88330

573482,-86484

573482,-84738

573482,-85034

573482,-86330

573482,-85622

573482,-85914

573482,-84614

573482,-84920

573482,-85780

573482,-86524

573482,-85808

573482,-84912

573482,-84282

573482,-85074

573482,-86644

573482,-85140

573482,-85054

573483,-85400

573483,-85142

573483,-86478

573483,-87248

573483,-85380

573483,-85668

573483,-86274

573483,-85012

573483,-83502

573483,-83572

573483,-84248

573483,-85228

573483,-85492

573483,-85350

573483,-85994

573483,-85616

573483,-84592

573483,-85740

573483,-85912

573483,-84980

573483,-85192

573483,-86028

573483,-85694

573483,-84556

573483,-84952

573483,-85476

573483,-84114

573483,-83926

573483,-85870

573483,-87378

573483,-86408

573483,-86334

573483,-85202

573483,-85780

573483,-83380

573483,-84452

573489,-83420

573489,-83038

573489,-82608

573489,-83140

573489,-84690

573489,-84138

573489,-83792

573489,-84070

573489,-82812

573489,-83164

573489,-81840

573489,-82708

573489,-82248

573489,-82310

573489,-82598

573489,-83080

573489,-81578

573489,-81076

573489,-83460

573489,-83474

573489,-82698

573489,-82364

573489,-82156

573489,-82690

573489,-82976

573489,-82666

573489,-81364

573490,-81308

573490,-82160

573490,-83236

573490,-83008

573490,-82304

573490,-79374

573490,-80700

573490,-81782

573490,-79366

573490,-79070

573490,-77720

573490,-80516

573490,-78724

573490,-79460

573490,-77838

573490,-75916

573490,-78514

573490,-76630

573490,-74892

573490,-76584

573490,-74258

573490,-74096

573490,-76158

573490,-74600

573490,-74534

573490,-75406

573490,-75184

573490,-74734

573490,-75050

573490,-74876

573490,-73336

573490,-72118

573490,-72070

573490,-73024

573490,-73096

573490,-72162

573490,-72384

573490,-72626

573490,-72330

573490,-71090

573490,-70728

573490,-70230

573490,-69032

573490,-69952

573490,-69218

573490,-67514

573490,-68528

573490,-68874

573490,-68388

573490,-66802

573490,-66806

573490,-67542

573490,-66672

573490,-66914

573490,-67038

573490,-66476

573490,-66934

573490,-65796

573490,-65126

573490,-63558

573490,-62820

573490,-61914

573490,-63190

573490,-63204

573490,-62058

573491,-63416

573491,-64174

573491,-64152

573491,-63382

573491,-61920

573491,-61174

573491,-61274

573491,-61290

573491,-62478

573491,-62384

573491,-60776

573491,-60336

573491,-60808

573491,-60706

573491,-60938

573491,-59586

573491,-58978

573491,-60968

573491,-59232

573491,-58876

573491,-57058

573491,-58670

573491,-58040

573491,-59168

573491,-58770

573491,-57758

573491,-57358

573491,-56038

573491,-56524

573491,-55382

573491,-55008

573491,-54882

573491,-53516

573491,-55424

573491,-53472

573491,-52196

573497,-54278

573497,-52170

573497,-52374

573497,-50818

573497,-51500

573497,-51426

573497,-50046

573497,-50184

573497,-49422

573497,-49168

573497,-48490

573497,-49580

573497,-48952

573497,-48350

573497,-47236

573497,-49060

573497,-46698

573497,-46516

573497,-48308

573497,-46726

573497,-46330

573497,-47296

573497,-47206

573497,-47816

573497,-47380

573497,-46046

573497,-46332

573498,-47490

573498,-46932

573498,-44504

573498,-44010

573498,-44796

573498,-45528

573498,-44030

573498,-44518

573498,-45328

573498,-46006

573498,-45268

573498,-45700

573498,-44520

573498,-44172

573498,-43842

573498,-45036

573498,-45208

573498,-45236

573498,-45946

573498,-44832

573498,-46096

573498,-45902

573498,-45158

573498,-45612

573498,-45850

573498,-46074

573498,-46066

573498,-47154

573498,-47784

573498,-47924

573498,-47556

573498,-47494

573498,-47206

573498,-47588

573498,-47918

573498,-47802

573498,-47610

573498,-48088

573498,-48350

573498,-48052

573498,-48216

573498,-49334

573498,-48780

573498,-47032

573498,-47664

573498,-48020

573498,-47590

573498,-47480

573498,-47334

573498,-47514

573498,-48070

573498,-48168

573498,-47084

573498,-47196

573498,-46272

573498,-46860

573498,-46974

573498,-46034

573498,-46566

573498,-48806

573498,-48186

573498,-48196

573498,-47732

573498,-47824

573498,-46750

573499,-46154

573499,-45430

573499,-44426

573499,-44084

573499,-45578

573499,-44542

573499,-44890

573499,-44270

573499,-43492

573499,-44788

573499,-45884

573499,-45548

573499,-43938

573499,-43232

573499,-45290

573499,-45078

573499,-44602

573499,-44960

573499,-44704

573499,-44430

573499,-44556

573499,-45594

573499,-45356

573499,-43404

573499,-45258

573499,-45318

573499,-45046

573499,-45008

573499,-44538

573499,-45598

573499,-44112

573499,-45046

573499,-43960

573499,-42522

573499,-44274

573499,-45470

573505,-43170

573505,-43558

573505,-43418

573505,-42864

573505,-44768

573505,-43558

573505,-42994

573505,-43896

573505,-44034

573505,-45268

573505,-44428

573505,-43424

573505,-42960

573505,-43316

573505,-42618

573505,-42612

573505,-41744

573505,-42390

573505,-42874

573505,-42086

573505,-44078

573505,-44668

573505,-44512

573505,-45664

573505,-43588

573505,-43230

573505,-43496

573506,-42656

573506,-43704

573506,-44042

573506,-43568

573506,-43454

573506,-44052

573506,-43380

573506,-45082

573506,-43802

573506,-43618

573506,-43298

573506,-44572

573506,-44402

573506,-43012

573506,-43932

573506,-42874

573506,-43226

573506,-43858

573506,-42518

573506,-43364

573506,-42870

573506,-42556

573506,-42390

573506,-42998

573506,-42888

573506,-43696

573506,-44786

573506,-44108

573506,-43598

573506,-42430

573506,-44430

573506,-44698

573506,-44864

573506,-43796

573506,-44092

573506,-43534

573506,-43090

573506,-45694

573506,-43778

573506,-44978

573506,-45744

573506,-47272

573506,-45438

573506,-45666

573506,-43848

573506,-45332

573506,-47018

573506,-46872

573506,-47638

573506,-47292

573506,-46766

573506,-47268

573506,-46796

573506,-48192

573506,-48468

573506,-46584

573506,-47870

573506,-48012

573506,-49578

573506,-47304

573506,-49564

573506,-49030

573506,-50852

573506,-49892

573506,-49412

573507,-50018

573507,-48870

573507,-48918

573507,-49200

573507,-48084

573507,-49480

573507,-48722

573507,-47946

573507,-48102

573507,-46740

573507,-47806

573507,-46422

573507,-47924

573507,-47576

573507,-46684

573507,-47436

573507,-48710

573507,-48358

573507,-48348

573507,-46322

573507,-46788

573507,-48990

573507,-47306

573507,-47014

573507,-48072

573507,-47904

573507,-47790

573507,-48720

573507,-48706

573507,-47180

573507,-46900

573507,-47816

573507,-48720

573507,-48002

573507,-46554

573507,-47466

573513,-47528

573513,-47440

573513,-48314

573513,-48854

573513,-48218

573513,-50274

573513,-48044

573513,-46824

573513,-48246

573513,-48088

573513,-48590

573513,-48358

573513,-48496

573513,-47812

573513,-48276

573513,-48318

573513,-46328

573513,-47002

573513,-48074

573513,-47698

573513,-47238

573513,-48486

573513,-50004

573513,-48144

573513,-47556

573513,-46960

573513,-48626

573514,-47614

573514,-47640

573514,-47224

573514,-48762

573514,-48204

573514,-48160

573514,-47672

573514,-48642

573514,-48454

573514,-47944

573514,-48830

573514,-48718

573514,-46274

573514,-47526

573514,-46320

573514,-47944

573514,-46352

573514,-46276

573514,-45562

573514,-45712

573514,-45128

573514,-45422

573514,-45020

573514,-44300

573514,-43640

573514,-43960

573514,-43710

573514,-42854

573514,-43874

573514,-42458

573514,-42322

573514,-43538

573514,-43314

573514,-42332

573514,-42100

573514,-40052

573514,-40490

573514,-40846

573514,-42246

573514,-41174

573514,-40796

573514,-40560

573514,-40730

573514,-40902

573514,-41804

573514,-41292

573514,-40124

573514,-40978

573514,-40458

573514,-41356

573514,-41256

573514,-40476

573514,-41504

573514,-39972

573514,-41896

573514,-41098

573514,-39692

573514,-40074

573514,-39820

573514,-40170

573514,-39850

573514,-39550

573514,-39262

573514,-39622

573514,-41226

573515,-39472

573515,-39454

573515,-37902

573515,-38728

573515,-37758

573515,-38934

573515,-39822

573515,-38550

573515,-38694

573515,-38930

573515,-38650

573515,-37726

573515,-36732

573515,-38268

573515,-37676

573515,-38344

573515,-37856

573515,-38512

573515,-39650

573515,-37320

573515,-38218

573515,-37580

573515,-37266

573515,-38740

573515,-37486

573515,-35726

573515,-36204

573515,-38104

573515,-37226

573515,-37198

573515,-35970

573515,-34884

573515,-34640

573515,-36046

573515,-37398

573515,-36674

573521,-37154

573521,-36596

573521,-35950

573521,-36170

573521,-35964

573521,-35982

573521,-35812

573521,-36086

573521,-35522

573521,-36146

573521,-35502

573521,-35214

573521,-34518

573521,-34966

573521,-35788

573521,-34698

573521,-35732

573521,-34650

573521,-36778

573521,-39076

573521,-35488

573521,-35606

573521,-36312

573521,-35816

573521,-37584

573521,-36620

573521,-37370

573522,-38520

573522,-38694

573522,-37396

573522,-37318

573522,-37940

573522,-38072

573522,-39248

573522,-38972

573522,-37998

573522,-36772

573522,-38106

573522,-37294

573522,-36896

573522,-37940

573522,-36992

573522,-38158

573522,-37990

573522,-36924

573522,-36340

573522,-37288

573522,-36396

573522,-37496

573522,-37856

573522,-36870

573522,-38560

573522,-38490

573522,-38568

573522,-38024

573522,-38114

573522,-36524

573522,-37910

573522,-38050

573522,-37392

573522,-36706

573522,-37416

573522,-37114

573522,-37334

573522,-37926

573522,-36192

573522,-35506

573522,-37994

573522,-35998

573522,-36662

573522,-35806

573522,-35936

573522,-36070

573522,-36978

573522,-35394

573522,-36124

573522,-37138

573522,-38388

573522,-36050

573522,-36640

573522,-35186

573522,-36492

573522,-38324

573522,-37734

573522,-38672

573522,-37602

573522,-37672

573522,-37716

573522,-36130

573522,-38146

573522,-36772

573522,-36536

573523,-37522

573523,-36698

573523,-35236

573523,-36348

RAW_SUMMARY id=4 requested=5600 captured=5600 unused_capacity=400 max_pcm_abs=365428 raw_mean=5359.6 raw_abs_mean=75607.0 raw_min=-117182 raw_max=365428 baseline=24.6

OK RAW

