# run: RAW_i2s_post350_2_quiettail
# firmware: role=analyzer git=464b8fc version=0.4.0
# imported-from: quiet2_trimmed.log (mtime 2026-10-09T09:45:12)
RAW_BEGIN id=5 sr=16000 trigger_ms=585516 command_ms=585156 emit_seen=1 emit_start_ms=585170 emit_done_ms=585266 f=3200 dur=100 pre_ms=0 post_ms=350 decim=1 pre_samples=0 post_samples=5600 mode=i2s output=csv fields=ms,pcm
ms,pcm
585289,84408
585289,79834
585289,70828
585289,73312
585289,78910
585289,83900
585289,78460
585289,73002
585289,73166
585289,78596
585289,79376
585289,75074
585289,73726
585289,75346
585289,77314
585289,76456
585289,72634
585289,71948
585289,75734
585289,77616
585289,74220
585289,71138
585289,72078
585289,74418
585289,76048
585289,74644
585289,72620
585290,70894
585290,73862
585290,74314
585290,71970
585290,68068
585290,69524
585290,73602
585290,75488
585290,70296
585290,66132
585290,66646
585290,74314
585290,73984
585290,68038
585290,62116
585290,61506
585290,69168
585290,73456
585290,68902
585290,61002
585290,62396
585290,70754
585290,73768
585290,66818
585290,58778
585290,61676
585290,68390
585290,73612
585290,66104
585290,56062
585290,58678
585290,68334
585290,72840
585290,66094
585290,55724
585290,54804
585290,66728
585290,70574
585290,62866
585290,52558
585290,51776
585290,63266
585290,70134
585290,63768
585290,51718
585290,48616
585290,58916
585290,69256
585290,63830
585290,53008
585290,49084
585290,58506
585290,67028
585290,62554
585290,50270
585290,46158
585290,57280
585290,64362
585290,61820
585290,50794
585290,46292
585290,52248
585290,60184
585290,60292
585290,48978
585291,43780
585291,48468
585291,55868
585291,56666
585291,48216
585291,44588
585291,48970
585291,54780
585291,53438
585291,48600
585291,44078
585291,48264
585291,54692
585291,54222
585291,45790
585291,42682
585291,47662
585291,51948
585291,51056
585291,45920
585291,41022
585291,47032
585291,51172
585291,49664
585291,43676
585291,41410
585291,48270
585291,53726
585291,49584
585291,42144
585291,40016
585291,45520
585291,53646
585291,49910
585291,41246
585291,39658
585297,46710
585297,52332
585297,47542
585297,41360
585297,37928
585297,46036
585297,51702
585297,47694
585297,41404
585297,36148
585297,42732
585297,49004
585297,47422
585297,37844
585297,33484
585297,41116
585297,45102
585297,43838
585297,34700
585297,31264
585297,37030
585297,43418
585297,42388
585297,33200
585297,29460
585297,35422
585297,40742
585298,40060
585298,35240
585298,32410
585298,35906
585298,39890
585298,36080
585298,31644
585298,28532
585298,35298
585298,39662
585298,34766
585298,28140
585298,28096
585298,34986
585298,40306
585298,34418
585298,23962
585298,23160
585298,33560
585298,36978
585298,31438
585298,22556
585298,20864
585298,28820
585298,35146
585298,30484
585298,22114
585298,19076
585298,27582
585298,36040
585298,30404
585298,20278
585298,16806
585298,25250
585298,33110
585298,29516
585298,21698
585298,15604
585298,21904
585298,29270
585298,27784
585298,19816
585298,14016
585298,20416
585298,28032
585298,29014
585298,22352
585298,15598
585298,17998
585298,26262
585298,28442
585298,19858
585298,14188
585298,16566
585298,23058
585298,27154
585298,19030
585298,14472
585298,18268
585298,23840
585298,23376
585298,17274
585298,14680
585298,18794
585298,22666
585299,22352
585299,16460
585299,15478
585299,18482
585299,22878
585299,21088
585299,17914
585299,15520
585299,18352
585299,22854
585299,22170
585299,17774
585299,11934
585299,16304
585299,20328
585299,21190
585299,16466
585299,13652
585299,17122
585299,20532
585299,20578
585299,16880
585299,12818
585299,15960
585299,19924
585299,19058
585299,13412
585299,9884
585299,12624
585299,18286
585299,19314
585299,13922
585299,10836
585299,12690
585299,18570
585299,16120
585305,11024
585305,9064
585305,11874
585305,16556
585305,14020
585305,8904
585305,7422
585305,10640
585305,13858
585305,12928
585305,8368
585305,8450
585305,9496
585305,12882
585305,12750
585305,8390
585305,5826
585305,9254
585305,12882
585305,12910
585305,9766
585305,4368
585305,7672
585305,12848
585305,14324
585305,8174
585305,3930
585306,4450
585306,11556
585306,12612
585306,7272
585306,1598
585306,4110
585306,10570
585306,12462
585306,8256
585306,1902
585306,5308
585306,12876
585306,11830
585306,6854
585306,1814
585306,2826
585306,10834
585306,15798
585306,10024
585306,1662
585306,4816
585306,11226
585306,14478
585306,9484
585306,2466
585306,1288
585306,8376
585306,14240
585306,10994
585306,1084
585306,176
585306,8768
585306,13164
585306,11278
585306,3344
585306,1396
585306,8582
585306,12884
585306,11300
585306,3500
585306,-406
585306,6006
585306,12312
585306,10914
585306,2054
585306,1302
585306,5844
585306,13652
585306,9996
585306,3518
585306,1056
585306,6872
585306,15364
585306,11192
585306,2594
585306,1426
585306,8206
585306,16012
585306,13310
585306,4750
585306,4236
585306,10494
585306,15880
585306,11276
585306,5060
585307,3354
585307,8116
585307,14692
585307,12000
585307,5762
585307,4584
585307,9384
585307,13740
585307,10512
585307,5260
585307,5112
585307,11942
585307,13350
585307,9642
585307,3572
585307,4252
585307,11280
585307,13680
585307,10128
585307,4152
585307,3764
585307,12060
585307,13564
585307,10242
585307,4618
585307,6086
585307,13674
585307,15634
585307,11828
585307,3432
585307,6990
585307,11590
585307,13980
585307,8684
585307,3630
585307,4982
585313,13112
585313,16264
585313,10594
585313,5724
585313,7134
585313,13074
585313,14548
585313,10126
585313,5460
585313,6166
585313,10944
585313,14832
585313,11392
585313,5058
585313,4826
585313,10584
585313,14340
585313,10326
585313,4130
585313,4824
585313,10914
585313,15572
585313,10122
585313,2472
585313,3834
585313,13250
585313,15806
585314,10468
585314,1768
585314,2646
585314,10616
585314,14310
585314,10256
585314,2968
585314,2788
585314,8936
585314,13878
585314,12138
585314,1376
585314,1098
585314,8980
585314,16140
585314,10502
585314,778
585314,708
585314,8412
585314,15152
585314,11216
585314,3944
585314,3258
585314,11388
585314,18470
585314,11538
585314,2362
585314,4250
585314,11574
585314,17202
585314,12382
585314,3354
585314,4760
585314,12530
585314,18296
585314,12738
585314,5268
585314,5532
585314,14000
585314,20026
585314,15242
585314,6800
585314,8120
585314,16150
585314,20180
585314,14616
585314,8344
585314,9716
585314,21226
585314,26764
585314,17966
585314,7982
585314,9560
585314,19318
585314,27176
585314,20654
585314,10254
585314,10952
585314,21742
585314,28924
585314,21092
585314,10730
585314,11524
585314,23552
585314,29004
585315,24368
585315,13550
585315,12486
585315,21680
585315,30316
585315,23886
585315,13688
585315,13304
585315,20600
585315,29664
585315,25678
585315,15564
585315,16164
585315,24218
585315,31038
585315,23444
585315,16096
585315,16868
585315,26842
585315,30436
585315,25614
585315,18216
585315,19210
585315,27716
585315,31986
585315,26484
585315,18922
585315,22776
585315,31102
585315,32338
585315,25388
585315,19030
585315,23750
585315,31922
585315,34982
585315,26968
585321,21284
585321,23852
585321,33490
585321,37526
585321,29356
585321,21616
585321,23792
585321,34544
585321,36390
585321,29714
585321,23772
585321,25992
585321,35906
585321,37670
585321,30484
585321,22348
585321,25402
585321,35828
585321,37736
585321,31242
585321,24182
585321,27588
585321,37082
585321,36950
585321,30150
585321,25438
585321,29112
585322,36968
585322,39100
585322,30878
585322,25748
585322,30528
585322,37534
585322,39358
585322,29756
585322,25368
585322,30164
585322,38272
585322,38818
585322,31650
585322,26552
585322,30852
585322,38328
585322,38616
585322,32162
585322,28834
585322,29980
585322,37568
585322,39374
585322,32634
585322,27646
585322,29864
585322,37986
585322,39668
585322,31610
585322,26562
585322,29940
585322,38162
585322,39224
585322,32260
585322,27694
585322,31070
585322,38380
585322,39014
585322,32244
585322,27798
585322,30050
585322,36786
585322,37782
585322,32286
585322,28318
585322,28990
585322,37578
585322,40082
585322,32322
585322,25986
585322,28134
585322,37792
585322,39808
585322,32728
585322,26646
585322,29224
585322,38696
585322,42734
585322,34456
585322,27362
585322,29648
585322,40040
585322,43316
585322,37000
585322,27958
585322,29252
585323,39408
585323,43318
585323,37166
585323,29896
585323,32486
585323,41670
585323,44948
585323,38066
585323,30090
585323,32728
585323,42094
585323,46018
585323,40680
585323,33510
585323,35384
585323,42816
585323,46904
585323,40952
585323,33948
585323,37762
585323,45344
585323,47270
585323,42114
585323,35922
585323,38208
585323,45822
585323,49300
585323,43098
585323,37788
585323,39354
585323,49008
585323,50658
585323,43908
585323,37770
585323,41050
585323,50306
585329,51826
585329,44576
585329,36822
585329,41192
585329,50660
585329,54094
585329,48134
585329,40100
585329,40948
585329,51424
585329,55572
585329,48694
585329,40992
585329,42992
585329,51902
585329,55272
585329,48194
585329,41492
585329,41634
585329,50254
585329,56516
585329,50416
585329,42620
585329,39444
585329,48060
585329,55680
585329,51576
585330,43062
585330,42096
585330,51594
585330,55866
585330,51678
585330,43946
585330,43126
585330,51122
585330,56042
585330,51872
585330,44292
585330,45968
585330,49406
585330,55012
585330,52876
585330,45926
585330,46170
585330,52866
585330,56932
585330,51794
585330,47078
585330,47094
585330,52194
585330,59348
585330,55900
585330,48958
585330,48586
585330,53852
585330,58786
585330,55284
585330,48484
585330,47230
585330,53116
585330,58946
585330,56110
585330,46742
585330,48328
585330,54690
585330,56776
585330,53758
585330,48428
585330,48830
585330,53980
585330,58806
585330,53378
585330,48662
585330,48050
585330,56962
585330,59566
585330,53310
585330,47194
585330,47090
585330,55332
585330,58616
585330,52458
585330,44180
585330,47530
585330,53594
585330,58262
585330,53024
585330,46180
585330,45724
585330,51904
585330,57566
585330,52162
585331,45174
585331,42262
585331,51598
585331,57394
585331,53726
585331,45426
585331,42244
585331,47526
585331,53734
585331,51898
585331,44972
585331,42380
585331,47654
585331,53858
585331,51012
585331,45420
585331,42786
585331,47024
585331,53158
585331,49748
585331,44710
585331,43730
585331,47896
585331,51748
585331,50916
585331,44908
585331,44272
585331,48770
585331,54058
585331,49354
585331,44386
585331,45484
585331,51354
585331,55302
585331,50950
585331,47590
585337,45456
585337,51508
585337,57946
585337,54656
585337,47406
585337,47690
585337,53034
585337,56682
585337,54974
585337,49406
585337,47974
585337,51518
585337,54832
585337,53426
585337,48894
585337,48696
585337,52846
585337,56010
585337,53242
585337,46350
585337,48428
585337,53006
585337,55440
585337,50458
585337,46472
585337,46702
585337,52300
585338,54458
585338,51762
585338,47238
585338,47320
585338,51062
585338,55010
585338,51404
585338,47512
585338,46972
585338,50132
585338,54904
585338,52556
585338,45422
585338,46292
585338,50582
585338,54934
585338,53516
585338,47112
585338,46670
585338,52256
585338,53098
585338,52180
585338,46644
585338,45982
585338,48816
585338,54638
585338,52926
585338,46276
585338,46942
585338,50394
585338,52758
585338,52698
585338,49486
585338,48034
585338,49794
585338,54206
585338,52274
585338,47846
585338,47432
585338,50952
585338,55104
585338,52572
585338,48110
585338,48006
585338,50444
585338,53190
585338,49046
585338,45440
585338,46248
585338,51106
585338,52514
585338,51940
585338,48244
585338,48368
585338,52984
585338,55200
585338,50736
585338,44934
585338,47382
585338,52674
585338,55520
585338,50794
585338,45940
585338,45780
585338,51428
585339,54588
585339,50748
585339,44408
585339,45224
585339,51756
585339,53236
585339,48948
585339,43996
585339,44768
585339,49862
585339,54238
585339,49280
585339,43168
585339,44620
585339,49868
585339,53998
585339,49228
585339,43496
585339,44854
585339,50586
585339,55830
585339,50888
585339,42212
585339,42234
585339,50612
585339,53404
585339,49700
585339,43526
585339,43082
585339,47360
585339,52364
585339,50466
585339,43448
585339,42006
585339,47636
585339,52514
585345,49844
585345,44320
585345,40588
585345,45980
585345,50588
585345,48848
585345,42006
585345,41524
585345,46440
585345,49976
585345,47296
585345,42416
585345,40474
585345,45320
585345,49824
585345,47530
585345,40238
585345,40286
585345,44798
585345,46532
585345,44764
585345,39320
585345,39628
585345,42350
585345,44418
585345,44416
585345,40934
585346,38164
585346,41948
585346,46272
585346,44486
585346,39294
585346,38106
585346,41668
585346,44722
585346,41874
585346,38380
585346,37464
585346,39836
585346,41946
585346,42928
585346,38328
585346,36476
585346,41636
585346,43724
585346,42310
585346,37326
585346,37022
585346,40086
585346,42962
585346,41166
585346,37800
585346,36664
585346,40332
585346,44102
585346,40280
585346,35976
585346,34964
585346,39522
585346,41872
585346,38796
585346,35144
585346,33964
585346,39278
585346,40498
585346,38246
585346,35128
585346,33568
585346,39290
585346,42506
585346,38924
585346,33342
585346,32228
585346,38404
585346,42660
585346,40696
585346,34328
585346,32420
585346,35402
585346,38474
585346,39678
585346,32884
585346,32108
585346,35530
585346,39592
585346,39664
585346,32996
585346,29860
585346,32918
585346,37924
585346,36710
585346,33664
585347,29950
585347,31562
585347,35720
585347,35010
585347,32350
585347,29880
585347,30110
585347,34906
585347,34648
585347,31224
585347,30704
585347,30840
585347,33192
585347,33382
585347,30968
585347,27656
585347,27740
585347,31672
585347,32576
585347,29892
585347,26238
585347,29366
585347,31462
585347,29202
585347,29852
585347,26742
585347,27504
585347,29754
585347,29910
585347,27266
585347,25804
585347,25934
585347,28062
585347,29770
585347,26820
585347,23076
585353,22852
585353,25638
585353,26482
585353,25002
585353,21038
585353,23444
585353,23702
585353,25372
585353,23384
585353,21496
585353,21378
585353,23092
585353,24066
585353,23182
585353,20938
585353,19858
585353,20710
585353,21246
585353,21388
585353,20352
585353,19250
585353,18742
585353,19266
585353,18462
585353,18254
585353,18072
585353,19698
585354,20414
585354,17806
585354,17892
585354,18840
585354,19454
585354,20524
585354,17900
585354,14222
585354,16496
585354,18590
585354,16654
585354,14210
585354,13814
585354,14138
585354,15726
585354,16026
585354,13142
585354,13858
585354,15232
585354,14454
585354,14828
585354,10824
585354,10756
585354,12796
585354,12360
585354,12686
585354,12514
585354,12832
585354,10472
585354,9446
585354,9568
585354,8256
585354,7458
585354,9068
585354,7498
585354,7642
585354,6988
585354,5896
585354,7540
585354,7760
585354,5900
585354,5074
585354,5786
585354,6696
585354,6354
585354,5910
585354,3726
585354,3456
585354,5956
585354,7302
585354,5204
585354,4352
585354,3754
585354,4774
585354,7050
585354,6372
585354,6110
585354,4116
585354,4266
585354,5008
585354,6922
585354,7118
585354,5114
585354,4404
585354,5094
585355,4462
585355,4240
585355,3332
585355,2790
585355,3880
585355,5316
585355,3786
585355,3944
585355,4960
585355,3216
585355,4668
585355,3962
585355,3300
585355,3538
585355,2962
585355,4222
585355,4182
585355,3320
585355,2980
585355,2874
585355,3954
585355,2644
585355,3134
585355,2868
585355,5168
585355,4866
585355,4638
585355,4302
585355,2044
585355,2294
585355,3046
585355,3642
585355,4332
585355,3476
585355,4848
585355,3502
585361,2890
585361,4240
585361,3204
585361,1828
585361,2914
585361,4474
585361,3146
585361,2618
585361,2646
585361,2434
585361,5344
585361,3906
585361,4296
585361,3422
585361,3490
585361,6380
585361,5200
585361,5182
585361,2208
585361,3462
585361,4068
585361,6182
585361,5324
585361,3766
585361,4612
585361,2844
585361,2088
585362,3378
585362,3182
585362,1724
585362,1714
585362,1548
585362,3034
585362,3322
585362,1786
585362,1546
585362,1682
585362,3320
585362,4190
585362,3420
585362,2872
585362,2212
585362,3788
585362,4002
585362,4832
585362,4570
585362,4538
585362,3146
585362,5012
585362,6328
585362,6058
585362,4554
585362,2728
585362,4476
585362,3906
585362,5298
585362,5096
585362,1934
585362,4706
585362,5034
585362,7022
585362,5912
585362,2980
585362,2360
585362,3378
585362,4826
585362,4866
585362,3198
585362,1744
585362,2352
585362,3402
585362,5092
585362,2608
585362,3604
585362,4640
585362,4702
585362,5570
585362,4420
585362,2600
585362,4470
585362,4538
585362,6560
585362,5344
585362,4462
585362,6580
585362,8434
585362,8054
585362,3888
585362,2954
585362,4830
585362,7944
585362,7074
585363,4700
585363,3044
585363,3536
585363,5784
585363,7726
585363,7136
585363,2828
585363,2988
585363,5812
585363,7030
585363,5724
585363,5690
585363,5520
585363,6004
585363,7676
585363,6486
585363,3792
585363,3610
585363,6956
585363,8292
585363,7358
585363,4792
585363,3808
585363,7934
585363,8228
585363,7370
585363,6566
585363,6728
585363,8360
585363,8666
585363,8306
585363,6182
585363,8076
585363,9884
585363,9410
585363,8232
585369,6944
585369,6934
585369,9506
585369,9434
585369,10166
585369,8428
585369,8302
585369,9766
585369,12544
585369,10976
585369,9208
585369,10250
585369,11488
585369,12228
585369,10520
585369,11338
585369,10766
585369,13136
585369,12140
585369,10678
585369,8218
585369,8894
585369,9994
585369,10014
585369,9664
585369,7122
585369,6648
585370,10208
585370,10932
585370,7468
585370,6610
585370,6196
585370,8652
585370,9964
585370,7920
585370,6312
585370,5542
585370,10078
585370,10586
585370,6706
585370,7014
585370,8678
585370,11374
585370,9626
585370,7880
585370,8446
585370,8408
585370,11770
585370,11028
585370,10068
585370,9652
585370,10148
585370,12216
585370,13116
585370,10656
585370,10648
585370,11328
585370,13502
585370,15562
585370,13350
585370,13452
585370,14378
585370,13988
585370,15986
585370,13974
585370,12442
585370,12756
585370,14134
585370,13972
585370,12436
585370,11194
585370,13050
585370,14320
585370,12564
585370,12138
585370,11962
585370,13338
585370,13692
585370,13988
585370,12654
585370,11670
585370,13246
585370,13690
585370,13388
585370,10804
585370,11184
585370,11488
585370,13186
585370,12396
585370,10540
585370,9308
585370,10388
585371,13440
585371,12200
585371,9074
585371,8078
585371,8906
585371,11782
585371,10232
585371,9760
585371,9082
585371,10160
585371,10878
585371,12758
585371,11044
585371,8066
585371,9600
585371,9892
585371,12408
585371,10720
585371,7204
585371,9520
585371,9874
585371,10918
585371,10218
585371,7066
585371,6918
585371,10132
585371,10612
585371,7898
585371,6508
585371,8660
585371,8696
585371,9076
585371,6848
585371,6158
585371,8478
585371,9560
585377,9708
585377,8160
585377,6322
585377,6624
585377,9344
585377,7908
585377,4226
585377,3630
585377,4134
585377,6440
585377,7382
585377,6436
585377,5128
585377,6686
585377,8154
585377,7516
585377,8380
585377,5894
585377,6690
585377,8438
585377,8552
585377,5558
585377,6084
585377,6732
585377,9050
585377,7470
585377,5918
585378,7550
585378,7706
585378,9484
585378,9680
585378,7736
585378,7676
585378,9298
585378,8394
585378,10130
585378,7914
585378,7416
585378,9172
585378,9940
585378,9626
585378,7636
585378,7556
585378,7518
585378,9296
585378,8114
585378,8752
585378,9336
585378,9932
585378,10746
585378,9790
585378,8850
585378,9014
585378,11012
585378,9766
585378,9636
585378,8998
585378,8206
585378,8594
585378,9302
585378,9056
585378,7024
585378,7558
585378,7166
585378,9184
585378,8026
585378,6940
585378,6298
585378,8112
585378,8388
585378,6610
585378,5194
585378,4918
585378,7486
585378,8462
585378,9344
585378,6034
585378,5210
585378,9374
585378,9354
585378,7966
585378,7332
585378,8178
585378,9408
585378,10708
585378,9384
585378,6490
585378,8434
585378,9352
585378,9050
585378,10626
585378,10070
585379,8296
585379,8970
585379,10706
585379,9722
585379,9614
585379,8062
585379,11088
585379,12208
585379,11604
585379,11364
585379,9038
585379,11184
585379,13234
585379,11090
585379,10052
585379,9526
585379,10282
585379,9930
585379,8768
585379,8308
585379,7598
585379,8512
585379,10060
585379,9172
585379,9168
585379,9092
585379,10068
585379,11174
585379,10336
585379,8528
585379,8882
585379,10336
585379,10750
585379,10132
585379,8500
585379,7592
585385,9570
585385,9264
585385,9228
585385,7446
585385,9084
585385,9870
585385,9474
585385,8752
585385,5570
585385,5506
585385,6900
585385,8638
585385,8524
585385,7294
585385,6654
585385,9310
585385,9958
585385,10606
585385,7528
585385,6632
585385,10018
585385,10360
585385,10370
585385,8658
585385,6556
585385,8396
585385,10318
585386,10270
585386,9464
585386,9002
585386,8700
585386,11632
585386,9298
585386,9906
585386,9208
585386,11158
585386,10842
585386,10908
585386,12022
585386,10346
585386,12150
585386,12760
585386,13236
585386,11730
585386,11842
585386,12950
585386,13794
585386,14924
585386,15236
585386,14128
585386,14696
585386,13770
585386,14846
585386,15206
585386,14242
585386,14126
585386,14896
585386,17314
585386,18212
585386,17318
585386,16518
585386,16828
585386,18076
585386,17906
585386,18026
585386,17212
585386,17500
585386,19394
585386,20438
585386,19806
585386,19358
585386,19828
585386,22870
585386,22558
585386,22888
585386,20044
585386,22144
585386,22990
585386,23816
585386,21874
585386,21412
585386,23060
585386,23134
585386,23776
585386,24966
585386,25570
585386,23240
585386,23706
585386,25418
585386,25348
585386,23726
585386,24082
585387,25230
585387,27544
585387,27448
585387,26478
585387,25740
585387,26204
585387,26330
585387,28614
585387,26922
585387,25824
585387,27162
585387,27952
585387,28880
585387,27798
585387,27472
585387,29308
585387,28664
585387,28314
585387,28878
585387,29826
585387,28156
585387,28712
585387,28718
585387,28804
585387,28608
585387,29068
585387,30688
585387,30134
585387,30874
585387,32466
585387,31516
585387,32208
585387,32088
585387,33016
585387,32694
585387,32340
585393,34158
585393,32820
585393,33898
585393,34970
585393,35748
585393,37158
585393,37896
585393,38462
585393,37478
585393,38786
585393,38454
585393,39676
585393,39544
585393,40138
585393,40690
585393,40690
585393,41330
585393,41840
585393,40942
585393,39300
585393,39494
585393,40968
585393,41362
585393,39888
585393,41124
585393,39966
585393,39914
585394,40088
585394,40506
585394,40686
585394,39638
585394,41154
585394,40330
585394,39860
585394,41202
585394,40550
585394,40128
585394,38838
585394,40594
585394,43094
585394,40744
585394,38660
585394,39156
585394,39538
585394,41040
585394,41982
585394,38872
585394,37384
585394,36826
585394,37290
585394,39804
585394,39022
585394,38018
585394,38268
585394,38428
585394,39694
585394,38384
585394,38510
585394,38142
585394,39142
585394,43434
585394,41008
585394,39312
585394,39032
585394,41248
585394,43458
585394,42386
585394,40764
585394,41764
585394,42996
585394,44494
585394,44130
585394,40534
585394,42882
585394,44608
585394,46278
585394,44504
585394,43462
585394,42480
585394,45612
585394,45866
585394,42408
585394,41168
585394,40582
585394,44600
585394,44744
585394,44206
585394,42028
585394,41976
585394,43106
585394,45554
585394,42816
585395,40654
585395,41752
585395,44398
585395,45930
585395,42544
585395,39996
585395,42420
585395,43492
585395,46794
585395,43694
585395,41864
585395,41996
585395,44564
585395,46256
585395,42626
585395,38936
585395,40876
585395,43424
585395,44976
585395,44498
585395,41134
585395,41662
585395,44248
585395,44718
585395,44058
585395,42510
585395,39962
585395,43090
585395,45642
585395,43700
585395,42036
585395,41202
585395,43720
585395,44556
585395,42746
585395,38898
585401,39458
585401,42024
585401,43948
585401,44138
585401,40602
585401,40940
585401,42450
585401,44960
585401,44084
585401,39432
585401,39370
585401,41686
585401,44072
585401,43398
585401,41018
585401,41656
585401,43536
585401,45232
585401,43432
585401,39626
585401,41598
585401,43932
585401,46966
585401,45046
585401,42462
585401,42272
585401,44262
585402,45230
585402,43490
585402,40736
585402,40576
585402,44036
585402,45252
585402,43052
585402,40638
585402,40384
585402,42592
585402,44334
585402,42768
585402,39516
585402,40270
585402,42254
585402,42748
585402,42666
585402,39244
585402,39164
585402,41564
585402,42744
585402,42040
585402,38852
585402,36910
585402,40128
585402,43872
585402,41922
585402,40690
585402,39694
585402,40038
585402,43030
585402,41788
585402,38156
585402,39614
585402,42524
585402,43470
585402,41770
585402,40118
585402,38596
585402,40350
585402,43176
585402,41194
585402,37412
585402,38512
585402,41182
585402,42250
585402,40508
585402,37552
585402,36730
585402,40406
585402,43898
585402,40374
585402,35498
585402,38318
585402,40570
585402,43774
585402,40844
585402,35798
585402,36442
585402,39424
585402,42116
585402,37780
585402,36390
585402,34742
585402,38528
585403,39196
585403,37700
585403,35940
585403,34170
585403,37754
585403,41676
585403,39148
585403,34570
585403,33728
585403,36942
585403,37624
585403,36312
585403,32290
585403,32706
585403,36950
585403,38246
585403,36694
585403,35836
585403,35166
585403,36860
585403,37944
585403,39162
585403,36362
585403,35164
585403,37862
585403,41212
585403,41686
585403,37448
585403,37444
585403,41142
585403,42226
585403,40034
585403,37930
585403,38310
585403,41326
585403,43070
585409,42252
585409,39098
585409,37604
585409,40652
585409,42930
585409,41602
585409,38200
585409,37942
585409,41628
585409,42456
585409,41478
585409,40916
585409,39388
585409,42770
585409,43084
585409,40524
585409,38228
585409,37870
585409,41358
585409,43306
585409,40714
585409,39436
585409,39718
585409,39988
585409,42840
585409,42094
585409,38446
585410,37480
585410,40566
585410,42848
585410,40368
585410,37546
585410,36402
585410,39530
585410,41050
585410,40538
585410,37750
585410,36462
585410,39152
585410,38624
585410,39234
585410,37978
585410,37572
585410,39132
585410,40178
585410,40260
585410,38312
585410,36288
585410,38984
585410,41734
585410,41450
585410,37626
585410,38178
585410,39496
585410,41794
585410,40194
585410,38594
585410,38638
585410,40616
585410,42662
585410,41312
585410,39026
585410,37570
585410,38906
585410,41664
585410,40202
585410,38198
585410,38688
585410,39336
585410,43620
585410,39642
585410,37706
585410,35400
585410,37870
585410,40642
585410,39748
585410,37810
585410,36054
585410,36740
585410,38520
585410,37786
585410,33434
585410,32006
585410,34216
585410,38124
585410,37178
585410,32858
585410,30880
585410,32898
585410,35546
585410,32610
585410,30604
585411,29936
585411,30364
585411,34968
585411,33282
585411,29422
585411,30052
585411,31328
585411,32934
585411,32162
585411,30398
585411,29594
585411,30582
585411,33254
585411,31850
585411,27616
585411,26666
585411,31312
585411,32844
585411,32752
585411,31610
585411,28118
585411,29570
585411,31984
585411,31626
585411,27798
585411,25868
585411,28022
585411,30854
585411,28754
585411,25436
585411,24512
585411,26598
585411,29414
585411,28130
585411,25494
585411,25062
585417,26938
585417,27434
585417,26668
585417,22756
585417,22610
585417,24072
585417,24860
585417,24870
585417,22642
585417,21308
585417,23654
585417,24458
585417,25198
585417,21302
585417,19542
585417,21718
585417,21458
585417,22018
585417,19438
585417,18702
585417,20988
585417,23226
585417,21742
585417,19510
585417,18516
585417,19794
585417,22336
585418,21810
585418,17212
585418,16616
585418,17672
585418,19908
585418,20102
585418,17464
585418,16338
585418,17248
585418,19366
585418,18530
585418,17390
585418,14184
585418,16916
585418,21070
585418,18818
585418,17710
585418,16594
585418,16696
585418,19270
585418,16586
585418,15358
585418,13632
585418,15072
585418,17306
585418,19008
585418,14238
585418,13744
585418,14948
585418,16716
585418,16158
585418,13908
585418,14258
585418,14880
585418,16768
585418,15832
585418,13804
585418,12762
585418,13132
585418,15718
585418,13104
585418,12248
585418,10224
585418,10510
585418,11042
585418,10506
585418,8558
585418,8732
585418,9454
585418,9652
585418,9984
585418,8386
585418,6018
585418,7456
585418,9600
585418,6880
585418,5072
585418,3076
585418,6314
585418,6794
585418,6814
585418,4242
585418,3608
585418,5784
585418,7164
585419,5414
585419,4408
585419,3516
585419,4928
585419,6234
585419,6522
585419,3422
585419,1926
585419,4180
585419,7452
585419,5502
585419,3934
585419,2278
585419,2008
585419,5102
585419,5806
585419,2610
585419,1430
585419,1886
585419,4556
585419,5010
585419,3230
585419,1786
585419,190
585419,2120
585419,2610
585419,1718
585419,1222
585419,1586
585419,4614
585419,2560
585419,1008
585419,-756
585419,148
585419,1620
585419,1424
585425,-1594
585425,-2066
585425,1550
585425,2130
585425,52
585425,-1804
585425,-4126
585425,-792
585425,212
585425,-2510
585425,-4730
585425,-4412
585425,-2756
585425,-34
585425,-84
585425,-2314
585425,-3358
585425,-2884
585425,-886
585425,-678
585425,-3192
585425,-4288
585425,-3262
585425,-2140
585425,-2506
585425,-4494
585425,-4456
585426,-3480
585426,-2268
585426,-1872
585426,-5832
585426,-5434
585426,-5374
585426,-3496
585426,-3600
585426,-4314
585426,-5968
585426,-5384
585426,-3374
585426,-3400
585426,-5058
585426,-5904
585426,-5842
585426,-3676
585426,-3766
585426,-5318
585426,-6278
585426,-3692
585426,-3112
585426,-3614
585426,-5654
585426,-7638
585426,-6010
585426,-3874
585426,-4756
585426,-8174
585426,-7942
585426,-6732
585426,-6102
585426,-5888
585426,-7738
585426,-10270
585426,-7302
585426,-5938
585426,-7160
585426,-9888
585426,-10222
585426,-8720
585426,-6642
585426,-8458
585426,-8760
585426,-10618
585426,-8934
585426,-7186
585426,-9042
585426,-10314
585426,-11032
585426,-10196
585426,-9620
585426,-11530
585426,-10852
585426,-11448
585426,-11526
585426,-10434
585426,-11770
585426,-14118
585426,-13710
585426,-14130
585426,-10962
585426,-11838
585426,-14154
585426,-15402
585427,-13990
585427,-13344
585427,-14832
585427,-16844
585427,-17292
585427,-14074
585427,-12992
585427,-14364
585427,-17158
585427,-17500
585427,-15986
585427,-14280
585427,-17810
585427,-17844
585427,-20302
585427,-16194
585427,-16176
585427,-18306
585427,-18654
585427,-21836
585427,-20688
585427,-17774
585427,-18314
585427,-21698
585427,-21532
585427,-19752
585427,-20794
585427,-19270
585427,-21420
585427,-24040
585427,-22696
585427,-20382
585427,-20544
585427,-23548
585427,-22738
585427,-22572
585433,-20392
585433,-19604
585433,-21712
585433,-23816
585433,-21084
585433,-20536
585433,-20940
585433,-21016
585433,-22686
585433,-21970
585433,-20466
585433,-20094
585433,-21560
585433,-22290
585433,-21718
585433,-19372
585433,-20016
585433,-21342
585433,-24406
585433,-22906
585433,-19388
585433,-19986
585433,-22116
585433,-23642
585433,-23070
585433,-22850
585433,-23594
585434,-25184
585434,-25488
585434,-23672
585434,-23184
585434,-24444
585434,-24224
585434,-26092
585434,-24354
585434,-24738
585434,-25118
585434,-26588
585434,-27690
585434,-26922
585434,-25946
585434,-25416
585434,-27634
585434,-30072
585434,-28842
585434,-27764
585434,-28840
585434,-30616
585434,-30824
585434,-30246
585434,-30164
585434,-30456
585434,-32518
585434,-33182
585434,-32670
585434,-31054
585434,-30770
585434,-32378
585434,-34312
585434,-33878
585434,-32224
585434,-32064
585434,-32974
585434,-33822
585434,-33856
585434,-32224
585434,-32162
585434,-33174
585434,-35014
585434,-33610
585434,-30614
585434,-33300
585434,-35446
585434,-36504
585434,-35058
585434,-33996
585434,-33982
585434,-34636
585434,-37562
585434,-35618
585434,-35066
585434,-34516
585434,-36038
585434,-37542
585434,-35850
585434,-34156
585434,-35400
585434,-36958
585434,-38760
585434,-36920
585434,-34552
585434,-34620
585435,-37206
585435,-38368
585435,-38086
585435,-37700
585435,-37748
585435,-40008
585435,-38586
585435,-38972
585435,-38430
585435,-37646
585435,-39286
585435,-39408
585435,-40780
585435,-38962
585435,-39082
585435,-40082
585435,-41878
585435,-39706
585435,-36376
585435,-39124
585435,-39894
585435,-40628
585435,-41232
585435,-39488
585435,-39678
585435,-42046
585435,-40934
585435,-39490
585435,-39304
585435,-39336
585435,-40730
585435,-42168
585435,-41200
585435,-39216
585435,-40872
585435,-40800
585441,-42634
585441,-41068
585441,-41982
585441,-42168
585441,-43358
585441,-42348
585441,-43202
585441,-42254
585441,-42702
585441,-44566
585441,-45090
585441,-43708
585441,-42642
585441,-42960
585441,-44414
585441,-44350
585441,-43844
585441,-43966
585441,-44204
585441,-47548
585441,-47614
585441,-45144
585441,-45158
585441,-44976
585441,-46530
585441,-48250
585441,-47386
585442,-46274
585442,-45482
585442,-46062
585442,-47556
585442,-46912
585442,-45280
585442,-45622
585442,-46138
585442,-47454
585442,-47230
585442,-46056
585442,-47286
585442,-46936
585442,-46562
585442,-46196
585442,-45942
585442,-46068
585442,-47402
585442,-47124
585442,-46310
585442,-45266
585442,-44524
585442,-46910
585442,-44974
585442,-44644
585442,-44420
585442,-44452
585442,-44212
585442,-46108
585442,-43566
585442,-42074
585442,-43056
585442,-44058
585442,-43586
585442,-41694
585442,-40380
585442,-41840
585442,-44470
585442,-45446
585442,-42426
585442,-41378
585442,-42920
585442,-45996
585442,-45996
585442,-43992
585442,-43914
585442,-43622
585442,-45756
585442,-45502
585442,-43486
585442,-42764
585442,-43366
585442,-45132
585442,-44550
585442,-43690
585442,-42510
585442,-44038
585442,-45858
585442,-46562
585442,-44390
585442,-44946
585442,-46102
585442,-47726
585442,-49744
585442,-47534
585443,-46724
585443,-47942
585443,-46194
585443,-46364
585443,-47048
585443,-47514
585443,-47856
585443,-47844
585443,-49112
585443,-46424
585443,-46342
585443,-47910
585443,-48276
585443,-47512
585443,-45696
585443,-45298
585443,-46224
585443,-46394
585443,-46428
585443,-45224
585443,-44142
585443,-43202
585443,-44560
585443,-45424
585443,-42258
585443,-44110
585443,-43442
585443,-46094
585443,-46838
585443,-43696
585443,-43298
585443,-42700
585443,-45290
585443,-45172
585443,-44856
585443,-41576
585449,-43062
585449,-43058
585449,-43056
585449,-42888
585449,-41946
585449,-42384
585449,-44382
585449,-44080
585449,-43118
585449,-42076
585449,-42904
585449,-45082
585449,-43876
585449,-42812
585449,-42094
585449,-43976
585449,-44344
585449,-43930
585449,-41500
585449,-42198
585449,-43476
585449,-42684
585449,-42408
585449,-40730
585449,-41384
585449,-42074
585449,-41982
585450,-41360
585450,-40820
585450,-39660
585450,-41004
585450,-43584
585450,-42836
585450,-40588
585450,-39458
585450,-41738
585450,-43482
585450,-42668
585450,-41494
585450,-41530
585450,-41196
585450,-42724
585450,-43270
585450,-40602
585450,-41866
585450,-41824
585450,-42820
585450,-41780
585450,-41350
585450,-41460
585450,-41414
585450,-42874
585450,-43004
585450,-39472
585450,-40236
585450,-41644
585450,-42176
585450,-43184
585450,-41452
585450,-41712
585450,-41666
585450,-40900
585450,-42168
585450,-40292
585450,-41140
585450,-40608
585450,-42146
585450,-41646
585450,-42570
585450,-42928
585450,-42358
585450,-42872
585450,-42946
585450,-42184
585450,-41350
585450,-41268
585450,-41744
585450,-42738
585450,-41732
585450,-41622
585450,-41458
585450,-42714
585450,-44414
585450,-41728
585450,-42330
585450,-43266
585450,-44022
585450,-44488
585450,-43232
585450,-43494
585450,-44928
585450,-47110
585451,-46954
585451,-44850
585451,-44408
585451,-47386
585451,-48144
585451,-49158
585451,-48654
585451,-45118
585451,-47866
585451,-48934
585451,-48448
585451,-49400
585451,-47938
585451,-49726
585451,-51168
585451,-51226
585451,-50692
585451,-50732
585451,-50000
585451,-50440
585451,-51338
585451,-50316
585451,-50498
585451,-51292
585451,-51462
585451,-52472
585451,-51092
585451,-50592
585451,-52470
585451,-52450
585451,-52888
585451,-52848
585451,-52586
585451,-54128
585451,-54326
585451,-55218
585457,-53030
585457,-53286
585457,-54200
585457,-55524
585457,-54436
585457,-54744
585457,-55092
585457,-54892
585457,-56482
585457,-56104
585457,-54884
585457,-55022
585457,-54806
585457,-55878
585457,-56624
585457,-57340
585457,-56286
585457,-57240
585457,-58576
585457,-59254
585457,-58894
585457,-58960
585457,-58258
585457,-59004
585457,-57718
585457,-57564
585457,-57658
585458,-60156
585458,-60216
585458,-60454
585458,-60578
585458,-58356
585458,-59128
585458,-61476
585458,-63470
585458,-62600
585458,-62188
585458,-62484
585458,-63988
585458,-62734
585458,-62262
585458,-60936
585458,-62164
585458,-61452
585458,-62460
585458,-62762
585458,-63298
585458,-63694
585458,-63908
585458,-64730
585458,-63138
585458,-63700
585458,-65910
585458,-64876
585458,-64096
585458,-65812
585458,-64806
585458,-66600
585458,-65604
585458,-65958
585458,-65352
585458,-65956
585458,-64718
585458,-66798
585458,-67040
585458,-65984
585458,-66392
585458,-66978
585458,-66650
585458,-66752
585458,-66566
585458,-66528
585458,-66200
585458,-66384
585458,-66908
585458,-65918
585458,-68108
585458,-66934
585458,-67748
585458,-67470
585458,-66098
585458,-67208
585458,-68106
585458,-68402
585458,-66542
585458,-68272
585458,-66962
585458,-67478
585458,-66478
585458,-67388
585458,-67818
585458,-68868
585459,-68944
585459,-68532
585459,-68006
585459,-67754
585459,-67410
585459,-68456
585459,-67426
585459,-68610
585459,-68804
585459,-69516
585459,-68148
585459,-67710
585459,-68758
585459,-67264
585459,-68780
585459,-67456
585459,-67756
585459,-69560
585459,-71222
585459,-70798
585459,-71324
585459,-70420
585459,-70128
585459,-71186
585459,-70748
585459,-71272
585459,-69998
585459,-70988
585459,-69998
585459,-69782
585459,-71068
585459,-72038
585459,-71380
585459,-71440
585459,-72394
585459,-70806
585465,-70296
585465,-70890
585465,-69782
585465,-69600
585465,-71678
585465,-71326
585465,-71068
585465,-70974
585465,-71304
585465,-72252
585465,-71714
585465,-71752
585465,-69646
585465,-70286
585465,-69960
585465,-70016
585465,-69162
585465,-67908
585465,-68264
585465,-67932
585465,-69198
585465,-69040
585465,-68074
585465,-67660
585465,-67644
585465,-68336
585465,-68038
585466,-69222
585466,-67936
585466,-68612
585466,-68790
585466,-68734
585466,-68622
585466,-69870
585466,-68908
585466,-67794
585466,-68560
585466,-68354
585466,-67576
585466,-67780
585466,-68996
585466,-67762
585466,-69596
585466,-69778
585466,-69118
585466,-69026
585466,-68268
585466,-68024
585466,-69866
585466,-69616
585466,-70338
585466,-68982
585466,-68434
585466,-67918
585466,-68636
585466,-68826
585466,-67166
585466,-67368
585466,-67504
585466,-67716
585466,-66242
585466,-67436
585466,-65264
585466,-63990
585466,-65086
585466,-64294
585466,-63850
585466,-64814
585466,-64258
585466,-62730
585466,-62386
585466,-63052
585466,-64318
585466,-62364
585466,-62820
585466,-62462
585466,-61392
585466,-61156
585466,-61036
585466,-62954
585466,-62468
585466,-62580
585466,-60572
585466,-62716
585466,-62724
585466,-60606
585466,-59478
585466,-60674
585466,-59846
585466,-59852
585466,-60068
585466,-59480
585467,-58686
585467,-58050
585467,-58316
585467,-58306
585467,-59106
585467,-57478
585467,-57940
585467,-58842
585467,-57900
585467,-57706
585467,-59096
585467,-58530
585467,-57402
585467,-59124
585467,-58490
585467,-57800
585467,-58464
585467,-59106
585467,-58312
585467,-56980
585467,-57356
585467,-58568
585467,-57272
585467,-56204
585467,-57286
585467,-57522
585467,-57568
585467,-58688
585467,-57230
585467,-57052
585467,-55916
585467,-57310
585467,-58358
585467,-56270
585467,-56790
585467,-58254
585473,-56970
585473,-57566
585473,-57422
585473,-57632
585473,-57434
585473,-56986
585473,-57280
585473,-57212
585473,-56896
585473,-57510
585473,-57918
585473,-56822
585473,-56478
585473,-56000
585473,-55934
585473,-55482
585473,-55644
585473,-53530
585473,-54778
585473,-55094
585473,-55046
585473,-54610
585473,-55420
585473,-55548
585473,-55886
585473,-55726
585473,-56322
585474,-56944
585474,-55004
585474,-54992
585474,-55234
585474,-53600
585474,-55418
585474,-55510
585474,-55184
585474,-54360
585474,-56598
585474,-55252
585474,-54378
585474,-54990
585474,-55530
585474,-56468
585474,-56252
585474,-56394
585474,-55214
585474,-55804
585474,-55000
585474,-56242
585474,-55556
585474,-56618
585474,-56430
585474,-56498
585474,-57330
585474,-56554
585474,-56860
585474,-56730
585474,-55026
585474,-56722
585474,-58572
585474,-59268
585474,-57878
585474,-58846
585474,-58000
585474,-58352
585474,-57558
585474,-57412
585474,-58566
585474,-59270
585474,-58424
585474,-58314
585474,-59530
585474,-58066
585474,-58918
585474,-57492
585474,-58714
585474,-59054
585474,-58336
585474,-59266
585474,-59480
585474,-60868
585474,-61110
585474,-59164
585474,-58960
585474,-59876
585474,-59514
585474,-58962
585474,-59500
585474,-58876
585474,-59876
585474,-58604
585474,-60800
585474,-60452
585475,-58456
585475,-59576
585475,-61126
585475,-60648
585475,-60632
585475,-62292
585475,-61964
585475,-62592
585475,-62052
585475,-62622
585475,-63656
585475,-62774
585475,-62676
585475,-61950
585475,-61728
585475,-62640
585475,-64774
585475,-62784
585475,-61034
585475,-63760
585475,-62288
585475,-62206
585475,-62096
585475,-62242
585475,-62750
585475,-61466
585475,-61872
585475,-63328
585475,-62850
585475,-62200
585475,-62070
585475,-63884
585475,-62988
585475,-63162
585475,-63498
585475,-61580
585481,-62946
585481,-61954
585481,-62358
585481,-63402
585481,-62276
585481,-62884
585481,-62462
585481,-61964
585481,-62818
585481,-63072
585481,-63438
585481,-63814
585481,-64268
585481,-63782
585481,-62280
585481,-63486
585481,-63862
585481,-64044
585481,-64624
585481,-65158
585481,-64136
585481,-63022
585481,-65004
585481,-65402
585481,-66242
585481,-66410
585481,-65110
585482,-65626
585482,-66736
585482,-66362
585482,-65610
585482,-65052
585482,-68678
585482,-67756
585482,-66064
585482,-65966
585482,-66628
585482,-67788
585482,-64866
585482,-66178
585482,-66182
585482,-67172
585482,-66950
585482,-66350
585482,-65952
585482,-64438
585482,-65460
585482,-66046
585482,-64620
585482,-65460
585482,-64678
585482,-65490
585482,-65246
585482,-63658
585482,-65034
585482,-64082
585482,-64712
585482,-65390
585482,-64904
585482,-65136
585482,-64582
585482,-65278
585482,-64336
585482,-64436
585482,-65414
585482,-64740
585482,-64860
585482,-65078
585482,-64582
585482,-64678
585482,-62400
585482,-63714
585482,-64024
585482,-63382
585482,-62540
585482,-63516
585482,-64420
585482,-62158
585482,-63834
585482,-62858
585482,-63004
585482,-63000
585482,-61814
585482,-63834
585482,-62518
585482,-62494
585482,-61060
585482,-63544
585482,-63936
585482,-64668
585482,-63282
585482,-64872
585483,-65830
585483,-66150
585483,-65374
585483,-65086
585483,-66066
585483,-65374
585483,-66374
585483,-66972
585483,-66490
585483,-66000
585483,-66580
585483,-66966
585483,-67036
585483,-66654
585483,-65530
585483,-67142
585483,-67194
585483,-67604
585483,-66664
585483,-67928
585483,-66932
585483,-67358
585483,-67930
585483,-68192
585483,-68184
585483,-68756
585483,-67776
585483,-67230
585483,-66288
585483,-68346
585483,-68078
585483,-68406
585483,-67628
585483,-68372
585483,-67418
585483,-68296
585489,-67186
585489,-66698
585489,-66928
585489,-65628
585489,-67500
585489,-67822
585489,-66854
585489,-66566
585489,-66182
585489,-66282
585489,-65300
585489,-67556
585489,-66308
585489,-66852
585489,-67356
585489,-67570
585489,-67918
585489,-67214
585489,-69018
585489,-70248
585489,-68690
585489,-69996
585489,-69614
585489,-68480
585489,-68810
585489,-69480
585489,-69528
585490,-70148
585490,-71116
585490,-69906
585490,-69660
585490,-69222
585490,-68682
585490,-67488
585490,-68610
585490,-67314
585490,-66826
585490,-66194
585490,-67094
585490,-67904
585490,-66512
585490,-65346
585490,-65952
585490,-66092
585490,-65930
585490,-66478
585490,-65622
585490,-65872
585490,-65658
585490,-65454
585490,-66486
585490,-65846
585490,-64516
585490,-63960
585490,-66112
585490,-68046
585490,-66190
585490,-65328
585490,-65184
585490,-65768
585490,-66582
585490,-66560
585490,-66406
585490,-64254
585490,-65816
585490,-66254
585490,-66130
585490,-66008
585490,-64146
585490,-65078
585490,-63976
585490,-63932
585490,-64696
585490,-64052
585490,-63072
585490,-63142
585490,-63500
585490,-61494
585490,-60956
585490,-61782
585490,-60818
585490,-61068
585490,-60934
585490,-58954
585490,-60286
585490,-59840
585490,-59426
585490,-61532
585490,-59976
585490,-61594
585490,-61872
585490,-61146
585491,-60906
585491,-59990
585491,-60268
585491,-60992
585491,-60186
585491,-58934
585491,-60670
585491,-60532
585491,-60416
585491,-60392
585491,-59366
585491,-59410
585491,-59382
585491,-60478
585491,-59852
585491,-59632
585491,-59966
585491,-58546
585491,-60214
585491,-60082
585491,-60676
585491,-60124
585491,-60012
585491,-60654
585491,-60118
585491,-60760
585491,-60514
585491,-61452
585491,-62420
585491,-61338
585491,-60880
585491,-62248
585491,-61046
585491,-62374
585491,-61880
585491,-62848
585497,-63320
585497,-62118
585497,-62790
585497,-62736
585497,-62040
585497,-62516
585497,-62534
585497,-63358
585497,-63774
585497,-63344
585497,-64912
585497,-64716
585497,-63966
585497,-64818
585497,-64218
585497,-63840
585497,-62420
585497,-62728
585497,-63388
585497,-64940
585497,-66412
585497,-65538
585497,-65394
585497,-64828
585497,-64164
585497,-63952
585497,-63866
585498,-63922
585498,-63452
585498,-62464
585498,-63184
585498,-62998
585498,-64576
585498,-65392
585498,-64380
585498,-65202
585498,-64278
585498,-64726
585498,-64572
585498,-65186
585498,-63576
585498,-63604
585498,-63522
585498,-64716
585498,-64584
585498,-65832
585498,-66060
585498,-64882
585498,-65114
585498,-63672
585498,-63414
585498,-64844
585498,-66440
585498,-67134
585498,-66544
585498,-65924
585498,-67174
585498,-67684
585498,-65252
585498,-65742
585498,-65832
585498,-66602
585498,-67086
585498,-67506
585498,-66356
585498,-67914
585498,-68406
585498,-66914
585498,-66694
585498,-67792
585498,-66632
585498,-66272
585498,-67756
585498,-68962
585498,-68812
585498,-68384
585498,-67888
585498,-68472
585498,-69140
585498,-67030
585498,-66892
585498,-67306
585498,-67674
585498,-68948
585498,-69252
585498,-68436
585498,-68588
585498,-69146
585498,-68622
585498,-68350
585498,-68036
585498,-68876
585499,-68828
585499,-67824
585499,-68306
585499,-67898
585499,-68892
585499,-69524
585499,-69608
585499,-68314
585499,-68952
585499,-69702
585499,-69176
585499,-71420
585499,-70740
585499,-71738
585499,-71074
585499,-70712
585499,-71882
585499,-70370
585499,-73662
585499,-70838
585499,-71918
585499,-72956
585499,-72374
585499,-74390
585499,-73768
585499,-71442
585499,-72218
585499,-72862
585499,-73628
585499,-74278
585499,-72442
585499,-74360
585499,-73984
585499,-73036
585499,-75390
585499,-74948
585505,-75982
585505,-76742
585505,-77906
585505,-78698
585505,-79334
585505,-78610
585505,-77264
585505,-78212
585505,-79836
585505,-79426
585505,-80028
585505,-78782
585505,-80030
585505,-80342
585505,-80620
585505,-81656
585505,-80868
585505,-80674
585505,-82002
585505,-83394
585505,-83176
585505,-82428
585505,-83418
585505,-83864
585505,-84230
585505,-84156
585505,-83758
585506,-82798
585506,-84174
585506,-85914
585506,-84984
585506,-84016
585506,-84226
585506,-85386
585506,-84492
585506,-85730
585506,-86234
585506,-85294
585506,-85956
585506,-85730
585506,-86184
585506,-86078
585506,-87372
585506,-87558
585506,-86386
585506,-86796
585506,-86600
585506,-86114
585506,-86288
585506,-86742
585506,-88166
585506,-85004
585506,-86372
585506,-86788
585506,-86888
585506,-87034
585506,-86590
585506,-88058
585506,-86656
585506,-86782
585506,-84858
585506,-84902
585506,-85248
585506,-86486
585506,-86210
585506,-86470
585506,-86302
585506,-85836
585506,-86484
585506,-86054
585506,-86348
585506,-84748
585506,-85564
585506,-84398
585506,-83754
585506,-83420
585506,-83284
585506,-83814
585506,-83046
585506,-84010
585506,-84900
585506,-83838
585506,-82816
585506,-82178
585506,-84346
585506,-84180
585506,-83110
585506,-85510
585506,-84256
585506,-83120
585506,-83982
585506,-83670
585507,-83778
585507,-84064
585507,-84136
585507,-84546
585507,-85650
585507,-83584
585507,-84006
585507,-83478
585507,-84206
585507,-84416
585507,-83758
585507,-84786
585507,-85056
585507,-83922
585507,-83834
585507,-81634
585507,-80992
585507,-81494
585507,-82456
585507,-82506
585507,-83454
585507,-82192
585507,-81734
585507,-80646
585507,-81438
585507,-81416
585507,-82132
585507,-82684
585507,-83100
585507,-83882
585507,-82964
585507,-82794
585507,-82656
585507,-80710
585507,-82120
585507,-83702
585513,-83070
585513,-83042
585513,-83576
585513,-83522
585513,-83058
585513,-81894
585513,-82518
585513,-82296
585513,-82720
585513,-83666
585513,-83592
585513,-84594
585513,-84140
585513,-85800
585513,-85350
585513,-85968
585513,-84822
585513,-85560
585513,-84198
585513,-85250
585513,-86028
585513,-86084
585513,-87732
585513,-86400
585513,-85978
585513,-87836
585513,-87486
585514,-86094
585514,-86782
585514,-86488
585514,-86862
585514,-87134
585514,-86876
585514,-85846
585514,-86730
585514,-87700
585514,-89170
585514,-88304
585514,-87184
585514,-87996
585514,-88568
585514,-89686
585514,-90078
585514,-89572
585514,-88810
585514,-90344
585514,-93088
585514,-90900
585514,-90526
585514,-91408
585514,-90550
585514,-90994
585514,-90690
585514,-90430
585514,-89692
585514,-91286
585514,-91838
585514,-90214
585514,-89808
585514,-90374
585514,-90632
585514,-91558
585514,-91666
585514,-90552
585514,-91846
585514,-92158
585514,-92250
585514,-92526
585514,-93528
585514,-94164
585514,-92890
585514,-94426
585514,-93588
585514,-93406
585514,-93338
585514,-94324
585514,-93448
585514,-92776
585514,-92632
585514,-92658
585514,-93590
585514,-92916
585514,-93858
585514,-95168
585514,-94440
585514,-93546
585514,-94992
585514,-95838
585514,-94422
585514,-93510
585514,-95728
585514,-94596
585515,-94724
585515,-93918
585515,-93494
585515,-94070
RAW_SUMMARY trimmed