# run: RAW_i2s_pre150_2
# firmware: role=analyzer git=464b8fc version=0.4.0
# imported-from: capture2.log (mtime 2026-10-09T09:44:07)
RAW_INFO mode=i2s output=csv

RAW_INFO row_size=12

RAW_BEGIN id=2 sr=16000 trigger_ms=524915 command_ms=524902 emit_seen=1 emit_start_ms=524915 emit_done_ms=525011 f=3200 dur=100 pre_ms=150 post_ms=100 decim=1 pre_samples=299 post_samples=1600 mode=i2s output=csv fields=ms,pcm

ms,pcm

524904,-78548

524904,-78480

524904,-76990

524904,-78910

524904,-77868

524904,-78264

524904,-79820

524904,-79112

524904,-79704

524904,-79652

524904,-80120

524904,-80698

524904,-80520

524904,-78800

524904,-80470

524904,-81598

524904,-81452

524904,-80732

524904,-83698

524904,-81104

524904,-81338

524904,-81704

524904,-81632

524904,-82662

524904,-81438

524904,-81660

524904,-83100

524904,-81874

524904,-82858

524904,-83074

524904,-82940

524904,-83638

524904,-82668

524904,-83986

524905,-82440

524905,-83166

524905,-83876

524905,-84684

524905,-84736

524905,-84922

524905,-85286

524905,-85268

524905,-85226

524905,-84616

524905,-84692

524905,-86996

524905,-85700

524905,-86788

524905,-86078

524905,-87610

524905,-87134

524905,-87566

524905,-88744

524905,-87954

524905,-89530

524905,-88390

524905,-89424

524905,-88286

524905,-89770

524905,-89754

524905,-90974

524905,-90798

524905,-90534

524905,-91384

524905,-91126

524905,-92198

524905,-92526

524905,-91836

524905,-92262

524905,-91682

524905,-92432

524905,-91926

524905,-91528

524905,-93418

524905,-92552

524905,-92578

524905,-92536

524905,-93106

524905,-92290

524905,-92848

524905,-93866

524905,-93634

524905,-95116

524905,-93934

524905,-94878

524905,-95332

524905,-93728

524905,-94364

524905,-93012

524905,-95820

524905,-94308

524905,-96322

524905,-96474

524905,-94624

524905,-95264

524905,-95468

524905,-96176

524905,-97468

524906,-98330

524906,-96904

524906,-97826

524906,-97216

524906,-96480

524906,-96764

524906,-97224

524906,-96532

524906,-95766

524906,-96096

524906,-96374

524906,-95978

524906,-95354

524906,-96208

524906,-95864

524906,-96720

524906,-97254

524906,-97006

524906,-96072

524906,-96154

524906,-95554

524906,-96852

524906,-97922

524906,-97044

524906,-95820

524906,-95720

524906,-94848

524906,-96054

524906,-96776

524906,-96556

524906,-95172

524906,-96212

524906,-94800

524906,-95596

524906,-94350

524906,-95132

524906,-95778

524906,-96134

524906,-95714

524906,-96680

524906,-97308

524906,-97172

524906,-98308

524906,-97126

524906,-96536

524906,-95584

524906,-96394

524906,-96198

524906,-94746

524906,-94814

524906,-94872

524906,-94760

524906,-95182

524906,-94518

524906,-94282

524906,-94182

524906,-93202

524906,-94152

524906,-94066

524906,-95158

524906,-94724

524906,-95648

524906,-93974

524906,-94672

524906,-96522

524907,-95518

524907,-95914

524907,-94450

524907,-94282

524907,-92680

524907,-93060

524907,-92496

524907,-92126

524907,-93152

524907,-92684

524907,-92002

524907,-92652

524907,-91132

524907,-93322

524907,-91388

524907,-92316

524907,-91578

524907,-91848

524907,-89556

524907,-91960

524907,-91960

524907,-91484

524907,-90848

524907,-90670

524907,-90532

524907,-90158

524907,-91166

524907,-90758

524907,-91374

524907,-91492

524907,-90618

524907,-91186

524907,-90134

524907,-90780

524907,-90786

524907,-90078

524907,-90840

524907,-91150

524907,-88918

524907,-88336

524907,-89712

524907,-88504

524907,-88862

524907,-90494

524907,-91064

524907,-90726

524907,-90354

524907,-90548

524907,-90238

524907,-91056

524907,-91718

524907,-91410

524907,-89448

524907,-91164

524907,-93066

524907,-93034

524907,-91982

524907,-91574

524907,-91868

524907,-91210

524907,-91688

524907,-93312

524907,-93378

524907,-92004

524907,-91158

524908,-91916

524908,-92064

524908,-91284

524908,-91314

524908,-92308

524908,-90374

524908,-90634

524908,-91402

524908,-90420

524908,-89572

524908,-90426

524908,-90210

524908,-89592

524908,-88812

524908,-90798

524908,-88408

524908,-88584

524908,-88656

524908,-88826

524908,-88368

524908,-88746

524908,-88764

524908,-88552

524908,-90552

524908,-88276

524908,-88606

524908,-88242

524908,-89206

524913,-88356

524913,-88282

524913,-88752

524913,-88452

524913,-88288

524913,-87212

524913,-87208

524913,-87656

524913,-87790

524913,-88782

524913,-87272

524913,-86906

524913,-88202

524913,-87438

524913,-86550

524913,-88690

524913,-87342

524913,-86228

524913,-86358

524913,-88632

524913,-87628

524913,-86292

524913,-87384

524913,-86502

524913,-89190

524913,-89734

524913,-87808

524914,-88774

524914,-88228

524914,-87132

524914,-88004

524914,-88050

524914,-86544

524914,-88822

524914,-88242

524914,-87342

524914,-87568

524914,-89356

524914,-89004

524914,-90212

524914,-89432

524914,-87074

524914,-45024

524917,-82308

524917,-144048

524917,-202984

524917,-84586

524917,69484

524917,44144

524917,-195778

524917,-317018

524917,-141420

524917,70364

524917,104614

524917,-120010

524917,-281256

524917,-194410

524917,41584

524917,103990

524917,-100848

524917,-289554

524917,-217628

524917,53478

524917,124434

524917,-66706

524917,-288294

524917,-263984

524917,-4678

524917,133208

524917,-4582

524917,-254424

524917,-287804

524917,-50732

524917,115676

524917,13230

524917,-220650

524917,-273194

524917,-84768

524917,76496

524917,1422

524917,-198202

524917,-230918

524917,-80592

524917,45856

524917,-39236

524917,-197346

524917,-205418

524917,-59688

524917,39646

524917,-53458

524917,-203724

524917,-202774

524917,-42204

524917,40036

524917,-65892

524917,-217458

524917,-198884

524917,-30552

524917,45516

524917,-65778

524917,-224154

524917,-207076

524917,-40516

524917,48912

524917,-56214

524917,-217118

524917,-212730

524917,-51136

524918,47802

524918,-52160

524918,-207666

524918,-206112

524918,-51894

524918,35806

524918,-58526

524918,-200220

524918,-196926

524918,-53144

524918,29150

524918,-66240

524918,-203544

524918,-195590

524918,-45174

524918,35698

524918,-67140

524918,-211992

524918,-201138

524918,-44222

524921,39066

524921,-67020

524921,-215500

524921,-203080

524921,-46954

524921,40160

524921,-65416

524921,-219274

524921,-210496

524921,-45994

524921,46876

524921,-61154

524921,-220602

524921,-214994

524921,-51832

524921,42766

524921,-60404

524921,-217624

524921,-216258

524921,-59566

524921,35558

524921,-57692

524921,-213986

524921,-216716

524921,-64650

524921,30556

524921,-56554

524922,-210914

524922,-217832

524922,-71342

524922,28844

524922,-54978

524922,-206722

524922,-216852

524922,-75078

524922,23358

524922,-60312

524922,-206598

524922,-214834

524922,-70994

524922,20652

524922,-64386

524922,-211510

524922,-216854

524922,-71916

524922,20336

524922,-64418

524922,-209328

524922,-213068

524922,-70198

524922,16904

524922,-68396

524922,-211150

524922,-210984

524922,-72862

524922,12784

524922,-67794

524922,-209402

524922,-216028

524922,-74544

524922,15892

524922,-68258

524922,-212058

524922,-215150

524922,-74718

524922,11812

524922,-72498

524922,-212894

524922,-216562

524922,-76416

524922,9578

524922,-72462

524922,-211308

524922,-212846

524922,-76210

524922,8358

524922,-76832

524922,-215772

524922,-213300

524922,-73520

524922,10150

524922,-79360

524922,-215394

524922,-216464

524922,-73496

524922,10216

524922,-77754

524922,-218316

524922,-219204

524922,-77342

524922,9004

524922,-77294

524923,-218212

524923,-221378

524923,-79734

524923,10154

524923,-75494

524923,-216638

524923,-221122

524923,-80072

524923,8092

524923,-74826

524923,-215030

524923,-224592

524923,-85270

524923,5924

524923,-71430

524923,-214332

524923,-226458

524923,-89492

524923,4832

524923,-70864

524923,-215568

524923,-225060

524923,-93360

524923,2538

524923,-68096

524923,-209132

524923,-226406

524923,-98638

524923,-834

524923,-70662

524923,-206664

524923,-226114

524923,-96332

524923,-5550

524923,-70746

524923,-206278

524929,-225228

524929,-100504

524929,-7850

524929,-72230

524929,-206030

524929,-222744

524929,-100754

524929,-8260

524929,-74384

524929,-207712

524929,-221500

524929,-99620

524929,-6376

524929,-75384

524929,-207744

524929,-224042

524929,-98874

524929,-6828

524929,-74172

524929,-209442

524929,-225338

524929,-98912

524929,-4298

524929,-72276

524929,-209394

524929,-228528

524929,-101282

524930,-5118

524930,-71928

524930,-208236

524930,-228732

524930,-103736

524930,-7920

524930,-73316

524930,-207444

524930,-225704

524930,-102092

524930,-8468

524930,-72512

524930,-207348

524930,-225834

524930,-99804

524930,-8064

524930,-74474

524930,-207908

524930,-225530

524930,-98200

524930,-8196

524930,-78020

524930,-212804

524930,-223916

524930,-93628

524930,-4024

524930,-78510

524930,-216222

524930,-225694

524930,-93090

524930,1268

524930,-74228

524930,-216426

524930,-228544

524930,-92422

524930,1430

524930,-71212

524930,-213322

524930,-228302

524930,-94056

524930,606

524930,-69756

524930,-211340

524930,-226050

524930,-92704

524930,976

524930,-70792

524930,-208390

524930,-223474

524930,-92796

524930,1748

524930,-69684

524930,-207464

524930,-219872

524930,-92318

524930,1120

524930,-68090

524930,-203632

524930,-219028

524930,-90318

524930,1542

524930,-70296

524930,-207088

524930,-219202

524930,-86148

524931,3878

524931,-69238

524931,-206296

524931,-218938

524931,-86498

524931,5764

524931,-66496

524931,-204732

524931,-219196

524931,-86582

524931,6084

524931,-64556

524931,-204962

524931,-219686

524931,-90952

524931,4136

524931,-63294

524931,-202038

524931,-218566

524931,-92566

524931,1544

524931,-64892

524931,-198704

524931,-218216

524931,-95312

524931,-846

524931,-64018

524931,-197644

524931,-218078

524931,-94074

524931,-2366

524931,-64802

524931,-199390

524931,-218976

524931,-94590

524931,-378

524937,-63182

524937,-198486

524937,-217828

524937,-95508

524937,-3280

524937,-64024

524937,-198620

524937,-218482

524937,-95326

524937,-2942

524937,-65056

524937,-198550

524937,-215074

524937,-95384

524937,-4256

524937,-66636

524937,-196300

524937,-213078

524937,-91874

524937,-2936

524937,-66262

524937,-196904

524937,-215026

524937,-93752

524937,-4700

524937,-66556

524937,-195006

524938,-212106

524938,-92370

524938,-5872

524938,-68482

524938,-196804

524938,-212838

524938,-93566

524938,-6670

524938,-69788

524938,-197146

524938,-212378

524938,-93796

524938,-6432

524938,-69952

524938,-197240

524938,-210624

524938,-91438

524938,-6708

524938,-71976

524938,-199004

524938,-210890

524938,-90580

524938,-5782

524938,-70802

524938,-201098

524938,-213698

524938,-91386

524938,-2918

524938,-70780

524938,-200540

524938,-214736

524938,-90858

524938,-1538

524938,-71382

524938,-201438

524938,-214014

524938,-90004

524938,-342

524938,-69928

524938,-202636

524938,-214878

524938,-88710

524938,2134

524938,-67248

524938,-201464

524938,-217900

524938,-90274

524938,2082

524938,-65898

524938,-200288

524938,-215414

524938,-89326

524938,1632

524938,-63968

524938,-196894

524938,-211650

524938,-88298

524938,5054

524938,-61300

524938,-193866

524938,-211144

524938,-87990

524938,3958

524938,-61614

524938,-191964

524939,-208704

524939,-87790

524939,2150

524939,-61828

524939,-190960

524939,-207422

524939,-84724

524939,2200

524939,-61510

524939,-189530

524939,-202496

524939,-82192

524939,2492

524939,-61792

524939,-190360

524939,-203882

524939,-83168

524939,4288

524939,-59844

524939,-189702

524939,-202160

524939,-80448

524939,5318

524939,-59244

524939,-188754

524939,-201432

524939,-78626

524939,8590

524939,-57028

524939,-186774

524939,-201398

524939,-78826

524939,11610

524939,-54156

524939,-186222

524939,-198260

524945,-76276

524945,12990

524945,-54390

524945,-183514

524945,-198310

524945,-74866

524945,14498

524945,-50208

524945,-179708

524945,-198022

524945,-75936

524945,11686

524945,-50720

524945,-177940

524945,-194596

524945,-74156

524945,13228

524945,-49340

524945,-176694

524945,-190450

524945,-70426

524945,14294

524945,-50082

524945,-176076

524945,-189796

524945,-70032

524945,16178

524946,-50846

524946,-176038

524946,-188512

524946,-67524

524946,16540

524946,-49608

524946,-176786

524946,-186988

524946,-64996

524946,19348

524946,-49382

524946,-177866

524946,-189120

524946,-65086

524946,22700

524946,-46036

524946,-176878

524946,-187480

524946,-63558

524946,24152

524946,-44898

524946,-175708

524946,-186988

524946,-60980

524946,27436

524946,-42934

524946,-174818

524946,-186518

524946,-61556

524946,29286

524946,-40864

524946,-174068

524946,-186122

524946,-60054

524946,28718

524946,-39654

524946,-171852

524946,-185286

524946,-60050

524946,31654

524946,-36008

524946,-167096

524946,-182834

524946,-58106

524946,31490

524946,-33646

524946,-165760

524946,-181650

524946,-56830

524946,32352

524946,-32462

524946,-164590

524946,-179988

524946,-55652

524946,35560

524946,-31776

524946,-164010

524946,-177250

524946,-52252

524946,37446

524946,-29100

524946,-161712

524946,-177070

524946,-53642

524946,38690

524947,-26606

524947,-160884

524947,-175210

524947,-51134

524947,40950

524947,-27788

524947,-159154

524947,-176148

524947,-50114

524947,40924

524947,-26278

524947,-158386

524947,-176000

524947,-52022

524947,41816

524947,-23908

524947,-156378

524947,-174412

524947,-49846

524947,42120

524947,-23258

524947,-154956

524947,-170928

524947,-46900

524947,46686

524947,-20762

524947,-153292

524947,-167930

524947,-45058

524947,46926

524947,-20016

524947,-151946

524947,-166826

524947,-42588

524947,49738

524947,-19110

524953,-152336

524953,-168326

524953,-41692

524953,48194

524953,-19902

524953,-151466

524953,-166638

524953,-39928

524953,51134

524953,-17074

524953,-149910

524953,-164288

524953,-37786

524953,53792

524953,-16976

524953,-152676

524953,-166026

524953,-37782

524953,54728

524953,-16216

524953,-153082

524953,-166664

524953,-37200

524953,56720

524953,-13548

524953,-150444

524953,-163470

524954,-36216

524954,59134

524954,-12680

524954,-149632

524954,-164204

524954,-33330

524954,60924

524954,-10412

524954,-147688

524954,-160662

524954,-32646

524954,63016

524954,-7172

524954,-148436

524954,-164474

524954,-33854

524954,62478

524954,-8430

524954,-144752

524954,-161802

524954,-31748

524954,62550

524954,-8532

524954,-146484

524954,-161876

524954,-30776

524954,62872

524954,-8422

524954,-144746

524954,-159280

524954,-29868

524954,64034

524954,-5476

524954,-144420

524954,-162580

524954,-30160

524954,63768

524954,-7846

524954,-144262

524954,-159290

524954,-30072

524954,64952

524954,-5708

524954,-141910

524954,-158354

524954,-30106

524954,64302

524954,-3792

524954,-140448

524954,-156734

524954,-29708

524954,63226

524954,-4226

524954,-140936

524954,-155688

524954,-27224

524954,65100

524954,-4094

524954,-137960

524954,-153086

524954,-26434

524954,66584

524954,-3372

524954,-139156

524954,-153388

524955,-25284

524955,65812

524955,-3094

524955,-139042

524955,-153074

524955,-24916

524955,66300

524955,-4082

524955,-139502

524955,-152684

524955,-25092

524955,67472

524955,-1708

524955,-138028

524955,-151960

524955,-23816

524955,68740

524955,-2556

524955,-137802

524955,-151702

524955,-26354

524955,68264

524955,-1330

524955,-136450

524955,-152896

524955,-25890

524955,69334

524955,-888

524955,-135638

524955,-151354

524955,-23374

524955,69742

524955,-344

524955,-135492

524955,-148064

524955,-22370

524961,69310

524961,-3186

524961,-138478

524961,-150464

524961,-20178

524961,70450

524961,-218

524961,-137722

524961,-150088

524961,-18354

524961,75594

524961,2750

524961,-135260

524961,-151390

524961,-18454

524961,74026

524961,1860

524961,-136138

524961,-148542

524961,-17874

524961,76092

524961,2440

524961,-134886

524961,-148398

524961,-17880

524961,74234

524961,3916

524962,-133520

524962,-147492

524962,-16308

524962,75506

524962,3832

524962,-132144

524962,-144618

524962,-15156

524962,78600

524962,4514

524962,-130686

524962,-142938

524962,-13750

524962,78684

524962,7798

524962,-128034

524962,-140734

524962,-13278

524962,78382

524962,6758

524962,-129236

524962,-141560

524962,-11368

524962,79176

524962,6708

524962,-128758

524962,-140666

524962,-9586

524962,80386

524962,5562

524962,-131122

524962,-141340

524962,-9914

524962,79772

524962,4454

524962,-133418

524962,-143054

524962,-11242

524962,79936

524962,3720

524962,-133296

524962,-144886

524962,-12850

524962,78764

524962,5894

524962,-133424

524962,-145262

524962,-13110

524962,79376

524962,5380

524962,-134026

524962,-144840

524962,-14654

524962,79002

524962,6184

524962,-132724

524962,-145438

524962,-14232

524962,76662

524962,4836

524962,-132292

524962,-143670

524962,-13138

524962,76326

524962,3354

524963,-131374

524963,-142348

524963,-16320

524963,75334

524963,4376

524963,-129664

524963,-139874

524963,-15214

524963,76296

524963,3504

524963,-130234

524963,-141386

524963,-12414

524963,76466

524963,1860

524963,-132932

524963,-141222

524963,-13316

524963,76482

524963,1792

524963,-132148

524963,-145290

524963,-17390

524963,72450

524963,192

524963,-132792

524963,-144886

524963,-17310

524963,72850

524963,-142

524963,-133078

524963,-145606

524963,-18728

524963,70058

524963,-156

524963,-132802

524969,-147536

524969,-19938

524969,68904

524969,-3056

524969,-133656

524969,-145368

524969,-20774

524969,68828

524969,-2086

524969,-134508

524969,-147578

524969,-21656

524969,66930

524969,-3812

524969,-133364

524969,-146560

524969,-20954

524969,69060

524969,-1088

524969,-133308

524969,-147548

524969,-20938

524969,68614

524969,-2818

524969,-136784

524969,-148504

524969,-23350

524970,67894

524970,-3002

524970,-137226

524970,-151220

524970,-23408

524970,67012

524970,-2456

524970,-136552

524970,-150872

524970,-24540

524970,64730

524970,-4646

524970,-137378

524970,-151404

524970,-23784

524970,65466

524970,-3454

524970,-137826

524970,-152134

524970,-23566

524970,66728

524970,-4792

524970,-140100

524970,-151520

524970,-24310

524970,63904

524970,-7214

524970,-141702

524970,-153456

524970,-24540

524970,65246

524970,-6714

524970,-139812

524970,-151526

524970,-23228

524970,65776

524970,-8110

524970,-141774

524970,-152652

524970,-25444

524970,65854

524970,-6040

524970,-141796

524970,-153980

524970,-25120

524970,66026

524970,-6404

524970,-142182

524970,-154028

524970,-25932

524970,64426

524970,-6240

524970,-142614

524970,-155090

524970,-26160

524970,65670

524970,-7678

524970,-142354

524970,-153980

524970,-28540

524970,65342

524970,-5236

524970,-139478

524970,-154392

524970,-29240

524971,65000

524971,-5692

524971,-138736

524971,-152946

524971,-25920

524971,62880

524971,-6480

524971,-140616

524971,-152852

524971,-27188

524971,64870

524971,-7168

524971,-142222

524971,-153868

524971,-26002

524971,64602

524971,-7080

524971,-141348

524971,-153178

524971,-25962

524971,63028

524971,-9142

524971,-142178

524971,-155240

524971,-25572

524971,65218

524971,-6742

524971,-141968

524971,-156086

524971,-27074

524971,65132

524971,-7062

524971,-144018

524971,-158026

524971,-26812

524971,67622

524977,-6580

524977,-143446

524977,-158078

524977,-27490

524977,67332

524977,-4480

524977,-143124

524977,-156098

524977,-27474

524977,66574

524977,-2666

524977,-142248

524977,-155432

524977,-26270

524977,68498

524977,-1510

524977,-138484

524977,-153630

524977,-24466

524977,67392

524977,-1824

524977,-138224

524977,-153758

524977,-22892

524977,68912

524977,-598

524977,-138110

524978,-154370

524978,-23866

524978,70452

524978,60

524978,-139212

524978,-154716

524978,-25214

524978,68774

524978,-1432

524978,-136804

524978,-154378

524978,-23988

524978,69492

524978,-46

524978,-137378

524978,-153044

524978,-22748

524978,70432

524978,822

524978,-135704

524978,-149372

524978,-21450

524978,72220

524978,520

524978,-135400

524978,-149182

524978,-19846

524978,73376

524978,420

524978,-134426

524978,-147678

524978,-18134

524978,74248

524978,1476

524978,-134678

524978,-148506

524978,-17322

524978,73970

524978,2386

524978,-135404

524978,-148606

524978,-19456

524978,75632

524978,2834

524978,-135824

524978,-150146

524978,-18956

524978,75446

524978,5220

524978,-134904

524978,-149978

524978,-20002

524978,76172

524978,7138

524978,-131784

524978,-147634

524978,-18828

524978,77518

524978,7468

524978,-131858

524978,-147048

524978,-17320

524978,77866

524978,7814

524978,-130710

524979,-146642

524979,-17690

524979,77506

524979,7766

524979,-129046

524979,-145674

524979,-17344

524979,78398

524979,7982

524979,-130132

524979,-143966

524979,-14158

524979,80486

524979,10070

524979,-128126

524979,-144608

524979,-15348

524979,79558

524979,11140

524979,-128552

524979,-144900

524979,-14464

524979,80442

524979,11386

524979,-128536

524979,-145086

524979,-17166

524979,78744

524979,9320

524979,-127008

524979,-145146

524979,-16502

524979,79872

524979,8568

524979,-126026

524979,-142798

524985,-15638

524985,78870

524985,9962

524985,-126372

524985,-140774

524985,-15288

524985,79886

524985,9616

524985,-126770

524985,-142822

524985,-15240

524985,80676

524985,11260

524985,-126702

524985,-143606

524985,-14430

524985,79490

524985,10608

524985,-127636

524985,-143938

524985,-15836

524985,79708

524985,11566

524985,-126924

524985,-144240

524985,-18000

524985,77162

524986,7944

524986,-128646

524986,-146752

524986,-18860

524986,77630

524986,7364

524986,-129486

524986,-145642

524986,-19568

524986,76720

524986,7342

524986,-131100

524986,-147812

524986,-20620

524986,75528

524986,6940

524986,-130802

524986,-148050

524986,-21068

524986,73824

524986,4578

524986,-132730

524986,-147996

524986,-21458

524986,72510

524986,3810

524986,-132978

524986,-148930

524986,-22608

524986,69652

524986,2850

524986,-132010

524986,-150420

524986,-22604

524986,70352

524986,2740

524986,-134558

524986,-149800

524986,-23926

524986,71018

524986,3048

524986,-134780

524986,-149280

524986,-21226

524986,71586

524986,2704

524986,-135182

524986,-150114

524986,-20724

524986,72942

524986,1394

524986,-135730

524986,-149128

524986,-19804

524986,70934

524986,3412

524986,-133858

524986,-149218

524986,-19990

524986,71596

524986,2148

524986,-134912

524986,-148768

524986,-18340

524986,76774

524987,3970

524987,-134864

524987,-148026

524987,-17700

524987,75626

524987,5154

524987,-132188

524987,-148658

524987,-19014

524987,76736

524987,6088

524987,-132136

524987,-148236

524987,-18734

524987,76442

524987,5442

524987,-132410

524987,-149376

524987,-20214

524987,75980

524987,5860

524987,-134234

524987,-150154

524987,-20776

524987,74020

524987,4096

524987,-133372

524987,-151352

524987,-21550

524987,74052

524987,5412

524987,-135292

524987,-150742

524987,-23692

524987,72580

524987,4894

524993,-133876

524993,-152458

524993,-23752

524993,72510

524993,4870

524993,-133608

524993,-150750

524993,-21436

524993,73848

524993,6632

524993,-133980

524993,-151756

524993,-24290

524993,72594

524993,6142

524993,-131256

524993,-149742

524993,-23552

524993,72852

524993,4810

524993,-130852

524993,-148210

524993,-20982

524993,73288

524993,5454

524993,-132510

524993,-149304

524994,-20656

524994,74012

524994,6452

524994,-130566

524994,-148176

524994,-21528

524994,73706

524994,6952

524994,-131458

524994,-147786

524994,-19202

524994,72942

524994,7164

524994,-129420

524994,-145276

524994,-19066

524994,77458

524994,8248

524994,-129344

524994,-146578

524994,-19582

524994,76900

524994,8706

524994,-130104

524994,-146928

524994,-18352

524994,77638

524994,8638

524994,-128298

524994,-146258

524994,-17282

524994,78654

524994,10866

524994,-128338

524994,-144942

524994,-16708

524994,81646

524994,13552

524994,-124948

524994,-144848

524994,-16032

524994,81790

524994,13462

524994,-125658

524994,-146110

524994,-17958

524994,79516

524994,13738

524994,-124628

524994,-142920

524994,-17452

524994,80124

524994,14416

524994,-123560

524994,-142236

524994,-17148

524994,79190

524994,14788

524994,-122476

524994,-143212

524994,-16734

524994,81584

524994,14702

524994,-122166

524994,-141286

524995,-16136

524995,81362

524995,15048

524995,-124924

524995,-143742

524995,-18172

524995,79804

524995,15754

524995,-123076

524995,-144018

524995,-17076

524995,81520

524995,15786

524995,-122554

524995,-144210

524995,-18728

524995,79228

524995,14638

524995,-122212

524995,-142290

524995,-17182

524995,79780

524995,16058

524995,-122718

524995,-141308

524995,-14644

524995,82572

524995,16266

524995,-119276

524995,-140732

524995,-16972

524995,80520

524995,16122

524995,-120854

524995,-140560

524995,-13536

525001,83500

525001,18294

525001,-119564

525001,-136598

525001,-12278

525001,84572

525001,20808

525001,-116896

525001,-135962

525001,-11864

525001,87068

525001,21558

525001,-116156

525001,-134952

525001,-10198

525001,86752

525001,22052

525001,-115856

525001,-136098

525001,-9784

525001,88074

525001,24708

525001,-112936

525001,-134676

525001,-8762

525001,88936

525001,23636

525002,-111964

525002,-132194

525002,-7962

525002,88544

525002,24774

525002,-111780

525002,-132120

525002,-7454

525002,87454

525002,24028

525002,-110160

525002,-128810

525002,-5490

525002,89172

525002,24968

525002,-109404

525002,-131872

525002,-4904

525002,89642

525002,25582

525002,-109708

525002,-129916

525002,-3568

525002,90684

525002,27758

525002,-108294

525002,-128124

525002,-6660

525002,92454

525002,27728

525002,-108674

525002,-129360

525002,-6184

525002,92168

525002,28032

525002,-107380

525002,-129238

525002,-4162

525002,92658

525002,29438

525002,-104752

525002,-128546

525002,-5508

525002,94092

525002,30746

525002,-104448

525002,-125688

525002,-1936

525002,95780

525002,32470

525002,-104788

525002,-126872

525002,-2718

525002,96348

525002,31956

525002,-104042

525002,-125680

525002,-1672

525002,96416

525002,33548

525002,-102672

525002,-124554

525002,566

525002,98198

525002,35402

525003,-103746

525003,-126946

525003,-918

525003,95660

525003,33592

525003,-102838

525003,-125252

525003,-2212

525003,95760

525003,33354

525003,-103918

525003,-124444

525003,-1328

525003,96024

525003,31770

525003,-105584

525003,-126926

525003,-3014

525003,94368

525003,30884

525003,-103710

525003,-126702

525003,-3838

525003,94044

525003,32492

525003,-103686

525003,-127636

525003,-3522

525003,95104

525003,31434

525003,-105412

525003,-127972

525003,-3478

525003,92546

525003,30366

525003,-106248

525009,-127404

525009,-3666

525009,92616

525009,29934

525009,-106234

525009,-127740

525009,-4078

525009,92950

525009,28006

525009,-108696

525009,-128250

525009,-4726

525009,91478

525009,26374

525009,-109738

525009,-130448

525009,-5700

525009,90202

525009,25616

525009,-111380

525009,-132396

525009,-7566

525009,91604

525009,25884

525009,-111554

525009,-131286

525009,-7594

525010,91240

525010,27506

525010,-110476

525010,-132032

525010,-8426

525010,90962

525010,27492

525010,-109480

525010,-132906

525010,-7900

525010,89716

525010,26978

525010,-109978

525010,-132014

525010,-11172

525010,89558

525010,26674

525010,-110028

525010,-131812

525010,-12358

525010,87754

525010,24948

525010,-109790

525010,-132120

525010,-10742

525010,87542

525010,24278

525010,-111018

525010,-133068

525010,-10760

525010,87256

525010,24618

525010,-110390

525010,-133896

525010,-10650

525010,87736

525010,26806

525010,-110074

525010,-133334

525010,-10226

525010,87802

525010,25890

525010,-109802

525010,-131558

525010,-8356

525010,89648

525010,24232

525010,-109412

525010,-132954

525010,-11296

525010,86156

525010,23858

525010,-109700

525010,-132152

525010,-11046

525010,84006

525010,23712

525010,-111234

525010,-133756

525010,-12790

525010,83286

525010,22480

525010,-112436

525010,-139166

525010,-57214

525011,76160

525011,76602

525011,2044

525013,-140648

525013,-171158

525013,-46000

525013,132736

525013,115948

525013,-83188

525013,-171474

525013,-102848

525013,60296

525013,79326

525013,-28196

525013,-142402

RAW_SUMMARY id=2 requested=4000 captured=1899 unused_capacity=4101 max_pcm_abs=317018 raw_mean=-69166.6 raw_abs_mean=90220.0 raw_min=-317018 raw_max=133208 baseline=-8.8

OK RAW

