# run: RAW_i2s_chirp100
# firmware: role=analyzer git=17295c9 version=0.4.0 board=damp
# started: 2026-10-09T17:53:02+02:00
RAW_INFO mode=i2s output=csv
RAW_INFO row_size=12
RAW_BEGIN id=1 sr=16000 trigger_ms=9368 command_ms=9355 emit_seen=1 emit_start_ms=9368 emit_done_ms=9465 f=3200 dur=100 pre_ms=0 post_ms=350 decim=1 pre_samples=0 post_samples=5600 mode=i2s output=csv fields=ms,pcm
ms,pcm
9370,18387
9370,18740
9370,18565
9370,18336
9370,18570
9370,19239
9370,19132
9370,18337
9370,19146
9370,19237
9370,19015
9370,19355
9370,19656
9370,19014
9370,19298
9370,18874
9370,19323
9370,20001
9370,18808
9370,18211
9370,19317
9370,19267
9370,19134
9370,18781
9370,18613
9370,18861
9370,18866
9370,18764
9370,18858
9370,18454
9370,19776
9370,19141
9370,18589
9370,18562
9370,19063
9370,19579
9370,19752
9370,18530
9370,17891
9370,18544
9370,18313
9370,18621
9370,18854
9370,18133
9370,18000
9370,18168
9370,17883
9370,18363
9370,18554
9370,17331
9370,17999
9370,18370
9370,18226
9370,18494
9371,18838
9371,18946
9371,19338
9371,18908
9371,18483
9371,18203
9371,17892
9371,18301
9371,18339
9371,18058
9371,18006
9371,18186
9371,18076
9371,18829
9371,18609
9371,18391
9371,18153
9371,18874
9371,18412
9371,18110
9371,18056
9371,18344
9371,18006
9371,17901
9371,18312
9371,18009
9371,18135
9371,18122
9371,17633
9371,17630
9371,18177
9371,17830
9371,17550
9371,17876
9371,17812
9371,18348
9371,18046
9371,18296
9371,18057
9371,16795
9371,17560
9371,17391
9371,16935
9371,17289
9371,18330
9371,18386
9371,18188
9371,18051
9371,17913
9371,17521
9371,16859
9371,17388
9371,17475
9371,17864
9371,18242
9371,17857
9371,18265
9371,19282
9371,19170
9371,19133
9371,18809
9371,20115
9371,20251
9372,20758
9372,20119
9372,20609
9372,20557
9372,20584
9372,20803
9372,20417
9372,19808
9372,20728
9372,21398
9372,21425
9376,21278
9376,21753
9376,22512
9376,22296
9376,22649
9376,22470
9376,23246
9376,23056
9376,22570
9376,22980
9376,23485
9376,24403
9376,23474
9376,23508
9376,23846
9376,24440
9376,24626
9376,24675
9376,24895
9376,24586
9376,24772
9376,24071
9376,24312
9376,24540
9376,24913
9376,26118
9377,25530
9377,26072
9377,25698
9377,26057
9377,26437
9377,27073
9377,26211
9377,26828
9377,27267
9377,26918
9377,27118
9377,28166
9377,27671
9377,27030
9377,26724
9377,27054
9377,26898
9377,27346
9377,27407
9377,27438
9377,28183
9377,27767
9377,27389
9377,27703
9377,28542
9377,27811
9377,27864
9377,28695
9377,27898
9377,27062
9377,27447
9377,28519
9377,29368
9377,29102
9377,29048
9377,28879
9377,29230
9377,29263
9377,29377
9377,29257
9377,30179
9377,29763
9377,29530
9377,29930
9377,30145
9377,30424
9377,31288
9377,31706
9377,31544
9377,30953
9377,32092
9377,32769
9377,33200
9377,32723
9377,32488
9377,32487
9377,33267
9377,33333
9377,33611
9377,34179
9377,33653
9377,33965
9378,33522
9378,34280
9378,34684
9378,34796
9378,34195
9378,34410
9378,34735
9378,33761
9378,34178
9378,34893
9378,34523
9378,34086
9378,35064
9378,35555
9378,34818
9378,34360
9378,34500
9378,34884
9378,35804
9378,35726
9378,36328
9378,36463
9378,36335
9378,36387
9378,36750
9378,36191
9378,35979
9378,36354
9378,36416
9378,36536
9378,36803
9378,36871
9378,37087
9378,37569
9378,37050
9378,36896
9378,36914
9378,37201
9378,37438
9378,37205
9384,37093
9384,38423
9384,38767
9384,39271
9384,38796
9384,37981
9384,39101
9384,39047
9384,39303
9384,39966
9384,40591
9384,40556
9384,40778
9384,40514
9384,40934
9384,40508
9384,41018
9384,41456
9384,41444
9384,41442
9384,42079
9384,41862
9384,42172
9384,42209
9384,42588
9384,42905
9385,43591
9385,42775
9385,43262
9385,43423
9385,43574
9385,44075
9385,43880
9385,44211
9385,44533
9385,44461
9385,43928
9385,43661
9385,44115
9385,43854
9385,43807
9385,44816
9385,44150
9385,44891
9385,45642
9385,45364
9385,45342
9385,45302
9385,45314
9385,45647
9385,46610
9385,46342
9385,46823
9385,45970
9385,46898
9385,47275
9385,46279
9385,47356
9385,47012
9385,46796
9385,46493
9385,47366
9385,48224
9385,49334
9385,50173
9385,48847
9385,48346
9385,49494
9385,49758
9385,50075
9385,50109
9385,50693
9385,50519
9385,50401
9385,50880
9385,51703
9385,51660
9385,50338
9385,50764
9385,50639
9385,50953
9385,51059
9385,51340
9385,50145
9385,50835
9385,52115
9385,52131
9385,52209
9386,51639
9386,52792
9386,52876
9386,52323
9386,52398
9386,52296
9386,51790
9386,52007
9386,52177
9386,51136
9386,50763
9386,52191
9386,52982
9386,53312
9386,52532
9386,51663
9386,51384
9386,51075
9386,51118
9386,51224
9386,51574
9386,51684
9386,51511
9386,51068
9386,51405
9386,51882
9386,52171
9386,52011
9386,51354
9386,51615
9386,51265
9386,51393
9386,51691
9386,51878
9386,52252
9386,52290
9386,51966
9386,52642
9386,52188
9386,52558
9392,52268
9392,52425
9392,52623
9392,52716
9392,52553
9392,52417
9392,52380
9392,53352
9392,52965
9392,52008
9392,53008
9392,52523
9392,53126
9392,52572
9392,52083
9392,52610
9392,51868
9392,51836
9392,52070
9392,53141
9392,52688
9392,52277
9392,51353
9392,52479
9392,52277
9392,52242
9393,51975
9393,51919
9393,51792
9393,52009
9393,51667
9393,51481
9393,51871
9393,52122
9393,52149
9393,53017
9393,52622
9393,52441
9393,53355
9393,53727
9393,53052
9393,53090
9393,53263
9393,53613
9393,54027
9393,54130
9393,55149
9393,54772
9393,54377
9393,55242
9393,55710
9393,56552
9393,56903
9393,54535
9393,55065
9393,59165
9393,59675
9393,56057
9393,52985
9393,55477
9393,59870
9393,60679
9393,55720
9393,52810
9393,55487
9393,62044
9393,61487
9393,54318
9393,51867
9393,56723
9393,65092
9393,63632
9393,52717
9393,50054
9393,57985
9393,68285
9393,65253
9393,52772
9393,48126
9393,58705
9393,70756
9393,66200
9393,51836
9393,47429
9393,60957
9393,73489
9393,66924
9393,50429
9394,46578
9394,62751
9394,75579
9394,67377
9394,48463
9394,45427
9394,63846
9394,78434
9394,68117
9394,46645
9394,44579
9394,65533
9394,81475
9394,69011
9394,45437
9394,43492
9394,65957
9394,83156
9394,69307
9394,44459
9394,42249
9394,66919
9394,85714
9394,70916
9394,42232
9394,40286
9394,67956
9394,88860
9394,71349
9394,40990
9394,38671
9394,69884
9394,89915
9394,71062
9394,39022
9394,37858
9394,70588
9394,93572
9394,72003
9394,36553
9400,36285
9400,71381
9400,94778
9400,71503
9400,35134
9400,36552
9400,73656
9400,95401
9400,69840
9400,34039
9400,35739
9400,73386
9400,95114
9400,67146
9400,31851
9400,35293
9400,74239
9400,95235
9400,66975
9400,32112
9400,35888
9400,73319
9400,95679
9400,68005
9400,31852
9400,34792
9401,72905
9401,95025
9401,65409
9401,29160
9401,33167
9401,71809
9401,94811
9401,65591
9401,28870
9401,31544
9401,71048
9401,95487
9401,64698
9401,27349
9401,31352
9401,71225
9401,95040
9401,64771
9401,27283
9401,30900
9401,70844
9401,95096
9401,65013
9401,27283
9401,30131
9401,71091
9401,94890
9401,65545
9401,27028
9401,29418
9401,70759
9401,95059
9401,64668
9401,25699
9401,28724
9401,69496
9401,94599
9401,64296
9401,24658
9401,27942
9401,68511
9401,94150
9401,63187
9401,23776
9401,26699
9401,67630
9401,93558
9401,62056
9401,22447
9401,26544
9401,67352
9401,92225
9401,60559
9401,21768
9401,25603
9401,66828
9401,92379
9401,60665
9401,22626
9401,26068
9401,66501
9401,92000
9402,60127
9402,21547
9402,26256
9402,66723
9402,91503
9402,60015
9402,20817
9402,26049
9402,66983
9402,91578
9402,60298
9402,22059
9402,26754
9402,67211
9402,91647
9402,60146
9402,22387
9402,27231
9402,67072
9402,90193
9402,58336
9402,21507
9402,27874
9402,68017
9402,91262
9402,59359
9402,22943
9402,28647
9402,67782
9402,90324
9402,58661
9402,22126
9402,28716
9402,68289
9402,89981
9402,58738
9402,22272
9402,28262
9402,67484
9402,88690
9408,57116
9408,21991
9408,29024
9408,67655
9408,88398
9408,57224
9408,21361
9408,28602
9408,66804
9408,87968
9408,56438
9408,20119
9408,28129
9408,66685
9408,86916
9408,54546
9408,19088
9408,26624
9408,65917
9408,87161
9408,54521
9408,18347
9408,26900
9408,65476
9408,87066
9408,54757
9409,19876
9409,27343
9409,66286
9409,86563
9409,53916
9409,18288
9409,25667
9409,65013
9409,86609
9409,53303
9409,17366
9409,24892
9409,64507
9409,85861
9409,52580
9409,15849
9409,22900
9409,63394
9409,84826
9409,52267
9409,16033
9409,23787
9409,63386
9409,84599
9409,51576
9409,14701
9409,21667
9409,61751
9409,84076
9409,51399
9409,13448
9409,19725
9409,60204
9409,82969
9409,50593
9409,12082
9409,19405
9409,60356
9409,82129
9409,47438
9409,10510
9409,17876
9409,58052
9409,81927
9409,47109
9409,9036
9409,17376
9409,58409
9409,81848
9409,46574
9409,8935
9409,16533
9409,58018
9409,81329
9409,45847
9409,6805
9409,14414
9409,57409
9409,80760
9409,45453
9409,5680
9409,14499
9410,58553
9410,81009
9410,46017
9410,5116
9410,13029
9410,56310
9410,80115
9410,44095
9410,3884
9410,11643
9410,55597
9410,79103
9410,43050
9410,2341
9410,11204
9410,55268
9410,78799
9410,42544
9410,1075
9410,9613
9410,53731
9410,77750
9410,41442
9410,912
9410,9350
9410,53859
9410,78128
9410,41293
9410,-1069
9410,8058
9410,52360
9410,77844
9410,41488
9410,-923
9410,6852
9410,51416
9410,77881
9410,40096
9410,-1733
9410,6041
9416,51350
9416,76528
9416,38989
9416,-3413
9416,4956
9416,50530
9416,76074
9416,38126
9416,-4365
9416,4077
9416,49915
9416,75709
9416,37271
9416,-4595
9416,4925
9416,49541
9416,74412
9416,37637
9416,-4931
9416,3608
9416,49538
9416,74171
9416,37236
9416,-5195
9416,3371
9416,48978
9417,73750
9417,37078
9417,-5705
9417,2316
9417,47646
9417,72926
9417,36120
9417,-6228
9417,1119
9417,46401
9417,71661
9417,34239
9417,-8088
9417,-579
9417,44958
9417,70783
9417,32704
9417,-9024
9417,-2070
9417,43209
9417,69437
9417,33545
9417,-9272
9417,-2546
9417,41147
9417,67642
9417,32392
9417,-10273
9417,-4199
9417,40697
9417,67100
9417,31527
9417,-11595
9417,-6004
9417,39147
9417,65828
9417,31393
9417,-11938
9417,-6145
9417,37795
9417,65559
9417,30929
9417,-13067
9417,-7634
9417,37586
9417,64918
9417,29595
9417,-13292
9417,-8317
9417,37147
9417,64102
9417,29090
9417,-14193
9417,-9256
9417,35510
9417,63535
9417,28801
9417,-14333
9417,-9345
9417,35364
9417,61632
9417,28045
9418,-14948
9418,-10141
9418,35658
9418,61901
9418,26832
9418,-15956
9418,-11821
9418,33613
9418,60929
9418,26590
9418,-16569
9418,-12249
9418,32934
9418,59869
9418,26213
9418,-17035
9418,-11768
9418,33269
9418,58801
9418,23990
9418,-19190
9418,-13218
9418,31074
9418,57297
9418,22772
9418,-19311
9418,-13095
9418,30996
9418,56664
9418,21522
9418,-20033
9418,-13829
9418,29268
9418,55547
9418,20631
9418,-20979
9418,-14202
9418,29378
9418,55617
9418,21401
9424,-19729
9424,-13995
9424,29047
9424,54151
9424,19651
9424,-20684
9424,-13683
9424,28421
9424,53335
9424,19994
9424,-19050
9424,-13405
9424,28513
9424,52606
9424,18574
9424,-19949
9424,-13759
9424,27615
9424,51008
9424,18296
9424,-20184
9424,-14071
9424,26043
9424,49936
9424,17376
9424,-20004
9425,-14609
9425,26621
9425,50003
9425,18568
9425,-19985
9425,-13713
9425,25715
9425,49012
9425,17556
9425,-21164
9425,-15354
9425,25130
9425,47795
9425,16823
9425,-22102
9425,-16328
9425,23717
9425,47026
9425,15861
9425,-22177
9425,-16507
9425,22710
9425,46643
9425,15307
9425,-22698
9425,-17405
9425,22423
9425,46219
9425,15753
9425,-21822
9425,-16506
9425,23230
9425,46701
9425,16554
9425,-20400
9425,-15956
9425,22854
9425,46207
9425,15518
9425,-21565
9425,-17092
9425,21267
9425,46393
9425,16292
9425,-21202
9425,-16196
9425,21754
9425,46274
9425,16290
9425,-20953
9425,-16796
9425,22841
9425,46691
9425,16443
9425,-21019
9425,-16959
9425,22399
9425,46467
9425,15653
9425,-21867
9425,-17362
9425,21126
9426,44677
9426,14544
9426,-23266
9426,-18336
9426,20549
9426,44413
9426,14452
9426,-23117
9426,-18866
9426,20141
9426,43931
9426,13924
9426,-23047
9426,-18557
9426,19934
9426,43008
9426,12180
9426,-25227
9426,-19556
9426,19232
9426,43238
9426,13268
9426,-25102
9426,-19174
9426,19243
9426,42319
9426,12263
9426,-24579
9426,-18990
9426,18878
9426,43624
9426,13159
9426,-23979
9426,-19111
9426,19303
9426,43198
9426,14285
9426,-23005
9426,-18441
9426,19420
9432,43328
9432,13586
9432,-23289
9432,-18459
9432,19353
9432,44111
9432,13452
9432,-22761
9432,-17717
9432,19792
9432,44094
9432,14044
9432,-22243
9432,-18374
9432,21010
9432,44859
9432,15427
9432,-22875
9432,-17750
9432,21114
9432,45432
9432,15892
9432,-22310
9432,-16499
9432,22688
9432,46115
9433,15840
9433,-22500
9433,-17070
9433,21712
9433,46055
9433,15983
9433,-22332
9433,-17619
9433,21814
9433,47099
9433,16354
9433,-21912
9433,-17654
9433,21800
9433,47072
9433,15921
9433,-22771
9433,-17700
9433,22832
9433,46741
9433,17250
9433,-22244
9433,-17631
9433,21922
9433,47738
9433,16805
9433,-21319
9433,-16614
9433,23201
9433,48096
9433,17475
9433,-22227
9433,-16818
9433,24703
9433,50146
9433,18069
9433,-21329
9433,-15795
9433,25157
9433,51019
9433,19103
9433,-19683
9433,-15022
9433,26900
9433,52200
9433,20759
9433,-18758
9433,-13407
9433,27921
9433,53714
9433,20652
9433,-19488
9433,-13697
9433,28672
9433,53675
9433,21357
9433,-18621
9433,-12130
9433,30153
9433,55464
9433,22067
9433,-18589
9434,-12340
9434,29795
9434,54754
9434,21735
9434,-18626
9434,-11753
9434,30796
9434,55825
9434,21296
9434,-19022
9434,-12551
9434,30057
9434,54922
9434,21546
9434,-18394
9434,-12515
9434,30641
9434,56296
9434,21526
9434,-18766
9434,-11850
9434,31048
9434,56116
9434,22406
9434,-18720
9434,-11896
9434,32423
9434,56898
9434,22528
9434,-18100
9434,-11017
9434,32902
9434,58398
9434,23979
9434,-15844
9434,-10576
9434,33160
9434,58257
9434,24037
9434,-16545
9440,-9558
9440,34734
9440,58618
9440,24012
9440,-16403
9440,-8701
9440,35535
9440,58968
9440,24462
9440,-16882
9440,-9528
9440,35453
9440,60443
9440,25736
9440,-14249
9440,-7479
9440,35441
9440,60737
9440,25632
9440,-15453
9440,-7906
9440,35764
9440,60976
9440,26029
9440,-15242
9440,-7696
9441,36728
9441,61515
9441,25689
9441,-15945
9441,-7089
9441,37047
9441,61192
9441,25403
9441,-16371
9441,-8688
9441,36547
9441,61851
9441,25705
9441,-16078
9441,-7255
9441,37637
9441,61702
9441,25500
9441,-16175
9441,-7472
9441,38424
9441,62351
9441,25803
9441,-16730
9441,-7504
9441,38931
9441,63038
9441,25946
9441,-16465
9441,-7486
9441,40044
9441,63576
9441,25710
9441,-16358
9441,-6477
9441,40233
9441,64497
9441,27614
9441,-15040
9441,-5066
9441,41199
9441,65214
9441,26959
9441,-14960
9441,-3877
9441,43254
9441,66863
9441,28104
9441,-13930
9441,-2553
9441,43865
9441,67066
9441,28603
9441,-14106
9441,-2049
9441,45423
9441,68973
9441,29662
9441,-12720
9441,-1063
9441,47322
9441,70207
9442,30202
9442,-12739
9442,-443
9442,48257
9442,70318
9442,29850
9442,-11450
9442,779
9442,50437
9442,71433
9442,30295
9442,-11363
9442,1513
9442,50513
9442,71590
9442,30232
9442,-10953
9442,2542
9442,50603
9442,72071
9442,30260
9442,-10411
9442,3723
9442,51524
9442,71851
9442,29923
9442,-10297
9442,4960
9442,51754
9442,71374
9442,29865
9442,-9611
9442,4970
9442,51477
9442,71622
9442,29531
9442,-9314
9442,4946
9442,51205
9442,69781
9448,27552
9448,-10675
9448,4694
9448,50801
9448,69542
9448,27592
9448,-10607
9448,4698
9448,49771
9448,68987
9448,27617
9448,-10081
9448,5889
9448,51965
9448,69869
9448,28733
9448,-8728
9448,5928
9448,51146
9448,69389
9448,28349
9448,-8187
9448,7849
9448,53075
9448,70789
9448,30010
9449,-7933
9449,7565
9449,53562
9449,70682
9449,29872
9449,-6637
9449,8101
9449,53570
9449,71270
9449,30726
9449,-6252
9449,8853
9449,53045
9449,70549
9449,30930
9449,-6344
9449,7951
9449,51149
9449,68365
9449,29169
9449,-8322
9449,7675
9449,51571
9449,68894
9449,29008
9449,-7621
9449,7189
9449,50944
9449,68947
9449,28524
9449,-7437
9449,7423
9449,52454
9449,69556
9449,30009
9449,-6966
9449,8292
9449,52264
9449,69150
9449,30004
9449,-6728
9449,8244
9449,51780
9449,68866
9449,29803
9449,-5750
9449,9396
9449,53584
9449,69957
9449,30755
9449,-5109
9449,9901
9449,53426
9449,69862
9449,31188
9449,-4490
9449,10701
9449,53807
9449,71006
9449,31606
9449,-4046
9449,11762
9450,54926
9450,72393
9450,33371
9450,-1706
9450,13027
9450,55611
9450,72049
9450,33092
9450,-2653
9450,13265
9450,56903
9450,73336
9450,34273
9450,-787
9450,14396
9450,57152
9450,73763
9450,33509
9450,-1724
9450,14480
9450,56516
9450,74084
9450,34618
9450,-1087
9450,14731
9450,56881
9450,74368
9450,35339
9450,-143
9450,15324
9450,57667
9450,73745
9450,34254
9450,-641
9450,15231
9450,57834
9450,74267
9450,36000
9450,1666
9450,16316
9456,58918
9456,74221
9456,36622
9456,1261
9456,16775
9456,59510
9456,75932
9456,37289
9456,2507
9456,18333
9456,60599
9456,77056
9456,38272
9456,2940
9456,17386
9456,60803
9456,77174
9456,37613
9456,2213
9456,18109
9456,61308
9456,77972
9456,38292
9456,2515
9456,18287
9456,60809
9457,78178
9457,38175
9457,2416
9457,17960
9457,61463
9457,77475
9457,37116
9457,2242
9457,17685
9457,62121
9457,78791
9457,38791
9457,2155
9457,17573
9457,62043
9457,78660
9457,37759
9457,1158
9457,18147
9457,62727
9457,78475
9457,37217
9457,1065
9457,18246
9457,62463
9457,78445
9457,38458
9457,1173
9457,17850
9457,62724
9457,78297
9457,36652
9457,1206
9457,18047
9457,63857
9457,80176
9457,37397
9457,1502
9457,18983
9457,63943
9457,80686
9457,37853
9457,2268
9457,19607
9457,65540
9457,80686
9457,37797
9457,2685
9457,20535
9457,66183
9457,82454
9457,38542
9457,2660
9457,21037
9457,66989
9457,81719
9457,38957
9457,2770
9457,20185
9457,66466
9457,81125
9457,38684
9458,2322
9458,20185
9458,67012
9458,80644
9458,37397
9458,2312
9458,20447
9458,66367
9458,81152
9458,38102
9458,1718
9458,20789
9458,67150
9458,80828
9458,37881
9458,1776
9458,20542
9458,66390
9458,80640
9458,37592
9458,2021
9458,21196
9458,68052
9458,82126
9458,39046
9458,4070
9458,22699
9458,67595
9458,81886
9458,39583
9458,3962
9458,23829
9458,68925
9458,82416
9458,40016
9458,4373
9458,24151
9458,68609
9458,82080
9458,40540
9464,5540
9466,24009
9466,69045
9466,82825
9466,40573
9466,5835
9466,24867
9466,68711
9466,82846
9466,40526
9466,5403
9466,24192
9466,69059
9466,82145
9466,40741
9466,6360
9466,25086
9466,69288
9466,81585
9466,38679
9466,5899
9466,25058
9466,68687
9466,81385
9466,39218
9466,5887
9466,24623
9466,68600
9466,81011
9466,37883
9466,5290
9466,23880
9466,67420
9466,78680
9466,37350
9466,4064
9466,25020
9466,67269
9466,79965
9467,37988
9467,4583
9467,24896
9467,67451
9467,79137
9467,36810
9467,4730
9467,23811
9467,67438
9467,79118
9467,36870
9467,5234
9467,24402
9467,67103
9467,78032
9467,35870
9467,3523
9467,25536
9467,68026
9467,78981
9467,35449
9467,4029
9467,24777
9467,67446
9467,77850
9467,36230
9467,3983
9467,24722
9467,67561
9467,77134
9467,36130
9467,3935
9467,25466
9467,67559
9467,78014
9467,35195
9467,3560
9467,25398
9467,67438
9467,78688
9467,34509
9467,2769
9467,24445
9467,66455
9467,77447
9467,34433
9467,4109
9467,25154
9467,66434
9467,76914
9467,33354
9467,2129
9467,24411
9467,66643
9467,75533
9467,33155
9467,2044
9467,23580
9467,66608
9467,76269
9467,33659
9467,1353
9467,24219
9468,65392
9468,74955
9468,33114
9468,1312
9468,23906
9468,65583
9468,75553
9468,32653
9468,1608
9468,23995
9468,66600
9468,75901
9468,32365
9468,2077
9468,23078
9468,66277
9468,75211
9468,31961
9468,1137
9468,22407
9468,65289
9468,73636
9468,31579
9468,1433
9468,22472
9468,65298
9472,74110
9472,31150
9472,1243
9472,23692
9472,66439
9472,74484
9472,30896
9472,1173
9472,23596
9472,65997
9472,74759
9472,31833
9472,1401
9472,23564
9472,66198
9472,74639
9472,31644
9472,1352
9472,23232
9472,65119
9472,74245
9472,31943
9472,452
9472,22437
9472,64227
9472,74309
9473,31109
9473,109
9473,21862
9473,63490
9473,72426
9473,29267
9473,-58
9473,21582
9473,63067
9473,72341
9473,29702
9473,-372
9473,20561
9473,62829
9473,71183
9473,27730
9473,-1933
9473,20603
9473,62506
9473,71439
9473,28327
9473,-1707
9473,19773
9473,61982
9473,71760
9473,28269
9473,-2337
9473,19486
9473,61944
9473,70849
9473,28258
9473,-3086
9473,18821
9473,61299
9473,70607
9473,28254
9473,-2951
9473,18562
9473,60235
9473,70141
9473,26323
9473,-4528
9473,18065
9473,60909
9473,70559
9473,27249
9473,-4899
9473,16886
9473,59626
9473,69261
9473,24868
9473,-6147
9473,15622
9473,58506
9473,69153
9473,25291
9473,-6155
9473,16198
9473,58500
9473,67873
9473,23647
9473,-6719
9474,14936
9474,58665
9474,67650
9474,23835
9474,-7436
9474,15369
9474,59089
9474,68176
9474,24665
9474,-7351
9474,15201
9474,58112
9474,68030
9474,24341
9474,-7213
9474,15393
9474,58647
9474,68876
9474,24969
9474,-7199
9474,14904
9474,59107
9474,69513
9474,25604
9474,-6499
9474,15297
9474,59219
9474,69147
9474,25689
9474,-6904
9474,15915
9474,60510
9474,69519
9474,25559
9474,-6795
9474,15840
9474,60493
9474,70793
9474,25075
9474,-7290
9480,15299
9480,59524
9480,69452
9480,25562
9480,-7147
9480,15729
9480,60159
9480,69621
9480,25042
9480,-7088
9480,15137
9480,59830
9480,69498
9480,24781
9480,-6693
9480,15542
9480,60524
9480,70596
9480,25304
9480,-6940
9480,16412
9480,60214
9480,70260
9480,25283
9480,-7396
9480,15678
9481,60708
9481,70899
9481,25353
9481,-7118
9481,16277
9481,60625
9481,70318
9481,26144
9481,-5596
9481,16925
9481,60857
9481,70475
9481,25771
9481,-5993
9481,17459
9481,62583
9481,71624
9481,27506
9481,-5115
9481,18155
9481,62833
9481,72853
9481,27943
9481,-3970
9481,18256
9481,62235
9481,73177
9481,27997
9481,-3274
9481,19888
9481,63253
9481,73530
9481,29661
9481,-2948
9481,19363
9481,63987
9481,74206
9481,29899
9481,-2472
9481,20138
9481,63841
9481,74941
9481,30179
9481,-1277
9481,20178
9481,64630
9481,75712
9481,31168
9481,-1189
9481,21097
9481,65225
9481,75625
9481,32077
9481,-552
9481,21115
9481,65762
9481,76543
9481,32861
9481,523
9481,21720
9481,66011
9481,77173
9482,33236
9482,1099
9482,22317
9482,66486
9482,77871
9482,33941
9482,1200
9482,22693
9482,67362
9482,78363
9482,35274
9482,1140
9482,22757
9482,67832
9482,79106
9482,34824
9482,1014
9482,22779
9482,66617
9482,79142
9482,34707
9482,2308
9482,23427
9482,67865
9482,79270
9482,35096
9482,664
9482,22743
9482,67657
9482,78443
9482,34290
9482,308
9482,22214
9482,66630
9482,79098
9482,34373
9482,-727
9482,20978
9482,65873
9482,77518
9488,33208
9488,-135
9488,21681
9488,66910
9488,77841
9488,33310
9488,-400
9488,20895
9488,66288
9488,78386
9488,34236
9488,-43
9488,20299
9488,65823
9488,77329
9488,33249
9488,389
9488,22142
9488,67071
9488,79234
9488,35165
9488,1552
9488,22942
9488,67509
9488,79085
9488,36114
9489,2125
9489,23810
9489,68287
9489,81262
9489,37175
9489,1636
9489,22388
9489,68131
9489,81163
9489,36341
9489,2018
9489,22573
9489,67939
9489,80066
9489,35668
9489,1175
9489,22819
9489,68259
9489,79778
9489,35940
9489,1135
9489,22026
9489,68090
9489,79942
9489,35549
9489,73
9489,21463
9489,66057
9489,78679
9489,34157
9489,389
9489,21980
9489,67418
9489,79426
9489,34067
9489,373
9489,21699
9489,66310
9489,78810
9489,34758
9489,-427
9489,20532
9489,66403
9489,78067
9489,33266
9489,-1559
9489,21093
9489,66689
9489,77576
9489,33092
9489,-2024
9489,19548
9489,65702
9489,77554
9489,32939
9489,-943
9489,20997
9489,65474
9489,77970
9489,33055
9489,-1572
9489,19956
9490,64746
9490,76992
9490,31848
9490,-2523
9490,19742
9490,65355
9490,77352
9490,32013
9490,-1615
9490,19762
9490,64652
9490,77091
9490,31331
9490,-2505
9490,19016
9490,64034
9490,76598
9490,31564
9490,-1829
9490,18889
9490,64381
9490,75921
9490,31414
9490,-2549
9490,18742
9490,64274
9490,75635
9490,31304
9490,-3038
9490,19017
9490,64172
9490,76802
9490,30991
9490,-4635
9490,17350
9490,62722
9490,75371
9490,30549
9490,-2979
9490,19027
9496,63503
9496,74895
9496,30862
9496,-3780
9496,17500
9496,62354
9496,74588
9496,29732
9496,-4309
9496,18224
9496,63577
9496,75509
9496,30969
9496,-3860
9496,17069
9496,63141
9496,75413
9496,31129
9496,-2849
9496,18396
9496,63383
9496,75469
9496,31796
9496,-2606
9496,17947
9496,62472
9497,75146
9497,30539
9497,-3041
9497,17709
9497,62764
9497,75367
9497,30403
9497,-3914
9497,17397
9497,61711
9497,74662
9497,29615
9497,-4267
9497,15994
9497,60554
9497,74304
9497,29718
9497,-5344
9497,15696
9497,60582
9497,72829
9497,29284
9497,-4976
9497,14162
9497,59440
9497,71512
9497,26284
9497,-5515
9497,16709
9497,58679
9497,68202
9497,24591
9497,-4605
9497,17459
9497,58886
9497,65729
9497,23424
9497,-3637
9497,19885
9497,58094
9497,62722
9497,21898
9497,-1708
9497,21052
9497,56567
9497,60968
9497,22572
9497,-336
9497,22396
9497,56090
9497,58574
9497,21371
9497,1961
9497,24340
9497,55239
9497,56829
9497,21510
9497,4249
9497,25865
9497,54740
9497,54971
9497,20866
9498,4843
9498,26463
9498,53279
9498,52606
9498,21462
9498,6999
9498,27720
9498,52666
9498,50750
9498,20878
9498,8993
9498,28827
9498,50514
9498,47268
9498,19679
9498,10931
9498,30901
9498,49701
9498,44313
9498,20108
9498,13546
9498,32954
9498,49546
9498,42116
9498,19240
9498,15429
9498,33802
9498,49780
9498,40653
9498,19716
9498,17621
9498,36839
9498,49709
9498,40225
9498,19587
9498,19003
9498,37779
9498,48749
9498,37688
9498,18876
9504,21545
9504,39309
9504,48045
9504,36567
9504,21559
9504,24735
9504,39983
9504,46964
9504,35853
9504,20668
9504,24609
9504,38444
9504,45622
9504,35074
9504,22047
9504,26352
9504,39055
9504,45736
9504,34791
9504,21889
9504,26189
9504,40112
9504,46228
9504,35679
9504,23594
9504,27939
9505,41018
9505,45308
9505,35049
9505,23313
9505,28482
9505,41963
9505,46697
9505,34354
9505,24317
9505,29092
9505,43438
9505,46898
9505,34476
9505,22614
9505,29281
9505,43210
9505,46083
9505,34793
9505,23147
9505,29488
9505,43331
9505,46034
9505,34070
9505,22933
9505,30012
9505,43636
9505,45972
9505,32789
9505,21934
9505,29232
9505,43582
9505,46366
9505,32934
9505,22975
9505,29513
9505,44113
9505,45373
9505,32653
9505,22162
9505,29015
9505,44190
9505,45988
9505,32549
9505,22849
9505,29359
9505,42950
9505,44583
9505,31905
9505,21368
9505,28462
9505,42824
9505,44508
9505,32302
9505,22176
9505,28778
9505,41947
9505,43998
9505,31214
9505,21780
9505,28772
9505,41036
9505,43559
9506,32008
9506,21929
9506,27757
9506,41246
9506,43232
9506,32533
9506,23906
9506,28913
9506,41895
9506,44102
9506,32887
9506,23517
9506,28836
9506,40329
9506,43614
9506,32402
9506,22970
9506,28169
9506,39121
9506,42379
9506,32553
9506,23383
9506,27806
9506,39951
9506,43501
9506,33284
9506,23822
9506,28791
9506,40332
9506,43449
9506,34178
9506,24880
9506,28116
9506,39308
9506,42753
9506,33934
9506,23919
9506,28699
9506,40394
9506,43154
9512,34238
9512,25647
9512,28801
9512,40573
9512,43858
9512,34554
9512,25602
9512,29567
9512,39372
9512,42727
9512,34514
9512,25505
9512,28668
9512,40229
9512,43318
9512,34200
9512,25544
9512,29420
9512,38820
9512,42574
9512,33216
9512,25452
9512,29253
9512,39599
9512,41887
9512,33207
9513,25833
9513,29786
9513,40096
9513,42094
9513,33490
9513,25770
9513,31590
9513,41112
9513,42376
9513,33240
9513,26124
9513,31404
9513,40020
9513,41796
9513,33361
9513,25721
9513,31279
9513,40325
9513,41689
9513,33510
9513,26575
9513,31221
9513,40213
9513,41842
9513,32888
9513,26145
9513,30844
9513,40319
9513,42575
9513,33012
9513,25605
9513,31191
9513,40235
9513,41952
9513,32012
9513,24758
9513,30981
9513,41144
9513,41384
9513,31477
9513,24721
9513,30957
9513,40391
9513,41123
9513,30565
9513,24709
9513,32316
9513,40790
9513,40804
9513,29461
9513,23978
9513,31335
9513,40389
9513,39101
9513,28375
9513,23627
9513,32079
9513,41044
9513,40327
9513,29393
9513,23549
9513,31715
9514,41536
9514,39137
9514,28095
9514,23535
9514,31904
9514,40775
9514,38072
9514,26875
9514,22328
9514,31046
9514,39731
9514,37314
9514,25510
9514,21571
9514,30265
9514,38736
9514,35703
9514,25177
9514,22075
9514,30482
9514,39581
9514,36666
9514,24466
9514,20392
9514,30354
9514,38411
9514,35032
9514,23635
9514,20343
9514,28979
9514,37930
9514,34527
9514,23558
9514,20184
9514,28975
9514,38682
9514,34924
9514,22876
9514,20294
9514,30479
9520,39031
9520,35220
9520,22850
9520,19813
9520,30839
9520,40598
9520,35921
9520,23795
9520,20560
9520,30763
9520,40345
9520,35395
9520,22112
9520,19031
9520,30471
9520,40482
9520,36166
9520,23043
9520,18345
9520,29326
9520,39179
9520,35565
9520,20973
9520,17990
9520,27969
9520,38071
9521,34225
9521,20290
9521,16790
9521,27750
9521,39381
9521,35533
9521,21323
9521,16395
9521,27526
9521,37912
9521,33442
9521,20076
9521,14983
9521,26322
9521,38666
9521,34502
9521,19556
9521,15224
9521,26986
9521,37056
9521,32547
9521,18727
9521,14159
9521,25145
9521,37603
9521,32783
9521,18503
9521,13070
9521,25140
9521,37964
9521,33738
9521,18255
9521,12314
9521,24701
9521,38131
9521,33648
9521,18116
9521,12734
9521,24498
9521,37078
9521,31823
9521,16151
9521,10890
9521,23408
9521,36218
9521,31324
9521,15575
9521,10826
9521,22770
9521,35579
9521,30364
9521,15331
9521,10861
9521,23202
9521,35907
9521,31410
9521,15660
9521,10349
9521,21826
9521,35257
9521,30571
9521,16045
9522,9508
9522,21198
9522,33991
9522,30031
9522,14914
9522,8142
9522,21467
9522,33969
9522,29907
9522,14800
9522,8671
9522,20515
9522,32936
9522,29392
9522,13553
9522,8218
9522,20248
9522,33844
9522,30107
9522,15858
9522,10434
9522,20620
9522,32787
9522,29213
9522,14734
9522,7972
9522,19653
9522,32371
9522,29270
9522,15758
9522,8349
9522,19063
9522,32137
9522,29516
9522,15246
9522,8972
9522,18064
9522,30923
9522,28914
9522,15854
9528,9776
9528,18740
9528,31182
9528,29758
9528,16149
9528,9170
9528,18654
9528,31491
9528,30372
9528,17110
9528,10615
9528,18589
9528,31041
9528,29772
9528,17821
9528,10151
9528,17477
9528,29346
9528,29145
9528,17525
9528,9971
9528,17248
9528,30687
9528,31405
9528,18586
9528,10504
9529,18191
9529,30989
9529,32174
9529,19546
9529,10765
9529,17640
9529,31184
9529,32294
9529,19410
9529,10434
9529,17449
9529,30181
9529,31519
9529,18885
9529,9750
9529,17202
9529,30285
9529,31552
9529,19501
9529,10608
9529,17109
9529,30307
9529,31122
9529,19447
9529,10612
9529,17524
9529,31055
9529,32972
9529,20746
9529,11170
9529,18024
9529,31796
9529,34110
9529,22092
9529,11780
9529,18405
9529,32126
9529,33871
9529,21048
9529,11572
9529,19200
9529,31841
9529,34389
9529,21889
9529,11352
9529,17329
9529,32100
9529,35267
9529,21374
9529,9774
9529,16936
9529,31617
9529,33867
9529,20958
9529,10276
9529,16650
9529,30797
9529,33664
9529,20567
9529,9876
9529,16407
9529,30591
9530,33576
9530,20635
9530,10663
9530,17055
9530,31440
9530,33888
9530,22004
9530,11536
9530,17400
9530,31388
9530,34615
9530,21553
9530,10955
9530,18369
9530,32190
9530,34512
9530,21665
9530,12323
9530,18736
9530,33015
9530,34999
9530,23177
9530,12755
9530,18702
9530,32733
9530,35338
9530,23718
9530,12895
9530,18832
9530,32538
9530,36486
9530,23032
9530,11891
9530,18532
9530,32478
9530,35277
9530,23238
9530,12857
9530,19196
9530,34013
9536,36835
9536,23560
9536,12596
9536,19741
9536,33145
9536,35856
9536,23056
9536,12351
9536,18857
9536,33325
9536,35773
9536,22411
9536,12166
9536,17805
9536,32901
9536,34599
9536,22423
9536,13133
9536,19622
9536,33660
9536,35708
9536,21180
9536,12322
9536,19284
9536,32900
9536,34718
9537,21929
9537,11433
9537,19076
9537,33393
9537,34521
9537,21297
9537,11401
9537,19600
9537,32993
9537,34729
9537,19500
9537,9778
9537,17749
9537,32120
9537,33282
9537,18821
9537,9395
9537,17662
9537,32856
9537,32221
9537,18016
9537,8368
9537,17554
9537,31731
9537,31970
9537,17862
9537,8990
9537,17489
9537,31892
9537,31827
9537,16116
9537,7360
9537,16986
9537,31301
9537,30871
9537,16931
9537,9258
9537,17475
9537,31911
9537,31702
9537,16597
9537,8242
9537,17971
9537,32020
9537,30677
9537,16508
9537,8360
9537,18762
9537,32138
9537,29661
9537,15642
9537,7825
9537,18036
9537,30998
9537,30239
9537,16206
9537,7751
9537,17930
9537,31147
9537,29976
9537,15240
9537,8310
9538,17909
9538,31791
9538,29597
9538,14792
9538,8105
9538,18506
9538,32147
9538,30143
9538,14904
9538,8463
9538,17508
9538,31161
9538,28912
9538,13824
9538,7270
9538,18760
9538,30842
9538,28835
9538,13502
9538,6453
9538,18393
9538,30973
9538,27786
9538,13122
9538,6722
9538,18342
9538,31046
9538,28440
9538,13414
9538,7334
9538,18075
9538,30542
9538,27633
9538,13539
9538,6901
9538,17206
9538,30735
9538,27160
9538,13329
9538,6716
9544,17969
9544,30018
9544,26704
9544,11857
9544,6868
9544,17697
9544,29014
9544,26339
9544,11906
9544,6453
9544,16979
9544,28857
9544,25936
9544,10858
9544,5137
9544,16499
9544,28687
9544,24828
9544,10815
9544,4718
9544,15613
9544,28767
9544,24952
9544,10998
9544,5204
9544,15666
9545,28320
9545,24444
9545,10599
9545,5594
9545,17092
9545,28819
9545,24850
9545,10672
9545,6086
9545,17315
9545,29025
9545,25861
9545,10688
9545,6564
9545,18544
9545,29242
9545,25552
9545,10353
9545,7292
9545,19260
9545,30570
9545,25381
9545,10361
9545,6463
9545,18878
9545,30104
9545,24312
9545,9903
9545,6848
9545,19364
9545,30030
9545,23624
9545,9348
9545,6773
9545,19174
9545,29109
9545,22437
9545,8836
9545,6568
9545,20256
9545,30086
9545,22907
9545,9422
9545,7334
9545,20460
9545,29385
9545,22233
9545,8682
9545,6889
9545,20353
9545,28505
9545,22267
9545,8838
9545,7120
9545,19597
9545,28888
9545,22351
9545,8434
9545,7946
9545,19984
9545,28457
9545,21372
9546,9057
9546,7742
9546,20743
9546,28906
9546,20369
9546,8819
9546,7929
9546,20036
9546,26876
9546,19844
9546,7959
9546,8121
9546,20148
9546,26264
9546,18648
9546,8064
9546,8152
9546,19473
9546,25876
9546,18311
9546,7634
9546,8211
9546,19148
9546,25144
9546,18713
9546,8012
9546,8522
9546,18753
9546,24935
9546,18653
9546,8836
9546,9599
9546,20042
9546,24769
9546,17864
9546,8941
9546,9521
9546,19089
9546,24224
9546,17463
9552,8666
9552,9062
9552,18721
9552,23298
9552,17982
9552,9160
9552,10194
9552,18792
9552,23734
9552,18321
9552,9321
9552,9716
9552,18118
9552,23243
9552,17961
9552,10393
9552,10033
9552,18161
9552,23443
9552,18471
9552,10190
9552,9883
9552,18263
9552,23392
9552,18554
9552,9715
9553,10396
9553,18230
9553,22903
9553,18350
9553,11017
9553,10356
9553,18149
9553,23012
9553,18782
9553,11038
9553,11076
9553,18011
9553,22969
9553,18993
9553,11105
9553,11312
9553,17690
9553,22911
9553,18369
9553,10695
9553,10599
9553,18120
9553,23068
9553,19336
9553,12087
9553,12043
9553,19006
9553,24102
9553,19701
9553,12223
9553,11059
9553,18307
9553,23812
9553,20262
9553,13314
9553,13022
9553,20055
9553,24311
9553,20799
9553,13510
9553,13149
9553,20438
9553,24769
9553,22489
9553,15316
9553,14370
9553,21225
9553,26260
9553,23082
9553,16078
9553,15422
9553,22283
9553,26164
9553,23536
9553,16751
9553,16182
9553,23195
9553,28565
9553,24954
9553,17983
9553,16992
9553,24133
9554,28765
9554,24790
9554,17521
9554,16536
9554,23281
9554,26833
9554,23122
9554,17358
9554,16754
9554,23268
9554,27597
9554,23577
9554,16824
9554,16162
9554,22427
9554,26925
9554,22903
9554,17330
9554,16523
9554,22806
9554,27214
9554,23717
9554,16972
9554,16776
9554,22286
9554,25947
9554,23350
9554,16053
9554,16040
9554,21282
9554,25277
9554,21829
9554,15941
9554,16101
9554,21377
9554,25356
9554,21749
9554,15529
9554,15217
9554,20685
9560,25081
9560,21226
9560,14687
9560,15235
9560,20968
9560,24113
9560,20984
9560,14832
9560,14315
9560,20578
9560,24363
9560,20546
9560,15602
9560,14822
9560,21207
9560,24608
9560,20835
9560,15146
9560,14527
9560,21234
9560,24669
9560,21187
9560,14473
9560,14463
9560,21211
9560,24897
9561,21028
9561,14694
9561,15506
9561,21864
9561,24091
9561,20738
9561,14195
9561,14528
9561,21519
9561,24193
9561,19145
9561,13328
9561,15504
9561,21884
9561,23684
9561,18568
9561,12250
9561,14305
9561,20897
9561,21885
9561,17148
9561,12286
9561,14718
9561,21291
9561,23125
9561,17462
9561,12014
9561,14588
9561,21177
9561,22848
9561,17641
9561,12744
9561,14726
9561,21901
9561,22221
9561,16591
9561,12358
9561,14782
9561,21566
9561,21962
9561,15875
9561,11679
9561,14571
9561,20982
9561,21492
9561,16144
9561,11671
9561,15762
9561,22126
9561,22275
9561,16129
9561,12224
9561,15364
9561,21812
9561,22187
9561,16359
9561,11668
9561,15697
9561,22069
9561,22073
9561,14716
9561,10304
9562,14438
9562,20149
9562,20476
9562,13302
9562,10144
9562,13922
9562,19511
9562,19618
9562,13530
9562,9585
9562,12502
9562,19185
9562,18530
9562,12060
9562,8522
9562,11837
9562,18037
9562,17314
9562,11286
9562,8387
9562,11599
9562,16899
9562,16133
9562,10390
9562,6678
9562,9695
9562,15082
9562,14554
9562,9409
9562,7206
9562,10111
9562,15390
9562,14712
9562,9139
9562,5439
9562,9267
9562,14909
9562,13917
9562,10057
9562,5552
9568,8991
9568,13474
9568,13462
9568,8568
9568,6306
9568,9196
9568,13524
9568,14244
9568,8524
9568,5371
9568,8677
9568,12589
9568,12342
9568,8080
9568,5993
9568,9393
9568,13152
9568,12594
9568,8456
9568,6829
9568,9052
9568,11826
9568,11670
9568,7379
9568,6267
9568,8933
9569,11783
9569,11006
9569,6221
9569,6020
9569,7884
9569,10627
9569,9738
9569,6434
9569,5150
9569,7325
9569,9856
9569,8744
9569,6105
9569,5145
9569,8155
9569,9859
9569,8733
9569,4298
9569,3769
9569,6660
9569,8773
9569,7306
9569,4989
9569,5228
9569,7988
9569,9431
9569,6852
9569,3800
9569,3545
9569,6286
9569,8867
9569,5861
9569,3350
9569,2873
9569,6811
9569,7565
9569,5308
9569,3158
9569,3003
9569,5645
9569,7934
9569,5374
9569,3113
9569,3461
9569,5415
9569,7161
9569,4086
9569,500
9569,1297
9569,4276
9569,5854
9569,3504
9569,499
9569,1336
9569,5112
9569,6355
9569,3301
9569,799
9569,2371
9569,5442
9569,5333
9569,3258
9570,76
9570,929
9570,4200
9570,5350
9570,2417
9570,-926
9570,633
9570,3983
9570,5654
9570,2753
9570,122
9570,1205
9570,4107
9570,4760
9570,1457
9570,-370
9570,1037
9570,3881
9570,5330
9570,2107
9570,-1137
9570,324
9570,4132
9570,4830
9570,1573
9570,-1351
9570,266
9570,3226
9570,4036
9570,1367
9570,-1465
9570,647
9570,3842
9570,5238
9570,1351
9570,-1078
9570,863
9570,2732
9570,3700
9570,1385
9576,-1193
9576,996
9576,3170
9576,2773
9576,626
9576,-1912
9576,285
9576,1470
9576,2455
9576,-825
9576,-2909
9576,-982
9576,1493
9576,2368
9576,549
9576,-1694
9576,217
9576,2603
9576,2724
9576,-180
9576,-1846
9576,624
9576,2828
9576,3061
9576,956
9576,-971
9577,1207
9577,4147
9577,4124
9577,880
9577,-1004
9577,1072
9577,3469
9577,4201
9577,1784
9577,239
9577,1314
9577,4286
9577,5585
9577,2850
9577,85
9577,1827
9577,5153
9577,5411
9577,2421
9577,477
9577,2134
9577,4464
9577,5713
9577,2841
9577,659
9577,2056
9577,4205
9577,4660
9577,1383
9577,-294
9577,623
9577,3767
9577,4165
9577,988
9577,-1389
9577,-73
9577,3142
9577,4868
9577,2025
9577,-276
9577,121
9577,4033
9577,4350
9577,1503
9577,-1957
9577,-82
9577,3772
9577,5045
9577,2552
9577,-1396
9577,42
9577,4409
9577,5587
9577,2374
9577,-1387
9577,-261
9577,3471
9577,5735
9577,2700
9577,-652
9577,93
9577,4201
9578,6990
9578,3554
9578,-33
9578,1159
9578,4127
9578,6826
9578,3319
9578,190
9578,821
9578,5686
9578,6855
9578,4189
9578,205
9578,1066
9578,5241
9578,6861
9578,4617
9578,342
9578,573
9578,4516
9578,7663
9578,4560
9578,20
9578,577
9578,5362
9578,7488
9578,4226
9578,-113
9578,539
9578,4142
9578,7345
9578,4674
9578,-192
9578,-613
9578,5565
9578,7657
9578,4253
9578,-1075
9578,-297
9578,4221
9584,7119
9584,4103
9584,-1253
9584,-662
9584,3745
9584,6564
9584,3245
9584,-1549
9584,-602
9584,4494
9584,6657
9584,4033
9584,-2224
9584,-491
9584,4572
9584,6464
9584,3170
9584,-1056
9584,-454
9584,4622
9584,6461
9584,3743
9584,4
9584,803
9584,6045
9584,7667
9585,4420
9585,849
9585,2299
9585,7521
9585,10214
9585,7028
9585,1456
9585,3225
9585,7896
9585,10595
9585,7463
9585,3489
9585,3846
9585,9023
9585,11962
9585,9368
9585,4693
9585,4966
9585,9761
9585,12639
9585,10507
9585,5071
9585,5411
9585,9837
9585,13094
9585,9749
9585,5479
9585,6378
9585,10489
9585,13667
9585,9998
9585,5437
9585,5346
9585,10057
9585,12594
9585,10327
9585,6155
9585,5086
9585,9952
9585,12912
9585,10503
9585,5257
9585,5573
9585,10298
9585,14088
9585,11282
9585,6652
9585,6191
9585,11277
9585,14303
9585,10866
9585,6005
9585,6441
9585,9974
9585,14257
9585,12019
9585,6772
9585,5871
9585,10382
9585,14818
9585,12176
9585,7449
9586,6534
9586,11504
9586,14871
9586,12090
9586,8048
9586,6431
9586,11366
9586,14458
9586,11951
9586,8127
9586,7196
9586,11576
9586,15397
9586,12544
9586,8149
9586,7313
9586,12462
9586,16468
9586,13450
9586,8303
9586,7453
9586,12605
9586,15633
9586,13356
9586,8568
9586,7031
9586,11475
9586,15218
9586,13904
9586,8353
9586,6094
9586,10061
9586,14748
9586,12476
9586,7447
9586,6469
9586,11027
9586,14279
9586,12325
9586,6627
9592,6216
9592,9799
9592,14061
9592,12057
9592,6673
9592,5130
9592,10090
9592,13760
9592,12556
9592,7432
9592,5929
9592,10259
9592,14986
9592,13274
9592,7690
9592,7113
9592,11157
9592,16148
9592,14193
9592,8972
9592,7881
9592,11572
9592,16415
9592,13579
9592,8720
9592,7373
9593,12016
9593,17282
9593,14458
9593,9021
9593,7665
9593,12963
9593,16609
9593,13708
9593,9747
9593,8320
9593,12826
9593,17243
9593,15299
9593,10507
9593,8820
9593,13136
9593,17598
9593,14996
9593,9046
9593,8364
9593,12913
9593,16654
9593,15343
9593,10184
9593,8446
9593,13577
9593,17585
9593,16375
9593,10355
9593,8784
9593,13200
9593,17997
9593,16446
9593,11800
9593,10206
9593,14003
9593,19771
9593,17016
9593,12111
9593,10911
9593,15266
9593,19290
9593,17991
9593,12825
9593,10965
9593,16174
9593,19908
9593,18325
9593,13709
9593,12470
9593,17706
9593,21946
9593,20015
9593,14513
9593,13305
9593,17422
9593,21569
9593,19906
9593,14331
9593,12408
9593,17844
9593,22050
9594,20937
9594,14457
9594,12879
9594,17672
9594,22710
9594,20551
9594,14755
9594,13988
9594,19026
9594,23317
9594,20873
9594,15163
9594,14175
9594,19135
9594,23447
9594,20882
9594,15909
9594,14818
9594,19625
9594,24090
9594,21674
9594,16679
9594,14886
9594,19634
9594,23451
9594,21833
9594,15884
9594,14716
9594,20256
9594,25187
9594,22409
9594,17429
9594,15401
9594,19019
9594,24590
9594,22094
9594,17443
9594,16086
9594,20704
9594,24849
9600,22253
9600,17686
9600,15744
9600,20411
9600,25246
9600,23668
9600,18151
9600,15970
9600,20405
9600,25568
9600,23721
9600,18037
9600,17130
9600,21092
9600,25912
9600,24023
9600,18798
9600,17013
9600,21371
9600,26403
9600,24663
9600,19247
9600,17141
9600,22131
9600,26822
9600,25398
9601,20019
9601,17576
9601,22353
9601,27134
9601,25569
9601,21267
9601,19090
9601,23641
9601,27611
9601,26870
9601,21740
9601,19391
9601,24303
9601,28618
9601,27962
9601,22896
9601,21015
9601,25885
9601,30096
9601,28624
9601,24135
9601,22247
9601,26372
9601,31568
9601,29971
9601,24845
9601,23125
9601,26493
9601,32126
9601,30259
9601,24929
9601,23232
9601,27646
9601,32658
9601,31142
9601,26639
9601,23958
9601,27567
9601,32315
9601,32146
9601,27299
9601,25815
9601,29204
9601,32722
9601,32926
9601,27832
9601,26022
9601,29229
9601,33825
9601,32664
9601,28118
9601,26469
9601,30709
9601,35564
9601,34955
9601,30196
9601,27981
9601,31948
9601,36062
9601,36053
9601,31633
9601,29924
9602,32651
9602,37855
9602,37181
9602,33457
9602,31136
9602,34655
9602,38941
9602,37842
9602,34447
9602,31253
9602,34995
9602,39522
9602,38825
9602,33875
9602,31875
9602,34737
9602,39356
9602,39094
9602,34379
9602,33239
9602,35996
9602,40288
9602,39129
9602,36187
9602,34096
9602,36631
9602,40852
9602,40317
9602,36288
9602,33677
9602,37435
9602,40851
9602,41026
9602,37072
9602,35483
9602,37918
9602,41826
9602,42102
9602,38227
9602,35402
9608,38176
9608,42555
9608,42067
9608,38057
9608,36524
9608,39312
9608,42416
9608,42832
9608,37471
9608,35403
9608,38102
9608,41569
9608,42062
9608,38574
9608,35683
9608,37711
9608,41429
9608,42406
9608,38829
9608,35498
9608,38487
9608,41065
9608,41756
9608,38286
9608,36439
9608,38254
9609,40662
9609,40268
9609,37363
9609,35928
9609,37170
9609,41242
9609,41420
9609,37064
9609,35365
9609,36173
9609,40653
9609,41192
9609,38263
9609,36117
9609,37781
9609,40185
9609,40597
9609,37596
9609,34741
9609,37236
9609,40301
9609,40573
9609,38463
9609,36078
9609,37716
9609,41484
9609,42437
9609,38980
9609,36134
9609,37807
9609,41071
9609,41955
9609,38526
9609,35896
9609,37204
9609,41112
9609,41907
9609,39530
9609,35931
9609,38036
9609,41563
9609,41412
9609,39213
9609,36250
9609,37466
9609,41245
9609,41680
9609,39320
9609,36531
9609,37811
9609,40868
9609,42295
9609,38923
9609,36096
9609,37557
9609,40699
9609,41949
9609,38066
9609,35758
9609,37411
9609,41136
9609,42661
9610,39886
9610,36347
9610,37969
9610,41445
9610,42037
9610,39654
9610,36568
9610,37433
9610,40586
9610,42018
9610,39282
9610,36256
9610,37759
9610,40509
9610,41811
9610,39064
9610,36322
9610,37691
9610,39828
9610,41625
9610,40123
9610,36688
9610,37632
9610,40296
9610,40979
9610,39602
9610,36782
9610,36422
9610,40168
9610,41073
9610,38232
9610,36552
9610,37290
9610,39635
9610,41219
9610,38655
9610,36497
9610,36503
9610,39974
9610,41550
9616,39764
9616,36682
9616,37049
9616,39333
9616,40561
9616,39093
9616,35821
9616,37086
9616,39867
9616,41278
9616,39494
9616,36535
9616,36200
9616,38764
9616,40871
9616,38304
9616,35561
9616,35789
9616,38568
9616,38896
9616,38250
9616,34972
9616,35541
9616,37724
9616,38282
9616,36143
9617,34037
9617,34581
9617,37044
9617,37864
9617,36569
9617,34440
9617,33408
9617,36820
9617,37140
9617,35923
9617,32500
9617,32229
9617,35225
9617,35652
9617,33682
9617,31504
9617,31822
9617,33766
9617,34596
9617,32534
9617,30841
9617,30322
9617,31929
9617,33154
9617,31701
9617,29871
9617,30818
9617,32460
9617,32508
9617,31024
9617,27908
9617,28866
9617,31199
9617,32407
9617,31128
9617,28145
9617,28315
9617,31219
9617,32501
9617,31227
9617,28758
9617,27671
9617,29831
9617,31870
9617,31118
9617,27602
9617,26908
9617,29835
9617,31679
9617,29952
9617,27468
9617,26426
9617,28345
9617,30619
9617,28860
9617,26470
9617,26081
9617,27895
9617,29596
9617,28282
9617,25652
9617,26105
9618,27402
9618,28609
9618,28074
9618,24765
9618,24629
9618,26760
9618,28641
9618,26223
9618,23920
9618,24290
9618,26710
9618,27686
9618,25703
9618,24501
9618,23118
9618,25318
9618,26219
9618,25289
9618,22651
9618,21962
9618,24845
9618,25390
9618,24526
9618,23080
9618,21861
9618,24251
9618,25798
9618,24694
9618,22614
9618,23007
9618,24875
9618,25989
9618,23862
9618,21663
9618,21196
9618,22782
9618,24026
9618,22970
9618,21232
9618,20280
9624,22924
9624,24777
9624,23105
9624,20943
9624,20649
9624,23343
9624,24501
9624,22852
9624,20893
9624,20217
9624,22724
9624,24031
9624,22126
9624,20230
9624,20340
9624,22373
9624,23857
9624,21743
9624,19592
9624,20639
9624,22036
9624,24536
9624,22424
9624,20167
9624,19997
9624,22306
9625,23821
9625,22483
9625,21326
9625,20813
9625,22079
9625,22866
9625,21553
9625,20649
9625,19856
9625,21309
9625,22379
9625,22036
9625,20067
9625,20170
9625,20880
9625,21943
9625,21431
9625,18881
9625,18768
9625,20531
9625,21363
9625,20381
9625,18451
9625,18863
9625,20037
9625,21484
9625,20386
9625,18194
9625,18302
9625,18505
9625,19756
9625,19232
9625,18639
9625,17872
9625,18845
9625,20605
9625,19181
9625,18204
9625,18253
9625,18487
9625,18835
9625,18708
9625,17770
9625,17433
9625,19553
9625,19925
9625,18186
9625,17460
9625,16339
9625,18469
9625,19128
9625,18299
9625,17349
9625,16838
9625,16644
9625,18695
9625,18195
9625,16444
9625,16490
9625,17655
9625,17682
9625,17272
9626,16344
9626,15844
9626,16097
9626,17305
9626,16325
9626,15226
9626,15431
9626,15577
9626,16555
9626,15822
9626,14139
9626,13648
9626,13548
9626,14633
9626,14066
9626,12700
9626,12617
9626,12937
9626,14090
9626,14187
9626,12627
9626,11064
9626,12242
9626,12629
9626,12288
9626,10512
9626,10558
9626,10720
9626,11407
9626,11437
9626,10342
9626,9789
9626,10610
9626,11308
9626,11158
9626,9817
9626,8830
9626,9019
9626,9576
9626,9433
9632,8661
9632,7998
9632,8822
9632,9455
9632,9118
9632,7992
9632,7342
9632,7982
9632,7923
9632,7577
9632,6512
9632,6324
9632,7144
9632,7776
9632,6438
9632,5277
9632,4669
9632,5012
9632,5216
9632,4492
9632,3591
9632,2502
9632,2800
9632,3664
9632,1911
9632,1433
9633,620
9633,1505
9633,1836
9633,778
9633,-126
9633,-1475
9633,-1330
9633,-1409
9633,-1096
9633,-3130
9633,-2803
9633,-2618
9633,-1275
9633,-2261
9633,-3916
9633,-3883
9633,-2674
9633,-3002
9633,-3945
9633,-4582
9633,-4136
9633,-3417
9633,-2746
9633,-3236
9633,-4542
9633,-5095
9633,-4209
9633,-4156
9633,-3938
9633,-4702
9633,-4172
9633,-4088
9633,-4486
9633,-4856
9633,-5305
9633,-5501
9633,-4410
9633,-4143
9633,-5745
9633,-6169
9633,-7341
9633,-5563
9633,-5193
9633,-5930
9633,-7334
9633,-7135
9633,-6420
9633,-4970
9633,-5926
9633,-8463
9633,-7656
9633,-7540
9633,-7050
9633,-7595
9633,-9282
9633,-9897
9633,-9114
9633,-9174
9633,-8805
9633,-11037
9633,-10988
9633,-9437
9634,-9215
9634,-9933
9634,-11591
9634,-10931
9634,-10810
9634,-10831
9634,-11648
9634,-12847
9634,-12257
9634,-10990
9634,-10924
9634,-11891
9634,-12363
9634,-13242
9634,-12983
9634,-12799
9634,-13241
9634,-13303
9634,-13213
9634,-13176
9634,-12492
9634,-13021
9634,-13250
9634,-12373
9634,-12693
9634,-12847
9634,-12798
9634,-13378
9634,-13162
9634,-12699
9634,-12875
9634,-13610
9634,-14138
9634,-14263
9634,-12962
9634,-12718
9634,-13435
9634,-14467
9634,-14550
9634,-13247
9640,-13625
9640,-14073
9640,-14851
9640,-15596
9640,-15024
9640,-14766
9640,-15257
9640,-15936
9640,-17013
9640,-17154
9640,-16994
9640,-17267
9640,-17801
9640,-17506
9640,-16858
9640,-17793
9640,-18252
9640,-19656
9640,-18966
9640,-18253
9640,-18228
9640,-18442
9640,-19441
9640,-19274
9640,-18838
9640,-18341
9641,-18244
9641,-19090
9641,-19354
9641,-20143
9641,-20563
9641,-20957
9641,-21158
9641,-21708
9641,-21720
9641,-22509
9641,-22771
9641,-22276
9641,-23205
9641,-23422
9641,-24126
9641,-23736
9641,-23043
9641,-23900
9641,-24215
9641,-24156
9641,-24068
9641,-24579
9641,-24033
9641,-24121
9641,-24269
9641,-23418
9641,-24234
9641,-24531
9641,-24589
9641,-25494
9641,-25021
9641,-24149
9641,-24996
9641,-26051
9641,-26280
9641,-25350
9641,-24858
9641,-24369
9641,-25768
9641,-24988
9641,-24986
9641,-24941
9641,-24696
9641,-26245
9641,-25382
9641,-25595
9641,-25164
9641,-25254
9641,-25103
9641,-25334
9641,-24739
9641,-24507
9641,-24971
9641,-25085
9641,-26880
9641,-26490
9641,-26426
9641,-26052
9641,-26228
9641,-26955
9641,-26654
9641,-26400
9642,-26503
9642,-26975
9642,-26375
9642,-27161
9642,-26664
9642,-26506
9642,-26001
9642,-26238
9642,-26688
9642,-25299
9642,-25075
9642,-26686
9642,-26741
9642,-26638
9642,-26524
9642,-26591
9642,-26238
9642,-26653
9642,-26670
9642,-26864
9642,-26007
9642,-26505
9642,-26708
9642,-26542
9642,-26766
9642,-26823
9642,-26670
9642,-27137
9642,-26439
9642,-26031
9642,-26787
9642,-27244
9642,-27417
9642,-27643
9642,-27331
9642,-27725
9642,-27000
9642,-27207
9642,-27784
9642,-27269
9648,-26759
9648,-26818
9648,-27742
9648,-27527
9648,-27698
9648,-26602
9648,-26685
9648,-26385
9648,-25945
9648,-25424
9648,-25278
9648,-25289
9648,-25562
9648,-25935
9648,-24894
9648,-23901
9648,-24070
9648,-25491
9648,-24895
9648,-24514
9648,-22708
9648,-23938
9648,-24557
9648,-24494
9648,-24486
9648,-24202
9649,-24116
9649,-25482
9649,-24996
9649,-24016
9649,-23705
9649,-23895
9649,-25055
9649,-24310
9649,-24588
9649,-24605
9649,-24296
9649,-25335
9649,-25076
9649,-25370
9649,-24610
9649,-24840
9649,-25658
9649,-26025
9649,-24935
9649,-23567
9649,-24332
9649,-25655
9649,-26063
9649,-24678
9649,-24350
9649,-25324
9649,-25994
9649,-26269
9649,-25055
9649,-24406
9649,-25402
9649,-26782
9649,-26836
9649,-25823
9649,-25480
9649,-26696
9649,-28114
9649,-28452
9649,-27210
9649,-26290
9649,-27077
9649,-28329
9649,-28131
9649,-27177
9649,-27471
9649,-28093
9649,-28294
9649,-28794
9649,-26325
9649,-26579
9649,-27067
9649,-28182
9649,-27553
9649,-25524
9649,-25416
9649,-26506
9649,-27746
9649,-27285
9649,-26045
9649,-25515
9649,-26151
9649,-28623
9650,-27363
9650,-25467
9650,-25327
9650,-26539
9650,-27556
9650,-26688
9650,-25285
9650,-24747
9650,-25821
9650,-26704
9650,-25877
9650,-25583
9650,-24801
9650,-25550
9650,-26239
9650,-25924
9650,-24297
9650,-24217
9650,-24773
9650,-25688
9650,-24953
9650,-23456
9650,-23761
9650,-25765
9650,-26485
9650,-26025
9650,-24613
9650,-24062
9650,-25184
9650,-26252
9650,-24859
9650,-23489
9650,-23445
9650,-25291
9650,-25263
9650,-25361
9650,-23876
9650,-23946
9650,-23965
9650,-25992
9656,-25214
9656,-23915
9656,-24087
9656,-25444
9656,-26415
9656,-24229
9656,-23314
9656,-24124
9656,-25073
9656,-25582
9656,-24556
9656,-23361
9656,-24065
9656,-24893
9656,-24993
9656,-25227
9656,-23589
9656,-24092
9656,-24758
9656,-24978
9656,-24599
9656,-23333
9656,-23243
9656,-24146
9656,-24988
9656,-24758
9657,-22919
9657,-22952
9657,-23622
9657,-24597
9657,-24075
9657,-23520
9657,-23305
9657,-23599
9657,-24981
9657,-23881
9657,-21944
9657,-21799
9657,-23356
9657,-24073
9657,-23100
9657,-22572
9657,-23090
9657,-24512
9657,-24262
9657,-23730
9657,-23159
9657,-23340
9657,-24891
9657,-25134
9657,-24223
9657,-23121
9657,-23181
9657,-26091
9657,-26306
9657,-24449
9657,-23650
9657,-25243
9657,-26648
9657,-26927
9657,-25328
9657,-23857
9657,-24430
9657,-26875
9657,-27054
9657,-25972
9657,-25517
9657,-26851
9657,-28076
9657,-27866
9657,-26821
9657,-26044
9657,-26864
9657,-28584
9657,-28335
9657,-26578
9657,-26053
9657,-27211
9657,-29372
9657,-29509
9657,-27588
9657,-27469
9657,-27576
9657,-28932
9657,-29421
9657,-28437
9657,-27121
9657,-28377
9658,-28905
9658,-28952
9658,-27876
9658,-27553
9658,-28230
9658,-29371
9658,-29424
9658,-28567
9658,-26756
9658,-26914
9658,-27484
9658,-28541
9658,-27340
9658,-25622
9658,-25868
9658,-27618
9658,-28695
9658,-26595
9658,-25939
9658,-26618
9658,-27684
9658,-28289
9658,-26889
9658,-25987
9658,-26740
9658,-27898
9658,-27488
9658,-25408
9658,-25284
9658,-26564
9658,-28304
9658,-28144
9658,-26029
9658,-26009
9658,-26652
9658,-28308
9658,-28226
9658,-26485
9658,-25458
9658,-25697
9664,-28062
9664,-27647
9664,-25997
9664,-25387
9664,-25856
9664,-27747
9664,-27412
9664,-26044
9664,-25065
9664,-26223
9664,-27065
9664,-27338
9664,-25758
9664,-25147
9664,-24999
9664,-27551
9664,-26792
9664,-24679
9664,-24276
9664,-24644
9664,-26296
9664,-25494
9664,-25243
9664,-24041
9664,-24324
9664,-26047
9665,-26181
9665,-24023
9665,-23424
9665,-24483
9665,-25183
9665,-24924
9665,-23222
9665,-22787
9665,-24009
9665,-24740
9665,-24304
9665,-22631
9665,-22004
9665,-23657
9665,-24250
9665,-23755
9665,-22547
9665,-22012
9665,-23105
9665,-24559
9665,-24401
9665,-22194
9665,-22337
9665,-23093
9665,-25071
9665,-23706
9665,-22320
9665,-21675
9665,-22338
9665,-23394
9665,-23278
9665,-21868
9665,-21406
9665,-22548
9665,-23588
9665,-22865
9665,-21867
9665,-20688
9665,-21960
9665,-23993
9665,-24108
9665,-22784
9665,-21537
9665,-22827
9665,-24036
9665,-23736
9665,-22791
9665,-21392
9665,-21840
9665,-23258
9665,-23476
9665,-22338
9665,-21573
9665,-22617
9665,-23864
9665,-23095
9665,-21732
9665,-21078
9665,-22338
9665,-23374
9665,-22334
9665,-21395
9666,-20077
9666,-20913
9666,-22862
9666,-22258
9666,-20900
9666,-20220
9666,-20501
9666,-22220
9666,-22424
9666,-20966
9666,-19745
9666,-21212
9666,-23012
9666,-22210
9666,-21114
9666,-20795
9666,-21586
9666,-22096
9666,-22285
9666,-20290
9666,-19710
9666,-20689
9666,-21843
9666,-20815
9666,-19766
9666,-19252
9666,-20172
9666,-21103
9666,-21035
9666,-20016
9666,-19335
9666,-20243
9666,-21355
9666,-21069
9666,-19415
9666,-19370
9666,-19939
9666,-20961
9666,-19920
9666,-18879
9672,-18940
9672,-19871
9672,-20882
9672,-20132
9672,-18530
9672,-18088
9672,-19652
9672,-19799
9672,-19204
9672,-18061
9672,-17228
9672,-18541
9672,-19727
9672,-18764
9672,-18111
9672,-17885
9672,-19036
9672,-19535
9672,-18785
9672,-17572
9672,-17297
9672,-18686
9672,-19612
9672,-19639
9672,-17544
9672,-17139
9673,-17888
9673,-19274
9673,-19070
9673,-16622
9673,-16909
9673,-18187
9673,-18830
9673,-18152
9673,-16777
9673,-16665
9673,-17805
9673,-18734
9673,-17798
9673,-17007
9673,-16547
9673,-17654
9673,-17638
9673,-17502
9673,-15824
9673,-15616
9673,-15713
9673,-18024
9673,-16690
9673,-15524
9673,-15580
9673,-16870
9673,-17261
9673,-16368
9673,-15244
9673,-14968
9673,-16840
9673,-17912
9673,-16875
9673,-14500
9673,-14497
9673,-15575
9673,-16235
9673,-15486
9673,-14472
9673,-15501
9673,-16112
9673,-17714
9673,-16283
9673,-14700
9673,-14425
9673,-15672
9673,-16772
9673,-16322
9673,-16014
9673,-15855
9673,-16504
9673,-17109
9673,-15915
9673,-15420
9673,-15084
9673,-16788
9673,-16819
9673,-16848
9673,-15137
9673,-15124
9673,-16767
9673,-17928
9674,-16615
9674,-15253
9674,-15465
9674,-16316
9674,-17504
9674,-16591
9674,-15882
9674,-15272
9674,-16824
9674,-17629
9674,-17700
9674,-15263
9674,-14758
9674,-15604
9674,-16552
9674,-15988
9674,-15226
9674,-14386
9674,-15577
9674,-16816
9674,-15957
9674,-14334
9674,-14188
9674,-15601
9674,-16249
9674,-16378
9674,-14853
9674,-14654
9674,-15939
9674,-16951
9674,-15977
9674,-15051
9674,-15259
9674,-15953
9674,-16809
9674,-16372
9674,-15584
9674,-14099
9674,-15463
9674,-16713
9680,-16742
9680,-15109
9680,-14908
9680,-15972
9680,-16382
9680,-15742
9680,-13783
9680,-13893
9680,-14715
9680,-16143
9680,-16048
9680,-14763
9680,-14161
9680,-14648
9680,-16008
9680,-16449
9680,-14807
9680,-14491
9680,-15109
9680,-15172
9680,-15565
9680,-15064
9680,-14361
9680,-14876
9680,-16237
9680,-15685
9681,-14747
9681,-14300
9681,-15488
9681,-16225
9681,-16355
9681,-15263
9681,-15082
9681,-14939
9681,-16109
9681,-16294
9681,-15226
9681,-14801
9681,-15843
9681,-16885
9681,-16560
9681,-16039
9681,-15739
9681,-16105
9681,-17517
9681,-17818
9681,-16315
9681,-16334
9681,-17750
9681,-18817
9681,-18501
9681,-17450
9681,-16560
9681,-18061
9681,-19089
9681,-18742
9681,-16974
9681,-16671
9681,-17917
9681,-19015
9681,-18276
9681,-16428
9681,-17313
9681,-18168
9681,-19436
9681,-19125
9681,-17374
9681,-17241
9681,-18500
9681,-20017
9681,-19910
9681,-18141
9681,-17650
9681,-18273
9681,-19100
9681,-18604
9681,-16900
9681,-16397
9681,-17137
9681,-18581
9681,-17957
9681,-17239
9681,-16106
9681,-17571
9681,-18781
9681,-17720
9681,-16649
9681,-15819
9682,-17792
9682,-17918
9682,-17744
9682,-16736
9682,-15764
9682,-16411
9682,-17307
9682,-17777
9682,-15762
9682,-15690
9682,-16361
9682,-18125
9682,-17435
9682,-16171
9682,-15260
9682,-15120
9682,-17107
9682,-17301
9682,-15737
9682,-14823
9682,-14914
9682,-15974
9682,-16702
9682,-14957
9682,-14041
9682,-15508
9682,-16144
9682,-16342
9682,-15729
9682,-14302
9682,-13989
9682,-15223
9682,-15458
9682,-13355
9682,-13133
9682,-14028
9682,-15115
9682,-15032
9682,-12659
9682,-12559
9688,-13853
9688,-14556
9688,-14352
9688,-13096
9688,-11556
9688,-12117
9688,-14127
9688,-13379
9688,-13106
9688,-12435
9688,-12932
9688,-14245
9688,-13668
9688,-10721
9688,-10398
9688,-11965
9688,-13403
9688,-14042
9688,-10594
9688,-10803
9688,-11219
9688,-13107
9688,-12949
9688,-11639
9688,-10704
9688,-11996
9689,-13214
9689,-13430
9689,-12007
9689,-9952
9689,-10887
9689,-11587
9689,-11974
9689,-11373
9689,-10667
9689,-11743
9689,-12361
9689,-12516
9689,-10340
9689,-9842
9689,-9648
9689,-10848
9689,-10409
9689,-9870
9689,-8486
9689,-9774
9689,-11568
9689,-11519
9689,-9978
9689,-8360
9689,-9611
9689,-11275
9689,-10928
9689,-9336
9689,-9118
9689,-9968
9689,-10802
9689,-11773
9689,-9985
9689,-8917
9689,-9839
9689,-11459
9689,-11875
9689,-10425
9689,-9405
9689,-10058
9689,-12014
9689,-11953
9689,-10675
9689,-9197
9689,-11040
9689,-12590
9689,-12422
9689,-11505
9689,-10116
9689,-10850
9689,-12847
9689,-12482
9689,-11115
9689,-10160
9689,-11420
9689,-12680
9689,-12824
9689,-10571
9689,-10568
9689,-11052
9689,-12588
9689,-12322
9690,-11437
9690,-10630
9690,-10931
9690,-13007
9690,-13338
9690,-12081
9690,-11034
9690,-12150
9690,-13548
9690,-13808
9690,-11696
9690,-10646
9690,-12306
9690,-13926
9690,-13104
9690,-11410
9690,-11095
9690,-11487
9690,-13578
9690,-12512
9690,-11429
9690,-11151
9690,-12042
9690,-13400
9690,-12975
9690,-12437
9690,-11476
9690,-12072
9690,-13115
9690,-13489
9690,-12498
9690,-11777
9690,-12192
9690,-13660
9690,-13619
9690,-12128
9690,-11039
9690,-12906
9690,-13988
9690,-14053
9696,-12325
9696,-11202
9696,-13198
9696,-13148
9696,-12720
9696,-12217
9696,-12389
9696,-12227
9696,-13216
9696,-13503
9696,-11867
9696,-11241
9696,-12001
9696,-13156
9696,-12825
9696,-12108
9696,-10961
9696,-12273
9696,-13602
9696,-12756
9696,-12010
9696,-11219
9696,-11504
9696,-12309
9696,-12849
9696,-11216
9697,-10875
9697,-11767
9697,-12934
9697,-12314
9697,-10459
9697,-10376
9697,-10135
9697,-11654
9697,-10888
9697,-10388
9697,-9115
9697,-9888
9697,-11112
9697,-11258
9697,-10601
9697,-9497
9697,-10702
9697,-11160
9697,-11984
9697,-10781
9697,-9457
9697,-10312
9697,-11043
9697,-11752
9697,-9824
9697,-8931
9697,-10797
9697,-10975
9697,-10132
9697,-10178
9697,-9551
9697,-10258
9697,-11056
9697,-12386
9697,-11318
9697,-9384
9697,-9819
9697,-11842
9697,-12444
9697,-11287
9697,-10054
9697,-11247
9697,-11004
9697,-11021
9697,-11737
9697,-10191
9697,-9936
9697,-11634
9697,-11634
9697,-11185
9697,-10705
9697,-11048
9697,-12367
9697,-11990
9697,-11565
9697,-11262
9697,-11541
9697,-12370
9697,-13424
9697,-12859
9697,-11857
9697,-12567
9698,-13457
9698,-13553
9698,-12789
9698,-12776
9698,-13008
9698,-14724
9698,-14944
9698,-13922
9698,-13146
9698,-13607
9698,-15486
9698,-14755
9698,-14029
9698,-13315
9698,-13389
9698,-14949
9698,-15803
9698,-14379
9698,-13821
9698,-14511
9698,-15915
9698,-16136
9698,-14731
9698,-14539
9698,-15088
9698,-16840
9698,-17085
9698,-15416
9698,-14272
9698,-14675
9698,-16588
9698,-16396
9698,-16036
9698,-14640
9698,-15233
9698,-15920
9698,-16173
9698,-15920
9698,-15644
9698,-16306
9704,-16873
9704,-17163
9704,-15917
9704,-15915
9704,-17368
9704,-18231
9704,-18227
9704,-17898
9704,-16660
9704,-17550
9704,-18624
9704,-18507
9704,-18177
9704,-17690
9704,-18263
9704,-19428
9704,-19639
9704,-18663
9704,-18030
9704,-18680
9704,-19352
9704,-18833
9704,-19070
9704,-18391
9704,-19009
9704,-19116
9705,-19638
9705,-19761
9705,-18529
9705,-19130
9705,-20280
9705,-21251
9705,-20389
9705,-19480
9705,-19713
9705,-19211
9705,-20049
9705,-18583
9705,-17791
9705,-18043
9705,-19352
9705,-20516
9705,-18732
9705,-18025
9705,-19145
9705,-19859
9705,-20089
9705,-18801
9705,-18250
9705,-18870
9705,-19376
9705,-20098
9705,-18794
9705,-17545
9705,-18710
9705,-20675
9705,-20605
9705,-19187
9705,-19445
9705,-19086
9705,-19665
9705,-20677
9705,-19634
9705,-19181
9705,-18831
9705,-20607
9705,-20371
9705,-18865
9705,-18010
9705,-17860
9705,-18761
9705,-18811
9705,-18809
9705,-17474
9705,-17800
9705,-19221
9705,-18599
9705,-18502
9705,-17796
9705,-18248
9705,-19881
9705,-19620
9705,-19463
9705,-18152
9705,-17718
9705,-18960
9705,-19807
9705,-18968
9706,-18012
9706,-18414
9706,-18921
9706,-18509
9706,-18279
9706,-16283
9706,-17079
9706,-18061
9706,-17395
9706,-16950
9706,-16645
9706,-17954
9706,-17404
9706,-17400
9706,-17149
9706,-16207
9706,-16368
9706,-18083
9706,-17043
9706,-15511
9706,-15733
9706,-16035
9706,-18262
9706,-17802
9706,-16488
9706,-16116
9706,-16386
9706,-17079
9706,-18311
9706,-17149
9706,-16337
9706,-15930
9706,-17202
9706,-17220
9706,-16575
9706,-16393
9706,-17237
9706,-17395
9706,-16944
9706,-16656
9712,-15594
9712,-16468
9712,-16944
9712,-17992
9712,-16898
9712,-15668
9712,-15771
9712,-17459
9712,-17251
9712,-16158
9712,-16352
9712,-15567
9712,-17187
9712,-17375
9712,-16400
9712,-16148
9712,-15353
9712,-16410
9712,-17560
9712,-16200
9712,-14946
9712,-15903
9712,-15900
9712,-16605
9712,-15686
9712,-15160
9713,-15870
9713,-16653
9713,-15578
9713,-15704
9713,-15221
9713,-14896
9713,-16088
9713,-15376
9713,-14565
9713,-14726
9713,-14722
9713,-15062
9713,-15291
9713,-13949
9713,-13822
9713,-13680
9713,-13696
9713,-14112
9713,-13350
9713,-12835
9713,-13370
9713,-13713
9713,-13717
9713,-13665
9713,-12918
9713,-13108
9713,-13754
9713,-13424
9713,-12739
9713,-12690
9713,-12092
9713,-12200
9713,-12021
9713,-10793
9713,-10165
9713,-10944
9713,-11024
9713,-11546
9713,-10662
9713,-9960
9713,-11056
9713,-11359
9713,-10959
9713,-10285
9713,-8698
9713,-8795
9713,-9404
9713,-9785
9713,-8580
9713,-6303
9713,-7345
9713,-7425
9713,-8317
9713,-8302
9713,-7429
9713,-7074
9713,-7911
9713,-8392
9713,-6673
9713,-5755
9713,-6393
9713,-7687
9714,-8646
9714,-7683
9714,-5991
9714,-5492
9714,-5075
9714,-5681
9714,-4587
9714,-4507
RAW_SUMMARY id=1 requested=5600 captured=5600 unused_capacity=400 max_pcm_abs=95679 raw_mean=17425.9 raw_abs_mean=27239.6 raw_min=-29509 raw_max=95679 baseline=5.5
OK RAW
