# run: RAW_i2s_quiet_2
# firmware: role=analyzer git=17295c9 version=0.4.0 board=damp
# started: 2026-10-09T17:53:02+02:00
RAW_INFO mode=i2s output=csv
RAW_INFO row_size=12
RAW_BEGIN id=3 sr=16000 trigger_ms=29476 command_ms=29461 emit_seen=1 emit_start_ms=29476 emit_done_ms=29478 f=3200 dur=1 pre_ms=0 post_ms=350 decim=1 pre_samples=0 post_samples=5600 mode=i2s output=csv fields=ms,pcm
ms,pcm
29480,-8498
29480,-6376
29480,-5618
29480,-6778
29480,-9090
29480,-9254
29480,-8932
29480,-8868
29480,-10066
29480,-9366
29480,-7703
29480,-8780
29480,-8216
29480,-8818
29480,-9221
29480,-6191
29480,-7883
29480,-9796
29480,-6696
29480,-8775
29480,-6267
29480,-4135
29480,-5468
29480,-6192
29480,-5459
29480,-5395
29481,-5772
29481,-6428
29481,-8420
29481,-6529
29481,-3991
29481,-6056
29481,-4492
29481,-3399
29481,-6765
29481,-7594
29481,-5904
29481,-5533
29481,-5522
29481,-4521
29481,-2951
29481,-4010
29481,-5064
29481,-3200
29481,-3772
29481,-2254
29481,-2029
29481,-3169
29481,-872
29481,-2804
29481,-4289
29481,-2585
29481,291
29481,901
29481,1609
29481,-316
29481,-1012
29481,-1068
29481,-73
29481,-1295
29481,-80
29481,3354
29481,852
29481,1753
29481,1591
29481,-1277
29481,-918
29481,-368
29481,-303
29481,-1138
29481,380
29481,4944
29481,3800
29481,4489
29481,4911
29481,4415
29481,3820
29481,2432
29481,-528
29481,1798
29481,2263
29481,1590
29481,2146
29481,3076
29481,2893
29481,3738
29481,2946
29481,2776
29482,4461
29482,4254
29482,4695
29482,4758
29482,3186
29482,4782
29482,6867
29482,4596
29482,6783
29482,3592
29482,5210
29482,4311
29482,3614
29482,3802
29482,6617
29482,5261
29482,7524
29482,5660
29482,2967
29482,3620
29482,6746
29482,5868
29482,5121
29482,4876
29482,6535
29482,5945
29482,6331
29482,4713
29482,5948
29482,5600
29482,4742
29482,6300
29482,5981
29482,7710
29482,6166
29482,3443
29482,2258
29482,5795
29482,2595
29482,-2705
29488,847
29488,2203
29488,-618
29488,3803
29488,3909
29488,2838
29488,2181
29488,764
29488,1662
29488,778
29488,887
29488,2579
29488,2807
29488,1462
29488,-727
29488,896
29488,1836
29488,2264
29488,1188
29488,1057
29488,4333
29488,4450
29488,3027
29488,2002
29488,1490
29488,162
29489,-17
29489,-586
29489,-707
29489,-1414
29489,754
29489,1036
29489,878
29489,2338
29489,3926
29489,2869
29489,4109
29489,4974
29489,3589
29489,4699
29489,3825
29489,4051
29489,3188
29489,3909
29489,6164
29489,2006
29489,921
29489,4603
29489,7598
29489,6061
29489,7200
29489,6405
29489,4312
29489,4239
29489,6681
29489,5375
29489,5008
29489,7101
29489,6356
29489,5163
29489,8395
29489,8035
29489,6479
29489,6784
29489,5794
29489,6905
29489,6439
29489,8496
29489,5760
29489,3456
29489,5656
29489,5717
29489,5251
29489,2688
29489,3138
29489,4183
29489,3308
29489,5205
29489,6611
29489,6503
29489,4156
29489,4594
29489,4407
29489,4838
29489,4484
29489,5620
29489,3323
29489,5085
29490,6392
29490,5900
29490,5019
29490,4646
29490,5138
29490,9235
29490,7856
29490,6855
29490,6694
29490,4661
29490,3795
29490,5862
29490,6991
29490,5359
29490,4767
29490,2994
29490,3278
29490,6596
29490,8781
29490,8001
29490,6373
29490,8847
29490,8422
29490,5648
29490,4939
29490,5328
29490,4139
29490,6666
29490,6454
29490,5120
29490,8406
29490,7115
29490,7769
29490,10065
29490,7114
29490,6177
29490,5935
29490,8015
29490,7131
29490,6164
29496,6601
29496,9714
29496,7673
29496,6160
29496,7655
29496,8119
29496,7191
29496,5140
29496,7001
29496,7806
29496,7090
29496,8883
29496,10179
29496,6895
29496,7541
29496,12420
29496,9953
29496,6558
29496,7616
29496,6762
29496,4435
29496,8414
29496,6605
29496,6210
29496,7773
29496,7278
29497,7364
29497,8745
29497,7422
29497,8137
29497,6423
29497,7094
29497,7746
29497,6990
29497,6562
29497,7839
29497,9684
29497,8631
29497,5959
29497,5823
29497,3389
29497,2906
29497,2467
29497,3570
29497,4530
29497,5574
29497,5585
29497,6257
29497,5223
29497,3338
29497,3475
29497,3799
29497,3982
29497,2163
29497,2239
29497,2504
29497,2451
29497,5261
29497,5967
29497,5106
29497,4570
29497,2599
29497,2180
29497,899
29497,386
29497,2170
29497,1727
29497,1549
29497,1102
29497,967
29497,2003
29497,1081
29497,3886
29497,3776
29497,3049
29497,3898
29497,1007
29497,710
29497,2275
29497,1698
29497,2346
29497,1077
29497,654
29497,1473
29497,2059
29497,3685
29497,2128
29497,1227
29498,1520
29498,-1324
29498,905
29498,1323
29498,-1777
29498,-2805
29498,-2144
29498,-586
29498,-668
29498,-600
29498,3632
29498,-3016
29498,-2586
29498,2200
29498,2742
29498,-843
29498,-100
29498,-2105
29498,-5043
29498,-3800
29498,666
29498,-1043
29498,-1976
29498,-686
29498,-177
29498,-1436
29498,-1910
29498,480
29498,1105
29498,-2965
29498,-2768
29498,-1774
29498,-3237
29498,-1527
29498,-1343
29498,-704
29498,-408
29498,-1974
29498,-4179
29498,-3867
29504,-3513
29504,-1983
29504,-1321
29504,-2087
29504,-4150
29504,-4695
29504,-4448
29504,-6859
29504,-1225
29504,-2003
29504,-3684
29504,-5931
29504,-3913
29504,-2991
29504,-5189
29504,-5398
29504,-3993
29504,-5684
29504,-5495
29504,-3154
29504,-3417
29504,-6855
29504,-6703
29504,-3205
29504,-2672
29504,-2618
29505,-3423
29505,-5216
29505,-3357
29505,-3603
29505,-3319
29505,-6634
29505,-5284
29505,-4430
29505,-6338
29505,-6228
29505,-5116
29505,-6482
29505,-5194
29505,-4113
29505,-3393
29505,-7485
29505,-5807
29505,-3419
29505,-4695
29505,-874
29505,-3890
29505,-6394
29505,-4134
29505,-3258
29505,-4189
29505,-5570
29505,-6383
29505,-4470
29505,-3385
29505,-4015
29505,-4318
29505,-3301
29505,-2213
29505,-3548
29505,-4022
29505,-4535
29505,-4286
29505,-3703
29505,-4615
29505,-6438
29505,-6172
29505,-8242
29505,-3920
29505,-1047
29505,-2066
29505,-1804
29505,-778
29505,-1721
29505,-3706
29505,-3467
29505,-3458
29505,-6463
29505,-6205
29505,-3998
29505,-5966
29505,-6448
29505,-1797
29505,-3583
29505,-4458
29505,-4663
29505,-7845
29505,-6605
29506,-6028
29506,-8802
29506,-7415
29506,-4410
29506,-5372
29506,-7362
29506,-4891
29506,-3296
29506,-2472
29506,-5991
29506,-6211
29506,-5177
29506,-5052
29506,-7592
29506,-7087
29506,-6134
29506,-6578
29506,-6222
29506,-8585
29506,-8508
29506,-8234
29506,-5297
29506,-6103
29506,-7446
29506,-9150
29506,-8764
29506,-8160
29506,-8370
29506,-6748
29506,-5757
29506,-6469
29506,-5970
29506,-5403
29506,-8238
29506,-7278
29506,-7889
29506,-9357
29506,-8237
29506,-8421
29506,-8616
29512,-8608
29512,-8662
29512,-11407
29512,-8654
29512,-8270
29512,-7881
29512,-9497
29512,-9687
29512,-8733
29512,-10578
29512,-10403
29512,-10763
29512,-10937
29512,-10343
29512,-13085
29512,-9676
29512,-8955
29512,-9735
29512,-9323
29512,-7909
29512,-10084
29512,-8451
29512,-8478
29512,-10215
29512,-10487
29512,-13662
29513,-14390
29513,-13247
29513,-11338
29513,-13587
29513,-12776
29513,-14256
29513,-13709
29513,-12959
29513,-11315
29513,-13865
29513,-14165
29513,-14860
29513,-14267
29513,-14541
29513,-14063
29513,-16777
29513,-14073
29513,-11962
29513,-14442
29513,-13202
29513,-11532
29513,-15418
29513,-16133
29513,-13518
29513,-12817
29513,-11660
29513,-12876
29513,-11508
29513,-13121
29513,-14356
29513,-13010
29513,-13596
29513,-14417
29513,-14269
29513,-13374
29513,-16082
29513,-15196
29513,-13098
29513,-13193
29513,-12618
29513,-11747
29513,-10598
29513,-12213
29513,-13407
29513,-10704
29513,-11021
29513,-11603
29513,-13216
29513,-14452
29513,-12267
29513,-12611
29513,-13494
29513,-12604
29513,-12519
29513,-11487
29513,-13869
29513,-13010
29513,-12567
29513,-12900
29513,-15063
29513,-14182
29513,-13373
29514,-13688
29514,-12819
29514,-12583
29514,-10683
29514,-9168
29514,-11559
29514,-11745
29514,-12105
29514,-12918
29514,-10662
29514,-12847
29514,-13734
29514,-9908
29514,-11741
29514,-11577
29514,-11530
29514,-12148
29514,-10251
29514,-10371
29514,-12626
29514,-13505
29514,-14071
29514,-11889
29514,-13603
29514,-14835
29514,-10826
29514,-9720
29514,-12079
29514,-10539
29514,-8303
29514,-11494
29514,-15253
29514,-16277
29514,-13723
29514,-15094
29514,-13918
29514,-12210
29514,-13134
29514,-13669
29514,-13438
29520,-12952
29520,-12463
29520,-13521
29520,-14339
29520,-12715
29520,-13455
29520,-13563
29520,-12310
29520,-13344
29520,-13802
29520,-10230
29520,-9532
29520,-9555
29520,-11316
29520,-11285
29520,-12039
29520,-11819
29520,-12853
29520,-10727
29520,-9243
29520,-10171
29520,-9947
29520,-9071
29520,-8801
29520,-10599
29520,-12226
29521,-10418
29521,-13141
29521,-11112
29521,-7225
29521,-8108
29521,-9418
29521,-11488
29521,-10253
29521,-7717
29521,-7699
29521,-6810
29521,-7573
29521,-9312
29521,-10595
29521,-11666
29521,-9428
29521,-8182
29521,-8828
29521,-7878
29521,-7303
29521,-8747
29521,-6725
29521,-6340
29521,-6936
29521,-10809
29521,-6348
29521,-5473
29521,-7557
29521,-5921
29521,-5088
29521,-8253
29521,-7487
29521,-4754
29521,-6406
29521,-6381
29521,-5163
29521,-5297
29521,-6616
29521,-7430
29521,-5461
29521,-6154
29521,-5534
29521,-4135
29521,-3820
29521,-4946
29521,-6332
29521,-6146
29521,-6197
29521,-4800
29521,-5762
29521,-7058
29521,-4846
29521,-6097
29521,-5726
29521,-2304
29521,-1819
29521,-3294
29521,-1433
29521,-3809
29521,-4252
29521,-1530
29521,-1400
29522,-1979
29522,-928
29522,200
29522,-1770
29522,-1402
29522,1166
29522,1688
29522,2208
29522,2192
29522,460
29522,1185
29522,848
29522,1284
29522,1220
29522,1367
29522,433
29522,52
29522,-704
29522,1133
29522,3445
29522,2915
29522,3451
29522,4016
29522,4182
29522,5033
29522,2462
29522,4016
29522,5843
29522,3126
29522,4279
29522,3986
29522,3288
29522,5122
29522,5595
29522,5726
29522,4460
29522,6097
29522,7584
29522,6202
29522,6129
29528,6370
29528,7457
29528,6834
29528,6593
29528,6707
29528,8233
29528,8032
29528,4447
29528,6748
29528,6953
29528,7548
29528,7770
29528,7092
29528,8001
29528,7855
29528,8517
29528,7599
29528,6435
29528,6349
29528,7645
29528,7190
29528,7653
29528,5279
29528,8569
29528,7419
29528,5244
29529,6491
29529,5327
29529,7841
29529,6445
29529,4122
29529,6152
29529,5686
29529,5225
29529,8135
29529,8242
29529,5753
29529,7491
29529,8306
29529,5515
29529,4907
29529,5068
29529,8262
29529,10129
29529,7746
29529,8015
29529,9383
29529,6732
29529,9825
29529,9481
29529,8327
29529,8513
29529,6780
29529,6990
29529,8226
29529,8295
29529,7634
29529,9527
29529,11060
29529,9137
29529,9557
29529,9590
29529,9816
29529,10412
29529,9049
29529,5863
29529,6665
29529,5837
29529,5689
29529,7051
29529,9915
29529,11685
29529,11433
29529,10172
29529,8810
29529,9437
29529,10225
29529,10697
29529,9732
29529,7741
29529,9722
29529,9570
29529,8356
29529,8546
29529,7452
29529,7425
29529,6496
29529,10359
29530,11584
29530,8004
29530,8227
29530,8935
29530,9858
29530,8488
29530,8114
29530,8366
29530,8829
29530,8860
29530,8122
29530,9552
29530,8437
29530,8543
29530,9878
29530,10587
29530,10913
29530,10824
29530,10884
29530,10461
29530,11103
29530,11463
29530,10703
29530,9348
29530,8657
29530,8814
29530,10143
29530,9478
29530,9860
29530,10188
29530,9718
29530,11180
29530,11911
29530,10927
29530,12297
29530,11661
29530,9495
29530,10109
29530,11246
29530,9810
29536,10136
29536,10747
29536,11712
29536,12518
29536,12714
29536,12889
29536,13233
29536,10414
29536,11732
29536,12418
29536,11258
29536,9737
29536,9622
29536,9228
29536,8987
29536,7002
29536,8367
29536,9025
29536,9862
29536,12329
29536,10038
29536,9889
29536,8600
29536,7300
29536,7579
29536,6804
29537,8607
29537,8209
29537,8260
29537,7160
29537,8091
29537,9104
29537,9078
29537,9560
29537,9487
29537,7524
29537,6697
29537,7962
29537,9166
29537,8963
29537,7484
29537,9632
29537,6762
29537,5487
29537,5553
29537,6650
29537,6277
29537,8233
29537,5831
29537,4355
29537,4952
29537,4288
29537,6203
29537,8381
29537,7692
29537,6098
29537,5797
29537,5540
29537,4896
29537,5726
29537,4599
29537,6111
29537,3916
29537,-292
29537,2989
29537,3267
29537,4173
29537,1620
29537,3490
29537,926
29537,3140
29537,7532
29537,5268
29537,6007
29537,2677
29537,3974
29537,3000
29537,1728
29537,3538
29537,1632
29537,-649
29537,-899
29537,666
29537,824
29537,-1888
29537,1838
29537,2651
29537,1775
29538,-2525
29538,1676
29538,2093
29538,-601
29538,1411
29538,1914
29538,2580
29538,1267
29538,875
29538,1433
29538,474
29538,2202
29538,3748
29538,978
29538,-2549
29538,-178
29538,1304
29538,-1654
29538,-1642
29538,-2717
29538,-562
29538,-2910
29538,-1855
29538,-1072
29538,-3930
29538,349
29538,-316
29538,94
29538,3022
29538,387
29538,-963
29538,1502
29538,-2037
29538,-1448
29538,-1191
29538,-2728
29538,-1634
29538,-3088
29538,-1607
29538,160
29544,-493
29544,-2968
29544,215
29544,1296
29544,-1849
29544,-4119
29544,1429
29544,3504
29544,336
29544,1799
29544,2600
29544,1458
29544,604
29544,3214
29544,892
29544,1410
29544,3359
29544,1858
29544,2818
29544,-684
29544,856
29544,231
29544,-1126
29544,1121
29544,375
29544,2617
29545,3810
29545,2394
29545,4046
29545,4058
29545,5835
29545,5157
29545,2856
29545,2483
29545,1821
29545,1709
29545,1235
29545,2343
29545,3495
29545,3682
29545,5725
29545,2341
29545,840
29545,3508
29545,4108
29545,7145
29545,5840
29545,3059
29545,4589
29545,-709
29545,-487
29545,2121
29545,1286
29545,2045
29545,3079
29545,3126
29545,1442
29545,-640
29545,1439
29545,3128
29545,2828
29545,3699
29545,4691
29545,3616
29545,2355
29545,5692
29545,4969
29545,1489
29545,5509
29545,9698
29545,7579
29545,4536
29545,3632
29545,7492
29545,3733
29545,5320
29545,5688
29545,2608
29545,3616
29545,5125
29545,5849
29545,5758
29545,5868
29545,6950
29545,5976
29545,5737
29545,5964
29545,4247
29546,6220
29546,7840
29546,5614
29546,7386
29546,9426
29546,7858
29546,7153
29546,10837
29546,10452
29546,6668
29546,6244
29546,5958
29546,4943
29546,5087
29546,5884
29546,4503
29546,3980
29546,6508
29546,8052
29546,6078
29546,6269
29546,5619
29546,7215
29546,5642
29546,3711
29546,4433
29546,3631
29546,7759
29546,8828
29546,9025
29546,10320
29546,5874
29546,7794
29546,9442
29546,9086
29546,5783
29546,4503
29546,4312
29546,6743
29546,4550
29552,6621
29552,8586
29552,7212
29552,8210
29552,8585
29552,8212
29552,5519
29552,5209
29552,5697
29552,6403
29552,6201
29552,5706
29552,6393
29552,7068
29552,7004
29552,6995
29552,7518
29552,8607
29552,8771
29552,8292
29552,10387
29552,8515
29552,7968
29552,10244
29552,6512
29552,5249
29553,7843
29553,6041
29553,7825
29553,9129
29553,9126
29553,9880
29553,4941
29553,7766
29553,5711
29553,7179
29553,10771
29553,9770
29553,10925
29553,10334
29553,7157
29553,8724
29553,10719
29553,5962
29553,11337
29553,13011
29553,11260
29553,11192
29553,11203
29553,9427
29553,11927
29553,10514
29553,10563
29553,10274
29553,10382
29553,11554
29553,9652
29553,11963
29553,9155
29553,7165
29553,10482
29553,9147
29553,9560
29553,11031
29553,10858
29553,11919
29553,11270
29553,6772
29553,11423
29553,10125
29553,10044
29553,11890
29553,11133
29553,9592
29553,9474
29553,10583
29553,11147
29553,7136
29553,8889
29553,11740
29553,10106
29553,7047
29553,7339
29553,8820
29553,6767
29553,5748
29553,8977
29553,8348
29554,6368
29554,7183
29554,6691
29554,9480
29554,9856
29554,10084
29554,10170
29554,9912
29554,6002
29554,4458
29554,6712
29554,6855
29554,4402
29554,4619
29554,7941
29554,9027
29554,7599
29554,5950
29554,4854
29554,5271
29554,4714
29554,830
29554,742
29554,2148
29554,1426
29554,6078
29554,4959
29554,-265
29554,2351
29554,6075
29554,2490
29554,2104
29554,5925
29554,4374
29554,1732
29554,2507
29554,2545
29554,695
29554,2241
29554,3620
29560,2728
29560,2857
29560,1054
29560,1692
29560,3855
29560,5299
29560,4495
29560,6640
29560,6625
29560,1539
29560,-3743
29560,2221
29560,2515
29560,1813
29560,3522
29560,1903
29560,-1935
29560,251
29560,1231
29560,1583
29560,-2081
29560,-231
29560,5333
29560,5957
29560,2744
29560,3421
29561,4819
29561,2502
29561,265
29561,1979
29561,566
29561,64
29561,1768
29561,1565
29561,2357
29561,2565
29561,188
29561,737
29561,-1162
29561,-196
29561,684
29561,-1820
29561,1927
29561,-1
29561,978
29561,1410
29561,-1987
29561,8
29561,907
29561,368
29561,-1091
29561,1033
29561,1839
29561,-9
29561,1545
29561,5144
29561,924
29561,-111
29561,535
29561,2355
29561,5517
29561,5541
29561,2937
29561,262
29561,967
29561,2764
29561,4183
29561,3480
29561,3579
29561,1722
29561,1770
29561,1886
29561,1573
29561,344
29561,1002
29561,2648
29561,1392
29561,-442
29561,3635
29561,6126
29561,6860
29561,4165
29561,4520
29561,5683
29561,4399
29561,6568
29561,4686
29561,3271
29562,6098
29562,6652
29562,7094
29562,6658
29562,5427
29562,6287
29562,4768
29562,3619
29562,5118
29562,786
29562,118
29562,135
29562,-1183
29562,109
29562,1146
29562,2940
29562,5096
29562,7294
29562,10207
29562,8281
29562,3931
29562,2930
29562,3600
29562,7716
29562,6076
29562,6235
29562,10867
29562,6915
29562,4125
29562,7189
29562,7820
29562,5673
29562,4844
29562,3146
29562,6472
29562,4266
29562,2449
29562,6523
29562,1445
29562,3314
29568,4309
29568,1968
29568,8212
29568,5850
29568,2562
29568,3793
29568,1870
29568,3432
29568,2530
29568,3142
29568,5476
29568,1809
29568,3502
29568,4998
29568,3708
29568,5660
29568,5342
29568,5499
29568,6518
29568,2694
29568,6550
29568,9470
29568,5128
29568,1655
29568,300
29568,-448
29569,-89
29569,-1010
29569,3052
29569,3131
29569,2136
29569,2744
29569,2211
29569,1709
29569,-186
29569,4127
29569,3952
29569,469
29569,3368
29569,2182
29569,3105
29569,5469
29569,3763
29569,4370
29569,6445
29569,7689
29569,4770
29569,156
29569,2588
29569,3828
29569,4477
29569,5757
29569,5489
29569,3018
29569,2308
29569,918
29569,3453
29569,2652
29569,1763
29569,6551
29569,6622
29569,4527
29569,83
29569,-314
29569,-619
29569,125
29569,-236
29569,4866
29569,4980
29569,4327
29569,6261
29569,1022
29569,2994
29569,5340
29569,5909
29569,9452
29569,3175
29569,2614
29569,5529
29569,2142
29569,3132
29569,2488
29569,2777
29569,1918
29569,-1418
29569,1342
29569,1413
29569,214
29570,2507
29570,-3414
29570,-2819
29570,-378
29570,-1155
29570,1228
29570,232
29570,3147
29570,3706
29570,2013
29570,3389
29570,2455
29570,1943
29570,856
29570,955
29570,2168
29570,497
29570,2524
29570,1917
29570,-961
29570,599
29570,-2838
29570,-907
29570,1597
29570,-2253
29570,-2104
29570,-2006
29570,-5512
29570,-559
29570,638
29570,1748
29570,3549
29570,3729
29570,3560
29570,860
29570,1957
29570,1711
29570,1492
29570,2177
29570,-1205
29576,2669
29576,2978
29576,2998
29576,3272
29576,-1156
29576,-3518
29576,-5251
29576,-1656
29576,-2455
29576,-2715
29576,579
29576,-3016
29576,-3292
29576,-4315
29576,-3997
29576,-3706
29576,-5283
29576,-615
29576,2303
29576,1872
29576,733
29576,-1845
29576,-1826
29576,1526
29576,-2662
29576,-6681
29577,-5273
29577,-5434
29577,-5126
29577,-9103
29577,-8501
29577,-3812
29577,-3682
29577,-3849
29577,-7313
29577,-5875
29577,-4958
29577,-8158
29577,-11480
29577,-8096
29577,-6149
29577,-3793
29577,1273
29577,-4237
29577,-2555
29577,-4896
29577,-4781
29577,-6088
29577,-7711
29577,-1490
29577,-8434
29577,-7084
29577,-8645
29577,-9924
29577,-11508
29577,-5957
29577,-6387
29577,-7592
29577,-5187
29577,-4756
29577,-2784
29577,-7452
29577,-8100
29577,-8470
29577,-12308
29577,-5014
29577,-9158
29577,-9511
29577,-10094
29577,-13042
29577,-8667
29577,-6859
29577,-8916
29577,-7754
29577,-12446
29577,-11711
29577,-8607
29577,-11991
29577,-7625
29577,-9407
29577,-8531
29577,-8685
29577,-12177
29577,-7055
29577,-9548
29577,-12048
29577,-13364
29577,-16274
29578,-11159
29578,-16843
29578,-18126
29578,-8922
29578,-9876
29578,-12422
29578,-12272
29578,-14402
29578,-14150
29578,-14463
29578,-14741
29578,-13317
29578,-13801
29578,-10570
29578,-13770
29578,-11265
29578,-10814
29578,-16745
29578,-13821
29578,-10426
29578,-12499
29578,-9239
29578,-12885
29578,-15864
29578,-11144
29578,-12428
29578,-15153
29578,-15738
29578,-18403
29578,-11045
29578,-10622
29578,-13508
29578,-14772
29578,-15494
29578,-16838
29578,-12969
29578,-10617
29578,-17962
29578,-19401
29578,-22198
29584,-23731
29584,-19274
29584,-12536
29584,-13435
29584,-12491
29584,-14512
29584,-19674
29584,-18952
29584,-15603
29584,-13653
29584,-14142
29584,-12796
29584,-15546
29584,-16027
29584,-17453
29584,-18569
29584,-18350
29584,-21051
29584,-18271
29584,-19305
29584,-16583
29584,-18483
29584,-16396
29584,-15729
29584,-18493
29584,-24272
29585,-21226
29585,-20153
29585,-21011
29585,-16192
29585,-16305
29585,-14625
29585,-17893
29585,-22886
29585,-20422
29585,-19471
29585,-15425
29585,-18888
29585,-21105
29585,-15748
29585,-20262
29585,-22973
29585,-20178
29585,-25593
29585,-20292
29585,-17150
29585,-18184
29585,-23207
29585,-25327
29585,-16588
29585,-20085
29585,-22996
29585,-20042
29585,-20251
29585,-21423
29585,-22213
29585,-25077
29585,-22880
29585,-19057
29585,-21250
29585,-17934
29585,-19774
29585,-17403
29585,-13886
29585,-19929
29585,-19386
29585,-19502
29585,-19560
29585,-16578
29585,-18061
29585,-13354
29585,-17786
29585,-22423
29585,-14437
29585,-15024
29585,-15571
29585,-13886
29585,-19468
29585,-21073
29585,-23467
29585,-18772
29585,-14594
29585,-20594
29585,-18960
29585,-21206
29585,-23094
29585,-17506
29585,-16582
29586,-16218
29586,-17385
29586,-16153
29586,-16112
29586,-17021
29586,-12333
29586,-10280
29586,-18313
29586,-17674
29586,-14375
29586,-18224
29586,-16658
29586,-14092
29586,-16345
29586,-16187
29586,-20469
29586,-21684
29586,-15205
29586,-20808
29586,-21591
29586,-20911
29586,-19138
29586,-15299
29586,-19256
29586,-18695
29586,-14890
29586,-14639
29586,-16926
29586,-19149
29586,-14812
29586,-12763
29586,-15528
29586,-16101
29586,-22041
29586,-20943
29586,-15307
29586,-16176
29586,-12622
29586,-12941
29586,-15240
29592,-13813
29592,-16158
29592,-16421
29592,-15851
29592,-14101
29592,-10835
29592,-16256
29592,-17298
29592,-15721
29592,-16541
29592,-12861
29592,-17490
29592,-21347
29592,-16741
29592,-13356
29592,-11851
29592,-12379
29592,-10363
29592,-11263
29592,-14452
29592,-15573
29592,-18757
29592,-17794
29592,-11557
29592,-12313
29592,-12869
29593,-8705
29593,-12087
29593,-13187
29593,-12645
29593,-17852
29593,-16218
29593,-18869
29593,-20708
29593,-16784
29593,-17828
29593,-16053
29593,-12340
29593,-13079
29593,-16263
29593,-14654
29593,-14130
29593,-12309
29593,-15873
29593,-16702
29593,-12372
29593,-14228
29593,-13339
29593,-15182
29593,-15163
29593,-11526
29593,-11833
29593,-12542
29593,-12648
29593,-13336
29593,-11434
29593,-13129
29593,-9667
29593,-9525
29593,-17099
29593,-14524
29593,-14043
29593,-15440
29593,-13231
29593,-15504
29593,-14602
29593,-12184
29593,-12606
29593,-11210
29593,-13248
29593,-10871
29593,-7590
29593,-10932
29593,-6444
29593,-11755
29593,-15520
29593,-13288
29593,-14697
29593,-10339
29593,-11157
29593,-11307
29593,-8128
29593,-13705
29593,-13403
29593,-9634
29593,-15014
29593,-11475
29593,-11483
29594,-13478
29594,-10962
29594,-13333
29594,-11432
29594,-9182
29594,-10749
29594,-12198
29594,-16277
29594,-9244
29594,-10268
29594,-13712
29594,-8574
29594,-8079
29594,-7380
29594,-11883
29594,-13646
29594,-13434
29594,-13372
29594,-10457
29594,-9820
29594,-9833
29594,-9934
29594,-10391
29594,-8207
29594,-9591
29594,-10334
29594,-9587
29594,-8023
29594,-7289
29594,-10777
29594,-9625
29594,-8986
29594,-8793
29594,-6471
29594,-6856
29594,-9090
29594,-12011
29594,-8625
29594,-4913
29594,-3305
29600,-1194
29600,-976
29600,-5306
29600,-3493
29600,-6128
29600,-3373
29600,-1857
29600,-2417
29600,-2652
29600,-2095
29600,-2488
29600,2940
29600,2132
29600,-1963
29600,-2645
29600,-5992
29600,-2847
29600,-1302
29600,225
29600,1653
29600,-1143
29600,-2706
29600,-3224
29600,-1910
29600,-3053
29600,-2077
29601,3679
29601,-584
29601,-2395
29601,-406
29601,2100
29601,-1645
29601,-5663
29601,-5495
29601,-2559
29601,-3449
29601,-377
29601,2206
29601,235
29601,-1525
29601,493
29601,-1673
29601,-3765
29601,-5342
29601,-2468
29601,8
29601,-5887
29601,-4852
29601,-4544
29601,-7502
29601,-7392
29601,-6174
29601,-3948
29601,-2337
29601,-3157
29601,-2055
29601,-4789
29601,-3513
29601,-1851
29601,-3675
29601,-3804
29601,-4837
29601,369
29601,309
29601,-2324
29601,-3542
29601,-1851
29601,-3617
29601,-2152
29601,-3594
29601,-6665
29601,-3945
29601,-2825
29601,-3295
29601,-5691
29601,-7072
29601,-4195
29601,-3756
29601,-4370
29601,-4624
29601,-2869
29601,-4790
29601,-4185
29601,-4202
29601,-2678
29601,-3842
29601,-1203
29601,-1713
29602,-4905
29602,-4998
29602,-1551
29602,-851
29602,3768
29602,3646
29602,3716
29602,4196
29602,-1434
29602,-2984
29602,-909
29602,-2268
29602,2516
29602,-969
29602,-4098
29602,-1183
29602,-1722
29602,390
29602,1462
29602,-3862
29602,-1293
29602,-3435
29602,-709
29602,-236
29602,785
29602,2222
29602,-955
29602,-60
29602,-2087
29602,-544
29602,1745
29602,4256
29602,4206
29602,5370
29602,-50
29602,-2042
29602,-1579
29602,286
29602,2387
29602,84
29608,-374
29608,3569
29608,-1229
29608,547
29608,305
29608,18
29608,2564
29608,-1686
29608,-3896
29608,844
29608,3768
29608,6480
29608,4870
29608,5535
29608,8788
29608,5370
29608,3821
29608,2949
29608,1508
29608,5303
29608,4078
29608,3223
29608,3011
29608,4416
29608,8755
29608,8816
29609,4538
29609,1633
29609,450
29609,2129
29609,4595
29609,6020
29609,4400
29609,5442
29609,6791
29609,5445
29609,6745
29609,8105
29609,8219
29609,7806
29609,6787
29609,7572
29609,4539
29609,4124
29609,7372
29609,8773
29609,6376
29609,4044
29609,3109
29609,8391
29609,6238
29609,4844
29609,4369
29609,5409
29609,5322
29609,4170
29609,6211
29609,6818
29609,8348
29609,9823
29609,6777
29609,5490
29609,4678
29609,3736
29609,4748
29609,5958
29609,7352
29609,8018
29609,4520
29609,8229
29609,4693
29609,1402
29609,5548
29609,3277
29609,2899
29609,2277
29609,1468
29609,2256
29609,-1264
29609,-750
29609,3950
29609,1577
29609,3229
29609,3558
29609,3250
29609,5090
29609,4065
29609,2641
29610,2926
29610,468
29610,3798
29610,1660
29610,4565
29610,3940
29610,1180
29610,4581
29610,1454
29610,-151
29610,5851
29610,1046
29610,2244
29610,2348
29610,275
29610,7290
29610,6978
29610,8596
29610,5525
29610,3090
29610,5383
29610,5424
29610,7858
29610,6969
29610,5634
29610,6176
29610,4858
29610,4623
29610,6799
29610,5372
29610,11048
29610,9440
29610,8020
29610,5430
29610,226
29610,5489
29610,3411
29610,5040
29610,4988
29610,2618
29616,8455
29616,8432
29616,6865
29616,9532
29616,4527
29616,3176
29616,3615
29616,3992
29616,5667
29616,7788
29616,8704
29616,4386
29616,3247
29616,1300
29616,2676
29616,4124
29616,7792
29616,5772
29616,6427
29616,6049
29616,3995
29616,8514
29616,6608
29616,6352
29616,7336
29616,4586
29617,6429
29617,6634
29617,6820
29617,4245
29617,4673
29617,4891
29617,2413
29617,3228
29617,5915
29617,3882
29617,6356
29617,5568
29617,2276
29617,4819
29617,3530
29617,2029
29617,4578
29617,5386
29617,4501
29617,3105
29617,4491
29617,6759
29617,4146
29617,2775
29617,1738
29617,4105
29617,5461
29617,3404
29617,4082
29617,3823
29617,6303
29617,5694
29617,2413
29617,5918
29617,3365
29617,3662
29617,4303
29617,3781
29617,4431
29617,2748
29617,4320
29617,7369
29617,4855
29617,2656
29617,5305
29617,7612
29617,6776
29617,4068
29617,6972
29617,5367
29617,2759
29617,6781
29617,4061
29617,2159
29617,3444
29617,2522
29617,3426
29617,709
29617,182
29617,1300
29617,806
29617,5100
29618,2781
29618,4865
29618,5139
29618,3499
29618,8435
29618,5991
29618,6088
29618,1828
29618,-53
29618,2872
29618,2499
29618,4189
29618,3816
29618,-1231
29618,-1300
29618,2716
29618,4212
29618,2605
29618,1678
29618,683
29618,472
29618,993
29618,3176
29618,901
29618,-1038
29618,-850
29618,2333
29618,5926
29618,4854
29618,2164
29618,4322
29618,2437
29618,-461
29618,-782
29618,-2482
29618,-212
29618,936
29618,2097
29618,3192
29618,4842
29624,3109
29624,2199
29624,1881
29624,282
29624,2886
29624,2079
29624,1728
29624,4597
29624,1992
29624,2657
29624,5510
29624,1152
29624,3665
29624,2939
29624,3671
29624,6950
29624,3197
29624,2414
29624,1380
29624,2177
29624,5813
29624,2175
29624,2816
29624,3371
29624,3925
29624,7628
29625,2027
29625,1181
29625,3247
29625,457
29625,4491
29625,2380
29625,3529
29625,4365
29625,3799
29625,4655
29625,4671
29625,2741
29625,3271
29625,5282
29625,7353
29625,4701
29625,2258
29625,3625
29625,4663
29625,4467
29625,6116
29625,4600
29625,4537
29625,4036
29625,825
29625,4844
29625,3108
29625,3260
29625,3739
29625,2207
29625,3949
29625,4652
29625,4841
29625,2646
29625,2129
29625,4762
29625,4500
29625,1378
29625,578
29625,4670
29625,5269
29625,2216
29625,597
29625,2865
29625,3275
29625,-519
29625,2261
29625,1363
29625,1741
29625,1014
29625,3966
29625,6199
29625,2681
29625,1645
29625,1329
29625,-881
29625,2146
29625,3053
29625,5373
29625,5099
29625,3797
29625,401
29626,2806
29626,2292
29626,486
29626,2282
29626,3820
29626,1964
29626,3116
29626,3734
29626,2589
29626,-1077
29626,475
29626,2200
29626,-701
29626,3517
29626,2923
29626,1044
29626,2062
29626,26
29626,-3047
29626,-1471
29626,-773
29626,-230
29626,1687
29626,130
29626,803
29626,-1603
29626,-2801
29626,130
29626,-1634
29626,-1157
29626,-1391
29626,-541
29626,-2983
29626,-2289
29626,-4594
29626,-4220
29626,964
29626,-973
29626,-1212
29626,-1406
29632,-1020
29632,-4591
29632,-4002
29632,-1420
29632,-356
29632,-1352
29632,-3680
29632,-3085
29632,-3758
29632,-6121
29632,-7116
29632,-6204
29632,-4376
29632,-3082
29632,-3643
29632,-5730
29632,-6359
29632,-5212
29632,-5775
29632,-6841
29632,-6549
29632,-5552
29632,-6426
29632,-6235
29632,-2539
29632,-3785
29633,-3745
29633,-6186
29633,-7745
29633,-4485
29633,-2921
29633,-3342
29633,-2768
29633,-5293
29633,-7911
29633,-5099
29633,-4138
29633,-6176
29633,-7637
29633,-8554
29633,-7405
29633,-5415
29633,-4809
29633,-4507
29633,-6748
29633,-7465
29633,-4172
29633,-4914
29633,-4640
29633,-4326
29633,-4481
29633,-6057
29633,-5443
29633,-7823
29633,-6997
29633,-6698
29633,-6109
29633,-8914
29633,-6376
29633,-3360
29633,-5451
29633,-5363
29633,-3991
29633,-4006
29633,-5142
29633,-7308
29633,-6788
29633,-6727
29633,-7278
29633,-7391
29633,-11488
29633,-9243
29633,-6178
29633,-5835
29633,-8591
29633,-6947
29633,-6218
29633,-9211
29633,-8627
29633,-8109
29633,-4474
29633,-5696
29633,-6956
29633,-5796
29633,-8722
29633,-8235
29633,-6812
29633,-8449
29634,-7913
29634,-9499
29634,-8374
29634,-6441
29634,-8656
29634,-8268
29634,-5785
29634,-6757
29634,-7653
29634,-9100
29634,-8387
29634,-8640
29634,-10623
29634,-11401
29634,-7318
29634,-5995
29634,-8918
29634,-6612
29634,-7735
29634,-8703
29634,-8853
29634,-9264
29634,-13049
29634,-12130
29634,-10466
29634,-9569
29634,-12374
29634,-11682
29634,-7267
29634,-9630
29634,-9681
29634,-10380
29634,-14980
29634,-16207
29634,-14997
29634,-14887
29634,-14106
29634,-12268
29634,-10051
29634,-10015
29640,-14685
29640,-13499
29640,-11636
29640,-13874
29640,-14413
29640,-16409
29640,-13392
29640,-11411
29640,-12213
29640,-12095
29640,-14003
29640,-15359
29640,-16078
29640,-12444
29640,-11631
29640,-12345
29640,-14493
29640,-12834
29640,-13385
29640,-13367
29640,-11859
29640,-14407
29640,-15632
29640,-14187
29640,-14413
29640,-17759
29641,-16557
29641,-15425
29641,-17538
29641,-11805
29641,-14522
29641,-14136
29641,-11646
29641,-14835
29641,-18565
29641,-17653
29641,-18059
29641,-19283
29641,-16858
29641,-18930
29641,-17633
29641,-18313
29641,-20327
29641,-17962
29641,-16398
29641,-15665
29641,-16057
29641,-13915
29641,-15029
29641,-15059
29641,-14182
29641,-16641
29641,-16964
29641,-17770
29641,-19659
29641,-18197
29641,-16613
29641,-16000
29641,-15659
29641,-16111
29641,-19840
29641,-20070
29641,-19787
29641,-20667
29641,-21855
29641,-18909
29641,-15528
29641,-16050
29641,-17768
29641,-16484
29641,-15417
29641,-14158
29641,-15970
29641,-17818
29641,-16155
29641,-17524
29641,-14889
29641,-14827
29641,-13116
29641,-15890
29641,-15983
29641,-15037
29641,-16146
29641,-15876
29641,-15312
29641,-15666
29641,-13018
29641,-16847
29642,-17837
29642,-18482
29642,-16582
29642,-13678
29642,-13781
29642,-15470
29642,-16688
29642,-15486
29642,-17414
29642,-17482
29642,-15634
29642,-15054
29642,-16559
29642,-15644
29642,-13993
29642,-14971
29642,-18937
29642,-16626
29642,-17069
29642,-19017
29642,-17588
29642,-16065
29642,-20109
29642,-17925
29642,-17395
29642,-16953
29642,-19043
29642,-19278
29642,-15978
29642,-16621
29642,-17672
29642,-20724
29642,-18793
29642,-18309
29642,-17071
29642,-14576
29642,-19138
29642,-22451
29642,-20699
29642,-19195
29648,-18186
29648,-20354
29648,-18393
29648,-20306
29648,-19550
29648,-19202
29648,-19388
29648,-19930
29648,-18968
29648,-18422
29648,-15261
29648,-19623
29648,-16362
29648,-14863
29648,-15228
29648,-17792
29648,-17410
29648,-16392
29648,-15696
29648,-14788
29648,-16199
29648,-16000
29648,-17994
29648,-15990
29648,-19089
29648,-17093
29649,-16806
29649,-14832
29649,-14508
29649,-18509
29649,-17412
29649,-15232
29649,-13828
29649,-13495
29649,-14425
29649,-16400
29649,-14650
29649,-16909
29649,-14878
29649,-13103
29649,-12617
29649,-11754
29649,-14137
29649,-18520
29649,-18986
29649,-16007
29649,-16962
29649,-19276
29649,-20364
29649,-21970
29649,-18262
29649,-16206
29649,-17111
29649,-23857
29649,-20793
29649,-19296
29649,-19995
29649,-20822
29649,-20572
29649,-16986
29649,-14710
29649,-16907
29649,-17173
29649,-18724
29649,-18848
29649,-16889
29649,-22511
29649,-21489
29649,-21382
29649,-20192
29649,-22180
29649,-21179
29649,-18982
29649,-20919
29649,-17747
29649,-20541
29649,-20487
29649,-20827
29649,-21986
29649,-20753
29649,-20245
29649,-20140
29649,-21605
29649,-22517
29649,-21937
29649,-18429
29649,-20890
29649,-19942
29650,-19793
29650,-21588
29650,-19920
29650,-20542
29650,-21723
29650,-21083
29650,-22744
29650,-22105
29650,-24100
29650,-20117
29650,-19281
29650,-20517
29650,-21432
29650,-20875
29650,-20713
29650,-21566
29650,-21909
29650,-20863
29650,-24378
29650,-26640
29650,-22398
29650,-23149
29650,-24054
29650,-21019
29650,-21455
29650,-22146
29650,-23483
29650,-24326
29650,-23133
29650,-23315
29650,-21780
29650,-23383
29650,-22127
29650,-19211
29650,-23138
29650,-22015
29650,-24854
29650,-25089
29650,-24218
29650,-23881
29656,-24074
29656,-24797
29656,-26460
29656,-24821
29656,-19955
29656,-23846
29656,-20930
29656,-22760
29656,-22353
29656,-21515
29656,-21435
29656,-24570
29656,-27838
29656,-26331
29656,-27288
29656,-28955
29656,-24505
29656,-23529
29656,-27580
29656,-23426
29656,-22189
29656,-23042
29656,-27413
29656,-28351
29656,-23798
29656,-25354
29657,-22159
29657,-22272
29657,-19459
29657,-20576
29657,-20271
29657,-22363
29657,-24471
29657,-24550
29657,-23228
29657,-22028
29657,-21977
29657,-18621
29657,-19133
29657,-19268
29657,-22346
29657,-24310
29657,-22912
29657,-28642
29657,-29397
29657,-26223
29657,-27059
29657,-23143
29657,-22533
29657,-23912
29657,-24446
29657,-23568
29657,-23404
29657,-25574
29657,-24158
29657,-23382
29657,-24142
29657,-21357
29657,-21561
29657,-21809
29657,-22369
29657,-24247
29657,-22721
29657,-24453
29657,-20785
29657,-20460
29657,-23155
29657,-24887
29657,-27627
29657,-26244
29657,-24083
29657,-21972
29657,-27929
29657,-27115
29657,-22585
29657,-23374
29657,-23841
29657,-19159
29657,-22686
29657,-23859
29657,-21722
29657,-21797
29657,-21000
29657,-24220
29657,-23631
29657,-24450
29657,-24922
29657,-20031
29658,-19736
29658,-23287
29658,-21534
29658,-25684
29658,-23456
29658,-24020
29658,-22215
29658,-21397
29658,-26733
29658,-26416
29658,-28977
29658,-26901
29658,-25231
29658,-22740
29658,-23626
29658,-24464
29658,-27013
29658,-24816
29658,-22442
29658,-23206
29658,-23108
29658,-26276
29658,-23761
29658,-26087
29658,-27457
29658,-26552
29658,-26476
29658,-25182
29658,-27087
29658,-25026
29658,-24785
29658,-22110
29658,-23844
29658,-23752
29658,-25869
29658,-26621
29658,-22538
29658,-23944
29658,-25738
29658,-23049
29664,-21730
29664,-20385
29664,-22727
29664,-22345
29664,-22826
29664,-25636
29664,-21744
29664,-22389
29664,-22863
29664,-18676
29664,-24365
29664,-23311
29664,-21960
29664,-22743
29664,-21333
29664,-22535
29664,-22365
29664,-21101
29664,-19926
29664,-19042
29664,-19379
29664,-19456
29664,-18657
29664,-18946
29664,-19468
29664,-21295
29665,-22951
29665,-20159
29665,-21793
29665,-21341
29665,-22076
29665,-19831
29665,-17210
29665,-19163
29665,-21951
29665,-16389
29665,-19041
29665,-19806
29665,-18126
29665,-20522
29665,-16502
29665,-15967
29665,-18179
29665,-18043
29665,-18733
29665,-14275
29665,-15551
29665,-15012
29665,-14462
29665,-17476
29665,-16999
29665,-13502
29665,-11815
29665,-12359
29665,-13074
29665,-17311
29665,-15600
29665,-15540
29665,-17714
29665,-16180
29665,-14347
29665,-14753
29665,-10756
29665,-13079
29665,-16088
29665,-15642
29665,-15190
29665,-15219
29665,-15825
29665,-16033
29665,-16204
29665,-13158
29665,-12128
29665,-14607
29665,-11257
29665,-7900
29665,-9592
29665,-14677
29665,-14909
29665,-14622
29665,-14669
29665,-13087
29665,-14137
29665,-15273
29665,-15304
29665,-12683
29665,-15197
29665,-15635
29666,-12217
29666,-9453
29666,-8927
29666,-10173
29666,-12026
29666,-10663
29666,-13396
29666,-14213
29666,-12869
29666,-13697
29666,-12043
29666,-11175
29666,-8669
29666,-12095
29666,-12833
29666,-11946
29666,-12143
29666,-11955
29666,-10429
29666,-8697
29666,-10767
29666,-11454
29666,-12906
29666,-10672
29666,-9801
29666,-7988
29666,-7772
29666,-9958
29666,-9551
29666,-6792
29666,-8003
29666,-8745
29666,-9350
29666,-10723
29666,-9527
29666,-10128
29666,-12340
29666,-10125
29666,-9525
29666,-9675
29672,-9290
29672,-9584
29672,-8837
29672,-10137
29672,-5728
29672,-6579
29672,-9107
29672,-7758
29672,-10821
29672,-13120
29672,-10679
29672,-10852
29672,-8747
29672,-9584
29672,-6873
29672,-1228
29672,-3638
29672,-4871
29672,-6463
29672,-7717
29672,-8940
29672,-10403
29672,-9573
29672,-6613
29672,-3545
29672,-2815
29673,-6565
29673,-3788
29673,-5180
29673,-8045
29673,-8282
29673,-9344
29673,-8519
29673,-6881
29673,-4494
29673,-5881
29673,-5522
29673,-5874
29673,-5154
29673,-5325
29673,-5024
29673,-5956
29673,-4587
29673,-3911
29673,-7609
29673,-6069
29673,-4145
29673,-4432
29673,-7168
29673,-3197
29673,-6160
29673,-6645
29673,-2324
29673,-2198
29673,793
29673,-1124
29673,-95
29673,-763
29673,-3378
29673,-2783
29673,-2295
29673,-1926
29673,-1483
29673,-2063
29673,513
29673,-349
29673,-4005
29673,-2107
29673,-1650
29673,189
29673,-2556
29673,-6101
29673,-2154
29673,-2961
29673,-1346
29673,-1729
29673,-3511
29673,-157
29673,449
29673,-812
29673,-2291
29673,-1467
29673,-1840
29673,554
29673,-949
29673,-1225
29673,-179
29673,272
29674,-1190
29674,976
29674,2475
29674,1296
29674,475
29674,299
29674,-146
29674,6308
29674,4866
29674,3190
29674,2859
29674,3429
29674,3089
29674,3741
29674,558
29674,3061
29674,5144
29674,6888
29674,5697
29674,3417
29674,5652
29674,3037
29674,4726
29674,4133
29674,4439
29674,5203
29674,6846
29674,5340
29674,2713
29674,3247
29674,3625
29674,-128
29674,-558
29674,4451
29674,5044
29674,6267
29674,4799
29674,2481
29674,3159
29674,375
29680,170
29680,2359
29680,4005
29680,3682
29680,3523
29680,8464
29680,6223
29680,5961
29680,5547
29680,924
29680,368
29680,917
29680,2550
29680,3033
29680,3885
29680,4763
29680,3322
29680,-21
29680,-797
29680,925
29680,1455
29680,-613
29680,124
29680,779
29680,-424
29680,1916
29681,5467
29681,3496
29681,6713
29681,4519
29681,4877
29681,3948
29681,4167
29681,5088
29681,3161
29681,4235
29681,1766
29681,2405
29681,880
29681,1505
29681,1607
29681,2805
29681,1738
29681,4759
29681,4499
29681,2507
29681,5079
29681,4149
29681,3347
29681,1340
29681,977
29681,2511
29681,2793
29681,4545
29681,7280
29681,4949
29681,5289
29681,6696
29681,4128
29681,2442
29681,4661
29681,3778
29681,1517
29681,-857
29681,1436
29681,4211
29681,2854
29681,4725
29681,5745
29681,4768
29681,6577
29681,5954
29681,5569
29681,4561
29681,2406
29681,3850
29681,2797
29681,2586
29681,3318
29681,4524
29681,4827
29681,4036
29681,5353
29681,5590
29681,5981
29681,5080
29681,6691
29681,6314
29682,3391
29682,531
29682,2717
29682,4413
29682,5955
29682,6758
29682,5774
29682,5657
29682,6103
29682,5400
29682,3741
29682,4719
29682,2445
29682,3842
29682,7200
29682,6679
29682,5336
29682,5252
29682,3906
29682,3701
29682,3999
29682,4838
29682,6492
29682,3741
29682,2959
29682,6299
29682,2727
29682,3678
29682,3421
29682,5339
29682,6576
29682,7708
29682,6642
29682,5896
29682,4706
29682,6015
29682,7753
29682,8503
29682,6268
29682,4873
29688,4417
29688,3974
29688,6252
29688,6631
29688,9416
29688,7944
29688,4653
29688,5941
29688,4961
29688,5085
29688,2333
29688,1156
29688,-1266
29688,1825
29688,3191
29688,2161
29688,2934
29688,3028
29688,3576
29688,2252
29688,4224
29688,6022
29688,3895
29688,2988
29688,2863
29688,3035
29689,1999
29689,3521
29689,4339
29689,4542
29689,4195
29689,4494
29689,4584
29689,3875
29689,2614
29689,2799
29689,2955
29689,4899
29689,3518
29689,3146
29689,2387
29689,2265
29689,89
29689,541
29689,2072
29689,2633
29689,4069
29689,5991
29689,5746
29689,3272
29689,4862
29689,3232
29689,1043
29689,294
29689,635
29689,-611
29689,1707
29689,3149
29689,1657
29689,2334
29689,228
29689,-1920
29689,-1417
29689,-1837
29689,-400
29689,-4093
29689,-4440
29689,-3632
29689,-1638
29689,-3807
29689,-4302
29689,-2600
29689,-3591
29689,-3730
29689,-2770
29689,-4111
29689,-4811
29689,-3698
29689,-3451
29689,-3484
29689,-2037
29689,-4620
29689,-5824
29689,-4211
29689,-4302
29689,-5315
29689,-2995
29689,-2454
29690,-3756
29690,-4061
29690,-6530
29690,-4634
29690,-8037
29690,-7861
29690,-7878
29690,-6960
29690,-4990
29690,-4874
29690,-5443
29690,-8127
29690,-6956
29690,-5578
29690,-5771
29690,-7509
29690,-10817
29690,-8031
29690,-6980
29690,-5877
29690,-4258
29690,-2393
29690,-3589
29690,-4587
29690,-4628
29690,-3304
29690,-3896
29690,-4461
29690,-4678
29690,-8081
29690,-9027
29690,-10829
29690,-8960
29690,-7797
29690,-9342
29690,-10761
29690,-11441
29690,-11312
29690,-9991
29690,-11478
29696,-11545
29696,-11956
29696,-11139
29696,-8885
29696,-6951
29696,-5953
29696,-8279
29696,-7357
29696,-8701
29696,-8266
29696,-7908
29696,-7763
29696,-7710
29696,-8109
29696,-9075
29696,-10931
29696,-11101
29696,-11883
29696,-13592
29696,-12899
29696,-10312
29696,-9464
29696,-9439
29696,-9611
29696,-11582
29696,-11322
29697,-11020
29697,-9589
29697,-10181
29697,-11414
29697,-13845
29697,-12552
29697,-10683
29697,-8794
29697,-8857
29697,-7551
29697,-6114
29697,-4615
29697,-7341
29697,-9715
29697,-12471
29697,-14284
29697,-14647
29697,-14647
29697,-16117
29697,-15742
29697,-16047
29697,-14388
29697,-11264
29697,-13276
29697,-13030
29697,-10809
29697,-8623
29697,-9777
29697,-11177
29697,-13878
29697,-13780
29697,-14119
29697,-12587
29697,-10291
29697,-13194
29697,-12487
29697,-10607
29697,-7741
29697,-12337
29697,-14237
29697,-14729
29697,-16278
29697,-16591
29697,-17545
29697,-15567
29697,-14842
29697,-14452
29697,-14104
29697,-16420
29697,-16774
29697,-18591
29697,-17724
29697,-19629
29697,-20145
29697,-17952
29697,-17402
29697,-17869
29697,-19905
29697,-22264
29697,-19905
29697,-18680
29697,-18579
29698,-18975
29698,-18303
29698,-19672
29698,-18035
29698,-17817
29698,-18044
29698,-20669
29698,-23689
29698,-23994
29698,-23428
29698,-21814
29698,-19861
29698,-21591
29698,-19936
29698,-20105
29698,-21287
29698,-21157
29698,-21801
29698,-19468
29698,-19345
29698,-19265
29698,-22252
29698,-23909
29698,-25805
29698,-23239
29698,-23227
29698,-23392
29698,-22317
29698,-23907
29698,-24643
29698,-26788
29698,-25988
29698,-22317
29698,-22798
29698,-21008
29698,-18248
29698,-18909
29698,-17740
29698,-21423
29698,-21188
29704,-20610
29704,-21885
29704,-18064
29704,-19874
29704,-21970
29704,-23581
29704,-24449
29704,-24162
29704,-24939
29704,-25406
29704,-25616
29704,-24398
29704,-22226
29704,-18311
29704,-17968
29704,-15357
29704,-12372
29704,-13348
29704,-16187
29704,-19870
29704,-19533
29704,-19253
29704,-21660
29704,-21237
29704,-20299
29704,-20511
29705,-17880
29705,-21532
29705,-22040
29705,-20462
29705,-17706
29705,-17098
29705,-17983
29705,-20080
29705,-22588
29705,-23644
29705,-22729
29705,-21502
29705,-20301
29705,-18800
29705,-20428
29705,-19069
29705,-19557
29705,-17365
29705,-16798
29705,-19140
29705,-18083
29705,-21875
29705,-22933
29705,-21534
29705,-20992
29705,-20302
29705,-20213
29705,-22393
29705,-20197
29705,-19481
29705,-24340
29705,-22430
29705,-24112
29705,-25356
29705,-23224
29705,-24427
29705,-20864
29705,-18495
29705,-19262
29705,-18895
29705,-16632
29705,-17046
29705,-15554
29705,-19848
29705,-18331
29705,-17735
29705,-17675
29705,-18909
29705,-21616
29705,-23753
29705,-23935
29705,-23822
29705,-22606
29705,-22777
29705,-20390
29705,-20344
29705,-20979
29705,-24143
29705,-20492
29705,-17722
29705,-17549
29705,-13528
29706,-10217
29706,-9902
29706,-9245
29706,-14556
29706,-15509
29706,-16321
29706,-15528
29706,-16230
29706,-20015
29706,-20931
29706,-22265
29706,-21551
29706,-21120
29706,-23170
29706,-27009
29706,-28802
29706,-23557
29706,-19228
29706,-15934
29706,-12413
29706,-11327
29706,-9725
29706,-11768
29706,-14764
29706,-16237
29706,-20418
29706,-21105
29706,-23150
29706,-21867
29706,-16785
29706,-15171
29706,-14217
29706,-15895
29706,-20289
29706,-19757
29706,-22077
29706,-20636
29706,-19445
29706,-20149
29706,-18957
29712,-19854
29712,-16538
29712,-13795
29712,-14632
29712,-14915
29712,-17466
29712,-20510
29712,-21327
29712,-23503
29712,-26493
29712,-24118
29712,-19630
29712,-19238
29712,-15796
29712,-13918
29712,-11499
29712,-9057
29712,-12029
29712,-16263
29712,-19652
29712,-22179
29712,-21349
29712,-21069
29712,-20305
29712,-20272
29712,-19404
29713,-18154
29713,-17371
29713,-16702
29713,-17649
29713,-18814
29713,-17540
29713,-20020
29713,-20231
29713,-17544
29713,-17524
29713,-20017
29713,-19918
29713,-15935
29713,-17121
29713,-18108
29713,-19664
29713,-23561
29713,-26801
29713,-26163
29713,-24591
29713,-25943
29713,-25949
29713,-21586
29713,-18965
29713,-14936
29713,-17457
29713,-18234
29713,-18400
29713,-21039
29713,-21332
29713,-21367
29713,-21290
29713,-19135
29713,-20828
29713,-25343
29713,-23361
29713,-22882
29713,-23507
29713,-24490
29713,-26548
29713,-25466
29713,-24904
29713,-24931
29713,-25270
29713,-22761
29713,-22935
29713,-23649
29713,-19449
29713,-19520
29713,-19631
29713,-19169
29713,-18881
29713,-19110
29713,-20980
29713,-21692
29713,-22549
29713,-22100
29713,-20000
29713,-16526
29713,-17127
29713,-22809
29713,-26074
29714,-27583
29714,-27613
29714,-21892
29714,-24332
29714,-23841
29714,-23064
29714,-21299
29714,-21289
29714,-24331
29714,-24340
29714,-24464
29714,-24111
29714,-22719
29714,-23328
29714,-25121
29714,-25098
29714,-19747
29714,-18456
29714,-15047
29714,-15509
29714,-17270
29714,-21259
29714,-21889
29714,-23003
29714,-24852
29714,-22669
29714,-27297
29714,-26463
29714,-24386
29714,-25108
29714,-22715
29714,-20996
29714,-21242
29714,-20723
29714,-19781
29714,-21737
29714,-20746
29714,-21179
29714,-18611
29714,-20372
29720,-20683
29720,-23205
29720,-21820
29720,-20589
29720,-24814
29720,-21746
29720,-20672
29720,-21574
29720,-18973
29720,-18490
29720,-21239
29720,-21274
29720,-20995
29720,-22209
29720,-23502
29720,-24324
29720,-23104
29720,-21900
29720,-20191
29720,-20015
29720,-18569
29720,-15889
29720,-18235
29720,-18731
29720,-17634
29720,-23783
29721,-26463
29721,-27145
29721,-23394
29721,-19900
29721,-18584
29721,-15585
29721,-15734
29721,-17525
29721,-19734
29721,-18947
29721,-17014
29721,-17914
29721,-19702
29721,-20851
29721,-17977
29721,-14303
29721,-16060
29721,-15185
29721,-13719
29721,-13578
29721,-14915
29721,-17670
29721,-19275
29721,-20558
29721,-20574
29721,-22460
29721,-24850
29721,-21368
29721,-19434
29721,-14671
29721,-15169
29721,-13543
29721,-13441
29721,-13295
29721,-13575
29721,-18428
29721,-19289
29721,-16851
29721,-17709
29721,-16100
29721,-16278
29721,-15381
29721,-14092
29721,-12210
29721,-9411
29721,-10639
29721,-14253
29721,-15196
29721,-14114
29721,-19660
29721,-18531
29721,-16349
29721,-18313
29721,-16341
29721,-16945
29721,-17073
29721,-15543
29721,-17186
29721,-18882
29721,-18460
29721,-17545
29721,-14576
29722,-14495
29722,-13321
29722,-14742
29722,-13468
29722,-12946
29722,-9554
29722,-8998
29722,-10035
29722,-11897
29722,-14740
29722,-16093
29722,-12383
29722,-9676
29722,-10980
29722,-11831
29722,-15958
29722,-16172
29722,-17130
29722,-13674
29722,-14728
29722,-13442
29722,-10273
29722,-10084
29722,-7723
29722,-9065
29722,-7259
29722,-6208
29722,-7376
29722,-10752
29722,-8840
29722,-9248
29722,-10657
29722,-9339
29722,-9089
29722,-7181
29722,-8659
29722,-6418
29722,-7651
29722,-11764
29722,-12811
29728,-8137
29728,-10877
29728,-11884
29728,-9740
29728,-7460
29728,-8894
29728,-10689
29728,-9277
29728,-8767
29728,-7187
29728,-6255
29728,-8200
29728,-9741
29728,-8550
29728,-12153
29728,-9252
29728,-12072
29728,-9956
29728,-8407
29728,-8377
29728,-3700
29728,-5450
29728,-6918
29728,-7402
29728,-4215
29728,-7933
29729,-10548
29729,-9950
29729,-12688
29729,-8354
29729,-6502
29729,-5254
29729,-3516
29729,-3274
29729,-4050
29729,-3763
29729,-6896
29729,-7272
29729,-5771
29729,-5419
29729,-6349
29729,-5644
29729,-5452
29729,-4688
29729,-3158
29729,-1867
29729,-628
29729,-369
29729,-3573
29729,-3971
29729,-1869
29729,-2523
29729,-3660
29729,-2718
29729,-275
29729,1158
29729,670
29729,-3135
29729,-3619
29729,-5269
29729,-6640
29729,-2489
29729,-6363
29729,-6079
29729,-7687
29729,-5106
29729,-1871
29729,-1867
29729,383
29729,-3512
29729,-2279
29729,-3548
29729,-3547
29729,-2576
29729,-3839
29729,-1751
29729,-3106
29729,-3075
29729,-2726
29729,-4684
29729,-5909
29729,-4725
29729,-6712
29729,-9480
29729,-10282
29729,-6381
29729,-5265
29729,-5572
29730,-2979
29730,-1680
29730,-4755
29730,-10203
29730,-10418
29730,-9146
29730,-9534
29730,-6348
29730,87
29730,-1052
29730,-6059
29730,-5153
29730,-5575
29730,-5472
29730,-2536
29730,-1976
29730,-3922
29730,-5743
29730,-6777
29730,-6266
29730,-7578
29730,-6610
29730,-1985
29730,-2451
29730,-4347
29730,-5441
29730,-6064
29730,-6382
29730,-7210
29730,-9596
29730,-7735
29730,-3494
29730,-3960
29730,-7834
29730,-8134
29730,-4356
29730,-3528
29730,-4071
29730,-2768
29730,-3404
29736,-4057
29736,-5072
29736,-5805
29736,-5250
29736,-3868
29736,-6927
29736,-9138
29736,-7880
29736,-5184
29736,-2161
29736,-3287
29736,-3980
29736,-3201
29736,-2505
29736,-3365
29736,-2912
29736,-9922
29736,-11331
29736,-12668
29736,-8278
29736,-6207
29736,-3766
29736,-376
29736,-654
29736,-883
29736,-2355
29737,-2063
29737,-2104
29737,-3689
29737,-5507
29737,-2866
29737,-5342
29737,-2605
29737,-2359
29737,-474
29737,5037
29737,1653
29737,2288
29737,-1092
29737,-4220
29737,-3665
29737,-11904
29737,-10975
29737,-7146
29737,-1261
29737,-695
29737,-1698
29737,-4224
29737,-3922
29737,-3345
29737,-4250
29737,-4612
29737,-2862
29737,-135
29737,1083
29737,4670
29737,2978
29737,1588
29737,3212
29737,3407
29737,1018
29737,-3937
29737,-2046
29737,-454
29737,-1126
29737,3484
29737,6915
29737,2935
29737,-2124
29737,-1269
29737,-582
29737,-1018
29737,2097
29737,3831
29737,5393
29737,4158
29737,676
29737,-1200
29737,-5555
29737,-5373
29737,-3398
29737,655
29737,4247
29737,1837
29737,1408
29737,-1104
29737,-980
29737,-2158
29738,-4362
29738,-998
29738,2468
29738,5345
29738,2859
29738,1019
29738,-2132
29738,-3979
29738,-6047
29738,-5535
29738,-3782
29738,-1338
29738,1923
29738,1575
29738,-325
29738,-2783
29738,-2593
29738,-2642
29738,-3193
29738,-1649
29738,-258
29738,-178
29738,208
29738,-703
29738,-35
29738,-51
29738,-3469
29738,-1645
29738,-405
29738,-472
29738,-3234
29738,-7309
29738,-5312
29738,-549
29738,1743
29738,1868
29738,-468
29738,-1574
29738,2167
29738,520
29744,-1698
29744,-381
29744,-1296
29744,-4883
29744,-3012
29744,-5006
29744,-3867
29744,-934
29744,-3578
29744,777
29744,2189
29744,-319
29744,-1578
29744,904
29744,4561
29744,3234
29744,3167
29744,2449
29744,-2222
29744,-2043
29744,-304
29744,-3345
29744,-5003
29744,-4774
29744,-2075
29744,-2989
29745,551
29745,3488
29745,1720
29745,180
29745,-1732
29745,-5568
29745,-4180
29745,-2366
29745,-1722
29745,3235
29745,1121
29745,-63
29745,-5314
29745,-4176
29745,-180
29745,-3873
29745,-4219
29745,-1088
29745,825
29745,-4293
29745,-6197
29745,-7303
29745,-4361
29745,-174
29745,-801
29745,484
29745,1588
29745,-3135
29745,-4726
29745,-5571
29745,-3634
29745,-1406
29745,-3465
29745,-1502
29745,-1554
29745,293
29745,1630
29745,-1505
29745,28
29745,1841
29745,2145
29745,4071
29745,3877
29745,-370
29745,-5857
29745,-6697
29745,-2125
29745,2926
29745,6573
29745,6891
29745,8636
29745,6492
29745,3591
29745,460
29745,-1241
29745,1823
29745,5066
29745,4435
29745,-1355
29745,-2793
29745,1872
29745,4484
29746,2598
29746,2922
29746,1165
29746,169
29746,2074
29746,2590
29746,894
29746,2489
29746,3770
29746,1926
29746,194
29746,1259
29746,3307
29746,4281
29746,4134
29746,3063
29746,554
29746,1749
29746,1434
29746,1654
29746,1622
29746,890
29746,-2894
29746,-7465
29746,-4514
29746,-2788
29746,-588
29746,-119
29746,-499
29746,-174
29746,563
29746,-761
29746,-3250
29746,-778
29746,1201
29746,3374
29746,7434
29746,6365
29746,3376
29746,4223
29752,1847
29752,770
29752,-36
29752,1569
29752,2976
29752,13
29752,975
29752,1241
29752,529
29752,1972
29752,1931
29752,1402
29752,-1305
29752,-864
29752,-1653
29752,-3906
29752,-2701
29752,-2635
29752,-284
29752,1861
29752,4843
29752,2828
29752,4003
29752,3372
29752,173
29752,6311
29753,7521
29753,5449
29753,3157
29753,3811
29753,2417
29753,-1250
29753,784
29753,-1373
29753,-2477
29753,-2868
29753,-5114
29753,-3022
29753,-2205
29753,-1928
29753,766
29753,1504
29753,258
29753,-6976
29753,-5496
29753,-2345
29753,-2389
29753,667
29753,3791
29753,4405
29753,5928
29753,6370
29753,4913
29753,4321
29753,39
29753,-1206
29753,-3782
29753,-5398
29753,-4212
29753,-1533
29753,1534
29753,1190
29753,4056
29753,5102
29753,3540
29753,764
29753,621
29753,328
29753,2023
29753,-277
29753,3667
29753,6982
29753,6028
29753,5057
29753,2031
29753,-3823
29753,-2829
29753,-3676
29753,-2957
29753,-608
29753,3983
29753,4192
29753,5411
29753,7640
29753,7252
29753,8748
29753,6130
29753,5743
29754,4723
29754,1729
29754,3125
29754,1531
29754,551
29754,-832
29754,-1396
29754,2134
29754,2967
29754,1574
29754,5668
29754,10723
29754,8883
29754,5935
29754,3050
29754,4590
29754,-294
29754,801
29754,5377
29754,4070
29754,5309
29754,4883
29754,6339
29754,6439
29754,4408
29754,2216
29754,1312
29754,6124
29754,5399
29754,5864
29754,8286
29754,5719
29754,3335
29754,6854
29754,8080
29754,4627
29754,3866
29754,5150
29754,3968
29754,3291
29760,-135
29760,-460
29760,-1078
29760,-1408
29760,-2974
29760,-1906
29760,4140
29760,-606
29760,-2246
29760,2866
29760,3613
29760,828
29760,6938
29760,7446
29760,4275
29760,2534
29760,248
29760,-1311
29760,-2635
29760,-4106
29760,-4882
29760,-4966
29760,-4555
29760,-4638
29760,-3418
29760,-1759
29761,-2802
29761,-1697
29761,-1494
29761,-3020
29761,-4576
29761,-4958
29761,-6446
29761,-4324
29761,-5108
29761,-4794
29761,-3677
29761,-6882
29761,-7708
29761,-7070
29761,-4120
29761,-2067
29761,-5647
29761,-4553
29761,-4369
29761,-6950
29761,-7589
29761,-9923
29761,-9594
29761,-5764
29761,-5645
29761,-9349
29761,-9173
29761,-10518
29761,-14321
29761,-14343
29761,-7377
29761,-6414
29761,-7826
29761,-7708
29761,-11704
29761,-14807
29761,-11408
29761,-9383
29761,-10373
29761,-11097
29761,-11887
29761,-11751
29761,-9594
29761,-9206
29761,-10234
29761,-10676
29761,-10107
29761,-11180
29761,-12109
29761,-10681
29761,-12715
29761,-10949
29761,-10416
29761,-14493
29761,-15183
29761,-8528
29761,-5714
29761,-7500
29761,-6660
29761,-7511
29761,-7123
29761,-12881
29762,-13686
29762,-12177
29762,-13026
29762,-10672
29762,-7762
29762,-8062
29762,-9744
29762,-6179
29762,-4234
29762,-5707
29762,-7713
29762,-5611
29762,-8996
29762,-11742
29762,-10112
29762,-10398
29762,-8435
29762,-7195
29762,-6765
29762,-8740
29762,-6248
29762,-7949
29762,-10728
29762,-11512
29762,-10337
29762,-9295
29762,-9578
29762,-6681
29762,-6914
29762,-8470
29762,-7806
29762,-10800
29762,-13036
29762,-8429
29762,-9919
29762,-12064
29762,-11012
29762,-7747
29762,-7183
29762,-6405
29768,-9412
29768,-6813
29768,-8922
29768,-10311
29768,-8354
29768,-10083
29768,-12277
29768,-10318
29768,-9985
29768,-9538
29768,-7491
29768,-11753
29768,-13489
29768,-10978
29768,-13353
29768,-13046
29768,-9415
29768,-7967
29768,-8354
29768,-8861
29768,-7245
29768,-9013
29768,-8437
29768,-8476
29768,-8849
29768,-7462
29769,-4232
29769,-6721
29769,-6010
29769,-8600
29769,-7822
29769,-7636
29769,-7288
29769,-8327
29769,-6474
29769,-5412
29769,-8409
29769,-12805
29769,-19345
29769,-17499
29769,-10287
29769,-7826
29769,-10945
29769,-7919
29769,-11158
29769,-16413
29769,-14339
29769,-11307
29769,-9731
29769,-9047
29769,-12287
29769,-11689
29769,-10331
29769,-7267
29769,-8604
29769,-8945
29769,-9190
29769,-11194
29769,-9856
29769,-9126
29769,-10717
29769,-14422
29769,-14660
29769,-14399
29769,-16262
29769,-15553
29769,-13903
29769,-14891
29769,-17888
29769,-14143
29769,-12478
29769,-15101
29769,-14136
29769,-14603
29769,-14194
29769,-10256
29769,-10019
29769,-12418
29769,-11670
29769,-11328
29769,-12688
29769,-8040
29769,-12237
29769,-13548
29769,-10772
29769,-13552
29769,-15453
29769,-16280
29770,-13212
29770,-9939
29770,-7499
29770,-9154
29770,-11088
29770,-10547
29770,-10471
29770,-12087
29770,-14484
29770,-17523
29770,-16650
29770,-16250
29770,-15950
29770,-8484
29770,-6125
29770,-8398
29770,-6408
29770,-8730
29770,-12939
29770,-14320
29770,-15348
29770,-12870
29770,-10007
29770,-9075
29770,-10828
29770,-10567
29770,-7274
29770,-10686
29770,-9497
29770,-10313
29770,-8215
29770,-9509
29770,-11624
29770,-10171
29770,-5938
29770,-7300
29770,-10624
29770,-12549
29770,-15206
29770,-14285
29776,-10608
29776,-8586
29776,-6786
29776,-8478
29776,-7725
29776,-6502
29776,-7580
29776,-10328
29776,-14706
29776,-13078
29776,-14127
29776,-11671
29776,-10647
29776,-9447
29776,-11609
29776,-10538
29776,-10427
29776,-12772
29776,-10109
29776,-5983
29776,-7893
29776,-10215
29776,-10167
29776,-11015
29776,-12154
29776,-11552
29777,-9952
29777,-13237
29777,-12966
29777,-11517
29777,-13470
29777,-13225
29777,-16087
29777,-12886
29777,-8065
29777,-7012
29777,-11849
29777,-11752
29777,-8202
29777,-4672
29777,-1639
29777,-5672
29777,-8595
29777,-9335
29777,-10093
29777,-8789
29777,-8106
29777,-10651
29777,-11739
29777,-10370
29777,-12693
29777,-18149
29777,-17543
29777,-14191
29777,-13062
29777,-11813
29777,-8116
29777,-5066
29777,-7483
29777,-9387
29777,-8959
29777,-9903
29777,-9440
29777,-9261
29777,-11736
29777,-10307
29777,-12867
29777,-16085
29777,-11206
29777,-9405
29777,-10363
29777,-11907
29777,-11334
29777,-12275
29777,-13520
29777,-13438
29777,-11738
29777,-11697
29777,-11595
29777,-11888
29777,-13427
29777,-15213
29777,-16294
29777,-18029
29777,-16476
29777,-13363
29777,-11015
29777,-6601
29778,-7768
29778,-8898
29778,-9437
29778,-10202
29778,-9495
29778,-9447
29778,-11538
29778,-16234
29778,-18562
29778,-13977
29778,-15319
29778,-11518
29778,-9550
29778,-10909
29778,-10436
29778,-12594
29778,-9460
29778,-10408
29778,-12635
29778,-10598
29778,-9512
29778,-9169
29778,-8795
29778,-7802
29778,-7707
29778,-7824
29778,-12593
29778,-13152
29778,-12292
29778,-9894
29778,-10047
29778,-9621
29778,-11135
29778,-12871
29778,-11989
29778,-14228
29778,-15636
29778,-14728
29778,-14803
29778,-11026
29784,-8978
29784,-5206
29784,-1491
29784,-757
29784,-5550
29784,-7012
29784,-5440
29784,-7524
29784,-11235
29784,-12419
29784,-11177
29784,-10573
29784,-9622
29784,-8867
29784,-10933
29784,-8332
29784,-7031
29784,-7846
29784,-6201
29784,-8572
29784,-9120
29784,-7278
29784,-6855
29784,-7116
29784,-5445
29784,-4921
29785,-6951
29785,-6217
29785,-6516
29785,-7869
29785,-7775
29785,-8996
29785,-10526
29785,-9702
29785,-13036
29785,-13567
29785,-9811
29785,-9589
29785,-9419
29785,-8001
29785,-5472
29785,-6740
29785,-9248
29785,-9608
29785,-9368
29785,-10636
29785,-12714
29785,-10755
29785,-10139
29785,-11560
29785,-12434
29785,-8454
29785,-2984
29785,-5369
29785,-9269
29785,-9273
29785,-4794
29785,-3353
29785,-4718
29785,-5035
29785,-8311
29785,-9377
29785,-12148
29785,-10319
29785,-9769
29785,-7637
29785,-8219
29785,-8164
29785,-4079
29785,-7738
29785,-13681
29785,-13074
29785,-13327
29785,-14301
29785,-9429
29785,-8593
29785,-5161
29785,-3147
29785,-5975
29785,-4382
29785,-7268
29785,-11008
29785,-12279
29785,-11501
29785,-11211
29785,-11964
29785,-11486
29785,-12565
29786,-13934
29786,-16023
29786,-16816
29786,-13811
29786,-10850
29786,-13045
29786,-17528
29786,-14134
29786,-13886
29786,-13736
29786,-11530
29786,-13090
29786,-12814
29786,-14231
29786,-15164
29786,-14716
29786,-13013
29786,-9156
29786,-4257
29786,-3685
29786,-7238
29786,-10968
29786,-13178
29786,-17327
29786,-19822
29786,-18476
29786,-15526
29786,-11281
29786,-11050
29786,-10421
29786,-11583
29786,-12729
29786,-13351
29786,-11630
29786,-14108
29786,-14946
29786,-16188
29786,-16828
29786,-13359
29786,-9175
29792,-6439
29792,-8164
29792,-8312
29792,-7779
29792,-11094
29792,-13997
29792,-13252
29792,-11089
29792,-12498
29792,-12752
29792,-9820
29792,-13533
29792,-13865
29792,-10686
29792,-10989
29792,-7404
29792,-7259
29792,-6788
29792,-5484
29792,-5054
29792,-8737
29792,-10287
29792,-9155
29792,-12837
29792,-13054
29792,-11436
29793,-11729
29793,-12307
29793,-11270
29793,-9406
29793,-9642
29793,-11643
29793,-12186
29793,-9935
29793,-7233
29793,-8362
29793,-8343
29793,-7817
29793,-8136
29793,-13513
29793,-14938
29793,-10416
29793,-9251
29793,-8674
29793,-7518
29793,-8001
29793,-7767
29793,-10095
29793,-9738
29793,-7832
29793,-10715
29793,-12540
29793,-11641
29793,-10449
29793,-9325
29793,-7596
29793,-6509
29793,-6652
29793,-9126
29793,-9965
29793,-6358
29793,-4529
29793,-5246
29793,-5589
29793,-5929
29793,-7186
29793,-10283
29793,-10158
29793,-8185
29793,-5648
29793,-4091
29793,-3510
29793,-4241
29793,-4673
29793,-8950
29793,-10743
29793,-8062
29793,-8395
29793,-8250
29793,-5812
29793,-5728
29793,-7820
29793,-8425
29793,-8690
29793,-7498
29793,-6398
29793,-4744
29793,-6759
29794,-7230
29794,-7963
29794,-6233
29794,-6018
29794,-7715
29794,-7814
29794,-7783
29794,-5984
29794,-7372
29794,-7497
29794,-8029
29794,-10071
29794,-11355
29794,-8180
29794,-7497
29794,-10763
29794,-7920
29794,-7029
29794,-7148
29794,-6211
29794,-7694
29794,-5699
29794,-6213
29794,-7463
29794,-9229
29794,-8404
29794,-8173
29794,-8759
29794,-10177
29794,-9728
29794,-9072
29794,-8072
29794,-7938
29794,-7457
29794,-4093
29794,-5224
29794,-7801
29794,-6903
29794,-5943
29794,-8642
29800,-8746
29800,-7479
29800,-7470
29800,-7188
29800,-9185
29800,-11816
29800,-12506
29800,-10990
29800,-12472
29800,-10689
29800,-6058
29800,-4210
29800,-4583
29800,-5650
29800,-6154
29800,-5672
29800,-7653
29800,-11086
29800,-11918
29800,-9754
29800,-10508
29800,-9081
29800,-7601
29800,-9098
29800,-9415
29800,-8679
29801,-7257
29801,-5648
29801,-4820
29801,-2433
29801,-5456
29801,-7491
29801,-8127
29801,-8845
29801,-7568
29801,-7452
29801,-6368
29801,-5265
29801,-5693
29801,-5191
29801,-4117
29801,-4417
29801,-5474
29801,-6071
29801,-7579
29801,-6889
29801,-7900
29801,-7650
29801,-8278
29801,-10597
29801,-9788
29801,-8500
29801,-7115
29801,-6475
29801,-8277
29801,-7662
29801,-9996
29801,-13178
29801,-13462
29801,-9004
29801,-7184
29801,-7001
29801,-5691
29801,-7219
29801,-6793
29801,-6089
29801,-7274
29801,-8134
29801,-9242
29801,-8231
29801,-6176
29801,-6180
29801,-6477
29801,-8425
29801,-8043
29801,-9114
29801,-10101
29801,-9315
29801,-10208
29801,-9230
29801,-8889
29801,-8743
29801,-7527
29801,-8327
29801,-9452
29801,-10147
29801,-9994
29801,-9492
29802,-8863
29802,-9906
29802,-8249
29802,-7853
29802,-8089
29802,-7331
29802,-7368
29802,-5881
29802,-7897
29802,-10042
29802,-10365
29802,-11519
29802,-9777
29802,-8965
29802,-7197
29802,-10619
29802,-13257
29802,-10615
29802,-8461
29802,-8461
29802,-8198
29802,-6555
29802,-5395
29802,-6224
29802,-9274
29802,-7754
29802,-7491
29802,-8143
29802,-10079
29802,-9449
29802,-7986
29802,-10470
29802,-10781
29802,-9264
29802,-8263
29802,-9729
29802,-8215
29802,-8275
29802,-10788
29802,-10691
29808,-12074
29808,-13518
29808,-13027
29808,-13642
29808,-11346
29808,-9561
29808,-10593
29808,-12241
29808,-10904
29808,-10436
29808,-11077
29808,-10919
29808,-10966
29808,-9749
29808,-10665
29808,-10858
29808,-12463
29808,-12820
29808,-14165
29808,-14100
29808,-12370
29808,-10799
29808,-10454
29808,-9957
29808,-9661
29808,-12299
29809,-13224
29809,-14087
29809,-10120
29809,-9800
29809,-11309
29809,-8591
29809,-8029
29809,-8918
29809,-8320
29809,-9974
29809,-11719
29809,-11409
29809,-9966
29809,-10524
29809,-10527
29809,-12241
29809,-12081
29809,-10490
29809,-10170
29809,-9827
29809,-10615
29809,-9843
29809,-9369
29809,-7219
29809,-5993
29809,-6579
29809,-8619
29809,-9583
29809,-9798
29809,-7397
29809,-5032
29809,-4111
29809,-3930
29809,-4815
29809,-5573
29809,-6037
29809,-6674
29809,-6356
29809,-4534
29809,-1624
29809,348
29809,2556
29809,309
29809,-1815
29809,-4043
29809,-3463
29809,-4061
29809,-5444
29809,-5811
29809,-5508
29809,-3425
29809,-1697
29809,-1570
29809,-1492
29809,-3068
29809,-2674
29809,-1036
29809,-547
29809,476
29809,1007
29809,3088
29809,1805
29810,-1570
29810,-2029
29810,134
29810,164
29810,489
29810,-2500
29810,-1178
29810,-1884
29810,-2859
29810,-3520
29810,-2080
29810,-123
29810,293
29810,2907
29810,2945
29810,1822
29810,1082
29810,701
29810,1020
29810,1550
29810,2043
29810,2739
29810,3784
29810,2452
29810,2976
29810,2226
29810,-732
29810,-1055
29810,-1506
29810,-579
29810,2505
29810,3988
29810,4468
29810,3716
29810,4609
29810,4663
29810,4152
29810,3682
29810,650
29810,-422
29816,1046
29816,2485
29816,439
29816,-226
29816,3673
29816,5729
29816,5148
29816,4499
29816,5847
29816,7393
29816,4956
29816,3299
29816,3861
29816,4334
29816,2635
29816,3059
29816,2028
29816,2418
29816,3060
29816,7776
29816,7982
29816,3535
29816,4268
29816,4782
29816,5193
29816,6635
29817,5963
29817,6398
29817,4734
29817,2959
29817,4019
29817,6573
29817,7976
29817,7073
29817,6050
29817,5301
29817,3197
29817,5203
29817,4712
29817,5094
29817,6066
29817,6213
29817,6349
29817,6502
29817,7076
29817,7340
29817,8323
29817,6634
29817,5136
29817,3695
29817,3916
29817,5234
29817,5656
29817,6916
29817,7031
29817,7860
29817,7277
29817,9503
29817,9820
29817,8735
29817,7756
29817,8180
29817,8248
29817,7838
29817,5819
29817,6312
29817,8553
29817,8635
29817,8082
29817,6543
29817,6837
29817,8141
29817,6589
29817,7817
29817,7534
29817,8944
29817,10910
29817,10098
29817,9035
29817,7745
29817,9049
29817,10724
29817,10618
29817,10114
29817,11481
29817,10912
29817,9700
29817,10245
29818,12481
29818,12362
29818,10842
29818,11359
29818,10422
29818,11118
29818,12175
29818,12110
29818,13086
29818,15930
29818,16090
29818,14952
29818,15127
29818,15640
29818,15037
29818,14865
29818,15803
29818,14696
29818,13132
29818,15063
29818,15433
29818,16353
29818,17686
29818,18401
29818,18027
29818,15778
29818,13833
29818,13677
29818,15654
29818,14833
29818,15738
29818,18127
29818,18954
29818,20120
29818,19217
29818,18613
29818,18016
29818,17476
29818,16050
29818,16548
29824,16649
29824,15320
29824,16324
29824,18000
29824,18283
29824,17027
29824,16025
29824,14801
29824,14632
29824,15432
29824,15685
29824,15364
29824,15735
29824,15989
29824,16735
29824,16733
29824,16074
29824,16473
29824,17817
29824,17740
29824,14191
29824,13652
29824,14628
29824,14098
29824,13443
29824,13958
29825,15143
29825,15715
29825,15925
29825,15940
29825,14919
29825,14216
29825,15418
29825,15333
29825,16096
29825,15977
29825,16469
29825,16348
29825,15892
29825,16726
29825,15950
29825,18080
29825,17811
29825,15158
29825,15154
29825,15794
29825,16698
29825,17916
29825,17080
29825,18092
29825,20105
29825,19780
29825,18468
29825,17199
29825,17660
29825,18457
29825,18766
29825,17510
29825,18042
29825,18087
29825,16312
29825,17705
29825,20055
29825,17964
29825,17514
29825,17371
29825,16693
29825,16967
29825,17099
29825,16445
29825,14779
29825,14620
29825,16111
29825,16729
29825,18302
29825,18094
29825,17055
29825,17645
29825,16513
29825,14228
29825,14779
29825,14894
29825,15683
29825,15057
29825,16042
29825,15954
29825,17362
29825,17771
29826,16165
29826,14610
29826,14352
29826,16154
29826,17131
29826,17541
29826,17595
29826,17282
RAW_SUMMARY id=3 requested=5600 captured=5600 unused_capacity=400 max_pcm_abs=29397 raw_mean=-5050.1 raw_abs_mean=9338.2 raw_min=-29397 raw_max=20120 baseline=-28.8
OK RAW
