# run: RAW_i2s_quiet_1
# firmware: role=analyzer git=17295c9 version=0.4.0 board=damp
# started: 2026-10-09T17:53:02+02:00
RAW_INFO mode=i2s output=csv
RAW_INFO row_size=12
RAW_BEGIN id=2 sr=16000 trigger_ms=19257 command_ms=19242 emit_seen=1 emit_start_ms=19257 emit_done_ms=19259 f=3200 dur=1 pre_ms=0 post_ms=350 decim=1 pre_samples=0 post_samples=5600 mode=i2s output=csv fields=ms,pcm
ms,pcm
19260,-3069
19260,-2934
19260,-2192
19260,-2801
19260,-2491
19260,-3441
19260,-2921
19260,-2368
19260,-2331
19260,-3192
19261,-2921
19261,-2842
19261,-3495
19261,-3279
19261,-4010
19261,-3484
19261,-2884
19261,-3318
19261,-2569
19261,-2547
19261,-1628
19261,-1441
19261,-1264
19261,-1572
19261,-1087
19261,-1357
19261,-917
19261,-736
19261,-865
19261,-681
19261,167
19261,410
19261,504
19261,719
19261,831
19261,776
19261,871
19261,962
19261,1342
19261,595
19261,764
19261,1324
19261,2478
19261,2431
19261,2118
19261,1712
19261,1596
19261,556
19261,640
19261,728
19261,331
19261,680
19261,250
19261,151
19261,1080
19261,677
19261,371
19261,302
19261,333
19261,-82
19261,-131
19261,-69
19261,272
19261,1251
19261,345
19261,848
19261,920
19261,532
19261,588
19261,443
19261,-77
19261,-307
19261,407
19262,175
19262,1440
19262,76
19262,1050
19262,1542
19262,2583
19262,3162
19262,4159
19262,5110
19262,5104
19262,5712
19262,7519
19262,8353
19262,8591
19262,7906
19262,7718
19262,7068
19262,6938
19262,7654
19262,8610
19262,8243
19262,8080
19262,7347
19262,7157
19262,6534
19262,6876
19262,6121
19262,5586
19262,6970
19262,6768
19262,6809
19262,7377
19262,6998
19262,6964
19262,7045
19262,6807
19262,7675
19262,8475
19262,8888
19262,8592
19262,9465
19262,9725
19262,10125
19262,10336
19262,9557
19262,9362
19262,9878
19262,9882
19262,10037
19262,10322
19262,10370
19262,10836
19262,10157
19262,10177
19262,9923
19264,9460
19264,9327
19264,9362
19264,8275
19264,7249
19264,7558
19264,7884
19264,8144
19264,8548
19264,7343
19264,7420
19264,7060
19264,5951
19264,5947
19264,5795
19264,6645
19264,7268
19264,7619
19264,7097
19264,8117
19264,7445
19264,6768
19264,8203
19264,8138
19264,8628
19264,8840
19265,7947
19265,7481
19265,7719
19265,7776
19265,8733
19265,8574
19265,9220
19265,9117
19265,8369
19265,7786
19265,7985
19265,9211
19265,9329
19265,8550
19265,9481
19265,9412
19265,10184
19265,10266
19265,10843
19265,11243
19265,11245
19265,11958
19265,11840
19265,12147
19265,13242
19265,12453
19265,13335
19265,13623
19265,14047
19265,15359
19265,15261
19265,15555
19265,15667
19265,15023
19265,15376
19265,15585
19265,15787
19265,14356
19265,14699
19265,14766
19265,14627
19265,14326
19265,13562
19265,14037
19265,14454
19265,14294
19265,14014
19265,13940
19265,14036
19265,14336
19265,14729
19265,14582
19265,14966
19265,15353
19265,15278
19265,15235
19265,15049
19265,16081
19265,15988
19265,16545
19265,17308
19265,17576
19266,17912
19266,17761
19266,17630
19266,17317
19266,17681
19266,18570
19266,18041
19266,18801
19266,19403
19266,19026
19266,19065
19266,18450
19266,17980
19266,18104
19266,19104
19266,17927
19266,17753
19266,17328
19266,17185
19266,16847
19266,16047
19266,16229
19266,15221
19266,15989
19266,15522
19266,14518
19266,13602
19266,13460
19266,13836
19266,13451
19266,13566
19266,13953
19266,13624
19266,13866
19266,13621
19266,13330
19266,13877
19266,14631
19266,15192
19266,14860
19272,14660
19272,16149
19272,16339
19272,15823
19272,15446
19272,15960
19272,16411
19272,15605
19272,16190
19272,16017
19272,15243
19272,16366
19272,15925
19272,16123
19272,16395
19272,16379
19272,16975
19272,17113
19272,17233
19272,17245
19272,17356
19272,17553
19272,17776
19272,17864
19272,18986
19272,18984
19273,17701
19273,19325
19273,20339
19273,21403
19273,20405
19273,20270
19273,20076
19273,20292
19273,20689
19273,20199
19273,20101
19273,20359
19273,20042
19273,20294
19273,20162
19273,20013
19273,20015
19273,19692
19273,19574
19273,19909
19273,19778
19273,18723
19273,18301
19273,18840
19273,18267
19273,19404
19273,19473
19273,18876
19273,19327
19273,20027
19273,19610
19273,20864
19273,20751
19273,20092
19273,19440
19273,18568
19273,18533
19273,18916
19273,19364
19273,19342
19273,19345
19273,19123
19273,18808
19273,17987
19273,17930
19273,17753
19273,18296
19273,17429
19273,17255
19273,16541
19273,15866
19273,15602
19273,15934
19273,15609
19273,15742
19273,16364
19273,15705
19273,14537
19273,14806
19273,14426
19273,15007
19273,15693
19274,15823
19274,15185
19274,15442
19274,16074
19274,15901
19274,15597
19274,15536
19274,15865
19274,15755
19274,15606
19274,16289
19274,15713
19274,15658
19274,15433
19274,15513
19274,16646
19274,16209
19274,15621
19274,15435
19274,15436
19274,15208
19274,15871
19274,16006
19274,15532
19274,15772
19274,14957
19274,15234
19274,14944
19274,14509
19274,15448
19274,16016
19274,15900
19274,15641
19274,15539
19274,14361
19274,14877
19274,15765
19274,16366
19274,15343
19274,15859
19280,15912
19280,15482
19280,15724
19280,14859
19280,14624
19280,15317
19280,15253
19280,14977
19280,14552
19280,15190
19280,14987
19280,15549
19280,15507
19280,16096
19280,16231
19280,15823
19280,15682
19280,15205
19280,15055
19280,15211
19280,15760
19280,15387
19280,14749
19280,15361
19280,15385
19280,15772
19281,15888
19281,16277
19281,15544
19281,16130
19281,16201
19281,16110
19281,16189
19281,16285
19281,15959
19281,15887
19281,15582
19281,15525
19281,15272
19281,16356
19281,15839
19281,15298
19281,14923
19281,15924
19281,16653
19281,16536
19281,16241
19281,15866
19281,14948
19281,15094
19281,15489
19281,15906
19281,15161
19281,14581
19281,14813
19281,16274
19281,16895
19281,16488
19281,16037
19281,15614
19281,15828
19281,15396
19281,15718
19281,16478
19281,15832
19281,16114
19281,16672
19281,15849
19281,15997
19281,16269
19281,16836
19281,16746
19281,16679
19281,16639
19281,16660
19281,16615
19281,16422
19281,16354
19281,16143
19281,15793
19281,16054
19281,14775
19281,13711
19281,13663
19281,14056
19281,14265
19281,13136
19281,13018
19282,13510
19282,13506
19282,12654
19282,12027
19282,12849
19282,11620
19282,11171
19282,11430
19282,9928
19282,10466
19282,11997
19282,10593
19282,10706
19282,9846
19282,8865
19282,10172
19282,9881
19282,8878
19282,8986
19282,10034
19282,9447
19282,9388
19282,10255
19282,10502
19282,10874
19282,10329
19282,9784
19282,9311
19282,8916
19282,9393
19282,9649
19282,9912
19282,9702
19282,8835
19282,8513
19282,8216
19282,8700
19282,8794
19282,8213
19282,8038
19288,7360
19288,7302
19288,6207
19288,6510
19288,5751
19288,5258
19288,5230
19288,5093
19288,4380
19288,3358
19288,3253
19288,3613
19288,3055
19288,3750
19288,3515
19288,2510
19288,3091
19288,3179
19288,3510
19288,3679
19288,4047
19288,3415
19288,3107
19288,2903
19288,4083
19288,4085
19289,4571
19289,3876
19289,3795
19289,4118
19289,3795
19289,4053
19289,4298
19289,4932
19289,5241
19289,5516
19289,5216
19289,5229
19289,5512
19289,5146
19289,4617
19289,4569
19289,5542
19289,4739
19289,5017
19289,4245
19289,4251
19289,5051
19289,5168
19289,5147
19289,5644
19289,5608
19289,4744
19289,5911
19289,5499
19289,5885
19289,6089
19289,5828
19289,6864
19289,6712
19289,5673
19289,5955
19289,5982
19289,5900
19289,6348
19289,7034
19289,7209
19289,7797
19289,7756
19289,7967
19289,7219
19289,7695
19289,7165
19289,7961
19289,7690
19289,8381
19289,7512
19289,7908
19289,8987
19289,9073
19289,9126
19289,8891
19289,8684
19289,8248
19289,8387
19289,7575
19289,8062
19289,6871
19290,7318
19290,7566
19290,7398
19290,6899
19290,6084
19290,7301
19290,6567
19290,5926
19290,5453
19290,5319
19290,5651
19290,5349
19290,5092
19290,5906
19290,5206
19290,5465
19290,5951
19290,5670
19290,5669
19290,5223
19290,5012
19290,5337
19290,6529
19290,5923
19290,5654
19290,6086
19290,4783
19290,5172
19290,7084
19290,7091
19290,6941
19290,6717
19290,7140
19290,7278
19290,7079
19290,7147
19290,7764
19290,8754
19290,9533
19290,7878
19296,7759
19296,9347
19296,10409
19296,10294
19296,9177
19296,9380
19296,9587
19296,9473
19296,9556
19296,9296
19296,10479
19296,10736
19296,10381
19296,11613
19296,10983
19296,11630
19296,11756
19296,11258
19296,10896
19296,10574
19296,10567
19296,11068
19296,11349
19296,11526
19296,11662
19296,10939
19297,11203
19297,10697
19297,10021
19297,9793
19297,9647
19297,10927
19297,10697
19297,10542
19297,10366
19297,9951
19297,10765
19297,11358
19297,11302
19297,10343
19297,10401
19297,10550
19297,10139
19297,9964
19297,10072
19297,9702
19297,10291
19297,9894
19297,9907
19297,9808
19297,10715
19297,11696
19297,11618
19297,11069
19297,10983
19297,10643
19297,11201
19297,11663
19297,11273
19297,12418
19297,12428
19297,12964
19297,12336
19297,11158
19297,12566
19297,11850
19297,11747
19297,11550
19297,11989
19297,11867
19297,11485
19297,12201
19297,12193
19297,12182
19297,12088
19297,12733
19297,12848
19297,11462
19297,11797
19297,12290
19297,12554
19297,12817
19297,12893
19297,13045
19297,13062
19297,13964
19297,13830
19297,14157
19298,14263
19298,13457
19298,13415
19298,13301
19298,13171
19298,14155
19298,13864
19298,14017
19298,13793
19298,14827
19298,14289
19298,13987
19298,13986
19298,14538
19298,14356
19298,14321
19298,14186
19298,14501
19298,14711
19298,14892
19298,16310
19298,17118
19298,16432
19298,16976
19298,17356
19298,16910
19298,17007
19298,16627
19298,15775
19298,15915
19298,15758
19298,16633
19298,16267
19298,16168
19298,16103
19298,16019
19298,15928
19298,14930
19298,14723
19298,14588
19304,14243
19304,13358
19304,13512
19304,12518
19304,13211
19304,13234
19304,12646
19304,13341
19304,12206
19304,11717
19304,11444
19304,10757
19304,10309
19304,10138
19304,10413
19304,10006
19304,10123
19304,10082
19304,9960
19304,9544
19304,10295
19304,9260
19304,8483
19304,8334
19304,8343
19304,7266
19305,6184
19305,5587
19305,5557
19305,6017
19305,6695
19305,6434
19305,6168
19305,6487
19305,7093
19305,6477
19305,5316
19305,3739
19305,4012
19305,4469
19305,4599
19305,4449
19305,4290
19305,5946
19305,6308
19305,5905
19305,5772
19305,4444
19305,4528
19305,4076
19305,3761
19305,4466
19305,4379
19305,4879
19305,4747
19305,5087
19305,5928
19305,5950
19305,6171
19305,6878
19305,7748
19305,6599
19305,6869
19305,5902
19305,6217
19305,6386
19305,6796
19305,6221
19305,6425
19305,6881
19305,6509
19305,6484
19305,5582
19305,6043
19305,6163
19305,6057
19305,6276
19305,5829
19305,4611
19305,5840
19305,5520
19305,4923
19305,6438
19305,5728
19305,5799
19305,5246
19305,4595
19305,4052
19306,3682
19306,4518
19306,4652
19306,4450
19306,4388
19306,5661
19306,5531
19306,5143
19306,4216
19306,4632
19306,3706
19306,2914
19306,2289
19306,3038
19306,2760
19306,3235
19306,2952
19306,3245
19306,3214
19306,1669
19306,2265
19306,1536
19306,1461
19306,2261
19306,1726
19306,1772
19306,2049
19306,2349
19306,3163
19306,2349
19306,3167
19306,2520
19306,1970
19306,3209
19306,3303
19306,3267
19306,3710
19306,3935
19306,3462
19306,3151
19312,3982
19312,3793
19312,3966
19312,3858
19312,4046
19312,3996
19312,4853
19312,4685
19312,4102
19312,3932
19312,4236
19312,5090
19312,5320
19312,5524
19312,6494
19312,6113
19312,6653
19312,6288
19312,7104
19312,6464
19312,6908
19312,6666
19312,6460
19312,6218
19312,6692
19312,7544
19313,6823
19313,6506
19313,7182
19313,6581
19313,6187
19313,6650
19313,5364
19313,5320
19313,5098
19313,4743
19313,5207
19313,6050
19313,6016
19313,6016
19313,5088
19313,4393
19313,4255
19313,4765
19313,5111
19313,4586
19313,4320
19313,4209
19313,3979
19313,4232
19313,3682
19313,3325
19313,3677
19313,4319
19313,3666
19313,4288
19313,3997
19313,3934
19313,3374
19313,3511
19313,3761
19313,4418
19313,4753
19313,4429
19313,4767
19313,4682
19313,3881
19313,3926
19313,3698
19313,3544
19313,3964
19313,4486
19313,3754
19313,4388
19313,4609
19313,5279
19313,4957
19313,5260
19313,5272
19313,6949
19313,6959
19313,6687
19313,7221
19313,6703
19313,8008
19313,7750
19313,7905
19313,8396
19314,9878
19314,10805
19314,11765
19314,11222
19314,10963
19314,12021
19314,11341
19314,11701
19314,11421
19314,10986
19314,11862
19314,12924
19314,13236
19314,13641
19314,13124
19314,13007
19314,13263
19314,12647
19314,14095
19314,13497
19314,13659
19314,14239
19314,13987
19314,13967
19314,14733
19314,14601
19314,15188
19314,15607
19314,15172
19314,14965
19314,14812
19314,15319
19314,15386
19314,15311
19314,15270
19314,15542
19314,15498
19314,16271
19314,16856
19314,16966
19320,16165
19320,16470
19320,15568
19320,16462
19320,15550
19320,15263
19320,15222
19320,15381
19320,14719
19320,14399
19320,15859
19320,15884
19320,15761
19320,14972
19320,14471
19320,14545
19320,14507
19320,14575
19320,13269
19320,13925
19320,14488
19320,13503
19320,13699
19320,13991
19320,14880
19320,14854
19321,14920
19321,15154
19321,13903
19321,15264
19321,14845
19321,14738
19321,15335
19321,15058
19321,15365
19321,15965
19321,15668
19321,16085
19321,16069
19321,16514
19321,15958
19321,16457
19321,16547
19321,16107
19321,16295
19321,16459
19321,18341
19321,18697
19321,18405
19321,17998
19321,16692
19321,18122
19321,18041
19321,17613
19321,17479
19321,16924
19321,16347
19321,16581
19321,16783
19321,17150
19321,17326
19321,17701
19321,17309
19321,16968
19321,16873
19321,16966
19321,16723
19321,16586
19321,16164
19321,16391
19321,16092
19321,16542
19321,16907
19321,16493
19321,17317
19321,17265
19321,17113
19321,16243
19321,17052
19321,16952
19321,17093
19321,16324
19321,16156
19321,16354
19321,17252
19321,17311
19321,16680
19321,16810
19322,17438
19322,17149
19322,17490
19322,16722
19322,16871
19322,16727
19322,16541
19322,17150
19322,16049
19322,17411
19322,17445
19322,16776
19322,17252
19322,17040
19322,16669
19322,16311
19322,15799
19322,15769
19322,14771
19322,14766
19322,14638
19322,12884
19322,13735
19322,14237
19322,13704
19322,14550
19322,13275
19322,13657
19322,13883
19322,14049
19322,13169
19322,11602
19322,11250
19322,11655
19322,11708
19322,12313
19322,10864
19322,11309
19322,11442
19322,11716
19328,11913
19328,12461
19328,12410
19328,12853
19328,13016
19328,12150
19328,11799
19328,11613
19328,12195
19328,12763
19328,13282
19328,13005
19328,12833
19328,13312
19328,13517
19328,12557
19328,12624
19328,12224
19328,11695
19328,11974
19328,11267
19328,10724
19328,11250
19328,10400
19328,10473
19328,9874
19329,9701
19329,9179
19329,8672
19329,8337
19329,8054
19329,7896
19329,7451
19329,7888
19329,6721
19329,7517
19329,7646
19329,7994
19329,8378
19329,8480
19329,7855
19329,7814
19329,7806
19329,8073
19329,8815
19329,9103
19329,9827
19329,9218
19329,9640
19329,9406
19329,10123
19329,10287
19329,10705
19329,10240
19329,8688
19329,9234
19329,8953
19329,9045
19329,9735
19329,9649
19329,9689
19329,9589
19329,10805
19329,9733
19329,10267
19329,10870
19329,9969
19329,10552
19329,9577
19329,10520
19329,10428
19329,9824
19329,9936
19329,9601
19329,10170
19329,10710
19329,9843
19329,10219
19329,9428
19329,9462
19329,10290
19329,9077
19329,8920
19329,9044
19329,10077
19329,10101
19329,9257
19329,10782
19330,10466
19330,10673
19330,10998
19330,11041
19330,11319
19330,12199
19330,11838
19330,11625
19330,12404
19330,12295
19330,12543
19330,12646
19330,12553
19330,13401
19330,13477
19330,13197
19330,13484
19330,13417
19330,13801
19330,12841
19330,12716
19330,12707
19330,12428
19330,12945
19330,12571
19330,13256
19330,11781
19330,11466
19330,11087
19330,10840
19330,9818
19330,10030
19330,9552
19330,9734
19330,9319
19330,8114
19330,8419
19330,8437
19330,8568
19330,8053
19336,7313
19336,7042
19336,6879
19336,7111
19336,6607
19336,6525
19336,6170
19336,6882
19336,7131
19336,6100
19336,5855
19336,6655
19336,6678
19336,6765
19336,6353
19336,7229
19336,7313
19336,7691
19336,7124
19336,8008
19336,8991
19336,9275
19336,8942
19336,8763
19336,9189
19336,9677
19337,9144
19337,8739
19337,9664
19337,10368
19337,10439
19337,10592
19337,9808
19337,9235
19337,9872
19337,10707
19337,11170
19337,11240
19337,11591
19337,11942
19337,12660
19337,12976
19337,12518
19337,12380
19337,12415
19337,12295
19337,12430
19337,12752
19337,13772
19337,13146
19337,13948
19337,13867
19337,13367
19337,14204
19337,14657
19337,15320
19337,15126
19337,16003
19337,16585
19337,17177
19337,17895
19337,16571
19337,17748
19337,17036
19337,16725
19337,17081
19337,16677
19337,16501
19337,16765
19337,17489
19337,16537
19337,17558
19337,17304
19337,16372
19337,16587
19337,15628
19337,16555
19337,16454
19337,16910
19337,16402
19337,16129
19337,15345
19337,15063
19337,15518
19337,15559
19337,14881
19337,14831
19337,14314
19338,14491
19338,14065
19338,13795
19338,14411
19338,13805
19338,12960
19338,13463
19338,12874
19338,13446
19338,13689
19338,14057
19338,12851
19338,14026
19338,13618
19338,13774
19338,14260
19338,13889
19338,14991
19338,13969
19338,14688
19338,15218
19338,15445
19338,16401
19338,16707
19338,15735
19338,15848
19338,15508
19338,15085
19338,15557
19338,15480
19338,15099
19338,15031
19338,16878
19338,16446
19338,16209
19338,16534
19338,15823
19338,15754
19338,15222
19338,15052
19344,16085
19344,15523
19344,14825
19344,15007
19344,15888
19344,15969
19344,15933
19344,16575
19344,16142
19344,16161
19344,16812
19344,16334
19344,17496
19344,17128
19344,17500
19344,17799
19344,16726
19344,16165
19344,17150
19344,17271
19344,17949
19344,18097
19344,18201
19344,17961
19344,18242
19344,18054
19345,18539
19345,17913
19345,18531
19345,18183
19345,18457
19345,18922
19345,18152
19345,18239
19345,17282
19345,18624
19345,18339
19345,17577
19345,17540
19345,17154
19345,16101
19345,16199
19345,16465
19345,15874
19345,15520
19345,15891
19345,16275
19345,15591
19345,14645
19345,14995
19345,15234
19345,14879
19345,15801
19345,13777
19345,13962
19345,13773
19345,13736
19345,15036
19345,14804
19345,14735
19345,13849
19345,14064
19345,14941
19345,14698
19345,14746
19345,14615
19345,13957
19345,14365
19345,14191
19345,14289
19345,14689
19345,15129
19345,15267
19345,16255
19345,16457
19345,16606
19345,16560
19345,17022
19345,16486
19345,17303
19345,16551
19345,16385
19345,17575
19345,17233
19345,16373
19345,16812
19345,17140
19345,16981
19346,17148
19346,17948
19346,17972
19346,17671
19346,17143
19346,17953
19346,16950
19346,17357
19346,17024
19346,16627
19346,16530
19346,17038
19346,17797
19346,17780
19346,16674
19346,16235
19346,17001
19346,16253
19346,16692
19346,16445
19346,15977
19346,16638
19346,17042
19346,17910
19346,16837
19346,17311
19346,16635
19346,16774
19346,16947
19346,17112
19346,16554
19346,16561
19346,16950
19346,16748
19346,16645
19346,16758
19346,17412
19346,17405
19346,17234
19346,16505
19352,16028
19352,15660
19352,15613
19352,15251
19352,14657
19352,13688
19352,14221
19352,14466
19352,12858
19352,12598
19352,12884
19352,12285
19352,12444
19352,12603
19352,12746
19352,12583
19352,12230
19352,12203
19352,11038
19352,10783
19352,9849
19352,9138
19352,9372
19352,9124
19352,9034
19352,8415
19353,8035
19353,8281
19353,7802
19353,8892
19353,9293
19353,9265
19353,8879
19353,8760
19353,8155
19353,8133
19353,8320
19353,8165
19353,7055
19353,7586
19353,8552
19353,8862
19353,8116
19353,8362
19353,8500
19353,8378
19353,7926
19353,8230
19353,7482
19353,7664
19353,6941
19353,6940
19353,7042
19353,6872
19353,6576
19353,6103
19353,5452
19353,4985
19353,4196
19353,4472
19353,4928
19353,4647
19353,4512
19353,4491
19353,4533
19353,5281
19353,4726
19353,4015
19353,3904
19353,4069
19353,4295
19353,3275
19353,3141
19353,2582
19353,2178
19353,1604
19353,1752
19353,1516
19353,1338
19353,1045
19353,1276
19353,1391
19353,1452
19353,1897
19353,1416
19353,1341
19353,1416
19353,-150
19354,-165
19354,-366
19354,511
19354,607
19354,-203
19354,848
19354,1202
19354,1353
19354,-118
19354,880
19354,169
19354,368
19354,1340
19354,669
19354,729
19354,1919
19354,2407
19354,2745
19354,3020
19354,1777
19354,1961
19354,1871
19354,1886
19354,1346
19354,2033
19354,2047
19354,860
19354,1955
19354,1081
19354,1027
19354,109
19354,-328
19354,552
19354,668
19354,280
19354,529
19354,1493
19354,1027
19354,817
19354,1155
19360,632
19360,1069
19360,366
19360,1406
19360,1358
19360,939
19360,748
19360,1282
19360,1626
19360,1076
19360,848
19360,838
19360,888
19360,1121
19360,1437
19360,1007
19360,1546
19360,714
19360,1270
19360,1450
19360,1752
19360,1877
19360,2651
19360,2880
19360,2508
19360,2170
19361,2449
19361,2553
19361,2709
19361,3319
19361,2370
19361,2675
19361,2767
19361,2003
19361,1451
19361,1297
19361,1179
19361,2187
19361,2079
19361,1609
19361,1586
19361,1367
19361,989
19361,1462
19361,911
19361,803
19361,-152
19361,-718
19361,140
19361,-680
19361,-879
19361,-1407
19361,-883
19361,-255
19361,-512
19361,-91
19361,513
19361,553
19361,-238
19361,-1056
19361,-654
19361,363
19361,-513
19361,29
19361,-155
19361,-320
19361,-1037
19361,-792
19361,-666
19361,-1320
19361,-1216
19361,-538
19361,-1058
19361,-871
19361,-740
19361,688
19361,-538
19361,-75
19361,-452
19361,-1183
19361,-991
19361,-1571
19361,-369
19361,-434
19361,-224
19361,-545
19361,-124
19361,-70
19362,472
19362,274
19362,212
19362,733
19362,247
19362,538
19362,803
19362,465
19362,164
19362,1336
19362,2004
19362,1154
19362,1042
19362,1849
19362,1326
19362,1709
19362,2362
19362,2709
19362,2975
19362,3471
19362,2538
19362,2093
19362,2596
19362,3671
19362,4401
19362,5603
19362,4243
19362,4878
19362,4420
19362,4757
19362,4097
19362,4722
19362,5113
19362,4385
19362,4587
19362,5416
19362,6135
19362,5852
19362,6396
19362,6931
19368,6859
19368,6741
19368,6384
19368,6355
19368,6153
19368,5887
19368,5207
19368,5607
19368,5768
19368,6014
19368,6367
19368,5545
19368,5527
19368,4831
19368,4303
19368,3782
19368,4059
19368,3972
19368,3611
19368,2712
19368,2862
19368,3395
19368,3769
19368,3289
19368,2862
19368,2970
19369,2406
19369,1798
19369,1565
19369,1509
19369,1809
19369,2262
19369,2537
19369,2749
19369,2393
19369,2312
19369,1775
19369,1677
19369,1684
19369,1292
19369,709
19369,399
19369,1299
19369,490
19369,455
19369,401
19369,632
19369,1119
19369,1020
19369,502
19369,900
19369,29
19369,797
19369,-284
19369,149
19369,-12
19369,91
19369,138
19369,-41
19369,835
19369,377
19369,-84
19369,-144
19369,134
19369,-332
19369,-673
19369,-622
19369,-1717
19369,-1366
19369,-1910
19369,-2520
19369,-2786
19369,-1942
19369,-1862
19369,-721
19369,-1077
19369,-748
19369,-360
19369,-785
19369,-1227
19369,-379
19369,-1187
19369,-1721
19369,-854
19369,-645
19369,-599
19369,-911
19369,-1585
19370,-577
19370,-130
19370,-20
19370,-547
19370,-369
19370,-576
19370,-670
19370,-1192
19370,-1347
19370,-331
19370,-666
19370,-1279
19370,-829
19370,-582
19370,-1279
19370,-1188
19370,-1520
19370,-2415
19370,-2650
19370,-1935
19370,-2276
19370,-1690
19370,-1465
19370,-1800
19370,-2206
19370,-3471
19370,-4036
19370,-3705
19370,-3413
19370,-3604
19370,-3055
19370,-2791
19370,-3100
19370,-4095
19370,-4423
19370,-4010
19370,-3159
19370,-3795
19370,-4130
19370,-3817
19376,-4253
19376,-4638
19376,-4324
19376,-5533
19376,-5719
19376,-6075
19376,-5163
19376,-3683
19376,-3924
19376,-4273
19376,-3944
19376,-2997
19376,-4051
19376,-4336
19376,-4862
19376,-4178
19376,-4502
19376,-5110
19376,-4612
19376,-4020
19376,-3729
19376,-4039
19376,-3117
19376,-3684
19376,-3809
19376,-3408
19377,-4400
19377,-4399
19377,-3790
19377,-2620
19377,-3442
19377,-3341
19377,-3006
19377,-2580
19377,-2117
19377,-2543
19377,-2579
19377,-2127
19377,-2589
19377,-2611
19377,-2696
19377,-3538
19377,-3040
19377,-3006
19377,-2046
19377,-1331
19377,-1812
19377,-1340
19377,-479
19377,-386
19377,80
19377,-676
19377,-1898
19377,-2426
19377,-2013
19377,-1913
19377,-1953
19377,-1885
19377,-1900
19377,-2481
19377,-2511
19377,-1843
19377,-3079
19377,-1793
19377,-2501
19377,-2798
19377,-2966
19377,-2625
19377,-2834
19377,-2846
19377,-3068
19377,-2097
19377,-2836
19377,-2111
19377,-2410
19377,-2161
19377,-1826
19377,-2051
19377,-3388
19377,-3537
19377,-2790
19377,-3049
19377,-2793
19377,-2843
19377,-3583
19377,-4242
19377,-3446
19377,-4230
19378,-5360
19378,-5283
19378,-5523
19378,-5135
19378,-5331
19378,-4822
19378,-4938
19378,-5581
19378,-5815
19378,-6173
19378,-5757
19378,-4874
19378,-6476
19378,-6070
19378,-7009
19378,-7295
19378,-7080
19378,-7212
19378,-6842
19378,-6997
19378,-6893
19378,-7381
19378,-7343
19378,-6789
19378,-6255
19378,-6222
19378,-6351
19378,-6915
19378,-7606
19378,-6953
19378,-7105
19378,-6712
19378,-7125
19378,-6655
19378,-6689
19378,-6699
19378,-5590
19378,-5214
19378,-5989
19378,-5941
19384,-6103
19384,-6726
19384,-6660
19384,-7370
19384,-7463
19384,-7197
19384,-7159
19384,-6862
19384,-6161
19384,-5612
19384,-4797
19384,-4330
19384,-4853
19384,-4156
19384,-4299
19384,-3870
19384,-4881
19384,-4882
19384,-5060
19384,-4786
19384,-4601
19384,-4184
19384,-4545
19384,-4899
19384,-3995
19384,-5092
19385,-4036
19385,-3651
19385,-3017
19385,-2437
19385,-2446
19385,-2422
19385,-1870
19385,-2034
19385,-805
19385,-1030
19385,-1773
19385,-2505
19385,-2724
19385,-2726
19385,-3007
19385,-2828
19385,-2501
19385,-1558
19385,-1719
19385,-710
19385,63
19385,-731
19385,-193
19385,-1049
19385,-1176
19385,-1038
19385,-285
19385,-962
19385,-887
19385,305
19385,316
19385,-405
19385,363
19385,456
19385,-651
19385,-820
19385,-940
19385,276
19385,-29
19385,334
19385,-168
19385,-235
19385,411
19385,346
19385,346
19385,228
19385,-132
19385,-37
19385,-168
19385,874
19385,1121
19385,759
19385,1133
19385,284
19385,11
19385,1110
19385,2285
19385,1941
19385,1743
19385,2141
19385,1657
19385,1895
19386,2214
19386,4204
19386,4573
19386,3458
19386,4070
19386,3345
19386,3600
19386,3453
19386,3892
19386,4238
19386,3606
19386,3352
19386,3959
19386,4069
19386,3874
19386,3397
19386,2874
19386,3113
19386,3582
19386,2589
19386,2327
19386,2236
19386,2436
19386,2912
19386,2316
19386,2901
19386,3189
19386,2826
19386,3989
19386,3053
19386,3907
19386,2003
19386,2255
19386,2420
19386,1438
19386,2557
19386,3091
19386,3229
19386,2894
19386,2287
19392,2238
19392,2420
19392,2209
19392,1680
19392,1636
19392,874
19392,1930
19392,2036
19392,1363
19392,1212
19392,473
19392,933
19392,583
19392,886
19392,-233
19392,-175
19392,-53
19392,-611
19392,-855
19392,103
19392,139
19392,809
19392,922
19392,872
19392,503
19392,378
19393,-712
19393,-399
19393,-488
19393,-296
19393,-296
19393,74
19393,-126
19393,-78
19393,-58
19393,152
19393,151
19393,-43
19393,833
19393,302
19393,717
19393,705
19393,621
19393,-65
19393,-80
19393,-515
19393,-986
19393,-56
19393,-987
19393,-1225
19393,-423
19393,-654
19393,-1105
19393,-1987
19393,-1156
19393,-1001
19393,-553
19393,15
19393,-1154
19393,-873
19393,-1904
19393,-1528
19393,-1618
19393,-3395
19393,-2285
19393,-2133
19393,-2304
19393,-3172
19393,-2287
19393,-1528
19393,72
19393,-256
19393,-1405
19393,-877
19393,-1124
19393,-1667
19393,-1010
19393,-724
19393,-859
19393,-281
19393,621
19393,-720
19393,-769
19393,392
19393,-55
19393,155
19393,-204
19393,315
19394,845
19394,311
19394,126
19394,-193
19394,730
19394,1217
19394,1566
19394,1117
19394,335
19394,568
19394,390
19394,176
19394,-514
19394,-504
19394,-1323
19394,-485
19394,-589
19394,381
19394,571
19394,596
19394,141
19394,-212
19394,-367
19394,-1339
19394,-497
19394,-543
19394,-128
19394,-715
19394,851
19394,776
19394,-617
19394,-659
19394,-1029
19394,155
19394,-494
19394,-413
19394,-1016
19394,-1555
19394,-1329
19394,-828
19400,-73
19400,474
19400,366
19400,-553
19400,-499
19400,-120
19400,554
19400,1168
19400,1064
19400,847
19400,1267
19400,507
19400,316
19400,1316
19400,2766
19400,3329
19400,3082
19400,2412
19400,2567
19400,2955
19400,3205
19400,3425
19400,3019
19400,4195
19400,3678
19400,3171
19401,1700
19401,805
19401,1969
19401,2649
19401,3539
19401,2822
19401,2329
19401,934
19401,42
19401,-977
19401,-458
19401,-121
19401,-1048
19401,-199
19401,-176
19401,-696
19401,-1602
19401,-2830
19401,-3521
19401,-3989
19401,-5557
19401,-6601
19401,-5568
19401,-6431
19401,-6040
19401,-6379
19401,-7431
19401,-5822
19401,-6799
19401,-6710
19401,-7699
19401,-7551
19401,-9014
19401,-8457
19401,-7589
19401,-9049
19401,-6439
19401,-6874
19401,-6818
19401,-6376
19401,-6964
19401,-6972
19401,-7916
19401,-8509
19401,-8670
19401,-6764
19401,-7324
19401,-7609
19401,-7951
19401,-7545
19401,-6408
19401,-6414
19401,-5738
19401,-6228
19401,-6368
19401,-7534
19401,-8312
19401,-8579
19401,-8760
19401,-8048
19401,-8194
19401,-8303
19402,-8399
19402,-6839
19402,-6502
19402,-6502
19402,-6849
19402,-6138
19402,-7429
19402,-6222
19402,-7615
19402,-6709
19402,-7966
19402,-6658
19402,-6022
19402,-5111
19402,-5276
19402,-4404
19402,-5516
19402,-5557
19402,-6313
19402,-6774
19402,-6801
19402,-6856
19402,-6734
19402,-5186
19402,-4583
19402,-4573
19402,-3836
19402,-3133
19402,-3099
19402,-5186
19402,-5674
19402,-6963
19402,-8286
19402,-7350
19402,-6981
19402,-6818
19402,-7800
19402,-6717
19402,-6922
19402,-5844
19408,-8062
19408,-7787
19408,-8009
19408,-8617
19408,-7647
19408,-8293
19408,-9363
19408,-9895
19408,-8965
19408,-8175
19408,-7619
19408,-6841
19408,-5737
19408,-5985
19408,-7100
19408,-7739
19408,-7622
19408,-8693
19408,-9343
19408,-8608
19408,-7759
19408,-8219
19408,-7320
19408,-6541
19408,-5454
19408,-6944
19409,-7710
19409,-7565
19409,-8186
19409,-9645
19409,-10025
19409,-8491
19409,-6541
19409,-6004
19409,-5056
19409,-5775
19409,-5845
19409,-6755
19409,-6166
19409,-7465
19409,-6846
19409,-7486
19409,-7852
19409,-7238
19409,-8427
19409,-8012
19409,-5904
19409,-4958
19409,-4739
19409,-4428
19409,-5560
19409,-6193
19409,-6009
19409,-8013
19409,-6766
19409,-7205
19409,-8183
19409,-7450
19409,-7513
19409,-6953
19409,-5015
19409,-3731
19409,-4538
19409,-2882
19409,-3017
19409,-3363
19409,-4450
19409,-4587
19409,-4988
19409,-3035
19409,-3445
19409,-2432
19409,-2352
19409,-2150
19409,-902
19409,-1058
19409,-1043
19409,-1365
19409,-1428
19409,-2147
19409,-4016
19409,-3525
19409,-2407
19409,437
19409,-17
19409,-945
19409,-1043
19409,-2472
19410,-2873
19410,-2573
19410,-2476
19410,-3082
19410,-3623
19410,-5483
19410,-5085
19410,-3502
19410,-2777
19410,-1366
19410,-1103
19410,-1275
19410,-1090
19410,-2801
19410,-3532
19410,-3671
19410,-4033
19410,-4351
19410,-5278
19410,-7153
19410,-7333
19410,-6527
19410,-5233
19410,-3982
19410,-3499
19410,-2055
19410,-3245
19410,-4120
19410,-5487
19410,-5109
19410,-4142
19410,-2802
19410,-2349
19410,-3195
19410,-1696
19410,-153
19410,816
19410,489
19410,-1101
19410,-2156
19416,-3139
19416,-1883
19416,-1873
19416,-1591
19416,-1032
19416,-133
19416,881
19416,249
19416,-686
19416,-303
19416,1264
19416,1411
19416,670
19416,1562
19416,1075
19416,611
19416,1714
19416,-32
19416,1642
19416,1434
19416,4085
19416,4295
19416,3633
19416,3567
19416,4971
19416,4293
19417,4462
19417,3582
19417,3700
19417,3376
19417,4287
19417,5279
19417,6867
19417,7389
19417,7478
19417,8273
19417,7510
19417,7192
19417,7783
19417,7561
19417,6365
19417,5744
19417,5875
19417,7554
19417,9054
19417,8475
19417,8542
19417,9459
19417,8647
19417,5807
19417,6052
19417,6673
19417,7152
19417,6972
19417,7728
19417,8142
19417,7505
19417,8112
19417,8578
19417,7546
19417,6741
19417,6425
19417,7578
19417,6519
19417,7200
19417,6970
19417,7716
19417,8060
19417,8665
19417,9873
19417,9345
19417,7987
19417,7644
19417,6983
19417,6320
19417,6250
19417,6290
19417,5963
19417,7258
19417,7164
19417,8666
19417,8753
19417,8942
19417,9287
19417,8936
19417,8816
19417,8834
19417,8832
19418,9273
19418,8012
19418,7428
19418,8474
19418,9505
19418,10684
19418,10807
19418,11831
19418,10151
19418,8905
19418,9396
19418,8214
19418,8347
19418,8162
19418,9151
19418,8891
19418,8426
19418,9109
19418,10094
19418,10582
19418,10979
19418,10662
19418,9830
19418,8977
19418,7532
19418,7158
19418,7626
19418,9195
19418,11022
19418,11642
19418,10538
19418,9571
19418,10587
19418,10613
19418,9219
19418,7300
19418,7700
19418,7514
19418,7663
19418,5508
19424,5892
19424,6766
19424,7294
19424,5745
19424,5864
19424,4810
19424,4277
19424,5989
19424,6763
19424,6478
19424,6108
19424,6010
19424,5877
19424,4733
19424,5623
19424,7717
19424,8739
19424,6597
19424,7652
19424,6729
19424,4174
19424,3601
19424,4832
19424,5867
19424,6010
19424,6639
19425,6023
19425,6224
19425,7205
19425,7064
19425,7383
19425,6943
19425,6281
19425,6009
19425,5421
19425,4263
19425,4429
19425,7786
19425,7767
19425,7761
19425,7777
19425,9137
19425,9379
19425,8560
19425,9810
19425,11606
19425,10623
19425,9728
19425,8802
19425,8846
19425,9488
19425,9491
19425,11354
19425,9990
19425,8724
19425,9127
19425,9787
19425,9662
19425,10491
19425,11999
19425,11564
19425,12144
19425,10782
19425,9279
19425,8279
19425,10463
19425,10500
19425,13409
19425,13588
19425,13473
19425,13481
19425,13221
19425,12826
19425,12766
19425,12367
19425,10288
19425,10681
19425,11530
19425,13706
19425,13633
19425,15675
19425,14264
19425,14354
19425,13921
19425,12657
19425,12079
19425,13100
19425,13378
19426,12806
19426,12837
19426,12675
19426,13887
19426,14369
19426,14563
19426,13615
19426,13335
19426,13952
19426,12934
19426,11833
19426,12564
19426,13394
19426,14104
19426,14291
19426,13960
19426,14657
19426,14092
19426,12760
19426,14008
19426,16784
19426,15860
19426,15769
19426,15108
19426,15620
19426,14867
19426,14970
19426,14258
19426,13739
19426,12051
19426,12220
19426,12196
19426,10596
19426,11058
19426,12621
19426,14700
19426,13874
19426,12429
19426,12418
19426,13919
19432,13595
19432,14182
19432,14784
19432,16504
19432,16378
19432,17029
19432,14857
19432,13884
19432,11974
19432,11060
19432,11682
19432,11210
19432,12863
19432,14047
19432,15970
19432,17208
19432,16933
19432,16186
19432,15031
19432,15695
19432,15172
19432,13549
19432,12508
19432,13233
19432,14613
19432,15291
19433,15973
19433,14663
19433,14781
19433,16347
19433,14506
19433,15183
19433,15438
19433,15290
19433,17589
19433,20295
19433,19220
19433,18245
19433,18265
19433,18105
19433,16898
19433,15421
19433,14654
19433,13700
19433,14449
19433,14445
19433,15555
19433,14519
19433,11285
19433,12318
19433,15148
19433,15874
19433,15376
19433,16354
19433,17828
19433,17658
19433,16885
19433,17912
19433,18167
19433,14175
19433,13040
19433,13961
19433,13884
19433,13420
19433,12342
19433,14822
19433,14526
19433,14521
19433,13151
19433,13600
19433,13904
19433,13409
19433,14958
19433,16805
19433,17702
19433,16395
19433,18042
19433,18891
19433,16814
19433,14067
19433,12380
19433,11193
19433,10507
19433,9928
19433,10829
19433,9037
19433,9472
19433,10016
19434,11374
19434,11134
19434,9348
19434,8286
19434,8885
19434,10636
19434,12727
19434,12723
19434,12651
19434,12166
19434,11100
19434,10017
19434,8002
19434,7388
19434,7586
19434,8676
19434,10191
19434,10312
19434,10324
19434,10589
19434,10509
19434,12062
19434,12563
19434,12808
19434,13074
19434,12385
19434,12595
19434,11948
19434,12001
19434,13462
19434,15411
19434,14058
19434,11487
19434,11123
19434,11041
19434,11350
19434,11112
19434,11941
19434,15212
19434,19414
19440,21763
19440,20171
19440,18561
19440,16463
19440,16249
19440,19856
19440,18186
19440,16544
19440,13579
19440,9078
19440,8252
19440,10204
19440,10154
19440,10125
19440,13280
19440,15440
19440,16352
19440,18922
19440,21198
19440,25509
19440,28072
19440,29325
19440,31792
19440,27833
19440,22485
19440,17373
19441,15775
19441,14276
19441,10291
19441,4378
19441,1033
19441,-608
19441,1605
19441,5986
19441,5921
19441,5544
19441,8315
19441,13442
19441,13995
19441,15703
19441,19063
19441,18967
19441,19403
19441,18747
19441,18231
19441,14008
19441,7948
19441,4227
19441,7487
19441,7011
19441,8335
19441,8439
19441,11302
19441,13119
19441,17202
19441,19003
19441,21838
19441,25420
19441,28471
19441,28675
19441,24214
19441,20222
19441,14676
19441,13302
19441,14673
19441,13963
19441,17053
19441,18553
19441,20910
19441,23026
19441,22076
19441,19731
19441,17397
19441,16798
19441,17092
19441,20149
19441,26799
19441,28737
19441,27305
19441,24552
19441,23182
19441,24336
19441,21196
19441,19234
19441,17682
19441,12873
19441,5500
19441,2678
19442,-133
19442,-1321
19442,-3789
19442,-8659
19442,-12669
19442,-16109
19442,-16723
19442,-21901
19442,-24432
19442,-24675
19442,-21616
19442,-18293
19442,-16246
19442,-15992
19442,-13244
19442,-9988
19442,-7217
19442,-4664
19442,-2530
19442,-2806
19442,-1339
19442,1508
19442,3106
19442,8103
19442,11146
19442,14538
19442,17887
19442,20389
19442,25767
19442,26396
19442,26175
19442,26595
19442,27923
19442,27095
19442,24094
19442,22952
19442,25779
19442,33146
19442,38886
19442,38291
19448,30915
19448,25460
19448,26705
19448,29486
19448,30959
19448,30459
19448,31930
19448,38312
19448,37864
19448,34815
19448,32475
19448,34553
19448,33997
19448,33252
19448,33088
19448,27697
19448,21531
19448,11332
19448,1584
19448,-2297
19448,-4181
19448,-2773
19448,-1365
19448,3112
19448,5008
19448,4115
19449,1195
19449,-5157
19449,-9385
19449,-13353
19449,-16490
19449,-22060
19449,-25448
19449,-24761
19449,-16756
19449,-9947
19449,-3850
19449,3790
19449,8064
19449,9929
19449,6016
19449,2230
19449,-1160
19449,-3488
19449,-4192
19449,-3196
19449,-3739
19449,-6892
19449,-7242
19449,-4255
19449,-2088
19449,-1870
19449,-2880
19449,-324
19449,5619
19449,5094
19449,3045
19449,-1970
19449,-5049
19449,-5441
19449,-7153
19449,-7820
19449,-4979
19449,-1231
19449,4739
19449,9843
19449,11549
19449,11025
19449,12566
19449,15049
19449,14707
19449,13420
19449,15439
19449,19303
19449,21283
19449,23671
19449,25669
19449,23522
19449,19772
19449,16758
19449,14072
19449,6689
19449,2400
19449,2238
19449,4424
19449,6319
19449,2640
19449,1955
19450,-4420
19450,-9240
19450,-9516
19450,-5133
19450,-1329
19450,1537
19450,390
19450,-971
19450,-3482
19450,-4785
19450,-4165
19450,-1985
19450,-864
19450,-868
19450,-1592
19450,-1660
19450,-4055
19450,-6408
19450,-6494
19450,-5436
19450,-4179
19450,-7795
19450,-11958
19450,-15422
19450,-16861
19450,-16475
19450,-16046
19450,-15521
19450,-14351
19450,-13976
19450,-14353
19450,-14646
19450,-9494
19450,1039
19450,11125
19450,19172
19450,22438
19450,25744
19450,24429
19450,18664
19456,16428
19456,15912
19456,18616
19456,18241
19456,18481
19456,19341
19456,20294
19456,20968
19456,21590
19456,21161
19456,18472
19456,18496
19456,17017
19456,12540
19456,7768
19456,8720
19456,13780
19456,15097
19456,14418
19456,11671
19456,7049
19456,950
19456,-6228
19456,-9607
19456,-9002
19456,-10591
19457,-11563
19457,-13614
19457,-14460
19457,-14990
19457,-13350
19457,-9465
19457,-6740
19457,-2474
19457,-490
19457,-738
19457,-2637
19457,-4829
19457,-2986
19457,-4348
19457,-5232
19457,-5310
19457,-7318
19457,-8022
19457,-8199
19457,-9821
19457,-11773
19457,-14726
19457,-14937
19457,-16592
19457,-15909
19457,-12903
19457,-10594
19457,-5435
19457,-1241
19457,2451
19457,4694
19457,4212
19457,946
19457,25
19457,-1083
19457,-2104
19457,-2361
19457,1169
19457,3850
19457,1279
19457,-1480
19457,-3359
19457,-9114
19457,-13606
19457,-14757
19457,-15576
19457,-12264
19457,-8445
19457,-6632
19457,-7398
19457,-6230
19457,-5962
19457,-391
19457,5811
19457,11797
19457,16248
19457,20215
19457,20508
19457,17713
19457,13867
19457,11403
19457,14943
19458,18271
19458,18178
19458,14824
19458,10600
19458,9266
19458,8239
19458,8048
19458,7407
19458,4181
19458,-259
19458,-7769
19458,-14202
19458,-17163
19458,-19293
19458,-20047
19458,-21085
19458,-18338
19458,-16489
19458,-18018
19458,-19075
19458,-17441
19458,-14232
19458,-8619
19458,-4156
19458,-1701
19458,-2425
19458,-1990
19458,-225
19458,-707
19458,1711
19458,6290
19458,13938
19458,18374
19458,21835
19458,25054
19458,27755
19458,27289
19458,28501
19458,28797
19458,30654
19464,30453
19464,26050
19464,23242
19464,22884
19464,20350
19464,18812
19464,17639
19464,16325
19464,13208
19464,8867
19464,6073
19464,3728
19464,2148
19464,1480
19464,1058
19464,1297
19464,-1353
19464,-4108
19464,-7739
19464,-12217
19464,-15949
19464,-18787
19464,-17861
19464,-20486
19464,-22997
19464,-24344
19465,-25785
19465,-26810
19465,-25784
19465,-24131
19465,-25121
19465,-27115
19465,-27670
19465,-28783
19465,-27790
19465,-27101
19465,-25067
19465,-23384
19465,-26533
19465,-26336
19465,-23771
19465,-22726
19465,-20600
19465,-21509
19465,-20080
19465,-18185
19465,-17116
19465,-15890
19465,-13169
19465,-11455
19465,-7883
19465,-2190
19465,5337
19465,11725
19465,17178
19465,19725
19465,21558
19465,20348
19465,18454
19465,17746
19465,16359
19465,18060
19465,21315
19465,22607
19465,21533
19465,17866
19465,14008
19465,7664
19465,2367
19465,-2638
19465,-8331
19465,-15587
19465,-16710
19465,-14677
19465,-8334
19465,-3899
19465,-2252
19465,-2434
19465,-2849
19465,-4627
19465,-4906
19465,-5579
19465,-6526
19465,-6888
19465,-4560
19465,-3948
19465,-5103
19465,-6642
19466,-3676
19466,-2250
19466,-1347
19466,-1789
19466,-3493
19466,-3159
19466,-2882
19466,-5704
19466,-8409
19466,-9037
19466,-9542
19466,-11701
19466,-12005
19466,-11635
19466,-12312
19466,-12513
19466,-13903
19466,-13423
19466,-11109
19466,-12147
19466,-11993
19466,-9607
19466,-8049
19466,-5609
19466,987
19466,5182
19466,7617
19466,6238
19466,5695
19466,5123
19466,4977
19466,4208
19466,4595
19466,4131
19466,-134
19466,-5462
19466,-7070
19466,-8238
19466,-9990
19466,-11260
19472,-10770
19472,-9361
19472,-9258
19472,-9171
19472,-9427
19472,-12483
19472,-15956
19472,-19828
19472,-21734
19472,-22259
19472,-23384
19472,-21551
19472,-18393
19472,-13877
19472,-8985
19472,-5365
19472,-1707
19472,-240
19472,-1678
19472,-3312
19472,-4582
19472,-4246
19472,-3797
19472,-1994
19472,708
19472,198
19473,-222
19473,3525
19473,7839
19473,10819
19473,11360
19473,10509
19473,9625
19473,8725
19473,8089
19473,4339
19473,-382
19473,-4886
19473,-8026
19473,-11535
19473,-13335
19473,-8620
19473,-4377
19473,-1942
19473,-947
19473,-3427
19473,-4920
19473,-5431
19473,-7710
19473,-9344
19473,-10585
19473,-11681
19473,-11457
19473,-11984
19473,-11002
19473,-9910
19473,-8320
19473,-9285
19473,-10385
19473,-13629
19473,-17114
19473,-20372
19473,-22651
19473,-26523
19473,-29126
19473,-33847
19473,-37263
19473,-36648
19473,-34523
19473,-34419
19473,-32198
19473,-29859
19473,-27083
19473,-22394
19473,-16692
19473,-13095
19473,-14499
19473,-15146
19473,-15980
19473,-17344
19473,-24274
19473,-28136
19473,-31034
19473,-30778
19473,-28216
19473,-29080
19473,-27936
19473,-26256
19474,-25611
19474,-25353
19474,-24482
19474,-24541
19474,-24368
19474,-22464
19474,-19219
19474,-16119
19474,-13194
19474,-13028
19474,-10409
19474,-5740
19474,-1916
19474,1570
19474,5379
19474,6481
19474,6988
19474,5394
19474,4638
19474,3921
19474,3446
19474,1926
19474,441
19474,2528
19474,1682
19474,-1546
19474,-5399
19474,-7933
19474,-10566
19474,-14358
19474,-16000
19474,-17909
19474,-20780
19474,-23368
19474,-24109
19474,-23012
19474,-22796
19474,-25563
19474,-28321
19474,-29211
19480,-30122
19480,-28111
19480,-23237
19480,-20822
19480,-19481
19480,-19069
19480,-17885
19480,-18625
19480,-19481
19480,-18814
19480,-18594
19480,-15922
19480,-13352
19480,-12369
19480,-9139
19480,-5090
19480,-3586
19480,-5272
19480,-8953
19480,-9843
19480,-12420
19480,-11680
19480,-11949
19480,-12797
19480,-11628
19480,-11863
19481,-9507
19481,-8090
19481,-6321
19481,-7770
19481,-11459
19481,-13760
19481,-17164
19481,-18520
19481,-20899
19481,-22467
19481,-22335
19481,-21693
19481,-19780
19481,-15869
19481,-12042
19481,-10087
19481,-7697
19481,-8695
19481,-11038
19481,-12795
19481,-15371
19481,-17534
19481,-20751
19481,-24447
19481,-24930
19481,-26807
19481,-29773
19481,-32778
19481,-36403
19481,-36019
19481,-33846
19481,-32787
19481,-31709
19481,-28425
19481,-25166
19481,-21695
19481,-18587
19481,-13055
19481,-11475
19481,-10422
19481,-10874
19481,-11437
19481,-10210
19481,-7830
19481,-9044
19481,-12180
19481,-14211
19481,-12630
19481,-13559
19481,-14403
19481,-15620
19481,-16448
19481,-17457
19481,-18552
19481,-16416
19481,-14141
19481,-13895
19481,-11665
19481,-10541
19481,-9093
19481,-5841
19481,-6473
19482,-4684
19482,-4098
19482,-2946
19482,-3360
19482,-4964
19482,-6836
19482,-9055
19482,-6703
19482,-5132
19482,-2023
19482,1490
19482,2110
19482,2358
19482,2419
19482,1276
19482,-970
19482,-3654
19482,-4373
19482,-5776
19482,-7407
19482,-10212
19482,-11082
19482,-13770
19482,-16432
19482,-21524
19482,-24825
19482,-27289
19482,-29376
19482,-29056
19482,-29055
19482,-28416
19482,-26801
19482,-25469
19482,-24157
19482,-23209
19482,-23315
19482,-22987
19482,-24164
19482,-28048
19482,-30706
19488,-33772
19488,-35823
19488,-35580
19488,-32609
19488,-30260
19488,-28324
19488,-25886
19488,-25439
19488,-23420
19488,-21318
19488,-18038
19488,-16194
19488,-13233
19488,-10397
19488,-9838
19488,-10030
19488,-12722
19488,-13396
19488,-14128
19488,-15491
19488,-15747
19488,-15173
19488,-13349
19488,-10353
19488,-8806
19488,-8318
19489,-8870
19489,-9615
19489,-9992
19489,-10294
19489,-11201
19489,-10591
19489,-9842
19489,-9592
19489,-8085
19489,-4580
19489,-3289
19489,-3523
19489,-6622
19489,-9289
19489,-12866
19489,-16407
19489,-20227
19489,-23683
19489,-24447
19489,-21705
19489,-18342
19489,-14478
19489,-12360
19489,-11252
19489,-10257
19489,-9067
19489,-11717
19489,-13962
19489,-15029
19489,-14718
19489,-13612
19489,-13173
19489,-12580
19489,-10651
19489,-10297
19489,-10639
19489,-12815
19489,-15149
19489,-18150
19489,-20982
19489,-21822
19489,-22057
19489,-21534
19489,-21002
19489,-20539
19489,-19459
19489,-17937
19489,-17079
19489,-18886
19489,-20237
19489,-22989
19489,-22997
19489,-21810
19489,-21511
19489,-19583
19489,-18624
19489,-15976
19489,-15130
19489,-14627
19489,-13701
19489,-13833
19489,-14931
19490,-17277
19490,-19629
19490,-20070
19490,-18738
19490,-16473
19490,-13849
19490,-10990
19490,-6432
19490,-3672
19490,-4787
19490,-7825
19490,-10512
19490,-11550
19490,-13606
19490,-13182
19490,-11376
19490,-9776
19490,-7924
19490,-7898
19490,-10294
19490,-12229
19490,-15300
19490,-19529
19490,-23540
19490,-27547
19490,-29832
19490,-31171
19490,-31146
19490,-30679
19490,-28943
19490,-27259
19490,-25196
19490,-23905
19490,-22841
19490,-21684
19490,-20318
19490,-18229
19490,-16027
19490,-10694
19490,-8264
19496,-6698
19496,-7381
19496,-5351
19496,-5919
19496,-6198
19496,-6617
19496,-6928
19496,-5413
19496,-3907
19496,-2927
19496,-2778
19496,-3243
19496,-3235
19496,-2928
19496,-2038
19496,-2350
19496,-938
19496,-505
19496,1670
19496,2932
19496,3448
19496,4078
19496,4225
19496,4284
19496,3986
19496,1700
19497,-1122
19497,-4918
19497,-6975
19497,-11200
19497,-13233
19497,-14161
19497,-15663
19497,-16118
19497,-15731
19497,-16362
19497,-16701
19497,-18085
19497,-20033
19497,-23630
19497,-28332
19497,-31449
19497,-33359
19497,-34690
19497,-34690
19497,-32880
19497,-31647
19497,-28762
19497,-25188
19497,-21412
19497,-17003
19497,-14798
19497,-12325
19497,-9827
19497,-9290
19497,-10417
19497,-11550
19497,-12165
19497,-11747
19497,-11238
19497,-9743
19497,-7725
19497,-7693
19497,-6600
19497,-6505
19497,-5112
19497,-3286
19497,-3715
19497,-4467
19497,-5214
19497,-7610
19497,-7228
19497,-7282
19497,-6652
19497,-5005
19497,-3500
19497,-2294
19497,-635
19497,7
19497,-739
19497,-640
19497,-2451
19497,-4162
19497,-6226
19497,-7358
19497,-7930
19497,-7521
19497,-6696
19498,-6796
19498,-6194
19498,-5857
19498,-4907
19498,-4690
19498,-3232
19498,-3763
19498,-4114
19498,-4971
19498,-7266
19498,-8414
19498,-7001
19498,-6765
19498,-6222
19498,-5769
19498,-5324
19498,-3888
19498,-4737
19498,-5244
19498,-5891
19498,-5224
19498,-5655
19498,-8378
19498,-11055
19498,-12574
19498,-11808
19498,-11617
19498,-11606
19498,-11086
19498,-11419
19498,-13578
19498,-19074
19498,-24089
19498,-27313
19498,-30929
19498,-31631
19498,-31615
19498,-29964
19498,-29419
19498,-28506
19504,-24991
19504,-22592
19504,-18841
19504,-14869
19504,-12282
19504,-6659
19504,-3279
19504,-1696
19504,-329
19504,-1204
19504,-3750
19504,-5397
19504,-7586
19504,-8904
19504,-10453
19504,-9826
19504,-6732
19504,-2246
19504,2021
19504,3433
19504,4812
19504,4670
19504,3242
19504,1885
19504,1459
19504,2086
19505,643
19505,-1144
19505,-3731
19505,-5048
19505,-6401
19505,-6238
19505,-6176
19505,-3471
19505,-1606
19505,-271
19505,881
19505,-274
19505,-4083
19505,-5529
19505,-8575
19505,-9972
19505,-9390
19505,-8107
19505,-6865
19505,-5621
19505,-3148
19505,-499
19505,-221
19505,977
19505,1112
19505,1321
19505,-247
19505,-1712
19505,-1082
19505,-1786
19505,-1323
19505,-1529
19505,-496
19505,2186
19505,5216
19505,7381
19505,10484
19505,10002
19505,12229
19505,13639
19505,10631
19505,7222
19505,4481
19505,2744
19505,2228
19505,1156
19505,1323
19505,3937
19505,5604
19505,6493
19505,4365
19505,1335
19505,-1068
19505,-6007
19505,-10283
19505,-12773
19505,-15338
19505,-15077
19505,-16046
19505,-15005
19505,-13786
19505,-12337
19506,-10665
19506,-11580
19506,-11590
19506,-13928
19506,-16522
19506,-17408
19506,-17142
19506,-15075
19506,-13640
19506,-10318
19506,-7369
19506,-3526
19506,431
19506,2530
19506,3803
19506,5210
19506,3902
19506,3360
19506,1022
19506,469
19506,593
19506,1399
19506,2550
19506,3387
19506,4604
19506,6288
19506,8454
19506,8927
19506,8432
19506,6552
19506,5052
19506,3840
19506,1205
19506,-1515
19506,-5009
19506,-7992
19506,-10321
19506,-10840
19506,-9131
19506,-7754
19512,-6727
19512,-4950
19512,-4751
19512,-3259
19512,-4110
19512,-4762
19512,-5498
19512,-5303
19512,-5637
19512,-4611
19512,-3431
19512,-2590
19512,-1976
19512,-939
19512,-844
19512,-223
19512,663
19512,-1102
19512,-1978
19512,-2871
19512,-1863
19512,-1454
19512,523
19512,1326
19512,1751
19512,1690
19513,1255
19513,389
19513,-250
19513,-2187
19513,-3062
19513,-3600
19513,-3782
19513,-5497
19513,-6749
19513,-5749
19513,-5316
19513,-3994
19513,-3038
19513,-1836
19513,-1994
19513,-1549
19513,-3305
19513,-4352
19513,-7150
19513,-7759
19513,-8817
19513,-7793
19513,-6681
19513,-7010
19513,-5883
19513,-4318
19513,-1878
19513,1257
19513,2837
19513,4312
19513,7082
19513,7292
19513,7147
19513,8066
19513,9007
19513,10403
19513,11245
19513,11755
19513,12886
19513,13442
19513,13412
19513,13159
19513,14451
19513,15219
19513,15021
19513,14613
19513,13738
19513,9856
19513,7127
19513,6739
19513,5374
19513,4794
19513,5962
19513,5974
19513,7275
19513,6929
19513,7922
19513,6573
19513,3338
19513,-402
19513,-3435
19513,-6126
19514,-9915
19514,-10680
19514,-12795
19514,-12932
19514,-12216
19514,-10590
19514,-10752
19514,-10657
19514,-10078
19514,-10764
19514,-10980
19514,-12899
19514,-13274
19514,-11325
19514,-10665
19514,-6842
19514,-3795
19514,-1271
19514,1207
19514,4605
19514,6276
19514,8243
19514,7163
19514,4942
19514,4676
19514,3361
19514,2448
19514,1528
19514,3404
19514,3796
19514,5030
19514,8345
19514,11555
19514,14152
19514,14498
19514,14469
19514,13779
19514,11528
19514,9255
19514,6094
19520,3571
19520,1100
19520,-970
19520,-1564
19520,-3367
19520,-5486
19520,-6340
19520,-7268
19520,-6585
19520,-7286
19520,-6826
19520,-6822
19520,-6634
19520,-6830
19520,-7868
19520,-8701
19520,-8599
19520,-7135
19520,-6168
19520,-5464
19520,-4024
19520,-3635
19520,-3373
19520,-3284
19520,-1065
19520,-666
19521,1270
19521,2983
19521,4492
19521,5392
19521,6181
19521,6495
19521,7346
19521,8222
19521,7984
19521,6851
19521,5389
19521,3040
19521,2892
19521,1907
19521,-310
19521,-3026
19521,-3939
19521,-6873
19521,-8608
19521,-8934
19521,-10908
19521,-10953
19521,-9474
19521,-9644
19521,-9430
19521,-11262
19521,-12317
19521,-13170
19521,-14963
19521,-15603
19521,-15854
19521,-13482
19521,-12265
19521,-12062
19521,-9770
19521,-6705
19521,-4914
19521,-3295
19521,-1167
19521,-1581
19521,-1498
19521,-1127
19521,-1169
19521,71
19521,2349
19521,2662
19521,2995
19521,2508
19521,3778
19521,4477
19521,4372
19521,4168
19521,3741
19521,5631
19521,6241
19521,4158
19521,2981
19521,1846
19521,1014
19521,-737
19521,-3098
19521,-4856
19522,-5893
19522,-6791
19522,-9574
19522,-10823
19522,-9867
19522,-10364
19522,-9912
19522,-10371
19522,-10789
19522,-9698
19522,-9498
19522,-9441
19522,-8332
19522,-6310
19522,-7090
19522,-6884
19522,-5808
19522,-4146
19522,-598
19522,-146
19522,628
19522,700
19522,2405
19522,3842
19522,6570
19522,9052
19522,9594
19522,10276
19522,9778
19522,8800
19522,7122
19522,5976
19522,4109
19522,1905
19522,59
19522,-1163
19522,-1976
19522,-2836
19522,-2717
19522,-3142
19528,-3870
19528,-4393
19528,-5919
19528,-6632
19528,-6875
19528,-7623
19528,-8896
19528,-10087
19528,-11409
19528,-11733
19528,-13622
19528,-14489
19528,-14140
19528,-15232
19528,-16362
19528,-18024
19528,-19968
19528,-20761
19528,-21206
19528,-20496
19528,-20592
19528,-20675
19528,-20525
19528,-19121
19528,-18123
19528,-16897
19529,-15457
19529,-15474
19529,-15690
19529,-15041
19529,-13175
19529,-11368
19529,-8933
19529,-7217
19529,-4354
19529,-3176
19529,-2172
19529,-1092
19529,-2274
19529,-3711
19529,-6275
19529,-7760
19529,-8011
19529,-9456
19529,-10476
19529,-8863
19529,-9164
19529,-11034
19529,-12151
19529,-12971
19529,-13556
19529,-14498
19529,-15250
19529,-16984
19529,-17783
19529,-17002
19529,-16197
19529,-14595
19529,-13443
19529,-11823
19529,-10581
19529,-10133
19529,-10194
19529,-9063
19529,-7091
19529,-5334
19529,-4176
19529,-3372
19529,-2864
19529,-719
19529,-185
19529,782
19529,1497
19529,1330
19529,1622
19529,2328
19529,740
19529,-396
19529,232
19529,946
19529,1096
19529,-257
19529,-2058
19529,-3011
19529,-4052
19529,-5263
19529,-6472
19529,-7070
19530,-9711
19530,-11897
19530,-13135
19530,-13480
19530,-13413
19530,-14223
19530,-14737
19530,-15213
19530,-17115
19530,-17752
19530,-19851
19530,-21803
19530,-23564
19530,-24246
19530,-24678
19530,-25126
19530,-24717
19530,-23939
19530,-22392
19530,-18594
19530,-15799
19530,-13060
19530,-11551
19530,-10259
19530,-9479
19530,-7990
19530,-7556
19530,-6416
19530,-4680
19530,-3615
19530,-3039
19530,-1443
19530,999
19530,1770
19530,3383
19530,4507
19530,4843
19530,4077
19530,3310
19530,4319
19536,4519
19536,4454
19536,3864
19536,2271
19536,1445
19536,1128
19536,-991
19536,-2739
19536,-5301
19536,-7770
19536,-10379
19536,-12317
19536,-14535
19536,-15926
19536,-16942
19536,-15708
19536,-15249
19536,-16317
19536,-17404
19536,-17801
19536,-19002
19536,-19462
19536,-19829
19536,-19599
19536,-20161
19536,-20975
19537,-20512
19537,-20981
19537,-20233
19537,-19188
19537,-16867
19537,-16390
19537,-15243
19537,-14557
19537,-15457
19537,-16840
19537,-17232
19537,-16878
19537,-16754
19537,-15890
19537,-16572
19537,-15998
19537,-13889
19537,-11636
19537,-10636
19537,-12333
19537,-13644
19537,-13604
19537,-14142
19537,-14646
19537,-14552
19537,-15665
19537,-16523
19537,-15907
19537,-15124
19537,-15854
19537,-14904
19537,-14178
19537,-14846
19537,-14196
19537,-14520
19537,-15858
19537,-15245
19537,-15893
19537,-15284
19537,-14903
19537,-16209
19537,-16650
19537,-17355
19537,-18966
19537,-19799
19537,-18998
19537,-18345
19537,-17799
19537,-17929
19537,-17214
19537,-16487
19537,-15347
19537,-14486
19537,-15156
19537,-14797
19537,-14660
19537,-15432
19537,-17174
19537,-18670
19537,-20362
19537,-21620
19537,-23206
19538,-22953
19538,-22355
19538,-21918
19538,-21101
19538,-21216
19538,-20515
19538,-19974
19538,-19768
19538,-20402
19538,-21189
19538,-21111
19538,-19654
19538,-17816
19538,-17107
19538,-16577
19538,-16508
19538,-14700
19538,-14102
19538,-13840
19538,-13329
19538,-14149
19538,-14928
19538,-13384
19538,-14321
19538,-14840
19538,-15652
19538,-13314
19538,-11959
19538,-11576
19538,-11217
19538,-10672
19538,-9687
19538,-10554
19538,-9961
19538,-10449
19538,-10128
19538,-10249
19538,-10412
19538,-9096
19538,-10267
19544,-10346
19544,-9884
19544,-11127
19544,-11556
19544,-13881
19544,-16359
19544,-18337
19544,-20505
19544,-21044
19544,-21553
19544,-21675
19544,-21931
19544,-22618
19544,-22536
19544,-21763
19544,-21841
19544,-22237
19544,-21885
19544,-21924
19544,-21461
19544,-21689
19544,-21835
19544,-22925
19544,-22623
19544,-22158
19544,-21214
19545,-20849
19545,-19169
19545,-18471
19545,-16725
19545,-16367
19545,-17005
19545,-16047
19545,-14976
19545,-13896
19545,-14237
19545,-14617
19545,-14723
19545,-13236
19545,-12185
19545,-11842
19545,-10419
19545,-10368
19545,-9153
19545,-10571
19545,-10921
19545,-10593
19545,-10126
19545,-9276
19545,-10029
19545,-10286
19545,-9413
19545,-10039
19545,-11507
19545,-13395
19545,-14913
19545,-15745
19545,-17299
19545,-19330
19545,-20368
19545,-22627
19545,-23499
19545,-24397
19545,-24938
19545,-25133
19545,-25645
19545,-25826
19545,-25874
19545,-25216
19545,-24323
19545,-22252
19545,-21041
19545,-20543
19545,-19859
19545,-20445
19545,-21152
19545,-21792
19545,-22697
19545,-21746
19545,-21999
19545,-22367
19545,-22079
19545,-21416
19545,-21586
19545,-21574
19545,-20416
19545,-20571
19545,-20318
19546,-20402
19546,-20938
19546,-21206
19546,-21391
19546,-21487
19546,-22470
19546,-22532
19546,-22809
19546,-22828
19546,-22536
19546,-22380
19546,-22297
19546,-23082
19546,-22776
19546,-22846
19546,-22868
19546,-22423
19546,-22890
19546,-23626
19546,-23756
19546,-24034
19546,-24397
19546,-23275
19546,-24193
19546,-24704
19546,-24849
19546,-25363
19546,-25875
19546,-26747
19546,-26275
19546,-25169
19546,-24485
19546,-24215
19546,-23681
19546,-24113
19546,-22876
19546,-22359
19546,-20998
19546,-19330
19546,-16486
19552,-16029
19552,-15552
19552,-15742
19552,-16599
19552,-16348
19552,-16535
19552,-16950
19552,-16419
19552,-16764
19552,-17290
19552,-17328
19552,-16999
19552,-17026
19552,-16747
19552,-17985
19552,-18783
19552,-19295
19552,-19827
19552,-21789
19552,-23542
19552,-24017
19552,-25296
19552,-24996
19552,-25046
19552,-23955
19552,-23542
19553,-23006
19553,-22719
19553,-22732
19553,-22045
19553,-21283
19553,-21722
19553,-20281
19553,-21048
19553,-19737
19553,-18084
19553,-18258
19553,-17282
19553,-17187
19553,-16732
19553,-17722
19553,-18620
19553,-18432
19553,-18844
19553,-18155
19553,-18243
19553,-18054
19553,-19442
19553,-21702
19553,-23692
19553,-23558
19553,-23988
19553,-25156
19553,-25032
19553,-24895
19553,-25538
19553,-25861
19553,-26104
19553,-27269
19553,-26332
19553,-25272
19553,-25737
19553,-25685
19553,-23684
19553,-22640
19553,-21173
19553,-20295
19553,-20038
19553,-18700
19553,-19507
19553,-20231
19553,-21244
19553,-22771
19553,-24584
19553,-24640
19553,-24670
19553,-25165
19553,-25534
19553,-24219
19553,-24303
19553,-24314
19553,-23985
19553,-24466
19553,-24456
19553,-24162
19553,-24957
19553,-27028
19553,-27508
19554,-27527
19554,-27281
19554,-27874
19554,-27249
19554,-26469
19554,-26154
19554,-26140
19554,-26011
19554,-26435
19554,-25742
19554,-24550
19554,-24264
19554,-24795
19554,-24547
19554,-24727
19554,-25442
19554,-25237
19554,-25343
19554,-25132
19554,-23871
19554,-22568
19554,-21382
19554,-20948
19554,-20029
19554,-18866
19554,-18520
19554,-18275
19554,-18579
19554,-17674
19554,-17276
19554,-18294
19554,-17018
19554,-16108
19554,-15370
19554,-14730
19554,-15276
19554,-15817
19554,-16220
19554,-16421
19554,-17687
19560,-19048
19560,-18738
19560,-17763
19560,-18107
19560,-17761
19560,-18333
19560,-18618
19560,-18145
19560,-18528
19560,-19731
19560,-19353
19560,-21153
19560,-21284
19560,-21914
19560,-21159
19560,-20371
19560,-20217
19560,-20348
19560,-19708
19560,-20151
19560,-19561
19560,-19051
19560,-18404
19560,-17266
19560,-17423
19560,-16627
19561,-15136
19561,-14398
19561,-13252
19561,-12187
19561,-12380
19561,-11689
19561,-12258
19561,-11814
19561,-10800
19561,-10242
19561,-11530
19561,-12550
19561,-12274
19561,-12249
19561,-11171
19561,-11188
19561,-11337
19561,-11375
19561,-12404
19561,-11457
19561,-13169
19561,-13598
19561,-13591
19561,-14482
19561,-13907
19561,-14285
19561,-14215
19561,-14739
19561,-14648
19561,-14222
19561,-15262
19561,-15743
19561,-14179
19561,-13105
19561,-13092
19561,-12822
19561,-13056
19561,-11752
19561,-12979
19561,-13155
19561,-14468
19561,-15397
19561,-15981
19561,-16070
19561,-16642
19561,-17184
19561,-17131
19561,-16731
19561,-16298
19561,-16101
19561,-16061
19561,-14956
19561,-13940
19561,-12453
19561,-11365
19561,-10881
19561,-9463
19561,-7547
19561,-7048
19561,-6680
19561,-7645
19561,-6668
19562,-6133
19562,-6364
19562,-7100
19562,-6420
19562,-6464
19562,-4978
19562,-5514
19562,-5872
19562,-6705
19562,-7011
19562,-7778
19562,-8766
19562,-8440
19562,-9412
19562,-9718
19562,-11243
19562,-12387
19562,-12606
19562,-13257
19562,-14233
19562,-14292
19562,-13441
19562,-14144
19562,-13281
19562,-13306
19562,-13118
19562,-12031
19562,-11442
19562,-11552
19562,-11824
19562,-11856
19562,-10403
19562,-10014
19562,-9130
19562,-7284
19562,-6779
19562,-5798
19562,-5465
19562,-5098
19562,-4955
19568,-4433
19568,-4730
19568,-5047
19568,-7396
19568,-6780
19568,-6563
19568,-7511
19568,-7531
19568,-8676
19568,-8845
19568,-9084
19568,-9623
19568,-8948
19568,-8183
19568,-9104
19568,-8942
19568,-8696
19568,-9156
19568,-9620
19568,-9879
19568,-9769
19568,-10460
19568,-10493
19568,-10832
19568,-10920
19568,-9789
19569,-9487
19569,-9435
19569,-8636
19569,-8817
19569,-8000
19569,-8227
19569,-7322
19569,-7670
19569,-7267
19569,-7293
19569,-6499
19569,-5637
19569,-5456
19569,-5226
19569,-5840
19569,-5435
19569,-6351
19569,-5847
19569,-5847
19569,-5998
19569,-6643
19569,-6862
19569,-6293
19569,-6077
19569,-5573
19569,-6022
19569,-6684
19569,-6478
19569,-6728
19569,-6064
19569,-7931
19569,-8287
19569,-8170
19569,-8887
19569,-7836
19569,-7848
19569,-7042
19569,-6312
19569,-5999
19569,-6183
19569,-7481
19569,-9347
19569,-10260
19569,-10615
19569,-11611
19569,-10550
19569,-10060
19569,-10120
19569,-9198
19569,-8651
19569,-8286
19569,-7789
19569,-6371
19569,-6257
19569,-5247
19569,-3999
19569,-3633
19569,-3750
19569,-3791
19569,-3941
19569,-3102
19569,-2360
19570,-3227
19570,-3851
19570,-3639
19570,-2959
19570,-2372
19570,-2685
19570,-2933
19570,-3167
19570,-4075
19570,-4830
19570,-5085
19570,-5194
19570,-4985
19570,-5259
19570,-4830
19570,-5238
19570,-5686
19570,-6270
19570,-7418
19570,-9543
19570,-10074
19570,-10642
19570,-10951
19570,-10829
19570,-10040
19570,-9230
19570,-8526
19570,-6954
19570,-4839
19570,-4352
19570,-3970
19570,-5100
19570,-3901
19570,-4647
19570,-4353
19570,-5678
19570,-4917
19570,-4828
19570,-4490
19570,-3325
19576,-2489
19576,-2287
19576,-2444
19576,-1850
19576,-2738
19576,-3884
19576,-5417
19576,-5693
19576,-6559
19576,-6856
19576,-6499
19576,-6708
19576,-6852
19576,-6574
19576,-5462
19576,-6169
19576,-7803
19576,-7457
19576,-7725
19576,-8089
19576,-8535
19576,-8528
19576,-9541
19576,-9726
19576,-9938
19576,-9716
19577,-9383
19577,-10257
19577,-10481
19577,-11428
19577,-11879
19577,-11979
19577,-11553
19577,-10447
19577,-8910
19577,-7645
19577,-7856
19577,-8568
19577,-8244
19577,-7820
19577,-6584
19577,-5800
19577,-5801
19577,-4337
19577,-5056
19577,-5944
19577,-5866
19577,-6075
19577,-4582
19577,-5450
19577,-5131
19577,-5493
19577,-6653
19577,-6720
19577,-7156
19577,-8080
19577,-7864
19577,-7874
19577,-8223
19577,-8888
19577,-10096
19577,-10835
19577,-11409
19577,-12326
19577,-12276
19577,-11457
19577,-10157
19577,-9313
19577,-8186
19577,-7967
19577,-7681
19577,-7237
19577,-6534
19577,-6483
19577,-6830
19577,-7107
19577,-7554
19577,-7488
19577,-7345
19577,-8815
19577,-8023
19577,-7739
19577,-7409
19577,-6695
19577,-6551
19577,-6089
19577,-5685
19577,-6270
19578,-6521
19578,-4567
19578,-3121
19578,-2865
19578,-3674
19578,-3467
19578,-2801
19578,-2783
19578,-3130
19578,-2000
19578,-943
19578,-1129
19578,-1550
19578,-1088
19578,-1893
19578,-1647
19578,-1208
19578,-1785
19578,-2417
19578,-2705
19578,-2962
19578,-3927
19578,-3712
19578,-4388
19578,-3214
19578,-4004
19578,-3619
19578,-3585
19578,-4419
19578,-5110
19578,-5473
19578,-5589
19578,-6090
19578,-6067
19578,-5245
19578,-6335
19578,-6702
19578,-6048
19578,-5899
19578,-5173
19584,-5017
19584,-4559
19584,-3927
19584,-3805
19584,-3557
19584,-3902
19584,-3336
19584,-2379
19584,-1522
19584,-1766
19584,-763
19584,-681
19584,-1314
19584,-1878
19584,-2245
19584,-2244
19584,-2475
19584,-1246
19584,-1483
19584,-1299
19584,-1406
19584,-1136
19584,117
19584,462
19584,-485
19584,-378
19585,-1369
19585,-2819
19585,-3268
19585,-2415
19585,-3624
19585,-4748
19585,-2577
19585,-3433
19585,-3272
19585,-3947
19585,-3690
19585,-3471
19585,-2173
19585,-1005
19585,-1083
19585,-451
19585,47
19585,-273
19585,634
19585,769
19585,678
19585,1764
19585,2971
19585,3401
19585,4478
19585,5719
19585,5396
19585,5578
19585,5051
19585,4615
19585,4759
19585,3861
19585,3475
19585,2480
19585,647
19585,-303
19585,69
19585,113
19585,454
19585,579
19585,163
19585,580
19585,-793
19585,-971
19585,-1052
19585,-1959
19585,-3394
19585,-4017
19585,-3491
19585,-4835
19585,-4550
19585,-4779
19585,-4641
19585,-3513
19585,-2436
19585,-4089
19585,-3425
19585,-2960
19585,-2102
19585,-3236
19585,-2944
19585,-1830
19586,-1407
19586,-1360
19586,-1004
19586,-904
19586,437
19586,38
19586,-145
19586,-32
19586,617
19586,-584
19586,-1140
19586,-777
19586,-378
19586,-551
19586,-1238
19586,-1496
19586,-1947
19586,-2614
19586,-3987
19586,-3876
19586,-4908
19586,-4012
19586,-4466
19586,-4655
19586,-4695
19586,-4448
19586,-4373
19586,-5255
19586,-4735
19586,-4436
19586,-4650
19586,-4259
19586,-4111
19586,-4587
19586,-3813
19586,-3797
19586,-3021
19586,-3789
19586,-3258
19586,-2776
19592,-2089
19592,-921
19592,-1014
19592,-838
19592,-65
19592,106
19592,1313
19592,1431
19592,1651
19592,2436
19592,2426
19592,3105
19592,2860
19592,2433
19592,3214
19592,2989
19592,3299
19592,3788
19592,3973
19592,5781
19592,6429
19592,6414
19592,7370
19592,8178
19592,7806
19592,8224
19593,8060
19593,6712
19593,6346
19593,6268
19593,6412
19593,6027
19593,5619
19593,5105
19593,5121
19593,5611
19593,5257
19593,5561
19593,5256
19593,5402
19593,5118
19593,5129
19593,4269
19593,4849
19593,4892
19593,3898
19593,4922
19593,4242
19593,4182
19593,4986
19593,5044
19593,6142
19593,6413
19593,7250
19593,7124
19593,6673
19593,7211
19593,7319
19593,7392
19593,7241
19593,7484
19593,7546
19593,6699
19593,5806
19593,5430
19593,5113
19593,4108
19593,2518
19593,1442
19593,-442
19593,-886
19593,-780
19593,-1263
19593,-1356
19593,-1221
19593,-1545
19593,-1927
19593,-2280
19593,-2192
19593,-724
19593,-722
19593,-707
19593,-774
19593,-1784
19593,-2098
19593,-1158
19593,-1452
19593,-2175
19594,-1296
19594,-993
19594,-27
19594,81
19594,-431
19594,-119
19594,-147
19594,-1227
19594,-1128
19594,-670
19594,-381
19594,-314
19594,230
19594,1571
19594,2045
19594,1712
19594,1625
19594,2317
19594,1822
19594,1680
19594,1522
19594,1031
19594,1324
19594,756
19594,597
19594,1025
19594,787
19594,1349
19594,1208
19594,-160
19594,-486
19594,-143
19594,-44
19594,677
19594,145
19594,-732
19594,-1337
19594,-1898
19594,-2828
19594,-3424
19600,-3890
19600,-3538
19600,-3684
19600,-3024
19600,-2705
19600,-2420
19600,-1676
19600,-1848
19600,-929
19600,-771
19600,-1331
19600,-1666
19600,-1107
19600,-1817
19600,-1913
19600,-1974
19600,-1885
19600,-1719
19600,-827
19600,-343
19600,-1175
19600,-1109
19600,-60
19600,-1195
19600,-643
19600,-727
19601,104
19601,464
19601,655
19601,-43
19601,-400
19601,-211
19601,-906
19601,-812
19601,-1107
19601,-607
19601,-866
19601,-1863
19601,-1480
19601,-254
19601,-644
19601,-936
19601,-1041
19601,-398
19601,379
19601,1779
19601,1962
19601,1502
19601,1198
19601,2356
19601,2774
19601,2413
19601,2762
19601,2610
19601,1770
19601,1857
19601,1013
19601,407
19601,1136
19601,1813
19601,1687
19601,1115
19601,1166
19601,301
19601,-23
19601,450
19601,-444
19601,-816
19601,-817
19601,-425
19601,298
19601,-269
19601,-159
19601,-185
19601,-908
19601,-1178
19601,-2422
19601,-1852
19601,-3672
19601,-3205
19601,-2928
19601,-2599
19601,-2709
19601,-3184
19601,-2922
19601,-3020
19601,-2979
19601,-3161
19602,-3202
19602,-3947
19602,-3425
19602,-4460
19602,-4172
19602,-3286
19602,-2996
19602,-2889
RAW_SUMMARY id=2 requested=5600 captured=5600 unused_capacity=400 max_pcm_abs=38886 raw_mean=56.4 raw_abs_mean=10065.0 raw_min=-37263 raw_max=38886 baseline=10.4
OK RAW
