# run: tone_latency_20
# firmware: role=latency git=throwaway version=sketch board=damp (source: latency-sketch/, HAL copied from main 4b06814)
# started: 2026-10-09T18:18:37+02:00
LATENCY ready
TRIAL n=1 samples=6912 pre_env=909 plateau=138294 snr_db=43.6 on10_us=29894 on50_us=32207 off10_us=38019
TRIAL n=2 samples=6912 pre_env=991 plateau=137782 snr_db=42.9 on10_us=34892 on50_us=37205 off10_us=34892
TRIAL n=3 samples=6912 pre_env=968 plateau=137888 snr_db=43.1 on10_us=31893 on50_us=34206 off10_us=40018
TRIAL n=4 samples=6784 pre_env=880 plateau=138881 snr_db=44.0 on10_us=28893 on50_us=31206 off10_us=37331
TRIAL n=5 samples=6912 pre_env=791 plateau=139652 snr_db=44.9 on10_us=34185 on50_us=36498 off10_us=34052
TRIAL n=6 samples=6912 pre_env=895 plateau=139446 snr_db=43.8 on10_us=30948 on50_us=33261 off10_us=53722
TRIAL n=7 samples=6912 pre_env=1211 plateau=139830 snr_db=41.2 on10_us=35903 on50_us=38216 off10_us=52222
TRIAL n=8 samples=6912 pre_env=810 plateau=139975 snr_db=44.7 on10_us=32894 on50_us=35207 off10_us=33958
TRIAL n=9 samples=6912 pre_env=953 plateau=139232 snr_db=43.3 on10_us=29893 on50_us=32206 off10_us=38456
TRIAL n=10 samples=6912 pre_env=952 plateau=139990 snr_db=43.3 on10_us=34892 on50_us=37205 off10_us=35518
TRIAL n=11 samples=6912 pre_env=2348 plateau=134360 snr_db=35.1 on10_us=31707 on50_us=33894 off10_us=39582
TRIAL n=12 samples=6784 pre_env=898 plateau=136560 snr_db=43.6 on10_us=28893 on50_us=30893 off10_us=37018
TRIAL n=13 samples=6912 pre_env=917 plateau=140108 snr_db=43.7 on10_us=34224 on50_us=36537 off10_us=33531
TRIAL n=14 samples=6912 pre_env=948 plateau=139682 snr_db=43.4 on10_us=30935 on50_us=33248 off10_us=39080
TRIAL n=15 samples=6912 pre_env=933 plateau=140232 snr_db=43.5 on10_us=35900 on50_us=38213 off10_us=36093
TRIAL n=16 samples=6912 pre_env=801 plateau=139924 snr_db=44.8 on10_us=32895 on50_us=35208 off10_us=33084
TRIAL n=17 samples=6912 pre_env=972 plateau=140474 snr_db=43.2 on10_us=29894 on50_us=32207 off10_us=38019
TRIAL n=18 samples=6912 pre_env=815 plateau=138179 snr_db=44.6 on10_us=34892 on50_us=37205 off10_us=34893
TRIAL n=19 samples=6912 pre_env=870 plateau=139207 snr_db=44.1 on10_us=31893 on50_us=34206 off10_us=40018
TRIAL n=20 samples=6784 pre_env=1029 plateau=138805 snr_db=42.6 on10_us=28893 on50_us=31206 off10_us=36893
