[16:47:34] boot banner: {'role': 'analyzer', 'git': '847b1ef', 'version': '0.4.0'}
[16:47:36] warmup: ERR EMIT CHIRP emitter_remote_claim_timeout
[16:47:36] start T2_freq: SEQ start profile=TonalPulseFreq tries=50 mode=detail when=all verbose=1
[16:50:23] done T2_freq (167s): complete=True results={'miss': 50}
[16:50:25] start T3_scalar: SEQ start profile=TonalPulseScalar tries=50 mode=detail when=all verbose=1
[16:53:11] done T3_scalar (166s): complete=True results={'expected': 38, 'rejected': 12}
[16:53:13] session updated, index rebuilt
[16:54:20] boot banner: {'role': 'analyzer', 'git': 'fbbc2db', 'version': '0.4.0'}
[16:54:22] warmup: ERR EMIT CHIRP emitter_remote_claim_timeout
[16:54:22] start T2_freq: SEQ start profile=TonalPulseFreq tries=50 mode=detail when=all verbose=1
[16:57:06] done T2_freq (165s): complete=True results={'miss': 50}
[16:57:08] start T3_scalar: SEQ start profile=TonalPulseScalar tries=50 mode=detail when=all verbose=1
[16:59:54] done T3_scalar (166s): complete=True results={'expected': 50}
[16:59:57] start I2_diag_off_freq: SEQ DIAG off ; SEQ start profile=TonalPulseFreq tries=30 mode=detail when=all verbose=1
[17:01:38] done I2_diag_off_freq (100s): complete=True results={'miss': 30}
[17:01:40] start I2_diag_on_freq: SEQ DIAG on ; SEQ start profile=TonalPulseFreq tries=30 mode=detail when=all verbose=1
[17:03:21] done I2_diag_on_freq (100s): complete=True results={'miss': 30}
[17:03:23] session updated, index rebuilt
[17:19:40] boot banner: {'role': 'analyzer', 'git': '847b1ef', 'version': '0.4.0'}
[17:19:42] warmup: ERR EMIT CHIRP emitter_remote_claim_timeout
[17:19:44] start T2_freq12k: PARAM freqScore=12000 freqReleaseScore=8000 ; PARAM STATUS ; SEQ start profile=TonalPulseFreq tries=50 mode=detail when=all verbose=1
[17:22:30] done T2_freq12k (166s): complete=True results={'rejected': 50}
[17:22:32] session updated, index rebuilt
[17:23:23] boot banner: {'role': 'analyzer', 'git': '828f455', 'version': '0.4.0'}
[17:23:26] warmup: ERR EMIT CHIRP emitter_remote_claim_timeout
[17:23:27] start T2_freq12k: PARAM freqScore=12000 freqReleaseScore=8000 ; PARAM STATUS ; SEQ start profile=TonalPulseFreq tries=50 mode=detail when=all verbose=1
[17:26:14] done T2_freq12k (167s): complete=True results={'rejected': 50}
[17:26:19] start I2_diag_off_freq12k: PARAM freqScore=12000 freqReleaseScore=8000 ; PARAM STATUS ; SEQ DIAG off ; SEQ start profile=TonalPulseFreq tries=30 mode=detail when=all verbose=1
[17:28:01] done I2_diag_off_freq12k (102s): complete=True results={'rejected': 30}
[17:28:05] start I2_diag_on_freq12k: PARAM freqScore=12000 freqReleaseScore=8000 ; PARAM STATUS ; SEQ DIAG on ; SEQ start profile=TonalPulseFreq tries=30 mode=detail when=all verbose=1
[17:29:48] done I2_diag_on_freq12k (102s): complete=True results={'rejected': 30}
[17:29:50] session updated, index rebuilt
[17:30:55] boot banner: {'role': 'analyzer', 'git': '3e807ac', 'version': '0.4.0'}
[17:30:57] warmup: ERR EMIT CHIRP emitter_remote_claim_timeout
[17:30:57] start BIS_scalar: SEQ start profile=TonalPulseScalar tries=50 mode=detail when=all verbose=1
[17:33:43] done BIS_scalar (166s): complete=True results={'expected': 43, 'rejected': 7}
[17:33:45] session updated, index rebuilt
[17:34:28] boot banner: {'role': 'analyzer', 'git': '0526ad1', 'version': '0.4.0'}
[17:34:30] warmup: ERR EMIT CHIRP emitter_remote_claim_timeout
[17:34:30] start BIS_scalar: SEQ start profile=TonalPulseScalar tries=50 mode=detail when=all verbose=1
[17:37:15] done BIS_scalar (166s): complete=True results={'expected': 46, 'rejected': 4}
[17:37:18] session updated, index rebuilt
[17:37:59] boot banner: {'role': 'analyzer', 'git': '41deebc', 'version': '0.4.0'}
[17:38:01] warmup: ERR EMIT CHIRP emitter_remote_claim_timeout
[17:38:01] start BIS_scalar: SEQ start profile=TonalPulseScalar tries=50 mode=detail when=all verbose=1
[17:40:48] done BIS_scalar (167s): complete=True results={'expected': 38, 'rejected': 12}
[17:40:50] session updated, index rebuilt
[17:41:31] boot banner: {'role': 'analyzer', 'git': '48e4f90', 'version': '0.4.0'}
[17:41:34] warmup: ERR EMIT CHIRP emitter_remote_claim_timeout
[17:41:34] start BIS_scalar: SEQ start profile=TonalPulseScalar tries=50 mode=detail when=all verbose=1
[17:44:19] done BIS_scalar (166s): complete=True results={'expected': 42, 'rejected': 8}
[17:44:21] session updated, index rebuilt
[17:45:03] boot banner: {'role': 'analyzer', 'git': '795f649', 'version': '0.4.0'}
[17:45:05] warmup: ERR EMIT CHIRP emitter_remote_claim_timeout
[17:45:05] start BIS_scalar: SEQ start profile=TonalPulseScalar tries=50 mode=detail when=all verbose=1
[17:47:51] done BIS_scalar (166s): complete=True results={'expected': 50}
[17:47:53] session updated, index rebuilt
