# run: g_drops_trial
# firmware: role=analyzer git=8669838 version=0.4.0 board=damp
# started: 2026-10-09T20:59:25
>> SEQ start profile=TonalPulseScalar tries=10 freq=5600 mode=trial when=all verbose=1
OK SEQ
SEQ remote claim: send=6063ms ack=6069ms wait=6ms status=ok
SEQ rebase: start=6069ms end=6170ms elapsed=101ms
AUDIO stats reset
SEQ start test=default startup_delay_ms=1000 report_settle_ms=500 loopDelayMs=0 logStress=0
SEQ start source=I2S probe=AMP profile=TonalPulseScalar source=ScalarTransient detector=ScalarTransient freq_min_duration_ms=60 freq_release_debounce_ms=30 freq_cooldown_ms=0 scalar_observed_stream=FrequencyTarget scalar_onset_threshold=2000.0 scalar_release_threshold=1500.0 scalar_cooldown_ms=50 scalar_min_duration_ms=85 scalar_max_duration_ms=200 scalar_min_peak_strength=3000.0 scalar_release_debounce_ms=10 scalar_require_carrier_quality=1 scalar_min_release_coverage_ms=80 scalar_min_longest_island_ms=20 scalar_max_gap_ms=20 history.bin_ms=1 history.capacity_bins=256 history.coverage_ms=256 history.stream=amp aggregation=mean_abs+rms+peak_abs history.stream=freq_target aggregation=fresh_only history.stream=freq_contrast aggregation=fresh_only mode=SEQ test=default startup_delay_ms=1000 report_settle_ms=500 loopDelayMs=0 logStress=0 quiet=0 tries=10 period_ms=2500 window_start_ms=0 window_end_ms=2200 freq_hz=5600 dur_ms=100
SEQ scalar: observed_stream=FrequencyTarget onset_threshold=2000.0 release_threshold=1500.0 cooldown_ms=50 min_duration_ms=85 max_duration_ms=200 min_peak_strength=3000.0 release_debounce_ms=10 carrier_quality_required=1 min_strength_required=1 min_strength=0.0 min_release_coverage_ms=80 min_longest_island_ms=20 max_gap_ms=20
FREQBAND runtime: freq.window_samples=64 freq.window_ms=4.00 freq.update_every_samples=4 freq.update_period_ms=0.250 freq.target_hz=5600 freq.produced_fresh_packet=0 freq.packet_age_samples=0 freq.packet_age_ms=0.000
SEQ running

#1 ----------------
SEQ_HISTDBG trial=1 incomplete_total=0 new=0 out_of_order_total=0 i2s_backsteps=1 i2s_max_backstep_us=17 i2s_overflows=0 clock_corrections=7 clock_max_correction_us=18 emit_marker_seen=1 emit_marker_dt_ms=16 uptime_ms=9766 samples_read=57472 us_per_sample=29.49 dropped_dma_buffers=0 clock_rate_mhz=15999999
SEQ_TRIAL trial=1 result=expected stage=analyzer reject_reason=result_in_expected_window source_selection=selected_occurrence source_reason=none dt=35ms duration_ms=126 contrast_class=medium amp_class=strong coverage_ms=125 island_max_ms=125 gap_max_ms=0 source_strength=4012.0 verdict_confidence=1.00 dup=0 src_total=1 src_acc=1 src_rej=0 buffer_overrun=0 profile=TonalPulseScalar

#2 ----------------
SEQ_HISTDBG trial=2 incomplete_total=0 new=0 out_of_order_total=0 i2s_backsteps=2 i2s_max_backstep_us=17 i2s_overflows=0 clock_corrections=13 clock_max_correction_us=18 emit_marker_seen=1 emit_marker_dt_ms=22 uptime_ms=12966 samples_read=108672 us_per_sample=32.39 dropped_dma_buffers=0 clock_rate_mhz=15999952
SEQ_TRIAL trial=2 result=expected stage=analyzer reject_reason=result_in_expected_window source_selection=selected_occurrence source_reason=none dt=36ms duration_ms=116 contrast_class=medium amp_class=strong coverage_ms=114 island_max_ms=108 gap_max_ms=1 source_strength=4009.0 verdict_confidence=1.00 dup=0 src_total=1 src_acc=1 src_rej=0 buffer_overrun=0 profile=TonalPulseScalar

#3 ----------------
SEQ_HISTDBG trial=3 incomplete_total=0 new=0 out_of_order_total=0 i2s_backsteps=3 i2s_max_backstep_us=17 i2s_overflows=0 clock_corrections=19 clock_max_correction_us=18 emit_marker_seen=1 emit_marker_dt_ms=22 uptime_ms=16166 samples_read=159872 us_per_sample=33.89 dropped_dma_buffers=0 clock_rate_mhz=15999952
SEQ_TRIAL trial=3 result=expected stage=analyzer reject_reason=result_in_expected_window source_selection=selected_occurrence source_reason=none dt=35ms duration_ms=117 contrast_class=medium amp_class=strong coverage_ms=116 island_max_ms=109 gap_max_ms=0 source_strength=4110.0 verdict_confidence=1.00 dup=0 src_total=1 src_acc=1 src_rej=0 buffer_overrun=0 profile=TonalPulseScalar

#4 ----------------
SEQ_HISTDBG trial=4 incomplete_total=0 new=0 out_of_order_total=0 i2s_backsteps=7 i2s_max_backstep_us=17 i2s_overflows=0 clock_corrections=26 clock_max_correction_us=18 emit_marker_seen=1 emit_marker_dt_ms=22 uptime_ms=19366 samples_read=211072 us_per_sample=34.84 dropped_dma_buffers=0 clock_rate_mhz=15999984
SEQ_TRIAL trial=4 result=expected stage=analyzer reject_reason=result_in_expected_window source_selection=selected_occurrence source_reason=none dt=36ms duration_ms=115 contrast_class=medium amp_class=strong coverage_ms=112 island_max_ms=107 gap_max_ms=2 source_strength=3938.0 verdict_confidence=1.00 dup=0 src_total=1 src_acc=1 src_rej=0 buffer_overrun=0 profile=TonalPulseScalar

#5 ----------------
SEQ_HISTDBG trial=5 incomplete_total=0 new=0 out_of_order_total=0 i2s_backsteps=9 i2s_max_backstep_us=17 i2s_overflows=0 clock_corrections=32 clock_max_correction_us=18 emit_marker_seen=1 emit_marker_dt_ms=22 uptime_ms=22566 samples_read=262272 us_per_sample=35.52 dropped_dma_buffers=0 clock_rate_mhz=16000015
SEQ_TRIAL trial=5 result=expected stage=analyzer reject_reason=result_in_expected_window source_selection=selected_occurrence source_reason=none dt=36ms duration_ms=115 contrast_class=medium amp_class=strong coverage_ms=112 island_max_ms=108 gap_max_ms=2 source_strength=4079.0 verdict_confidence=1.00 dup=0 src_total=1 src_acc=1 src_rej=0 buffer_overrun=0 profile=TonalPulseScalar

#6 ----------------
SEQ_HISTDBG trial=6 incomplete_total=0 new=0 out_of_order_total=0 i2s_backsteps=10 i2s_max_backstep_us=17 i2s_overflows=0 clock_corrections=38 clock_max_correction_us=18 emit_marker_seen=1 emit_marker_dt_ms=22 uptime_ms=25766 samples_read=313472 us_per_sample=36.03 dropped_dma_buffers=0 clock_rate_mhz=16000000
SEQ_TRIAL trial=6 result=expected stage=analyzer reject_reason=result_in_expected_window source_selection=selected_occurrence source_reason=none dt=36ms duration_ms=115 contrast_class=medium amp_class=strong coverage_ms=113 island_max_ms=108 gap_max_ms=2 source_strength=4193.0 verdict_confidence=1.00 dup=0 src_total=1 src_acc=1 src_rej=0 buffer_overrun=0 profile=TonalPulseScalar

#7 ----------------
SEQ_HISTDBG trial=7 incomplete_total=0 new=0 out_of_order_total=0 i2s_backsteps=12 i2s_max_backstep_us=17 i2s_overflows=0 clock_corrections=45 clock_max_correction_us=18 emit_marker_seen=1 emit_marker_dt_ms=22 uptime_ms=28966 samples_read=364672 us_per_sample=36.42 dropped_dma_buffers=0 clock_rate_mhz=16000000
SEQ_TRIAL trial=7 result=expected stage=analyzer reject_reason=result_in_expected_window source_selection=selected_occurrence source_reason=none dt=36ms duration_ms=115 contrast_class=medium amp_class=strong coverage_ms=111 island_max_ms=108 gap_max_ms=3 source_strength=4222.0 verdict_confidence=1.00 dup=0 src_total=1 src_acc=1 src_rej=0 buffer_overrun=0 profile=TonalPulseScalar

#8 ----------------
SEQ_HISTDBG trial=8 incomplete_total=0 new=0 out_of_order_total=0 i2s_backsteps=15 i2s_max_backstep_us=17 i2s_overflows=0 clock_corrections=51 clock_max_correction_us=18 emit_marker_seen=1 emit_marker_dt_ms=22 uptime_ms=32166 samples_read=415872 us_per_sample=36.69 dropped_dma_buffers=0 clock_rate_mhz=15999984
SEQ_TRIAL trial=8 result=expected stage=analyzer reject_reason=result_in_expected_window source_selection=selected_occurrence source_reason=none dt=36ms duration_ms=115 contrast_class=medium amp_class=strong coverage_ms=112 island_max_ms=108 gap_max_ms=2 source_strength=4162.0 verdict_confidence=1.00 dup=0 src_total=1 src_acc=1 src_rej=0 buffer_overrun=0 profile=TonalPulseScalar

#9 ----------------
SEQ_HISTDBG trial=9 incomplete_total=0 new=0 out_of_order_total=0 i2s_backsteps=17 i2s_max_backstep_us=17 i2s_overflows=0 clock_corrections=57 clock_max_correction_us=18 emit_marker_seen=1 emit_marker_dt_ms=22 uptime_ms=35366 samples_read=467072 us_per_sample=36.91 dropped_dma_buffers=0 clock_rate_mhz=15999984
SEQ_TRIAL trial=9 result=expected stage=analyzer reject_reason=result_in_expected_window source_selection=selected_occurrence source_reason=none dt=36ms duration_ms=115 contrast_class=medium amp_class=strong coverage_ms=112 island_max_ms=108 gap_max_ms=3 source_strength=4194.0 verdict_confidence=1.00 dup=0 src_total=1 src_acc=1 src_rej=0 buffer_overrun=0 profile=TonalPulseScalar

#10 ----------------
SEQ_HISTDBG trial=10 incomplete_total=0 new=0 out_of_order_total=0 i2s_backsteps=18 i2s_max_backstep_us=17 i2s_overflows=0 clock_corrections=64 clock_max_correction_us=18 emit_marker_seen=1 emit_marker_dt_ms=22 uptime_ms=38566 samples_read=518272 us_per_sample=37.11 dropped_dma_buffers=0 clock_rate_mhz=15999968
SEQ_TRIAL trial=10 result=expected stage=analyzer reject_reason=result_in_expected_window source_selection=selected_occurrence source_reason=none dt=36ms duration_ms=107 contrast_class=medium amp_class=strong coverage_ms=107 island_max_ms=107 gap_max_ms=0 source_strength=4075.0 verdict_confidence=1.00 dup=0 src_total=1 src_acc=1 src_rej=0 buffer_overrun=0 profile=TonalPulseScalar
SEQ_SUMMARY profile=TonalPulseScalar detector=scalar_transient trials=10 completed=10 expected_trials=10 early_trials=0 late_trials=0 miss_trials=0 duplicate_trials=0 unexpected_trials=0 rejected_trials=0 buffer_overrun_trials=0 ambiguous_trials=0 too_dense_trials=0 detector_accepted_trials=10 detector_reject_trials=0 pattern_valid_trials=10 pattern_rejected_trials=0 avg_dt_ms=36 avg_strength=4099.4 avg_conf=1.00
