# run: h_T2v_s2000_OBS
# firmware: role=analyzer git=8669838 version=0.4.0 board=damp
# started: 2026-10-09T22:25:33
>> PARAM freqScore=2000 freqReleaseScore=1400
PARAM no_change
>> EMIT MODE REMOTE
OK EMIT MODE REMOTE
>> SEQ OBS start tries=50 period=2000 window=1800 freq=3200 profile=TonalPulseFreq mode=system when=all verbose=1
OK SEQ
SEQ rebase: start=490011ms end=490112ms elapsed=101ms
AUDIO stats reset
SEQ start test=default startup_delay_ms=1000 report_settle_ms=500 loopDelayMs=0 logStress=0
SEQ start source=I2S probe=AMP profile=TonalPulseFreq source=FrequencyMatch detector=FrequencyMatch freq_min_duration_ms=60 freq_release_debounce_ms=30 freq_cooldown_ms=0 scalar_observed_stream=AmpEnvelope scalar_onset_threshold=18000.0 scalar_release_threshold=12000.0 scalar_cooldown_ms=50 scalar_min_duration_ms=0 scalar_max_duration_ms=120 scalar_min_peak_strength=8000.0 scalar_release_debounce_ms=20 scalar_require_carrier_quality=0 scalar_min_release_coverage_ms=0 scalar_min_longest_island_ms=0 scalar_max_gap_ms=0 history.bin_ms=1 history.capacity_bins=256 history.coverage_ms=256 history.stream=amp aggregation=mean_abs+rms+peak_abs history.stream=freq_target aggregation=fresh_only history.stream=freq_contrast aggregation=fresh_only mode=OBS test=default startup_delay_ms=1000 report_settle_ms=500 loopDelayMs=0 logStress=0 quiet=0 tries=50 period_ms=2000 window_start_ms=0 window_end_ms=1800 freq_hz=3200 dur_ms=100
SEQ scalar: observed_stream=AmpEnvelope onset_threshold=18000.0 release_threshold=12000.0 cooldown_ms=50 min_duration_ms=0 max_duration_ms=120 min_peak_strength=8000.0 release_debounce_ms=20 carrier_quality_required=0 min_strength_required=0 min_strength=0.0 min_release_coverage_ms=0 min_longest_island_ms=0 max_gap_ms=0
FREQBAND runtime: freq.window_samples=64 freq.window_ms=4.00 freq.update_every_samples=4 freq.update_period_ms=0.250 freq.target_hz=3200 freq.produced_fresh_packet=0 freq.packet_age_samples=0 freq.packet_age_ms=0.000
OBS running

#1 ----------------
SEQ_HISTDBG trial=1 incomplete_total=0 new=0 out_of_order_total=3 i2s_backsteps=2 i2s_max_backstep_us=5335 i2s_overflows=0 clock_corrections=6 clock_max_correction_us=5378 emit_marker_seen=0 emit_marker_dt_ms=0 uptime_ms=493312 samples_read=51200 us_per_sample=44.54 dropped_dma_buffers=0 clock_rate_mhz=15989816
SEQ_TRIAL trial=1 result=miss stage=source reject_reason=missing_pipeline_result source_selection=none source_reason=none dt=-1ms contrast_class=unknown amp_class=unknown source_strength=0.0 verdict_confidence=0.00 dup=0 src_total=0 src_acc=0 src_rej=0 buffer_overrun=0 profile=TonalPulseFreq
SYSTEM_HEALTH loop_avg_us=190 update_loop_avg_us=158 trial=1 t_ms=492811 uptime_ms=493314 boot_count=1 reset_reason=POWERON_RESET window_start_ms=491011 window_end_ms=492811 window_elapsed_ms=1800 free_heap=178680 loop_stats_window_ms=1800 loop_stats_scope=trial_window loop_count=12092 loop_max_window_us=6209 loop_over_5ms=287 loop_over_20ms=0 loop_max_since_boot_us=115742 update_loop_count=12092 update_loop_max_us=6169 sample_work_max_us=7046 trial_finalize_max_us=0 detector_observe_count=36736 detector_fresh_input_count=9184 detector_drain_count=9184 evaluator_drain_count=9184 detector_report_refresh_count=1 detector_report_mismatch_count=0 no_fresh_frequency_skip_count=27552 detector_occurrence_popped_count=0 detector_valid_occurrence_popped_count=0 evaluator_accept_attempt_count=0 evaluator_accept_success_count=0 evaluator_accept_reject_count=0 verdict_produced_count=0 verdict_event_pushed_count=0 verdict_event_dropped_count=0 evaluator_latest_reject_reason=none
AUDIO_IO_HEALTH processed_ratio=0.999 t_ms=492811 i2s_reads=22634 i2s_bytes_read=409600 processed_samples=28778 expected_samples=28800 frames_emitted=51200 partial_frames=0 duplicate_frames=0 gap_samples=0 overlap_samples=0 max_block_age_ms=13 max_processing_lag_ms=14
RAW_AUDIO_HEALTH verdict=ok

#2 ----------------
SEQ_HISTDBG trial=2 incomplete_total=0 new=0 out_of_order_total=3 i2s_backsteps=7 i2s_max_backstep_us=5335 i2s_overflows=0 clock_corrections=11 clock_max_correction_us=5378 emit_marker_seen=0 emit_marker_dt_ms=0 uptime_ms=496112 samples_read=96000 us_per_sample=44.55 dropped_dma_buffers=0 clock_rate_mhz=15999682
SEQ_TRIAL trial=2 result=miss stage=source reject_reason=missing_pipeline_result source_selection=none source_reason=none dt=-1ms contrast_class=unknown amp_class=unknown source_strength=0.0 verdict_confidence=0.00 dup=0 src_total=0 src_acc=0 src_rej=0 buffer_overrun=0 profile=TonalPulseFreq
SYSTEM_HEALTH loop_avg_us=196 update_loop_avg_us=164 trial=2 t_ms=495611 uptime_ms=496114 boot_count=1 reset_reason=POWERON_RESET window_start_ms=493811 window_end_ms=495611 window_elapsed_ms=1800 free_heap=178680 loop_stats_window_ms=1800 loop_stats_scope=trial_window loop_count=11710 loop_max_window_us=6221 loop_over_5ms=287 loop_over_20ms=0 loop_max_since_boot_us=115742 update_loop_count=11710 update_loop_max_us=6180 sample_work_max_us=9412 trial_finalize_max_us=6107 detector_observe_count=36736 detector_fresh_input_count=9184 detector_drain_count=9184 evaluator_drain_count=9184 detector_report_refresh_count=1 detector_report_mismatch_count=0 no_fresh_frequency_skip_count=27552 detector_occurrence_popped_count=0 detector_valid_occurrence_popped_count=0 evaluator_accept_attempt_count=0 evaluator_accept_success_count=0 evaluator_accept_reject_count=0 verdict_produced_count=0 verdict_event_pushed_count=0 verdict_event_dropped_count=0 evaluator_latest_reject_reason=none
AUDIO_IO_HEALTH processed_ratio=1.001 t_ms=495611 i2s_reads=39302 i2s_bytes_read=768000 processed_samples=28816 expected_samples=28800 frames_emitted=96000 partial_frames=0 duplicate_frames=0 gap_samples=0 overlap_samples=0 max_block_age_ms=13 max_processing_lag_ms=14
RAW_AUDIO_HEALTH verdict=ok

#3 ----------------
SEQ_HISTDBG trial=3 incomplete_total=0 new=0 out_of_order_total=3 i2s_backsteps=11 i2s_max_backstep_us=5335 i2s_overflows=0 clock_corrections=17 clock_max_correction_us=5378 emit_marker_seen=0 emit_marker_dt_ms=0 uptime_ms=498912 samples_read=140800 us_per_sample=44.55 dropped_dma_buffers=0 clock_rate_mhz=15999984
SEQ_TRIAL trial=3 result=miss stage=source reject_reason=missing_pipeline_result source_selection=none source_reason=none dt=-1ms contrast_class=unknown amp_class=unknown source_strength=0.0 verdict_confidence=0.00 dup=0 src_total=0 src_acc=0 src_rej=0 buffer_overrun=0 profile=TonalPulseFreq
SYSTEM_HEALTH loop_avg_us=196 update_loop_avg_us=163 trial=3 t_ms=498411 uptime_ms=498914 boot_count=1 reset_reason=POWERON_RESET window_start_ms=496611 window_end_ms=498411 window_elapsed_ms=1800 free_heap=178680 loop_stats_window_ms=1800 loop_stats_scope=trial_window loop_count=11722 loop_max_window_us=6264 loop_over_5ms=287 loop_over_20ms=0 loop_max_since_boot_us=115742 update_loop_count=11722 update_loop_max_us=6224 sample_work_max_us=9412 trial_finalize_max_us=6107 detector_observe_count=36736 detector_fresh_input_count=9184 detector_drain_count=9184 evaluator_drain_count=9184 detector_report_refresh_count=1 detector_report_mismatch_count=0 no_fresh_frequency_skip_count=27552 detector_occurrence_popped_count=0 detector_valid_occurrence_popped_count=0 evaluator_accept_attempt_count=0 evaluator_accept_success_count=0 evaluator_accept_reject_count=0 verdict_produced_count=0 verdict_event_pushed_count=0 verdict_event_dropped_count=0 evaluator_latest_reject_reason=none
AUDIO_IO_HEALTH processed_ratio=1.001 t_ms=498411 i2s_reads=55985 i2s_bytes_read=1126400 processed_samples=28816 expected_samples=28800 frames_emitted=140800 partial_frames=0 duplicate_frames=0 gap_samples=0 overlap_samples=0 max_block_age_ms=13 max_processing_lag_ms=14
RAW_AUDIO_HEALTH verdict=ok

#4 ----------------
SEQ_HISTDBG trial=4 incomplete_total=0 new=0 out_of_order_total=3 i2s_backsteps=12 i2s_max_backstep_us=5335 i2s_overflows=0 clock_corrections=23 clock_max_correction_us=5378 emit_marker_seen=0 emit_marker_dt_ms=0 uptime_ms=501712 samples_read=185600 us_per_sample=44.56 dropped_dma_buffers=0 clock_rate_mhz=15999984
SEQ_TRIAL trial=4 result=miss stage=source reject_reason=missing_pipeline_result source_selection=none source_reason=none dt=-1ms contrast_class=unknown amp_class=unknown source_strength=0.0 verdict_confidence=0.00 dup=0 src_total=0 src_acc=0 src_rej=0 buffer_overrun=0 profile=TonalPulseFreq
SYSTEM_HEALTH loop_avg_us=196 update_loop_avg_us=164 trial=4 t_ms=501211 uptime_ms=501714 boot_count=1 reset_reason=POWERON_RESET window_start_ms=499411 window_end_ms=501211 window_elapsed_ms=1800 free_heap=178680 loop_stats_window_ms=1800 loop_stats_scope=trial_window loop_count=11698 loop_max_window_us=6264 loop_over_5ms=287 loop_over_20ms=0 loop_max_since_boot_us=115742 update_loop_count=11698 update_loop_max_us=6223 sample_work_max_us=9412 trial_finalize_max_us=6107 detector_observe_count=36736 detector_fresh_input_count=9184 detector_drain_count=9184 evaluator_drain_count=9184 detector_report_refresh_count=1 detector_report_mismatch_count=0 no_fresh_frequency_skip_count=27552 detector_occurrence_popped_count=0 detector_valid_occurrence_popped_count=0 evaluator_accept_attempt_count=0 evaluator_accept_success_count=0 evaluator_accept_reject_count=0 verdict_produced_count=0 verdict_event_pushed_count=0 verdict_event_dropped_count=0 evaluator_latest_reject_reason=none
AUDIO_IO_HEALTH processed_ratio=1.001 t_ms=501211 i2s_reads=72644 i2s_bytes_read=1484800 processed_samples=28816 expected_samples=28800 frames_emitted=185600 partial_frames=0 duplicate_frames=0 gap_samples=0 overlap_samples=0 max_block_age_ms=13 max_processing_lag_ms=14
RAW_AUDIO_HEALTH verdict=ok

#5 ----------------
SEQ_HISTDBG trial=5 incomplete_total=0 new=0 out_of_order_total=3 i2s_backsteps=13 i2s_max_backstep_us=5335 i2s_overflows=0 clock_corrections=28 clock_max_correction_us=5378 emit_marker_seen=0 emit_marker_dt_ms=0 uptime_ms=504512 samples_read=230400 us_per_sample=44.57 dropped_dma_buffers=0 clock_rate_mhz=15999968
SEQ_TRIAL trial=5 result=miss stage=source reject_reason=missing_pipeline_result source_selection=none source_reason=none dt=-1ms contrast_class=unknown amp_class=unknown source_strength=0.0 verdict_confidence=0.00 dup=0 src_total=0 src_acc=0 src_rej=0 buffer_overrun=0 profile=TonalPulseFreq
SYSTEM_HEALTH loop_avg_us=196 update_loop_avg_us=164 trial=5 t_ms=504011 uptime_ms=504514 boot_count=1 reset_reason=POWERON_RESET window_start_ms=502211 window_end_ms=504011 window_elapsed_ms=1800 free_heap=178680 loop_stats_window_ms=1800 loop_stats_scope=trial_window loop_count=11703 loop_max_window_us=6215 loop_over_5ms=287 loop_over_20ms=0 loop_max_since_boot_us=115742 update_loop_count=11703 update_loop_max_us=6174 sample_work_max_us=9412 trial_finalize_max_us=6107 detector_observe_count=36736 detector_fresh_input_count=9184 detector_drain_count=9184 evaluator_drain_count=9184 detector_report_refresh_count=1 detector_report_mismatch_count=0 no_fresh_frequency_skip_count=27552 detector_occurrence_popped_count=0 detector_valid_occurrence_popped_count=0 evaluator_accept_attempt_count=0 evaluator_accept_success_count=0 evaluator_accept_reject_count=0 verdict_produced_count=0 verdict_event_pushed_count=0 verdict_event_dropped_count=0 evaluator_latest_reject_reason=none
AUDIO_IO_HEALTH processed_ratio=1.001 t_ms=504011 i2s_reads=89308 i2s_bytes_read=1843200 processed_samples=28816 expected_samples=28800 frames_emitted=230400 partial_frames=0 duplicate_frames=0 gap_samples=0 overlap_samples=0 max_block_age_ms=13 max_processing_lag_ms=14
RAW_AUDIO_HEALTH verdict=ok

#6 ----------------
SEQ_HISTDBG trial=6 incomplete_total=0 new=0 out_of_order_total=3 i2s_backsteps=15 i2s_max_backstep_us=5335 i2s_overflows=0 clock_corrections=34 clock_max_correction_us=5378 emit_marker_seen=0 emit_marker_dt_ms=0 uptime_ms=507312 samples_read=275200 us_per_sample=44.58 dropped_dma_buffers=0 clock_rate_mhz=15999984
SEQ_TRIAL trial=6 result=miss stage=source reject_reason=missing_pipeline_result source_selection=none source_reason=none dt=-1ms contrast_class=unknown amp_class=unknown source_strength=0.0 verdict_confidence=0.00 dup=0 src_total=0 src_acc=0 src_rej=0 buffer_overrun=0 profile=TonalPulseFreq
SYSTEM_HEALTH loop_avg_us=196 update_loop_avg_us=164 trial=6 t_ms=506811 uptime_ms=507314 boot_count=1 reset_reason=POWERON_RESET window_start_ms=505011 window_end_ms=506811 window_elapsed_ms=1800 free_heap=178680 loop_stats_window_ms=1800 loop_stats_scope=trial_window loop_count=11699 loop_max_window_us=6239 loop_over_5ms=287 loop_over_20ms=0 loop_max_since_boot_us=115742 update_loop_count=11699 update_loop_max_us=6198 sample_work_max_us=9412 trial_finalize_max_us=6107 detector_observe_count=36736 detector_fresh_input_count=9184 detector_drain_count=9184 evaluator_drain_count=9184 detector_report_refresh_count=1 detector_report_mismatch_count=0 no_fresh_frequency_skip_count=27552 detector_occurrence_popped_count=0 detector_valid_occurrence_popped_count=0 evaluator_accept_attempt_count=0 evaluator_accept_success_count=0 evaluator_accept_reject_count=0 verdict_produced_count=0 verdict_event_pushed_count=0 verdict_event_dropped_count=0 evaluator_latest_reject_reason=none
AUDIO_IO_HEALTH processed_ratio=1.001 t_ms=506811 i2s_reads=105969 i2s_bytes_read=2201600 processed_samples=28816 expected_samples=28800 frames_emitted=275200 partial_frames=0 duplicate_frames=0 gap_samples=0 overlap_samples=0 max_block_age_ms=13 max_processing_lag_ms=14
RAW_AUDIO_HEALTH verdict=ok

#7 ----------------
SEQ_HISTDBG trial=7 incomplete_total=0 new=0 out_of_order_total=3 i2s_backsteps=16 i2s_max_backstep_us=5335 i2s_overflows=0 clock_corrections=39 clock_max_correction_us=5378 emit_marker_seen=0 emit_marker_dt_ms=0 uptime_ms=510112 samples_read=320000 us_per_sample=44.58 dropped_dma_buffers=0 clock_rate_mhz=15999984
SEQ_TRIAL trial=7 result=miss stage=source reject_reason=missing_pipeline_result source_selection=none source_reason=none dt=-1ms contrast_class=unknown amp_class=unknown source_strength=0.0 verdict_confidence=0.00 dup=0 src_total=0 src_acc=0 src_rej=0 buffer_overrun=0 profile=TonalPulseFreq
SYSTEM_HEALTH loop_avg_us=196 update_loop_avg_us=164 trial=7 t_ms=509611 uptime_ms=510114 boot_count=1 reset_reason=POWERON_RESET window_start_ms=507811 window_end_ms=509611 window_elapsed_ms=1800 free_heap=178680 loop_stats_window_ms=1800 loop_stats_scope=trial_window loop_count=11687 loop_max_window_us=6259 loop_over_5ms=287 loop_over_20ms=0 loop_max_since_boot_us=115742 update_loop_count=11687 update_loop_max_us=6218 sample_work_max_us=9412 trial_finalize_max_us=6107 detector_observe_count=36736 detector_fresh_input_count=9184 detector_drain_count=9184 evaluator_drain_count=9184 detector_report_refresh_count=1 detector_report_mismatch_count=0 no_fresh_frequency_skip_count=27552 detector_occurrence_popped_count=0 detector_valid_occurrence_popped_count=0 evaluator_accept_attempt_count=0 evaluator_accept_success_count=0 evaluator_accept_reject_count=0 verdict_produced_count=0 verdict_event_pushed_count=0 verdict_event_dropped_count=0 evaluator_latest_reject_reason=none
AUDIO_IO_HEALTH processed_ratio=1.001 t_ms=509611 i2s_reads=122617 i2s_bytes_read=2560000 processed_samples=28815 expected_samples=28800 frames_emitted=320000 partial_frames=0 duplicate_frames=0 gap_samples=0 overlap_samples=0 max_block_age_ms=13 max_processing_lag_ms=14
RAW_AUDIO_HEALTH verdict=ok

#8 ----------------
SEQ_HISTDBG trial=8 incomplete_total=0 new=0 out_of_order_total=3 i2s_backsteps=18 i2s_max_backstep_us=5335 i2s_overflows=0 clock_corrections=45 clock_max_correction_us=5378 emit_marker_seen=0 emit_marker_dt_ms=0 uptime_ms=512912 samples_read=364800 us_per_sample=44.59 dropped_dma_buffers=0 clock_rate_mhz=15999984
SEQ_TRIAL trial=8 result=miss stage=source reject_reason=missing_pipeline_result source_selection=none source_reason=none dt=-1ms contrast_class=unknown amp_class=unknown source_strength=0.0 verdict_confidence=0.00 dup=0 src_total=0 src_acc=0 src_rej=0 buffer_overrun=0 profile=TonalPulseFreq
SYSTEM_HEALTH loop_avg_us=196 update_loop_avg_us=164 trial=8 t_ms=512411 uptime_ms=512914 boot_count=1 reset_reason=POWERON_RESET window_start_ms=510611 window_end_ms=512411 window_elapsed_ms=1800 free_heap=178680 loop_stats_window_ms=1800 loop_stats_scope=trial_window loop_count=11683 loop_max_window_us=6218 loop_over_5ms=287 loop_over_20ms=0 loop_max_since_boot_us=115742 update_loop_count=11683 update_loop_max_us=6178 sample_work_max_us=9412 trial_finalize_max_us=6107 detector_observe_count=36736 detector_fresh_input_count=9184 detector_drain_count=9184 evaluator_drain_count=9184 detector_report_refresh_count=1 detector_report_mismatch_count=0 no_fresh_frequency_skip_count=27552 detector_occurrence_popped_count=0 detector_valid_occurrence_popped_count=0 evaluator_accept_attempt_count=0 evaluator_accept_success_count=0 evaluator_accept_reject_count=0 verdict_produced_count=0 verdict_event_pushed_count=0 verdict_event_dropped_count=0 evaluator_latest_reject_reason=none
AUDIO_IO_HEALTH processed_ratio=1.001 t_ms=512411 i2s_reads=139260 i2s_bytes_read=2918400 processed_samples=28816 expected_samples=28800 frames_emitted=364800 partial_frames=0 duplicate_frames=0 gap_samples=0 overlap_samples=0 max_block_age_ms=13 max_processing_lag_ms=14
RAW_AUDIO_HEALTH verdict=ok

#9 ----------------
SEQ_HISTDBG trial=9 incomplete_total=0 new=0 out_of_order_total=3 i2s_backsteps=19 i2s_max_backstep_us=5335 i2s_overflows=0 clock_corrections=50 clock_max_correction_us=5378 emit_marker_seen=0 emit_marker_dt_ms=0 uptime_ms=515712 samples_read=409600 us_per_sample=44.60 dropped_dma_buffers=0 clock_rate_mhz=15999984
SEQ_TRIAL trial=9 result=miss stage=source reject_reason=missing_pipeline_result source_selection=none source_reason=none dt=-1ms contrast_class=unknown amp_class=unknown source_strength=0.0 verdict_confidence=0.00 dup=0 src_total=0 src_acc=0 src_rej=0 buffer_overrun=0 profile=TonalPulseFreq
SYSTEM_HEALTH loop_avg_us=196 update_loop_avg_us=164 trial=9 t_ms=515211 uptime_ms=515714 boot_count=1 reset_reason=POWERON_RESET window_start_ms=513411 window_end_ms=515211 window_elapsed_ms=1800 free_heap=178680 loop_stats_window_ms=1800 loop_stats_scope=trial_window loop_count=11695 loop_max_window_us=6217 loop_over_5ms=287 loop_over_20ms=0 loop_max_since_boot_us=115742 update_loop_count=11695 update_loop_max_us=6177 sample_work_max_us=9412 trial_finalize_max_us=6107 detector_observe_count=36736 detector_fresh_input_count=9184 detector_drain_count=9184 evaluator_drain_count=9184 detector_report_refresh_count=1 detector_report_mismatch_count=0 no_fresh_frequency_skip_count=27552 detector_occurrence_popped_count=0 detector_valid_occurrence_popped_count=0 evaluator_accept_attempt_count=0 evaluator_accept_success_count=0 evaluator_accept_reject_count=0 verdict_produced_count=0 verdict_event_pushed_count=0 verdict_event_dropped_count=0 evaluator_latest_reject_reason=none
AUDIO_IO_HEALTH processed_ratio=1.001 t_ms=515211 i2s_reads=155915 i2s_bytes_read=3276800 processed_samples=28815 expected_samples=28800 frames_emitted=409600 partial_frames=0 duplicate_frames=0 gap_samples=0 overlap_samples=0 max_block_age_ms=13 max_processing_lag_ms=14
RAW_AUDIO_HEALTH verdict=ok

#10 ----------------
SEQ_HISTDBG trial=10 incomplete_total=0 new=0 out_of_order_total=3 i2s_backsteps=20 i2s_max_backstep_us=5335 i2s_overflows=0 clock_corrections=56 clock_max_correction_us=5378 emit_marker_seen=0 emit_marker_dt_ms=0 uptime_ms=518512 samples_read=454400 us_per_sample=44.60 dropped_dma_buffers=0 clock_rate_mhz=15999984
SEQ_TRIAL trial=10 result=miss stage=source reject_reason=missing_pipeline_result source_selection=none source_reason=none dt=-1ms contrast_class=unknown amp_class=unknown source_strength=0.0 verdict_confidence=0.00 dup=0 src_total=0 src_acc=0 src_rej=0 buffer_overrun=0 profile=TonalPulseFreq
SYSTEM_HEALTH loop_avg_us=196 update_loop_avg_us=164 trial=10 t_ms=518011 uptime_ms=518514 boot_count=1 reset_reason=POWERON_RESET window_start_ms=516211 window_end_ms=518011 window_elapsed_ms=1800 free_heap=178680 loop_stats_window_ms=1800 loop_stats_scope=trial_window loop_count=11697 loop_max_window_us=6267 loop_over_5ms=287 loop_over_20ms=0 loop_max_since_boot_us=115742 update_loop_count=11697 update_loop_max_us=6227 sample_work_max_us=9412 trial_finalize_max_us=6107 detector_observe_count=36736 detector_fresh_input_count=9184 detector_drain_count=9184 evaluator_drain_count=9184 detector_report_refresh_count=1 detector_report_mismatch_count=0 no_fresh_frequency_skip_count=27552 detector_occurrence_popped_count=0 detector_valid_occurrence_popped_count=0 evaluator_accept_attempt_count=0 evaluator_accept_success_count=0 evaluator_accept_reject_count=0 verdict_produced_count=0 verdict_event_pushed_count=0 verdict_event_dropped_count=0 evaluator_latest_reject_reason=none
AUDIO_IO_HEALTH processed_ratio=1.001 t_ms=518011 i2s_reads=172571 i2s_bytes_read=3635200 processed_samples=28815 expected_samples=28800 frames_emitted=454400 partial_frames=0 duplicate_frames=0 gap_samples=0 overlap_samples=0 max_block_age_ms=13 max_processing_lag_ms=14
RAW_AUDIO_HEALTH verdict=ok

#11 ----------------
SEQ_HISTDBG trial=11 incomplete_total=0 new=0 out_of_order_total=3 i2s_backsteps=20 i2s_max_backstep_us=5335 i2s_overflows=0 clock_corrections=61 clock_max_correction_us=5378 emit_marker_seen=0 emit_marker_dt_ms=0 uptime_ms=521312 samples_read=499200 us_per_sample=44.61 dropped_dma_buffers=0 clock_rate_mhz=15999968
SEQ_TRIAL trial=11 result=miss stage=source reject_reason=missing_pipeline_result source_selection=none source_reason=none dt=-1ms contrast_class=unknown amp_class=unknown source_strength=0.0 verdict_confidence=0.00 dup=0 src_total=0 src_acc=0 src_rej=0 buffer_overrun=0 profile=TonalPulseFreq
SYSTEM_HEALTH loop_avg_us=196 update_loop_avg_us=164 trial=11 t_ms=520811 uptime_ms=521314 boot_count=1 reset_reason=POWERON_RESET window_start_ms=519011 window_end_ms=520811 window_elapsed_ms=1800 free_heap=178680 loop_stats_window_ms=1800 loop_stats_scope=trial_window loop_count=11712 loop_max_window_us=6275 loop_over_5ms=287 loop_over_20ms=0 loop_max_since_boot_us=115742 update_loop_count=11712 update_loop_max_us=6235 sample_work_max_us=9412 trial_finalize_max_us=6107 detector_observe_count=36736 detector_fresh_input_count=9184 detector_drain_count=9184 evaluator_drain_count=9184 detector_report_refresh_count=1 detector_report_mismatch_count=0 no_fresh_frequency_skip_count=27552 detector_occurrence_popped_count=0 detector_valid_occurrence_popped_count=0 evaluator_accept_attempt_count=0 evaluator_accept_success_count=0 evaluator_accept_reject_count=0 verdict_produced_count=0 verdict_event_pushed_count=0 verdict_event_dropped_count=0 evaluator_latest_reject_reason=none
AUDIO_IO_HEALTH processed_ratio=1.001 t_ms=520811 i2s_reads=189242 i2s_bytes_read=3993600 processed_samples=28815 expected_samples=28800 frames_emitted=499200 partial_frames=0 duplicate_frames=0 gap_samples=0 overlap_samples=0 max_block_age_ms=13 max_processing_lag_ms=14
RAW_AUDIO_HEALTH verdict=ok

#12 ----------------
SEQ_HISTDBG trial=12 incomplete_total=0 new=0 out_of_order_total=3 i2s_backsteps=22 i2s_max_backstep_us=5335 i2s_overflows=0 clock_corrections=67 clock_max_correction_us=5378 emit_marker_seen=0 emit_marker_dt_ms=0 uptime_ms=524112 samples_read=544000 us_per_sample=44.62 dropped_dma_buffers=0 clock_rate_mhz=15999968
SEQ_TRIAL trial=12 result=miss stage=source reject_reason=missing_pipeline_result source_selection=none source_reason=none dt=-1ms contrast_class=unknown amp_class=unknown source_strength=0.0 verdict_confidence=0.00 dup=0 src_total=0 src_acc=0 src_rej=0 buffer_overrun=0 profile=TonalPulseFreq
SYSTEM_HEALTH loop_avg_us=196 update_loop_avg_us=164 trial=12 t_ms=523611 uptime_ms=524114 boot_count=1 reset_reason=POWERON_RESET window_start_ms=521811 window_end_ms=523611 window_elapsed_ms=1800 free_heap=178680 loop_stats_window_ms=1800 loop_stats_scope=trial_window loop_count=11701 loop_max_window_us=6266 loop_over_5ms=287 loop_over_20ms=0 loop_max_since_boot_us=115742 update_loop_count=11701 update_loop_max_us=6226 sample_work_max_us=9412 trial_finalize_max_us=6107 detector_observe_count=36736 detector_fresh_input_count=9184 detector_drain_count=9184 evaluator_drain_count=9184 detector_report_refresh_count=1 detector_report_mismatch_count=0 no_fresh_frequency_skip_count=27552 detector_occurrence_popped_count=0 detector_valid_occurrence_popped_count=0 evaluator_accept_attempt_count=0 evaluator_accept_success_count=0 evaluator_accept_reject_count=0 verdict_produced_count=0 verdict_event_pushed_count=0 verdict_event_dropped_count=0 evaluator_latest_reject_reason=none
AUDIO_IO_HEALTH processed_ratio=1.001 t_ms=523611 i2s_reads=205903 i2s_bytes_read=4352000 processed_samples=28816 expected_samples=28800 frames_emitted=544000 partial_frames=0 duplicate_frames=0 gap_samples=0 overlap_samples=0 max_block_age_ms=13 max_processing_lag_ms=14
RAW_AUDIO_HEALTH verdict=ok

#13 ----------------
SEQ_HISTDBG trial=13 incomplete_total=0 new=0 out_of_order_total=3 i2s_backsteps=24 i2s_max_backstep_us=5335 i2s_overflows=0 clock_corrections=73 clock_max_correction_us=5378 emit_marker_seen=0 emit_marker_dt_ms=0 uptime_ms=526912 samples_read=588800 us_per_sample=44.62 dropped_dma_buffers=0 clock_rate_mhz=15999968
SEQ_TRIAL trial=13 result=miss stage=source reject_reason=missing_pipeline_result source_selection=none source_reason=none dt=-1ms contrast_class=unknown amp_class=unknown source_strength=0.0 verdict_confidence=0.00 dup=0 src_total=0 src_acc=0 src_rej=0 buffer_overrun=0 profile=TonalPulseFreq
SYSTEM_HEALTH loop_avg_us=196 update_loop_avg_us=163 trial=13 t_ms=526411 uptime_ms=526914 boot_count=1 reset_reason=POWERON_RESET window_start_ms=524611 window_end_ms=526411 window_elapsed_ms=1800 free_heap=178680 loop_stats_window_ms=1800 loop_stats_scope=trial_window loop_count=11721 loop_max_window_us=6261 loop_over_5ms=287 loop_over_20ms=0 loop_max_since_boot_us=115742 update_loop_count=11721 update_loop_max_us=6220 sample_work_max_us=9412 trial_finalize_max_us=6107 detector_observe_count=36736 detector_fresh_input_count=9184 detector_drain_count=9184 evaluator_drain_count=9184 detector_report_refresh_count=1 detector_report_mismatch_count=0 no_fresh_frequency_skip_count=27552 detector_occurrence_popped_count=0 detector_valid_occurrence_popped_count=0 evaluator_accept_attempt_count=0 evaluator_accept_success_count=0 evaluator_accept_reject_count=0 verdict_produced_count=0 verdict_event_pushed_count=0 verdict_event_dropped_count=0 evaluator_latest_reject_reason=none
AUDIO_IO_HEALTH processed_ratio=1.001 t_ms=526411 i2s_reads=222590 i2s_bytes_read=4710400 processed_samples=28815 expected_samples=28800 frames_emitted=588800 partial_frames=0 duplicate_frames=0 gap_samples=0 overlap_samples=0 max_block_age_ms=13 max_processing_lag_ms=14
RAW_AUDIO_HEALTH verdict=ok

#14 ----------------
SEQ_HISTDBG trial=14 incomplete_total=0 new=0 out_of_order_total=3 i2s_backsteps=26 i2s_max_backstep_us=5335 i2s_overflows=0 clock_corrections=78 clock_max_correction_us=5378 emit_marker_seen=0 emit_marker_dt_ms=0 uptime_ms=529712 samples_read=633600 us_per_sample=44.63 dropped_dma_buffers=0 clock_rate_mhz=15999984
SEQ_TRIAL trial=14 result=miss stage=source reject_reason=missing_pipeline_result source_selection=none source_reason=none dt=-1ms contrast_class=unknown amp_class=unknown source_strength=0.0 verdict_confidence=0.00 dup=0 src_total=0 src_acc=0 src_rej=0 buffer_overrun=0 profile=TonalPulseFreq
SYSTEM_HEALTH loop_avg_us=196 update_loop_avg_us=164 trial=14 t_ms=529211 uptime_ms=529714 boot_count=1 reset_reason=POWERON_RESET window_start_ms=527411 window_end_ms=529211 window_elapsed_ms=1800 free_heap=178680 loop_stats_window_ms=1800 loop_stats_scope=trial_window loop_count=11713 loop_max_window_us=6254 loop_over_5ms=287 loop_over_20ms=0 loop_max_since_boot_us=115742 update_loop_count=11713 update_loop_max_us=6213 sample_work_max_us=9412 trial_finalize_max_us=6107 detector_observe_count=36736 detector_fresh_input_count=9184 detector_drain_count=9184 evaluator_drain_count=9184 detector_report_refresh_count=1 detector_report_mismatch_count=0 no_fresh_frequency_skip_count=27552 detector_occurrence_popped_count=0 detector_valid_occurrence_popped_count=0 evaluator_accept_attempt_count=0 evaluator_accept_success_count=0 evaluator_accept_reject_count=0 verdict_produced_count=0 verdict_event_pushed_count=0 verdict_event_dropped_count=0 evaluator_latest_reject_reason=none
AUDIO_IO_HEALTH processed_ratio=1.001 t_ms=529211 i2s_reads=239266 i2s_bytes_read=5068800 processed_samples=28816 expected_samples=28800 frames_emitted=633600 partial_frames=0 duplicate_frames=0 gap_samples=0 overlap_samples=0 max_block_age_ms=13 max_processing_lag_ms=14
RAW_AUDIO_HEALTH verdict=ok

#15 ----------------
SEQ_HISTDBG trial=15 incomplete_total=0 new=0 out_of_order_total=3 i2s_backsteps=28 i2s_max_backstep_us=5335 i2s_overflows=0 clock_corrections=84 clock_max_correction_us=5378 emit_marker_seen=0 emit_marker_dt_ms=0 uptime_ms=532512 samples_read=678400 us_per_sample=44.63 dropped_dma_buffers=0 clock_rate_mhz=15999968
SEQ_TRIAL trial=15 result=miss stage=source reject_reason=missing_pipeline_result source_selection=none source_reason=none dt=-1ms contrast_class=unknown amp_class=unknown source_strength=0.0 verdict_confidence=0.00 dup=0 src_total=0 src_acc=0 src_rej=0 buffer_overrun=0 profile=TonalPulseFreq
SYSTEM_HEALTH loop_avg_us=196 update_loop_avg_us=164 trial=15 t_ms=532011 uptime_ms=532514 boot_count=1 reset_reason=POWERON_RESET window_start_ms=530211 window_end_ms=532011 window_elapsed_ms=1800 free_heap=178680 loop_stats_window_ms=1800 loop_stats_scope=trial_window loop_count=11718 loop_max_window_us=6211 loop_over_5ms=287 loop_over_20ms=0 loop_max_since_boot_us=115742 update_loop_count=11718 update_loop_max_us=6170 sample_work_max_us=9412 trial_finalize_max_us=6107 detector_observe_count=36736 detector_fresh_input_count=9184 detector_drain_count=9184 evaluator_drain_count=9184 detector_report_refresh_count=1 detector_report_mismatch_count=0 no_fresh_frequency_skip_count=27552 detector_occurrence_popped_count=0 detector_valid_occurrence_popped_count=0 evaluator_accept_attempt_count=0 evaluator_accept_success_count=0 evaluator_accept_reject_count=0 verdict_produced_count=0 verdict_event_pushed_count=0 verdict_event_dropped_count=0 evaluator_latest_reject_reason=none
AUDIO_IO_HEALTH processed_ratio=1.001 t_ms=532011 i2s_reads=255945 i2s_bytes_read=5427200 processed_samples=28817 expected_samples=28800 frames_emitted=678400 partial_frames=0 duplicate_frames=0 gap_samples=0 overlap_samples=0 max_block_age_ms=13 max_processing_lag_ms=14
RAW_AUDIO_HEALTH verdict=ok

#16 ----------------
SEQ_HISTDBG trial=16 incomplete_total=0 new=0 out_of_order_total=3 i2s_backsteps=29 i2s_max_backstep_us=5335 i2s_overflows=0 clock_corrections=89 clock_max_correction_us=5378 emit_marker_seen=0 emit_marker_dt_ms=0 uptime_ms=535312 samples_read=723200 us_per_sample=44.64 dropped_dma_buffers=0 clock_rate_mhz=15999968
SEQ_TRIAL trial=16 result=miss stage=source reject_reason=missing_pipeline_result source_selection=none source_reason=none dt=-1ms contrast_class=unknown amp_class=unknown source_strength=0.0 verdict_confidence=0.00 dup=0 src_total=0 src_acc=0 src_rej=0 buffer_overrun=0 profile=TonalPulseFreq
SYSTEM_HEALTH loop_avg_us=196 update_loop_avg_us=164 trial=16 t_ms=534811 uptime_ms=535314 boot_count=1 reset_reason=POWERON_RESET window_start_ms=533011 window_end_ms=534811 window_elapsed_ms=1800 free_heap=178680 loop_stats_window_ms=1800 loop_stats_scope=trial_window loop_count=11710 loop_max_window_us=6260 loop_over_5ms=287 loop_over_20ms=0 loop_max_since_boot_us=115742 update_loop_count=11710 update_loop_max_us=6220 sample_work_max_us=9412 trial_finalize_max_us=6107 detector_observe_count=36736 detector_fresh_input_count=9184 detector_drain_count=9184 evaluator_drain_count=9184 detector_report_refresh_count=1 detector_report_mismatch_count=0 no_fresh_frequency_skip_count=27552 detector_occurrence_popped_count=0 detector_valid_occurrence_popped_count=0 evaluator_accept_attempt_count=0 evaluator_accept_success_count=0 evaluator_accept_reject_count=0 verdict_produced_count=0 verdict_event_pushed_count=0 verdict_event_dropped_count=0 evaluator_latest_reject_reason=none
AUDIO_IO_HEALTH processed_ratio=1.001 t_ms=534811 i2s_reads=272615 i2s_bytes_read=5785600 processed_samples=28815 expected_samples=28800 frames_emitted=723200 partial_frames=0 duplicate_frames=0 gap_samples=0 overlap_samples=0 max_block_age_ms=13 max_processing_lag_ms=14
RAW_AUDIO_HEALTH verdict=ok

#17 ----------------
SEQ_HISTDBG trial=17 incomplete_total=0 new=0 out_of_order_total=3 i2s_backsteps=30 i2s_max_backstep_us=5335 i2s_overflows=0 clock_corrections=95 clock_max_correction_us=5378 emit_marker_seen=0 emit_marker_dt_ms=0 uptime_ms=538112 samples_read=768000 us_per_sample=44.65 dropped_dma_buffers=0 clock_rate_mhz=15999968
SEQ_TRIAL trial=17 result=miss stage=source reject_reason=missing_pipeline_result source_selection=none source_reason=none dt=-1ms contrast_class=unknown amp_class=unknown source_strength=0.0 verdict_confidence=0.00 dup=0 src_total=0 src_acc=0 src_rej=0 buffer_overrun=0 profile=TonalPulseFreq
SYSTEM_HEALTH loop_avg_us=196 update_loop_avg_us=164 trial=17 t_ms=537611 uptime_ms=538114 boot_count=1 reset_reason=POWERON_RESET window_start_ms=535811 window_end_ms=537611 window_elapsed_ms=1800 free_heap=178680 loop_stats_window_ms=1800 loop_stats_scope=trial_window loop_count=11710 loop_max_window_us=6257 loop_over_5ms=287 loop_over_20ms=0 loop_max_since_boot_us=115742 update_loop_count=11710 update_loop_max_us=6216 sample_work_max_us=9412 trial_finalize_max_us=6107 detector_observe_count=36736 detector_fresh_input_count=9184 detector_drain_count=9184 evaluator_drain_count=9184 detector_report_refresh_count=1 detector_report_mismatch_count=0 no_fresh_frequency_skip_count=27552 detector_occurrence_popped_count=0 detector_valid_occurrence_popped_count=0 evaluator_accept_attempt_count=0 evaluator_accept_success_count=0 evaluator_accept_reject_count=0 verdict_produced_count=0 verdict_event_pushed_count=0 verdict_event_dropped_count=0 evaluator_latest_reject_reason=none
AUDIO_IO_HEALTH processed_ratio=1.001 t_ms=537611 i2s_reads=289288 i2s_bytes_read=6144000 processed_samples=28815 expected_samples=28800 frames_emitted=768000 partial_frames=0 duplicate_frames=0 gap_samples=0 overlap_samples=0 max_block_age_ms=13 max_processing_lag_ms=14
RAW_AUDIO_HEALTH verdict=ok

#18 ----------------
SEQ_HISTDBG trial=18 incomplete_total=0 new=0 out_of_order_total=3 i2s_backsteps=32 i2s_max_backstep_us=5335 i2s_overflows=0 clock_corrections=100 clock_max_correction_us=5378 emit_marker_seen=0 emit_marker_dt_ms=0 uptime_ms=540912 samples_read=812800 us_per_sample=44.65 dropped_dma_buffers=0 clock_rate_mhz=15999984
SEQ_TRIAL trial=18 result=miss stage=source reject_reason=missing_pipeline_result source_selection=none source_reason=none dt=-1ms contrast_class=unknown amp_class=unknown source_strength=0.0 verdict_confidence=0.00 dup=0 src_total=0 src_acc=0 src_rej=0 buffer_overrun=0 profile=TonalPulseFreq
SYSTEM_HEALTH loop_avg_us=196 update_loop_avg_us=164 trial=18 t_ms=540411 uptime_ms=540914 boot_count=1 reset_reason=POWERON_RESET window_start_ms=538611 window_end_ms=540411 window_elapsed_ms=1800 free_heap=178680 loop_stats_window_ms=1800 loop_stats_scope=trial_window loop_count=11701 loop_max_window_us=6214 loop_over_5ms=287 loop_over_20ms=0 loop_max_since_boot_us=115742 update_loop_count=11701 update_loop_max_us=6173 sample_work_max_us=9412 trial_finalize_max_us=6107 detector_observe_count=36736 detector_fresh_input_count=9184 detector_drain_count=9184 evaluator_drain_count=9184 detector_report_refresh_count=1 detector_report_mismatch_count=0 no_fresh_frequency_skip_count=27552 detector_occurrence_popped_count=0 detector_valid_occurrence_popped_count=0 evaluator_accept_attempt_count=0 evaluator_accept_success_count=0 evaluator_accept_reject_count=0 verdict_produced_count=0 verdict_event_pushed_count=0 verdict_event_dropped_count=0 evaluator_latest_reject_reason=none
AUDIO_IO_HEALTH processed_ratio=1.001 t_ms=540411 i2s_reads=305949 i2s_bytes_read=6502400 processed_samples=28815 expected_samples=28800 frames_emitted=812800 partial_frames=0 duplicate_frames=0 gap_samples=0 overlap_samples=0 max_block_age_ms=13 max_processing_lag_ms=14
RAW_AUDIO_HEALTH verdict=ok

#19 ----------------
SEQ_HISTDBG trial=19 incomplete_total=0 new=0 out_of_order_total=3 i2s_backsteps=33 i2s_max_backstep_us=5335 i2s_overflows=0 clock_corrections=106 clock_max_correction_us=5378 emit_marker_seen=0 emit_marker_dt_ms=0 uptime_ms=543712 samples_read=857600 us_per_sample=44.66 dropped_dma_buffers=0 clock_rate_mhz=15999984
SEQ_TRIAL trial=19 result=miss stage=source reject_reason=missing_pipeline_result source_selection=none source_reason=none dt=-1ms contrast_class=unknown amp_class=unknown source_strength=0.0 verdict_confidence=0.00 dup=0 src_total=0 src_acc=0 src_rej=0 buffer_overrun=0 profile=TonalPulseFreq
SYSTEM_HEALTH loop_avg_us=196 update_loop_avg_us=163 trial=19 t_ms=543211 uptime_ms=543714 boot_count=1 reset_reason=POWERON_RESET window_start_ms=541411 window_end_ms=543211 window_elapsed_ms=1800 free_heap=178680 loop_stats_window_ms=1800 loop_stats_scope=trial_window loop_count=11719 loop_max_window_us=6263 loop_over_5ms=287 loop_over_20ms=0 loop_max_since_boot_us=115742 update_loop_count=11719 update_loop_max_us=6222 sample_work_max_us=9412 trial_finalize_max_us=6107 detector_observe_count=36736 detector_fresh_input_count=9184 detector_drain_count=9184 evaluator_drain_count=9184 detector_report_refresh_count=1 detector_report_mismatch_count=0 no_fresh_frequency_skip_count=27552 detector_occurrence_popped_count=0 detector_valid_occurrence_popped_count=0 evaluator_accept_attempt_count=0 evaluator_accept_success_count=0 evaluator_accept_reject_count=0 verdict_produced_count=0 verdict_event_pushed_count=0 verdict_event_dropped_count=0 evaluator_latest_reject_reason=none
AUDIO_IO_HEALTH processed_ratio=1.001 t_ms=543211 i2s_reads=322630 i2s_bytes_read=6860800 processed_samples=28816 expected_samples=28800 frames_emitted=857600 partial_frames=0 duplicate_frames=0 gap_samples=0 overlap_samples=0 max_block_age_ms=13 max_processing_lag_ms=14
RAW_AUDIO_HEALTH verdict=ok

#20 ----------------
SEQ_HISTDBG trial=20 incomplete_total=0 new=0 out_of_order_total=3 i2s_backsteps=34 i2s_max_backstep_us=5335 i2s_overflows=0 clock_corrections=111 clock_max_correction_us=5378 emit_marker_seen=0 emit_marker_dt_ms=0 uptime_ms=546512 samples_read=902400 us_per_sample=44.66 dropped_dma_buffers=0 clock_rate_mhz=15999984
SEQ_TRIAL trial=20 result=miss stage=source reject_reason=missing_pipeline_result source_selection=none source_reason=none dt=-1ms contrast_class=unknown amp_class=unknown source_strength=0.0 verdict_confidence=0.00 dup=0 src_total=0 src_acc=0 src_rej=0 buffer_overrun=0 profile=TonalPulseFreq
SYSTEM_HEALTH loop_avg_us=196 update_loop_avg_us=164 trial=20 t_ms=546011 uptime_ms=546514 boot_count=1 reset_reason=POWERON_RESET window_start_ms=544211 window_end_ms=546011 window_elapsed_ms=1800 free_heap=178680 loop_stats_window_ms=1800 loop_stats_scope=trial_window loop_count=11704 loop_max_window_us=6213 loop_over_5ms=287 loop_over_20ms=0 loop_max_since_boot_us=115742 update_loop_count=11704 update_loop_max_us=6173 sample_work_max_us=9412 trial_finalize_max_us=6107 detector_observe_count=36736 detector_fresh_input_count=9184 detector_drain_count=9184 evaluator_drain_count=9184 detector_report_refresh_count=1 detector_report_mismatch_count=0 no_fresh_frequency_skip_count=27552 detector_occurrence_popped_count=0 detector_valid_occurrence_popped_count=0 evaluator_accept_attempt_count=0 evaluator_accept_success_count=0 evaluator_accept_reject_count=0 verdict_produced_count=0 verdict_event_pushed_count=0 verdict_event_dropped_count=0 evaluator_latest_reject_reason=none
AUDIO_IO_HEALTH processed_ratio=1.001 t_ms=546011 i2s_reads=339295 i2s_bytes_read=7219200 processed_samples=28815 expected_samples=28800 frames_emitted=902400 partial_frames=0 duplicate_frames=0 gap_samples=0 overlap_samples=0 max_block_age_ms=13 max_processing_lag_ms=14
RAW_AUDIO_HEALTH verdict=ok

#21 ----------------
SEQ_HISTDBG trial=21 incomplete_total=0 new=0 out_of_order_total=3 i2s_backsteps=34 i2s_max_backstep_us=5335 i2s_overflows=0 clock_corrections=117 clock_max_correction_us=5378 emit_marker_seen=0 emit_marker_dt_ms=0 uptime_ms=549312 samples_read=947200 us_per_sample=44.67 dropped_dma_buffers=0 clock_rate_mhz=15999984
SEQ_TRIAL trial=21 result=miss stage=source reject_reason=missing_pipeline_result source_selection=none source_reason=none dt=-1ms contrast_class=unknown amp_class=unknown source_strength=0.0 verdict_confidence=0.00 dup=0 src_total=0 src_acc=0 src_rej=0 buffer_overrun=0 profile=TonalPulseFreq
SYSTEM_HEALTH loop_avg_us=195 update_loop_avg_us=163 trial=21 t_ms=548811 uptime_ms=549314 boot_count=1 reset_reason=POWERON_RESET window_start_ms=547011 window_end_ms=548811 window_elapsed_ms=1800 free_heap=178680 loop_stats_window_ms=1800 loop_stats_scope=trial_window loop_count=11726 loop_max_window_us=6262 loop_over_5ms=287 loop_over_20ms=0 loop_max_since_boot_us=115742 update_loop_count=11726 update_loop_max_us=6221 sample_work_max_us=9412 trial_finalize_max_us=6107 detector_observe_count=36736 detector_fresh_input_count=9184 detector_drain_count=9184 evaluator_drain_count=9184 detector_report_refresh_count=1 detector_report_mismatch_count=0 no_fresh_frequency_skip_count=27552 detector_occurrence_popped_count=0 detector_valid_occurrence_popped_count=0 evaluator_accept_attempt_count=0 evaluator_accept_success_count=0 evaluator_accept_reject_count=0 verdict_produced_count=0 verdict_event_pushed_count=0 verdict_event_dropped_count=0 evaluator_latest_reject_reason=none
AUDIO_IO_HEALTH processed_ratio=1.001 t_ms=548811 i2s_reads=355983 i2s_bytes_read=7577600 processed_samples=28816 expected_samples=28800 frames_emitted=947200 partial_frames=0 duplicate_frames=0 gap_samples=0 overlap_samples=0 max_block_age_ms=13 max_processing_lag_ms=14
RAW_AUDIO_HEALTH verdict=ok

#22 ----------------
SEQ_HISTDBG trial=22 incomplete_total=0 new=0 out_of_order_total=3 i2s_backsteps=36 i2s_max_backstep_us=5335 i2s_overflows=0 clock_corrections=123 clock_max_correction_us=5378 emit_marker_seen=0 emit_marker_dt_ms=0 uptime_ms=552112 samples_read=992000 us_per_sample=44.68 dropped_dma_buffers=0 clock_rate_mhz=15999968
SEQ_TRIAL trial=22 result=miss stage=source reject_reason=missing_pipeline_result source_selection=none source_reason=none dt=-1ms contrast_class=unknown amp_class=unknown source_strength=0.0 verdict_confidence=0.00 dup=0 src_total=0 src_acc=0 src_rej=0 buffer_overrun=0 profile=TonalPulseFreq
SYSTEM_HEALTH loop_avg_us=196 update_loop_avg_us=163 trial=22 t_ms=551611 uptime_ms=552114 boot_count=1 reset_reason=POWERON_RESET window_start_ms=549811 window_end_ms=551611 window_elapsed_ms=1800 free_heap=178680 loop_stats_window_ms=1800 loop_stats_scope=trial_window loop_count=11719 loop_max_window_us=6260 loop_over_5ms=287 loop_over_20ms=0 loop_max_since_boot_us=115742 update_loop_count=11719 update_loop_max_us=6219 sample_work_max_us=9412 trial_finalize_max_us=6107 detector_observe_count=36736 detector_fresh_input_count=9184 detector_drain_count=9184 evaluator_drain_count=9184 detector_report_refresh_count=1 detector_report_mismatch_count=0 no_fresh_frequency_skip_count=27552 detector_occurrence_popped_count=0 detector_valid_occurrence_popped_count=0 evaluator_accept_attempt_count=0 evaluator_accept_success_count=0 evaluator_accept_reject_count=0 verdict_produced_count=0 verdict_event_pushed_count=0 verdict_event_dropped_count=0 evaluator_latest_reject_reason=none
AUDIO_IO_HEALTH processed_ratio=1.001 t_ms=551611 i2s_reads=372665 i2s_bytes_read=7936000 processed_samples=28817 expected_samples=28800 frames_emitted=992000 partial_frames=0 duplicate_frames=0 gap_samples=0 overlap_samples=0 max_block_age_ms=13 max_processing_lag_ms=14
RAW_AUDIO_HEALTH verdict=ok

#23 ----------------
SEQ_HISTDBG trial=23 incomplete_total=0 new=0 out_of_order_total=3 i2s_backsteps=38 i2s_max_backstep_us=5335 i2s_overflows=0 clock_corrections=128 clock_max_correction_us=5378 emit_marker_seen=0 emit_marker_dt_ms=0 uptime_ms=554912 samples_read=1036800 us_per_sample=44.68 dropped_dma_buffers=0 clock_rate_mhz=15999984
SEQ_TRIAL trial=23 result=miss stage=source reject_reason=missing_pipeline_result source_selection=none source_reason=none dt=-1ms contrast_class=unknown amp_class=unknown source_strength=0.0 verdict_confidence=0.00 dup=0 src_total=0 src_acc=0 src_rej=0 buffer_overrun=0 profile=TonalPulseFreq
SYSTEM_HEALTH loop_avg_us=196 update_loop_avg_us=164 trial=23 t_ms=554411 uptime_ms=554914 boot_count=1 reset_reason=POWERON_RESET window_start_ms=552611 window_end_ms=554411 window_elapsed_ms=1800 free_heap=178680 loop_stats_window_ms=1800 loop_stats_scope=trial_window loop_count=11710 loop_max_window_us=6253 loop_over_5ms=287 loop_over_20ms=0 loop_max_since_boot_us=115742 update_loop_count=11710 update_loop_max_us=6213 sample_work_max_us=9412 trial_finalize_max_us=6107 detector_observe_count=36736 detector_fresh_input_count=9184 detector_drain_count=9184 evaluator_drain_count=9184 detector_report_refresh_count=1 detector_report_mismatch_count=0 no_fresh_frequency_skip_count=27552 detector_occurrence_popped_count=0 detector_valid_occurrence_popped_count=0 evaluator_accept_attempt_count=0 evaluator_accept_success_count=0 evaluator_accept_reject_count=0 verdict_produced_count=0 verdict_event_pushed_count=0 verdict_event_dropped_count=0 evaluator_latest_reject_reason=none
AUDIO_IO_HEALTH processed_ratio=1.001 t_ms=554411 i2s_reads=389338 i2s_bytes_read=8294400 processed_samples=28815 expected_samples=28800 frames_emitted=1036800 partial_frames=0 duplicate_frames=0 gap_samples=0 overlap_samples=0 max_block_age_ms=13 max_processing_lag_ms=14
RAW_AUDIO_HEALTH verdict=ok

#24 ----------------
SEQ_HISTDBG trial=24 incomplete_total=0 new=0 out_of_order_total=3 i2s_backsteps=39 i2s_max_backstep_us=5335 i2s_overflows=0 clock_corrections=134 clock_max_correction_us=5378 emit_marker_seen=0 emit_marker_dt_ms=0 uptime_ms=557712 samples_read=1081600 us_per_sample=44.69 dropped_dma_buffers=0 clock_rate_mhz=15999984
SEQ_TRIAL trial=24 result=miss stage=source reject_reason=missing_pipeline_result source_selection=none source_reason=none dt=-1ms contrast_class=unknown amp_class=unknown source_strength=0.0 verdict_confidence=0.00 dup=0 src_total=0 src_acc=0 src_rej=0 buffer_overrun=0 profile=TonalPulseFreq
SYSTEM_HEALTH loop_avg_us=195 update_loop_avg_us=163 trial=24 t_ms=557211 uptime_ms=557714 boot_count=1 reset_reason=POWERON_RESET window_start_ms=555411 window_end_ms=557211 window_elapsed_ms=1800 free_heap=178680 loop_stats_window_ms=1800 loop_stats_scope=trial_window loop_count=11727 loop_max_window_us=6217 loop_over_5ms=287 loop_over_20ms=0 loop_max_since_boot_us=115742 update_loop_count=11727 update_loop_max_us=6176 sample_work_max_us=9412 trial_finalize_max_us=6107 detector_observe_count=36736 detector_fresh_input_count=9184 detector_drain_count=9184 evaluator_drain_count=9184 detector_report_refresh_count=1 detector_report_mismatch_count=0 no_fresh_frequency_skip_count=27552 detector_occurrence_popped_count=0 detector_valid_occurrence_popped_count=0 evaluator_accept_attempt_count=0 evaluator_accept_success_count=0 evaluator_accept_reject_count=0 verdict_produced_count=0 verdict_event_pushed_count=0 verdict_event_dropped_count=0 evaluator_latest_reject_reason=none
AUDIO_IO_HEALTH processed_ratio=1.001 t_ms=557211 i2s_reads=406026 i2s_bytes_read=8652800 processed_samples=28815 expected_samples=28800 frames_emitted=1081600 partial_frames=0 duplicate_frames=0 gap_samples=0 overlap_samples=0 max_block_age_ms=13 max_processing_lag_ms=14
RAW_AUDIO_HEALTH verdict=ok

#25 ----------------
SEQ_HISTDBG trial=25 incomplete_total=0 new=0 out_of_order_total=3 i2s_backsteps=40 i2s_max_backstep_us=5335 i2s_overflows=0 clock_corrections=139 clock_max_correction_us=5378 emit_marker_seen=0 emit_marker_dt_ms=0 uptime_ms=560512 samples_read=1126400 us_per_sample=44.69 dropped_dma_buffers=0 clock_rate_mhz=15999984
SEQ_TRIAL trial=25 result=miss stage=source reject_reason=missing_pipeline_result source_selection=none source_reason=none dt=-1ms contrast_class=unknown amp_class=unknown source_strength=0.0 verdict_confidence=0.00 dup=0 src_total=0 src_acc=0 src_rej=0 buffer_overrun=0 profile=TonalPulseFreq
SYSTEM_HEALTH loop_avg_us=195 update_loop_avg_us=163 trial=25 t_ms=560011 uptime_ms=560514 boot_count=1 reset_reason=POWERON_RESET window_start_ms=558211 window_end_ms=560011 window_elapsed_ms=1800 free_heap=178680 loop_stats_window_ms=1800 loop_stats_scope=trial_window loop_count=11729 loop_max_window_us=6220 loop_over_5ms=287 loop_over_20ms=0 loop_max_since_boot_us=115742 update_loop_count=11729 update_loop_max_us=6179 sample_work_max_us=9412 trial_finalize_max_us=6107 detector_observe_count=36736 detector_fresh_input_count=9184 detector_drain_count=9184 evaluator_drain_count=9184 detector_report_refresh_count=1 detector_report_mismatch_count=0 no_fresh_frequency_skip_count=27552 detector_occurrence_popped_count=0 detector_valid_occurrence_popped_count=0 evaluator_accept_attempt_count=0 evaluator_accept_success_count=0 evaluator_accept_reject_count=0 verdict_produced_count=0 verdict_event_pushed_count=0 verdict_event_dropped_count=0 evaluator_latest_reject_reason=none
AUDIO_IO_HEALTH processed_ratio=1.001 t_ms=560011 i2s_reads=422717 i2s_bytes_read=9011200 processed_samples=28816 expected_samples=28800 frames_emitted=1126400 partial_frames=0 duplicate_frames=0 gap_samples=0 overlap_samples=0 max_block_age_ms=13 max_processing_lag_ms=14
RAW_AUDIO_HEALTH verdict=ok

#26 ----------------
SEQ_HISTDBG trial=26 incomplete_total=0 new=0 out_of_order_total=3 i2s_backsteps=40 i2s_max_backstep_us=5335 i2s_overflows=0 clock_corrections=145 clock_max_correction_us=5378 emit_marker_seen=0 emit_marker_dt_ms=0 uptime_ms=563312 samples_read=1171200 us_per_sample=44.70 dropped_dma_buffers=0 clock_rate_mhz=15999952
SEQ_TRIAL trial=26 result=miss stage=source reject_reason=missing_pipeline_result source_selection=none source_reason=none dt=-1ms contrast_class=unknown amp_class=unknown source_strength=0.0 verdict_confidence=0.00 dup=0 src_total=0 src_acc=0 src_rej=0 buffer_overrun=0 profile=TonalPulseFreq
SYSTEM_HEALTH loop_avg_us=196 update_loop_avg_us=163 trial=26 t_ms=562811 uptime_ms=563314 boot_count=1 reset_reason=POWERON_RESET window_start_ms=561011 window_end_ms=562811 window_elapsed_ms=1800 free_heap=178680 loop_stats_window_ms=1800 loop_stats_scope=trial_window loop_count=11721 loop_max_window_us=6220 loop_over_5ms=287 loop_over_20ms=0 loop_max_since_boot_us=115742 update_loop_count=11721 update_loop_max_us=6179 sample_work_max_us=9412 trial_finalize_max_us=6107 detector_observe_count=36736 detector_fresh_input_count=9184 detector_drain_count=9184 evaluator_drain_count=9184 detector_report_refresh_count=1 detector_report_mismatch_count=0 no_fresh_frequency_skip_count=27552 detector_occurrence_popped_count=0 detector_valid_occurrence_popped_count=0 evaluator_accept_attempt_count=0 evaluator_accept_success_count=0 evaluator_accept_reject_count=0 verdict_produced_count=0 verdict_event_pushed_count=0 verdict_event_dropped_count=0 evaluator_latest_reject_reason=none
AUDIO_IO_HEALTH processed_ratio=1.001 t_ms=562811 i2s_reads=439398 i2s_bytes_read=9369600 processed_samples=28816 expected_samples=28800 frames_emitted=1171200 partial_frames=0 duplicate_frames=0 gap_samples=0 overlap_samples=0 max_block_age_ms=13 max_processing_lag_ms=14
RAW_AUDIO_HEALTH verdict=ok

#27 ----------------
SEQ_HISTDBG trial=27 incomplete_total=0 new=0 out_of_order_total=3 i2s_backsteps=41 i2s_max_backstep_us=5335 i2s_overflows=0 clock_corrections=150 clock_max_correction_us=5378 emit_marker_seen=0 emit_marker_dt_ms=0 uptime_ms=566112 samples_read=1216000 us_per_sample=44.70 dropped_dma_buffers=0 clock_rate_mhz=16000000
SEQ_TRIAL trial=27 result=miss stage=source reject_reason=missing_pipeline_result source_selection=none source_reason=none dt=-1ms contrast_class=unknown amp_class=unknown source_strength=0.0 verdict_confidence=0.00 dup=0 src_total=0 src_acc=0 src_rej=0 buffer_overrun=0 profile=TonalPulseFreq
SYSTEM_HEALTH loop_avg_us=196 update_loop_avg_us=164 trial=27 t_ms=565611 uptime_ms=566114 boot_count=1 reset_reason=POWERON_RESET window_start_ms=563811 window_end_ms=565611 window_elapsed_ms=1800 free_heap=178680 loop_stats_window_ms=1800 loop_stats_scope=trial_window loop_count=11714 loop_max_window_us=6215 loop_over_5ms=287 loop_over_20ms=0 loop_max_since_boot_us=115742 update_loop_count=11714 update_loop_max_us=6175 sample_work_max_us=9412 trial_finalize_max_us=6107 detector_observe_count=36736 detector_fresh_input_count=9184 detector_drain_count=9184 evaluator_drain_count=9184 detector_report_refresh_count=1 detector_report_mismatch_count=0 no_fresh_frequency_skip_count=27552 detector_occurrence_popped_count=0 detector_valid_occurrence_popped_count=0 evaluator_accept_attempt_count=0 evaluator_accept_success_count=0 evaluator_accept_reject_count=0 verdict_produced_count=0 verdict_event_pushed_count=0 verdict_event_dropped_count=0 evaluator_latest_reject_reason=none
AUDIO_IO_HEALTH processed_ratio=1.001 t_ms=565611 i2s_reads=456072 i2s_bytes_read=9728000 processed_samples=28816 expected_samples=28800 frames_emitted=1216000 partial_frames=0 duplicate_frames=0 gap_samples=0 overlap_samples=0 max_block_age_ms=13 max_processing_lag_ms=14
RAW_AUDIO_HEALTH verdict=ok

#28 ----------------
SEQ_HISTDBG trial=28 incomplete_total=0 new=0 out_of_order_total=3 i2s_backsteps=43 i2s_max_backstep_us=5335 i2s_overflows=0 clock_corrections=156 clock_max_correction_us=5378 emit_marker_seen=0 emit_marker_dt_ms=0 uptime_ms=568912 samples_read=1260800 us_per_sample=44.71 dropped_dma_buffers=0 clock_rate_mhz=15999984
SEQ_TRIAL trial=28 result=miss stage=source reject_reason=missing_pipeline_result source_selection=none source_reason=none dt=-1ms contrast_class=unknown amp_class=unknown source_strength=0.0 verdict_confidence=0.00 dup=0 src_total=0 src_acc=0 src_rej=0 buffer_overrun=0 profile=TonalPulseFreq
SYSTEM_HEALTH loop_avg_us=196 update_loop_avg_us=164 trial=28 t_ms=568411 uptime_ms=568914 boot_count=1 reset_reason=POWERON_RESET window_start_ms=566611 window_end_ms=568411 window_elapsed_ms=1800 free_heap=178680 loop_stats_window_ms=1800 loop_stats_scope=trial_window loop_count=11717 loop_max_window_us=6237 loop_over_5ms=287 loop_over_20ms=0 loop_max_since_boot_us=115742 update_loop_count=11717 update_loop_max_us=6196 sample_work_max_us=9412 trial_finalize_max_us=6107 detector_observe_count=36736 detector_fresh_input_count=9184 detector_drain_count=9184 evaluator_drain_count=9184 detector_report_refresh_count=1 detector_report_mismatch_count=0 no_fresh_frequency_skip_count=27552 detector_occurrence_popped_count=0 detector_valid_occurrence_popped_count=0 evaluator_accept_attempt_count=0 evaluator_accept_success_count=0 evaluator_accept_reject_count=0 verdict_produced_count=0 verdict_event_pushed_count=0 verdict_event_dropped_count=0 evaluator_latest_reject_reason=none
AUDIO_IO_HEALTH processed_ratio=1.001 t_ms=568411 i2s_reads=472752 i2s_bytes_read=10086400 processed_samples=28815 expected_samples=28800 frames_emitted=1260800 partial_frames=0 duplicate_frames=0 gap_samples=0 overlap_samples=0 max_block_age_ms=13 max_processing_lag_ms=14
RAW_AUDIO_HEALTH verdict=ok

#29 ----------------
SEQ_HISTDBG trial=29 incomplete_total=0 new=0 out_of_order_total=3 i2s_backsteps=44 i2s_max_backstep_us=5335 i2s_overflows=0 clock_corrections=161 clock_max_correction_us=5378 emit_marker_seen=0 emit_marker_dt_ms=0 uptime_ms=571712 samples_read=1305600 us_per_sample=44.71 dropped_dma_buffers=0 clock_rate_mhz=15999984
SEQ_TRIAL trial=29 result=miss stage=source reject_reason=missing_pipeline_result source_selection=none source_reason=none dt=-1ms contrast_class=unknown amp_class=unknown source_strength=0.0 verdict_confidence=0.00 dup=0 src_total=0 src_acc=0 src_rej=0 buffer_overrun=0 profile=TonalPulseFreq
SYSTEM_HEALTH loop_avg_us=196 update_loop_avg_us=164 trial=29 t_ms=571211 uptime_ms=571714 boot_count=1 reset_reason=POWERON_RESET window_start_ms=569411 window_end_ms=571211 window_elapsed_ms=1800 free_heap=178680 loop_stats_window_ms=1800 loop_stats_scope=trial_window loop_count=11709 loop_max_window_us=6249 loop_over_5ms=287 loop_over_20ms=0 loop_max_since_boot_us=115742 update_loop_count=11709 update_loop_max_us=6209 sample_work_max_us=9412 trial_finalize_max_us=6107 detector_observe_count=36736 detector_fresh_input_count=9184 detector_drain_count=9184 evaluator_drain_count=9184 detector_report_refresh_count=1 detector_report_mismatch_count=0 no_fresh_frequency_skip_count=27552 detector_occurrence_popped_count=0 detector_valid_occurrence_popped_count=0 evaluator_accept_attempt_count=0 evaluator_accept_success_count=0 evaluator_accept_reject_count=0 verdict_produced_count=0 verdict_event_pushed_count=0 verdict_event_dropped_count=0 evaluator_latest_reject_reason=none
AUDIO_IO_HEALTH processed_ratio=1.001 t_ms=571211 i2s_reads=489421 i2s_bytes_read=10444800 processed_samples=28815 expected_samples=28800 frames_emitted=1305600 partial_frames=0 duplicate_frames=0 gap_samples=0 overlap_samples=0 max_block_age_ms=13 max_processing_lag_ms=14
RAW_AUDIO_HEALTH verdict=ok

#30 ----------------
SEQ_HISTDBG trial=30 incomplete_total=0 new=0 out_of_order_total=3 i2s_backsteps=46 i2s_max_backstep_us=5335 i2s_overflows=0 clock_corrections=167 clock_max_correction_us=5378 emit_marker_seen=0 emit_marker_dt_ms=0 uptime_ms=574512 samples_read=1350400 us_per_sample=44.72 dropped_dma_buffers=0 clock_rate_mhz=15999968
SEQ_TRIAL trial=30 result=miss stage=source reject_reason=missing_pipeline_result source_selection=none source_reason=none dt=-1ms contrast_class=unknown amp_class=unknown source_strength=0.0 verdict_confidence=0.00 dup=0 src_total=0 src_acc=0 src_rej=0 buffer_overrun=0 profile=TonalPulseFreq
SYSTEM_HEALTH loop_avg_us=196 update_loop_avg_us=164 trial=30 t_ms=574011 uptime_ms=574514 boot_count=1 reset_reason=POWERON_RESET window_start_ms=572211 window_end_ms=574011 window_elapsed_ms=1800 free_heap=178680 loop_stats_window_ms=1800 loop_stats_scope=trial_window loop_count=11713 loop_max_window_us=6267 loop_over_5ms=287 loop_over_20ms=0 loop_max_since_boot_us=115742 update_loop_count=11713 update_loop_max_us=6227 sample_work_max_us=9412 trial_finalize_max_us=6107 detector_observe_count=36736 detector_fresh_input_count=9184 detector_drain_count=9184 evaluator_drain_count=9184 detector_report_refresh_count=1 detector_report_mismatch_count=0 no_fresh_frequency_skip_count=27552 detector_occurrence_popped_count=0 detector_valid_occurrence_popped_count=0 evaluator_accept_attempt_count=0 evaluator_accept_success_count=0 evaluator_accept_reject_count=0 verdict_produced_count=0 verdict_event_pushed_count=0 verdict_event_dropped_count=0 evaluator_latest_reject_reason=none
AUDIO_IO_HEALTH processed_ratio=1.001 t_ms=574011 i2s_reads=506098 i2s_bytes_read=10803200 processed_samples=28817 expected_samples=28800 frames_emitted=1350400 partial_frames=0 duplicate_frames=0 gap_samples=0 overlap_samples=0 max_block_age_ms=13 max_processing_lag_ms=14
RAW_AUDIO_HEALTH verdict=ok

#31 ----------------
SEQ_HISTDBG trial=31 incomplete_total=0 new=0 out_of_order_total=3 i2s_backsteps=48 i2s_max_backstep_us=5335 i2s_overflows=0 clock_corrections=173 clock_max_correction_us=5378 emit_marker_seen=0 emit_marker_dt_ms=0 uptime_ms=577312 samples_read=1395200 us_per_sample=44.73 dropped_dma_buffers=0 clock_rate_mhz=15999984
SEQ_TRIAL trial=31 result=miss stage=source reject_reason=missing_pipeline_result source_selection=none source_reason=none dt=-1ms contrast_class=unknown amp_class=unknown source_strength=0.0 verdict_confidence=0.00 dup=0 src_total=0 src_acc=0 src_rej=0 buffer_overrun=0 profile=TonalPulseFreq
SYSTEM_HEALTH loop_avg_us=196 update_loop_avg_us=163 trial=31 t_ms=576811 uptime_ms=577314 boot_count=1 reset_reason=POWERON_RESET window_start_ms=575011 window_end_ms=576811 window_elapsed_ms=1800 free_heap=178680 loop_stats_window_ms=1800 loop_stats_scope=trial_window loop_count=11720 loop_max_window_us=6212 loop_over_5ms=287 loop_over_20ms=0 loop_max_since_boot_us=115742 update_loop_count=11720 update_loop_max_us=6172 sample_work_max_us=9412 trial_finalize_max_us=6107 detector_observe_count=36736 detector_fresh_input_count=9184 detector_drain_count=9184 evaluator_drain_count=9184 detector_report_refresh_count=1 detector_report_mismatch_count=0 no_fresh_frequency_skip_count=27552 detector_occurrence_popped_count=0 detector_valid_occurrence_popped_count=0 evaluator_accept_attempt_count=0 evaluator_accept_success_count=0 evaluator_accept_reject_count=0 verdict_produced_count=0 verdict_event_pushed_count=0 verdict_event_dropped_count=0 evaluator_latest_reject_reason=none
AUDIO_IO_HEALTH processed_ratio=1.001 t_ms=576811 i2s_reads=522779 i2s_bytes_read=11161600 processed_samples=28817 expected_samples=28800 frames_emitted=1395200 partial_frames=0 duplicate_frames=0 gap_samples=0 overlap_samples=0 max_block_age_ms=13 max_processing_lag_ms=14
RAW_AUDIO_HEALTH verdict=ok

#32 ----------------
SEQ_HISTDBG trial=32 incomplete_total=0 new=0 out_of_order_total=3 i2s_backsteps=48 i2s_max_backstep_us=5335 i2s_overflows=0 clock_corrections=178 clock_max_correction_us=5378 emit_marker_seen=0 emit_marker_dt_ms=0 uptime_ms=580112 samples_read=1440000 us_per_sample=44.73 dropped_dma_buffers=0 clock_rate_mhz=15999968
SEQ_TRIAL trial=32 result=miss stage=source reject_reason=missing_pipeline_result source_selection=none source_reason=none dt=-1ms contrast_class=unknown amp_class=unknown source_strength=0.0 verdict_confidence=0.00 dup=0 src_total=0 src_acc=0 src_rej=0 buffer_overrun=0 profile=TonalPulseFreq
SYSTEM_HEALTH loop_avg_us=196 update_loop_avg_us=164 trial=32 t_ms=579611 uptime_ms=580114 boot_count=1 reset_reason=POWERON_RESET window_start_ms=577811 window_end_ms=579611 window_elapsed_ms=1800 free_heap=178680 loop_stats_window_ms=1800 loop_stats_scope=trial_window loop_count=11702 loop_max_window_us=6255 loop_over_5ms=287 loop_over_20ms=0 loop_max_since_boot_us=115742 update_loop_count=11702 update_loop_max_us=6215 sample_work_max_us=9412 trial_finalize_max_us=6107 detector_observe_count=36736 detector_fresh_input_count=9184 detector_drain_count=9184 evaluator_drain_count=9184 detector_report_refresh_count=1 detector_report_mismatch_count=0 no_fresh_frequency_skip_count=27552 detector_occurrence_popped_count=0 detector_valid_occurrence_popped_count=0 evaluator_accept_attempt_count=0 evaluator_accept_success_count=0 evaluator_accept_reject_count=0 verdict_produced_count=0 verdict_event_pushed_count=0 verdict_event_dropped_count=0 evaluator_latest_reject_reason=none
AUDIO_IO_HEALTH processed_ratio=1.001 t_ms=579611 i2s_reads=539443 i2s_bytes_read=11520000 processed_samples=28815 expected_samples=28800 frames_emitted=1440000 partial_frames=0 duplicate_frames=0 gap_samples=0 overlap_samples=0 max_block_age_ms=13 max_processing_lag_ms=14
RAW_AUDIO_HEALTH verdict=ok

#33 ----------------
SEQ_HISTDBG trial=33 incomplete_total=0 new=0 out_of_order_total=3 i2s_backsteps=50 i2s_max_backstep_us=5335 i2s_overflows=0 clock_corrections=184 clock_max_correction_us=5378 emit_marker_seen=0 emit_marker_dt_ms=0 uptime_ms=582912 samples_read=1484800 us_per_sample=44.74 dropped_dma_buffers=0 clock_rate_mhz=15999968
SEQ_TRIAL trial=33 result=miss stage=source reject_reason=missing_pipeline_result source_selection=none source_reason=none dt=-1ms contrast_class=unknown amp_class=unknown source_strength=0.0 verdict_confidence=0.00 dup=0 src_total=0 src_acc=0 src_rej=0 buffer_overrun=0 profile=TonalPulseFreq
SYSTEM_HEALTH loop_avg_us=196 update_loop_avg_us=164 trial=33 t_ms=582411 uptime_ms=582914 boot_count=1 reset_reason=POWERON_RESET window_start_ms=580611 window_end_ms=582411 window_elapsed_ms=1800 free_heap=178680 loop_stats_window_ms=1800 loop_stats_scope=trial_window loop_count=11704 loop_max_window_us=6267 loop_over_5ms=287 loop_over_20ms=0 loop_max_since_boot_us=115742 update_loop_count=11704 update_loop_max_us=6226 sample_work_max_us=9412 trial_finalize_max_us=6107 detector_observe_count=36736 detector_fresh_input_count=9184 detector_drain_count=9184 evaluator_drain_count=9184 detector_report_refresh_count=1 detector_report_mismatch_count=0 no_fresh_frequency_skip_count=27552 detector_occurrence_popped_count=0 detector_valid_occurrence_popped_count=0 evaluator_accept_attempt_count=0 evaluator_accept_success_count=0 evaluator_accept_reject_count=0 verdict_produced_count=0 verdict_event_pushed_count=0 verdict_event_dropped_count=0 evaluator_latest_reject_reason=none
AUDIO_IO_HEALTH processed_ratio=1.001 t_ms=582411 i2s_reads=556106 i2s_bytes_read=11878400 processed_samples=28816 expected_samples=28800 frames_emitted=1484800 partial_frames=0 duplicate_frames=0 gap_samples=0 overlap_samples=0 max_block_age_ms=13 max_processing_lag_ms=14
RAW_AUDIO_HEALTH verdict=ok

#34 ----------------
SEQ_HISTDBG trial=34 incomplete_total=0 new=0 out_of_order_total=3 i2s_backsteps=51 i2s_max_backstep_us=5335 i2s_overflows=0 clock_corrections=189 clock_max_correction_us=5378 emit_marker_seen=0 emit_marker_dt_ms=0 uptime_ms=585712 samples_read=1529600 us_per_sample=44.74 dropped_dma_buffers=0 clock_rate_mhz=15999968
SEQ_TRIAL trial=34 result=miss stage=source reject_reason=missing_pipeline_result source_selection=none source_reason=none dt=-1ms contrast_class=unknown amp_class=unknown source_strength=0.0 verdict_confidence=0.00 dup=0 src_total=0 src_acc=0 src_rej=0 buffer_overrun=0 profile=TonalPulseFreq
SYSTEM_HEALTH loop_avg_us=196 update_loop_avg_us=164 trial=34 t_ms=585211 uptime_ms=585714 boot_count=1 reset_reason=POWERON_RESET window_start_ms=583411 window_end_ms=585211 window_elapsed_ms=1800 free_heap=178680 loop_stats_window_ms=1800 loop_stats_scope=trial_window loop_count=11709 loop_max_window_us=6261 loop_over_5ms=287 loop_over_20ms=0 loop_max_since_boot_us=115742 update_loop_count=11709 update_loop_max_us=6220 sample_work_max_us=9412 trial_finalize_max_us=6107 detector_observe_count=36736 detector_fresh_input_count=9184 detector_drain_count=9184 evaluator_drain_count=9184 detector_report_refresh_count=1 detector_report_mismatch_count=0 no_fresh_frequency_skip_count=27552 detector_occurrence_popped_count=0 detector_valid_occurrence_popped_count=0 evaluator_accept_attempt_count=0 evaluator_accept_success_count=0 evaluator_accept_reject_count=0 verdict_produced_count=0 verdict_event_pushed_count=0 verdict_event_dropped_count=0 evaluator_latest_reject_reason=none
AUDIO_IO_HEALTH processed_ratio=1.001 t_ms=585211 i2s_reads=572777 i2s_bytes_read=12236800 processed_samples=28816 expected_samples=28800 frames_emitted=1529600 partial_frames=0 duplicate_frames=0 gap_samples=0 overlap_samples=0 max_block_age_ms=13 max_processing_lag_ms=14
RAW_AUDIO_HEALTH verdict=ok

#35 ----------------
SEQ_HISTDBG trial=35 incomplete_total=0 new=0 out_of_order_total=3 i2s_backsteps=53 i2s_max_backstep_us=5335 i2s_overflows=0 clock_corrections=195 clock_max_correction_us=5378 emit_marker_seen=0 emit_marker_dt_ms=0 uptime_ms=588512 samples_read=1574400 us_per_sample=44.75 dropped_dma_buffers=0 clock_rate_mhz=15999984
SEQ_TRIAL trial=35 result=miss stage=source reject_reason=missing_pipeline_result source_selection=none source_reason=none dt=-1ms contrast_class=unknown amp_class=unknown source_strength=0.0 verdict_confidence=0.00 dup=0 src_total=0 src_acc=0 src_rej=0 buffer_overrun=0 profile=TonalPulseFreq
SYSTEM_HEALTH loop_avg_us=195 update_loop_avg_us=163 trial=35 t_ms=588011 uptime_ms=588514 boot_count=1 reset_reason=POWERON_RESET window_start_ms=586211 window_end_ms=588011 window_elapsed_ms=1800 free_heap=178680 loop_stats_window_ms=1800 loop_stats_scope=trial_window loop_count=11727 loop_max_window_us=6239 loop_over_5ms=287 loop_over_20ms=0 loop_max_since_boot_us=115742 update_loop_count=11727 update_loop_max_us=6199 sample_work_max_us=9412 trial_finalize_max_us=6107 detector_observe_count=36736 detector_fresh_input_count=9184 detector_drain_count=9184 evaluator_drain_count=9184 detector_report_refresh_count=1 detector_report_mismatch_count=0 no_fresh_frequency_skip_count=27552 detector_occurrence_popped_count=0 detector_valid_occurrence_popped_count=0 evaluator_accept_attempt_count=0 evaluator_accept_success_count=0 evaluator_accept_reject_count=0 verdict_produced_count=0 verdict_event_pushed_count=0 verdict_event_dropped_count=0 evaluator_latest_reject_reason=none
AUDIO_IO_HEALTH processed_ratio=1.001 t_ms=588011 i2s_reads=589466 i2s_bytes_read=12595200 processed_samples=28816 expected_samples=28800 frames_emitted=1574400 partial_frames=0 duplicate_frames=0 gap_samples=0 overlap_samples=0 max_block_age_ms=13 max_processing_lag_ms=14
RAW_AUDIO_HEALTH verdict=ok

#36 ----------------
SEQ_HISTDBG trial=36 incomplete_total=0 new=0 out_of_order_total=3 i2s_backsteps=54 i2s_max_backstep_us=5335 i2s_overflows=0 clock_corrections=200 clock_max_correction_us=5378 emit_marker_seen=0 emit_marker_dt_ms=0 uptime_ms=591312 samples_read=1619200 us_per_sample=44.75 dropped_dma_buffers=0 clock_rate_mhz=15999968
SEQ_TRIAL trial=36 result=miss stage=source reject_reason=missing_pipeline_result source_selection=none source_reason=none dt=-1ms contrast_class=unknown amp_class=unknown source_strength=0.0 verdict_confidence=0.00 dup=0 src_total=0 src_acc=0 src_rej=0 buffer_overrun=0 profile=TonalPulseFreq
SYSTEM_HEALTH loop_avg_us=196 update_loop_avg_us=164 trial=36 t_ms=590811 uptime_ms=591314 boot_count=1 reset_reason=POWERON_RESET window_start_ms=589011 window_end_ms=590811 window_elapsed_ms=1800 free_heap=178680 loop_stats_window_ms=1800 loop_stats_scope=trial_window loop_count=11707 loop_max_window_us=6267 loop_over_5ms=287 loop_over_20ms=0 loop_max_since_boot_us=115742 update_loop_count=11707 update_loop_max_us=6226 sample_work_max_us=9412 trial_finalize_max_us=6107 detector_observe_count=36736 detector_fresh_input_count=9184 detector_drain_count=9184 evaluator_drain_count=9184 detector_report_refresh_count=1 detector_report_mismatch_count=0 no_fresh_frequency_skip_count=27552 detector_occurrence_popped_count=0 detector_valid_occurrence_popped_count=0 evaluator_accept_attempt_count=0 evaluator_accept_success_count=0 evaluator_accept_reject_count=0 verdict_produced_count=0 verdict_event_pushed_count=0 verdict_event_dropped_count=0 evaluator_latest_reject_reason=none
AUDIO_IO_HEALTH processed_ratio=1.001 t_ms=590811 i2s_reads=606134 i2s_bytes_read=12953600 processed_samples=28816 expected_samples=28800 frames_emitted=1619200 partial_frames=0 duplicate_frames=0 gap_samples=0 overlap_samples=0 max_block_age_ms=13 max_processing_lag_ms=14
RAW_AUDIO_HEALTH verdict=ok

#37 ----------------
SEQ_HISTDBG trial=37 incomplete_total=0 new=0 out_of_order_total=3 i2s_backsteps=55 i2s_max_backstep_us=5335 i2s_overflows=0 clock_corrections=206 clock_max_correction_us=5378 emit_marker_seen=0 emit_marker_dt_ms=0 uptime_ms=594112 samples_read=1664000 us_per_sample=44.76 dropped_dma_buffers=0 clock_rate_mhz=15999968
SEQ_TRIAL trial=37 result=miss stage=source reject_reason=missing_pipeline_result source_selection=none source_reason=none dt=-1ms contrast_class=unknown amp_class=unknown source_strength=0.0 verdict_confidence=0.00 dup=0 src_total=0 src_acc=0 src_rej=0 buffer_overrun=0 profile=TonalPulseFreq
SYSTEM_HEALTH loop_avg_us=196 update_loop_avg_us=163 trial=37 t_ms=593611 uptime_ms=594114 boot_count=1 reset_reason=POWERON_RESET window_start_ms=591811 window_end_ms=593611 window_elapsed_ms=1800 free_heap=178680 loop_stats_window_ms=1800 loop_stats_scope=trial_window loop_count=11722 loop_max_window_us=6211 loop_over_5ms=287 loop_over_20ms=0 loop_max_since_boot_us=115742 update_loop_count=11722 update_loop_max_us=6171 sample_work_max_us=9412 trial_finalize_max_us=6107 detector_observe_count=36736 detector_fresh_input_count=9184 detector_drain_count=9184 evaluator_drain_count=9184 detector_report_refresh_count=1 detector_report_mismatch_count=0 no_fresh_frequency_skip_count=27552 detector_occurrence_popped_count=0 detector_valid_occurrence_popped_count=0 evaluator_accept_attempt_count=0 evaluator_accept_success_count=0 evaluator_accept_reject_count=0 verdict_produced_count=0 verdict_event_pushed_count=0 verdict_event_dropped_count=0 evaluator_latest_reject_reason=none
AUDIO_IO_HEALTH processed_ratio=1.001 t_ms=593611 i2s_reads=622818 i2s_bytes_read=13312000 processed_samples=28815 expected_samples=28800 frames_emitted=1664000 partial_frames=0 duplicate_frames=0 gap_samples=0 overlap_samples=0 max_block_age_ms=13 max_processing_lag_ms=14
RAW_AUDIO_HEALTH verdict=ok

#38 ----------------
SEQ_HISTDBG trial=38 incomplete_total=0 new=0 out_of_order_total=3 i2s_backsteps=56 i2s_max_backstep_us=5335 i2s_overflows=0 clock_corrections=211 clock_max_correction_us=5378 emit_marker_seen=0 emit_marker_dt_ms=0 uptime_ms=596912 samples_read=1708800 us_per_sample=44.76 dropped_dma_buffers=0 clock_rate_mhz=15999968
SEQ_TRIAL trial=38 result=miss stage=source reject_reason=missing_pipeline_result source_selection=none source_reason=none dt=-1ms contrast_class=unknown amp_class=unknown source_strength=0.0 verdict_confidence=0.00 dup=0 src_total=0 src_acc=0 src_rej=0 buffer_overrun=0 profile=TonalPulseFreq
SYSTEM_HEALTH loop_avg_us=196 update_loop_avg_us=164 trial=38 t_ms=596411 uptime_ms=596914 boot_count=1 reset_reason=POWERON_RESET window_start_ms=594611 window_end_ms=596411 window_elapsed_ms=1800 free_heap=178680 loop_stats_window_ms=1800 loop_stats_scope=trial_window loop_count=11704 loop_max_window_us=6237 loop_over_5ms=287 loop_over_20ms=0 loop_max_since_boot_us=115742 update_loop_count=11704 update_loop_max_us=6196 sample_work_max_us=9412 trial_finalize_max_us=6107 detector_observe_count=36736 detector_fresh_input_count=9184 detector_drain_count=9184 evaluator_drain_count=9184 detector_report_refresh_count=1 detector_report_mismatch_count=0 no_fresh_frequency_skip_count=27552 detector_occurrence_popped_count=0 detector_valid_occurrence_popped_count=0 evaluator_accept_attempt_count=0 evaluator_accept_success_count=0 evaluator_accept_reject_count=0 verdict_produced_count=0 verdict_event_pushed_count=0 verdict_event_dropped_count=0 evaluator_latest_reject_reason=none
AUDIO_IO_HEALTH processed_ratio=1.001 t_ms=596411 i2s_reads=639483 i2s_bytes_read=13670400 processed_samples=28816 expected_samples=28800 frames_emitted=1708800 partial_frames=0 duplicate_frames=0 gap_samples=0 overlap_samples=0 max_block_age_ms=13 max_processing_lag_ms=14
RAW_AUDIO_HEALTH verdict=ok

#39 ----------------
SEQ_HISTDBG trial=39 incomplete_total=0 new=0 out_of_order_total=3 i2s_backsteps=58 i2s_max_backstep_us=5335 i2s_overflows=0 clock_corrections=217 clock_max_correction_us=5378 emit_marker_seen=0 emit_marker_dt_ms=0 uptime_ms=599712 samples_read=1753600 us_per_sample=44.77 dropped_dma_buffers=0 clock_rate_mhz=15999984
SEQ_TRIAL trial=39 result=miss stage=source reject_reason=missing_pipeline_result source_selection=none source_reason=none dt=-1ms contrast_class=unknown amp_class=unknown source_strength=0.0 verdict_confidence=0.00 dup=0 src_total=0 src_acc=0 src_rej=0 buffer_overrun=0 profile=TonalPulseFreq
SYSTEM_HEALTH loop_avg_us=196 update_loop_avg_us=163 trial=39 t_ms=599211 uptime_ms=599714 boot_count=1 reset_reason=POWERON_RESET window_start_ms=597411 window_end_ms=599211 window_elapsed_ms=1800 free_heap=178680 loop_stats_window_ms=1800 loop_stats_scope=trial_window loop_count=11720 loop_max_window_us=6210 loop_over_5ms=287 loop_over_20ms=0 loop_max_since_boot_us=115742 update_loop_count=11720 update_loop_max_us=6169 sample_work_max_us=9412 trial_finalize_max_us=6107 detector_observe_count=36736 detector_fresh_input_count=9184 detector_drain_count=9184 evaluator_drain_count=9184 detector_report_refresh_count=1 detector_report_mismatch_count=0 no_fresh_frequency_skip_count=27552 detector_occurrence_popped_count=0 detector_valid_occurrence_popped_count=0 evaluator_accept_attempt_count=0 evaluator_accept_success_count=0 evaluator_accept_reject_count=0 verdict_produced_count=0 verdict_event_pushed_count=0 verdict_event_dropped_count=0 evaluator_latest_reject_reason=none
AUDIO_IO_HEALTH processed_ratio=1.001 t_ms=599211 i2s_reads=656162 i2s_bytes_read=14028800 processed_samples=28815 expected_samples=28800 frames_emitted=1753600 partial_frames=0 duplicate_frames=0 gap_samples=0 overlap_samples=0 max_block_age_ms=13 max_processing_lag_ms=14
RAW_AUDIO_HEALTH verdict=ok

#40 ----------------
SEQ_HISTDBG trial=40 incomplete_total=0 new=0 out_of_order_total=3 i2s_backsteps=59 i2s_max_backstep_us=5335 i2s_overflows=0 clock_corrections=223 clock_max_correction_us=5378 emit_marker_seen=0 emit_marker_dt_ms=0 uptime_ms=602512 samples_read=1798400 us_per_sample=44.77 dropped_dma_buffers=0 clock_rate_mhz=15999984
SEQ_TRIAL trial=40 result=miss stage=source reject_reason=missing_pipeline_result source_selection=none source_reason=none dt=-1ms contrast_class=unknown amp_class=unknown source_strength=0.0 verdict_confidence=0.00 dup=0 src_total=0 src_acc=0 src_rej=0 buffer_overrun=0 profile=TonalPulseFreq
SYSTEM_HEALTH loop_avg_us=196 update_loop_avg_us=163 trial=40 t_ms=602011 uptime_ms=602514 boot_count=1 reset_reason=POWERON_RESET window_start_ms=600211 window_end_ms=602011 window_elapsed_ms=1800 free_heap=178680 loop_stats_window_ms=1800 loop_stats_scope=trial_window loop_count=11721 loop_max_window_us=6263 loop_over_5ms=287 loop_over_20ms=0 loop_max_since_boot_us=115742 update_loop_count=11721 update_loop_max_us=6222 sample_work_max_us=9412 trial_finalize_max_us=6107 detector_observe_count=36736 detector_fresh_input_count=9184 detector_drain_count=9184 evaluator_drain_count=9184 detector_report_refresh_count=1 detector_report_mismatch_count=0 no_fresh_frequency_skip_count=27552 detector_occurrence_popped_count=0 detector_valid_occurrence_popped_count=0 evaluator_accept_attempt_count=0 evaluator_accept_success_count=0 evaluator_accept_reject_count=0 verdict_produced_count=0 verdict_event_pushed_count=0 verdict_event_dropped_count=0 evaluator_latest_reject_reason=none
AUDIO_IO_HEALTH processed_ratio=1.001 t_ms=602011 i2s_reads=672845 i2s_bytes_read=14387200 processed_samples=28815 expected_samples=28800 frames_emitted=1798400 partial_frames=0 duplicate_frames=0 gap_samples=0 overlap_samples=0 max_block_age_ms=13 max_processing_lag_ms=14
RAW_AUDIO_HEALTH verdict=ok

#41 ----------------
SEQ_HISTDBG trial=41 incomplete_total=0 new=0 out_of_order_total=3 i2s_backsteps=60 i2s_max_backstep_us=5335 i2s_overflows=0 clock_corrections=228 clock_max_correction_us=5378 emit_marker_seen=0 emit_marker_dt_ms=0 uptime_ms=605312 samples_read=1843200 us_per_sample=44.78 dropped_dma_buffers=0 clock_rate_mhz=15999984
SEQ_TRIAL trial=41 result=miss stage=source reject_reason=missing_pipeline_result source_selection=none source_reason=none dt=-1ms contrast_class=unknown amp_class=unknown source_strength=0.0 verdict_confidence=0.00 dup=0 src_total=0 src_acc=0 src_rej=0 buffer_overrun=0 profile=TonalPulseFreq
SYSTEM_HEALTH loop_avg_us=196 update_loop_avg_us=163 trial=41 t_ms=604811 uptime_ms=605314 boot_count=1 reset_reason=POWERON_RESET window_start_ms=603011 window_end_ms=604811 window_elapsed_ms=1800 free_heap=178680 loop_stats_window_ms=1800 loop_stats_scope=trial_window loop_count=11720 loop_max_window_us=6215 loop_over_5ms=287 loop_over_20ms=0 loop_max_since_boot_us=115742 update_loop_count=11720 update_loop_max_us=6174 sample_work_max_us=9412 trial_finalize_max_us=6107 detector_observe_count=36736 detector_fresh_input_count=9184 detector_drain_count=9184 evaluator_drain_count=9184 detector_report_refresh_count=1 detector_report_mismatch_count=0 no_fresh_frequency_skip_count=27552 detector_occurrence_popped_count=0 detector_valid_occurrence_popped_count=0 evaluator_accept_attempt_count=0 evaluator_accept_success_count=0 evaluator_accept_reject_count=0 verdict_produced_count=0 verdict_event_pushed_count=0 verdict_event_dropped_count=0 evaluator_latest_reject_reason=none
AUDIO_IO_HEALTH processed_ratio=1.001 t_ms=604811 i2s_reads=689525 i2s_bytes_read=14745600 processed_samples=28815 expected_samples=28800 frames_emitted=1843200 partial_frames=0 duplicate_frames=0 gap_samples=0 overlap_samples=0 max_block_age_ms=13 max_processing_lag_ms=14
RAW_AUDIO_HEALTH verdict=ok

#42 ----------------
SEQ_HISTDBG trial=42 incomplete_total=0 new=0 out_of_order_total=3 i2s_backsteps=61 i2s_max_backstep_us=5335 i2s_overflows=0 clock_corrections=234 clock_max_correction_us=5378 emit_marker_seen=0 emit_marker_dt_ms=0 uptime_ms=608112 samples_read=1888000 us_per_sample=44.78 dropped_dma_buffers=0 clock_rate_mhz=15999984
SEQ_TRIAL trial=42 result=miss stage=source reject_reason=missing_pipeline_result source_selection=none source_reason=none dt=-1ms contrast_class=unknown amp_class=unknown source_strength=0.0 verdict_confidence=0.00 dup=0 src_total=0 src_acc=0 src_rej=0 buffer_overrun=0 profile=TonalPulseFreq
SYSTEM_HEALTH loop_avg_us=196 update_loop_avg_us=163 trial=42 t_ms=607611 uptime_ms=608114 boot_count=1 reset_reason=POWERON_RESET window_start_ms=605811 window_end_ms=607611 window_elapsed_ms=1800 free_heap=178680 loop_stats_window_ms=1800 loop_stats_scope=trial_window loop_count=11721 loop_max_window_us=6232 loop_over_5ms=287 loop_over_20ms=0 loop_max_since_boot_us=115742 update_loop_count=11721 update_loop_max_us=6191 sample_work_max_us=9412 trial_finalize_max_us=6107 detector_observe_count=36736 detector_fresh_input_count=9184 detector_drain_count=9184 evaluator_drain_count=9184 detector_report_refresh_count=1 detector_report_mismatch_count=0 no_fresh_frequency_skip_count=27552 detector_occurrence_popped_count=0 detector_valid_occurrence_popped_count=0 evaluator_accept_attempt_count=0 evaluator_accept_success_count=0 evaluator_accept_reject_count=0 verdict_produced_count=0 verdict_event_pushed_count=0 verdict_event_dropped_count=0 evaluator_latest_reject_reason=none
AUDIO_IO_HEALTH processed_ratio=1.001 t_ms=607611 i2s_reads=706206 i2s_bytes_read=15104000 processed_samples=28815 expected_samples=28800 frames_emitted=1888000 partial_frames=0 duplicate_frames=0 gap_samples=0 overlap_samples=0 max_block_age_ms=13 max_processing_lag_ms=14
RAW_AUDIO_HEALTH verdict=ok

#43 ----------------
SEQ_HISTDBG trial=43 incomplete_total=0 new=0 out_of_order_total=3 i2s_backsteps=61 i2s_max_backstep_us=5335 i2s_overflows=0 clock_corrections=239 clock_max_correction_us=5378 emit_marker_seen=0 emit_marker_dt_ms=0 uptime_ms=610912 samples_read=1932800 us_per_sample=44.79 dropped_dma_buffers=0 clock_rate_mhz=15999968
SEQ_TRIAL trial=43 result=miss stage=source reject_reason=missing_pipeline_result source_selection=none source_reason=none dt=-1ms contrast_class=unknown amp_class=unknown source_strength=0.0 verdict_confidence=0.00 dup=0 src_total=0 src_acc=0 src_rej=0 buffer_overrun=0 profile=TonalPulseFreq
SYSTEM_HEALTH loop_avg_us=196 update_loop_avg_us=164 trial=43 t_ms=610411 uptime_ms=610914 boot_count=1 reset_reason=POWERON_RESET window_start_ms=608611 window_end_ms=610411 window_elapsed_ms=1800 free_heap=178680 loop_stats_window_ms=1800 loop_stats_scope=trial_window loop_count=11713 loop_max_window_us=6266 loop_over_5ms=287 loop_over_20ms=0 loop_max_since_boot_us=115742 update_loop_count=11713 update_loop_max_us=6225 sample_work_max_us=9412 trial_finalize_max_us=6107 detector_observe_count=36736 detector_fresh_input_count=9184 detector_drain_count=9184 evaluator_drain_count=9184 detector_report_refresh_count=1 detector_report_mismatch_count=0 no_fresh_frequency_skip_count=27552 detector_occurrence_popped_count=0 detector_valid_occurrence_popped_count=0 evaluator_accept_attempt_count=0 evaluator_accept_success_count=0 evaluator_accept_reject_count=0 verdict_produced_count=0 verdict_event_pushed_count=0 verdict_event_dropped_count=0 evaluator_latest_reject_reason=none
AUDIO_IO_HEALTH processed_ratio=1.001 t_ms=610411 i2s_reads=722879 i2s_bytes_read=15462400 processed_samples=28815 expected_samples=28800 frames_emitted=1932800 partial_frames=0 duplicate_frames=0 gap_samples=0 overlap_samples=0 max_block_age_ms=13 max_processing_lag_ms=14
RAW_AUDIO_HEALTH verdict=ok

#44 ----------------
SEQ_HISTDBG trial=44 incomplete_total=0 new=0 out_of_order_total=3 i2s_backsteps=63 i2s_max_backstep_us=5335 i2s_overflows=0 clock_corrections=245 clock_max_correction_us=5378 emit_marker_seen=0 emit_marker_dt_ms=0 uptime_ms=613712 samples_read=1977600 us_per_sample=44.79 dropped_dma_buffers=0 clock_rate_mhz=15999968
SEQ_TRIAL trial=44 result=miss stage=source reject_reason=missing_pipeline_result source_selection=none source_reason=none dt=-1ms contrast_class=unknown amp_class=unknown source_strength=0.0 verdict_confidence=0.00 dup=0 src_total=0 src_acc=0 src_rej=0 buffer_overrun=0 profile=TonalPulseFreq
SYSTEM_HEALTH loop_avg_us=196 update_loop_avg_us=164 trial=44 t_ms=613211 uptime_ms=613714 boot_count=1 reset_reason=POWERON_RESET window_start_ms=611411 window_end_ms=613211 window_elapsed_ms=1800 free_heap=178680 loop_stats_window_ms=1800 loop_stats_scope=trial_window loop_count=11714 loop_max_window_us=6221 loop_over_5ms=287 loop_over_20ms=0 loop_max_since_boot_us=115742 update_loop_count=11714 update_loop_max_us=6181 sample_work_max_us=9412 trial_finalize_max_us=6107 detector_observe_count=36736 detector_fresh_input_count=9184 detector_drain_count=9184 evaluator_drain_count=9184 detector_report_refresh_count=1 detector_report_mismatch_count=0 no_fresh_frequency_skip_count=27552 detector_occurrence_popped_count=0 detector_valid_occurrence_popped_count=0 evaluator_accept_attempt_count=0 evaluator_accept_success_count=0 evaluator_accept_reject_count=0 verdict_produced_count=0 verdict_event_pushed_count=0 verdict_event_dropped_count=0 evaluator_latest_reject_reason=none
AUDIO_IO_HEALTH processed_ratio=1.001 t_ms=613211 i2s_reads=739554 i2s_bytes_read=15820800 processed_samples=28816 expected_samples=28800 frames_emitted=1977600 partial_frames=0 duplicate_frames=0 gap_samples=0 overlap_samples=0 max_block_age_ms=13 max_processing_lag_ms=14
RAW_AUDIO_HEALTH verdict=ok

#45 ----------------
SEQ_HISTDBG trial=45 incomplete_total=0 new=0 out_of_order_total=3 i2s_backsteps=64 i2s_max_backstep_us=5335 i2s_overflows=0 clock_corrections=250 clock_max_correction_us=5378 emit_marker_seen=0 emit_marker_dt_ms=0 uptime_ms=616512 samples_read=2022400 us_per_sample=44.79 dropped_dma_buffers=0 clock_rate_mhz=15999968
SEQ_TRIAL trial=45 result=miss stage=source reject_reason=missing_pipeline_result source_selection=none source_reason=none dt=-1ms contrast_class=unknown amp_class=unknown source_strength=0.0 verdict_confidence=0.00 dup=0 src_total=0 src_acc=0 src_rej=0 buffer_overrun=0 profile=TonalPulseFreq
SYSTEM_HEALTH loop_avg_us=196 update_loop_avg_us=164 trial=45 t_ms=616011 uptime_ms=616514 boot_count=1 reset_reason=POWERON_RESET window_start_ms=614211 window_end_ms=616011 window_elapsed_ms=1800 free_heap=178680 loop_stats_window_ms=1800 loop_stats_scope=trial_window loop_count=11707 loop_max_window_us=6242 loop_over_5ms=287 loop_over_20ms=0 loop_max_since_boot_us=115742 update_loop_count=11707 update_loop_max_us=6202 sample_work_max_us=9412 trial_finalize_max_us=6107 detector_observe_count=36736 detector_fresh_input_count=9184 detector_drain_count=9184 evaluator_drain_count=9184 detector_report_refresh_count=1 detector_report_mismatch_count=0 no_fresh_frequency_skip_count=27552 detector_occurrence_popped_count=0 detector_valid_occurrence_popped_count=0 evaluator_accept_attempt_count=0 evaluator_accept_success_count=0 evaluator_accept_reject_count=0 verdict_produced_count=0 verdict_event_pushed_count=0 verdict_event_dropped_count=0 evaluator_latest_reject_reason=none
AUDIO_IO_HEALTH processed_ratio=1.001 t_ms=616011 i2s_reads=756221 i2s_bytes_read=16179200 processed_samples=28816 expected_samples=28800 frames_emitted=2022400 partial_frames=0 duplicate_frames=0 gap_samples=0 overlap_samples=0 max_block_age_ms=13 max_processing_lag_ms=14
RAW_AUDIO_HEALTH verdict=ok

#46 ----------------
SEQ_HISTDBG trial=46 incomplete_total=0 new=0 out_of_order_total=3 i2s_backsteps=65 i2s_max_backstep_us=5335 i2s_overflows=0 clock_corrections=256 clock_max_correction_us=5378 emit_marker_seen=0 emit_marker_dt_ms=0 uptime_ms=619312 samples_read=2067200 us_per_sample=44.80 dropped_dma_buffers=0 clock_rate_mhz=15999968
SEQ_TRIAL trial=46 result=miss stage=source reject_reason=missing_pipeline_result source_selection=none source_reason=none dt=-1ms contrast_class=unknown amp_class=unknown source_strength=0.0 verdict_confidence=0.00 dup=0 src_total=0 src_acc=0 src_rej=0 buffer_overrun=0 profile=TonalPulseFreq
SYSTEM_HEALTH loop_avg_us=196 update_loop_avg_us=164 trial=46 t_ms=618811 uptime_ms=619314 boot_count=1 reset_reason=POWERON_RESET window_start_ms=617011 window_end_ms=618811 window_elapsed_ms=1800 free_heap=178680 loop_stats_window_ms=1800 loop_stats_scope=trial_window loop_count=11713 loop_max_window_us=6225 loop_over_5ms=287 loop_over_20ms=0 loop_max_since_boot_us=115742 update_loop_count=11713 update_loop_max_us=6185 sample_work_max_us=9412 trial_finalize_max_us=6107 detector_observe_count=36736 detector_fresh_input_count=9184 detector_drain_count=9184 evaluator_drain_count=9184 detector_report_refresh_count=1 detector_report_mismatch_count=0 no_fresh_frequency_skip_count=27552 detector_occurrence_popped_count=0 detector_valid_occurrence_popped_count=0 evaluator_accept_attempt_count=0 evaluator_accept_success_count=0 evaluator_accept_reject_count=0 verdict_produced_count=0 verdict_event_pushed_count=0 verdict_event_dropped_count=0 evaluator_latest_reject_reason=none
AUDIO_IO_HEALTH processed_ratio=1.001 t_ms=618811 i2s_reads=772896 i2s_bytes_read=16537600 processed_samples=28817 expected_samples=28800 frames_emitted=2067200 partial_frames=0 duplicate_frames=0 gap_samples=0 overlap_samples=0 max_block_age_ms=13 max_processing_lag_ms=14
RAW_AUDIO_HEALTH verdict=ok

#47 ----------------
SEQ_HISTDBG trial=47 incomplete_total=0 new=0 out_of_order_total=3 i2s_backsteps=67 i2s_max_backstep_us=5335 i2s_overflows=0 clock_corrections=261 clock_max_correction_us=5378 emit_marker_seen=0 emit_marker_dt_ms=0 uptime_ms=622112 samples_read=2112000 us_per_sample=44.80 dropped_dma_buffers=0 clock_rate_mhz=15999984
SEQ_TRIAL trial=47 result=miss stage=source reject_reason=missing_pipeline_result source_selection=none source_reason=none dt=-1ms contrast_class=unknown amp_class=unknown source_strength=0.0 verdict_confidence=0.00 dup=0 src_total=0 src_acc=0 src_rej=0 buffer_overrun=0 profile=TonalPulseFreq
SYSTEM_HEALTH loop_avg_us=196 update_loop_avg_us=163 trial=47 t_ms=621611 uptime_ms=622114 boot_count=1 reset_reason=POWERON_RESET window_start_ms=619811 window_end_ms=621611 window_elapsed_ms=1800 free_heap=178680 loop_stats_window_ms=1800 loop_stats_scope=trial_window loop_count=11722 loop_max_window_us=6248 loop_over_5ms=287 loop_over_20ms=0 loop_max_since_boot_us=115742 update_loop_count=11722 update_loop_max_us=6207 sample_work_max_us=9412 trial_finalize_max_us=6107 detector_observe_count=36736 detector_fresh_input_count=9184 detector_drain_count=9184 evaluator_drain_count=9184 detector_report_refresh_count=1 detector_report_mismatch_count=0 no_fresh_frequency_skip_count=27552 detector_occurrence_popped_count=0 detector_valid_occurrence_popped_count=0 evaluator_accept_attempt_count=0 evaluator_accept_success_count=0 evaluator_accept_reject_count=0 verdict_produced_count=0 verdict_event_pushed_count=0 verdict_event_dropped_count=0 evaluator_latest_reject_reason=none
AUDIO_IO_HEALTH processed_ratio=1.001 t_ms=621611 i2s_reads=789577 i2s_bytes_read=16896000 processed_samples=28815 expected_samples=28800 frames_emitted=2112000 partial_frames=0 duplicate_frames=0 gap_samples=0 overlap_samples=0 max_block_age_ms=13 max_processing_lag_ms=14
RAW_AUDIO_HEALTH verdict=ok

#48 ----------------
SEQ_HISTDBG trial=48 incomplete_total=0 new=0 out_of_order_total=3 i2s_backsteps=69 i2s_max_backstep_us=5335 i2s_overflows=0 clock_corrections=267 clock_max_correction_us=5378 emit_marker_seen=0 emit_marker_dt_ms=0 uptime_ms=624912 samples_read=2156800 us_per_sample=44.81 dropped_dma_buffers=0 clock_rate_mhz=15999968
SEQ_TRIAL trial=48 result=miss stage=source reject_reason=missing_pipeline_result source_selection=none source_reason=none dt=-1ms contrast_class=unknown amp_class=unknown source_strength=0.0 verdict_confidence=0.00 dup=0 src_total=0 src_acc=0 src_rej=0 buffer_overrun=0 profile=TonalPulseFreq
SYSTEM_HEALTH loop_avg_us=196 update_loop_avg_us=163 trial=48 t_ms=624411 uptime_ms=624914 boot_count=1 reset_reason=POWERON_RESET window_start_ms=622611 window_end_ms=624411 window_elapsed_ms=1800 free_heap=178680 loop_stats_window_ms=1800 loop_stats_scope=trial_window loop_count=11722 loop_max_window_us=6263 loop_over_5ms=287 loop_over_20ms=0 loop_max_since_boot_us=115742 update_loop_count=11722 update_loop_max_us=6222 sample_work_max_us=9412 trial_finalize_max_us=6107 detector_observe_count=36736 detector_fresh_input_count=9184 detector_drain_count=9184 evaluator_drain_count=9184 detector_report_refresh_count=1 detector_report_mismatch_count=0 no_fresh_frequency_skip_count=27552 detector_occurrence_popped_count=0 detector_valid_occurrence_popped_count=0 evaluator_accept_attempt_count=0 evaluator_accept_success_count=0 evaluator_accept_reject_count=0 verdict_produced_count=0 verdict_event_pushed_count=0 verdict_event_dropped_count=0 evaluator_latest_reject_reason=none
AUDIO_IO_HEALTH processed_ratio=1.001 t_ms=624411 i2s_reads=806260 i2s_bytes_read=17254400 processed_samples=28816 expected_samples=28800 frames_emitted=2156800 partial_frames=0 duplicate_frames=0 gap_samples=0 overlap_samples=0 max_block_age_ms=13 max_processing_lag_ms=14
RAW_AUDIO_HEALTH verdict=ok

#49 ----------------
SEQ_HISTDBG trial=49 incomplete_total=0 new=0 out_of_order_total=3 i2s_backsteps=70 i2s_max_backstep_us=5335 i2s_overflows=0 clock_corrections=273 clock_max_correction_us=5378 emit_marker_seen=0 emit_marker_dt_ms=0 uptime_ms=627712 samples_read=2201600 us_per_sample=44.81 dropped_dma_buffers=0 clock_rate_mhz=15999968
SEQ_TRIAL trial=49 result=miss stage=source reject_reason=missing_pipeline_result source_selection=none source_reason=none dt=-1ms contrast_class=unknown amp_class=unknown source_strength=0.0 verdict_confidence=0.00 dup=0 src_total=0 src_acc=0 src_rej=0 buffer_overrun=0 profile=TonalPulseFreq
SYSTEM_HEALTH loop_avg_us=196 update_loop_avg_us=164 trial=49 t_ms=627211 uptime_ms=627714 boot_count=1 reset_reason=POWERON_RESET window_start_ms=625411 window_end_ms=627211 window_elapsed_ms=1800 free_heap=178680 loop_stats_window_ms=1800 loop_stats_scope=trial_window loop_count=11701 loop_max_window_us=6220 loop_over_5ms=287 loop_over_20ms=0 loop_max_since_boot_us=115742 update_loop_count=11701 update_loop_max_us=6179 sample_work_max_us=9412 trial_finalize_max_us=6107 detector_observe_count=36736 detector_fresh_input_count=9184 detector_drain_count=9184 evaluator_drain_count=9184 detector_report_refresh_count=1 detector_report_mismatch_count=0 no_fresh_frequency_skip_count=27552 detector_occurrence_popped_count=0 detector_valid_occurrence_popped_count=0 evaluator_accept_attempt_count=0 evaluator_accept_success_count=0 evaluator_accept_reject_count=0 verdict_produced_count=0 verdict_event_pushed_count=0 verdict_event_dropped_count=0 evaluator_latest_reject_reason=none
AUDIO_IO_HEALTH processed_ratio=1.001 t_ms=627211 i2s_reads=822923 i2s_bytes_read=17612800 processed_samples=28815 expected_samples=28800 frames_emitted=2201600 partial_frames=0 duplicate_frames=0 gap_samples=0 overlap_samples=0 max_block_age_ms=13 max_processing_lag_ms=14
RAW_AUDIO_HEALTH verdict=ok

#50 ----------------
SEQ_HISTDBG trial=50 incomplete_total=0 new=0 out_of_order_total=3 i2s_backsteps=72 i2s_max_backstep_us=5335 i2s_overflows=0 clock_corrections=278 clock_max_correction_us=5378 emit_marker_seen=0 emit_marker_dt_ms=0 uptime_ms=630512 samples_read=2246400 us_per_sample=44.82 dropped_dma_buffers=0 clock_rate_mhz=15999968
SEQ_TRIAL trial=50 result=miss stage=source reject_reason=missing_pipeline_result source_selection=none source_reason=none dt=-1ms contrast_class=unknown amp_class=unknown source_strength=0.0 verdict_confidence=0.00 dup=0 src_total=0 src_acc=0 src_rej=0 buffer_overrun=0 profile=TonalPulseFreq
SYSTEM_HEALTH loop_avg_us=196 update_loop_avg_us=164 trial=50 t_ms=630011 uptime_ms=630514 boot_count=1 reset_reason=POWERON_RESET window_start_ms=628211 window_end_ms=630011 window_elapsed_ms=1800 free_heap=178680 loop_stats_window_ms=1800 loop_stats_scope=trial_window loop_count=11700 loop_max_window_us=6249 loop_over_5ms=287 loop_over_20ms=0 loop_max_since_boot_us=115742 update_loop_count=11700 update_loop_max_us=6208 sample_work_max_us=9412 trial_finalize_max_us=6107 detector_observe_count=36736 detector_fresh_input_count=9184 detector_drain_count=9184 evaluator_drain_count=9184 detector_report_refresh_count=1 detector_report_mismatch_count=0 no_fresh_frequency_skip_count=27552 detector_occurrence_popped_count=0 detector_valid_occurrence_popped_count=0 evaluator_accept_attempt_count=0 evaluator_accept_success_count=0 evaluator_accept_reject_count=0 verdict_produced_count=0 verdict_event_pushed_count=0 verdict_event_dropped_count=0 evaluator_latest_reject_reason=none
AUDIO_IO_HEALTH processed_ratio=1.001 t_ms=630011 i2s_reads=839584 i2s_bytes_read=17971200 processed_samples=28816 expected_samples=28800 frames_emitted=2246400 partial_frames=0 duplicate_frames=0 gap_samples=0 overlap_samples=0 max_block_age_ms=13 max_processing_lag_ms=14
RAW_AUDIO_HEALTH verdict=ok
SEQ_SUMMARY profile=TonalPulseFreq detector=frequency_match trials=50 completed=50 expected_trials=0 early_trials=0 late_trials=0 miss_trials=50 duplicate_trials=0 unexpected_trials=0 rejected_trials=0 buffer_overrun_trials=0 ambiguous_trials=0 too_dense_trials=0 detector_accepted_trials=0 detector_reject_trials=0 pattern_valid_trials=0 pattern_rejected_trials=0 avg_dt_ms=-1 avg_strength=0.0 avg_conf=0.00
