# run: h_T2v_s2000_detail_diagoff
# firmware: role=analyzer git=8669838 version=0.4.0 board=damp
# started: 2026-10-09T22:33:54
>> SEQ DIAG off
OK SEQ DIAG off
>> PARAM freqScore=2000 freqReleaseScore=1400
PARAM freqScore=2000.0 freqReleaseScore=1400.0
>> SEQ start profile=TonalPulseFreq tries=20 freq=3200 mode=detail when=all verbose=1
OK SEQ
SEQ remote claim: send=7704ms ack=7710ms wait=6ms status=ok
SEQ rebase: start=7710ms end=7811ms elapsed=101ms
AUDIO stats reset
SEQ start test=default startup_delay_ms=1000 report_settle_ms=500 loopDelayMs=0 logStress=0
SEQ start source=I2S probe=AMP profile=TonalPulseFreq source=FrequencyMatch detector=FrequencyMatch freq_min_duration_ms=60 freq_release_debounce_ms=30 freq_cooldown_ms=0 scalar_observed_stream=AmpEnvelope scalar_onset_threshold=18000.0 scalar_release_threshold=12000.0 scalar_cooldown_ms=50 scalar_min_duration_ms=0 scalar_max_duration_ms=120 scalar_min_peak_strength=8000.0 scalar_release_debounce_ms=20 scalar_require_carrier_quality=0 scalar_min_release_coverage_ms=0 scalar_min_longest_island_ms=0 scalar_max_gap_ms=0 history.bin_ms=1 history.capacity_bins=256 history.coverage_ms=256 history.stream=amp aggregation=mean_abs+rms+peak_abs history.stream=freq_target aggregation=fresh_only history.stream=freq_contrast aggregation=fresh_only mode=SEQ test=default startup_delay_ms=1000 report_settle_ms=500 loopDelayMs=0 logStress=0 quiet=0 tries=20 period_ms=2500 window_start_ms=0 window_end_ms=2200 freq_hz=3200 dur_ms=100
SEQ scalar: observed_stream=AmpEnvelope onset_threshold=18000.0 release_threshold=12000.0 cooldown_ms=50 min_duration_ms=0 max_duration_ms=120 min_peak_strength=8000.0 release_debounce_ms=20 carrier_quality_required=0 min_strength_required=0 min_strength=0.0 min_release_coverage_ms=0 min_longest_island_ms=0 max_gap_ms=0
FREQBAND runtime: freq.window_samples=64 freq.window_ms=4.00 freq.update_every_samples=4 freq.update_period_ms=0.250 freq.target_hz=3200 freq.produced_fresh_packet=0 freq.packet_age_samples=0 freq.packet_age_ms=0.000
SEQ running

#1 ----------------
SEQ_HISTDBG trial=1 incomplete_total=0 new=0 out_of_order_total=0 i2s_backsteps=3 i2s_max_backstep_us=385 i2s_overflows=0 clock_corrections=7 clock_max_correction_us=389 emit_marker_seen=1 emit_marker_dt_ms=16 uptime_ms=11407 samples_read=57472 us_per_sample=30.11 dropped_dma_buffers=0 clock_rate_mhz=15999634
SEQ_TRIAL trial=1 result=rejected stage=evaluator reject_reason=pattern_rejected source_selection=selected_occurrence source_reason=none dt=na duration_ms=137 contrast_class=strong amp_class=weak coverage_ms=107 island_max_ms=107 gap_max_ms=30 source_strength=5272.0 verdict_confidence=0.00 dup=0 src_total=1 src_acc=1 src_rej=0 buffer_overrun=0 profile=TonalPulseFreq

#2 ----------------
SEQ_HISTDBG trial=2 incomplete_total=0 new=0 out_of_order_total=0 i2s_backsteps=8 i2s_max_backstep_us=385 i2s_overflows=0 clock_corrections=13 clock_max_correction_us=389 emit_marker_seen=1 emit_marker_dt_ms=22 uptime_ms=14607 samples_read=108672 us_per_sample=33.86 dropped_dma_buffers=0 clock_rate_mhz=15999999
SEQ_TRIAL trial=2 result=rejected stage=evaluator reject_reason=pattern_rejected source_selection=selected_occurrence source_reason=none dt=na duration_ms=146 contrast_class=unknown amp_class=unknown coverage_ms=116 island_max_ms=116 gap_max_ms=30 source_strength=5405.0 verdict_confidence=0.00 dup=0 src_total=1 src_acc=1 src_rej=0 buffer_overrun=0 profile=TonalPulseFreq

#3 ----------------
SEQ_HISTDBG trial=3 incomplete_total=0 new=0 out_of_order_total=0 i2s_backsteps=8 i2s_max_backstep_us=385 i2s_overflows=0 clock_corrections=19 clock_max_correction_us=389 emit_marker_seen=1 emit_marker_dt_ms=22 uptime_ms=17807 samples_read=159872 us_per_sample=36.12 dropped_dma_buffers=0 clock_rate_mhz=15999984
SEQ_TRIAL trial=3 result=expected stage=analyzer reject_reason=result_in_expected_window source_selection=selected_occurrence source_reason=none dt=23ms duration_ms=147 contrast_class=strong amp_class=medium coverage_ms=117 island_max_ms=117 gap_max_ms=30 source_strength=4879.0 verdict_confidence=1.00 dup=0 src_total=1 src_acc=1 src_rej=0 buffer_overrun=0 profile=TonalPulseFreq

#4 ----------------
SEQ_HISTDBG trial=4 incomplete_total=0 new=0 out_of_order_total=0 i2s_backsteps=10 i2s_max_backstep_us=385 i2s_overflows=0 clock_corrections=26 clock_max_correction_us=389 emit_marker_seen=1 emit_marker_dt_ms=22 uptime_ms=21007 samples_read=211072 us_per_sample=37.60 dropped_dma_buffers=0 clock_rate_mhz=15999999
SEQ_TRIAL trial=4 result=rejected stage=evaluator reject_reason=pattern_rejected source_selection=selected_occurrence source_reason=none dt=na duration_ms=147 contrast_class=unknown amp_class=unknown coverage_ms=117 island_max_ms=118 gap_max_ms=29 source_strength=5479.0 verdict_confidence=0.00 dup=0 src_total=1 src_acc=1 src_rej=0 buffer_overrun=0 profile=TonalPulseFreq

#5 ----------------
SEQ_HISTDBG trial=5 incomplete_total=0 new=0 out_of_order_total=0 i2s_backsteps=10 i2s_max_backstep_us=385 i2s_overflows=0 clock_corrections=32 clock_max_correction_us=389 emit_marker_seen=1 emit_marker_dt_ms=22 uptime_ms=24207 samples_read=262272 us_per_sample=38.60 dropped_dma_buffers=0 clock_rate_mhz=15999984
SEQ_TRIAL trial=5 result=expected stage=analyzer reject_reason=result_in_expected_window source_selection=selected_occurrence source_reason=none dt=23ms duration_ms=147 contrast_class=strong amp_class=medium coverage_ms=117 island_max_ms=116 gap_max_ms=30 source_strength=4799.0 verdict_confidence=1.00 dup=0 src_total=1 src_acc=1 src_rej=0 buffer_overrun=0 profile=TonalPulseFreq

#6 ----------------
SEQ_HISTDBG trial=6 incomplete_total=0 new=0 out_of_order_total=0 i2s_backsteps=11 i2s_max_backstep_us=385 i2s_overflows=0 clock_corrections=38 clock_max_correction_us=389 emit_marker_seen=1 emit_marker_dt_ms=22 uptime_ms=27407 samples_read=313472 us_per_sample=39.35 dropped_dma_buffers=0 clock_rate_mhz=15999984
SEQ_TRIAL trial=6 result=expected stage=analyzer reject_reason=result_in_expected_window source_selection=selected_occurrence source_reason=none dt=23ms duration_ms=146 contrast_class=strong amp_class=medium coverage_ms=116 island_max_ms=116 gap_max_ms=30 source_strength=4791.0 verdict_confidence=1.00 dup=0 src_total=1 src_acc=1 src_rej=0 buffer_overrun=0 profile=TonalPulseFreq

#7 ----------------
SEQ_HISTDBG trial=7 incomplete_total=0 new=0 out_of_order_total=0 i2s_backsteps=12 i2s_max_backstep_us=385 i2s_overflows=0 clock_corrections=45 clock_max_correction_us=389 emit_marker_seen=1 emit_marker_dt_ms=22 uptime_ms=30607 samples_read=364672 us_per_sample=39.93 dropped_dma_buffers=0 clock_rate_mhz=15999984
SEQ_TRIAL trial=7 result=expected stage=analyzer reject_reason=result_in_expected_window source_selection=selected_occurrence source_reason=none dt=23ms duration_ms=147 contrast_class=strong amp_class=medium coverage_ms=117 island_max_ms=117 gap_max_ms=30 source_strength=4761.0 verdict_confidence=1.00 dup=0 src_total=1 src_acc=1 src_rej=0 buffer_overrun=0 profile=TonalPulseFreq

#8 ----------------
SEQ_HISTDBG trial=8 incomplete_total=0 new=0 out_of_order_total=0 i2s_backsteps=13 i2s_max_backstep_us=385 i2s_overflows=0 clock_corrections=51 clock_max_correction_us=389 emit_marker_seen=1 emit_marker_dt_ms=22 uptime_ms=33807 samples_read=415872 us_per_sample=40.41 dropped_dma_buffers=0 clock_rate_mhz=15999999
SEQ_TRIAL trial=8 result=expected stage=analyzer reject_reason=result_in_expected_window source_selection=selected_occurrence source_reason=none dt=23ms duration_ms=146 contrast_class=strong amp_class=medium coverage_ms=116 island_max_ms=116 gap_max_ms=30 source_strength=4856.0 verdict_confidence=1.00 dup=0 src_total=1 src_acc=1 src_rej=0 buffer_overrun=0 profile=TonalPulseFreq

#9 ----------------
SEQ_HISTDBG trial=9 incomplete_total=0 new=0 out_of_order_total=0 i2s_backsteps=13 i2s_max_backstep_us=385 i2s_overflows=0 clock_corrections=57 clock_max_correction_us=389 emit_marker_seen=1 emit_marker_dt_ms=22 uptime_ms=37007 samples_read=467072 us_per_sample=40.80 dropped_dma_buffers=0 clock_rate_mhz=15999984
SEQ_TRIAL trial=9 result=expected stage=analyzer reject_reason=result_in_expected_window source_selection=selected_occurrence source_reason=none dt=23ms duration_ms=146 contrast_class=strong amp_class=medium coverage_ms=116 island_max_ms=116 gap_max_ms=30 source_strength=4919.0 verdict_confidence=1.00 dup=0 src_total=1 src_acc=1 src_rej=0 buffer_overrun=0 profile=TonalPulseFreq

#10 ----------------
SEQ_HISTDBG trial=10 incomplete_total=0 new=0 out_of_order_total=0 i2s_backsteps=13 i2s_max_backstep_us=385 i2s_overflows=0 clock_corrections=64 clock_max_correction_us=389 emit_marker_seen=1 emit_marker_dt_ms=22 uptime_ms=40207 samples_read=518272 us_per_sample=41.13 dropped_dma_buffers=0 clock_rate_mhz=15999984
SEQ_TRIAL trial=10 result=expected stage=analyzer reject_reason=result_in_expected_window source_selection=selected_occurrence source_reason=none dt=23ms duration_ms=147 contrast_class=strong amp_class=medium coverage_ms=117 island_max_ms=116 gap_max_ms=30 source_strength=4895.0 verdict_confidence=1.00 dup=0 src_total=1 src_acc=1 src_rej=0 buffer_overrun=0 profile=TonalPulseFreq

#11 ----------------
SEQ_HISTDBG trial=11 incomplete_total=0 new=0 out_of_order_total=0 i2s_backsteps=14 i2s_max_backstep_us=385 i2s_overflows=0 clock_corrections=70 clock_max_correction_us=389 emit_marker_seen=1 emit_marker_dt_ms=22 uptime_ms=43407 samples_read=569472 us_per_sample=41.41 dropped_dma_buffers=0 clock_rate_mhz=15999999
SEQ_TRIAL trial=11 result=expected stage=analyzer reject_reason=result_in_expected_window source_selection=selected_occurrence source_reason=none dt=23ms duration_ms=149 contrast_class=strong amp_class=medium coverage_ms=119 island_max_ms=118 gap_max_ms=30 source_strength=5231.0 verdict_confidence=1.00 dup=0 src_total=1 src_acc=1 src_rej=0 buffer_overrun=0 profile=TonalPulseFreq

#12 ----------------
SEQ_HISTDBG trial=12 incomplete_total=0 new=0 out_of_order_total=0 i2s_backsteps=14 i2s_max_backstep_us=385 i2s_overflows=0 clock_corrections=76 clock_max_correction_us=389 emit_marker_seen=1 emit_marker_dt_ms=22 uptime_ms=46607 samples_read=620672 us_per_sample=41.66 dropped_dma_buffers=0 clock_rate_mhz=15999984
SEQ_TRIAL trial=12 result=expected stage=analyzer reject_reason=result_in_expected_window source_selection=selected_occurrence source_reason=none dt=23ms duration_ms=146 contrast_class=strong amp_class=medium coverage_ms=116 island_max_ms=116 gap_max_ms=30 source_strength=5211.0 verdict_confidence=1.00 dup=0 src_total=1 src_acc=1 src_rej=0 buffer_overrun=0 profile=TonalPulseFreq

#13 ----------------
SEQ_HISTDBG trial=13 incomplete_total=0 new=0 out_of_order_total=0 i2s_backsteps=15 i2s_max_backstep_us=385 i2s_overflows=0 clock_corrections=83 clock_max_correction_us=389 emit_marker_seen=1 emit_marker_dt_ms=22 uptime_ms=49807 samples_read=671872 us_per_sample=41.88 dropped_dma_buffers=0 clock_rate_mhz=15999984
SEQ_TRIAL trial=13 result=expected stage=analyzer reject_reason=result_in_expected_window source_selection=selected_occurrence source_reason=none dt=23ms duration_ms=146 contrast_class=strong amp_class=medium coverage_ms=116 island_max_ms=116 gap_max_ms=30 source_strength=4868.0 verdict_confidence=1.00 dup=0 src_total=1 src_acc=1 src_rej=0 buffer_overrun=0 profile=TonalPulseFreq

#14 ----------------
SEQ_HISTDBG trial=14 incomplete_total=0 new=0 out_of_order_total=0 i2s_backsteps=15 i2s_max_backstep_us=385 i2s_overflows=0 clock_corrections=89 clock_max_correction_us=389 emit_marker_seen=1 emit_marker_dt_ms=22 uptime_ms=53007 samples_read=723072 us_per_sample=42.07 dropped_dma_buffers=0 clock_rate_mhz=15999984
SEQ_TRIAL trial=14 result=expected stage=analyzer reject_reason=result_in_expected_window source_selection=selected_occurrence source_reason=none dt=23ms duration_ms=145 contrast_class=strong amp_class=medium coverage_ms=115 island_max_ms=115 gap_max_ms=30 source_strength=4908.0 verdict_confidence=1.00 dup=0 src_total=1 src_acc=1 src_rej=0 buffer_overrun=0 profile=TonalPulseFreq

#15 ----------------
SEQ_HISTDBG trial=15 incomplete_total=0 new=0 out_of_order_total=0 i2s_backsteps=16 i2s_max_backstep_us=385 i2s_overflows=0 clock_corrections=96 clock_max_correction_us=389 emit_marker_seen=1 emit_marker_dt_ms=22 uptime_ms=56207 samples_read=774272 us_per_sample=42.23 dropped_dma_buffers=0 clock_rate_mhz=15999999
SEQ_TRIAL trial=15 result=rejected stage=evaluator reject_reason=pattern_rejected source_selection=selected_occurrence source_reason=none dt=na duration_ms=146 contrast_class=unknown amp_class=unknown coverage_ms=116 island_max_ms=116 gap_max_ms=30 source_strength=5386.0 verdict_confidence=0.00 dup=0 src_total=1 src_acc=1 src_rej=0 buffer_overrun=0 profile=TonalPulseFreq

#16 ----------------
SEQ_HISTDBG trial=16 incomplete_total=0 new=0 out_of_order_total=0 i2s_backsteps=16 i2s_max_backstep_us=385 i2s_overflows=0 clock_corrections=102 clock_max_correction_us=389 emit_marker_seen=1 emit_marker_dt_ms=22 uptime_ms=59407 samples_read=825472 us_per_sample=42.38 dropped_dma_buffers=0 clock_rate_mhz=15999984
SEQ_TRIAL trial=16 result=expected stage=analyzer reject_reason=result_in_expected_window source_selection=selected_occurrence source_reason=none dt=23ms duration_ms=146 contrast_class=strong amp_class=medium coverage_ms=116 island_max_ms=115 gap_max_ms=30 source_strength=4782.0 verdict_confidence=1.00 dup=0 src_total=1 src_acc=1 src_rej=0 buffer_overrun=0 profile=TonalPulseFreq

#17 ----------------
SEQ_HISTDBG trial=17 incomplete_total=0 new=0 out_of_order_total=0 i2s_backsteps=17 i2s_max_backstep_us=385 i2s_overflows=0 clock_corrections=108 clock_max_correction_us=389 emit_marker_seen=1 emit_marker_dt_ms=22 uptime_ms=62607 samples_read=876672 us_per_sample=42.50 dropped_dma_buffers=0 clock_rate_mhz=15999999
SEQ_TRIAL trial=17 result=expected stage=analyzer reject_reason=result_in_expected_window source_selection=selected_occurrence source_reason=none dt=23ms duration_ms=147 contrast_class=strong amp_class=medium coverage_ms=117 island_max_ms=117 gap_max_ms=30 source_strength=4898.0 verdict_confidence=1.00 dup=0 src_total=1 src_acc=1 src_rej=0 buffer_overrun=0 profile=TonalPulseFreq

#18 ----------------
SEQ_HISTDBG trial=18 incomplete_total=0 new=0 out_of_order_total=0 i2s_backsteps=18 i2s_max_backstep_us=385 i2s_overflows=0 clock_corrections=115 clock_max_correction_us=389 emit_marker_seen=1 emit_marker_dt_ms=22 uptime_ms=65807 samples_read=927872 us_per_sample=42.60 dropped_dma_buffers=0 clock_rate_mhz=16000015
SEQ_TRIAL trial=18 result=rejected stage=evaluator reject_reason=pattern_rejected source_selection=selected_occurrence source_reason=none dt=na duration_ms=147 contrast_class=unknown amp_class=unknown coverage_ms=116 island_max_ms=117 gap_max_ms=30 source_strength=5373.0 verdict_confidence=0.00 dup=0 src_total=1 src_acc=1 src_rej=0 buffer_overrun=0 profile=TonalPulseFreq

#19 ----------------
SEQ_HISTDBG trial=19 incomplete_total=0 new=0 out_of_order_total=0 i2s_backsteps=19 i2s_max_backstep_us=385 i2s_overflows=0 clock_corrections=121 clock_max_correction_us=389 emit_marker_seen=1 emit_marker_dt_ms=22 uptime_ms=69007 samples_read=979072 us_per_sample=42.69 dropped_dma_buffers=0 clock_rate_mhz=16000000
SEQ_TRIAL trial=19 result=expected stage=analyzer reject_reason=result_in_expected_window source_selection=selected_occurrence source_reason=none dt=23ms duration_ms=148 contrast_class=strong amp_class=medium coverage_ms=118 island_max_ms=118 gap_max_ms=30 source_strength=4801.0 verdict_confidence=1.00 dup=0 src_total=1 src_acc=1 src_rej=0 buffer_overrun=0 profile=TonalPulseFreq

#20 ----------------
SEQ_HISTDBG trial=20 incomplete_total=0 new=0 out_of_order_total=0 i2s_backsteps=19 i2s_max_backstep_us=385 i2s_overflows=0 clock_corrections=127 clock_max_correction_us=389 emit_marker_seen=1 emit_marker_dt_ms=22 uptime_ms=72207 samples_read=1030272 us_per_sample=42.78 dropped_dma_buffers=0 clock_rate_mhz=15999984
SEQ_TRIAL trial=20 result=expected stage=analyzer reject_reason=result_in_expected_window source_selection=selected_occurrence source_reason=none dt=23ms duration_ms=148 contrast_class=strong amp_class=medium coverage_ms=118 island_max_ms=118 gap_max_ms=30 source_strength=4782.0 verdict_confidence=1.00 dup=0 src_total=1 src_acc=1 src_rej=0 buffer_overrun=0 profile=TonalPulseFreq
SEQ_SUMMARY profile=TonalPulseFreq detector=frequency_match trials=20 completed=20 expected_trials=15 early_trials=0 late_trials=0 miss_trials=0 duplicate_trials=0 unexpected_trials=0 rejected_trials=5 buffer_overrun_trials=0 ambiguous_trials=0 too_dense_trials=0 detector_accepted_trials=20 detector_reject_trials=0 pattern_valid_trials=15 pattern_rejected_trials=5 avg_dt_ms=23 avg_strength=5014.8 avg_conf=1.00
