# run: h_T2v_s2500_OBS
# firmware: role=analyzer git=8669838 version=0.4.0 board=damp
# started: 2026-10-09T22:20:18
>> PARAM freqScore=2500 freqReleaseScore=1800
PARAM no_change
>> EMIT MODE REMOTE
OK EMIT MODE REMOTE
>> SEQ OBS start tries=50 period=2000 window=1800 freq=3200 profile=TonalPulseFreq mode=system when=all verbose=1
OK SEQ
SEQ rebase: start=175175ms end=175276ms elapsed=101ms
AUDIO stats reset
SEQ start test=default startup_delay_ms=1000 report_settle_ms=500 loopDelayMs=0 logStress=0
SEQ start source=I2S probe=AMP profile=TonalPulseFreq source=FrequencyMatch detector=FrequencyMatch freq_min_duration_ms=60 freq_release_debounce_ms=30 freq_cooldown_ms=0 scalar_observed_stream=AmpEnvelope scalar_onset_threshold=18000.0 scalar_release_threshold=12000.0 scalar_cooldown_ms=50 scalar_min_duration_ms=0 scalar_max_duration_ms=120 scalar_min_peak_strength=8000.0 scalar_release_debounce_ms=20 scalar_require_carrier_quality=0 scalar_min_release_coverage_ms=0 scalar_min_longest_island_ms=0 scalar_max_gap_ms=0 history.bin_ms=1 history.capacity_bins=256 history.coverage_ms=256 history.stream=amp aggregation=mean_abs+rms+peak_abs history.stream=freq_target aggregation=fresh_only history.stream=freq_contrast aggregation=fresh_only mode=OBS test=default startup_delay_ms=1000 report_settle_ms=500 loopDelayMs=0 logStress=0 quiet=0 tries=50 period_ms=2000 window_start_ms=0 window_end_ms=1800 freq_hz=3200 dur_ms=100
SEQ scalar: observed_stream=AmpEnvelope onset_threshold=18000.0 release_threshold=12000.0 cooldown_ms=50 min_duration_ms=0 max_duration_ms=120 min_peak_strength=8000.0 release_debounce_ms=20 carrier_quality_required=0 min_strength_required=0 min_strength=0.0 min_release_coverage_ms=0 min_longest_island_ms=0 max_gap_ms=0
FREQBAND runtime: freq.window_samples=64 freq.window_ms=4.00 freq.update_every_samples=4 freq.update_period_ms=0.250 freq.target_hz=3200 freq.produced_fresh_packet=0 freq.packet_age_samples=0 freq.packet_age_ms=0.000
OBS running

#1 ----------------
SEQ_HISTDBG trial=1 incomplete_total=0 new=0 out_of_order_total=3 i2s_backsteps=2 i2s_max_backstep_us=1382 i2s_overflows=0 clock_corrections=6 clock_max_correction_us=1394 emit_marker_seen=0 emit_marker_dt_ms=0 uptime_ms=178479 samples_read=51200 us_per_sample=43.98 dropped_dma_buffers=0 clock_rate_mhz=15997159
SEQ_TRIAL trial=1 result=miss stage=source reject_reason=missing_pipeline_result source_selection=none source_reason=none dt=-1ms contrast_class=unknown amp_class=unknown source_strength=0.0 verdict_confidence=0.00 dup=0 src_total=0 src_acc=0 src_rej=0 buffer_overrun=0 profile=TonalPulseFreq
SYSTEM_HEALTH loop_avg_us=190 update_loop_avg_us=158 trial=1 t_ms=177975 uptime_ms=178481 boot_count=1 reset_reason=POWERON_RESET window_start_ms=176175 window_end_ms=177975 window_elapsed_ms=1800 free_heap=178680 loop_stats_window_ms=1800 loop_stats_scope=trial_window loop_count=12066 loop_max_window_us=6193 loop_over_5ms=288 loop_over_20ms=0 loop_max_since_boot_us=115742 update_loop_count=12066 update_loop_max_us=6152 sample_work_max_us=6149 trial_finalize_max_us=0 detector_observe_count=36864 detector_fresh_input_count=9216 detector_drain_count=9216 evaluator_drain_count=9216 detector_report_refresh_count=1 detector_report_mismatch_count=0 no_fresh_frequency_skip_count=27648 detector_occurrence_popped_count=0 detector_valid_occurrence_popped_count=0 evaluator_accept_attempt_count=0 evaluator_accept_success_count=0 evaluator_accept_reject_count=0 verdict_produced_count=0 verdict_event_pushed_count=0 verdict_event_dropped_count=0 evaluator_latest_reject_reason=none
AUDIO_IO_HEALTH processed_ratio=1.000 t_ms=177975 i2s_reads=22679 i2s_bytes_read=409600 processed_samples=28807 expected_samples=28800 frames_emitted=51200 partial_frames=0 duplicate_frames=0 gap_samples=0 overlap_samples=0 max_block_age_ms=9 max_processing_lag_ms=10
RAW_AUDIO_HEALTH verdict=ok

#2 ----------------
SEQ_HISTDBG trial=2 incomplete_total=0 new=0 out_of_order_total=3 i2s_backsteps=7 i2s_max_backstep_us=1382 i2s_overflows=0 clock_corrections=11 clock_max_correction_us=1394 emit_marker_seen=0 emit_marker_dt_ms=0 uptime_ms=181279 samples_read=96000 us_per_sample=44.01 dropped_dma_buffers=0 clock_rate_mhz=15999968
SEQ_TRIAL trial=2 result=miss stage=source reject_reason=missing_pipeline_result source_selection=none source_reason=none dt=-1ms contrast_class=unknown amp_class=unknown source_strength=0.0 verdict_confidence=0.00 dup=0 src_total=0 src_acc=0 src_rej=0 buffer_overrun=0 profile=TonalPulseFreq
SYSTEM_HEALTH loop_avg_us=195 update_loop_avg_us=163 trial=2 t_ms=180778 uptime_ms=181281 boot_count=1 reset_reason=POWERON_RESET window_start_ms=178978 window_end_ms=180778 window_elapsed_ms=1800 free_heap=178680 loop_stats_window_ms=1800 loop_stats_scope=trial_window loop_count=11738 loop_max_window_us=6246 loop_over_5ms=287 loop_over_20ms=0 loop_max_since_boot_us=115742 update_loop_count=11738 update_loop_max_us=6206 sample_work_max_us=9397 trial_finalize_max_us=6116 detector_observe_count=36736 detector_fresh_input_count=9184 detector_drain_count=9184 evaluator_drain_count=9184 detector_report_refresh_count=1 detector_report_mismatch_count=0 no_fresh_frequency_skip_count=27552 detector_occurrence_popped_count=0 detector_valid_occurrence_popped_count=0 evaluator_accept_attempt_count=0 evaluator_accept_success_count=0 evaluator_accept_reject_count=0 verdict_produced_count=0 verdict_event_pushed_count=0 verdict_event_dropped_count=0 evaluator_latest_reject_reason=none
AUDIO_IO_HEALTH processed_ratio=1.001 t_ms=180778 i2s_reads=39400 i2s_bytes_read=768000 processed_samples=28816 expected_samples=28800 frames_emitted=96000 partial_frames=0 duplicate_frames=0 gap_samples=0 overlap_samples=0 max_block_age_ms=12 max_processing_lag_ms=13
RAW_AUDIO_HEALTH verdict=ok

#3 ----------------
SEQ_HISTDBG trial=3 incomplete_total=0 new=0 out_of_order_total=3 i2s_backsteps=8 i2s_max_backstep_us=1382 i2s_overflows=0 clock_corrections=17 clock_max_correction_us=1394 emit_marker_seen=0 emit_marker_dt_ms=0 uptime_ms=184079 samples_read=140800 us_per_sample=44.03 dropped_dma_buffers=0 clock_rate_mhz=15999984
SEQ_TRIAL trial=3 result=miss stage=source reject_reason=missing_pipeline_result source_selection=none source_reason=none dt=-1ms contrast_class=unknown amp_class=unknown source_strength=0.0 verdict_confidence=0.00 dup=0 src_total=0 src_acc=0 src_rej=0 buffer_overrun=0 profile=TonalPulseFreq
SYSTEM_HEALTH loop_avg_us=195 update_loop_avg_us=163 trial=3 t_ms=183578 uptime_ms=184081 boot_count=1 reset_reason=POWERON_RESET window_start_ms=181778 window_end_ms=183578 window_elapsed_ms=1800 free_heap=178680 loop_stats_window_ms=1800 loop_stats_scope=trial_window loop_count=11751 loop_max_window_us=6206 loop_over_5ms=287 loop_over_20ms=0 loop_max_since_boot_us=115742 update_loop_count=11751 update_loop_max_us=6165 sample_work_max_us=9397 trial_finalize_max_us=6116 detector_observe_count=36736 detector_fresh_input_count=9184 detector_drain_count=9184 evaluator_drain_count=9184 detector_report_refresh_count=1 detector_report_mismatch_count=0 no_fresh_frequency_skip_count=27552 detector_occurrence_popped_count=0 detector_valid_occurrence_popped_count=0 evaluator_accept_attempt_count=0 evaluator_accept_success_count=0 evaluator_accept_reject_count=0 verdict_produced_count=0 verdict_event_pushed_count=0 verdict_event_dropped_count=0 evaluator_latest_reject_reason=none
AUDIO_IO_HEALTH processed_ratio=1.001 t_ms=183578 i2s_reads=56140 i2s_bytes_read=1126400 processed_samples=28817 expected_samples=28800 frames_emitted=140800 partial_frames=0 duplicate_frames=0 gap_samples=0 overlap_samples=0 max_block_age_ms=12 max_processing_lag_ms=13
RAW_AUDIO_HEALTH verdict=ok

#4 ----------------
SEQ_HISTDBG trial=4 incomplete_total=0 new=0 out_of_order_total=3 i2s_backsteps=10 i2s_max_backstep_us=1382 i2s_overflows=0 clock_corrections=23 clock_max_correction_us=1394 emit_marker_seen=0 emit_marker_dt_ms=0 uptime_ms=186879 samples_read=185600 us_per_sample=44.06 dropped_dma_buffers=0 clock_rate_mhz=15999952
SEQ_TRIAL trial=4 result=miss stage=source reject_reason=missing_pipeline_result source_selection=none source_reason=none dt=-1ms contrast_class=unknown amp_class=unknown source_strength=0.0 verdict_confidence=0.00 dup=0 src_total=0 src_acc=0 src_rej=0 buffer_overrun=0 profile=TonalPulseFreq
SYSTEM_HEALTH loop_avg_us=195 update_loop_avg_us=163 trial=4 t_ms=186378 uptime_ms=186881 boot_count=1 reset_reason=POWERON_RESET window_start_ms=184578 window_end_ms=186378 window_elapsed_ms=1800 free_heap=178680 loop_stats_window_ms=1800 loop_stats_scope=trial_window loop_count=11757 loop_max_window_us=6206 loop_over_5ms=287 loop_over_20ms=0 loop_max_since_boot_us=115742 update_loop_count=11757 update_loop_max_us=6165 sample_work_max_us=9397 trial_finalize_max_us=6116 detector_observe_count=36736 detector_fresh_input_count=9184 detector_drain_count=9184 evaluator_drain_count=9184 detector_report_refresh_count=1 detector_report_mismatch_count=0 no_fresh_frequency_skip_count=27552 detector_occurrence_popped_count=0 detector_valid_occurrence_popped_count=0 evaluator_accept_attempt_count=0 evaluator_accept_success_count=0 evaluator_accept_reject_count=0 verdict_produced_count=0 verdict_event_pushed_count=0 verdict_event_dropped_count=0 evaluator_latest_reject_reason=none
AUDIO_IO_HEALTH processed_ratio=1.001 t_ms=186378 i2s_reads=72882 i2s_bytes_read=1484800 processed_samples=28817 expected_samples=28800 frames_emitted=185600 partial_frames=0 duplicate_frames=0 gap_samples=0 overlap_samples=0 max_block_age_ms=12 max_processing_lag_ms=13
RAW_AUDIO_HEALTH verdict=ok

#5 ----------------
SEQ_HISTDBG trial=5 incomplete_total=0 new=0 out_of_order_total=3 i2s_backsteps=12 i2s_max_backstep_us=1382 i2s_overflows=0 clock_corrections=28 clock_max_correction_us=1394 emit_marker_seen=0 emit_marker_dt_ms=0 uptime_ms=189679 samples_read=230400 us_per_sample=44.09 dropped_dma_buffers=0 clock_rate_mhz=15999999
SEQ_TRIAL trial=5 result=miss stage=source reject_reason=missing_pipeline_result source_selection=none source_reason=none dt=-1ms contrast_class=unknown amp_class=unknown source_strength=0.0 verdict_confidence=0.00 dup=0 src_total=0 src_acc=0 src_rej=0 buffer_overrun=0 profile=TonalPulseFreq
SYSTEM_HEALTH loop_avg_us=195 update_loop_avg_us=163 trial=5 t_ms=189178 uptime_ms=189681 boot_count=1 reset_reason=POWERON_RESET window_start_ms=187378 window_end_ms=189178 window_elapsed_ms=1800 free_heap=178680 loop_stats_window_ms=1800 loop_stats_scope=trial_window loop_count=11754 loop_max_window_us=6216 loop_over_5ms=287 loop_over_20ms=0 loop_max_since_boot_us=115742 update_loop_count=11754 update_loop_max_us=6175 sample_work_max_us=9397 trial_finalize_max_us=6116 detector_observe_count=36736 detector_fresh_input_count=9184 detector_drain_count=9184 evaluator_drain_count=9184 detector_report_refresh_count=1 detector_report_mismatch_count=0 no_fresh_frequency_skip_count=27552 detector_occurrence_popped_count=0 detector_valid_occurrence_popped_count=0 evaluator_accept_attempt_count=0 evaluator_accept_success_count=0 evaluator_accept_reject_count=0 verdict_produced_count=0 verdict_event_pushed_count=0 verdict_event_dropped_count=0 evaluator_latest_reject_reason=none
AUDIO_IO_HEALTH processed_ratio=1.001 t_ms=189178 i2s_reads=89622 i2s_bytes_read=1843200 processed_samples=28817 expected_samples=28800 frames_emitted=230400 partial_frames=0 duplicate_frames=0 gap_samples=0 overlap_samples=0 max_block_age_ms=12 max_processing_lag_ms=13
RAW_AUDIO_HEALTH verdict=ok

#6 ----------------
SEQ_HISTDBG trial=6 incomplete_total=0 new=0 out_of_order_total=3 i2s_backsteps=14 i2s_max_backstep_us=1382 i2s_overflows=0 clock_corrections=34 clock_max_correction_us=1394 emit_marker_seen=0 emit_marker_dt_ms=0 uptime_ms=192479 samples_read=275200 us_per_sample=44.11 dropped_dma_buffers=0 clock_rate_mhz=15999999
SEQ_TRIAL trial=6 result=miss stage=source reject_reason=missing_pipeline_result source_selection=none source_reason=none dt=-1ms contrast_class=unknown amp_class=unknown source_strength=0.0 verdict_confidence=0.00 dup=0 src_total=0 src_acc=0 src_rej=0 buffer_overrun=0 profile=TonalPulseFreq
SYSTEM_HEALTH loop_avg_us=195 update_loop_avg_us=163 trial=6 t_ms=191978 uptime_ms=192481 boot_count=1 reset_reason=POWERON_RESET window_start_ms=190178 window_end_ms=191978 window_elapsed_ms=1800 free_heap=178680 loop_stats_window_ms=1800 loop_stats_scope=trial_window loop_count=11748 loop_max_window_us=6258 loop_over_5ms=287 loop_over_20ms=0 loop_max_since_boot_us=115742 update_loop_count=11748 update_loop_max_us=6217 sample_work_max_us=9397 trial_finalize_max_us=6116 detector_observe_count=36736 detector_fresh_input_count=9184 detector_drain_count=9184 evaluator_drain_count=9184 detector_report_refresh_count=1 detector_report_mismatch_count=0 no_fresh_frequency_skip_count=27552 detector_occurrence_popped_count=0 detector_valid_occurrence_popped_count=0 evaluator_accept_attempt_count=0 evaluator_accept_success_count=0 evaluator_accept_reject_count=0 verdict_produced_count=0 verdict_event_pushed_count=0 verdict_event_dropped_count=0 evaluator_latest_reject_reason=none
AUDIO_IO_HEALTH processed_ratio=1.001 t_ms=191978 i2s_reads=106356 i2s_bytes_read=2201600 processed_samples=28817 expected_samples=28800 frames_emitted=275200 partial_frames=0 duplicate_frames=0 gap_samples=0 overlap_samples=0 max_block_age_ms=12 max_processing_lag_ms=13
RAW_AUDIO_HEALTH verdict=ok

#7 ----------------
SEQ_HISTDBG trial=7 incomplete_total=0 new=0 out_of_order_total=3 i2s_backsteps=14 i2s_max_backstep_us=1382 i2s_overflows=0 clock_corrections=39 clock_max_correction_us=1394 emit_marker_seen=0 emit_marker_dt_ms=0 uptime_ms=195279 samples_read=320000 us_per_sample=44.13 dropped_dma_buffers=0 clock_rate_mhz=15999999
SEQ_TRIAL trial=7 result=miss stage=source reject_reason=missing_pipeline_result source_selection=none source_reason=none dt=-1ms contrast_class=unknown amp_class=unknown source_strength=0.0 verdict_confidence=0.00 dup=0 src_total=0 src_acc=0 src_rej=0 buffer_overrun=0 profile=TonalPulseFreq
SYSTEM_HEALTH loop_avg_us=195 update_loop_avg_us=163 trial=7 t_ms=194778 uptime_ms=195281 boot_count=1 reset_reason=POWERON_RESET window_start_ms=192978 window_end_ms=194778 window_elapsed_ms=1800 free_heap=178680 loop_stats_window_ms=1800 loop_stats_scope=trial_window loop_count=11729 loop_max_window_us=6243 loop_over_5ms=287 loop_over_20ms=0 loop_max_since_boot_us=115742 update_loop_count=11729 update_loop_max_us=6202 sample_work_max_us=9397 trial_finalize_max_us=6116 detector_observe_count=36736 detector_fresh_input_count=9184 detector_drain_count=9184 evaluator_drain_count=9184 detector_report_refresh_count=1 detector_report_mismatch_count=0 no_fresh_frequency_skip_count=27552 detector_occurrence_popped_count=0 detector_valid_occurrence_popped_count=0 evaluator_accept_attempt_count=0 evaluator_accept_success_count=0 evaluator_accept_reject_count=0 verdict_produced_count=0 verdict_event_pushed_count=0 verdict_event_dropped_count=0 evaluator_latest_reject_reason=none
AUDIO_IO_HEALTH processed_ratio=1.001 t_ms=194778 i2s_reads=123069 i2s_bytes_read=2560000 processed_samples=28816 expected_samples=28800 frames_emitted=320000 partial_frames=0 duplicate_frames=0 gap_samples=0 overlap_samples=0 max_block_age_ms=12 max_processing_lag_ms=13
RAW_AUDIO_HEALTH verdict=ok

#8 ----------------
SEQ_HISTDBG trial=8 incomplete_total=0 new=0 out_of_order_total=3 i2s_backsteps=17 i2s_max_backstep_us=1382 i2s_overflows=0 clock_corrections=45 clock_max_correction_us=1394 emit_marker_seen=0 emit_marker_dt_ms=0 uptime_ms=198079 samples_read=364800 us_per_sample=44.16 dropped_dma_buffers=0 clock_rate_mhz=16000015
SEQ_TRIAL trial=8 result=miss stage=source reject_reason=missing_pipeline_result source_selection=none source_reason=none dt=-1ms contrast_class=unknown amp_class=unknown source_strength=0.0 verdict_confidence=0.00 dup=0 src_total=0 src_acc=0 src_rej=0 buffer_overrun=0 profile=TonalPulseFreq
SYSTEM_HEALTH loop_avg_us=195 update_loop_avg_us=163 trial=8 t_ms=197578 uptime_ms=198081 boot_count=1 reset_reason=POWERON_RESET window_start_ms=195778 window_end_ms=197578 window_elapsed_ms=1800 free_heap=178680 loop_stats_window_ms=1800 loop_stats_scope=trial_window loop_count=11759 loop_max_window_us=6228 loop_over_5ms=287 loop_over_20ms=0 loop_max_since_boot_us=115742 update_loop_count=11759 update_loop_max_us=6188 sample_work_max_us=9397 trial_finalize_max_us=6116 detector_observe_count=36736 detector_fresh_input_count=9184 detector_drain_count=9184 evaluator_drain_count=9184 detector_report_refresh_count=1 detector_report_mismatch_count=0 no_fresh_frequency_skip_count=27552 detector_occurrence_popped_count=0 detector_valid_occurrence_popped_count=0 evaluator_accept_attempt_count=0 evaluator_accept_success_count=0 evaluator_accept_reject_count=0 verdict_produced_count=0 verdict_event_pushed_count=0 verdict_event_dropped_count=0 evaluator_latest_reject_reason=none
AUDIO_IO_HEALTH processed_ratio=1.001 t_ms=197578 i2s_reads=139816 i2s_bytes_read=2918400 processed_samples=28817 expected_samples=28800 frames_emitted=364800 partial_frames=0 duplicate_frames=0 gap_samples=0 overlap_samples=0 max_block_age_ms=12 max_processing_lag_ms=13
RAW_AUDIO_HEALTH verdict=ok

#9 ----------------
SEQ_HISTDBG trial=9 incomplete_total=0 new=0 out_of_order_total=3 i2s_backsteps=17 i2s_max_backstep_us=1382 i2s_overflows=0 clock_corrections=50 clock_max_correction_us=1394 emit_marker_seen=0 emit_marker_dt_ms=0 uptime_ms=200879 samples_read=409600 us_per_sample=44.18 dropped_dma_buffers=0 clock_rate_mhz=15999999
SEQ_TRIAL trial=9 result=miss stage=source reject_reason=missing_pipeline_result source_selection=none source_reason=none dt=-1ms contrast_class=unknown amp_class=unknown source_strength=0.0 verdict_confidence=0.00 dup=0 src_total=0 src_acc=0 src_rej=0 buffer_overrun=0 profile=TonalPulseFreq
SYSTEM_HEALTH loop_avg_us=195 update_loop_avg_us=163 trial=9 t_ms=200378 uptime_ms=200881 boot_count=1 reset_reason=POWERON_RESET window_start_ms=198578 window_end_ms=200378 window_elapsed_ms=1800 free_heap=178680 loop_stats_window_ms=1800 loop_stats_scope=trial_window loop_count=11738 loop_max_window_us=6206 loop_over_5ms=287 loop_over_20ms=0 loop_max_since_boot_us=115742 update_loop_count=11738 update_loop_max_us=6166 sample_work_max_us=9397 trial_finalize_max_us=6116 detector_observe_count=36736 detector_fresh_input_count=9184 detector_drain_count=9184 evaluator_drain_count=9184 detector_report_refresh_count=1 detector_report_mismatch_count=0 no_fresh_frequency_skip_count=27552 detector_occurrence_popped_count=0 detector_valid_occurrence_popped_count=0 evaluator_accept_attempt_count=0 evaluator_accept_success_count=0 evaluator_accept_reject_count=0 verdict_produced_count=0 verdict_event_pushed_count=0 verdict_event_dropped_count=0 evaluator_latest_reject_reason=none
AUDIO_IO_HEALTH processed_ratio=1.001 t_ms=200378 i2s_reads=156541 i2s_bytes_read=3276800 processed_samples=28816 expected_samples=28800 frames_emitted=409600 partial_frames=0 duplicate_frames=0 gap_samples=0 overlap_samples=0 max_block_age_ms=12 max_processing_lag_ms=13
RAW_AUDIO_HEALTH verdict=ok

#10 ----------------
SEQ_HISTDBG trial=10 incomplete_total=0 new=0 out_of_order_total=3 i2s_backsteps=18 i2s_max_backstep_us=1382 i2s_overflows=0 clock_corrections=56 clock_max_correction_us=1394 emit_marker_seen=0 emit_marker_dt_ms=0 uptime_ms=203679 samples_read=454400 us_per_sample=44.20 dropped_dma_buffers=0 clock_rate_mhz=15999999
SEQ_TRIAL trial=10 result=miss stage=source reject_reason=missing_pipeline_result source_selection=none source_reason=none dt=-1ms contrast_class=unknown amp_class=unknown source_strength=0.0 verdict_confidence=0.00 dup=0 src_total=0 src_acc=0 src_rej=0 buffer_overrun=0 profile=TonalPulseFreq
SYSTEM_HEALTH loop_avg_us=195 update_loop_avg_us=163 trial=10 t_ms=203178 uptime_ms=203681 boot_count=1 reset_reason=POWERON_RESET window_start_ms=201378 window_end_ms=203178 window_elapsed_ms=1800 free_heap=178680 loop_stats_window_ms=1800 loop_stats_scope=trial_window loop_count=11733 loop_max_window_us=6243 loop_over_5ms=287 loop_over_20ms=0 loop_max_since_boot_us=115742 update_loop_count=11733 update_loop_max_us=6202 sample_work_max_us=9397 trial_finalize_max_us=6116 detector_observe_count=36736 detector_fresh_input_count=9184 detector_drain_count=9184 evaluator_drain_count=9184 detector_report_refresh_count=1 detector_report_mismatch_count=0 no_fresh_frequency_skip_count=27552 detector_occurrence_popped_count=0 detector_valid_occurrence_popped_count=0 evaluator_accept_attempt_count=0 evaluator_accept_success_count=0 evaluator_accept_reject_count=0 verdict_produced_count=0 verdict_event_pushed_count=0 verdict_event_dropped_count=0 evaluator_latest_reject_reason=none
AUDIO_IO_HEALTH processed_ratio=1.001 t_ms=203178 i2s_reads=173261 i2s_bytes_read=3635200 processed_samples=28815 expected_samples=28800 frames_emitted=454400 partial_frames=0 duplicate_frames=0 gap_samples=0 overlap_samples=0 max_block_age_ms=12 max_processing_lag_ms=13
RAW_AUDIO_HEALTH verdict=ok

#11 ----------------
SEQ_HISTDBG trial=11 incomplete_total=0 new=0 out_of_order_total=3 i2s_backsteps=18 i2s_max_backstep_us=1382 i2s_overflows=0 clock_corrections=61 clock_max_correction_us=1394 emit_marker_seen=0 emit_marker_dt_ms=0 uptime_ms=206479 samples_read=499200 us_per_sample=44.22 dropped_dma_buffers=0 clock_rate_mhz=15999999
SEQ_TRIAL trial=11 result=miss stage=source reject_reason=missing_pipeline_result source_selection=none source_reason=none dt=-1ms contrast_class=unknown amp_class=unknown source_strength=0.0 verdict_confidence=0.00 dup=0 src_total=0 src_acc=0 src_rej=0 buffer_overrun=0 profile=TonalPulseFreq
SYSTEM_HEALTH loop_avg_us=195 update_loop_avg_us=163 trial=11 t_ms=205978 uptime_ms=206481 boot_count=1 reset_reason=POWERON_RESET window_start_ms=204178 window_end_ms=205978 window_elapsed_ms=1800 free_heap=178680 loop_stats_window_ms=1800 loop_stats_scope=trial_window loop_count=11754 loop_max_window_us=6219 loop_over_5ms=287 loop_over_20ms=0 loop_max_since_boot_us=115742 update_loop_count=11754 update_loop_max_us=6179 sample_work_max_us=9397 trial_finalize_max_us=6116 detector_observe_count=36736 detector_fresh_input_count=9184 detector_drain_count=9184 evaluator_drain_count=9184 detector_report_refresh_count=1 detector_report_mismatch_count=0 no_fresh_frequency_skip_count=27552 detector_occurrence_popped_count=0 detector_valid_occurrence_popped_count=0 evaluator_accept_attempt_count=0 evaluator_accept_success_count=0 evaluator_accept_reject_count=0 verdict_produced_count=0 verdict_event_pushed_count=0 verdict_event_dropped_count=0 evaluator_latest_reject_reason=none
AUDIO_IO_HEALTH processed_ratio=1.001 t_ms=205978 i2s_reads=190001 i2s_bytes_read=3993600 processed_samples=28816 expected_samples=28800 frames_emitted=499200 partial_frames=0 duplicate_frames=0 gap_samples=0 overlap_samples=0 max_block_age_ms=12 max_processing_lag_ms=13
RAW_AUDIO_HEALTH verdict=ok

#12 ----------------
SEQ_HISTDBG trial=12 incomplete_total=0 new=0 out_of_order_total=3 i2s_backsteps=19 i2s_max_backstep_us=1382 i2s_overflows=0 clock_corrections=67 clock_max_correction_us=1394 emit_marker_seen=0 emit_marker_dt_ms=0 uptime_ms=209279 samples_read=544000 us_per_sample=44.24 dropped_dma_buffers=0 clock_rate_mhz=16000000
SEQ_TRIAL trial=12 result=miss stage=source reject_reason=missing_pipeline_result source_selection=none source_reason=none dt=-1ms contrast_class=unknown amp_class=unknown source_strength=0.0 verdict_confidence=0.00 dup=0 src_total=0 src_acc=0 src_rej=0 buffer_overrun=0 profile=TonalPulseFreq
SYSTEM_HEALTH loop_avg_us=195 update_loop_avg_us=163 trial=12 t_ms=208778 uptime_ms=209281 boot_count=1 reset_reason=POWERON_RESET window_start_ms=206978 window_end_ms=208778 window_elapsed_ms=1800 free_heap=178680 loop_stats_window_ms=1800 loop_stats_scope=trial_window loop_count=11746 loop_max_window_us=6229 loop_over_5ms=287 loop_over_20ms=0 loop_max_since_boot_us=115742 update_loop_count=11746 update_loop_max_us=6188 sample_work_max_us=9397 trial_finalize_max_us=6116 detector_observe_count=36736 detector_fresh_input_count=9184 detector_drain_count=9184 evaluator_drain_count=9184 detector_report_refresh_count=1 detector_report_mismatch_count=0 no_fresh_frequency_skip_count=27552 detector_occurrence_popped_count=0 detector_valid_occurrence_popped_count=0 evaluator_accept_attempt_count=0 evaluator_accept_success_count=0 evaluator_accept_reject_count=0 verdict_produced_count=0 verdict_event_pushed_count=0 verdict_event_dropped_count=0 evaluator_latest_reject_reason=none
AUDIO_IO_HEALTH processed_ratio=1.001 t_ms=208778 i2s_reads=206732 i2s_bytes_read=4352000 processed_samples=28816 expected_samples=28800 frames_emitted=544000 partial_frames=0 duplicate_frames=0 gap_samples=0 overlap_samples=0 max_block_age_ms=12 max_processing_lag_ms=13
RAW_AUDIO_HEALTH verdict=ok

#13 ----------------
SEQ_HISTDBG trial=13 incomplete_total=0 new=0 out_of_order_total=3 i2s_backsteps=20 i2s_max_backstep_us=1382 i2s_overflows=0 clock_corrections=73 clock_max_correction_us=1394 emit_marker_seen=0 emit_marker_dt_ms=0 uptime_ms=212079 samples_read=588800 us_per_sample=44.26 dropped_dma_buffers=0 clock_rate_mhz=15999984
SEQ_TRIAL trial=13 result=miss stage=source reject_reason=missing_pipeline_result source_selection=none source_reason=none dt=-1ms contrast_class=unknown amp_class=unknown source_strength=0.0 verdict_confidence=0.00 dup=0 src_total=0 src_acc=0 src_rej=0 buffer_overrun=0 profile=TonalPulseFreq
SYSTEM_HEALTH loop_avg_us=195 update_loop_avg_us=163 trial=13 t_ms=211578 uptime_ms=212081 boot_count=1 reset_reason=POWERON_RESET window_start_ms=209778 window_end_ms=211578 window_elapsed_ms=1800 free_heap=178680 loop_stats_window_ms=1800 loop_stats_scope=trial_window loop_count=11729 loop_max_window_us=6211 loop_over_5ms=287 loop_over_20ms=0 loop_max_since_boot_us=115742 update_loop_count=11729 update_loop_max_us=6170 sample_work_max_us=9397 trial_finalize_max_us=6116 detector_observe_count=36736 detector_fresh_input_count=9184 detector_drain_count=9184 evaluator_drain_count=9184 detector_report_refresh_count=1 detector_report_mismatch_count=0 no_fresh_frequency_skip_count=27552 detector_occurrence_popped_count=0 detector_valid_occurrence_popped_count=0 evaluator_accept_attempt_count=0 evaluator_accept_success_count=0 evaluator_accept_reject_count=0 verdict_produced_count=0 verdict_event_pushed_count=0 verdict_event_dropped_count=0 evaluator_latest_reject_reason=none
AUDIO_IO_HEALTH processed_ratio=1.001 t_ms=211578 i2s_reads=223447 i2s_bytes_read=4710400 processed_samples=28817 expected_samples=28800 frames_emitted=588800 partial_frames=0 duplicate_frames=0 gap_samples=0 overlap_samples=0 max_block_age_ms=12 max_processing_lag_ms=13
RAW_AUDIO_HEALTH verdict=ok

#14 ----------------
SEQ_HISTDBG trial=14 incomplete_total=0 new=0 out_of_order_total=3 i2s_backsteps=21 i2s_max_backstep_us=1382 i2s_overflows=0 clock_corrections=78 clock_max_correction_us=1394 emit_marker_seen=0 emit_marker_dt_ms=0 uptime_ms=214879 samples_read=633600 us_per_sample=44.28 dropped_dma_buffers=0 clock_rate_mhz=15999984
SEQ_TRIAL trial=14 result=miss stage=source reject_reason=missing_pipeline_result source_selection=none source_reason=none dt=-1ms contrast_class=unknown amp_class=unknown source_strength=0.0 verdict_confidence=0.00 dup=0 src_total=0 src_acc=0 src_rej=0 buffer_overrun=0 profile=TonalPulseFreq
SYSTEM_HEALTH loop_avg_us=195 update_loop_avg_us=163 trial=14 t_ms=214378 uptime_ms=214881 boot_count=1 reset_reason=POWERON_RESET window_start_ms=212578 window_end_ms=214378 window_elapsed_ms=1800 free_heap=178680 loop_stats_window_ms=1800 loop_stats_scope=trial_window loop_count=11737 loop_max_window_us=6245 loop_over_5ms=287 loop_over_20ms=0 loop_max_since_boot_us=115742 update_loop_count=11737 update_loop_max_us=6204 sample_work_max_us=9397 trial_finalize_max_us=6116 detector_observe_count=36736 detector_fresh_input_count=9184 detector_drain_count=9184 evaluator_drain_count=9184 detector_report_refresh_count=1 detector_report_mismatch_count=0 no_fresh_frequency_skip_count=27552 detector_occurrence_popped_count=0 detector_valid_occurrence_popped_count=0 evaluator_accept_attempt_count=0 evaluator_accept_success_count=0 evaluator_accept_reject_count=0 verdict_produced_count=0 verdict_event_pushed_count=0 verdict_event_dropped_count=0 evaluator_latest_reject_reason=none
AUDIO_IO_HEALTH processed_ratio=1.001 t_ms=214378 i2s_reads=240170 i2s_bytes_read=5068800 processed_samples=28817 expected_samples=28800 frames_emitted=633600 partial_frames=0 duplicate_frames=0 gap_samples=0 overlap_samples=0 max_block_age_ms=12 max_processing_lag_ms=13
RAW_AUDIO_HEALTH verdict=ok

#15 ----------------
SEQ_HISTDBG trial=15 incomplete_total=0 new=0 out_of_order_total=3 i2s_backsteps=22 i2s_max_backstep_us=1382 i2s_overflows=0 clock_corrections=84 clock_max_correction_us=1394 emit_marker_seen=0 emit_marker_dt_ms=0 uptime_ms=217679 samples_read=678400 us_per_sample=44.30 dropped_dma_buffers=0 clock_rate_mhz=15999984
SEQ_TRIAL trial=15 result=miss stage=source reject_reason=missing_pipeline_result source_selection=none source_reason=none dt=-1ms contrast_class=unknown amp_class=unknown source_strength=0.0 verdict_confidence=0.00 dup=0 src_total=0 src_acc=0 src_rej=0 buffer_overrun=0 profile=TonalPulseFreq
SYSTEM_HEALTH loop_avg_us=195 update_loop_avg_us=163 trial=15 t_ms=217178 uptime_ms=217681 boot_count=1 reset_reason=POWERON_RESET window_start_ms=215378 window_end_ms=217178 window_elapsed_ms=1800 free_heap=178680 loop_stats_window_ms=1800 loop_stats_scope=trial_window loop_count=11731 loop_max_window_us=6265 loop_over_5ms=287 loop_over_20ms=0 loop_max_since_boot_us=115742 update_loop_count=11731 update_loop_max_us=6224 sample_work_max_us=9397 trial_finalize_max_us=6116 detector_observe_count=36736 detector_fresh_input_count=9184 detector_drain_count=9184 evaluator_drain_count=9184 detector_report_refresh_count=1 detector_report_mismatch_count=0 no_fresh_frequency_skip_count=27552 detector_occurrence_popped_count=0 detector_valid_occurrence_popped_count=0 evaluator_accept_attempt_count=0 evaluator_accept_success_count=0 evaluator_accept_reject_count=0 verdict_produced_count=0 verdict_event_pushed_count=0 verdict_event_dropped_count=0 evaluator_latest_reject_reason=none
AUDIO_IO_HEALTH processed_ratio=1.001 t_ms=217178 i2s_reads=256888 i2s_bytes_read=5427200 processed_samples=28816 expected_samples=28800 frames_emitted=678400 partial_frames=0 duplicate_frames=0 gap_samples=0 overlap_samples=0 max_block_age_ms=12 max_processing_lag_ms=13
RAW_AUDIO_HEALTH verdict=ok

#16 ----------------
SEQ_HISTDBG trial=16 incomplete_total=0 new=0 out_of_order_total=3 i2s_backsteps=23 i2s_max_backstep_us=1382 i2s_overflows=0 clock_corrections=89 clock_max_correction_us=1394 emit_marker_seen=0 emit_marker_dt_ms=0 uptime_ms=220479 samples_read=723200 us_per_sample=44.32 dropped_dma_buffers=0 clock_rate_mhz=15999984
SEQ_TRIAL trial=16 result=miss stage=source reject_reason=missing_pipeline_result source_selection=none source_reason=none dt=-1ms contrast_class=unknown amp_class=unknown source_strength=0.0 verdict_confidence=0.00 dup=0 src_total=0 src_acc=0 src_rej=0 buffer_overrun=0 profile=TonalPulseFreq
SYSTEM_HEALTH loop_avg_us=195 update_loop_avg_us=163 trial=16 t_ms=219978 uptime_ms=220481 boot_count=1 reset_reason=POWERON_RESET window_start_ms=218178 window_end_ms=219978 window_elapsed_ms=1800 free_heap=178680 loop_stats_window_ms=1800 loop_stats_scope=trial_window loop_count=11748 loop_max_window_us=6256 loop_over_5ms=287 loop_over_20ms=0 loop_max_since_boot_us=115742 update_loop_count=11748 update_loop_max_us=6215 sample_work_max_us=9397 trial_finalize_max_us=6116 detector_observe_count=36736 detector_fresh_input_count=9184 detector_drain_count=9184 evaluator_drain_count=9184 detector_report_refresh_count=1 detector_report_mismatch_count=0 no_fresh_frequency_skip_count=27552 detector_occurrence_popped_count=0 detector_valid_occurrence_popped_count=0 evaluator_accept_attempt_count=0 evaluator_accept_success_count=0 evaluator_accept_reject_count=0 verdict_produced_count=0 verdict_event_pushed_count=0 verdict_event_dropped_count=0 evaluator_latest_reject_reason=none
AUDIO_IO_HEALTH processed_ratio=1.001 t_ms=219978 i2s_reads=273623 i2s_bytes_read=5785600 processed_samples=28817 expected_samples=28800 frames_emitted=723200 partial_frames=0 duplicate_frames=0 gap_samples=0 overlap_samples=0 max_block_age_ms=12 max_processing_lag_ms=13
RAW_AUDIO_HEALTH verdict=ok

#17 ----------------
SEQ_HISTDBG trial=17 incomplete_total=0 new=0 out_of_order_total=3 i2s_backsteps=23 i2s_max_backstep_us=1382 i2s_overflows=0 clock_corrections=95 clock_max_correction_us=1394 emit_marker_seen=0 emit_marker_dt_ms=0 uptime_ms=223279 samples_read=768000 us_per_sample=44.34 dropped_dma_buffers=0 clock_rate_mhz=15999936
SEQ_TRIAL trial=17 result=miss stage=source reject_reason=missing_pipeline_result source_selection=none source_reason=none dt=-1ms contrast_class=unknown amp_class=unknown source_strength=0.0 verdict_confidence=0.00 dup=0 src_total=0 src_acc=0 src_rej=0 buffer_overrun=0 profile=TonalPulseFreq
SYSTEM_HEALTH loop_avg_us=195 update_loop_avg_us=163 trial=17 t_ms=222778 uptime_ms=223281 boot_count=1 reset_reason=POWERON_RESET window_start_ms=220978 window_end_ms=222778 window_elapsed_ms=1800 free_heap=178680 loop_stats_window_ms=1800 loop_stats_scope=trial_window loop_count=11740 loop_max_window_us=6251 loop_over_5ms=287 loop_over_20ms=0 loop_max_since_boot_us=115742 update_loop_count=11740 update_loop_max_us=6210 sample_work_max_us=9397 trial_finalize_max_us=6116 detector_observe_count=36736 detector_fresh_input_count=9184 detector_drain_count=9184 evaluator_drain_count=9184 detector_report_refresh_count=1 detector_report_mismatch_count=0 no_fresh_frequency_skip_count=27552 detector_occurrence_popped_count=0 detector_valid_occurrence_popped_count=0 evaluator_accept_attempt_count=0 evaluator_accept_success_count=0 evaluator_accept_reject_count=0 verdict_produced_count=0 verdict_event_pushed_count=0 verdict_event_dropped_count=0 evaluator_latest_reject_reason=none
AUDIO_IO_HEALTH processed_ratio=1.001 t_ms=222778 i2s_reads=290350 i2s_bytes_read=6144000 processed_samples=28816 expected_samples=28800 frames_emitted=768000 partial_frames=0 duplicate_frames=0 gap_samples=0 overlap_samples=0 max_block_age_ms=12 max_processing_lag_ms=13
RAW_AUDIO_HEALTH verdict=ok

#18 ----------------
SEQ_HISTDBG trial=18 incomplete_total=0 new=0 out_of_order_total=3 i2s_backsteps=25 i2s_max_backstep_us=1382 i2s_overflows=0 clock_corrections=100 clock_max_correction_us=1394 emit_marker_seen=0 emit_marker_dt_ms=0 uptime_ms=226079 samples_read=812800 us_per_sample=44.36 dropped_dma_buffers=0 clock_rate_mhz=15999984
SEQ_TRIAL trial=18 result=miss stage=source reject_reason=missing_pipeline_result source_selection=none source_reason=none dt=-1ms contrast_class=unknown amp_class=unknown source_strength=0.0 verdict_confidence=0.00 dup=0 src_total=0 src_acc=0 src_rej=0 buffer_overrun=0 profile=TonalPulseFreq
SYSTEM_HEALTH loop_avg_us=195 update_loop_avg_us=163 trial=18 t_ms=225578 uptime_ms=226081 boot_count=1 reset_reason=POWERON_RESET window_start_ms=223778 window_end_ms=225578 window_elapsed_ms=1800 free_heap=178680 loop_stats_window_ms=1800 loop_stats_scope=trial_window loop_count=11732 loop_max_window_us=6212 loop_over_5ms=287 loop_over_20ms=0 loop_max_since_boot_us=115742 update_loop_count=11732 update_loop_max_us=6171 sample_work_max_us=9397 trial_finalize_max_us=6116 detector_observe_count=36736 detector_fresh_input_count=9184 detector_drain_count=9184 evaluator_drain_count=9184 detector_report_refresh_count=1 detector_report_mismatch_count=0 no_fresh_frequency_skip_count=27552 detector_occurrence_popped_count=0 detector_valid_occurrence_popped_count=0 evaluator_accept_attempt_count=0 evaluator_accept_success_count=0 evaluator_accept_reject_count=0 verdict_produced_count=0 verdict_event_pushed_count=0 verdict_event_dropped_count=0 evaluator_latest_reject_reason=none
AUDIO_IO_HEALTH processed_ratio=1.001 t_ms=225578 i2s_reads=307067 i2s_bytes_read=6502400 processed_samples=28817 expected_samples=28800 frames_emitted=812800 partial_frames=0 duplicate_frames=0 gap_samples=0 overlap_samples=0 max_block_age_ms=12 max_processing_lag_ms=13
RAW_AUDIO_HEALTH verdict=ok

#19 ----------------
SEQ_HISTDBG trial=19 incomplete_total=0 new=0 out_of_order_total=3 i2s_backsteps=25 i2s_max_backstep_us=1382 i2s_overflows=0 clock_corrections=106 clock_max_correction_us=1394 emit_marker_seen=0 emit_marker_dt_ms=0 uptime_ms=228879 samples_read=857600 us_per_sample=44.38 dropped_dma_buffers=0 clock_rate_mhz=15999984
SEQ_TRIAL trial=19 result=miss stage=source reject_reason=missing_pipeline_result source_selection=none source_reason=none dt=-1ms contrast_class=unknown amp_class=unknown source_strength=0.0 verdict_confidence=0.00 dup=0 src_total=0 src_acc=0 src_rej=0 buffer_overrun=0 profile=TonalPulseFreq
SYSTEM_HEALTH loop_avg_us=195 update_loop_avg_us=163 trial=19 t_ms=228378 uptime_ms=228881 boot_count=1 reset_reason=POWERON_RESET window_start_ms=226578 window_end_ms=228378 window_elapsed_ms=1800 free_heap=178680 loop_stats_window_ms=1800 loop_stats_scope=trial_window loop_count=11727 loop_max_window_us=6242 loop_over_5ms=287 loop_over_20ms=0 loop_max_since_boot_us=115742 update_loop_count=11727 update_loop_max_us=6201 sample_work_max_us=9397 trial_finalize_max_us=6116 detector_observe_count=36736 detector_fresh_input_count=9184 detector_drain_count=9184 evaluator_drain_count=9184 detector_report_refresh_count=1 detector_report_mismatch_count=0 no_fresh_frequency_skip_count=27552 detector_occurrence_popped_count=0 detector_valid_occurrence_popped_count=0 evaluator_accept_attempt_count=0 evaluator_accept_success_count=0 evaluator_accept_reject_count=0 verdict_produced_count=0 verdict_event_pushed_count=0 verdict_event_dropped_count=0 evaluator_latest_reject_reason=none
AUDIO_IO_HEALTH processed_ratio=1.001 t_ms=228378 i2s_reads=323780 i2s_bytes_read=6860800 processed_samples=28816 expected_samples=28800 frames_emitted=857600 partial_frames=0 duplicate_frames=0 gap_samples=0 overlap_samples=0 max_block_age_ms=12 max_processing_lag_ms=13
RAW_AUDIO_HEALTH verdict=ok

#20 ----------------
SEQ_HISTDBG trial=20 incomplete_total=0 new=0 out_of_order_total=3 i2s_backsteps=26 i2s_max_backstep_us=1382 i2s_overflows=0 clock_corrections=111 clock_max_correction_us=1394 emit_marker_seen=0 emit_marker_dt_ms=0 uptime_ms=231679 samples_read=902400 us_per_sample=44.39 dropped_dma_buffers=0 clock_rate_mhz=15999984
SEQ_TRIAL trial=20 result=miss stage=source reject_reason=missing_pipeline_result source_selection=none source_reason=none dt=-1ms contrast_class=unknown amp_class=unknown source_strength=0.0 verdict_confidence=0.00 dup=0 src_total=0 src_acc=0 src_rej=0 buffer_overrun=0 profile=TonalPulseFreq
SYSTEM_HEALTH loop_avg_us=195 update_loop_avg_us=163 trial=20 t_ms=231178 uptime_ms=231681 boot_count=1 reset_reason=POWERON_RESET window_start_ms=229378 window_end_ms=231178 window_elapsed_ms=1800 free_heap=178680 loop_stats_window_ms=1800 loop_stats_scope=trial_window loop_count=11726 loop_max_window_us=6214 loop_over_5ms=287 loop_over_20ms=0 loop_max_since_boot_us=115742 update_loop_count=11726 update_loop_max_us=6174 sample_work_max_us=9397 trial_finalize_max_us=6116 detector_observe_count=36736 detector_fresh_input_count=9184 detector_drain_count=9184 evaluator_drain_count=9184 detector_report_refresh_count=1 detector_report_mismatch_count=0 no_fresh_frequency_skip_count=27552 detector_occurrence_popped_count=0 detector_valid_occurrence_popped_count=0 evaluator_accept_attempt_count=0 evaluator_accept_success_count=0 evaluator_accept_reject_count=0 verdict_produced_count=0 verdict_event_pushed_count=0 verdict_event_dropped_count=0 evaluator_latest_reject_reason=none
AUDIO_IO_HEALTH processed_ratio=1.001 t_ms=231178 i2s_reads=340491 i2s_bytes_read=7219200 processed_samples=28817 expected_samples=28800 frames_emitted=902400 partial_frames=0 duplicate_frames=0 gap_samples=0 overlap_samples=0 max_block_age_ms=12 max_processing_lag_ms=13
RAW_AUDIO_HEALTH verdict=ok

#21 ----------------
SEQ_HISTDBG trial=21 incomplete_total=0 new=0 out_of_order_total=3 i2s_backsteps=27 i2s_max_backstep_us=1382 i2s_overflows=0 clock_corrections=117 clock_max_correction_us=1394 emit_marker_seen=0 emit_marker_dt_ms=0 uptime_ms=234479 samples_read=947200 us_per_sample=44.41 dropped_dma_buffers=0 clock_rate_mhz=16000000
SEQ_TRIAL trial=21 result=miss stage=source reject_reason=missing_pipeline_result source_selection=none source_reason=none dt=-1ms contrast_class=unknown amp_class=unknown source_strength=0.0 verdict_confidence=0.00 dup=0 src_total=0 src_acc=0 src_rej=0 buffer_overrun=0 profile=TonalPulseFreq
SYSTEM_HEALTH loop_avg_us=195 update_loop_avg_us=163 trial=21 t_ms=233978 uptime_ms=234481 boot_count=1 reset_reason=POWERON_RESET window_start_ms=232178 window_end_ms=233978 window_elapsed_ms=1800 free_heap=178680 loop_stats_window_ms=1800 loop_stats_scope=trial_window loop_count=11745 loop_max_window_us=6262 loop_over_5ms=287 loop_over_20ms=0 loop_max_since_boot_us=115742 update_loop_count=11745 update_loop_max_us=6221 sample_work_max_us=9398 trial_finalize_max_us=6116 detector_observe_count=36736 detector_fresh_input_count=9184 detector_drain_count=9184 evaluator_drain_count=9184 detector_report_refresh_count=1 detector_report_mismatch_count=0 no_fresh_frequency_skip_count=27552 detector_occurrence_popped_count=0 detector_valid_occurrence_popped_count=0 evaluator_accept_attempt_count=0 evaluator_accept_success_count=0 evaluator_accept_reject_count=0 verdict_produced_count=0 verdict_event_pushed_count=0 verdict_event_dropped_count=0 evaluator_latest_reject_reason=none
AUDIO_IO_HEALTH processed_ratio=1.001 t_ms=233978 i2s_reads=357224 i2s_bytes_read=7577600 processed_samples=28815 expected_samples=28800 frames_emitted=947200 partial_frames=0 duplicate_frames=0 gap_samples=0 overlap_samples=0 max_block_age_ms=12 max_processing_lag_ms=13
RAW_AUDIO_HEALTH verdict=ok

#22 ----------------
SEQ_HISTDBG trial=22 incomplete_total=0 new=0 out_of_order_total=3 i2s_backsteps=27 i2s_max_backstep_us=1382 i2s_overflows=0 clock_corrections=123 clock_max_correction_us=1394 emit_marker_seen=0 emit_marker_dt_ms=0 uptime_ms=237279 samples_read=992000 us_per_sample=44.43 dropped_dma_buffers=0 clock_rate_mhz=15999984
SEQ_TRIAL trial=22 result=miss stage=source reject_reason=missing_pipeline_result source_selection=none source_reason=none dt=-1ms contrast_class=unknown amp_class=unknown source_strength=0.0 verdict_confidence=0.00 dup=0 src_total=0 src_acc=0 src_rej=0 buffer_overrun=0 profile=TonalPulseFreq
SYSTEM_HEALTH loop_avg_us=195 update_loop_avg_us=163 trial=22 t_ms=236778 uptime_ms=237281 boot_count=1 reset_reason=POWERON_RESET window_start_ms=234978 window_end_ms=236778 window_elapsed_ms=1800 free_heap=178680 loop_stats_window_ms=1800 loop_stats_scope=trial_window loop_count=11746 loop_max_window_us=6237 loop_over_5ms=287 loop_over_20ms=0 loop_max_since_boot_us=115742 update_loop_count=11746 update_loop_max_us=6196 sample_work_max_us=9398 trial_finalize_max_us=6116 detector_observe_count=36736 detector_fresh_input_count=9184 detector_drain_count=9184 evaluator_drain_count=9184 detector_report_refresh_count=1 detector_report_mismatch_count=0 no_fresh_frequency_skip_count=27552 detector_occurrence_popped_count=0 detector_valid_occurrence_popped_count=0 evaluator_accept_attempt_count=0 evaluator_accept_success_count=0 evaluator_accept_reject_count=0 verdict_produced_count=0 verdict_event_pushed_count=0 verdict_event_dropped_count=0 evaluator_latest_reject_reason=none
AUDIO_IO_HEALTH processed_ratio=1.001 t_ms=236778 i2s_reads=373956 i2s_bytes_read=7936000 processed_samples=28816 expected_samples=28800 frames_emitted=992000 partial_frames=0 duplicate_frames=0 gap_samples=0 overlap_samples=0 max_block_age_ms=12 max_processing_lag_ms=13
RAW_AUDIO_HEALTH verdict=ok

#23 ----------------
SEQ_HISTDBG trial=23 incomplete_total=0 new=0 out_of_order_total=3 i2s_backsteps=29 i2s_max_backstep_us=1382 i2s_overflows=0 clock_corrections=128 clock_max_correction_us=1394 emit_marker_seen=0 emit_marker_dt_ms=0 uptime_ms=240079 samples_read=1036800 us_per_sample=44.44 dropped_dma_buffers=0 clock_rate_mhz=16000000
SEQ_TRIAL trial=23 result=miss stage=source reject_reason=missing_pipeline_result source_selection=none source_reason=none dt=-1ms contrast_class=unknown amp_class=unknown source_strength=0.0 verdict_confidence=0.00 dup=0 src_total=0 src_acc=0 src_rej=0 buffer_overrun=0 profile=TonalPulseFreq
SYSTEM_HEALTH loop_avg_us=195 update_loop_avg_us=163 trial=23 t_ms=239578 uptime_ms=240081 boot_count=1 reset_reason=POWERON_RESET window_start_ms=237778 window_end_ms=239578 window_elapsed_ms=1800 free_heap=178680 loop_stats_window_ms=1800 loop_stats_scope=trial_window loop_count=11755 loop_max_window_us=6263 loop_over_5ms=287 loop_over_20ms=0 loop_max_since_boot_us=115742 update_loop_count=11755 update_loop_max_us=6222 sample_work_max_us=9398 trial_finalize_max_us=6116 detector_observe_count=36736 detector_fresh_input_count=9184 detector_drain_count=9184 evaluator_drain_count=9184 detector_report_refresh_count=1 detector_report_mismatch_count=0 no_fresh_frequency_skip_count=27552 detector_occurrence_popped_count=0 detector_valid_occurrence_popped_count=0 evaluator_accept_attempt_count=0 evaluator_accept_success_count=0 evaluator_accept_reject_count=0 verdict_produced_count=0 verdict_event_pushed_count=0 verdict_event_dropped_count=0 evaluator_latest_reject_reason=none
AUDIO_IO_HEALTH processed_ratio=1.001 t_ms=239578 i2s_reads=390697 i2s_bytes_read=8294400 processed_samples=28816 expected_samples=28800 frames_emitted=1036800 partial_frames=0 duplicate_frames=0 gap_samples=0 overlap_samples=0 max_block_age_ms=12 max_processing_lag_ms=13
RAW_AUDIO_HEALTH verdict=ok

#24 ----------------
SEQ_HISTDBG trial=24 incomplete_total=0 new=0 out_of_order_total=3 i2s_backsteps=29 i2s_max_backstep_us=1382 i2s_overflows=0 clock_corrections=134 clock_max_correction_us=1394 emit_marker_seen=0 emit_marker_dt_ms=0 uptime_ms=242879 samples_read=1081600 us_per_sample=44.46 dropped_dma_buffers=0 clock_rate_mhz=15999984
SEQ_TRIAL trial=24 result=miss stage=source reject_reason=missing_pipeline_result source_selection=none source_reason=none dt=-1ms contrast_class=unknown amp_class=unknown source_strength=0.0 verdict_confidence=0.00 dup=0 src_total=0 src_acc=0 src_rej=0 buffer_overrun=0 profile=TonalPulseFreq
SYSTEM_HEALTH loop_avg_us=195 update_loop_avg_us=163 trial=24 t_ms=242378 uptime_ms=242881 boot_count=1 reset_reason=POWERON_RESET window_start_ms=240578 window_end_ms=242378 window_elapsed_ms=1800 free_heap=178680 loop_stats_window_ms=1800 loop_stats_scope=trial_window loop_count=11727 loop_max_window_us=6214 loop_over_5ms=287 loop_over_20ms=0 loop_max_since_boot_us=115742 update_loop_count=11727 update_loop_max_us=6173 sample_work_max_us=9398 trial_finalize_max_us=6116 detector_observe_count=36736 detector_fresh_input_count=9184 detector_drain_count=9184 evaluator_drain_count=9184 detector_report_refresh_count=1 detector_report_mismatch_count=0 no_fresh_frequency_skip_count=27552 detector_occurrence_popped_count=0 detector_valid_occurrence_popped_count=0 evaluator_accept_attempt_count=0 evaluator_accept_success_count=0 evaluator_accept_reject_count=0 verdict_produced_count=0 verdict_event_pushed_count=0 verdict_event_dropped_count=0 evaluator_latest_reject_reason=none
AUDIO_IO_HEALTH processed_ratio=1.001 t_ms=242378 i2s_reads=407411 i2s_bytes_read=8652800 processed_samples=28816 expected_samples=28800 frames_emitted=1081600 partial_frames=0 duplicate_frames=0 gap_samples=0 overlap_samples=0 max_block_age_ms=12 max_processing_lag_ms=13
RAW_AUDIO_HEALTH verdict=ok

#25 ----------------
SEQ_HISTDBG trial=25 incomplete_total=0 new=0 out_of_order_total=3 i2s_backsteps=29 i2s_max_backstep_us=1382 i2s_overflows=0 clock_corrections=139 clock_max_correction_us=1394 emit_marker_seen=0 emit_marker_dt_ms=0 uptime_ms=245679 samples_read=1126400 us_per_sample=44.47 dropped_dma_buffers=0 clock_rate_mhz=15999984
SEQ_TRIAL trial=25 result=miss stage=source reject_reason=missing_pipeline_result source_selection=none source_reason=none dt=-1ms contrast_class=unknown amp_class=unknown source_strength=0.0 verdict_confidence=0.00 dup=0 src_total=0 src_acc=0 src_rej=0 buffer_overrun=0 profile=TonalPulseFreq
SYSTEM_HEALTH loop_avg_us=195 update_loop_avg_us=163 trial=25 t_ms=245178 uptime_ms=245681 boot_count=1 reset_reason=POWERON_RESET window_start_ms=243378 window_end_ms=245178 window_elapsed_ms=1800 free_heap=178680 loop_stats_window_ms=1800 loop_stats_scope=trial_window loop_count=11747 loop_max_window_us=6254 loop_over_5ms=287 loop_over_20ms=0 loop_max_since_boot_us=115742 update_loop_count=11747 update_loop_max_us=6214 sample_work_max_us=9398 trial_finalize_max_us=6116 detector_observe_count=36736 detector_fresh_input_count=9184 detector_drain_count=9184 evaluator_drain_count=9184 detector_report_refresh_count=1 detector_report_mismatch_count=0 no_fresh_frequency_skip_count=27552 detector_occurrence_popped_count=0 detector_valid_occurrence_popped_count=0 evaluator_accept_attempt_count=0 evaluator_accept_success_count=0 evaluator_accept_reject_count=0 verdict_produced_count=0 verdict_event_pushed_count=0 verdict_event_dropped_count=0 evaluator_latest_reject_reason=none
AUDIO_IO_HEALTH processed_ratio=1.001 t_ms=245178 i2s_reads=424148 i2s_bytes_read=9011200 processed_samples=28816 expected_samples=28800 frames_emitted=1126400 partial_frames=0 duplicate_frames=0 gap_samples=0 overlap_samples=0 max_block_age_ms=12 max_processing_lag_ms=13
RAW_AUDIO_HEALTH verdict=ok

#26 ----------------
SEQ_HISTDBG trial=26 incomplete_total=0 new=0 out_of_order_total=3 i2s_backsteps=29 i2s_max_backstep_us=1382 i2s_overflows=0 clock_corrections=145 clock_max_correction_us=1394 emit_marker_seen=0 emit_marker_dt_ms=0 uptime_ms=248479 samples_read=1171200 us_per_sample=44.49 dropped_dma_buffers=0 clock_rate_mhz=15999984
SEQ_TRIAL trial=26 result=miss stage=source reject_reason=missing_pipeline_result source_selection=none source_reason=none dt=-1ms contrast_class=unknown amp_class=unknown source_strength=0.0 verdict_confidence=0.00 dup=0 src_total=0 src_acc=0 src_rej=0 buffer_overrun=0 profile=TonalPulseFreq
SYSTEM_HEALTH loop_avg_us=195 update_loop_avg_us=163 trial=26 t_ms=247978 uptime_ms=248481 boot_count=1 reset_reason=POWERON_RESET window_start_ms=246178 window_end_ms=247978 window_elapsed_ms=1800 free_heap=178680 loop_stats_window_ms=1800 loop_stats_scope=trial_window loop_count=11740 loop_max_window_us=6233 loop_over_5ms=287 loop_over_20ms=0 loop_max_since_boot_us=115742 update_loop_count=11740 update_loop_max_us=6192 sample_work_max_us=9398 trial_finalize_max_us=6116 detector_observe_count=36736 detector_fresh_input_count=9184 detector_drain_count=9184 evaluator_drain_count=9184 detector_report_refresh_count=1 detector_report_mismatch_count=0 no_fresh_frequency_skip_count=27552 detector_occurrence_popped_count=0 detector_valid_occurrence_popped_count=0 evaluator_accept_attempt_count=0 evaluator_accept_success_count=0 evaluator_accept_reject_count=0 verdict_produced_count=0 verdict_event_pushed_count=0 verdict_event_dropped_count=0 evaluator_latest_reject_reason=none
AUDIO_IO_HEALTH processed_ratio=1.001 t_ms=247978 i2s_reads=440874 i2s_bytes_read=9369600 processed_samples=28816 expected_samples=28800 frames_emitted=1171200 partial_frames=0 duplicate_frames=0 gap_samples=0 overlap_samples=0 max_block_age_ms=12 max_processing_lag_ms=13
RAW_AUDIO_HEALTH verdict=ok

#27 ----------------
SEQ_HISTDBG trial=27 incomplete_total=0 new=0 out_of_order_total=3 i2s_backsteps=30 i2s_max_backstep_us=1382 i2s_overflows=0 clock_corrections=150 clock_max_correction_us=1394 emit_marker_seen=0 emit_marker_dt_ms=0 uptime_ms=251279 samples_read=1216000 us_per_sample=44.50 dropped_dma_buffers=0 clock_rate_mhz=15999936
SEQ_TRIAL trial=27 result=miss stage=source reject_reason=missing_pipeline_result source_selection=none source_reason=none dt=-1ms contrast_class=unknown amp_class=unknown source_strength=0.0 verdict_confidence=0.00 dup=0 src_total=0 src_acc=0 src_rej=0 buffer_overrun=0 profile=TonalPulseFreq
SYSTEM_HEALTH loop_avg_us=195 update_loop_avg_us=163 trial=27 t_ms=250778 uptime_ms=251281 boot_count=1 reset_reason=POWERON_RESET window_start_ms=248978 window_end_ms=250778 window_elapsed_ms=1800 free_heap=178680 loop_stats_window_ms=1800 loop_stats_scope=trial_window loop_count=11749 loop_max_window_us=6226 loop_over_5ms=287 loop_over_20ms=0 loop_max_since_boot_us=115742 update_loop_count=11749 update_loop_max_us=6186 sample_work_max_us=9398 trial_finalize_max_us=6116 detector_observe_count=36736 detector_fresh_input_count=9184 detector_drain_count=9184 evaluator_drain_count=9184 detector_report_refresh_count=1 detector_report_mismatch_count=0 no_fresh_frequency_skip_count=27552 detector_occurrence_popped_count=0 detector_valid_occurrence_popped_count=0 evaluator_accept_attempt_count=0 evaluator_accept_success_count=0 evaluator_accept_reject_count=0 verdict_produced_count=0 verdict_event_pushed_count=0 verdict_event_dropped_count=0 evaluator_latest_reject_reason=none
AUDIO_IO_HEALTH processed_ratio=1.001 t_ms=250778 i2s_reads=457609 i2s_bytes_read=9728000 processed_samples=28817 expected_samples=28800 frames_emitted=1216000 partial_frames=0 duplicate_frames=0 gap_samples=0 overlap_samples=0 max_block_age_ms=12 max_processing_lag_ms=13
RAW_AUDIO_HEALTH verdict=ok

#28 ----------------
SEQ_HISTDBG trial=28 incomplete_total=0 new=0 out_of_order_total=3 i2s_backsteps=32 i2s_max_backstep_us=1382 i2s_overflows=0 clock_corrections=156 clock_max_correction_us=1394 emit_marker_seen=0 emit_marker_dt_ms=0 uptime_ms=254079 samples_read=1260800 us_per_sample=44.52 dropped_dma_buffers=0 clock_rate_mhz=15999984
SEQ_TRIAL trial=28 result=miss stage=source reject_reason=missing_pipeline_result source_selection=none source_reason=none dt=-1ms contrast_class=unknown amp_class=unknown source_strength=0.0 verdict_confidence=0.00 dup=0 src_total=0 src_acc=0 src_rej=0 buffer_overrun=0 profile=TonalPulseFreq
SYSTEM_HEALTH loop_avg_us=195 update_loop_avg_us=163 trial=28 t_ms=253578 uptime_ms=254081 boot_count=1 reset_reason=POWERON_RESET window_start_ms=251778 window_end_ms=253578 window_elapsed_ms=1800 free_heap=178680 loop_stats_window_ms=1800 loop_stats_scope=trial_window loop_count=11738 loop_max_window_us=6264 loop_over_5ms=287 loop_over_20ms=0 loop_max_since_boot_us=115742 update_loop_count=11738 update_loop_max_us=6223 sample_work_max_us=9400 trial_finalize_max_us=6116 detector_observe_count=36736 detector_fresh_input_count=9184 detector_drain_count=9184 evaluator_drain_count=9184 detector_report_refresh_count=1 detector_report_mismatch_count=0 no_fresh_frequency_skip_count=27552 detector_occurrence_popped_count=0 detector_valid_occurrence_popped_count=0 evaluator_accept_attempt_count=0 evaluator_accept_success_count=0 evaluator_accept_reject_count=0 verdict_produced_count=0 verdict_event_pushed_count=0 verdict_event_dropped_count=0 evaluator_latest_reject_reason=none
AUDIO_IO_HEALTH processed_ratio=1.001 t_ms=253578 i2s_reads=474333 i2s_bytes_read=10086400 processed_samples=28816 expected_samples=28800 frames_emitted=1260800 partial_frames=0 duplicate_frames=0 gap_samples=0 overlap_samples=0 max_block_age_ms=12 max_processing_lag_ms=13
RAW_AUDIO_HEALTH verdict=ok

#29 ----------------
SEQ_HISTDBG trial=29 incomplete_total=0 new=0 out_of_order_total=3 i2s_backsteps=34 i2s_max_backstep_us=1382 i2s_overflows=0 clock_corrections=161 clock_max_correction_us=1394 emit_marker_seen=0 emit_marker_dt_ms=0 uptime_ms=256879 samples_read=1305600 us_per_sample=44.53 dropped_dma_buffers=0 clock_rate_mhz=15999984
SEQ_TRIAL trial=29 result=miss stage=source reject_reason=missing_pipeline_result source_selection=none source_reason=none dt=-1ms contrast_class=unknown amp_class=unknown source_strength=0.0 verdict_confidence=0.00 dup=0 src_total=0 src_acc=0 src_rej=0 buffer_overrun=0 profile=TonalPulseFreq
SYSTEM_HEALTH loop_avg_us=195 update_loop_avg_us=163 trial=29 t_ms=256378 uptime_ms=256881 boot_count=1 reset_reason=POWERON_RESET window_start_ms=254578 window_end_ms=256378 window_elapsed_ms=1800 free_heap=178680 loop_stats_window_ms=1800 loop_stats_scope=trial_window loop_count=11739 loop_max_window_us=6254 loop_over_5ms=287 loop_over_20ms=0 loop_max_since_boot_us=115742 update_loop_count=11739 update_loop_max_us=6214 sample_work_max_us=9400 trial_finalize_max_us=6116 detector_observe_count=36736 detector_fresh_input_count=9184 detector_drain_count=9184 evaluator_drain_count=9184 detector_report_refresh_count=1 detector_report_mismatch_count=0 no_fresh_frequency_skip_count=27552 detector_occurrence_popped_count=0 detector_valid_occurrence_popped_count=0 evaluator_accept_attempt_count=0 evaluator_accept_success_count=0 evaluator_accept_reject_count=0 verdict_produced_count=0 verdict_event_pushed_count=0 verdict_event_dropped_count=0 evaluator_latest_reject_reason=none
AUDIO_IO_HEALTH processed_ratio=1.001 t_ms=256378 i2s_reads=491060 i2s_bytes_read=10444800 processed_samples=28817 expected_samples=28800 frames_emitted=1305600 partial_frames=0 duplicate_frames=0 gap_samples=0 overlap_samples=0 max_block_age_ms=12 max_processing_lag_ms=13
RAW_AUDIO_HEALTH verdict=ok

#30 ----------------
SEQ_HISTDBG trial=30 incomplete_total=0 new=0 out_of_order_total=3 i2s_backsteps=34 i2s_max_backstep_us=1382 i2s_overflows=0 clock_corrections=167 clock_max_correction_us=1394 emit_marker_seen=0 emit_marker_dt_ms=0 uptime_ms=259679 samples_read=1350400 us_per_sample=44.54 dropped_dma_buffers=0 clock_rate_mhz=15999984
SEQ_TRIAL trial=30 result=miss stage=source reject_reason=missing_pipeline_result source_selection=none source_reason=none dt=-1ms contrast_class=unknown amp_class=unknown source_strength=0.0 verdict_confidence=0.00 dup=0 src_total=0 src_acc=0 src_rej=0 buffer_overrun=0 profile=TonalPulseFreq
SYSTEM_HEALTH loop_avg_us=195 update_loop_avg_us=163 trial=30 t_ms=259178 uptime_ms=259681 boot_count=1 reset_reason=POWERON_RESET window_start_ms=257378 window_end_ms=259178 window_elapsed_ms=1800 free_heap=178680 loop_stats_window_ms=1800 loop_stats_scope=trial_window loop_count=11745 loop_max_window_us=6207 loop_over_5ms=287 loop_over_20ms=0 loop_max_since_boot_us=115742 update_loop_count=11745 update_loop_max_us=6166 sample_work_max_us=9400 trial_finalize_max_us=6116 detector_observe_count=36736 detector_fresh_input_count=9184 detector_drain_count=9184 evaluator_drain_count=9184 detector_report_refresh_count=1 detector_report_mismatch_count=0 no_fresh_frequency_skip_count=27552 detector_occurrence_popped_count=0 detector_valid_occurrence_popped_count=0 evaluator_accept_attempt_count=0 evaluator_accept_success_count=0 evaluator_accept_reject_count=0 verdict_produced_count=0 verdict_event_pushed_count=0 verdict_event_dropped_count=0 evaluator_latest_reject_reason=none
AUDIO_IO_HEALTH processed_ratio=1.001 t_ms=259178 i2s_reads=507791 i2s_bytes_read=10803200 processed_samples=28816 expected_samples=28800 frames_emitted=1350400 partial_frames=0 duplicate_frames=0 gap_samples=0 overlap_samples=0 max_block_age_ms=12 max_processing_lag_ms=13
RAW_AUDIO_HEALTH verdict=ok

#31 ----------------
SEQ_HISTDBG trial=31 incomplete_total=0 new=0 out_of_order_total=3 i2s_backsteps=34 i2s_max_backstep_us=1382 i2s_overflows=0 clock_corrections=173 clock_max_correction_us=1394 emit_marker_seen=0 emit_marker_dt_ms=0 uptime_ms=262479 samples_read=1395200 us_per_sample=44.56 dropped_dma_buffers=0 clock_rate_mhz=15999968
SEQ_TRIAL trial=31 result=miss stage=source reject_reason=missing_pipeline_result source_selection=none source_reason=none dt=-1ms contrast_class=unknown amp_class=unknown source_strength=0.0 verdict_confidence=0.00 dup=0 src_total=0 src_acc=0 src_rej=0 buffer_overrun=0 profile=TonalPulseFreq
SYSTEM_HEALTH loop_avg_us=195 update_loop_avg_us=163 trial=31 t_ms=261978 uptime_ms=262481 boot_count=1 reset_reason=POWERON_RESET window_start_ms=260178 window_end_ms=261978 window_elapsed_ms=1800 free_heap=178680 loop_stats_window_ms=1800 loop_stats_scope=trial_window loop_count=11752 loop_max_window_us=6203 loop_over_5ms=287 loop_over_20ms=0 loop_max_since_boot_us=115742 update_loop_count=11752 update_loop_max_us=6163 sample_work_max_us=9400 trial_finalize_max_us=6116 detector_observe_count=36736 detector_fresh_input_count=9184 detector_drain_count=9184 evaluator_drain_count=9184 detector_report_refresh_count=1 detector_report_mismatch_count=0 no_fresh_frequency_skip_count=27552 detector_occurrence_popped_count=0 detector_valid_occurrence_popped_count=0 evaluator_accept_attempt_count=0 evaluator_accept_success_count=0 evaluator_accept_reject_count=0 verdict_produced_count=0 verdict_event_pushed_count=0 verdict_event_dropped_count=0 evaluator_latest_reject_reason=none
AUDIO_IO_HEALTH processed_ratio=1.001 t_ms=261978 i2s_reads=524531 i2s_bytes_read=11161600 processed_samples=28816 expected_samples=28800 frames_emitted=1395200 partial_frames=0 duplicate_frames=0 gap_samples=0 overlap_samples=0 max_block_age_ms=12 max_processing_lag_ms=13
RAW_AUDIO_HEALTH verdict=ok

#32 ----------------
SEQ_HISTDBG trial=32 incomplete_total=0 new=0 out_of_order_total=3 i2s_backsteps=35 i2s_max_backstep_us=1382 i2s_overflows=0 clock_corrections=178 clock_max_correction_us=1394 emit_marker_seen=0 emit_marker_dt_ms=0 uptime_ms=265279 samples_read=1440000 us_per_sample=44.57 dropped_dma_buffers=0 clock_rate_mhz=15999984
SEQ_TRIAL trial=32 result=miss stage=source reject_reason=missing_pipeline_result source_selection=none source_reason=none dt=-1ms contrast_class=unknown amp_class=unknown source_strength=0.0 verdict_confidence=0.00 dup=0 src_total=0 src_acc=0 src_rej=0 buffer_overrun=0 profile=TonalPulseFreq
SYSTEM_HEALTH loop_avg_us=195 update_loop_avg_us=163 trial=32 t_ms=264778 uptime_ms=265281 boot_count=1 reset_reason=POWERON_RESET window_start_ms=262978 window_end_ms=264778 window_elapsed_ms=1800 free_heap=178680 loop_stats_window_ms=1800 loop_stats_scope=trial_window loop_count=11746 loop_max_window_us=6226 loop_over_5ms=287 loop_over_20ms=0 loop_max_since_boot_us=115742 update_loop_count=11746 update_loop_max_us=6185 sample_work_max_us=9400 trial_finalize_max_us=6116 detector_observe_count=36736 detector_fresh_input_count=9184 detector_drain_count=9184 evaluator_drain_count=9184 detector_report_refresh_count=1 detector_report_mismatch_count=0 no_fresh_frequency_skip_count=27552 detector_occurrence_popped_count=0 detector_valid_occurrence_popped_count=0 evaluator_accept_attempt_count=0 evaluator_accept_success_count=0 evaluator_accept_reject_count=0 verdict_produced_count=0 verdict_event_pushed_count=0 verdict_event_dropped_count=0 evaluator_latest_reject_reason=none
AUDIO_IO_HEALTH processed_ratio=1.001 t_ms=264778 i2s_reads=541265 i2s_bytes_read=11520000 processed_samples=28817 expected_samples=28800 frames_emitted=1440000 partial_frames=0 duplicate_frames=0 gap_samples=0 overlap_samples=0 max_block_age_ms=12 max_processing_lag_ms=13
RAW_AUDIO_HEALTH verdict=ok

#33 ----------------
SEQ_HISTDBG trial=33 incomplete_total=0 new=0 out_of_order_total=3 i2s_backsteps=37 i2s_max_backstep_us=1382 i2s_overflows=0 clock_corrections=184 clock_max_correction_us=1394 emit_marker_seen=0 emit_marker_dt_ms=0 uptime_ms=268079 samples_read=1484800 us_per_sample=44.58 dropped_dma_buffers=0 clock_rate_mhz=15999984
SEQ_TRIAL trial=33 result=miss stage=source reject_reason=missing_pipeline_result source_selection=none source_reason=none dt=-1ms contrast_class=unknown amp_class=unknown source_strength=0.0 verdict_confidence=0.00 dup=0 src_total=0 src_acc=0 src_rej=0 buffer_overrun=0 profile=TonalPulseFreq
SYSTEM_HEALTH loop_avg_us=195 update_loop_avg_us=163 trial=33 t_ms=267578 uptime_ms=268081 boot_count=1 reset_reason=POWERON_RESET window_start_ms=265778 window_end_ms=267578 window_elapsed_ms=1800 free_heap=178680 loop_stats_window_ms=1800 loop_stats_scope=trial_window loop_count=11747 loop_max_window_us=6212 loop_over_5ms=287 loop_over_20ms=0 loop_max_since_boot_us=115742 update_loop_count=11747 update_loop_max_us=6172 sample_work_max_us=9400 trial_finalize_max_us=6116 detector_observe_count=36736 detector_fresh_input_count=9184 detector_drain_count=9184 evaluator_drain_count=9184 detector_report_refresh_count=1 detector_report_mismatch_count=0 no_fresh_frequency_skip_count=27552 detector_occurrence_popped_count=0 detector_valid_occurrence_popped_count=0 evaluator_accept_attempt_count=0 evaluator_accept_success_count=0 evaluator_accept_reject_count=0 verdict_produced_count=0 verdict_event_pushed_count=0 verdict_event_dropped_count=0 evaluator_latest_reject_reason=none
AUDIO_IO_HEALTH processed_ratio=1.001 t_ms=267578 i2s_reads=557999 i2s_bytes_read=11878400 processed_samples=28817 expected_samples=28800 frames_emitted=1484800 partial_frames=0 duplicate_frames=0 gap_samples=0 overlap_samples=0 max_block_age_ms=12 max_processing_lag_ms=13
RAW_AUDIO_HEALTH verdict=ok

#34 ----------------
SEQ_HISTDBG trial=34 incomplete_total=0 new=0 out_of_order_total=3 i2s_backsteps=38 i2s_max_backstep_us=1382 i2s_overflows=0 clock_corrections=189 clock_max_correction_us=1394 emit_marker_seen=0 emit_marker_dt_ms=0 uptime_ms=270879 samples_read=1529600 us_per_sample=44.59 dropped_dma_buffers=0 clock_rate_mhz=15999984
SEQ_TRIAL trial=34 result=miss stage=source reject_reason=missing_pipeline_result source_selection=none source_reason=none dt=-1ms contrast_class=unknown amp_class=unknown source_strength=0.0 verdict_confidence=0.00 dup=0 src_total=0 src_acc=0 src_rej=0 buffer_overrun=0 profile=TonalPulseFreq
SYSTEM_HEALTH loop_avg_us=196 update_loop_avg_us=164 trial=34 t_ms=270378 uptime_ms=270881 boot_count=1 reset_reason=POWERON_RESET window_start_ms=268578 window_end_ms=270378 window_elapsed_ms=1800 free_heap=178680 loop_stats_window_ms=1800 loop_stats_scope=trial_window loop_count=11701 loop_max_window_us=6255 loop_over_5ms=287 loop_over_20ms=0 loop_max_since_boot_us=115742 update_loop_count=11701 update_loop_max_us=6215 sample_work_max_us=9400 trial_finalize_max_us=6116 detector_observe_count=36736 detector_fresh_input_count=9184 detector_drain_count=9184 evaluator_drain_count=9184 detector_report_refresh_count=1 detector_report_mismatch_count=0 no_fresh_frequency_skip_count=27552 detector_occurrence_popped_count=0 detector_valid_occurrence_popped_count=0 evaluator_accept_attempt_count=0 evaluator_accept_success_count=0 evaluator_accept_reject_count=0 verdict_produced_count=0 verdict_event_pushed_count=0 verdict_event_dropped_count=0 evaluator_latest_reject_reason=none
AUDIO_IO_HEALTH processed_ratio=1.001 t_ms=270378 i2s_reads=574686 i2s_bytes_read=12236800 processed_samples=28817 expected_samples=28800 frames_emitted=1529600 partial_frames=0 duplicate_frames=0 gap_samples=0 overlap_samples=0 max_block_age_ms=12 max_processing_lag_ms=13
RAW_AUDIO_HEALTH verdict=ok

#35 ----------------
SEQ_HISTDBG trial=35 incomplete_total=0 new=0 out_of_order_total=3 i2s_backsteps=40 i2s_max_backstep_us=1382 i2s_overflows=0 clock_corrections=195 clock_max_correction_us=1394 emit_marker_seen=0 emit_marker_dt_ms=0 uptime_ms=273679 samples_read=1574400 us_per_sample=44.61 dropped_dma_buffers=0 clock_rate_mhz=15999968
SEQ_TRIAL trial=35 result=miss stage=source reject_reason=missing_pipeline_result source_selection=none source_reason=none dt=-1ms contrast_class=unknown amp_class=unknown source_strength=0.0 verdict_confidence=0.00 dup=0 src_total=0 src_acc=0 src_rej=0 buffer_overrun=0 profile=TonalPulseFreq
SYSTEM_HEALTH loop_avg_us=196 update_loop_avg_us=164 trial=35 t_ms=273178 uptime_ms=273681 boot_count=1 reset_reason=POWERON_RESET window_start_ms=271378 window_end_ms=273178 window_elapsed_ms=1800 free_heap=178680 loop_stats_window_ms=1800 loop_stats_scope=trial_window loop_count=11705 loop_max_window_us=6249 loop_over_5ms=287 loop_over_20ms=0 loop_max_since_boot_us=115742 update_loop_count=11705 update_loop_max_us=6209 sample_work_max_us=9406 trial_finalize_max_us=6116 detector_observe_count=36736 detector_fresh_input_count=9184 detector_drain_count=9184 evaluator_drain_count=9184 detector_report_refresh_count=1 detector_report_mismatch_count=0 no_fresh_frequency_skip_count=27552 detector_occurrence_popped_count=0 detector_valid_occurrence_popped_count=0 evaluator_accept_attempt_count=0 evaluator_accept_success_count=0 evaluator_accept_reject_count=0 verdict_produced_count=0 verdict_event_pushed_count=0 verdict_event_dropped_count=0 evaluator_latest_reject_reason=none
AUDIO_IO_HEALTH processed_ratio=1.001 t_ms=273178 i2s_reads=591368 i2s_bytes_read=12595200 processed_samples=28817 expected_samples=28800 frames_emitted=1574400 partial_frames=0 duplicate_frames=0 gap_samples=0 overlap_samples=0 max_block_age_ms=12 max_processing_lag_ms=13
RAW_AUDIO_HEALTH verdict=ok

#36 ----------------
SEQ_HISTDBG trial=36 incomplete_total=0 new=0 out_of_order_total=3 i2s_backsteps=41 i2s_max_backstep_us=1382 i2s_overflows=0 clock_corrections=200 clock_max_correction_us=1394 emit_marker_seen=0 emit_marker_dt_ms=0 uptime_ms=276479 samples_read=1619200 us_per_sample=44.62 dropped_dma_buffers=0 clock_rate_mhz=15999968
SEQ_TRIAL trial=36 result=miss stage=source reject_reason=missing_pipeline_result source_selection=none source_reason=none dt=-1ms contrast_class=unknown amp_class=unknown source_strength=0.0 verdict_confidence=0.00 dup=0 src_total=0 src_acc=0 src_rej=0 buffer_overrun=0 profile=TonalPulseFreq
SYSTEM_HEALTH loop_avg_us=196 update_loop_avg_us=164 trial=36 t_ms=275978 uptime_ms=276481 boot_count=1 reset_reason=POWERON_RESET window_start_ms=274178 window_end_ms=275978 window_elapsed_ms=1800 free_heap=178680 loop_stats_window_ms=1800 loop_stats_scope=trial_window loop_count=11701 loop_max_window_us=6210 loop_over_5ms=287 loop_over_20ms=0 loop_max_since_boot_us=115742 update_loop_count=11701 update_loop_max_us=6169 sample_work_max_us=9406 trial_finalize_max_us=6116 detector_observe_count=36736 detector_fresh_input_count=9184 detector_drain_count=9184 evaluator_drain_count=9184 detector_report_refresh_count=1 detector_report_mismatch_count=0 no_fresh_frequency_skip_count=27552 detector_occurrence_popped_count=0 detector_valid_occurrence_popped_count=0 evaluator_accept_attempt_count=0 evaluator_accept_success_count=0 evaluator_accept_reject_count=0 verdict_produced_count=0 verdict_event_pushed_count=0 verdict_event_dropped_count=0 evaluator_latest_reject_reason=none
AUDIO_IO_HEALTH processed_ratio=1.001 t_ms=275978 i2s_reads=608047 i2s_bytes_read=12953600 processed_samples=28815 expected_samples=28800 frames_emitted=1619200 partial_frames=0 duplicate_frames=0 gap_samples=0 overlap_samples=0 max_block_age_ms=12 max_processing_lag_ms=13
RAW_AUDIO_HEALTH verdict=ok

#37 ----------------
SEQ_HISTDBG trial=37 incomplete_total=0 new=0 out_of_order_total=3 i2s_backsteps=42 i2s_max_backstep_us=1382 i2s_overflows=0 clock_corrections=206 clock_max_correction_us=1394 emit_marker_seen=0 emit_marker_dt_ms=0 uptime_ms=279279 samples_read=1664000 us_per_sample=44.63 dropped_dma_buffers=0 clock_rate_mhz=15999968
SEQ_TRIAL trial=37 result=miss stage=source reject_reason=missing_pipeline_result source_selection=none source_reason=none dt=-1ms contrast_class=unknown amp_class=unknown source_strength=0.0 verdict_confidence=0.00 dup=0 src_total=0 src_acc=0 src_rej=0 buffer_overrun=0 profile=TonalPulseFreq
SYSTEM_HEALTH loop_avg_us=196 update_loop_avg_us=164 trial=37 t_ms=278778 uptime_ms=279281 boot_count=1 reset_reason=POWERON_RESET window_start_ms=276978 window_end_ms=278778 window_elapsed_ms=1800 free_heap=178680 loop_stats_window_ms=1800 loop_stats_scope=trial_window loop_count=11704 loop_max_window_us=6262 loop_over_5ms=287 loop_over_20ms=0 loop_max_since_boot_us=115742 update_loop_count=11704 update_loop_max_us=6221 sample_work_max_us=9406 trial_finalize_max_us=6116 detector_observe_count=36736 detector_fresh_input_count=9184 detector_drain_count=9184 evaluator_drain_count=9184 detector_report_refresh_count=1 detector_report_mismatch_count=0 no_fresh_frequency_skip_count=27552 detector_occurrence_popped_count=0 detector_valid_occurrence_popped_count=0 evaluator_accept_attempt_count=0 evaluator_accept_success_count=0 evaluator_accept_reject_count=0 verdict_produced_count=0 verdict_event_pushed_count=0 verdict_event_dropped_count=0 evaluator_latest_reject_reason=none
AUDIO_IO_HEALTH processed_ratio=1.001 t_ms=278778 i2s_reads=624729 i2s_bytes_read=13312000 processed_samples=28816 expected_samples=28800 frames_emitted=1664000 partial_frames=0 duplicate_frames=0 gap_samples=0 overlap_samples=0 max_block_age_ms=12 max_processing_lag_ms=13
RAW_AUDIO_HEALTH verdict=ok

#38 ----------------
SEQ_HISTDBG trial=38 incomplete_total=0 new=0 out_of_order_total=3 i2s_backsteps=43 i2s_max_backstep_us=1382 i2s_overflows=0 clock_corrections=211 clock_max_correction_us=1394 emit_marker_seen=0 emit_marker_dt_ms=0 uptime_ms=282079 samples_read=1708800 us_per_sample=44.64 dropped_dma_buffers=0 clock_rate_mhz=15999968
SEQ_TRIAL trial=38 result=miss stage=source reject_reason=missing_pipeline_result source_selection=none source_reason=none dt=-1ms contrast_class=unknown amp_class=unknown source_strength=0.0 verdict_confidence=0.00 dup=0 src_total=0 src_acc=0 src_rej=0 buffer_overrun=0 profile=TonalPulseFreq
SYSTEM_HEALTH loop_avg_us=196 update_loop_avg_us=164 trial=38 t_ms=281578 uptime_ms=282081 boot_count=1 reset_reason=POWERON_RESET window_start_ms=279778 window_end_ms=281578 window_elapsed_ms=1800 free_heap=178680 loop_stats_window_ms=1800 loop_stats_scope=trial_window loop_count=11693 loop_max_window_us=6253 loop_over_5ms=287 loop_over_20ms=0 loop_max_since_boot_us=115742 update_loop_count=11693 update_loop_max_us=6213 sample_work_max_us=9406 trial_finalize_max_us=6116 detector_observe_count=36736 detector_fresh_input_count=9184 detector_drain_count=9184 evaluator_drain_count=9184 detector_report_refresh_count=1 detector_report_mismatch_count=0 no_fresh_frequency_skip_count=27552 detector_occurrence_popped_count=0 detector_valid_occurrence_popped_count=0 evaluator_accept_attempt_count=0 evaluator_accept_success_count=0 evaluator_accept_reject_count=0 verdict_produced_count=0 verdict_event_pushed_count=0 verdict_event_dropped_count=0 evaluator_latest_reject_reason=none
AUDIO_IO_HEALTH processed_ratio=1.001 t_ms=281578 i2s_reads=641401 i2s_bytes_read=13670400 processed_samples=28816 expected_samples=28800 frames_emitted=1708800 partial_frames=0 duplicate_frames=0 gap_samples=0 overlap_samples=0 max_block_age_ms=12 max_processing_lag_ms=13
RAW_AUDIO_HEALTH verdict=ok

#39 ----------------
SEQ_HISTDBG trial=39 incomplete_total=0 new=0 out_of_order_total=3 i2s_backsteps=45 i2s_max_backstep_us=1382 i2s_overflows=0 clock_corrections=217 clock_max_correction_us=1394 emit_marker_seen=0 emit_marker_dt_ms=0 uptime_ms=284879 samples_read=1753600 us_per_sample=44.65 dropped_dma_buffers=0 clock_rate_mhz=15999984
SEQ_TRIAL trial=39 result=miss stage=source reject_reason=missing_pipeline_result source_selection=none source_reason=none dt=-1ms contrast_class=unknown amp_class=unknown source_strength=0.0 verdict_confidence=0.00 dup=0 src_total=0 src_acc=0 src_rej=0 buffer_overrun=0 profile=TonalPulseFreq
SYSTEM_HEALTH loop_avg_us=196 update_loop_avg_us=164 trial=39 t_ms=284378 uptime_ms=284881 boot_count=1 reset_reason=POWERON_RESET window_start_ms=282578 window_end_ms=284378 window_elapsed_ms=1800 free_heap=178680 loop_stats_window_ms=1800 loop_stats_scope=trial_window loop_count=11706 loop_max_window_us=6217 loop_over_5ms=287 loop_over_20ms=0 loop_max_since_boot_us=115742 update_loop_count=11706 update_loop_max_us=6176 sample_work_max_us=9406 trial_finalize_max_us=6116 detector_observe_count=36736 detector_fresh_input_count=9184 detector_drain_count=9184 evaluator_drain_count=9184 detector_report_refresh_count=1 detector_report_mismatch_count=0 no_fresh_frequency_skip_count=27552 detector_occurrence_popped_count=0 detector_valid_occurrence_popped_count=0 evaluator_accept_attempt_count=0 evaluator_accept_success_count=0 evaluator_accept_reject_count=0 verdict_produced_count=0 verdict_event_pushed_count=0 verdict_event_dropped_count=0 evaluator_latest_reject_reason=none
AUDIO_IO_HEALTH processed_ratio=1.001 t_ms=284378 i2s_reads=658085 i2s_bytes_read=14028800 processed_samples=28816 expected_samples=28800 frames_emitted=1753600 partial_frames=0 duplicate_frames=0 gap_samples=0 overlap_samples=0 max_block_age_ms=12 max_processing_lag_ms=13
RAW_AUDIO_HEALTH verdict=ok

#40 ----------------
SEQ_HISTDBG trial=40 incomplete_total=0 new=0 out_of_order_total=3 i2s_backsteps=45 i2s_max_backstep_us=1382 i2s_overflows=0 clock_corrections=223 clock_max_correction_us=1394 emit_marker_seen=0 emit_marker_dt_ms=0 uptime_ms=287679 samples_read=1798400 us_per_sample=44.67 dropped_dma_buffers=0 clock_rate_mhz=15999968
SEQ_TRIAL trial=40 result=miss stage=source reject_reason=missing_pipeline_result source_selection=none source_reason=none dt=-1ms contrast_class=unknown amp_class=unknown source_strength=0.0 verdict_confidence=0.00 dup=0 src_total=0 src_acc=0 src_rej=0 buffer_overrun=0 profile=TonalPulseFreq
SYSTEM_HEALTH loop_avg_us=196 update_loop_avg_us=164 trial=40 t_ms=287178 uptime_ms=287681 boot_count=1 reset_reason=POWERON_RESET window_start_ms=285378 window_end_ms=287178 window_elapsed_ms=1800 free_heap=178680 loop_stats_window_ms=1800 loop_stats_scope=trial_window loop_count=11697 loop_max_window_us=6269 loop_over_5ms=287 loop_over_20ms=0 loop_max_since_boot_us=115742 update_loop_count=11697 update_loop_max_us=6229 sample_work_max_us=9406 trial_finalize_max_us=6116 detector_observe_count=36736 detector_fresh_input_count=9184 detector_drain_count=9184 evaluator_drain_count=9184 detector_report_refresh_count=1 detector_report_mismatch_count=0 no_fresh_frequency_skip_count=27552 detector_occurrence_popped_count=0 detector_valid_occurrence_popped_count=0 evaluator_accept_attempt_count=0 evaluator_accept_success_count=0 evaluator_accept_reject_count=0 verdict_produced_count=0 verdict_event_pushed_count=0 verdict_event_dropped_count=0 evaluator_latest_reject_reason=none
AUDIO_IO_HEALTH processed_ratio=1.001 t_ms=287178 i2s_reads=674760 i2s_bytes_read=14387200 processed_samples=28815 expected_samples=28800 frames_emitted=1798400 partial_frames=0 duplicate_frames=0 gap_samples=0 overlap_samples=0 max_block_age_ms=12 max_processing_lag_ms=13
RAW_AUDIO_HEALTH verdict=ok

#41 ----------------
SEQ_HISTDBG trial=41 incomplete_total=0 new=0 out_of_order_total=3 i2s_backsteps=47 i2s_max_backstep_us=1382 i2s_overflows=0 clock_corrections=228 clock_max_correction_us=1394 emit_marker_seen=0 emit_marker_dt_ms=0 uptime_ms=290479 samples_read=1843200 us_per_sample=44.68 dropped_dma_buffers=0 clock_rate_mhz=15999968
SEQ_TRIAL trial=41 result=miss stage=source reject_reason=missing_pipeline_result source_selection=none source_reason=none dt=-1ms contrast_class=unknown amp_class=unknown source_strength=0.0 verdict_confidence=0.00 dup=0 src_total=0 src_acc=0 src_rej=0 buffer_overrun=0 profile=TonalPulseFreq
SYSTEM_HEALTH loop_avg_us=196 update_loop_avg_us=164 trial=41 t_ms=289978 uptime_ms=290481 boot_count=1 reset_reason=POWERON_RESET window_start_ms=288178 window_end_ms=289978 window_elapsed_ms=1800 free_heap=178680 loop_stats_window_ms=1800 loop_stats_scope=trial_window loop_count=11691 loop_max_window_us=6232 loop_over_5ms=287 loop_over_20ms=0 loop_max_since_boot_us=115742 update_loop_count=11691 update_loop_max_us=6191 sample_work_max_us=9406 trial_finalize_max_us=6116 detector_observe_count=36736 detector_fresh_input_count=9184 detector_drain_count=9184 evaluator_drain_count=9184 detector_report_refresh_count=1 detector_report_mismatch_count=0 no_fresh_frequency_skip_count=27552 detector_occurrence_popped_count=0 detector_valid_occurrence_popped_count=0 evaluator_accept_attempt_count=0 evaluator_accept_success_count=0 evaluator_accept_reject_count=0 verdict_produced_count=0 verdict_event_pushed_count=0 verdict_event_dropped_count=0 evaluator_latest_reject_reason=none
AUDIO_IO_HEALTH processed_ratio=1.001 t_ms=289978 i2s_reads=691430 i2s_bytes_read=14745600 processed_samples=28816 expected_samples=28800 frames_emitted=1843200 partial_frames=0 duplicate_frames=0 gap_samples=0 overlap_samples=0 max_block_age_ms=12 max_processing_lag_ms=13
RAW_AUDIO_HEALTH verdict=ok

#42 ----------------
SEQ_HISTDBG trial=42 incomplete_total=0 new=0 out_of_order_total=3 i2s_backsteps=48 i2s_max_backstep_us=1382 i2s_overflows=0 clock_corrections=234 clock_max_correction_us=1394 emit_marker_seen=0 emit_marker_dt_ms=0 uptime_ms=293279 samples_read=1888000 us_per_sample=44.69 dropped_dma_buffers=0 clock_rate_mhz=15999968
SEQ_TRIAL trial=42 result=miss stage=source reject_reason=missing_pipeline_result source_selection=none source_reason=none dt=-1ms contrast_class=unknown amp_class=unknown source_strength=0.0 verdict_confidence=0.00 dup=0 src_total=0 src_acc=0 src_rej=0 buffer_overrun=0 profile=TonalPulseFreq
SYSTEM_HEALTH loop_avg_us=196 update_loop_avg_us=163 trial=42 t_ms=292778 uptime_ms=293281 boot_count=1 reset_reason=POWERON_RESET window_start_ms=290978 window_end_ms=292778 window_elapsed_ms=1800 free_heap=178680 loop_stats_window_ms=1800 loop_stats_scope=trial_window loop_count=11715 loop_max_window_us=6268 loop_over_5ms=287 loop_over_20ms=0 loop_max_since_boot_us=115742 update_loop_count=11715 update_loop_max_us=6228 sample_work_max_us=9406 trial_finalize_max_us=6116 detector_observe_count=36736 detector_fresh_input_count=9184 detector_drain_count=9184 evaluator_drain_count=9184 detector_report_refresh_count=1 detector_report_mismatch_count=0 no_fresh_frequency_skip_count=27552 detector_occurrence_popped_count=0 detector_valid_occurrence_popped_count=0 evaluator_accept_attempt_count=0 evaluator_accept_success_count=0 evaluator_accept_reject_count=0 verdict_produced_count=0 verdict_event_pushed_count=0 verdict_event_dropped_count=0 evaluator_latest_reject_reason=none
AUDIO_IO_HEALTH processed_ratio=1.001 t_ms=292778 i2s_reads=708124 i2s_bytes_read=15104000 processed_samples=28816 expected_samples=28800 frames_emitted=1888000 partial_frames=0 duplicate_frames=0 gap_samples=0 overlap_samples=0 max_block_age_ms=12 max_processing_lag_ms=13
RAW_AUDIO_HEALTH verdict=ok

#43 ----------------
SEQ_HISTDBG trial=43 incomplete_total=0 new=0 out_of_order_total=3 i2s_backsteps=50 i2s_max_backstep_us=1382 i2s_overflows=0 clock_corrections=239 clock_max_correction_us=1394 emit_marker_seen=0 emit_marker_dt_ms=0 uptime_ms=296079 samples_read=1932800 us_per_sample=44.70 dropped_dma_buffers=0 clock_rate_mhz=15999968
SEQ_TRIAL trial=43 result=miss stage=source reject_reason=missing_pipeline_result source_selection=none source_reason=none dt=-1ms contrast_class=unknown amp_class=unknown source_strength=0.0 verdict_confidence=0.00 dup=0 src_total=0 src_acc=0 src_rej=0 buffer_overrun=0 profile=TonalPulseFreq
SYSTEM_HEALTH loop_avg_us=196 update_loop_avg_us=164 trial=43 t_ms=295578 uptime_ms=296081 boot_count=1 reset_reason=POWERON_RESET window_start_ms=293778 window_end_ms=295578 window_elapsed_ms=1800 free_heap=178680 loop_stats_window_ms=1800 loop_stats_scope=trial_window loop_count=11710 loop_max_window_us=6257 loop_over_5ms=287 loop_over_20ms=0 loop_max_since_boot_us=115742 update_loop_count=11710 update_loop_max_us=6216 sample_work_max_us=9406 trial_finalize_max_us=6116 detector_observe_count=36736 detector_fresh_input_count=9184 detector_drain_count=9184 evaluator_drain_count=9184 detector_report_refresh_count=1 detector_report_mismatch_count=0 no_fresh_frequency_skip_count=27552 detector_occurrence_popped_count=0 detector_valid_occurrence_popped_count=0 evaluator_accept_attempt_count=0 evaluator_accept_success_count=0 evaluator_accept_reject_count=0 verdict_produced_count=0 verdict_event_pushed_count=0 verdict_event_dropped_count=0 evaluator_latest_reject_reason=none
AUDIO_IO_HEALTH processed_ratio=1.001 t_ms=295578 i2s_reads=724811 i2s_bytes_read=15462400 processed_samples=28816 expected_samples=28800 frames_emitted=1932800 partial_frames=0 duplicate_frames=0 gap_samples=0 overlap_samples=0 max_block_age_ms=12 max_processing_lag_ms=13
RAW_AUDIO_HEALTH verdict=ok

#44 ----------------
SEQ_HISTDBG trial=44 incomplete_total=0 new=0 out_of_order_total=3 i2s_backsteps=50 i2s_max_backstep_us=1382 i2s_overflows=0 clock_corrections=245 clock_max_correction_us=1394 emit_marker_seen=0 emit_marker_dt_ms=0 uptime_ms=298879 samples_read=1977600 us_per_sample=44.71 dropped_dma_buffers=0 clock_rate_mhz=15999936
SEQ_TRIAL trial=44 result=miss stage=source reject_reason=missing_pipeline_result source_selection=none source_reason=none dt=-1ms contrast_class=unknown amp_class=unknown source_strength=0.0 verdict_confidence=0.00 dup=0 src_total=0 src_acc=0 src_rej=0 buffer_overrun=0 profile=TonalPulseFreq
SYSTEM_HEALTH loop_avg_us=196 update_loop_avg_us=164 trial=44 t_ms=298378 uptime_ms=298881 boot_count=1 reset_reason=POWERON_RESET window_start_ms=296578 window_end_ms=298378 window_elapsed_ms=1800 free_heap=178680 loop_stats_window_ms=1800 loop_stats_scope=trial_window loop_count=11706 loop_max_window_us=6253 loop_over_5ms=287 loop_over_20ms=0 loop_max_since_boot_us=115742 update_loop_count=11706 update_loop_max_us=6212 sample_work_max_us=9406 trial_finalize_max_us=6116 detector_observe_count=36736 detector_fresh_input_count=9184 detector_drain_count=9184 evaluator_drain_count=9184 detector_report_refresh_count=1 detector_report_mismatch_count=0 no_fresh_frequency_skip_count=27552 detector_occurrence_popped_count=0 detector_valid_occurrence_popped_count=0 evaluator_accept_attempt_count=0 evaluator_accept_success_count=0 evaluator_accept_reject_count=0 verdict_produced_count=0 verdict_event_pushed_count=0 verdict_event_dropped_count=0 evaluator_latest_reject_reason=none
AUDIO_IO_HEALTH processed_ratio=1.001 t_ms=298378 i2s_reads=741496 i2s_bytes_read=15820800 processed_samples=28816 expected_samples=28800 frames_emitted=1977600 partial_frames=0 duplicate_frames=0 gap_samples=0 overlap_samples=0 max_block_age_ms=12 max_processing_lag_ms=13
RAW_AUDIO_HEALTH verdict=ok

#45 ----------------
SEQ_HISTDBG trial=45 incomplete_total=0 new=0 out_of_order_total=3 i2s_backsteps=52 i2s_max_backstep_us=1382 i2s_overflows=0 clock_corrections=250 clock_max_correction_us=1394 emit_marker_seen=0 emit_marker_dt_ms=0 uptime_ms=301679 samples_read=2022400 us_per_sample=44.72 dropped_dma_buffers=0 clock_rate_mhz=15999968
SEQ_TRIAL trial=45 result=miss stage=source reject_reason=missing_pipeline_result source_selection=none source_reason=none dt=-1ms contrast_class=unknown amp_class=unknown source_strength=0.0 verdict_confidence=0.00 dup=0 src_total=0 src_acc=0 src_rej=0 buffer_overrun=0 profile=TonalPulseFreq
SYSTEM_HEALTH loop_avg_us=196 update_loop_avg_us=163 trial=45 t_ms=301178 uptime_ms=301681 boot_count=1 reset_reason=POWERON_RESET window_start_ms=299378 window_end_ms=301178 window_elapsed_ms=1800 free_heap=178680 loop_stats_window_ms=1800 loop_stats_scope=trial_window loop_count=11715 loop_max_window_us=6260 loop_over_5ms=287 loop_over_20ms=0 loop_max_since_boot_us=115742 update_loop_count=11715 update_loop_max_us=6219 sample_work_max_us=9406 trial_finalize_max_us=6116 detector_observe_count=36736 detector_fresh_input_count=9184 detector_drain_count=9184 evaluator_drain_count=9184 detector_report_refresh_count=1 detector_report_mismatch_count=0 no_fresh_frequency_skip_count=27552 detector_occurrence_popped_count=0 detector_valid_occurrence_popped_count=0 evaluator_accept_attempt_count=0 evaluator_accept_success_count=0 evaluator_accept_reject_count=0 verdict_produced_count=0 verdict_event_pushed_count=0 verdict_event_dropped_count=0 evaluator_latest_reject_reason=none
AUDIO_IO_HEALTH processed_ratio=1.001 t_ms=301178 i2s_reads=758190 i2s_bytes_read=16179200 processed_samples=28816 expected_samples=28800 frames_emitted=2022400 partial_frames=0 duplicate_frames=0 gap_samples=0 overlap_samples=0 max_block_age_ms=12 max_processing_lag_ms=13
RAW_AUDIO_HEALTH verdict=ok

#46 ----------------
SEQ_HISTDBG trial=46 incomplete_total=0 new=0 out_of_order_total=3 i2s_backsteps=54 i2s_max_backstep_us=1382 i2s_overflows=0 clock_corrections=256 clock_max_correction_us=1394 emit_marker_seen=0 emit_marker_dt_ms=0 uptime_ms=304479 samples_read=2067200 us_per_sample=44.73 dropped_dma_buffers=0 clock_rate_mhz=15999984
SEQ_TRIAL trial=46 result=miss stage=source reject_reason=missing_pipeline_result source_selection=none source_reason=none dt=-1ms contrast_class=unknown amp_class=unknown source_strength=0.0 verdict_confidence=0.00 dup=0 src_total=0 src_acc=0 src_rej=0 buffer_overrun=0 profile=TonalPulseFreq
SYSTEM_HEALTH loop_avg_us=196 update_loop_avg_us=163 trial=46 t_ms=303978 uptime_ms=304481 boot_count=1 reset_reason=POWERON_RESET window_start_ms=302178 window_end_ms=303978 window_elapsed_ms=1800 free_heap=178680 loop_stats_window_ms=1800 loop_stats_scope=trial_window loop_count=11718 loop_max_window_us=6255 loop_over_5ms=287 loop_over_20ms=0 loop_max_since_boot_us=115742 update_loop_count=11718 update_loop_max_us=6214 sample_work_max_us=9406 trial_finalize_max_us=6116 detector_observe_count=36736 detector_fresh_input_count=9184 detector_drain_count=9184 evaluator_drain_count=9184 detector_report_refresh_count=1 detector_report_mismatch_count=0 no_fresh_frequency_skip_count=27552 detector_occurrence_popped_count=0 detector_valid_occurrence_popped_count=0 evaluator_accept_attempt_count=0 evaluator_accept_success_count=0 evaluator_accept_reject_count=0 verdict_produced_count=0 verdict_event_pushed_count=0 verdict_event_dropped_count=0 evaluator_latest_reject_reason=none
AUDIO_IO_HEALTH processed_ratio=1.001 t_ms=303978 i2s_reads=774886 i2s_bytes_read=16537600 processed_samples=28817 expected_samples=28800 frames_emitted=2067200 partial_frames=0 duplicate_frames=0 gap_samples=0 overlap_samples=0 max_block_age_ms=12 max_processing_lag_ms=13
RAW_AUDIO_HEALTH verdict=ok

#47 ----------------
SEQ_HISTDBG trial=47 incomplete_total=0 new=0 out_of_order_total=3 i2s_backsteps=55 i2s_max_backstep_us=1382 i2s_overflows=0 clock_corrections=261 clock_max_correction_us=1394 emit_marker_seen=0 emit_marker_dt_ms=0 uptime_ms=307279 samples_read=2112000 us_per_sample=44.74 dropped_dma_buffers=0 clock_rate_mhz=15999968
SEQ_TRIAL trial=47 result=miss stage=source reject_reason=missing_pipeline_result source_selection=none source_reason=none dt=-1ms contrast_class=unknown amp_class=unknown source_strength=0.0 verdict_confidence=0.00 dup=0 src_total=0 src_acc=0 src_rej=0 buffer_overrun=0 profile=TonalPulseFreq
SYSTEM_HEALTH loop_avg_us=196 update_loop_avg_us=163 trial=47 t_ms=306778 uptime_ms=307281 boot_count=1 reset_reason=POWERON_RESET window_start_ms=304978 window_end_ms=306778 window_elapsed_ms=1800 free_heap=178680 loop_stats_window_ms=1800 loop_stats_scope=trial_window loop_count=11719 loop_max_window_us=6222 loop_over_5ms=287 loop_over_20ms=0 loop_max_since_boot_us=115742 update_loop_count=11719 update_loop_max_us=6181 sample_work_max_us=9406 trial_finalize_max_us=6116 detector_observe_count=36736 detector_fresh_input_count=9184 detector_drain_count=9184 evaluator_drain_count=9184 detector_report_refresh_count=1 detector_report_mismatch_count=0 no_fresh_frequency_skip_count=27552 detector_occurrence_popped_count=0 detector_valid_occurrence_popped_count=0 evaluator_accept_attempt_count=0 evaluator_accept_success_count=0 evaluator_accept_reject_count=0 verdict_produced_count=0 verdict_event_pushed_count=0 verdict_event_dropped_count=0 evaluator_latest_reject_reason=none
AUDIO_IO_HEALTH processed_ratio=1.001 t_ms=306778 i2s_reads=791584 i2s_bytes_read=16896000 processed_samples=28816 expected_samples=28800 frames_emitted=2112000 partial_frames=0 duplicate_frames=0 gap_samples=0 overlap_samples=0 max_block_age_ms=12 max_processing_lag_ms=13
RAW_AUDIO_HEALTH verdict=ok

#48 ----------------
SEQ_HISTDBG trial=48 incomplete_total=0 new=0 out_of_order_total=3 i2s_backsteps=58 i2s_max_backstep_us=1382 i2s_overflows=0 clock_corrections=267 clock_max_correction_us=1394 emit_marker_seen=0 emit_marker_dt_ms=0 uptime_ms=310079 samples_read=2156800 us_per_sample=44.75 dropped_dma_buffers=0 clock_rate_mhz=15999968
SEQ_TRIAL trial=48 result=miss stage=source reject_reason=missing_pipeline_result source_selection=none source_reason=none dt=-1ms contrast_class=unknown amp_class=unknown source_strength=0.0 verdict_confidence=0.00 dup=0 src_total=0 src_acc=0 src_rej=0 buffer_overrun=0 profile=TonalPulseFreq
SYSTEM_HEALTH loop_avg_us=196 update_loop_avg_us=164 trial=48 t_ms=309578 uptime_ms=310081 boot_count=1 reset_reason=POWERON_RESET window_start_ms=307778 window_end_ms=309578 window_elapsed_ms=1800 free_heap=178680 loop_stats_window_ms=1800 loop_stats_scope=trial_window loop_count=11693 loop_max_window_us=6266 loop_over_5ms=287 loop_over_20ms=0 loop_max_since_boot_us=115742 update_loop_count=11693 update_loop_max_us=6225 sample_work_max_us=9406 trial_finalize_max_us=6116 detector_observe_count=36736 detector_fresh_input_count=9184 detector_drain_count=9184 evaluator_drain_count=9184 detector_report_refresh_count=1 detector_report_mismatch_count=0 no_fresh_frequency_skip_count=27552 detector_occurrence_popped_count=0 detector_valid_occurrence_popped_count=0 evaluator_accept_attempt_count=0 evaluator_accept_success_count=0 evaluator_accept_reject_count=0 verdict_produced_count=0 verdict_event_pushed_count=0 verdict_event_dropped_count=0 evaluator_latest_reject_reason=none
AUDIO_IO_HEALTH processed_ratio=1.001 t_ms=309578 i2s_reads=808255 i2s_bytes_read=17254400 processed_samples=28816 expected_samples=28800 frames_emitted=2156800 partial_frames=0 duplicate_frames=0 gap_samples=0 overlap_samples=0 max_block_age_ms=12 max_processing_lag_ms=13
RAW_AUDIO_HEALTH verdict=ok

#49 ----------------
SEQ_HISTDBG trial=49 incomplete_total=0 new=0 out_of_order_total=3 i2s_backsteps=59 i2s_max_backstep_us=1382 i2s_overflows=0 clock_corrections=273 clock_max_correction_us=1394 emit_marker_seen=0 emit_marker_dt_ms=0 uptime_ms=312879 samples_read=2201600 us_per_sample=44.76 dropped_dma_buffers=0 clock_rate_mhz=15999968
SEQ_TRIAL trial=49 result=miss stage=source reject_reason=missing_pipeline_result source_selection=none source_reason=none dt=-1ms contrast_class=unknown amp_class=unknown source_strength=0.0 verdict_confidence=0.00 dup=0 src_total=0 src_acc=0 src_rej=0 buffer_overrun=0 profile=TonalPulseFreq
SYSTEM_HEALTH loop_avg_us=196 update_loop_avg_us=163 trial=49 t_ms=312378 uptime_ms=312881 boot_count=1 reset_reason=POWERON_RESET window_start_ms=310578 window_end_ms=312378 window_elapsed_ms=1800 free_heap=178680 loop_stats_window_ms=1800 loop_stats_scope=trial_window loop_count=11717 loop_max_window_us=6247 loop_over_5ms=287 loop_over_20ms=0 loop_max_since_boot_us=115742 update_loop_count=11717 update_loop_max_us=6206 sample_work_max_us=9406 trial_finalize_max_us=6116 detector_observe_count=36736 detector_fresh_input_count=9184 detector_drain_count=9184 evaluator_drain_count=9184 detector_report_refresh_count=1 detector_report_mismatch_count=0 no_fresh_frequency_skip_count=27552 detector_occurrence_popped_count=0 detector_valid_occurrence_popped_count=0 evaluator_accept_attempt_count=0 evaluator_accept_success_count=0 evaluator_accept_reject_count=0 verdict_produced_count=0 verdict_event_pushed_count=0 verdict_event_dropped_count=0 evaluator_latest_reject_reason=none
AUDIO_IO_HEALTH processed_ratio=1.001 t_ms=312378 i2s_reads=824952 i2s_bytes_read=17612800 processed_samples=28816 expected_samples=28800 frames_emitted=2201600 partial_frames=0 duplicate_frames=0 gap_samples=0 overlap_samples=0 max_block_age_ms=12 max_processing_lag_ms=13
RAW_AUDIO_HEALTH verdict=ok

#50 ----------------
SEQ_HISTDBG trial=50 incomplete_total=0 new=0 out_of_order_total=3 i2s_backsteps=61 i2s_max_backstep_us=1382 i2s_overflows=0 clock_corrections=278 clock_max_correction_us=1394 emit_marker_seen=0 emit_marker_dt_ms=0 uptime_ms=315679 samples_read=2246400 us_per_sample=44.77 dropped_dma_buffers=0 clock_rate_mhz=15999984
SEQ_TRIAL trial=50 result=miss stage=source reject_reason=missing_pipeline_result source_selection=none source_reason=none dt=-1ms contrast_class=unknown amp_class=unknown source_strength=0.0 verdict_confidence=0.00 dup=0 src_total=0 src_acc=0 src_rej=0 buffer_overrun=0 profile=TonalPulseFreq
SYSTEM_HEALTH loop_avg_us=196 update_loop_avg_us=164 trial=50 t_ms=315178 uptime_ms=315681 boot_count=1 reset_reason=POWERON_RESET window_start_ms=313378 window_end_ms=315178 window_elapsed_ms=1800 free_heap=178680 loop_stats_window_ms=1800 loop_stats_scope=trial_window loop_count=11705 loop_max_window_us=6245 loop_over_5ms=287 loop_over_20ms=0 loop_max_since_boot_us=115742 update_loop_count=11705 update_loop_max_us=6204 sample_work_max_us=9406 trial_finalize_max_us=6116 detector_observe_count=36736 detector_fresh_input_count=9184 detector_drain_count=9184 evaluator_drain_count=9184 detector_report_refresh_count=1 detector_report_mismatch_count=0 no_fresh_frequency_skip_count=27552 detector_occurrence_popped_count=0 detector_valid_occurrence_popped_count=0 evaluator_accept_attempt_count=0 evaluator_accept_success_count=0 evaluator_accept_reject_count=0 verdict_produced_count=0 verdict_event_pushed_count=0 verdict_event_dropped_count=0 evaluator_latest_reject_reason=none
AUDIO_IO_HEALTH processed_ratio=1.001 t_ms=315178 i2s_reads=841635 i2s_bytes_read=17971200 processed_samples=28815 expected_samples=28800 frames_emitted=2246400 partial_frames=0 duplicate_frames=0 gap_samples=0 overlap_samples=0 max_block_age_ms=12 max_processing_lag_ms=13
RAW_AUDIO_HEALTH verdict=ok
SEQ_SUMMARY profile=TonalPulseFreq detector=frequency_match trials=50 completed=50 expected_trials=0 early_trials=0 late_trials=0 miss_trials=50 duplicate_trials=0 unexpected_trials=0 rejected_trials=0 buffer_overrun_trials=0 ambiguous_trials=0 too_dense_trials=0 detector_accepted_trials=0 detector_reject_trials=0 pattern_valid_trials=0 pattern_rejected_trials=0 avg_dt_ms=-1 avg_strength=0.0 avg_conf=0.00
