# run: RAW_i2s_3200_a010
# firmware: role=analyzer git=943ec31 version=0.4.0 board=damp
# started: 2026-10-09T19:08:00
RAW_INFO mode=i2s output=csv
RAW_INFO row_size=12
RAW_BEGIN id=1 sr=16000 trigger_ms=3576 command_ms=3563 emit_seen=1 emit_start_ms=3576 emit_done_ms=3673 f=3200 dur=100 pre_ms=0 post_ms=350 decim=1 pre_samples=0 post_samples=5600 mode=i2s output=csv fields=ms,pcm
ms,pcm
3578,-21245
3578,-21970
3578,-22043
3578,-22522
3578,-21274
3578,-21388
3578,-21730
3578,-21266
3578,-21661
3578,-21921
3578,-22647
3578,-23025
3578,-22644
3578,-22165
3578,-23129
3578,-22025
3578,-23149
3578,-23010
3578,-23480
3578,-22861
3578,-23424
3578,-22963
3578,-23255
3578,-23207
3578,-23073
3578,-23021
3578,-23066
3578,-23004
3578,-22362
3578,-24073
3578,-23111
3578,-22856
3578,-23383
3578,-23008
3578,-23974
3578,-23733
3578,-23330
3578,-24026
3578,-24513
3578,-24345
3578,-23254
3578,-23712
3578,-23291
3578,-23865
3578,-23798
3578,-23071
3578,-23803
3578,-23240
3578,-24796
3578,-23248
3578,-23862
3578,-23641
3578,-24211
3578,-23865
3578,-22707
3579,-22905
3579,-23232
3579,-23286
3579,-23358
3579,-22050
3579,-23084
3579,-21738
3579,-21850
3579,-22537
3579,-21266
3579,-21437
3579,-20325
3579,-20112
3579,-20112
3579,-19861
3579,-19727
3579,-19734
3579,-19876
3579,-19941
3579,-19005
3579,-19174
3579,-19174
3579,-18906
3579,-18741
3579,-17255
3579,-17882
3579,-18236
3579,-18142
3579,-18258
3579,-17174
3579,-18073
3579,-17651
3579,-18411
3579,-18006
3579,-16846
3579,-17265
3579,-16888
3579,-16678
3579,-16710
3579,-16669
3579,-16168
3579,-16475
3579,-15766
3579,-16252
3579,-16171
3579,-15657
3579,-15819
3579,-15437
3579,-15660
3579,-14957
3579,-15149
3579,-14863
3579,-14614
3579,-15148
3579,-14452
3579,-13769
3579,-14073
3579,-12706
3579,-13180
3579,-12752
3579,-12762
3579,-12208
3580,-12507
3580,-11452
3580,-12406
3580,-11654
3580,-10949
3580,-12101
3580,-11134
3580,-11316
3580,-10785
3580,-10506
3580,-10237
3584,-10506
3584,-10380
3584,-10076
3584,-10608
3584,-10516
3584,-10689
3584,-10056
3584,-9059
3584,-9688
3584,-8922
3584,-9382
3584,-9269
3584,-8503
3584,-8419
3584,-8483
3584,-8005
3584,-7781
3584,-7712
3584,-7198
3584,-7328
3584,-6699
3584,-6105
3584,-6138
3584,-5899
3584,-5645
3584,-5547
3585,-4739
3585,-4460
3585,-4409
3585,-4439
3585,-4338
3585,-3920
3585,-3103
3585,-2867
3585,-2607
3585,-1634
3585,-2004
3585,-1622
3585,-1572
3585,-1038
3585,-739
3585,-80
3585,485
3585,-231
3585,1132
3585,1158
3585,964
3585,978
3585,2108
3585,1569
3585,1516
3585,2584
3585,2959
3585,2435
3585,3400
3585,3670
3585,4071
3585,4711
3585,4050
3585,5302
3585,4601
3585,5690
3585,5063
3585,5035
3585,5203
3585,5290
3585,6022
3585,6461
3585,7182
3585,7320
3585,7739
3585,7610
3585,8197
3585,8607
3585,9104
3585,8616
3585,9169
3585,9589
3585,10505
3585,10309
3585,9858
3585,9803
3585,10884
3585,10457
3585,11286
3585,10912
3585,11654
3585,11438
3585,11458
3586,12030
3586,12525
3586,11446
3586,12291
3586,11608
3586,12420
3586,11901
3586,12842
3586,12027
3586,12104
3586,12361
3586,13138
3586,13699
3586,13689
3586,13914
3586,13693
3586,15133
3586,14638
3586,14157
3586,14967
3586,14966
3586,14944
3586,15620
3586,14318
3586,15743
3586,15717
3586,15518
3586,15095
3586,15874
3586,15644
3586,15657
3586,15546
3586,15912
3586,16191
3586,16666
3586,16558
3586,15758
3586,16283
3586,16924
3592,17323
3592,16828
3592,16248
3592,17010
3592,16774
3592,16794
3592,17006
3592,16651
3592,16315
3592,16825
3592,17313
3592,15721
3592,16963
3592,16769
3592,16486
3592,16171
3592,16400
3592,16308
3592,17221
3592,16781
3592,16930
3592,17556
3592,16760
3592,16562
3592,17146
3592,16668
3593,16633
3593,16716
3593,16591
3593,16874
3593,16545
3593,15803
3593,15869
3593,16173
3593,15512
3593,15589
3593,14845
3593,14218
3593,14499
3593,14264
3593,14159
3593,13449
3593,14103
3593,13576
3593,13473
3593,12437
3593,12747
3593,12812
3593,13047
3593,12185
3593,12022
3593,11750
3593,11689
3593,11561
3593,11446
3593,11441
3593,10857
3593,9776
3593,10411
3593,10345
3593,9716
3593,9426
3593,9047
3593,8875
3593,8727
3593,8708
3593,8135
3593,8421
3593,7004
3593,7938
3593,7322
3593,6454
3593,5607
3593,6578
3593,6132
3593,5435
3593,5845
3593,5491
3593,4995
3593,4829
3593,5432
3593,4507
3593,3602
3593,3304
3593,3710
3593,4502
3593,3412
3593,3672
3593,3416
3594,3395
3594,3131
3594,1662
3594,1376
3594,1898
3594,964
3594,449
3594,809
3594,511
3594,378
3594,943
3594,1095
3594,406
3594,-605
3594,-147
3594,-493
3594,-421
3594,-180
3594,-589
3594,71
3594,-548
3594,-744
3594,-1837
3594,-2369
3594,-2068
3594,-2500
3594,-1838
3594,-2862
3594,-2631
3594,-2676
3594,-2608
3594,-2903
3594,-3295
3594,-3505
3594,-3372
3594,-4775
3594,-3754
3594,-4262
3594,-5485
3600,-4446
3600,-4317
3600,-4783
3600,-5375
3600,-5837
3600,-5994
3600,-6514
3600,-6651
3600,-6832
3600,-6856
3600,-6814
3600,-7573
3600,-7275
3600,-7321
3600,-7370
3600,-8164
3600,-7619
3600,-8031
3600,-8591
3600,-8935
3600,-8683
3600,-8151
3600,-8834
3600,-9122
3600,-8765
3600,-8094
3601,-9147
3601,-9226
3601,-9064
3601,-9636
3601,-9195
3601,-9676
3601,-9149
3601,-9189
3601,-9267
3601,-9664
3601,-9675
3601,-9751
3601,-9717
3601,-9227
3601,-9674
3601,-8600
3601,-9694
3601,-8995
3601,-10091
3601,-9636
3601,-9515
3601,-9328
3601,-10054
3601,-10960
3601,-10571
3601,-11079
3601,-11206
3601,-12125
3601,-11806
3601,-12051
3601,-12450
3601,-12699
3601,-12670
3601,-11448
3601,-13593
3601,-12552
3601,-13314
3601,-12950
3601,-13405
3601,-13634
3601,-13828
3601,-13817
3601,-14218
3601,-13666
3601,-13703
3601,-13345
3601,-13222
3601,-13850
3601,-13874
3601,-14371
3601,-14813
3601,-13579
3601,-13958
3601,-14179
3601,-14365
3601,-14353
3601,-14049
3601,-14136
3601,-14388
3601,-13538
3601,-13532
3601,-14182
3601,-14830
3602,-14304
3602,-14754
3602,-14727
3602,-14847
3602,-14236
3602,-14783
3602,-14147
3602,-14950
3602,-15641
3602,-15379
3602,-15149
3602,-14898
3602,-15377
3602,-15821
3602,-16200
3602,-15761
3602,-15443
3602,-16054
3602,-15604
3602,-15760
3602,-15924
3602,-16685
3602,-15910
3602,-16169
3602,-15731
3602,-16078
3602,-16186
3602,-16018
3602,-16144
3602,-15983
3602,-16112
3602,-17529
3602,-15965
3602,-17449
3602,-16715
3602,-16366
3602,-17139
3602,-16733
3602,-17284
3608,-15870
3608,-17155
3608,-16575
3608,-16948
3608,-17608
3608,-16267
3608,-16280
3608,-16315
3608,-16408
3608,-15402
3608,-15884
3608,-16563
3608,-16634
3608,-16883
3608,-16855
3608,-16390
3608,-16792
3608,-17986
3608,-16167
3608,-16901
3608,-16208
3608,-16602
3608,-16707
3608,-16784
3608,-16648
3608,-16152
3609,-15768
3609,-16697
3609,-15761
3609,-15905
3609,-15826
3609,-15676
3609,-15415
3609,-15432
3609,-14801
3609,-15465
3609,-15520
3609,-15112
3609,-15577
3609,-15386
3609,-14924
3609,-13975
3609,-14274
3609,-14444
3609,-15441
3609,-13701
3609,-12696
3609,-12466
3609,-13260
3609,-15201
3609,-13061
3609,-11350
3609,-11128
3609,-13027
3609,-14924
3609,-12915
3609,-10210
3609,-9620
3609,-12217
3609,-15202
3609,-12030
3609,-8428
3609,-7410
3609,-11221
3609,-14177
3609,-10519
3609,-6129
3609,-6113
3609,-11203
3609,-13946
3609,-9701
3609,-4209
3609,-4833
3609,-10555
3609,-13183
3609,-9035
3609,-2319
3609,-2065
3609,-9468
3609,-13923
3609,-7686
3609,-734
3609,-591
3609,-8721
3609,-13549
3609,-7724
3609,1852
3609,1539
3609,-8228
3610,-14238
3610,-6966
3610,3118
3610,3020
3610,-7844
3610,-13999
3610,-6851
3610,5258
3610,4543
3610,-7921
3610,-14574
3610,-6108
3610,6593
3610,6187
3610,-8107
3610,-15083
3610,-6194
3610,7918
3610,6612
3610,-8757
3610,-17054
3610,-6376
3610,10023
3610,9005
3610,-7602
3610,-16919
3610,-4871
3610,12299
3610,10667
3610,-7665
3610,-17348
3610,-4465
3610,13993
3610,11791
3610,-7272
3610,-17356
3610,-4295
3610,14847
3610,12030
3616,-6570
3616,-17183
3616,-3837
3616,15260
3616,14065
3616,-6375
3616,-16437
3616,-2914
3616,16388
3616,13619
3616,-6559
3616,-17831
3616,-4079
3616,16585
3616,15528
3616,-5103
3616,-18526
3616,-4396
3616,16780
3616,16318
3616,-5449
3616,-17673
3616,-4151
3616,17641
3616,17306
3616,-4704
3617,-17982
3617,-3731
3617,18317
3617,17677
3617,-3994
3617,-17779
3617,-3530
3617,19296
3617,18454
3617,-2823
3617,-17193
3617,-2179
3617,20061
3617,19179
3617,-2415
3617,-16411
3617,-2039
3617,20875
3617,21146
3617,-2268
3617,-15521
3617,-1635
3617,21772
3617,22940
3617,-256
3617,-13620
3617,771
3617,24054
3617,23806
3617,1558
3617,-12242
3617,2435
3617,24811
3617,24808
3617,2537
3617,-10584
3617,3221
3617,26356
3617,26416
3617,4949
3617,-9048
3617,3780
3617,27259
3617,28884
3617,6877
3617,-8818
3617,4380
3617,28057
3617,29134
3617,6646
3617,-7780
3617,6408
3617,29501
3617,30846
3617,9038
3617,-6680
3617,8065
3617,31256
3617,32107
3617,9893
3617,-5433
3617,8987
3617,32390
3618,33709
3618,11275
3618,-4420
3618,10418
3618,33353
3618,35346
3618,12257
3618,-3417
3618,11428
3618,33714
3618,35446
3618,11764
3618,-3389
3618,11074
3618,33777
3618,34791
3618,12282
3618,-2564
3618,12211
3618,34123
3618,36012
3618,12991
3618,-999
3618,11942
3618,34306
3618,36767
3618,14332
3618,-805
3618,13164
3618,35895
3618,37575
3618,16091
3618,1243
3618,14766
3618,37383
3618,37544
3618,16318
3618,2538
3618,15567
3624,37434
3624,39240
3624,18741
3624,4536
3624,16680
3624,37985
3624,42057
3624,19757
3624,4864
3624,16705
3624,39265
3624,42144
3624,20476
3624,6429
3624,17487
3624,41721
3624,43812
3624,22554
3624,7112
3624,19110
3624,42497
3624,44439
3624,23687
3624,8719
3624,19366
3624,41161
3625,44750
3625,25312
3625,10090
3625,20393
3625,43336
3625,46610
3625,26540
3625,10287
3625,20479
3625,44039
3625,47476
3625,27269
3625,11687
3625,21456
3625,45271
3625,49038
3625,29165
3625,12336
3625,22511
3625,45695
3625,50153
3625,29987
3625,13615
3625,22774
3625,47977
3625,51834
3625,31190
3625,13716
3625,23865
3625,47477
3625,51814
3625,31914
3625,14197
3625,24212
3625,48010
3625,53339
3625,32516
3625,15174
3625,24715
3625,48953
3625,52918
3625,32605
3625,15421
3625,24855
3625,50203
3625,53942
3625,33369
3625,16006
3625,25687
3625,50018
3625,54463
3625,33263
3625,15854
3625,25608
3625,50591
3625,54699
3625,33656
3625,15870
3625,25707
3625,50484
3625,55308
3625,32861
3625,15233
3626,26692
3626,51133
3626,55959
3626,33426
3626,16549
3626,26531
3626,51702
3626,55654
3626,32978
3626,16593
3626,28340
3626,52672
3626,57454
3626,35147
3626,17016
3626,29008
3626,54428
3626,58345
3626,35530
3626,18713
3626,29570
3626,56003
3626,59218
3626,36467
3626,19646
3626,32266
3626,56673
3626,60646
3626,39084
3626,20875
3626,33560
3626,57330
3626,61326
3626,38697
3626,22107
3626,33461
3626,58999
3626,62886
3626,39676
3632,22781
3632,34287
3632,59234
3632,63192
3632,41541
3632,23213
3632,34714
3632,60583
3632,64990
3632,42927
3632,24125
3632,36266
3632,61720
3632,65789
3632,43383
3632,26489
3632,37259
3632,63121
3632,66359
3632,44707
3632,25731
3632,36876
3632,62636
3632,66403
3632,44648
3632,27052
3633,38176
3633,62041
3633,68203
3633,45788
3633,26535
3633,37740
3633,62088
3633,68126
3633,45579
3633,26810
3633,37482
3633,63057
3633,68539
3633,46212
3633,27640
3633,37699
3633,62406
3633,68156
3633,47135
3633,27969
3633,37177
3633,62421
3633,69250
3633,48001
3633,27355
3633,35689
3633,62110
3633,69476
3633,47451
3633,27552
3633,38123
3633,63614
3633,71168
3633,48792
3633,28739
3633,37096
3633,63110
3633,70432
3633,49909
3633,28579
3633,36299
3633,63115
3633,71658
3633,49635
3633,28263
3633,36222
3633,62030
3633,71547
3633,49488
3633,28511
3633,37756
3633,62490
3633,70800
3633,49877
3633,28155
3633,36850
3633,62728
3633,70553
3633,49134
3633,27836
3633,35729
3633,62989
3633,70711
3634,49374
3634,27752
3634,35781
3634,62397
3634,69964
3634,48561
3634,27439
3634,36127
3634,63337
3634,69997
3634,49688
3634,28936
3634,35799
3634,62564
3634,70823
3634,49729
3634,28004
3634,35344
3634,61390
3634,70623
3634,47558
3634,26684
3634,35202
3634,60929
3634,68787
3634,47121
3634,26160
3634,34367
3634,60461
3634,68507
3634,46428
3634,24955
3634,33248
3634,60133
3634,68279
3634,46824
3634,25407
3634,33482
3634,59701
3640,67389
3640,44910
3640,24037
3640,32803
3640,59581
3640,66380
3640,45622
3640,24531
3640,33014
3640,59370
3640,66249
3640,44221
3640,22524
3640,32514
3640,57826
3640,65047
3640,42134
3640,21600
3640,30589
3640,57314
3640,64422
3640,41107
3640,20855
3640,29298
3640,56389
3640,63585
3641,40279
3641,20217
3641,29917
3641,55924
3641,61591
3641,39907
3641,17443
3641,28149
3641,54812
3641,62275
3641,39690
3641,17937
3641,27253
3641,54132
3641,60652
3641,38479
3641,17771
3641,26971
3641,53595
3641,60641
3641,38619
3641,17602
3641,25867
3641,53070
3641,59794
3641,37183
3641,16083
3641,25558
3641,52680
3641,59364
3641,36712
3641,15636
3641,24751
3641,52171
3641,59140
3641,36226
3641,14114
3641,24034
3641,51066
3641,57549
3641,34194
3641,13651
3641,24464
3641,50965
3641,56262
3641,34117
3641,13566
3641,23313
3641,49902
3641,55789
3641,32830
3641,11529
3641,22747
3641,49786
3641,55053
3641,30893
3641,10189
3641,21248
3641,48855
3641,53672
3641,29652
3641,10060
3641,21386
3642,48175
3642,52458
3642,28720
3642,9547
3642,19598
3642,46490
3642,51224
3642,26785
3642,7133
3642,18491
3642,44416
3642,48656
3642,24757
3642,6401
3642,16362
3642,42270
3642,47154
3642,23959
3642,4486
3642,14643
3642,40703
3642,44329
3642,21997
3642,2404
3642,13618
3642,39285
3642,42618
3642,19570
3642,-337
3642,11742
3642,37961
3642,41279
3642,17765
3642,-1846
3642,10587
3642,36752
3642,41272
3642,15533
3642,-2693
3648,8394
3648,34122
3648,37978
3648,12798
3648,-4888
3648,7393
3648,32611
3648,35538
3648,11633
3648,-7833
3648,5033
3648,29737
3648,33262
3648,9328
3648,-9251
3648,1948
3648,27986
3648,30832
3648,6400
3648,-10251
3648,1512
3648,27870
3648,30590
3648,4687
3648,-12591
3648,507
3649,25135
3649,27551
3649,4605
3649,-13268
3649,-1034
3649,24822
3649,27002
3649,4552
3649,-15021
3649,-2353
3649,22559
3649,26097
3649,3360
3649,-14922
3649,-3318
3649,22676
3649,24778
3649,1497
3649,-16280
3649,-3151
3649,21896
3649,24338
3649,237
3649,-16845
3649,-5126
3649,21073
3649,22920
3649,-1136
3649,-17962
3649,-5425
3649,19797
3649,22254
3649,-41
3649,-18233
3649,-4583
3649,20362
3649,22098
3649,-789
3649,-17942
3649,-4729
3649,18702
3649,21102
3649,-491
3649,-16537
3649,-5299
3649,19290
3649,21114
3649,-311
3649,-16019
3649,-5057
3649,19471
3649,21935
3649,-175
3649,-16443
3649,-5365
3649,18653
3649,21016
3649,72
3649,-16198
3649,-5112
3649,18452
3649,21342
3649,123
3650,-15788
3650,-5801
3650,19397
3650,21886
3650,950
3650,-15590
3650,-4692
3650,18594
3650,21722
3650,694
3650,-16549
3650,-5107
3650,18587
3650,22266
3650,1080
3650,-15542
3650,-4441
3650,17940
3650,21216
3650,767
3650,-15204
3650,-3563
3650,19983
3650,23065
3650,1914
3650,-15040
3650,-4502
3650,19842
3650,23065
3650,2393
3650,-14662
3650,-4171
3650,20624
3650,23188
3650,2315
3650,-14682
3650,-2268
3650,20587
3650,24135
3656,2458
3656,-14140
3656,-2875
3656,20894
3656,24385
3656,2507
3656,-13618
3656,-2522
3656,22143
3656,25440
3656,3305
3656,-13198
3656,-1394
3656,22853
3656,24952
3656,4563
3656,-11930
3656,-187
3656,22939
3656,26405
3656,4796
3656,-11791
3656,-290
3656,23922
3656,26956
3656,5769
3657,-11355
3657,407
3657,24425
3657,27331
3657,7892
3657,-9546
3657,1633
3657,25364
3657,28551
3657,7531
3657,-9021
3657,2493
3657,26068
3657,28979
3657,8485
3657,-8255
3657,2234
3657,25485
3657,30474
3657,10452
3657,-6788
3657,4374
3657,26686
3657,31153
3657,12411
3657,-4460
3657,6023
3657,28458
3657,32878
3657,13560
3657,-3887
3657,7020
3657,28784
3657,34847
3657,15785
3657,-1379
3657,8646
3657,29366
3657,34862
3657,16511
3657,-68
3657,8868
3657,30228
3657,35411
3657,17075
3657,915
3657,9542
3657,30767
3657,37307
3657,18887
3657,1276
3657,9971
3657,31332
3657,37776
3657,18244
3657,2323
3657,10931
3657,31791
3657,38248
3657,19774
3657,2660
3657,10439
3657,32116
3658,39583
3658,20162
3658,2811
3658,11228
3658,33764
3658,39594
3658,20795
3658,3054
3658,11109
3658,33436
3658,41122
3658,21528
3658,4371
3658,12130
3658,34616
3658,41390
3658,21635
3658,4465
3658,12603
3658,35685
3658,41518
3658,21647
3658,5263
3658,14009
3658,35988
3658,41235
3658,23125
3658,5943
3658,14115
3658,36845
3658,42840
3658,24312
3658,6546
3658,15227
3658,38055
3658,42858
3658,24803
3658,7343
3658,16065
3664,38908
3664,43807
3664,25541
3664,8215
3664,17615
3664,39774
3664,45070
3664,26299
3664,8490
3664,17393
3664,39897
3664,44758
3664,26807
3664,9113
3664,17813
3664,40494
3664,45598
3664,26944
3664,9550
3664,17639
3664,40592
3664,45464
3664,27078
3664,9691
3664,17252
3664,40201
3665,45666
3665,26592
3665,10371
3665,18186
3665,40325
3665,46244
3665,25754
3665,9443
3665,17364
3665,38801
3665,45180
3665,26702
3665,9829
3665,17530
3665,39046
3665,44815
3665,26311
3665,9616
3665,17129
3665,39318
3665,44735
3665,26331
3665,9908
3665,17174
3665,39301
3665,44740
3665,27023
3665,9769
3665,17254
3665,39368
3665,44832
3665,27465
3665,10033
3665,17182
3665,38987
3665,44848
3665,28084
3665,9884
3665,16961
3665,39891
3665,45410
3665,27160
3665,9726
3665,17791
3665,40737
3665,45379
3665,27512
3665,8980
3665,17231
3665,39220
3665,45145
3665,27840
3665,9960
3665,16388
3665,38637
3665,44817
3665,27855
3665,10472
3665,18047
3665,39332
3665,45135
3665,27157
3665,10334
3666,17061
3666,39764
3666,45681
3666,27650
3666,10938
3666,18459
3666,40272
3666,46268
3666,27751
3666,11122
3666,18408
3666,40795
3666,46366
3666,29170
3666,11003
3666,18152
3666,40064
3666,46924
3666,28968
3666,10985
3666,18994
3666,41957
3666,48372
3666,29174
3666,12169
3666,19417
3666,42471
3666,48992
3666,29493
3666,12841
3666,19669
3666,43165
3666,49467
3666,30687
3666,13229
3666,20180
3666,43313
3666,49143
3666,30757
3672,13543
3672,20490
3672,44192
3672,50446
3672,31695
3672,14020
3672,21836
3672,44761
3672,49979
3672,31093
3672,14274
3672,21670
3672,43704
3672,50365
3672,31549
3672,13977
3672,22099
3672,44634
3672,50779
3672,31222
3672,14286
3672,21833
3672,43998
3672,50695
3672,31199
3672,13687
3673,22239
3673,45188
3673,50942
3673,31829
3673,14219
3673,21579
3673,45498
3674,51097
3674,31222
3674,14229
3674,24235
3674,46884
3674,52770
3674,33164
3675,15513
3675,24257
3675,49405
3675,54547
3675,34520
3675,16100
3675,26661
3675,50665
3675,56662
3675,36095
3675,19065
3675,27206
3675,52322
3675,57498
3675,36603
3675,18431
3675,29251
3675,53360
3675,58784
3675,36884
3675,19533
3675,30958
3675,54325
3675,59090
3675,37900
3675,20865
3675,31011
3675,56109
3675,60517
3675,39058
3675,21184
3675,32222
3675,55523
3675,61835
3675,39740
3675,21280
3675,32564
3675,58556
3675,61938
3675,40066
3675,22989
3675,33534
3675,58685
3675,62244
3675,40328
3675,22577
3675,34214
3675,60165
3675,64333
3675,41741
3675,24152
3675,34996
3675,60029
3675,64659
3675,42248
3675,24447
3675,35799
3675,61774
3675,64515
3675,41565
3675,24188
3675,36500
3675,60270
3676,64625
3676,42402
3676,24982
3676,36786
3676,60313
3676,63964
3676,43320
3676,24768
3676,36992
3676,61334
3676,64214
3676,42790
3676,24449
3676,35783
3676,59899
3676,63211
3676,41339
3676,23271
3676,35847
3676,59433
3676,63457
3676,41292
3676,22297
3676,35535
3676,59085
3680,63270
3680,40668
3680,23073
3680,35551
3680,58556
3680,62307
3680,40798
3680,23091
3680,34399
3680,58505
3680,62438
3680,40164
3680,22112
3680,34017
3680,58403
3680,61191
3680,39133
3680,22193
3680,33044
3680,57479
3680,60284
3680,38750
3680,21410
3680,32305
3680,56980
3680,59804
3681,38827
3681,21346
3681,33124
3681,57392
3681,60209
3681,39028
3681,21495
3681,32179
3681,56591
3681,59791
3681,37902
3681,20833
3681,31424
3681,57127
3681,59442
3681,37393
3681,19553
3681,31379
3681,55289
3681,58916
3681,36257
3681,19265
3681,30401
3681,55131
3681,58409
3681,36482
3681,18586
3681,30016
3681,55044
3681,57428
3681,35118
3681,17421
3681,29363
3681,54301
3681,57363
3681,34920
3681,17253
3681,29071
3681,52408
3681,55936
3681,33522
3681,15184
3681,27403
3681,52272
3681,55615
3681,32940
3681,14494
3681,26626
3681,51625
3681,54689
3681,31919
3681,14178
3681,25619
3681,50680
3681,54384
3681,31186
3681,13099
3681,25250
3681,49539
3681,52954
3681,30068
3681,12470
3681,24702
3682,49322
3682,51438
3682,29031
3682,11961
3682,22870
3682,48653
3682,51442
3682,27735
3682,10707
3682,21525
3682,46458
3682,50042
3682,26921
3682,8540
3682,20670
3682,46605
3682,47553
3682,24679
3682,7377
3682,18534
3682,43732
3682,47283
3682,23198
3682,5288
3682,17527
3682,42317
3682,45195
3682,22009
3682,4421
3682,16883
3682,41680
3682,44866
3682,21982
3682,4404
3682,15260
3682,41280
3682,43968
3682,20614
3682,2892
3688,14202
3688,39988
3688,42388
3688,20205
3688,2176
3688,13400
3688,38997
3688,41917
3688,18590
3688,463
3688,12437
3688,38531
3688,40823
3688,18096
3688,-284
3688,11199
3688,36331
3688,39884
3688,16524
3688,-2441
3688,10716
3688,35773
3688,38427
3688,14420
3688,-3226
3688,9588
3689,34232
3689,38068
3689,15048
3689,-3340
3689,8562
3689,33445
3689,36013
3689,12905
3689,-5189
3689,7253
3689,32510
3689,35940
3689,12035
3689,-6428
3689,5976
3689,30407
3689,34235
3689,10512
3689,-7268
3689,4955
3689,29594
3689,33279
3689,9578
3689,-9676
3689,2733
3689,27757
3689,32360
3689,8350
3689,-9698
3689,1953
3689,26325
3689,31459
3689,6858
3689,-11620
3689,511
3689,25348
3689,29608
3689,6748
3689,-12881
3689,-2063
3689,23670
3689,28125
3689,4361
3689,-14306
3689,-3607
3689,21690
3689,25486
3689,2631
3689,-16408
3689,-5277
3689,21602
3689,26214
3689,1880
3689,-17685
3689,-5389
3689,19993
3689,23515
3689,914
3689,-18447
3689,-6554
3689,18736
3689,22648
3689,394
3690,-19582
3690,-7590
3690,17254
3690,21319
3690,-1032
3690,-20349
3690,-9609
3690,16778
3690,20707
3690,-2506
3690,-21743
3690,-10252
3690,15354
3690,19651
3690,-3021
3690,-23726
3690,-11631
3690,14615
3690,19415
3690,-4511
3690,-23000
3690,-12672
3690,12534
3690,17414
3690,-5316
3690,-24862
3690,-13262
3690,12624
3690,17352
3690,-5723
3690,-25099
3690,-14177
3690,11850
3690,16556
3690,-6729
3690,-25480
3690,-15055
3690,12143
3690,15797
3696,-7008
3696,-26310
3696,-15249
3696,10704
3696,14803
3696,-7637
3696,-27317
3696,-16524
3696,9348
3696,14113
3696,-9381
3696,-28200
3696,-16408
3696,8718
3696,14057
3696,-9081
3696,-29066
3696,-17599
3696,8177
3696,12776
3696,-10033
3696,-29578
3696,-18762
3696,7748
3696,11279
3696,-10563
3697,-30536
3697,-19353
3697,7164
3697,11208
3697,-11397
3697,-31487
3697,-19973
3697,5273
3697,10766
3697,-12475
3697,-32721
3697,-22200
3697,4656
3697,9530
3697,-13934
3697,-33448
3697,-21887
3697,4061
3697,9425
3697,-14111
3697,-33600
3697,-22454
3697,4567
3697,8088
3697,-15012
3697,-34274
3697,-23399
3697,3185
3697,8066
3697,-15489
3697,-34021
3697,-23291
3697,2576
3697,7687
3697,-15890
3697,-35114
3697,-23708
3697,2531
3697,7963
3697,-15249
3697,-35257
3697,-23391
3697,2417
3697,7914
3697,-14645
3697,-34728
3697,-23132
3697,2876
3697,8328
3697,-14292
3697,-35170
3697,-24253
3697,2811
3697,7672
3697,-16158
3697,-35823
3697,-24251
3697,2184
3697,6946
3697,-17046
3697,-36744
3697,-24955
3697,2198
3698,7217
3698,-17790
3698,-37075
3698,-23698
3698,3140
3698,8136
3698,-16688
3698,-36218
3698,-24465
3698,2706
3698,6883
3698,-16575
3698,-35750
3698,-23086
3698,2796
3698,7270
3698,-16102
3698,-36688
3698,-24257
3698,3265
3698,7841
3698,-16652
3698,-36006
3698,-23826
3698,3419
3698,6271
3698,-17446
3698,-36203
3698,-24078
3698,2705
3698,6539
3698,-17744
3698,-36485
3698,-24473
3698,3428
3698,6626
3698,-18550
3698,-37333
3698,-24955
3704,1806
3704,5276
3704,-18629
3704,-38089
3704,-25650
3704,1156
3704,4769
3704,-19203
3704,-38220
3704,-25252
3704,768
3704,4231
3704,-20143
3704,-39068
3704,-26154
3704,385
3704,4272
3704,-20518
3704,-38580
3704,-26138
3704,652
3704,4012
3704,-20371
3704,-38464
3704,-26433
3704,925
3705,4888
3705,-20377
3705,-38878
3705,-26243
3705,821
3705,4681
3705,-19973
3705,-38744
3705,-25927
3705,719
3705,4384
3705,-19240
3705,-38861
3705,-26259
3705,924
3705,4350
3705,-19376
3705,-37212
3705,-25036
3705,1230
3705,4878
3705,-18235
3705,-35138
3705,-23989
3705,507
3705,5717
3705,-15809
3705,-34424
3705,-23705
3705,882
3705,6663
3705,-14193
3705,-32716
3705,-23252
3705,1493
3705,6359
3705,-12866
3705,-31034
3705,-21783
3705,1676
3705,7452
3705,-11817
3705,-28024
3705,-20473
3705,2102
3705,8336
3705,-9802
3705,-26331
3705,-20038
3705,1039
3705,6706
3705,-8242
3705,-24580
3705,-19602
3705,681
3705,7833
3705,-7833
3705,-24381
3705,-19076
3705,322
3705,6805
3705,-6550
3705,-22501
3706,-18299
3706,-573
3706,6397
3706,-6126
3706,-20182
3706,-16678
3706,-1626
3706,5431
3706,-4746
3706,-17626
3706,-16044
3706,-1685
3706,4412
3706,-3901
3706,-17285
3706,-16074
3706,-2319
3706,4766
3706,-3380
3706,-16295
3706,-16543
3706,-3040
3706,3902
3706,-2846
3706,-14018
3706,-14514
3706,-3428
3706,3568
3706,-2059
3706,-12230
3706,-13134
3706,-4085
3706,4220
3706,-1172
3706,-11057
3706,-12851
3706,-2676
3706,4443
3706,-85
3712,-10345
3712,-12088
3712,-3865
3712,3626
3712,273
3712,-8709
3712,-11569
3712,-3933
3712,4099
3712,-352
3712,-8937
3712,-12009
3712,-3138
3712,3664
3712,271
3712,-7450
3712,-9913
3712,-2434
3712,4894
3712,1190
3712,-7089
3712,-8607
3712,-2609
3712,4718
3712,1673
3712,-5398
3713,-8427
3713,-2187
3713,5091
3713,1621
3713,-4592
3713,-6832
3713,-400
3713,5719
3713,2342
3713,-4625
3713,-7141
3713,-14
3713,5815
3713,2653
3713,-4247
3713,-6382
3713,-585
3713,4533
3713,3018
3713,-4662
3713,-5568
3713,251
3713,5365
3713,2703
3713,-4451
3713,-6006
3713,197
3713,6536
3713,2589
3713,-4521
3713,-5453
3713,170
3713,5928
3713,1661
3713,-4443
3713,-5054
3713,223
3713,4818
3713,1440
3713,-4859
3713,-5168
3713,500
3713,3899
3713,501
3713,-5715
3713,-6291
3713,-704
3713,2753
3713,-150
3713,-5220
3713,-5945
3713,-783
3713,2699
3713,-1055
3713,-6810
3713,-7017
3713,-1645
3713,2521
3713,-1239
3713,-6914
3713,-7896
3713,-2249
3713,1227
3714,-2173
3714,-7671
3714,-8039
3714,-2370
3714,1166
3714,-2925
3714,-8063
3714,-9089
3714,-2869
3714,227
3714,-3726
3714,-9216
3714,-9285
3714,-3157
3714,-294
3714,-4743
3714,-10121
3714,-10758
3714,-4857
3714,-1474
3714,-6315
3714,-11630
3714,-11842
3714,-5855
3714,-2690
3714,-7227
3714,-11738
3714,-11107
3714,-5372
3714,-2829
3714,-7753
3714,-13455
3714,-11949
3714,-5742
3714,-4235
3714,-7890
3714,-13774
3714,-12665
3714,-6213
3720,-4750
3720,-8611
3720,-13362
3720,-11886
3720,-5908
3720,-4652
3720,-9047
3720,-15249
3720,-12331
3720,-7146
3720,-5653
3720,-9558
3720,-14308
3720,-11971
3720,-6775
3720,-4890
3720,-10573
3720,-15222
3720,-12488
3720,-7445
3720,-5502
3720,-11385
3720,-16287
3720,-12254
3720,-6827
3720,-5511
3721,-11735
3721,-16003
3721,-12848
3721,-7554
3721,-7107
3721,-12715
3721,-15880
3721,-12099
3721,-6645
3721,-6648
3721,-13202
3721,-16164
3721,-12412
3721,-6789
3721,-7963
3721,-13391
3721,-16220
3721,-12117
3721,-6366
3721,-7008
3721,-12475
3721,-16613
3721,-11868
3721,-7239
3721,-7778
3721,-13220
3721,-15110
3721,-10924
3721,-6465
3721,-7599
3721,-14034
3721,-15423
3721,-11246
3721,-6147
3721,-7823
3721,-13479
3721,-15461
3721,-10839
3721,-6599
3721,-7085
3721,-12117
3721,-13904
3721,-9917
3721,-6811
3721,-7043
3721,-13228
3721,-14726
3721,-9976
3721,-6784
3721,-6247
3721,-11576
3721,-14637
3721,-10189
3721,-7125
3721,-7928
3721,-12031
3721,-15039
3721,-10525
3721,-6850
3721,-8549
3721,-11674
3721,-13816
3721,-11086
3722,-7155
3722,-7876
3722,-12351
3722,-14591
3722,-11802
3722,-7416
3722,-8635
3722,-12406
3722,-14946
3722,-13341
3722,-9575
3722,-8918
3722,-13543
3722,-15676
3722,-13538
3722,-10286
3722,-9281
3722,-13753
3722,-15360
3722,-13734
3722,-10929
3722,-10221
3722,-14206
3722,-16106
3722,-13706
3722,-10368
3722,-10058
3722,-13856
3722,-16537
3722,-13982
3722,-10096
3722,-10352
3722,-14134
3722,-17266
3722,-14835
3722,-11188
3722,-10654
3722,-14781
3722,-17046
3728,-15425
3728,-11494
3728,-10829
3728,-14535
3728,-16838
3728,-14610
3728,-10380
3728,-10565
3728,-14306
3728,-15649
3728,-13924
3728,-10241
3728,-10334
3728,-14854
3728,-16493
3728,-14385
3728,-10058
3728,-11304
3728,-14982
3728,-16734
3728,-14583
3728,-10766
3728,-11533
3728,-15231
3728,-17448
3728,-13768
3729,-10453
3729,-11921
3729,-16030
3729,-18001
3729,-14348
3729,-9909
3729,-12473
3729,-16419
3729,-17888
3729,-14113
3729,-9996
3729,-12454
3729,-16958
3729,-17583
3729,-12624
3729,-9530
3729,-11838
3729,-17170
3729,-16468
3729,-12505
3729,-9293
3729,-12641
3729,-16669
3729,-16405
3729,-11393
3729,-8603
3729,-11951
3729,-17145
3729,-15776
3729,-11485
3729,-8069
3729,-12262
3729,-16376
3729,-15401
3729,-10323
3729,-6994
3729,-10958
3729,-16924
3729,-14818
3729,-8823
3729,-4980
3729,-10282
3729,-16486
3729,-14264
3729,-8194
3729,-5734
3729,-9901
3729,-16303
3729,-14575
3729,-8452
3729,-5952
3729,-10562
3729,-17219
3729,-14851
3729,-8472
3729,-5727
3729,-10990
3729,-16699
3729,-15103
3729,-8576
3729,-4485
3729,-10746
3729,-16600
3730,-14250
3730,-8506
3730,-5391
3730,-10953
3730,-16380
3730,-13926
3730,-7566
3730,-5015
3730,-10584
3730,-16722
3730,-14719
3730,-8842
3730,-5802
3730,-10197
3730,-15819
3730,-14185
3730,-8893
3730,-5482
3730,-10572
3730,-16535
3730,-13689
3730,-7934
3730,-5317
3730,-10630
3730,-16703
3730,-14953
3730,-9059
3730,-6570
3730,-11483
3730,-16883
3730,-16008
3730,-9953
3730,-7565
3730,-12772
3730,-17662
3730,-16869
3730,-10786
3730,-8665
3730,-12732
3736,-18713
3736,-17779
3736,-11391
3736,-9343
3736,-14658
3736,-19695
3736,-17846
3736,-12675
3736,-10807
3736,-15723
3736,-20074
3736,-19988
3736,-13993
3736,-11004
3736,-15678
3736,-21168
3736,-19786
3736,-14820
3736,-12549
3736,-16605
3736,-21781
3736,-20701
3736,-15917
3736,-12703
3736,-17045
3736,-22628
3737,-21933
3737,-16410
3737,-14476
3737,-18465
3737,-23029
3737,-22158
3737,-16800
3737,-14693
3737,-18460
3737,-23396
3737,-22918
3737,-17145
3737,-15646
3737,-19821
3737,-25148
3737,-23182
3737,-18682
3737,-16698
3737,-21662
3737,-25494
3737,-24845
3737,-19891
3737,-16833
3737,-21377
3737,-25494
3737,-24292
3737,-18309
3737,-16754
3737,-20781
3737,-25352
3737,-23478
3737,-19376
3737,-16624
3737,-20698
3737,-25798
3737,-23332
3737,-17929
3737,-16504
3737,-19713
3737,-24653
3737,-23832
3737,-18028
3737,-16051
3737,-19651
3737,-24330
3737,-22015
3737,-17730
3737,-15292
3737,-17723
3737,-23346
3737,-21908
3737,-17511
3737,-15527
3737,-18405
3737,-22806
3737,-21338
3737,-17924
3737,-15697
3737,-19149
3737,-22813
3737,-21305
3737,-18269
3737,-15944
3738,-18161
3738,-24386
3738,-23406
3738,-19169
3738,-16868
3738,-19467
3738,-23724
3738,-24192
3738,-20316
3738,-17175
3738,-20118
3738,-24949
3738,-25019
3738,-21151
3738,-18494
3738,-21220
3738,-25263
3738,-25434
3738,-22701
3738,-19883
3738,-22091
3738,-25521
3738,-26786
3738,-23094
3738,-20880
3738,-22569
3738,-26793
3738,-26784
3738,-24045
3738,-20948
3738,-22491
3738,-26697
3738,-26933
3738,-24502
3738,-21395
3738,-23639
3738,-27334
3738,-27225
3738,-24985
3744,-21720
3744,-23344
3744,-26592
3744,-27368
3744,-23578
3744,-21328
3744,-22241
3744,-26257
3744,-26519
3744,-23802
3744,-21737
3744,-22255
3744,-26018
3744,-27090
3744,-24766
3744,-21287
3744,-22453
3744,-26181
3744,-26418
3744,-23944
3744,-20643
3744,-22867
3744,-25288
3744,-25988
3744,-24279
3744,-20981
3745,-22076
3745,-24846
3745,-25869
3745,-23280
3745,-20030
3745,-21468
3745,-24799
3745,-25298
3745,-23472
3745,-20300
3745,-22216
3745,-25241
3745,-25470
3745,-22210
3745,-19894
3745,-21638
3745,-23884
3745,-26457
3745,-22756
3745,-20153
3745,-20090
3745,-25114
3745,-25630
3745,-23363
3745,-20266
3745,-21237
3745,-25653
3745,-26167
3745,-23612
3745,-19612
3745,-20392
3745,-25071
3745,-27015
3745,-23848
3745,-19924
3745,-20138
3745,-24712
3745,-27199
3745,-24797
3745,-20414
3745,-21849
3745,-26304
3745,-28091
3745,-24888
3745,-20150
3745,-22106
3745,-26004
3745,-29201
3745,-25824
3745,-21322
3745,-22859
3745,-28890
3745,-29879
3745,-27156
3745,-22658
3745,-22536
3745,-28849
3745,-31209
3745,-28040
3745,-22584
3745,-24382
3745,-30083
3745,-31641
3746,-27367
3746,-23342
3746,-23931
3746,-29857
3746,-31648
3746,-27982
3746,-22202
3746,-23651
3746,-29211
3746,-31875
3746,-27817
3746,-22792
3746,-24337
3746,-30098
3746,-32375
3746,-28163
3746,-24018
3746,-24644
3746,-30195
3746,-33188
3746,-28663
3746,-24206
3746,-25818
3746,-30019
3746,-33117
3746,-28988
3746,-24461
3746,-25265
3746,-29969
3746,-31729
3746,-28333
3746,-23427
3746,-23899
3746,-28749
3746,-30723
3746,-26844
3746,-23328
3746,-23662
3746,-27984
3752,-31233
3752,-26828
3752,-22240
3752,-21778
3752,-26601
3752,-29712
3752,-25403
3752,-21292
3752,-20397
3752,-26330
3752,-28406
3752,-24651
3752,-20682
3752,-21840
3752,-26264
3752,-28942
3752,-24240
3752,-18945
3752,-21480
3752,-25731
3752,-27572
3752,-23647
3752,-19060
3752,-20469
3752,-24897
3752,-27065
3753,-22790
3753,-17689
3753,-18945
3753,-24787
3753,-26392
3753,-21498
3753,-16910
3753,-18295
3753,-24313
3753,-25917
3753,-22274
3753,-16997
3753,-18242
3753,-24710
3753,-25833
3753,-21692
3753,-16187
3753,-18238
3753,-23501
3753,-26188
3753,-20808
3753,-14857
3753,-17656
3753,-24403
3753,-26268
3753,-21002
3753,-14952
3753,-18246
3753,-23581
3753,-25802
3753,-20206
3753,-14854
3753,-17109
3753,-23840
3753,-26217
3753,-20987
3753,-14559
3753,-16408
3753,-24694
3753,-27096
3753,-20816
3753,-15848
3753,-18038
3753,-25375
3753,-27224
3753,-20415
3753,-14909
3753,-16776
3753,-25528
3753,-27494
3753,-20151
3753,-15366
3753,-17685
3753,-24556
3753,-27040
3753,-20850
3753,-14806
3753,-17110
3753,-24676
3753,-26639
3753,-20330
3753,-13341
3753,-16525
3754,-23473
3754,-26682
3754,-20691
3754,-14952
3754,-17147
3754,-24420
3754,-27180
3754,-20432
3754,-13889
3754,-17417
3754,-24967
3754,-26886
3754,-20849
3754,-15408
3754,-17706
3754,-25603
3754,-27280
3754,-21436
3754,-15483
3754,-18399
3754,-26066
3754,-27799
3754,-21552
3754,-15352
3754,-18394
3754,-25647
3754,-27543
3754,-21746
3754,-15820
3754,-18114
3754,-25966
3754,-27629
3754,-21795
3754,-16658
3754,-18433
3754,-25109
3754,-27241
3754,-22073
3754,-16252
3760,-19068
3760,-25992
3760,-27902
3760,-21728
3760,-15574
3760,-18324
3760,-24384
3760,-27311
3760,-21079
3760,-14480
3760,-17123
3760,-24445
3760,-26794
3760,-20064
3760,-14248
3760,-17102
3760,-24176
3760,-26471
3760,-20470
3760,-14570
3760,-17112
3760,-24581
3760,-27235
3760,-21307
3760,-14888
3760,-16802
3761,-24651
3761,-28067
3761,-20647
3761,-15751
3761,-17690
3761,-25251
3761,-27391
3761,-21017
3761,-15148
3761,-18229
3761,-26737
3761,-27939
3761,-21867
3761,-14982
3761,-17828
3761,-25929
3761,-29251
3761,-22443
3761,-15232
3761,-18014
3761,-26182
3761,-29268
3761,-22138
3761,-15684
3761,-19217
3761,-27169
3761,-28904
3761,-22219
3761,-16610
3761,-19330
3761,-26990
3761,-28876
3761,-22693
3761,-16378
3761,-18995
3761,-27524
3761,-29163
3761,-22100
3761,-16025
3761,-20052
3761,-27775
3761,-28764
3761,-22063
3761,-16601
3761,-19364
3761,-26688
3761,-29469
3761,-20979
3761,-15677
3761,-19477
3761,-26908
3761,-28571
3761,-21754
3761,-15379
3761,-19225
3761,-28013
3761,-28817
3761,-22162
3761,-16487
3761,-18798
3761,-27666
3761,-29606
3761,-22721
3762,-17335
3762,-20336
3762,-29373
3762,-29902
3762,-23112
3762,-17578
3762,-20590
3762,-28541
3762,-30801
3762,-23242
3762,-18313
3762,-21799
3762,-29857
3762,-30140
3762,-24217
3762,-18408
3762,-22925
3762,-30192
3762,-31273
3762,-25283
3762,-19772
3762,-23604
3762,-30527
3762,-32311
3762,-25866
3762,-21423
3762,-23630
3762,-32086
3762,-32553
3762,-26686
3762,-21419
3762,-24203
3762,-32003
3762,-32891
3762,-26586
3762,-21675
3762,-24365
3762,-31824
3762,-33119
3768,-27031
3768,-22258
3768,-25490
3768,-32581
3768,-33308
3768,-27511
3768,-22370
3768,-26469
3768,-32625
3768,-33954
3768,-28350
3768,-24419
3768,-28241
3768,-33363
3768,-34049
3768,-29354
3768,-25416
3768,-28191
3768,-33505
3768,-35072
3768,-30384
3768,-27018
3768,-29102
3768,-35056
3768,-36076
3768,-31083
3769,-27993
3769,-30460
3769,-36598
3769,-36751
3769,-32589
3769,-29697
3769,-31860
3769,-37255
3769,-37601
3769,-33097
3769,-30250
3769,-32330
3769,-37517
3769,-38285
3769,-34087
3769,-30933
3769,-32672
3769,-37362
3769,-38146
3769,-34206
3769,-31276
3769,-32809
3769,-37413
3769,-38258
3769,-34171
3769,-30784
3769,-33160
3769,-37240
3769,-38510
3769,-35043
3769,-31193
3769,-33043
3769,-37197
3769,-37544
3769,-33765
3769,-30889
3769,-34091
3769,-36904
3769,-37674
3769,-34432
3769,-31321
3769,-32479
3769,-36947
3769,-38765
3769,-34627
3769,-31534
3769,-33051
3769,-37636
3769,-39074
3769,-35977
3769,-34280
3769,-35020
3769,-39077
3769,-39653
3769,-36649
3769,-34643
3769,-35644
3769,-39313
3769,-39689
3769,-37790
3769,-34992
3769,-36355
3769,-39908
3770,-40076
3770,-37749
3770,-35209
3770,-36756
3770,-39639
3770,-40982
3770,-38553
3770,-36063
3770,-37481
3770,-40738
3770,-41037
3770,-38739
3770,-35370
3770,-36446
3770,-39499
3770,-41564
3770,-38153
3770,-36224
3770,-36766
3770,-40288
3770,-43087
3770,-40584
3770,-37300
3770,-37940
3770,-41946
3770,-43298
3770,-41007
3770,-38032
3770,-38476
3770,-42305
3770,-44612
3770,-41005
3770,-38539
3770,-38878
3770,-42568
3770,-43847
3770,-40853
3770,-37473
3770,-39111
3776,-43258
3776,-43538
3776,-42179
3776,-38056
3776,-38443
3776,-43296
3776,-44299
3776,-42194
3776,-38278
3776,-38878
3776,-42701
3776,-44955
3776,-42761
3776,-39273
3776,-39747
3776,-43601
3776,-45196
3776,-42419
3776,-39602
3776,-40771
3776,-44080
3776,-45866
3776,-43564
3776,-40418
3776,-41540
3776,-44235
3777,-45758
3777,-44049
3777,-40009
3777,-40653
3777,-45098
3777,-46130
3777,-44189
3777,-41304
3777,-42011
3777,-45308
3777,-46838
3777,-44675
3777,-41792
3777,-42674
3777,-46077
3777,-48226
3777,-46142
3777,-42537
3777,-42764
3777,-46243
3777,-48651
3777,-45942
3777,-43422
3777,-44177
3777,-47192
3777,-49213
3777,-47241
3777,-44416
3777,-44469
3777,-48429
3777,-50117
3777,-47124
3777,-45353
3777,-45846
3777,-48427
3777,-51420
3777,-49218
3777,-46598
3777,-47923
3777,-50020
3777,-52076
3777,-49685
3777,-47149
3777,-48510
3777,-51651
3777,-53674
3777,-50853
3777,-48373
3777,-49265
3777,-52421
3777,-54210
3777,-52109
3777,-49296
3777,-50391
3777,-53612
3777,-55138
3777,-53460
3777,-50542
3777,-50780
3777,-54119
3777,-56376
3777,-55005
3777,-52058
3778,-53016
3778,-55121
3778,-56912
3778,-55456
3778,-53519
3778,-53183
3778,-57412
3778,-58871
3778,-56193
3778,-53942
3778,-54209
3778,-56725
3778,-58775
3778,-56763
3778,-55097
3778,-55742
3778,-57917
3778,-59786
3778,-58199
3778,-56173
3778,-57219
3778,-59791
3778,-59976
3778,-59856
3778,-56825
3778,-58548
3778,-59739
3778,-61956
3778,-60611
3778,-57321
3778,-57757
3778,-61074
3778,-62122
3778,-60604
3778,-58416
3778,-59453
3778,-60768
3778,-62716
3778,-60991
3784,-58179
3784,-58576
3784,-61737
3784,-63569
3784,-61631
3784,-59371
3784,-58997
3784,-61388
3784,-63316
3784,-61354
3784,-59104
3784,-59448
3784,-61523
3784,-63638
3784,-62236
3784,-59442
3784,-59356
3784,-62653
3784,-63807
3784,-61456
3784,-59699
3784,-60588
3784,-62417
3784,-64507
3784,-62659
3784,-59858
3785,-61049
3785,-63549
3785,-65109
3785,-63127
3785,-60639
3785,-60898
3785,-63734
3785,-64610
3785,-62257
3785,-59921
3785,-61097
3785,-64004
3785,-64402
3785,-62148
3785,-60399
3785,-61577
3785,-63471
3785,-64598
3785,-62432
3785,-61398
3785,-61860
3785,-65355
3785,-65580
3785,-63385
3785,-61489
3785,-62141
3785,-65070
3785,-64853
3785,-63188
3785,-61013
3785,-63068
3785,-65804
3785,-67122
3785,-64692
3785,-61504
3785,-64161
3785,-66660
3785,-66916
3785,-64016
3785,-61822
3785,-63480
3785,-67038
3785,-67590
3785,-64880
3785,-62911
3785,-64937
3785,-67076
3785,-67757
3785,-66028
3785,-64499
3785,-66329
3785,-69182
3785,-69327
3785,-66887
3785,-64683
3785,-67498
3785,-70502
3785,-70978
3785,-67639
3785,-65792
3785,-68261
3785,-71590
3785,-70553
3786,-68493
3786,-66687
3786,-68920
3786,-72604
3786,-72121
3786,-69678
3786,-68681
3786,-71110
3786,-73740
3786,-74248
3786,-71030
3786,-69585
3786,-70431
3786,-74776
3786,-76161
3786,-71920
3786,-70387
3786,-72474
3786,-76384
3786,-76339
3786,-72582
3786,-71956
3786,-73425
3786,-76870
3786,-76473
3786,-73770
3786,-72696
3786,-73800
3786,-77489
3786,-77543
3786,-73782
3786,-72474
3786,-74740
3786,-77653
3786,-77589
3786,-74340
3786,-72702
3786,-74982
3786,-78345
3792,-77798
3792,-74911
3792,-72143
3792,-74377
3792,-77603
3792,-77985
3792,-74779
3792,-72614
3792,-74775
3792,-77376
3792,-77338
3792,-73903
3792,-72096
3792,-74450
3792,-77704
3792,-76503
3792,-74088
3792,-71410
3792,-74048
3792,-76745
3792,-76415
3792,-73036
3792,-71102
3792,-73743
3792,-75110
3792,-74867
3793,-71538
3793,-70247
3793,-71958
3793,-74603
3793,-74125
3793,-71407
3793,-68431
3793,-70835
3793,-73270
3793,-73221
3793,-69487
3793,-67266
3793,-70042
3793,-72149
3793,-71438
3793,-68297
3793,-66511
3793,-69010
3793,-72001
3793,-71011
3793,-67310
3793,-66586
3793,-68184
3793,-71232
3793,-70951
3793,-67213
3793,-66127
3793,-68060
3793,-71185
3793,-71137
3793,-67190
3793,-65884
3793,-67434
3793,-70876
3793,-68963
3793,-66504
3793,-65104
3793,-67794
3793,-69885
3793,-68863
3793,-66952
3793,-64460
3793,-67066
3793,-69442
3793,-68326
3793,-65608
3793,-64447
3793,-66281
3793,-68896
3793,-68570
3793,-65448
3793,-63636
3793,-66151
3793,-68386
3793,-67389
3793,-64827
3793,-63265
3793,-65060
3793,-67739
3793,-66083
3793,-64432
3793,-62772
3793,-65032
3794,-67385
3794,-66029
3794,-64706
3794,-62809
3794,-64786
3794,-67759
3794,-66304
3794,-63785
3794,-63454
3794,-64470
3794,-67138
3794,-66502
3794,-63918
3794,-63454
3794,-65117
3794,-66695
3794,-66351
3794,-64440
3794,-63306
3794,-65935
3794,-66837
3794,-66985
3794,-63704
3794,-64045
3794,-65720
3794,-67078
3794,-66783
3794,-64211
3794,-64381
3794,-66211
3794,-66827
3794,-66458
3794,-65210
3794,-64759
3794,-65933
3794,-66866
3794,-67413
3794,-65681
3794,-65073
3800,-66086
3800,-67532
3800,-67142
3800,-66462
3800,-65785
3800,-66004
3800,-67981
3800,-68073
3800,-65695
3800,-64946
3800,-66985
3800,-67913
3800,-67638
3800,-66439
3800,-65220
3800,-66419
3800,-67677
3800,-67886
3800,-66905
3800,-65462
3800,-66453
3800,-67797
3800,-67999
3800,-66034
3800,-64466
3800,-65969
3801,-68015
3801,-67777
3801,-65579
3801,-64347
3801,-66270
3801,-66874
3801,-67235
3801,-65789
3801,-64467
3801,-66305
3801,-67571
3801,-67820
3801,-65002
3801,-64360
3801,-66758
3801,-66888
3801,-67466
3801,-64965
3801,-64748
3801,-66773
3801,-67411
3801,-66365
3801,-64584
3801,-63720
3801,-65560
3801,-66771
3801,-65372
3801,-63750
3801,-64351
3801,-64852
3801,-66310
3801,-65382
3801,-63133
3801,-62524
3801,-64875
3801,-66520
3801,-64884
3801,-62552
3801,-62221
3801,-63442
3801,-64108
3801,-63857
3801,-62790
3801,-62252
3801,-63977
3801,-64590
3801,-63296
3801,-61610
3801,-62335
3801,-63436
3801,-64979
3801,-63196
3801,-61038
3801,-61174
3801,-62356
3801,-64533
3801,-63552
3801,-60571
3801,-60933
3801,-62775
3801,-63564
3801,-62340
3801,-59711
3802,-60713
3802,-63071
3802,-64837
3802,-63540
3802,-60904
3802,-61249
3802,-64117
3802,-65000
3802,-63410
3802,-61079
3802,-62408
3802,-64323
3802,-65951
3802,-63953
3802,-61989
3802,-61840
3802,-64917
3802,-66582
3802,-64295
3802,-61637
3802,-62884
3802,-65494
3802,-67188
3802,-64686
3802,-63275
3802,-63702
3802,-65799
3802,-68239
3802,-66163
3802,-63446
3802,-64633
3802,-66945
3802,-68287
3802,-66858
3802,-64723
3802,-64837
3802,-68425
3802,-70020
3802,-68040
3808,-65809
3808,-66329
3808,-69435
3808,-70440
3808,-68716
3808,-65459
3808,-66078
3808,-70071
3808,-71450
3808,-69764
3808,-67793
3808,-68653
3808,-71372
3808,-72328
3808,-69706
3808,-66888
3808,-68600
3808,-71412
3808,-73421
3808,-70106
3808,-67923
3808,-69371
3808,-72041
3808,-73622
3808,-71286
3808,-68361
3809,-69493
3809,-73303
3809,-75140
3809,-72425
3809,-69642
3809,-70629
3809,-74759
3809,-75096
3809,-72568
3809,-70580
3809,-71255
3809,-74790
3809,-75834
3809,-73235
3809,-70909
3809,-71821
3809,-75059
3809,-76544
3809,-73396
3809,-71240
3809,-71573
3809,-75380
3809,-75185
3809,-73137
3809,-71166
3809,-71638
3809,-75840
3809,-75527
3809,-72171
3809,-70592
3809,-71603
3809,-74152
3809,-74888
3809,-72184
3809,-69263
3809,-70788
3809,-74097
3809,-73845
3809,-72004
3809,-69707
3809,-70594
3809,-74221
3809,-74353
3809,-71343
3809,-70471
3809,-71437
3809,-74444
3809,-73702
3809,-71390
3809,-70410
3809,-72468
3809,-74999
3809,-73819
3809,-72190
3809,-69720
3809,-72202
3809,-74250
3809,-73840
3809,-72190
3809,-71121
3809,-71876
3809,-73671
3809,-73521
3810,-72476
3810,-70736
3810,-71028
3810,-73985
3810,-73654
3810,-71226
3810,-69363
3810,-71300
3810,-72757
3810,-72952
3810,-70282
3810,-69433
3810,-71116
3810,-73488
3810,-72093
3810,-70306
3810,-69050
3810,-70730
3810,-72770
3810,-71731
3810,-70215
3810,-68924
3810,-71490
3810,-72376
3810,-71427
3810,-69415
3810,-69212
3810,-70252
3810,-72451
3810,-72013
3810,-70291
3810,-70822
3810,-70833
3810,-72770
3810,-71851
3810,-70078
3810,-69418
3810,-71338
3810,-72542
3816,-72131
3816,-71131
3816,-70434
3816,-72635
3816,-73588
3816,-72375
3816,-71464
3816,-70971
3816,-72573
3816,-72512
3816,-73366
3816,-72533
3816,-71612
3816,-72931
3816,-74628
3816,-73952
3816,-72202
3816,-72622
3816,-72594
3816,-74503
3816,-74220
3816,-72801
3816,-72056
3816,-73646
3816,-74817
3816,-74387
3817,-73286
3817,-73372
3817,-74223
3817,-75767
3817,-75248
3817,-73623
3817,-73409
3817,-74774
3817,-76002
3817,-75927
3817,-75158
3817,-74396
3817,-75901
3817,-78054
3817,-77076
3817,-76347
3817,-76648
3817,-77243
3817,-78091
3817,-77914
3817,-76783
3817,-76563
3817,-77023
3817,-79167
3817,-79207
3817,-78433
3817,-78327
3817,-78531
3817,-80180
3817,-80416
3817,-79769
3817,-79562
3817,-79987
3817,-81193
3817,-80850
3817,-79288
3817,-80406
3817,-81118
3817,-82604
3817,-82544
3817,-81296
3817,-80748
3817,-81845
3817,-83461
3817,-83623
3817,-82460
3817,-82528
3817,-84466
3817,-84942
3817,-85782
3817,-84533
3817,-83837
3817,-85069
3817,-86532
3817,-86665
3817,-85542
3817,-84764
3817,-86419
3817,-88077
3817,-87109
3817,-86224
3817,-85575
3817,-86481
3818,-88444
3818,-87695
3818,-87148
3818,-87471
3818,-87679
3818,-89247
3818,-88665
3818,-88648
3818,-87473
3818,-89198
3818,-91731
3818,-91153
3818,-90374
3818,-90231
3818,-90985
3818,-92632
3818,-93023
3818,-92207
3818,-92439
3818,-93356
3818,-95753
3818,-95041
3818,-93544
3818,-93993
3818,-94750
3818,-96684
3818,-96298
3818,-94622
3818,-95650
3818,-95870
3818,-97755
3818,-98181
3818,-96769
3818,-96356
3818,-98207
3818,-99300
3818,-98677
3818,-98138
3818,-98032
3824,-98643
3824,-100403
3824,-100466
3824,-98983
3824,-98548
3824,-100002
3824,-100726
3824,-100554
3824,-98994
3824,-98759
3824,-99743
3824,-102317
3824,-101623
3824,-100166
3824,-99628
3824,-100299
3824,-102713
3824,-101794
3824,-100492
3824,-100703
3824,-101936
3824,-103657
3824,-103104
3824,-100787
3824,-100763
3824,-101980
3825,-103952
3825,-103299
3825,-101823
3825,-101684
3825,-104175
3825,-105433
3825,-104509
3825,-103431
3825,-103425
3825,-105978
3825,-106584
3825,-106194
3825,-104868
3825,-105015
3825,-106600
3825,-107171
3825,-106707
3825,-105609
3825,-106339
3825,-107085
3825,-109033
3825,-109308
3825,-107370
3825,-107464
3825,-108921
3825,-110071
3825,-109470
3825,-108968
3825,-108960
3825,-111228
3825,-112498
3825,-111948
3825,-110200
3825,-110770
3825,-113519
3825,-114329
3825,-113549
3825,-112417
3825,-113425
3825,-115080
3825,-116545
3825,-115684
3825,-114030
3825,-115030
3825,-116487
3825,-117863
3825,-116216
3825,-115859
3825,-116141
3825,-117760
3825,-119264
3825,-118066
3825,-116802
3825,-117034
3825,-119993
3825,-120003
3825,-119251
3825,-117266
3825,-118110
3825,-120134
3825,-120602
3825,-119990
3825,-119417
3826,-119733
3826,-121692
3826,-122399
3826,-121802
3826,-120206
3826,-120270
3826,-122831
3826,-123595
3826,-122036
3826,-121414
3826,-120872
3826,-122870
3826,-124300
3826,-122320
3826,-121956
3826,-122108
3826,-123557
3826,-124995
3826,-123327
3826,-122273
3826,-121987
3826,-123783
3826,-124933
3826,-124239
3826,-122654
3826,-123027
3826,-124412
3826,-124753
3826,-124105
3826,-122866
3826,-122345
3826,-124379
3826,-125467
3826,-124114
3826,-122845
3826,-123787
3826,-124748
3826,-126108
3826,-125410
3832,-124295
3832,-124589
3832,-126421
3832,-127406
3832,-126163
3832,-124256
3832,-125087
3832,-126940
3832,-128202
3832,-126541
3832,-126017
3832,-126444
3832,-127743
3832,-128639
3832,-127851
3832,-127013
3832,-126485
3832,-128598
3832,-129777
3832,-128555
3832,-127572
3832,-128292
3832,-129816
3832,-129994
3832,-129131
3832,-128204
3833,-128235
3833,-130436
3833,-129948
3833,-129197
3833,-127951
3833,-128865
3833,-130737
3833,-130773
3833,-129150
3833,-128859
3833,-129833
3833,-131110
3833,-131174
3833,-130470
3833,-129611
3833,-130297
3833,-131992
3833,-131542
3833,-129782
3833,-130463
3833,-130756
3833,-132431
3833,-132380
3833,-130990
3833,-130193
3833,-131785
3833,-133358
3833,-132763
3833,-131537
3833,-131226
3833,-132239
3833,-133452
3833,-133478
3833,-131382
3833,-131154
3833,-131897
3833,-133473
3833,-134023
3833,-131504
3833,-131575
3833,-131916
3833,-133325
3833,-133733
3833,-132563
3833,-130865
3833,-132338
3833,-133870
3833,-133992
3833,-132851
3833,-130981
3833,-131876
3833,-133806
3833,-133658
3833,-131748
3833,-131028
3833,-131900
3833,-133658
3833,-133404
3833,-132668
3833,-130363
3833,-132113
3833,-133344
3833,-133070
3834,-131358
3834,-131022
3834,-131991
3834,-133251
3834,-134196
3834,-132125
3834,-131105
3834,-132214
3834,-133101
3834,-133435
3834,-131594
3834,-130820
3834,-132593
3834,-132409
3834,-133294
3834,-131371
3834,-130622
3834,-131888
3834,-133317
3834,-133316
3834,-131738
3834,-131130
3834,-132320
3834,-134235
3834,-133785
3834,-132516
3834,-131831
3834,-133005
3834,-133889
3834,-134440
3834,-134244
3834,-132398
3834,-133834
3834,-135698
3834,-135312
3834,-133731
3834,-133328
3834,-133877
3834,-135182
3840,-135414
3840,-134499
3840,-132975
3840,-134392
3840,-134525
3840,-135265
3840,-133904
3840,-133170
3840,-134263
3840,-135594
3840,-135372
3840,-134164
3840,-133762
3840,-134783
3840,-136302
3840,-135574
3840,-134870
3840,-134547
3840,-135196
3840,-136743
3840,-136403
3840,-134750
3840,-134799
3840,-135241
3840,-137319
3840,-136649
3841,-136350
3841,-135387
3841,-135804
3841,-137428
3841,-138328
3841,-137124
3841,-136916
3841,-137783
3841,-138324
3841,-138197
3841,-138031
3841,-137030
3841,-137817
3841,-139575
3841,-138846
3841,-137928
3841,-137315
3841,-138504
3841,-139981
3841,-139334
3841,-138193
3841,-138025
3841,-139052
3841,-139934
3841,-139902
3841,-139061
3841,-137976
3841,-138832
3841,-140638
3841,-139893
3841,-140020
3841,-138609
3841,-138730
3841,-139947
3841,-140216
3841,-139704
3841,-139185
3841,-139938
3841,-140598
3841,-141197
3841,-139547
3841,-138760
3841,-138450
3841,-139557
3841,-140051
3841,-138290
3841,-137625
3841,-138480
3841,-139629
3841,-139057
3841,-137544
3841,-136209
3841,-137570
3841,-138404
3841,-139210
3841,-136866
3841,-135911
3841,-136513
3841,-138321
3841,-138539
3841,-137836
3841,-137075
3841,-137265
3842,-139718
3842,-139444
3842,-137963
3842,-137498
3842,-137429
3842,-139299
3842,-139584
3842,-138420
3842,-138135
3842,-139277
3842,-140745
3842,-140683
3842,-140178
3842,-137891
3842,-139961
3842,-141744
3842,-141650
3842,-140381
3842,-140417
3842,-142009
3842,-143020
3842,-141801
3842,-141066
3842,-141023
3842,-141363
3842,-142710
3842,-143085
3842,-141925
3842,-140663
3842,-142311
3842,-142994
3842,-143501
3842,-141775
3842,-140898
3842,-141557
3842,-143197
3842,-143721
3842,-142281
3842,-141892
3848,-142854
3848,-143899
3848,-144287
3848,-143872
3848,-142529
3848,-142753
3848,-143755
3848,-144880
3848,-143199
3848,-142754
3848,-142355
3848,-143560
3848,-143775
3848,-142993
3848,-142433
3848,-142161
3848,-143479
3848,-144368
3848,-142702
3848,-141796
3848,-142631
3848,-143529
3848,-144038
3848,-143395
3848,-142986
3848,-142339
3849,-143690
3849,-143903
3849,-143215
3849,-142364
3849,-142653
3849,-144065
3849,-143374
3849,-143415
3849,-143019
3849,-143463
3849,-144413
3849,-144767
3849,-144065
3849,-142798
3849,-142829
3849,-144216
3849,-144867
3849,-144183
3849,-143757
3849,-144087
3849,-145337
3849,-145754
3849,-144634
3849,-144344
3849,-145290
3849,-145845
3849,-146746
3849,-145996
3849,-144505
3849,-145429
3849,-146334
3849,-146698
3849,-145901
3849,-144926
3849,-145334
3849,-146702
3849,-147579
3849,-146850
3849,-145892
3849,-145881
3849,-147529
3849,-148204
3849,-147591
3849,-147004
3849,-147534
3849,-148321
3849,-149529
3849,-148584
3849,-148592
3849,-149115
3849,-150089
3849,-150888
3849,-150258
3849,-149571
3849,-149679
3849,-151421
3849,-151865
3849,-151551
3849,-150876
3849,-151020
3849,-152597
3849,-152551
3849,-152446
3850,-151996
3850,-152239
3850,-153895
3850,-154244
3850,-153209
3850,-152576
3850,-152512
3850,-154539
3850,-154273
3850,-153894
3850,-153055
3850,-153142
3850,-153759
3850,-154492
3850,-153508
3850,-152072
3850,-152825
3850,-154480
3850,-154822
3850,-153953
3850,-152617
3850,-152858
3850,-153787
3850,-154630
3850,-153436
3850,-152812
3850,-153401
3850,-153464
3850,-153509
3850,-153143
3850,-152253
3850,-152405
3850,-154043
3850,-154138
3850,-153089
3850,-152616
3850,-152780
3850,-153421
3850,-154388
3856,-153462
3856,-152874
3856,-152419
3856,-154510
3856,-154324
3856,-153803
3856,-153015
3856,-152971
3856,-153799
3856,-154420
3856,-153878
3856,-152334
3856,-151988
3856,-152954
3856,-154168
3856,-152657
3856,-152368
3856,-152369
3856,-152698
3856,-153095
3856,-152647
3856,-151396
3856,-152001
3856,-152476
3856,-151877
3856,-150624
3857,-150877
3857,-150648
3857,-151515
3857,-152622
3857,-150833
3857,-150683
3857,-150694
3857,-151629
3857,-151990
3857,-150905
3857,-150661
3857,-150338
3857,-150947
3857,-151967
3857,-151313
3857,-149591
3857,-150564
3857,-151257
3857,-151578
3857,-151151
3857,-150250
3857,-150712
3857,-151129
3857,-151583
3857,-150457
3857,-149177
3857,-150369
3857,-150092
3857,-150529
3857,-149757
3857,-149556
3857,-150820
3857,-150083
3857,-151220
3857,-150644
3857,-150883
3857,-150485
3857,-151446
3857,-152064
3857,-151407
3857,-150880
3857,-150741
3857,-151609
3857,-152617
3857,-151513
3857,-151496
3857,-151722
3857,-153203
3857,-153217
3857,-152298
3857,-151729
3857,-151193
3857,-153448
3857,-153141
3857,-151896
3857,-151623
3857,-153017
3857,-152922
3857,-152471
3857,-151955
3857,-151290
3857,-151495
3857,-152314
3858,-152431
3858,-151666
3858,-151857
3858,-151483
3858,-151622
3858,-152424
3858,-151217
3858,-151921
3858,-152061
3858,-152572
3858,-153497
3858,-151876
3858,-151226
3858,-151238
3858,-151989
3858,-152580
3858,-151860
3858,-151023
3858,-151104
3858,-151000
3858,-151622
3858,-151440
3858,-150149
3858,-150838
3858,-151438
3858,-152059
3858,-151889
3858,-150857
3858,-151302
3858,-151970
3858,-152774
3858,-151711
3858,-150983
3858,-151588
3858,-151656
3858,-151978
3858,-151441
3858,-151386
3858,-151653
3864,-151630
3864,-152008
3864,-151697
3864,-151865
3864,-151276
3864,-152040
3864,-151876
3864,-152114
3864,-152436
3864,-151773
3864,-152185
3864,-151997
3864,-151837
3864,-151036
3864,-151318
3864,-151108
3864,-151957
3864,-151960
3864,-151852
3864,-151776
3864,-152590
3864,-152461
3864,-152063
3864,-151942
3864,-151536
3864,-152097
3865,-151730
3865,-151636
3865,-151292
3865,-151812
3865,-152113
3865,-152645
3865,-153469
3865,-152143
3865,-151980
3865,-152031
3865,-152401
3865,-152078
3865,-151304
3865,-152048
3865,-152356
3865,-151945
3865,-151936
3865,-151899
3865,-151399
3865,-151748
3865,-152591
3865,-152922
3865,-152077
3865,-152409
3865,-152559
3865,-151825
3865,-152775
3865,-152539
3865,-153066
3865,-153285
3865,-152745
3865,-152748
3865,-153532
3865,-153456
3865,-152937
3865,-152827
3865,-153374
3865,-153458
3865,-152378
3865,-153636
3865,-154247
3865,-153171
3865,-152970
3865,-153620
3865,-153508
3865,-154002
3865,-153109
3865,-153406
3865,-154668
3865,-154369
3865,-154450
3865,-153284
3865,-153869
3865,-154253
3865,-155110
3865,-154072
3865,-154532
3865,-155090
3865,-153922
3865,-154911
3865,-155028
3865,-155815
3865,-155651
3866,-155598
3866,-156038
3866,-156230
3866,-155657
3866,-156116
3866,-155913
3866,-156486
3866,-156896
3866,-156695
3866,-156369
3866,-156633
3866,-157139
3866,-157588
3866,-157303
3866,-156947
3866,-156548
3866,-157240
3866,-157826
3866,-157594
3866,-156837
3866,-157860
3866,-157605
3866,-158680
3866,-158166
3866,-158143
3866,-157547
3866,-157627
3866,-158246
3866,-158274
3866,-157934
3866,-158482
3866,-158423
3866,-159178
3866,-159439
3866,-158971
3866,-159127
3866,-159163
3866,-159815
3866,-160158
3872,-160521
3872,-160798
3872,-160496
3872,-160744
3872,-161342
3872,-160699
3872,-160808
3872,-160664
3872,-161721
3872,-161483
3872,-161096
3872,-161101
3872,-160171
3872,-161679
3872,-161386
3872,-160423
3872,-160453
3872,-161289
3872,-161849
3872,-161358
3872,-161725
3872,-161459
3872,-160915
3872,-161625
3872,-161238
3872,-161607
3873,-161884
3873,-161633
3873,-162646
3873,-163007
3873,-161321
3873,-161754
3873,-162442
3873,-162095
3873,-162393
3873,-162846
3873,-161966
3873,-162850
3873,-162646
3873,-162777
3873,-162311
3873,-162447
3873,-162159
3873,-162050
3873,-162944
3873,-162654
3873,-161644
3873,-162985
3873,-163013
3873,-163590
3873,-162312
3873,-162303
3873,-162500
3873,-163387
3873,-164060
3873,-163645
3873,-163342
3873,-163711
3873,-164070
3873,-163585
3873,-163445
3873,-163289
3873,-164134
3873,-163911
3873,-163583
3873,-163644
3873,-163531
3873,-163705
3873,-163790
3873,-163477
3873,-163767
3873,-162818
3873,-162841
3873,-162918
3873,-163289
3873,-162357
3873,-162882
3873,-163310
3873,-163317
3873,-163884
3873,-163164
3873,-163168
3873,-163615
3873,-163956
3873,-163404
3873,-163323
3873,-163355
3873,-163158
3873,-163608
3874,-163415
3874,-162887
3874,-163346
3874,-163270
3874,-162671
3874,-163049
3874,-162152
3874,-163091
3874,-163848
3874,-162918
3874,-162387
3874,-162892
3874,-163387
3874,-163213
3874,-163690
3874,-163199
3874,-163170
3874,-162546
3874,-163570
3874,-163693
3874,-163232
3874,-163058
3874,-162586
3874,-163608
3874,-163126
3874,-164088
3874,-164229
3874,-163644
3874,-163946
3874,-163853
3874,-164249
3874,-163631
3874,-163447
3874,-164802
3874,-164209
3874,-163858
3874,-162314
3874,-163009
3874,-163782
3880,-163545
3880,-163774
3880,-162588
3880,-162362
3880,-162770
3880,-162931
3880,-162652
3880,-162203
3880,-162543
3880,-163674
3880,-163679
3880,-163330
3880,-162495
3880,-162988
3880,-163126
3880,-163455
3880,-163675
3880,-162598
3880,-162554
3880,-163057
3880,-163384
3880,-162264
3880,-162155
3880,-160516
3880,-162117
3880,-161792
3881,-161754
3881,-160633
3881,-160723
3881,-161292
3881,-160610
3881,-160081
3881,-159734
3881,-159375
3881,-160009
3881,-159970
3881,-159026
3881,-157651
3881,-158840
3881,-158896
3881,-159629
3881,-159615
3881,-159065
3881,-158256
3881,-159184
3881,-158844
3881,-158350
3881,-157490
3881,-157121
3881,-157893
3881,-158656
3881,-157048
3881,-156515
3881,-157050
3881,-157230
3881,-157548
3881,-156315
3881,-156106
3881,-156422
3881,-156648
3881,-156513
3881,-154986
3881,-154676
3881,-154798
3881,-155267
3881,-155840
3881,-154873
3881,-153612
3881,-153663
3881,-153321
3881,-154223
3881,-153574
3881,-152635
3881,-151869
3881,-153026
3881,-152571
3881,-151066
3881,-150735
3881,-150339
3881,-152053
3881,-151713
3881,-149830
3881,-149916
3881,-148973
3881,-149642
3881,-150493
3881,-149570
3881,-148267
3881,-148539
3882,-149467
3882,-148942
3882,-149009
3882,-147948
3882,-148073
3882,-147870
3882,-148655
3882,-147594
3882,-147081
3882,-147112
3882,-148536
3882,-147933
3882,-148305
3882,-146562
3882,-146478
3882,-147490
3882,-147479
3882,-146583
3882,-145615
3882,-145718
3882,-147019
3882,-146810
3882,-146036
3882,-145118
3882,-145871
3882,-146145
3882,-145836
3882,-145349
3882,-144580
3882,-144532
3882,-145115
3882,-145110
3882,-144549
3882,-143150
3882,-143254
3882,-143675
3882,-143640
3882,-142989
3882,-141630
3888,-141842
3888,-142437
3888,-142618
3888,-141514
3888,-141152
3888,-142113
3888,-142225
3888,-143184
3888,-141606
3888,-141253
3888,-141922
3888,-142115
3888,-141452
3888,-140605
3888,-140008
3888,-141102
3888,-141588
3888,-141352
3888,-141376
3888,-140801
3888,-141993
3888,-142290
3888,-141695
3888,-142264
3888,-140988
3888,-140993
3889,-142008
3889,-142578
3889,-142146
3889,-141581
3889,-141693
3889,-142740
3889,-143051
3889,-141728
3889,-140776
3889,-141098
3889,-142667
3889,-142657
3889,-141594
3889,-141454
3889,-142356
3889,-142735
3889,-143419
3889,-141757
3889,-141218
3889,-141671
3889,-142536
3889,-142653
3889,-142441
3889,-140906
3889,-142024
3889,-142130
3889,-142558
3889,-141052
3889,-140974
3889,-142133
3889,-142156
3889,-142527
3889,-141882
3889,-141844
3889,-140949
3889,-142781
3889,-142771
3889,-143549
3889,-141755
3889,-142369
3889,-142744
3889,-143274
3889,-143002
3889,-142564
3889,-142939
3889,-143601
3889,-144065
3889,-144152
3889,-143539
3889,-143470
3889,-143982
3889,-145142
3889,-144747
3889,-143201
3889,-143921
3889,-144426
3889,-144910
3889,-144123
3889,-143710
3889,-144307
3889,-145196
3889,-144502
3889,-144936
3890,-144258
3890,-144302
3890,-144741
3890,-144655
3890,-144272
3890,-145532
3890,-145075
3890,-144498
3890,-145360
3890,-144690
3890,-144228
3890,-145672
3890,-145453
3890,-145605
3890,-144613
3890,-144593
3890,-144543
3890,-145949
3890,-145891
3890,-144852
3890,-144760
3890,-144283
3890,-144717
3890,-145055
3890,-144912
3890,-144995
3890,-143813
3890,-144700
3890,-144621
3890,-143903
3890,-144454
3890,-144652
3890,-144497
3890,-144598
3890,-144766
3890,-144650
3890,-144761
3890,-145191
3890,-144548
3896,-144998
3896,-143806
3896,-143999
3896,-144255
3896,-145291
3896,-144265
3896,-144036
3896,-144161
3896,-145470
3896,-144124
3896,-144751
3896,-144025
3896,-143835
3896,-145030
3896,-144165
3896,-144460
3896,-144131
3896,-144265
3896,-145017
3896,-144598
3896,-144175
3896,-143957
3896,-144064
3896,-144727
3896,-144789
3896,-144296
3897,-144505
3897,-144322
3897,-145891
3897,-146504
3897,-145162
3897,-145862
3897,-145734
3897,-145447
3897,-145907
3897,-145707
3897,-146700
3897,-147022
3897,-146035
3897,-146993
3897,-146655
3897,-146543
3897,-146629
3897,-147254
3897,-147041
3897,-146784
3897,-146887
3897,-148119
3897,-148516
3897,-148440
3897,-148304
3897,-148564
3897,-149028
3897,-149395
3897,-149349
3897,-148328
3897,-148962
3897,-149474
3897,-149785
3897,-149923
3897,-149103
3897,-149458
3897,-149996
3897,-150122
3897,-150218
3897,-150146
3897,-150706
3897,-151695
3897,-151137
3897,-151034
3897,-150152
3897,-150624
3897,-151318
3897,-151167
3897,-151077
3897,-151185
3897,-151057
3897,-151436
3897,-152257
3897,-152629
3897,-152840
3897,-152875
3897,-153072
3897,-153691
3897,-153138
3897,-153720
3897,-153614
3897,-154483
3897,-155350
3898,-155418
3898,-155484
3898,-155226
3898,-155499
3898,-155682
3898,-155776
3898,-157266
3898,-156640
3898,-156985
3898,-156600
3898,-156688
3898,-157337
3898,-157174
3898,-157311
3898,-157965
3898,-158115
3898,-157011
3898,-157981
3898,-157737
3898,-158649
3898,-157958
3898,-157908
3898,-158481
3898,-158469
3898,-159432
3898,-159483
3898,-158626
3898,-158977
3898,-158467
3898,-159352
3898,-159482
3898,-158373
3898,-158939
3898,-159760
3898,-159953
3898,-160537
3898,-160048
3898,-160476
3898,-161116
3904,-161280
3904,-161100
3904,-161928
3904,-161558
3904,-161150
3904,-162296
3904,-162521
3904,-162562
3904,-163042
3904,-163634
3904,-163718
3904,-164944
3904,-164228
3904,-164562
3904,-164794
3904,-165481
3904,-165493
3904,-165163
3904,-165276
3904,-166113
3904,-166142
3904,-166518
3904,-166271
3904,-165835
3904,-166840
3904,-167804
3905,-167232
3905,-166986
3905,-167333
3905,-168091
3905,-169916
3905,-169528
3905,-169342
3905,-170750
3905,-170791
3905,-170996
3905,-171821
3905,-171897
3905,-171636
3905,-172720
3905,-173154
3905,-173545
3905,-172495
3905,-173234
3905,-174373
3905,-175014
3905,-174804
3905,-175432
3905,-175632
3905,-175620
3905,-176394
3905,-176097
3905,-176870
3905,-177501
3905,-177675
3905,-178639
3905,-178052
3905,-177987
3905,-177858
3905,-179476
3905,-180282
3905,-179977
3905,-180103
3905,-179743
3905,-180795
3905,-181647
3905,-181990
3905,-182228
3905,-181899
3905,-184218
3905,-183807
3905,-184792
3905,-184717
3905,-185738
3905,-186260
3905,-186285
3905,-186850
3905,-187103
3905,-186854
3905,-188282
3905,-188406
3905,-188670
3905,-189089
3905,-188811
3905,-190515
3905,-190985
3905,-191695
3905,-191429
3905,-192790
3906,-193282
3906,-193838
3906,-194465
3906,-194710
3906,-195029
3906,-195443
3906,-196381
3906,-196803
3906,-195143
3906,-196547
3906,-197376
3906,-197554
3906,-198757
3906,-198409
3906,-199247
3906,-199902
3906,-199497
3906,-200757
3906,-199976
3906,-201165
3906,-201973
3906,-202600
3906,-201966
3906,-202030
3906,-203032
3906,-203645
3906,-204517
3906,-203848
3906,-204013
3906,-204589
3906,-205620
3906,-206144
3906,-206757
3906,-206696
3906,-207886
3906,-208327
3906,-208829
3906,-208727
3906,-207951
3912,-209832
3912,-208896
3912,-210392
3912,-210299
3912,-210121
3912,-209552
3912,-210982
3912,-212553
3912,-211649
3912,-212216
3912,-213368
3912,-213712
3912,-214117
3912,-214179
3912,-214587
3912,-214786
3912,-215437
3912,-215439
3912,-215736
3912,-215404
3912,-214725
3912,-216187
3912,-216711
3912,-216691
3912,-215777
3912,-215894
3913,-217442
3913,-218439
3913,-217900
3913,-217635
3913,-217204
3913,-217800
3913,-219052
3913,-218255
3913,-218928
3913,-218772
3913,-218735
3913,-219745
3913,-220449
3913,-220015
3913,-220693
3913,-220890
3913,-221577
3913,-221423
3913,-220776
3913,-221690
3913,-222277
3913,-222998
3913,-222380
3913,-222108
3913,-222374
3913,-223282
3913,-224258
3913,-223024
3913,-222126
3913,-223055
3913,-223983
3913,-224531
3913,-224235
3913,-223760
3913,-224151
3913,-225080
3913,-225170
3913,-224756
3913,-224655
3913,-224747
3913,-226088
3913,-225611
3913,-225708
3913,-225069
3913,-225869
3913,-226608
3913,-227356
3913,-227520
3913,-227076
3913,-227213
3913,-228405
3913,-229050
3913,-227893
3913,-227133
3913,-228188
3913,-228335
3913,-229518
3913,-228951
3913,-228217
3913,-228870
3913,-229503
3913,-230655
3913,-230241
3914,-228811
3914,-230091
3914,-230914
3914,-231326
3914,-230779
3914,-230089
3914,-230877
3914,-232229
3914,-233355
3914,-232323
3914,-232011
3914,-232915
3914,-232744
3914,-233359
3914,-234365
3914,-233755
3914,-234439
3914,-234617
3914,-234244
3914,-235410
3914,-234828
3914,-234771
3914,-235697
3914,-236866
3914,-236839
3914,-235704
3914,-236587
3914,-237731
3914,-237587
3914,-237158
3914,-237732
3914,-237416
3914,-239016
3914,-239264
3914,-238698
3914,-238502
3914,-239261
3914,-240629
3914,-240336
3920,-239871
3920,-239426
3920,-239526
3920,-241631
3920,-241773
3920,-241519
3920,-240702
3920,-240757
3920,-241623
3920,-242177
3920,-241801
3920,-241399
3920,-241938
3920,-242205
3920,-243292
3920,-243058
3920,-243258
3920,-243608
3920,-244693
3920,-244140
3920,-244407
3920,-243884
3920,-243521
3920,-244098
3920,-245026
3920,-244903
3921,-244905
3921,-244844
3921,-245312
3921,-244742
3921,-245981
3921,-245169
3921,-245859
3921,-246234
3921,-247186
3921,-246965
3921,-246029
3921,-246082
3921,-246816
3921,-246721
3921,-246928
3921,-246891
3921,-246678
3921,-247308
3921,-247088
3921,-247023
3921,-246836
3921,-247478
3921,-247900
3921,-248635
3921,-247725
3921,-247622
3921,-247141
3921,-247725
3921,-247353
3921,-247167
3921,-247881
3921,-247784
3921,-248583
3921,-248508
3921,-247507
3921,-247097
3921,-247286
3921,-247484
3921,-247776
3921,-247776
3921,-247886
3921,-248239
3921,-249223
3921,-248933
3921,-247956
3921,-248739
3921,-248213
3921,-248135
3921,-249165
3921,-249594
3921,-249626
3921,-248280
3921,-249581
3921,-249754
3921,-248880
3921,-248683
3921,-249290
3921,-250513
3921,-249867
3921,-249551
3921,-249414
3921,-249516
3921,-250397
3922,-249665
3922,-250167
3922,-249428
3922,-249396
3922,-250855
3922,-250672
3922,-250685
RAW_SUMMARY id=1 requested=5600 captured=5600 unused_capacity=400 max_pcm_abs=250855 raw_mean=-55001.6 raw_abs_mean=68529.3 raw_min=-250855 raw_max=71658 baseline=16.7
OK RAW
