[2026-10-10 12:17:47] boot banner: {'role': 'analyzer', 'git': '246029b', 'version': '0.4.0', 'board': 'damp'}
[2026-10-10 12:17:47] block 1/96
[2026-10-10 12:17:49] warmup: OK EMIT CHIRP
[2026-10-10 12:17:49] start T3_b001_1217
[2026-10-10 12:18:30] start OBS_b001_1217
[2026-10-10 12:18:52] block 1: T3 expected 10/10 median 17100.5 drops 0 OBS det 0
[2026-10-10 12:32:47] block 2/96
[2026-10-10 12:32:47] start T3_b002_1232
[2026-10-10 12:33:28] start OBS_b002_1232
[2026-10-10 12:33:50] block 2: T3 expected 10/10 median 16509.0 drops 0 OBS det 0
[2026-10-10 12:47:47] block 3/96
[2026-10-10 12:47:47] start T3_b003_1247
[2026-10-10 12:48:27] start OBS_b003_1247
[2026-10-10 12:48:49] block 3: T3 expected 10/10 median 16366.5 drops 0 OBS det 0
[2026-10-10 13:02:47] block 4/96
[2026-10-10 13:02:47] start T3_b004_1302
[2026-10-10 13:03:28] start OBS_b004_1302
[2026-10-10 13:03:50] block 4: T3 expected 10/10 median 16842.0 drops 0 OBS det 0
[2026-10-10 13:17:47] block 5/96
[2026-10-10 13:17:47] start T3_b005_1317
[2026-10-10 13:18:27] start OBS_b005_1317
[2026-10-10 13:18:49] block 5: T3 expected 10/10 median 15378.5 drops 0 OBS det 0
[2026-10-10 13:32:47] block 6/96
[2026-10-10 13:32:47] start T3_b006_1332
[2026-10-10 13:33:28] start OBS_b006_1332
[2026-10-10 13:33:50] block 6: T3 expected 0/10 median  drops 0 OBS det 0
[2026-10-10 13:47:47] block 7/96
[2026-10-10 13:47:47] start T3_b007_1347
[2026-10-10 13:48:27] start OBS_b007_1347
[2026-10-10 13:48:49] block 7: T3 expected 0/10 median  drops 0 OBS det 0
[2026-10-10 14:02:47] block 8/96
[2026-10-10 14:02:47] start T3_b008_1402
[2026-10-10 14:03:28] start OBS_b008_1402
[2026-10-10 14:03:50] block 8: T3 expected 0/10 median  drops 0 OBS det 0
[2026-10-10 14:17:47] block 9/96
[2026-10-10 14:17:47] start T3_b009_1417
[2026-10-10 14:18:28] start OBS_b009_1417
[2026-10-10 14:18:50] block 9: T3 expected 0/10 median  drops 0 OBS det 0
[2026-10-10 14:32:47] block 10/96
[2026-10-10 14:32:47] start T3_b010_1432
[2026-10-10 14:33:28] start OBS_b010_1432
[2026-10-10 14:33:50] block 10: T3 expected 0/10 median  drops 0 OBS det 0
[2026-10-10 14:47:47] block 11/96
[2026-10-10 14:47:47] start T3_b011_1447
[2026-10-10 14:48:28] start OBS_b011_1447
[2026-10-10 14:48:50] block 11: T3 expected 0/10 median  drops 0 OBS det 0
[2026-10-10 15:02:47] block 12/96
[2026-10-10 15:02:47] start T3_b012_1502
[2026-10-10 15:03:27] start OBS_b012_1502
[2026-10-10 15:03:49] block 12: T3 expected 0/10 median  drops 0 OBS det 0
[2026-10-10 15:17:47] block 13/96
[2026-10-10 15:17:47] start T3_b013_1517
[2026-10-10 15:18:28] start OBS_b013_1517
[2026-10-10 15:18:50] block 13: T3 expected 0/10 median  drops 0 OBS det 0
[2026-10-10 15:32:47] block 14/96
[2026-10-10 15:32:47] start T3_b014_1532
[2026-10-10 15:33:28] start OBS_b014_1532
[2026-10-10 15:33:50] block 14: T3 expected 0/10 median  drops 0 OBS det 0
[2026-10-10 15:47:47] block 15/96
[2026-10-10 15:47:47] start T3_b015_1547
[2026-10-10 15:48:27] start OBS_b015_1547
[2026-10-10 15:48:49] block 15: T3 expected 0/10 median  drops 0 OBS det 0
[2026-10-10 16:02:47] block 16/96
[2026-10-10 16:02:47] start T3_b016_1602
[2026-10-10 16:03:28] start OBS_b016_1602
[2026-10-10 16:03:49] block 16: T3 expected 0/10 median  drops 0 OBS det 0
[2026-10-10 16:17:47] block 17/96
[2026-10-10 16:17:47] start T3_b017_1617
[2026-10-10 16:18:28] start OBS_b017_1617
[2026-10-10 16:18:49] block 17: T3 expected 0/10 median  drops 0 OBS det 0
[2026-10-10 16:32:47] block 18/96
[2026-10-10 16:32:47] start T3_b018_1632
[2026-10-10 16:33:28] start OBS_b018_1632
[2026-10-10 16:33:49] block 18: T3 expected 0/10 median  drops 0 OBS det 0
[2026-10-10 16:47:47] block 19/96
[2026-10-10 16:47:47] start T3_b019_1647
[2026-10-10 16:48:28] start OBS_b019_1647
[2026-10-10 16:48:50] block 19: T3 expected 0/10 median  drops 0 OBS det 0
[2026-10-10 17:02:47] block 20/96
[2026-10-10 17:02:47] start T3_b020_1702
[2026-10-10 17:03:28] start OBS_b020_1702
[2026-10-10 17:03:49] block 20: T3 expected 0/10 median  drops 0 OBS det 0
[2026-10-10 17:17:47] block 21/96
[2026-10-10 17:17:47] start T3_b021_1717
[2026-10-10 17:18:28] start OBS_b021_1717
[2026-10-10 17:18:49] block 21: T3 expected 0/10 median  drops 0 OBS det 0
[2026-10-10 17:32:47] block 22/96
[2026-10-10 17:32:47] start T3_b022_1732
[2026-10-10 17:33:28] start OBS_b022_1732
[2026-10-10 17:33:49] block 22: T3 expected 0/10 median  drops 0 OBS det 0
[2026-10-10 17:47:47] block 23/96
[2026-10-10 17:47:47] start T3_b023_1747
[2026-10-10 17:48:28] start OBS_b023_1747
[2026-10-10 17:48:50] block 23: T3 expected 0/10 median  drops 0 OBS det 0
[2026-10-10 18:02:47] block 24/96
[2026-10-10 18:02:47] start T3_b024_1802
[2026-10-10 18:03:28] start OBS_b024_1802
[2026-10-10 18:03:50] block 24: T3 expected 0/10 median  drops 0 OBS det 0
[2026-10-10 18:17:47] block 25/96
[2026-10-10 18:17:47] start T3_b025_1817
[2026-10-10 18:18:28] start OBS_b025_1817
[2026-10-10 18:18:49] block 25: T3 expected 0/10 median  drops 0 OBS det 0
[2026-10-10 18:32:47] block 26/96
[2026-10-10 18:32:47] start T3_b026_1832
[2026-10-10 18:33:28] start OBS_b026_1832
[2026-10-10 18:33:49] block 26: T3 expected 0/10 median  drops 0 OBS det 0
[2026-10-10 18:47:47] block 27/96
[2026-10-10 18:47:47] start T3_b027_1847
[2026-10-10 18:48:28] start OBS_b027_1847
[2026-10-10 18:48:50] block 27: T3 expected 0/10 median  drops 0 OBS det 0
[2026-10-10 19:02:47] block 28/96
[2026-10-10 19:02:47] start T3_b028_1902
[2026-10-10 19:03:28] start OBS_b028_1902
[2026-10-10 19:03:50] block 28: T3 expected 0/10 median  drops 0 OBS det 0
[2026-10-10 19:17:47] block 29/96
[2026-10-10 19:17:47] start T3_b029_1917
[2026-10-10 19:18:28] start OBS_b029_1917
[2026-10-10 19:18:49] block 29: T3 expected 0/10 median  drops 0 OBS det 0
[2026-10-10 19:32:47] block 30/96
[2026-10-10 19:32:47] start T3_b030_1932
[2026-10-10 19:33:28] start OBS_b030_1932
[2026-10-10 19:33:50] block 30: T3 expected 0/10 median  drops 0 OBS det 0
[2026-10-10 19:47:47] block 31/96
[2026-10-10 19:47:47] start T3_b031_1947
[2026-10-10 19:48:28] start OBS_b031_1947
[2026-10-10 19:48:50] block 31: T3 expected 0/10 median  drops 0 OBS det 0
[2026-10-10 20:02:47] block 32/96
[2026-10-10 20:02:47] start T3_b032_2002
[2026-10-10 20:03:28] start OBS_b032_2002
[2026-10-10 20:03:50] block 32: T3 expected 0/10 median  drops 0 OBS det 0
[2026-10-10 20:17:47] block 33/96
[2026-10-10 20:17:47] start T3_b033_2017
[2026-10-10 20:18:28] start OBS_b033_2017
[2026-10-10 20:18:50] block 33: T3 expected 0/10 median  drops 0 OBS det 0
