# run: OBS_music_stock
# firmware: role=analyzer git=246029b version=0.4.0 board=damp
# started: 2026-10-10T11:50:54
>> EMIT MODE REMOTE
OK EMIT MODE REMOTE
>> SEQ DIAG off
OK SEQ DIAG off
>> SEQ OBS start tries=50 period=2000 window=1800 profile=TonalPulseScalar mode=detail when=all verbose=1
OK SEQ
SEQ rebase: start=7598ms end=7699ms elapsed=101ms
AUDIO stats reset
SEQ start test=default startup_delay_ms=1000 report_settle_ms=500 loopDelayMs=0 logStress=0
SEQ start source=I2S probe=AMP profile=TonalPulseScalar source=ScalarTransient detector=ScalarTransient freq_min_duration_ms=60 freq_release_debounce_ms=30 freq_cooldown_ms=0 scalar_observed_stream=FrequencyTarget scalar_onset_threshold=2000.0 scalar_release_threshold=1500.0 scalar_cooldown_ms=50 scalar_min_duration_ms=85 scalar_max_duration_ms=200 scalar_min_peak_strength=3000.0 scalar_release_debounce_ms=10 scalar_require_carrier_quality=1 scalar_min_release_coverage_ms=80 scalar_min_longest_island_ms=20 scalar_max_gap_ms=20 history.bin_ms=1 history.capacity_bins=256 history.coverage_ms=256 history.stream=amp aggregation=mean_abs+rms+peak_abs history.stream=freq_target aggregation=fresh_only history.stream=freq_contrast aggregation=fresh_only mode=OBS test=default startup_delay_ms=1000 report_settle_ms=500 loopDelayMs=0 logStress=0 quiet=0 tries=50 period_ms=2000 window_start_ms=0 window_end_ms=1800 freq_hz=3200 dur_ms=100
SEQ scalar: observed_stream=FrequencyTarget onset_threshold=2000.0 release_threshold=1500.0 cooldown_ms=50 min_duration_ms=85 max_duration_ms=200 min_peak_strength=3000.0 release_debounce_ms=10 carrier_quality_required=1 min_strength_required=1 min_strength=0.0 min_release_coverage_ms=80 min_longest_island_ms=20 max_gap_ms=20
FREQBAND runtime: freq.window_samples=64 freq.window_ms=4.00 freq.update_every_samples=4 freq.update_period_ms=0.250 freq.target_hz=3200 freq.produced_fresh_packet=0 freq.packet_age_samples=0 freq.packet_age_ms=0.000
OBS running

#1 ----------------
SEQ_HISTDBG trial=1 incomplete_total=0 new=0 out_of_order_total=1 i2s_backsteps=2 i2s_max_backstep_us=554 i2s_overflows=0 clock_corrections=6 clock_max_correction_us=559 emit_marker_seen=0 emit_marker_dt_ms=0 uptime_ms=10902 samples_read=51200 us_per_sample=27.41 dropped_dma_buffers=0 clock_rate_mhz=15999031
SEQ_TRIAL trial=1 result=miss stage=source reject_reason=missing_pipeline_result source_selection=none source_reason=none dt=-1ms contrast_class=unknown amp_class=unknown source_strength=0.0 verdict_confidence=0.00 dup=0 src_total=0 src_acc=0 src_rej=0 buffer_overrun=0 profile=TonalPulseScalar

#2 ----------------
SEQ_HISTDBG trial=2 incomplete_total=0 new=0 out_of_order_total=1 i2s_backsteps=7 i2s_max_backstep_us=554 i2s_overflows=0 clock_corrections=11 clock_max_correction_us=559 emit_marker_seen=0 emit_marker_dt_ms=0 uptime_ms=13702 samples_read=96000 us_per_sample=29.94 dropped_dma_buffers=0 clock_rate_mhz=16000000
SEQ_TRIAL trial=2 result=miss stage=source reject_reason=occurrence_seen_but_rejected source_selection=selected_reject source_reason=none dt=2195ms duration_ms=7 contrast_class=unknown amp_class=unknown coverage_ms=2 island_max_ms=2 gap_max_ms=4 source_strength=2048.0 verdict_confidence=0.00 dup=0 src_total=1 src_acc=0 src_rej=1 buffer_overrun=0 profile=TonalPulseScalar

#3 ----------------
SEQ_HISTDBG trial=3 incomplete_total=0 new=0 out_of_order_total=1 i2s_backsteps=8 i2s_max_backstep_us=554 i2s_overflows=0 clock_corrections=17 clock_max_correction_us=559 emit_marker_seen=0 emit_marker_dt_ms=0 uptime_ms=16502 samples_read=140800 us_per_sample=31.48 dropped_dma_buffers=0 clock_rate_mhz=16000000
SEQ_TRIAL trial=3 result=rejected stage=source reject_reason=duration_too_short source_selection=selected_reject source_reason=none dt=na duration_ms=8 contrast_class=unknown amp_class=unknown coverage_ms=4 island_max_ms=2 gap_max_ms=3 source_strength=2505.0 verdict_confidence=0.00 dup=0 src_total=1 src_acc=0 src_rej=1 buffer_overrun=0 profile=TonalPulseScalar

#4 ----------------
SEQ_HISTDBG trial=4 incomplete_total=0 new=0 out_of_order_total=1 i2s_backsteps=9 i2s_max_backstep_us=554 i2s_overflows=0 clock_corrections=23 clock_max_correction_us=559 emit_marker_seen=0 emit_marker_dt_ms=0 uptime_ms=19302 samples_read=185600 us_per_sample=32.53 dropped_dma_buffers=0 clock_rate_mhz=15999952
SEQ_TRIAL trial=4 result=rejected stage=source reject_reason=duration_too_short source_selection=selected_reject source_reason=none dt=na duration_ms=58 contrast_class=unknown amp_class=unknown coverage_ms=31 island_max_ms=7 gap_max_ms=8 source_strength=5528.0 verdict_confidence=0.00 dup=0 src_total=1 src_acc=0 src_rej=1 buffer_overrun=0 profile=TonalPulseScalar

#5 ----------------
SEQ_HISTDBG trial=5 incomplete_total=0 new=0 out_of_order_total=1 i2s_backsteps=12 i2s_max_backstep_us=554 i2s_overflows=0 clock_corrections=28 clock_max_correction_us=559 emit_marker_seen=0 emit_marker_dt_ms=0 uptime_ms=22102 samples_read=230400 us_per_sample=33.31 dropped_dma_buffers=0 clock_rate_mhz=16000000
SEQ_TRIAL trial=5 result=rejected stage=source reject_reason=duration_too_long source_selection=selected_reject source_reason=none dt=na duration_ms=347 contrast_class=unknown amp_class=unknown coverage_ms=169 island_max_ms=8 gap_max_ms=8 source_strength=4574.0 verdict_confidence=0.00 dup=0 src_total=1 src_acc=0 src_rej=1 buffer_overrun=0 profile=TonalPulseScalar

#6 ----------------
SEQ_HISTDBG trial=6 incomplete_total=0 new=0 out_of_order_total=1 i2s_backsteps=14 i2s_max_backstep_us=554 i2s_overflows=0 clock_corrections=34 clock_max_correction_us=559 emit_marker_seen=0 emit_marker_dt_ms=0 uptime_ms=24902 samples_read=275200 us_per_sample=33.88 dropped_dma_buffers=0 clock_rate_mhz=15999999
SEQ_TRIAL trial=6 result=rejected stage=source reject_reason=strength_too_low source_selection=selected_reject source_reason=none dt=na duration_ms=117 contrast_class=unknown amp_class=unknown coverage_ms=37 island_max_ms=3 gap_max_ms=7 source_strength=2874.0 verdict_confidence=0.00 dup=0 src_total=1 src_acc=0 src_rej=1 buffer_overrun=0 profile=TonalPulseScalar

#7 ----------------
SEQ_HISTDBG trial=7 incomplete_total=0 new=0 out_of_order_total=1 i2s_backsteps=14 i2s_max_backstep_us=554 i2s_overflows=0 clock_corrections=39 clock_max_correction_us=559 emit_marker_seen=0 emit_marker_dt_ms=0 uptime_ms=27702 samples_read=320000 us_per_sample=34.34 dropped_dma_buffers=0 clock_rate_mhz=15999968
SEQ_TRIAL trial=7 result=rejected stage=source reject_reason=longest_island_too_short source_selection=selected_reject source_reason=none dt=na duration_ms=158 contrast_class=unknown amp_class=unknown coverage_ms=94 island_max_ms=12 gap_max_ms=5 source_strength=5222.0 verdict_confidence=0.00 dup=0 src_total=1 src_acc=0 src_rej=1 buffer_overrun=0 profile=TonalPulseScalar

#8 ----------------
SEQ_HISTDBG trial=8 incomplete_total=0 new=0 out_of_order_total=1 i2s_backsteps=16 i2s_max_backstep_us=554 i2s_overflows=0 clock_corrections=45 clock_max_correction_us=559 emit_marker_seen=0 emit_marker_dt_ms=0 uptime_ms=30502 samples_read=364800 us_per_sample=34.70 dropped_dma_buffers=0 clock_rate_mhz=15999999
SEQ_TRIAL trial=8 result=rejected stage=source reject_reason=coverage_too_low source_selection=selected_reject source_reason=none dt=na duration_ms=142 contrast_class=unknown amp_class=unknown coverage_ms=68 island_max_ms=9 gap_max_ms=7 source_strength=4017.0 verdict_confidence=0.00 dup=0 src_total=1 src_acc=0 src_rej=1 buffer_overrun=0 profile=TonalPulseScalar

#9 ----------------
SEQ_HISTDBG trial=9 incomplete_total=0 new=0 out_of_order_total=1 i2s_backsteps=16 i2s_max_backstep_us=554 i2s_overflows=0 clock_corrections=50 clock_max_correction_us=559 emit_marker_seen=0 emit_marker_dt_ms=0 uptime_ms=33302 samples_read=409600 us_per_sample=35.03 dropped_dma_buffers=0 clock_rate_mhz=15999936
SEQ_TRIAL trial=9 result=late stage=analyzer reject_reason=result_after_window source_selection=selected_occurrence source_reason=none dt=1072ms duration_ms=114 contrast_class=medium amp_class=medium coverage_ms=94 island_max_ms=33 gap_max_ms=6 source_strength=4527.0 verdict_confidence=1.00 dup=0 src_total=1 src_acc=1 src_rej=0 buffer_overrun=0 profile=TonalPulseScalar

#10 ----------------
SEQ_HISTDBG trial=10 incomplete_total=0 new=0 out_of_order_total=1 i2s_backsteps=19 i2s_max_backstep_us=554 i2s_overflows=0 clock_corrections=56 clock_max_correction_us=559 emit_marker_seen=0 emit_marker_dt_ms=0 uptime_ms=36102 samples_read=454400 us_per_sample=35.33 dropped_dma_buffers=0 clock_rate_mhz=16000015
SEQ_TRIAL trial=10 result=late stage=analyzer reject_reason=result_after_window source_selection=selected_occurrence source_reason=none dt=1481ms duration_ms=112 contrast_class=medium amp_class=medium coverage_ms=96 island_max_ms=65 gap_max_ms=6 source_strength=5122.0 verdict_confidence=1.00 dup=0 src_total=1 src_acc=1 src_rej=0 buffer_overrun=0 profile=TonalPulseScalar

#11 ----------------
SEQ_HISTDBG trial=11 incomplete_total=0 new=0 out_of_order_total=1 i2s_backsteps=19 i2s_max_backstep_us=554 i2s_overflows=0 clock_corrections=61 clock_max_correction_us=559 emit_marker_seen=0 emit_marker_dt_ms=0 uptime_ms=38902 samples_read=499200 us_per_sample=35.57 dropped_dma_buffers=0 clock_rate_mhz=15999968
SEQ_TRIAL trial=11 result=expected stage=analyzer reject_reason=result_in_expected_window source_selection=selected_occurrence source_reason=none dt=195ms duration_ms=176 contrast_class=medium amp_class=strong coverage_ms=126 island_max_ms=56 gap_max_ms=9 source_strength=8218.0 verdict_confidence=1.00 dup=0 src_total=1 src_acc=1 src_rej=0 buffer_overrun=0 profile=TonalPulseScalar

#12 ----------------
SEQ_HISTDBG trial=12 incomplete_total=0 new=0 out_of_order_total=1 i2s_backsteps=21 i2s_max_backstep_us=554 i2s_overflows=0 clock_corrections=67 clock_max_correction_us=559 emit_marker_seen=0 emit_marker_dt_ms=0 uptime_ms=41702 samples_read=544000 us_per_sample=35.76 dropped_dma_buffers=0 clock_rate_mhz=15999984
SEQ_TRIAL trial=12 result=rejected stage=source reject_reason=duration_too_short source_selection=selected_reject source_reason=none dt=na duration_ms=74 contrast_class=unknown amp_class=unknown coverage_ms=47 island_max_ms=9 gap_max_ms=5 source_strength=3870.0 verdict_confidence=0.00 dup=0 src_total=1 src_acc=0 src_rej=1 buffer_overrun=0 profile=TonalPulseScalar

#13 ----------------
SEQ_HISTDBG trial=13 incomplete_total=0 new=0 out_of_order_total=1 i2s_backsteps=24 i2s_max_backstep_us=554 i2s_overflows=0 clock_corrections=73 clock_max_correction_us=559 emit_marker_seen=0 emit_marker_dt_ms=0 uptime_ms=44502 samples_read=588800 us_per_sample=35.90 dropped_dma_buffers=0 clock_rate_mhz=16000000
SEQ_TRIAL trial=13 result=rejected stage=source reject_reason=duration_too_short source_selection=selected_reject source_reason=none dt=na duration_ms=13 contrast_class=unknown amp_class=unknown coverage_ms=2 island_max_ms=2 gap_max_ms=10 source_strength=2228.0 verdict_confidence=0.00 dup=0 src_total=1 src_acc=0 src_rej=1 buffer_overrun=0 profile=TonalPulseScalar

#14 ----------------
SEQ_HISTDBG trial=14 incomplete_total=0 new=0 out_of_order_total=1 i2s_backsteps=26 i2s_max_backstep_us=554 i2s_overflows=0 clock_corrections=78 clock_max_correction_us=559 emit_marker_seen=0 emit_marker_dt_ms=0 uptime_ms=47302 samples_read=633600 us_per_sample=36.05 dropped_dma_buffers=0 clock_rate_mhz=16000000
SEQ_TRIAL trial=14 result=late stage=analyzer reject_reason=result_after_window source_selection=selected_occurrence source_reason=none dt=1205ms duration_ms=101 contrast_class=medium amp_class=medium coverage_ms=96 island_max_ms=58 gap_max_ms=2 source_strength=5015.0 verdict_confidence=1.00 dup=0 src_total=1 src_acc=1 src_rej=0 buffer_overrun=0 profile=TonalPulseScalar

#15 ----------------
SEQ_HISTDBG trial=15 incomplete_total=0 new=0 out_of_order_total=1 i2s_backsteps=28 i2s_max_backstep_us=554 i2s_overflows=0 clock_corrections=84 clock_max_correction_us=559 emit_marker_seen=0 emit_marker_dt_ms=0 uptime_ms=50102 samples_read=678400 us_per_sample=36.16 dropped_dma_buffers=0 clock_rate_mhz=16000031
SEQ_TRIAL trial=15 result=miss stage=source reject_reason=occurrence_seen_but_rejected source_selection=selected_reject source_reason=none dt=-12ms duration_ms=2 contrast_class=unknown amp_class=unknown coverage_ms=1 island_max_ms=2 gap_max_ms=0 source_strength=2440.0 verdict_confidence=0.00 dup=0 src_total=1 src_acc=0 src_rej=1 buffer_overrun=0 profile=TonalPulseScalar

#16 ----------------
SEQ_HISTDBG trial=16 incomplete_total=0 new=0 out_of_order_total=1 i2s_backsteps=29 i2s_max_backstep_us=554 i2s_overflows=0 clock_corrections=89 clock_max_correction_us=559 emit_marker_seen=0 emit_marker_dt_ms=0 uptime_ms=52902 samples_read=723200 us_per_sample=36.26 dropped_dma_buffers=0 clock_rate_mhz=16000000
SEQ_TRIAL trial=16 result=rejected stage=source reject_reason=duration_too_short source_selection=selected_reject source_reason=none dt=na duration_ms=8 contrast_class=unknown amp_class=unknown coverage_ms=5 island_max_ms=3 gap_max_ms=1 source_strength=2508.0 verdict_confidence=0.00 dup=0 src_total=1 src_acc=0 src_rej=1 buffer_overrun=0 profile=TonalPulseScalar

#17 ----------------
SEQ_HISTDBG trial=17 incomplete_total=0 new=0 out_of_order_total=1 i2s_backsteps=29 i2s_max_backstep_us=554 i2s_overflows=0 clock_corrections=95 clock_max_correction_us=559 emit_marker_seen=0 emit_marker_dt_ms=0 uptime_ms=55702 samples_read=768000 us_per_sample=36.35 dropped_dma_buffers=0 clock_rate_mhz=15999984
SEQ_TRIAL trial=17 result=rejected stage=source reject_reason=longest_island_too_short source_selection=selected_reject source_reason=none dt=na duration_ms=134 contrast_class=unknown amp_class=unknown coverage_ms=105 island_max_ms=19 gap_max_ms=5 source_strength=6588.0 verdict_confidence=0.00 dup=0 src_total=1 src_acc=0 src_rej=1 buffer_overrun=0 profile=TonalPulseScalar

#18 ----------------
SEQ_HISTDBG trial=18 incomplete_total=0 new=0 out_of_order_total=1 i2s_backsteps=32 i2s_max_backstep_us=554 i2s_overflows=0 clock_corrections=100 clock_max_correction_us=559 emit_marker_seen=0 emit_marker_dt_ms=0 uptime_ms=58502 samples_read=812800 us_per_sample=36.46 dropped_dma_buffers=0 clock_rate_mhz=16000031
SEQ_TRIAL trial=18 result=expected stage=analyzer reject_reason=result_in_expected_window source_selection=selected_occurrence source_reason=none dt=34ms duration_ms=101 contrast_class=medium amp_class=medium coverage_ms=81 island_max_ms=57 gap_max_ms=6 source_strength=6313.0 verdict_confidence=1.00 dup=1 src_total=1 src_acc=1 src_rej=0 buffer_overrun=0 profile=TonalPulseScalar

#19 ----------------
SEQ_HISTDBG trial=19 incomplete_total=0 new=0 out_of_order_total=1 i2s_backsteps=33 i2s_max_backstep_us=554 i2s_overflows=0 clock_corrections=106 clock_max_correction_us=559 emit_marker_seen=0 emit_marker_dt_ms=0 uptime_ms=61302 samples_read=857600 us_per_sample=36.55 dropped_dma_buffers=0 clock_rate_mhz=16000000
SEQ_TRIAL trial=19 result=rejected stage=source reject_reason=duration_too_short source_selection=selected_reject source_reason=none dt=na duration_ms=37 contrast_class=unknown amp_class=unknown coverage_ms=17 island_max_ms=4 gap_max_ms=8 source_strength=2743.0 verdict_confidence=0.00 dup=0 src_total=1 src_acc=0 src_rej=1 buffer_overrun=0 profile=TonalPulseScalar

#20 ----------------
SEQ_HISTDBG trial=20 incomplete_total=0 new=0 out_of_order_total=1 i2s_backsteps=35 i2s_max_backstep_us=554 i2s_overflows=0 clock_corrections=111 clock_max_correction_us=559 emit_marker_seen=0 emit_marker_dt_ms=0 uptime_ms=64102 samples_read=902400 us_per_sample=36.61 dropped_dma_buffers=0 clock_rate_mhz=16000015
SEQ_TRIAL trial=20 result=rejected stage=source reject_reason=duration_too_short source_selection=selected_reject source_reason=none dt=na duration_ms=27 contrast_class=unknown amp_class=unknown coverage_ms=7 island_max_ms=2 gap_max_ms=7 source_strength=2314.0 verdict_confidence=0.00 dup=0 src_total=1 src_acc=0 src_rej=1 buffer_overrun=0 profile=TonalPulseScalar

#21 ----------------
SEQ_HISTDBG trial=21 incomplete_total=0 new=0 out_of_order_total=1 i2s_backsteps=36 i2s_max_backstep_us=554 i2s_overflows=0 clock_corrections=117 clock_max_correction_us=559 emit_marker_seen=0 emit_marker_dt_ms=0 uptime_ms=66902 samples_read=947200 us_per_sample=36.67 dropped_dma_buffers=0 clock_rate_mhz=15999984
SEQ_TRIAL trial=21 result=rejected stage=source reject_reason=duration_too_short source_selection=selected_reject source_reason=none dt=na duration_ms=13 contrast_class=unknown amp_class=unknown coverage_ms=6 island_max_ms=2 gap_max_ms=4 source_strength=2371.0 verdict_confidence=0.00 dup=0 src_total=1 src_acc=0 src_rej=1 buffer_overrun=0 profile=TonalPulseScalar

#22 ----------------
SEQ_HISTDBG trial=22 incomplete_total=0 new=0 out_of_order_total=1 i2s_backsteps=37 i2s_max_backstep_us=554 i2s_overflows=0 clock_corrections=123 clock_max_correction_us=559 emit_marker_seen=0 emit_marker_dt_ms=0 uptime_ms=69702 samples_read=992000 us_per_sample=36.73 dropped_dma_buffers=0 clock_rate_mhz=15999968
SEQ_TRIAL trial=22 result=rejected stage=source reject_reason=duration_too_short source_selection=selected_reject source_reason=none dt=na duration_ms=5 contrast_class=unknown amp_class=unknown coverage_ms=3 island_max_ms=2 gap_max_ms=2 source_strength=2326.0 verdict_confidence=0.00 dup=0 src_total=1 src_acc=0 src_rej=1 buffer_overrun=0 profile=TonalPulseScalar

#23 ----------------
SEQ_HISTDBG trial=23 incomplete_total=0 new=0 out_of_order_total=1 i2s_backsteps=40 i2s_max_backstep_us=554 i2s_overflows=0 clock_corrections=128 clock_max_correction_us=559 emit_marker_seen=0 emit_marker_dt_ms=0 uptime_ms=72502 samples_read=1036800 us_per_sample=36.78 dropped_dma_buffers=0 clock_rate_mhz=15999968
SEQ_TRIAL trial=23 result=rejected stage=source reject_reason=duration_too_short source_selection=selected_reject source_reason=none dt=na duration_ms=29 contrast_class=unknown amp_class=unknown coverage_ms=15 island_max_ms=7 gap_max_ms=10 source_strength=2635.0 verdict_confidence=0.00 dup=0 src_total=1 src_acc=0 src_rej=1 buffer_overrun=0 profile=TonalPulseScalar

#24 ----------------
SEQ_HISTDBG trial=24 incomplete_total=0 new=0 out_of_order_total=1 i2s_backsteps=42 i2s_max_backstep_us=554 i2s_overflows=0 clock_corrections=134 clock_max_correction_us=559 emit_marker_seen=0 emit_marker_dt_ms=0 uptime_ms=75302 samples_read=1081600 us_per_sample=36.82 dropped_dma_buffers=0 clock_rate_mhz=15999984
SEQ_TRIAL trial=24 result=rejected stage=source reject_reason=duration_too_short source_selection=selected_reject source_reason=none dt=na duration_ms=51 contrast_class=unknown amp_class=unknown coverage_ms=40 island_max_ms=14 gap_max_ms=5 source_strength=3780.0 verdict_confidence=0.00 dup=0 src_total=1 src_acc=0 src_rej=1 buffer_overrun=0 profile=TonalPulseScalar

#25 ----------------
SEQ_HISTDBG trial=25 incomplete_total=0 new=0 out_of_order_total=1 i2s_backsteps=42 i2s_max_backstep_us=554 i2s_overflows=0 clock_corrections=139 clock_max_correction_us=559 emit_marker_seen=0 emit_marker_dt_ms=0 uptime_ms=78102 samples_read=1126400 us_per_sample=36.87 dropped_dma_buffers=0 clock_rate_mhz=15999952
SEQ_TRIAL trial=25 result=rejected stage=source reject_reason=duration_too_short source_selection=selected_reject source_reason=none dt=na duration_ms=63 contrast_class=unknown amp_class=unknown coverage_ms=42 island_max_ms=7 gap_max_ms=3 source_strength=4443.0 verdict_confidence=0.00 dup=0 src_total=1 src_acc=0 src_rej=1 buffer_overrun=0 profile=TonalPulseScalar

#26 ----------------
SEQ_HISTDBG trial=26 incomplete_total=0 new=0 out_of_order_total=1 i2s_backsteps=43 i2s_max_backstep_us=554 i2s_overflows=0 clock_corrections=145 clock_max_correction_us=559 emit_marker_seen=0 emit_marker_dt_ms=0 uptime_ms=80902 samples_read=1171200 us_per_sample=36.93 dropped_dma_buffers=0 clock_rate_mhz=15999984
SEQ_TRIAL trial=26 result=rejected stage=source reject_reason=duration_too_long source_selection=selected_reject source_reason=none dt=na duration_ms=346 contrast_class=unknown amp_class=unknown coverage_ms=172 island_max_ms=13 gap_max_ms=9 source_strength=4413.0 verdict_confidence=0.00 dup=0 src_total=1 src_acc=0 src_rej=1 buffer_overrun=0 profile=TonalPulseScalar

#27 ----------------
SEQ_HISTDBG trial=27 incomplete_total=0 new=0 out_of_order_total=1 i2s_backsteps=44 i2s_max_backstep_us=554 i2s_overflows=0 clock_corrections=150 clock_max_correction_us=559 emit_marker_seen=0 emit_marker_dt_ms=0 uptime_ms=83702 samples_read=1216000 us_per_sample=36.97 dropped_dma_buffers=0 clock_rate_mhz=15999968
SEQ_TRIAL trial=27 result=rejected stage=source reject_reason=duration_too_long source_selection=selected_reject source_reason=none dt=na duration_ms=281 contrast_class=unknown amp_class=unknown coverage_ms=168 island_max_ms=27 gap_max_ms=7 source_strength=6131.0 verdict_confidence=0.00 dup=0 src_total=1 src_acc=0 src_rej=1 buffer_overrun=0 profile=TonalPulseScalar

#28 ----------------
SEQ_HISTDBG trial=28 incomplete_total=0 new=0 out_of_order_total=1 i2s_backsteps=47 i2s_max_backstep_us=554 i2s_overflows=0 clock_corrections=156 clock_max_correction_us=559 emit_marker_seen=0 emit_marker_dt_ms=0 uptime_ms=86502 samples_read=1260800 us_per_sample=37.01 dropped_dma_buffers=0 clock_rate_mhz=15999968
SEQ_TRIAL trial=28 result=rejected stage=source reject_reason=coverage_too_low source_selection=selected_reject source_reason=none dt=na duration_ms=91 contrast_class=unknown amp_class=unknown coverage_ms=27 island_max_ms=3 gap_max_ms=9 source_strength=3258.0 verdict_confidence=0.00 dup=0 src_total=1 src_acc=0 src_rej=1 buffer_overrun=0 profile=TonalPulseScalar

#29 ----------------
SEQ_HISTDBG trial=29 incomplete_total=0 new=0 out_of_order_total=1 i2s_backsteps=48 i2s_max_backstep_us=554 i2s_overflows=0 clock_corrections=161 clock_max_correction_us=559 emit_marker_seen=0 emit_marker_dt_ms=0 uptime_ms=89302 samples_read=1305600 us_per_sample=37.04 dropped_dma_buffers=0 clock_rate_mhz=15999952
SEQ_TRIAL trial=29 result=rejected stage=source reject_reason=duration_too_short source_selection=selected_reject source_reason=none dt=na duration_ms=77 contrast_class=unknown amp_class=unknown coverage_ms=16 island_max_ms=3 gap_max_ms=9 source_strength=2606.0 verdict_confidence=0.00 dup=0 src_total=1 src_acc=0 src_rej=1 buffer_overrun=0 profile=TonalPulseScalar

#30 ----------------
SEQ_HISTDBG trial=30 incomplete_total=0 new=0 out_of_order_total=1 i2s_backsteps=49 i2s_max_backstep_us=554 i2s_overflows=0 clock_corrections=167 clock_max_correction_us=559 emit_marker_seen=0 emit_marker_dt_ms=0 uptime_ms=92102 samples_read=1350400 us_per_sample=37.07 dropped_dma_buffers=0 clock_rate_mhz=15999984
SEQ_TRIAL trial=30 result=rejected stage=source reject_reason=duration_too_short source_selection=selected_reject source_reason=none dt=na duration_ms=69 contrast_class=unknown amp_class=unknown coverage_ms=35 island_max_ms=8 gap_max_ms=6 source_strength=3015.0 verdict_confidence=0.00 dup=0 src_total=1 src_acc=0 src_rej=1 buffer_overrun=0 profile=TonalPulseScalar

#31 ----------------
SEQ_HISTDBG trial=31 incomplete_total=0 new=0 out_of_order_total=1 i2s_backsteps=52 i2s_max_backstep_us=554 i2s_overflows=0 clock_corrections=173 clock_max_correction_us=559 emit_marker_seen=0 emit_marker_dt_ms=0 uptime_ms=94902 samples_read=1395200 us_per_sample=37.10 dropped_dma_buffers=0 clock_rate_mhz=15999984
SEQ_TRIAL trial=31 result=rejected stage=source reject_reason=duration_too_short source_selection=selected_reject source_reason=none dt=na duration_ms=30 contrast_class=unknown amp_class=unknown coverage_ms=11 island_max_ms=4 gap_max_ms=9 source_strength=2530.0 verdict_confidence=0.00 dup=0 src_total=1 src_acc=0 src_rej=1 buffer_overrun=0 profile=TonalPulseScalar

#32 ----------------
SEQ_HISTDBG trial=32 incomplete_total=0 new=0 out_of_order_total=1 i2s_backsteps=53 i2s_max_backstep_us=554 i2s_overflows=0 clock_corrections=178 clock_max_correction_us=559 emit_marker_seen=0 emit_marker_dt_ms=0 uptime_ms=97702 samples_read=1440000 us_per_sample=37.13 dropped_dma_buffers=0 clock_rate_mhz=15999968
SEQ_TRIAL trial=32 result=late stage=analyzer reject_reason=result_after_window source_selection=selected_occurrence source_reason=none dt=1616ms duration_ms=106 contrast_class=medium amp_class=medium coverage_ms=94 island_max_ms=66 gap_max_ms=7 source_strength=6593.0 verdict_confidence=1.00 dup=0 src_total=1 src_acc=1 src_rej=0 buffer_overrun=0 profile=TonalPulseScalar

#33 ----------------
SEQ_HISTDBG trial=33 incomplete_total=0 new=0 out_of_order_total=1 i2s_backsteps=56 i2s_max_backstep_us=554 i2s_overflows=0 clock_corrections=184 clock_max_correction_us=559 emit_marker_seen=0 emit_marker_dt_ms=0 uptime_ms=100502 samples_read=1484800 us_per_sample=37.17 dropped_dma_buffers=0 clock_rate_mhz=16000000
SEQ_TRIAL trial=33 result=rejected stage=source reject_reason=duration_too_short source_selection=selected_reject source_reason=none dt=na duration_ms=74 contrast_class=unknown amp_class=unknown coverage_ms=26 island_max_ms=4 gap_max_ms=8 source_strength=2819.0 verdict_confidence=0.00 dup=0 src_total=1 src_acc=0 src_rej=1 buffer_overrun=0 profile=TonalPulseScalar

#34 ----------------
SEQ_HISTDBG trial=34 incomplete_total=0 new=0 out_of_order_total=1 i2s_backsteps=56 i2s_max_backstep_us=554 i2s_overflows=0 clock_corrections=189 clock_max_correction_us=559 emit_marker_seen=0 emit_marker_dt_ms=0 uptime_ms=103302 samples_read=1529600 us_per_sample=37.19 dropped_dma_buffers=0 clock_rate_mhz=15999984
SEQ_TRIAL trial=34 result=rejected stage=source reject_reason=duration_too_short source_selection=selected_reject source_reason=none dt=na duration_ms=35 contrast_class=unknown amp_class=unknown coverage_ms=7 island_max_ms=3 gap_max_ms=9 source_strength=2419.0 verdict_confidence=0.00 dup=0 src_total=1 src_acc=0 src_rej=1 buffer_overrun=0 profile=TonalPulseScalar

#35 ----------------
SEQ_HISTDBG trial=35 incomplete_total=0 new=0 out_of_order_total=1 i2s_backsteps=58 i2s_max_backstep_us=554 i2s_overflows=0 clock_corrections=195 clock_max_correction_us=559 emit_marker_seen=0 emit_marker_dt_ms=0 uptime_ms=106102 samples_read=1574400 us_per_sample=37.21 dropped_dma_buffers=0 clock_rate_mhz=16000031
SEQ_TRIAL trial=35 result=rejected stage=source reject_reason=duration_too_short source_selection=selected_reject source_reason=none dt=na duration_ms=32 contrast_class=unknown amp_class=unknown coverage_ms=7 island_max_ms=3 gap_max_ms=10 source_strength=2736.0 verdict_confidence=0.00 dup=0 src_total=1 src_acc=0 src_rej=1 buffer_overrun=0 profile=TonalPulseScalar

#36 ----------------
SEQ_HISTDBG trial=36 incomplete_total=0 new=0 out_of_order_total=1 i2s_backsteps=59 i2s_max_backstep_us=554 i2s_overflows=0 clock_corrections=200 clock_max_correction_us=559 emit_marker_seen=0 emit_marker_dt_ms=0 uptime_ms=108902 samples_read=1619200 us_per_sample=37.24 dropped_dma_buffers=0 clock_rate_mhz=15999984
SEQ_TRIAL trial=36 result=rejected stage=source reject_reason=duration_too_short source_selection=selected_reject source_reason=none dt=na duration_ms=47 contrast_class=unknown amp_class=unknown coverage_ms=15 island_max_ms=5 gap_max_ms=8 source_strength=3788.0 verdict_confidence=0.00 dup=0 src_total=1 src_acc=0 src_rej=1 buffer_overrun=0 profile=TonalPulseScalar

#37 ----------------
SEQ_HISTDBG trial=37 incomplete_total=0 new=0 out_of_order_total=1 i2s_backsteps=62 i2s_max_backstep_us=554 i2s_overflows=0 clock_corrections=206 clock_max_correction_us=559 emit_marker_seen=0 emit_marker_dt_ms=0 uptime_ms=111702 samples_read=1664000 us_per_sample=37.26 dropped_dma_buffers=0 clock_rate_mhz=15999999
SEQ_TRIAL trial=37 result=rejected stage=source reject_reason=duration_too_short source_selection=selected_reject source_reason=none dt=na duration_ms=40 contrast_class=unknown amp_class=unknown coverage_ms=5 island_max_ms=1 gap_max_ms=8 source_strength=2032.0 verdict_confidence=0.00 dup=0 src_total=1 src_acc=0 src_rej=1 buffer_overrun=0 profile=TonalPulseScalar

#38 ----------------
SEQ_HISTDBG trial=38 incomplete_total=0 new=0 out_of_order_total=1 i2s_backsteps=63 i2s_max_backstep_us=554 i2s_overflows=0 clock_corrections=211 clock_max_correction_us=559 emit_marker_seen=0 emit_marker_dt_ms=0 uptime_ms=114502 samples_read=1708800 us_per_sample=37.27 dropped_dma_buffers=0 clock_rate_mhz=15999968
SEQ_TRIAL trial=38 result=rejected stage=source reject_reason=duration_too_short source_selection=selected_reject source_reason=none dt=na duration_ms=62 contrast_class=unknown amp_class=unknown coverage_ms=17 island_max_ms=3 gap_max_ms=9 source_strength=2866.0 verdict_confidence=0.00 dup=0 src_total=1 src_acc=0 src_rej=1 buffer_overrun=0 profile=TonalPulseScalar

#39 ----------------
SEQ_HISTDBG trial=39 incomplete_total=0 new=0 out_of_order_total=1 i2s_backsteps=64 i2s_max_backstep_us=554 i2s_overflows=0 clock_corrections=217 clock_max_correction_us=559 emit_marker_seen=0 emit_marker_dt_ms=0 uptime_ms=117302 samples_read=1753600 us_per_sample=37.29 dropped_dma_buffers=0 clock_rate_mhz=15999999
SEQ_TRIAL trial=39 result=rejected stage=source reject_reason=duration_too_short source_selection=selected_reject source_reason=none dt=na duration_ms=62 contrast_class=unknown amp_class=unknown coverage_ms=24 island_max_ms=5 gap_max_ms=8 source_strength=4791.0 verdict_confidence=0.00 dup=0 src_total=1 src_acc=0 src_rej=1 buffer_overrun=0 profile=TonalPulseScalar

#40 ----------------
SEQ_HISTDBG trial=40 incomplete_total=0 new=0 out_of_order_total=1 i2s_backsteps=65 i2s_max_backstep_us=554 i2s_overflows=0 clock_corrections=223 clock_max_correction_us=559 emit_marker_seen=0 emit_marker_dt_ms=0 uptime_ms=120102 samples_read=1798400 us_per_sample=37.31 dropped_dma_buffers=0 clock_rate_mhz=15999968
SEQ_TRIAL trial=40 result=rejected stage=source reject_reason=coverage_too_low source_selection=selected_reject source_reason=none dt=na duration_ms=183 contrast_class=unknown amp_class=unknown coverage_ms=71 island_max_ms=7 gap_max_ms=9 source_strength=3601.0 verdict_confidence=0.00 dup=0 src_total=1 src_acc=0 src_rej=1 buffer_overrun=0 profile=TonalPulseScalar

#41 ----------------
SEQ_HISTDBG trial=41 incomplete_total=0 new=0 out_of_order_total=1 i2s_backsteps=68 i2s_max_backstep_us=554 i2s_overflows=0 clock_corrections=228 clock_max_correction_us=559 emit_marker_seen=0 emit_marker_dt_ms=0 uptime_ms=122902 samples_read=1843200 us_per_sample=37.33 dropped_dma_buffers=0 clock_rate_mhz=16000015
SEQ_TRIAL trial=41 result=rejected stage=source reject_reason=longest_island_too_short source_selection=selected_reject source_reason=none dt=na duration_ms=195 contrast_class=unknown amp_class=unknown coverage_ms=125 island_max_ms=15 gap_max_ms=6 source_strength=5487.0 verdict_confidence=0.00 dup=0 src_total=1 src_acc=0 src_rej=1 buffer_overrun=0 profile=TonalPulseScalar

#42 ----------------
SEQ_HISTDBG trial=42 incomplete_total=0 new=0 out_of_order_total=1 i2s_backsteps=68 i2s_max_backstep_us=554 i2s_overflows=0 clock_corrections=234 clock_max_correction_us=559 emit_marker_seen=0 emit_marker_dt_ms=0 uptime_ms=125702 samples_read=1888000 us_per_sample=37.34 dropped_dma_buffers=0 clock_rate_mhz=15999968
SEQ_TRIAL trial=42 result=rejected stage=source reject_reason=duration_too_short source_selection=selected_reject source_reason=none dt=na duration_ms=61 contrast_class=unknown amp_class=unknown coverage_ms=12 island_max_ms=2 gap_max_ms=10 source_strength=2343.0 verdict_confidence=0.00 dup=0 src_total=1 src_acc=0 src_rej=1 buffer_overrun=0 profile=TonalPulseScalar

#43 ----------------
SEQ_HISTDBG trial=43 incomplete_total=0 new=0 out_of_order_total=1 i2s_backsteps=69 i2s_max_backstep_us=554 i2s_overflows=0 clock_corrections=239 clock_max_correction_us=559 emit_marker_seen=0 emit_marker_dt_ms=0 uptime_ms=128502 samples_read=1932800 us_per_sample=37.36 dropped_dma_buffers=0 clock_rate_mhz=15999952
SEQ_TRIAL trial=43 result=rejected stage=source reject_reason=coverage_too_low source_selection=selected_reject source_reason=none dt=na duration_ms=96 contrast_class=unknown amp_class=unknown coverage_ms=44 island_max_ms=9 gap_max_ms=8 source_strength=4535.0 verdict_confidence=0.00 dup=0 src_total=1 src_acc=0 src_rej=1 buffer_overrun=0 profile=TonalPulseScalar

#44 ----------------
SEQ_HISTDBG trial=44 incomplete_total=0 new=0 out_of_order_total=1 i2s_backsteps=71 i2s_max_backstep_us=554 i2s_overflows=0 clock_corrections=245 clock_max_correction_us=559 emit_marker_seen=0 emit_marker_dt_ms=0 uptime_ms=131302 samples_read=1977600 us_per_sample=37.37 dropped_dma_buffers=0 clock_rate_mhz=16000015
SEQ_TRIAL trial=44 result=rejected stage=source reject_reason=duration_too_short source_selection=selected_reject source_reason=none dt=na duration_ms=16 contrast_class=unknown amp_class=unknown coverage_ms=5 island_max_ms=2 gap_max_ms=6 source_strength=2296.0 verdict_confidence=0.00 dup=0 src_total=1 src_acc=0 src_rej=1 buffer_overrun=0 profile=TonalPulseScalar

#45 ----------------
SEQ_HISTDBG trial=45 incomplete_total=0 new=0 out_of_order_total=1 i2s_backsteps=72 i2s_max_backstep_us=554 i2s_overflows=0 clock_corrections=250 clock_max_correction_us=559 emit_marker_seen=0 emit_marker_dt_ms=0 uptime_ms=134102 samples_read=2022400 us_per_sample=37.39 dropped_dma_buffers=0 clock_rate_mhz=16000015
SEQ_TRIAL trial=45 result=rejected stage=source reject_reason=coverage_too_low source_selection=selected_reject source_reason=none dt=na duration_ms=85 contrast_class=unknown amp_class=unknown coverage_ms=50 island_max_ms=6 gap_max_ms=7 source_strength=5977.0 verdict_confidence=0.00 dup=0 src_total=1 src_acc=0 src_rej=1 buffer_overrun=0 profile=TonalPulseScalar

#46 ----------------
SEQ_HISTDBG trial=46 incomplete_total=0 new=0 out_of_order_total=1 i2s_backsteps=73 i2s_max_backstep_us=554 i2s_overflows=0 clock_corrections=256 clock_max_correction_us=559 emit_marker_seen=0 emit_marker_dt_ms=0 uptime_ms=136902 samples_read=2067200 us_per_sample=37.40 dropped_dma_buffers=0 clock_rate_mhz=15999984
SEQ_TRIAL trial=46 result=rejected stage=source reject_reason=coverage_too_low source_selection=selected_reject source_reason=none dt=na duration_ms=114 contrast_class=unknown amp_class=unknown coverage_ms=30 island_max_ms=7 gap_max_ms=9 source_strength=3943.0 verdict_confidence=0.00 dup=0 src_total=1 src_acc=0 src_rej=1 buffer_overrun=0 profile=TonalPulseScalar

#47 ----------------
SEQ_HISTDBG trial=47 incomplete_total=0 new=0 out_of_order_total=1 i2s_backsteps=75 i2s_max_backstep_us=554 i2s_overflows=0 clock_corrections=261 clock_max_correction_us=559 emit_marker_seen=0 emit_marker_dt_ms=0 uptime_ms=139702 samples_read=2112000 us_per_sample=37.41 dropped_dma_buffers=0 clock_rate_mhz=15999984
SEQ_TRIAL trial=47 result=rejected stage=source reject_reason=duration_too_short source_selection=selected_reject source_reason=none dt=na duration_ms=7 contrast_class=unknown amp_class=unknown coverage_ms=6 island_max_ms=7 gap_max_ms=0 source_strength=2447.0 verdict_confidence=0.00 dup=0 src_total=1 src_acc=0 src_rej=1 buffer_overrun=0 profile=TonalPulseScalar

#48 ----------------
SEQ_HISTDBG trial=48 incomplete_total=0 new=0 out_of_order_total=1 i2s_backsteps=76 i2s_max_backstep_us=554 i2s_overflows=0 clock_corrections=267 clock_max_correction_us=559 emit_marker_seen=0 emit_marker_dt_ms=0 uptime_ms=142502 samples_read=2156800 us_per_sample=37.42 dropped_dma_buffers=0 clock_rate_mhz=15999984
SEQ_TRIAL trial=48 result=rejected stage=source reject_reason=coverage_too_low source_selection=selected_reject source_reason=none dt=na duration_ms=126 contrast_class=unknown amp_class=unknown coverage_ms=67 island_max_ms=26 gap_max_ms=7 source_strength=4601.0 verdict_confidence=0.00 dup=0 src_total=1 src_acc=0 src_rej=1 buffer_overrun=0 profile=TonalPulseScalar

#49 ----------------
SEQ_HISTDBG trial=49 incomplete_total=0 new=0 out_of_order_total=1 i2s_backsteps=78 i2s_max_backstep_us=554 i2s_overflows=0 clock_corrections=273 clock_max_correction_us=559 emit_marker_seen=0 emit_marker_dt_ms=0 uptime_ms=145302 samples_read=2201600 us_per_sample=37.44 dropped_dma_buffers=0 clock_rate_mhz=16000000
SEQ_TRIAL trial=49 result=rejected stage=source reject_reason=duration_too_long source_selection=selected_reject source_reason=none dt=na duration_ms=663 contrast_class=unknown amp_class=unknown coverage_ms=456 island_max_ms=13 gap_max_ms=6 source_strength=6534.0 verdict_confidence=0.00 dup=0 src_total=1 src_acc=0 src_rej=1 buffer_overrun=0 profile=TonalPulseScalar

#50 ----------------
SEQ_HISTDBG trial=50 incomplete_total=0 new=0 out_of_order_total=1 i2s_backsteps=79 i2s_max_backstep_us=554 i2s_overflows=0 clock_corrections=278 clock_max_correction_us=559 emit_marker_seen=0 emit_marker_dt_ms=0 uptime_ms=148102 samples_read=2246400 us_per_sample=37.45 dropped_dma_buffers=0 clock_rate_mhz=15999968
SEQ_TRIAL trial=50 result=rejected stage=source reject_reason=duration_too_long source_selection=selected_reject source_reason=none dt=na duration_ms=424 contrast_class=unknown amp_class=unknown coverage_ms=242 island_max_ms=24 gap_max_ms=7 source_strength=6032.0 verdict_confidence=0.00 dup=0 src_total=1 src_acc=0 src_rej=1 buffer_overrun=0 profile=TonalPulseScalar
SEQ_SUMMARY profile=TonalPulseScalar detector=scalar_transient trials=50 completed=50 expected_trials=2 early_trials=0 late_trials=4 miss_trials=3 duplicate_trials=0 unexpected_trials=0 rejected_trials=41 buffer_overrun_trials=0 ambiguous_trials=0 too_dense_trials=0 detector_accepted_trials=6 detector_reject_trials=43 pattern_valid_trials=6 pattern_rejected_trials=0 avg_dt_ms=954 avg_strength=3918.4 avg_conf=1.00
