# run: OBS_speech_stock
# firmware: role=analyzer git=246029b version=0.4.0 board=damp
# started: 2026-10-10T11:45:43
>> EMIT MODE REMOTE
OK EMIT MODE REMOTE
>> SEQ DIAG off
OK SEQ DIAG off
>> SEQ OBS start tries=50 period=2000 window=1800 profile=TonalPulseScalar mode=detail when=all verbose=1
OK SEQ
SEQ rebase: start=7545ms end=7645ms elapsed=100ms
AUDIO stats reset
SEQ start test=default startup_delay_ms=1000 report_settle_ms=500 loopDelayMs=0 logStress=0
SEQ start source=I2S probe=AMP profile=TonalPulseScalar source=ScalarTransient detector=ScalarTransient freq_min_duration_ms=60 freq_release_debounce_ms=30 freq_cooldown_ms=0 scalar_observed_stream=FrequencyTarget scalar_onset_threshold=2000.0 scalar_release_threshold=1500.0 scalar_cooldown_ms=50 scalar_min_duration_ms=85 scalar_max_duration_ms=200 scalar_min_peak_strength=3000.0 scalar_release_debounce_ms=10 scalar_require_carrier_quality=1 scalar_min_release_coverage_ms=80 scalar_min_longest_island_ms=20 scalar_max_gap_ms=20 history.bin_ms=1 history.capacity_bins=256 history.coverage_ms=256 history.stream=amp aggregation=mean_abs+rms+peak_abs history.stream=freq_target aggregation=fresh_only history.stream=freq_contrast aggregation=fresh_only mode=OBS test=default startup_delay_ms=1000 report_settle_ms=500 loopDelayMs=0 logStress=0 quiet=0 tries=50 period_ms=2000 window_start_ms=0 window_end_ms=1800 freq_hz=3200 dur_ms=100
SEQ scalar: observed_stream=FrequencyTarget onset_threshold=2000.0 release_threshold=1500.0 cooldown_ms=50 min_duration_ms=85 max_duration_ms=200 min_peak_strength=3000.0 release_debounce_ms=10 carrier_quality_required=1 min_strength_required=1 min_strength=0.0 min_release_coverage_ms=80 min_longest_island_ms=20 max_gap_ms=20
FREQBAND runtime: freq.window_samples=64 freq.window_ms=4.00 freq.update_every_samples=4 freq.update_period_ms=0.250 freq.target_hz=3200 freq.produced_fresh_packet=0 freq.packet_age_samples=0 freq.packet_age_ms=0.000
OBS running

#1 ----------------
SEQ_HISTDBG trial=1 incomplete_total=0 new=0 out_of_order_total=3 i2s_backsteps=2 i2s_max_backstep_us=2605 i2s_overflows=0 clock_corrections=6 clock_max_correction_us=2626 emit_marker_seen=0 emit_marker_dt_ms=0 uptime_ms=10846 samples_read=51200 us_per_sample=27.43 dropped_dma_buffers=0 clock_rate_mhz=15994985
SEQ_TRIAL trial=1 result=rejected stage=source reject_reason=duration_too_short source_selection=selected_reject source_reason=none dt=na duration_ms=2 contrast_class=unknown amp_class=unknown coverage_ms=1 island_max_ms=2 gap_max_ms=0 source_strength=2011.0 verdict_confidence=0.00 dup=0 src_total=1 src_acc=0 src_rej=1 buffer_overrun=0 profile=TonalPulseScalar

#2 ----------------
SEQ_HISTDBG trial=2 incomplete_total=0 new=0 out_of_order_total=4 i2s_backsteps=7 i2s_max_backstep_us=2605 i2s_overflows=0 clock_corrections=11 clock_max_correction_us=2626 emit_marker_seen=0 emit_marker_dt_ms=0 uptime_ms=13646 samples_read=96000 us_per_sample=29.97 dropped_dma_buffers=0 clock_rate_mhz=15999936
SEQ_TRIAL trial=2 result=miss stage=source reject_reason=occurrence_seen_but_rejected source_selection=selected_reject source_reason=none dt=1921ms duration_ms=6 contrast_class=unknown amp_class=unknown coverage_ms=5 island_max_ms=4 gap_max_ms=1 source_strength=2569.0 verdict_confidence=0.00 dup=0 src_total=1 src_acc=0 src_rej=1 buffer_overrun=0 profile=TonalPulseScalar

#3 ----------------
SEQ_HISTDBG trial=3 incomplete_total=0 new=0 out_of_order_total=4 i2s_backsteps=9 i2s_max_backstep_us=2605 i2s_overflows=0 clock_corrections=17 clock_max_correction_us=2626 emit_marker_seen=0 emit_marker_dt_ms=0 uptime_ms=16446 samples_read=140800 us_per_sample=31.52 dropped_dma_buffers=0 clock_rate_mhz=16000000
SEQ_TRIAL trial=3 result=miss stage=source reject_reason=occurrence_seen_but_rejected source_selection=selected_reject source_reason=none dt=2275ms duration_ms=6 contrast_class=unknown amp_class=unknown coverage_ms=2 island_max_ms=1 gap_max_ms=2 source_strength=2269.0 verdict_confidence=0.00 dup=0 src_total=1 src_acc=0 src_rej=1 buffer_overrun=0 profile=TonalPulseScalar

#4 ----------------
SEQ_HISTDBG trial=4 incomplete_total=0 new=0 out_of_order_total=4 i2s_backsteps=10 i2s_max_backstep_us=2605 i2s_overflows=0 clock_corrections=23 clock_max_correction_us=2626 emit_marker_seen=0 emit_marker_dt_ms=0 uptime_ms=19246 samples_read=185600 us_per_sample=32.57 dropped_dma_buffers=0 clock_rate_mhz=16000000
SEQ_TRIAL trial=4 result=rejected stage=source reject_reason=duration_too_short source_selection=selected_reject source_reason=none dt=na duration_ms=22 contrast_class=unknown amp_class=unknown coverage_ms=4 island_max_ms=1 gap_max_ms=5 source_strength=2017.0 verdict_confidence=0.00 dup=0 src_total=1 src_acc=0 src_rej=1 buffer_overrun=0 profile=TonalPulseScalar

#5 ----------------
SEQ_HISTDBG trial=5 incomplete_total=0 new=0 out_of_order_total=4 i2s_backsteps=10 i2s_max_backstep_us=2605 i2s_overflows=0 clock_corrections=28 clock_max_correction_us=2626 emit_marker_seen=0 emit_marker_dt_ms=0 uptime_ms=22046 samples_read=230400 us_per_sample=33.33 dropped_dma_buffers=0 clock_rate_mhz=16000000
SEQ_TRIAL trial=5 result=rejected stage=source reject_reason=duration_too_short source_selection=selected_reject source_reason=none dt=na duration_ms=38 contrast_class=unknown amp_class=unknown coverage_ms=29 island_max_ms=20 gap_max_ms=4 source_strength=4007.0 verdict_confidence=0.00 dup=0 src_total=1 src_acc=0 src_rej=1 buffer_overrun=0 profile=TonalPulseScalar

#6 ----------------
SEQ_HISTDBG trial=6 incomplete_total=0 new=0 out_of_order_total=4 i2s_backsteps=10 i2s_max_backstep_us=2605 i2s_overflows=0 clock_corrections=34 clock_max_correction_us=2626 emit_marker_seen=0 emit_marker_dt_ms=0 uptime_ms=24846 samples_read=275200 us_per_sample=33.90 dropped_dma_buffers=0 clock_rate_mhz=16000000
SEQ_TRIAL trial=6 result=miss stage=source reject_reason=occurrence_seen_but_rejected source_selection=selected_reject source_reason=none dt=-12ms duration_ms=26 contrast_class=unknown amp_class=unknown coverage_ms=16 island_max_ms=5 gap_max_ms=3 source_strength=3115.0 verdict_confidence=0.00 dup=0 src_total=1 src_acc=0 src_rej=1 buffer_overrun=0 profile=TonalPulseScalar

#7 ----------------
SEQ_HISTDBG trial=7 incomplete_total=0 new=0 out_of_order_total=4 i2s_backsteps=10 i2s_max_backstep_us=2605 i2s_overflows=0 clock_corrections=39 clock_max_correction_us=2626 emit_marker_seen=0 emit_marker_dt_ms=0 uptime_ms=27646 samples_read=320000 us_per_sample=34.34 dropped_dma_buffers=0 clock_rate_mhz=16000000
SEQ_TRIAL trial=7 result=miss stage=source reject_reason=occurrence_seen_but_rejected source_selection=selected_reject source_reason=none dt=2015ms duration_ms=31 contrast_class=unknown amp_class=unknown coverage_ms=6 island_max_ms=2 gap_max_ms=6 source_strength=2720.0 verdict_confidence=0.00 dup=0 src_total=1 src_acc=0 src_rej=1 buffer_overrun=0 profile=TonalPulseScalar

#8 ----------------
SEQ_HISTDBG trial=8 incomplete_total=0 new=0 out_of_order_total=4 i2s_backsteps=10 i2s_max_backstep_us=2605 i2s_overflows=0 clock_corrections=45 clock_max_correction_us=2626 emit_marker_seen=0 emit_marker_dt_ms=0 uptime_ms=30446 samples_read=364800 us_per_sample=34.69 dropped_dma_buffers=0 clock_rate_mhz=16000000
SEQ_TRIAL trial=8 result=rejected stage=source reject_reason=duration_too_short source_selection=selected_reject source_reason=none dt=na duration_ms=11 contrast_class=unknown amp_class=unknown coverage_ms=6 island_max_ms=4 gap_max_ms=5 source_strength=2814.0 verdict_confidence=0.00 dup=0 src_total=1 src_acc=0 src_rej=1 buffer_overrun=0 profile=TonalPulseScalar

#9 ----------------
SEQ_HISTDBG trial=9 incomplete_total=0 new=0 out_of_order_total=4 i2s_backsteps=10 i2s_max_backstep_us=2605 i2s_overflows=0 clock_corrections=50 clock_max_correction_us=2626 emit_marker_seen=0 emit_marker_dt_ms=0 uptime_ms=33246 samples_read=409600 us_per_sample=34.99 dropped_dma_buffers=0 clock_rate_mhz=16000000
SEQ_TRIAL trial=9 result=rejected stage=source reject_reason=duration_too_short source_selection=selected_reject source_reason=none dt=na duration_ms=24 contrast_class=unknown amp_class=unknown coverage_ms=16 island_max_ms=10 gap_max_ms=2 source_strength=3256.0 verdict_confidence=0.00 dup=0 src_total=1 src_acc=0 src_rej=1 buffer_overrun=0 profile=TonalPulseScalar

#10 ----------------
SEQ_HISTDBG trial=10 incomplete_total=0 new=0 out_of_order_total=4 i2s_backsteps=10 i2s_max_backstep_us=2605 i2s_overflows=0 clock_corrections=56 clock_max_correction_us=2626 emit_marker_seen=0 emit_marker_dt_ms=0 uptime_ms=36046 samples_read=454400 us_per_sample=35.23 dropped_dma_buffers=0 clock_rate_mhz=16000000
SEQ_TRIAL trial=10 result=rejected stage=source reject_reason=duration_too_short source_selection=selected_reject source_reason=none dt=na duration_ms=72 contrast_class=unknown amp_class=unknown coverage_ms=32 island_max_ms=6 gap_max_ms=9 source_strength=3584.0 verdict_confidence=0.00 dup=0 src_total=1 src_acc=0 src_rej=1 buffer_overrun=0 profile=TonalPulseScalar

#11 ----------------
SEQ_HISTDBG trial=11 incomplete_total=0 new=0 out_of_order_total=4 i2s_backsteps=10 i2s_max_backstep_us=2605 i2s_overflows=0 clock_corrections=61 clock_max_correction_us=2626 emit_marker_seen=0 emit_marker_dt_ms=0 uptime_ms=38846 samples_read=499200 us_per_sample=35.43 dropped_dma_buffers=0 clock_rate_mhz=16000000
SEQ_TRIAL trial=11 result=miss stage=source reject_reason=missing_pipeline_result source_selection=none source_reason=none dt=-1ms contrast_class=unknown amp_class=unknown source_strength=0.0 verdict_confidence=0.00 dup=0 src_total=0 src_acc=0 src_rej=0 buffer_overrun=0 profile=TonalPulseScalar

#12 ----------------
SEQ_HISTDBG trial=12 incomplete_total=0 new=0 out_of_order_total=4 i2s_backsteps=10 i2s_max_backstep_us=2605 i2s_overflows=0 clock_corrections=67 clock_max_correction_us=2626 emit_marker_seen=0 emit_marker_dt_ms=0 uptime_ms=41646 samples_read=544000 us_per_sample=35.61 dropped_dma_buffers=0 clock_rate_mhz=16000000
SEQ_TRIAL trial=12 result=rejected stage=source reject_reason=duration_too_short source_selection=selected_reject source_reason=none dt=na duration_ms=25 contrast_class=unknown amp_class=unknown coverage_ms=8 island_max_ms=3 gap_max_ms=7 source_strength=2851.0 verdict_confidence=0.00 dup=0 src_total=1 src_acc=0 src_rej=1 buffer_overrun=0 profile=TonalPulseScalar

#13 ----------------
SEQ_HISTDBG trial=13 incomplete_total=0 new=0 out_of_order_total=4 i2s_backsteps=10 i2s_max_backstep_us=2605 i2s_overflows=0 clock_corrections=73 clock_max_correction_us=2626 emit_marker_seen=0 emit_marker_dt_ms=0 uptime_ms=44446 samples_read=588800 us_per_sample=35.77 dropped_dma_buffers=0 clock_rate_mhz=16000000
SEQ_TRIAL trial=13 result=rejected stage=source reject_reason=duration_too_short source_selection=selected_reject source_reason=none dt=na duration_ms=62 contrast_class=unknown amp_class=unknown coverage_ms=38 island_max_ms=9 gap_max_ms=4 source_strength=6441.0 verdict_confidence=0.00 dup=0 src_total=1 src_acc=0 src_rej=1 buffer_overrun=0 profile=TonalPulseScalar

#14 ----------------
SEQ_HISTDBG trial=14 incomplete_total=0 new=0 out_of_order_total=4 i2s_backsteps=10 i2s_max_backstep_us=2605 i2s_overflows=0 clock_corrections=78 clock_max_correction_us=2626 emit_marker_seen=0 emit_marker_dt_ms=0 uptime_ms=47246 samples_read=633600 us_per_sample=35.90 dropped_dma_buffers=0 clock_rate_mhz=16000000
SEQ_TRIAL trial=14 result=rejected stage=source reject_reason=duration_too_short source_selection=selected_reject source_reason=none dt=na duration_ms=6 contrast_class=unknown amp_class=unknown coverage_ms=5 island_max_ms=4 gap_max_ms=0 source_strength=2539.0 verdict_confidence=0.00 dup=0 src_total=1 src_acc=0 src_rej=1 buffer_overrun=0 profile=TonalPulseScalar

#15 ----------------
SEQ_HISTDBG trial=15 incomplete_total=0 new=0 out_of_order_total=4 i2s_backsteps=10 i2s_max_backstep_us=2605 i2s_overflows=0 clock_corrections=84 clock_max_correction_us=2626 emit_marker_seen=0 emit_marker_dt_ms=0 uptime_ms=50046 samples_read=678400 us_per_sample=36.02 dropped_dma_buffers=0 clock_rate_mhz=16000000
SEQ_TRIAL trial=15 result=rejected stage=source reject_reason=duration_too_short source_selection=selected_reject source_reason=none dt=na duration_ms=7 contrast_class=unknown amp_class=unknown coverage_ms=2 island_max_ms=0 gap_max_ms=2 source_strength=2019.0 verdict_confidence=0.00 dup=0 src_total=1 src_acc=0 src_rej=1 buffer_overrun=0 profile=TonalPulseScalar

#16 ----------------
SEQ_HISTDBG trial=16 incomplete_total=0 new=0 out_of_order_total=4 i2s_backsteps=11 i2s_max_backstep_us=2605 i2s_overflows=0 clock_corrections=89 clock_max_correction_us=2626 emit_marker_seen=0 emit_marker_dt_ms=0 uptime_ms=52846 samples_read=723200 us_per_sample=36.13 dropped_dma_buffers=0 clock_rate_mhz=16000000
SEQ_TRIAL trial=16 result=rejected stage=source reject_reason=duration_too_short source_selection=selected_reject source_reason=none dt=na duration_ms=53 contrast_class=unknown amp_class=unknown coverage_ms=21 island_max_ms=8 gap_max_ms=9 source_strength=4920.0 verdict_confidence=0.00 dup=0 src_total=1 src_acc=0 src_rej=1 buffer_overrun=0 profile=TonalPulseScalar

#17 ----------------
SEQ_HISTDBG trial=17 incomplete_total=0 new=0 out_of_order_total=4 i2s_backsteps=11 i2s_max_backstep_us=2605 i2s_overflows=0 clock_corrections=95 clock_max_correction_us=2626 emit_marker_seen=0 emit_marker_dt_ms=0 uptime_ms=55646 samples_read=768000 us_per_sample=36.23 dropped_dma_buffers=0 clock_rate_mhz=16000000
SEQ_TRIAL trial=17 result=rejected stage=source reject_reason=duration_too_short source_selection=selected_reject source_reason=none dt=na duration_ms=26 contrast_class=unknown amp_class=unknown coverage_ms=11 island_max_ms=4 gap_max_ms=8 source_strength=3462.0 verdict_confidence=0.00 dup=0 src_total=1 src_acc=0 src_rej=1 buffer_overrun=0 profile=TonalPulseScalar

#18 ----------------
SEQ_HISTDBG trial=18 incomplete_total=0 new=0 out_of_order_total=4 i2s_backsteps=11 i2s_max_backstep_us=2605 i2s_overflows=0 clock_corrections=100 clock_max_correction_us=2626 emit_marker_seen=0 emit_marker_dt_ms=0 uptime_ms=58446 samples_read=812800 us_per_sample=36.34 dropped_dma_buffers=0 clock_rate_mhz=16000000
SEQ_TRIAL trial=18 result=unexpected stage=source reject_reason=missing_pipeline_result source_selection=none source_reason=none dt=-1ms contrast_class=unknown amp_class=unknown source_strength=0.0 verdict_confidence=0.00 dup=0 src_total=0 src_acc=0 src_rej=0 buffer_overrun=0 profile=TonalPulseScalar

#19 ----------------
SEQ_HISTDBG trial=19 incomplete_total=0 new=0 out_of_order_total=4 i2s_backsteps=11 i2s_max_backstep_us=2605 i2s_overflows=0 clock_corrections=106 clock_max_correction_us=2626 emit_marker_seen=0 emit_marker_dt_ms=0 uptime_ms=61246 samples_read=857600 us_per_sample=36.43 dropped_dma_buffers=0 clock_rate_mhz=16000000
SEQ_TRIAL trial=19 result=rejected stage=source reject_reason=duration_too_short source_selection=selected_reject source_reason=none dt=na duration_ms=65 contrast_class=unknown amp_class=unknown coverage_ms=41 island_max_ms=22 gap_max_ms=6 source_strength=3678.0 verdict_confidence=0.00 dup=0 src_total=1 src_acc=0 src_rej=1 buffer_overrun=0 profile=TonalPulseScalar

#20 ----------------
SEQ_HISTDBG trial=20 incomplete_total=0 new=0 out_of_order_total=4 i2s_backsteps=11 i2s_max_backstep_us=2605 i2s_overflows=0 clock_corrections=111 clock_max_correction_us=2626 emit_marker_seen=0 emit_marker_dt_ms=0 uptime_ms=64046 samples_read=902400 us_per_sample=36.50 dropped_dma_buffers=0 clock_rate_mhz=16000000
SEQ_TRIAL trial=20 result=rejected stage=source reject_reason=coverage_too_low source_selection=selected_reject source_reason=none dt=na duration_ms=107 contrast_class=unknown amp_class=unknown coverage_ms=49 island_max_ms=11 gap_max_ms=8 source_strength=3430.0 verdict_confidence=0.00 dup=0 src_total=1 src_acc=0 src_rej=1 buffer_overrun=0 profile=TonalPulseScalar

#21 ----------------
SEQ_HISTDBG trial=21 incomplete_total=0 new=0 out_of_order_total=4 i2s_backsteps=11 i2s_max_backstep_us=2605 i2s_overflows=0 clock_corrections=117 clock_max_correction_us=2626 emit_marker_seen=0 emit_marker_dt_ms=0 uptime_ms=66846 samples_read=947200 us_per_sample=36.57 dropped_dma_buffers=0 clock_rate_mhz=16000000
SEQ_TRIAL trial=21 result=rejected stage=source reject_reason=duration_too_short source_selection=selected_reject source_reason=none dt=na duration_ms=24 contrast_class=unknown amp_class=unknown coverage_ms=7 island_max_ms=5 gap_max_ms=8 source_strength=2058.0 verdict_confidence=0.00 dup=0 src_total=1 src_acc=0 src_rej=1 buffer_overrun=0 profile=TonalPulseScalar

#22 ----------------
SEQ_HISTDBG trial=22 incomplete_total=0 new=0 out_of_order_total=4 i2s_backsteps=11 i2s_max_backstep_us=2605 i2s_overflows=0 clock_corrections=123 clock_max_correction_us=2626 emit_marker_seen=0 emit_marker_dt_ms=0 uptime_ms=69646 samples_read=992000 us_per_sample=36.63 dropped_dma_buffers=0 clock_rate_mhz=16000000
SEQ_TRIAL trial=22 result=rejected stage=source reject_reason=duration_too_short source_selection=selected_reject source_reason=none dt=na duration_ms=19 contrast_class=unknown amp_class=unknown coverage_ms=10 island_max_ms=4 gap_max_ms=3 source_strength=3008.0 verdict_confidence=0.00 dup=0 src_total=1 src_acc=0 src_rej=1 buffer_overrun=0 profile=TonalPulseScalar

#23 ----------------
SEQ_HISTDBG trial=23 incomplete_total=0 new=0 out_of_order_total=4 i2s_backsteps=11 i2s_max_backstep_us=2605 i2s_overflows=0 clock_corrections=128 clock_max_correction_us=2626 emit_marker_seen=0 emit_marker_dt_ms=0 uptime_ms=72446 samples_read=1036800 us_per_sample=36.68 dropped_dma_buffers=0 clock_rate_mhz=16000000
SEQ_TRIAL trial=23 result=rejected stage=source reject_reason=duration_too_short source_selection=selected_reject source_reason=none dt=na duration_ms=3 contrast_class=unknown amp_class=unknown coverage_ms=2 island_max_ms=1 gap_max_ms=0 source_strength=2026.0 verdict_confidence=0.00 dup=0 src_total=1 src_acc=0 src_rej=1 buffer_overrun=0 profile=TonalPulseScalar

#24 ----------------
SEQ_HISTDBG trial=24 incomplete_total=0 new=0 out_of_order_total=4 i2s_backsteps=12 i2s_max_backstep_us=2605 i2s_overflows=0 clock_corrections=134 clock_max_correction_us=2626 emit_marker_seen=0 emit_marker_dt_ms=0 uptime_ms=75246 samples_read=1081600 us_per_sample=36.73 dropped_dma_buffers=0 clock_rate_mhz=16000000
SEQ_TRIAL trial=24 result=rejected stage=source reject_reason=duration_too_short source_selection=selected_reject source_reason=none dt=na duration_ms=40 contrast_class=unknown amp_class=unknown coverage_ms=35 island_max_ms=32 gap_max_ms=4 source_strength=4135.0 verdict_confidence=0.00 dup=0 src_total=1 src_acc=0 src_rej=1 buffer_overrun=0 profile=TonalPulseScalar

#25 ----------------
SEQ_HISTDBG trial=25 incomplete_total=0 new=0 out_of_order_total=4 i2s_backsteps=12 i2s_max_backstep_us=2605 i2s_overflows=0 clock_corrections=139 clock_max_correction_us=2626 emit_marker_seen=0 emit_marker_dt_ms=0 uptime_ms=78046 samples_read=1126400 us_per_sample=36.78 dropped_dma_buffers=0 clock_rate_mhz=16000000
SEQ_TRIAL trial=25 result=rejected stage=source reject_reason=duration_too_short source_selection=selected_reject source_reason=none dt=na duration_ms=24 contrast_class=unknown amp_class=unknown coverage_ms=9 island_max_ms=3 gap_max_ms=9 source_strength=2198.0 verdict_confidence=0.00 dup=0 src_total=1 src_acc=0 src_rej=1 buffer_overrun=0 profile=TonalPulseScalar

#26 ----------------
SEQ_HISTDBG trial=26 incomplete_total=0 new=0 out_of_order_total=4 i2s_backsteps=13 i2s_max_backstep_us=2605 i2s_overflows=0 clock_corrections=145 clock_max_correction_us=2626 emit_marker_seen=0 emit_marker_dt_ms=0 uptime_ms=80846 samples_read=1171200 us_per_sample=36.82 dropped_dma_buffers=0 clock_rate_mhz=16000031
SEQ_TRIAL trial=26 result=rejected stage=source reject_reason=duration_too_short source_selection=selected_reject source_reason=none dt=na duration_ms=7 contrast_class=unknown amp_class=unknown coverage_ms=4 island_max_ms=3 gap_max_ms=2 source_strength=2568.0 verdict_confidence=0.00 dup=0 src_total=1 src_acc=0 src_rej=1 buffer_overrun=0 profile=TonalPulseScalar

#27 ----------------
SEQ_HISTDBG trial=27 incomplete_total=0 new=0 out_of_order_total=4 i2s_backsteps=13 i2s_max_backstep_us=2605 i2s_overflows=0 clock_corrections=150 clock_max_correction_us=2626 emit_marker_seen=0 emit_marker_dt_ms=0 uptime_ms=83646 samples_read=1216000 us_per_sample=36.86 dropped_dma_buffers=0 clock_rate_mhz=16000000
SEQ_TRIAL trial=27 result=rejected stage=source reject_reason=duration_too_short source_selection=selected_reject source_reason=none dt=na duration_ms=11 contrast_class=unknown amp_class=unknown coverage_ms=4 island_max_ms=3 gap_max_ms=6 source_strength=2596.0 verdict_confidence=0.00 dup=0 src_total=1 src_acc=0 src_rej=1 buffer_overrun=0 profile=TonalPulseScalar

#28 ----------------
SEQ_HISTDBG trial=28 incomplete_total=0 new=0 out_of_order_total=4 i2s_backsteps=13 i2s_max_backstep_us=2605 i2s_overflows=0 clock_corrections=156 clock_max_correction_us=2626 emit_marker_seen=0 emit_marker_dt_ms=0 uptime_ms=86446 samples_read=1260800 us_per_sample=36.89 dropped_dma_buffers=0 clock_rate_mhz=16000000
SEQ_TRIAL trial=28 result=rejected stage=source reject_reason=duration_too_short source_selection=selected_reject source_reason=none dt=na duration_ms=7 contrast_class=unknown amp_class=unknown coverage_ms=3 island_max_ms=3 gap_max_ms=3 source_strength=2855.0 verdict_confidence=0.00 dup=0 src_total=1 src_acc=0 src_rej=1 buffer_overrun=0 profile=TonalPulseScalar

#29 ----------------
SEQ_HISTDBG trial=29 incomplete_total=0 new=0 out_of_order_total=4 i2s_backsteps=13 i2s_max_backstep_us=2605 i2s_overflows=0 clock_corrections=161 clock_max_correction_us=2626 emit_marker_seen=0 emit_marker_dt_ms=0 uptime_ms=89246 samples_read=1305600 us_per_sample=36.93 dropped_dma_buffers=0 clock_rate_mhz=16000000
SEQ_TRIAL trial=29 result=rejected stage=source reject_reason=duration_too_short source_selection=selected_reject source_reason=none dt=na duration_ms=3 contrast_class=unknown amp_class=unknown coverage_ms=2 island_max_ms=2 gap_max_ms=1 source_strength=2115.0 verdict_confidence=0.00 dup=0 src_total=1 src_acc=0 src_rej=1 buffer_overrun=0 profile=TonalPulseScalar

#30 ----------------
SEQ_HISTDBG trial=30 incomplete_total=0 new=0 out_of_order_total=4 i2s_backsteps=14 i2s_max_backstep_us=2605 i2s_overflows=0 clock_corrections=167 clock_max_correction_us=2626 emit_marker_seen=0 emit_marker_dt_ms=0 uptime_ms=92046 samples_read=1350400 us_per_sample=36.96 dropped_dma_buffers=0 clock_rate_mhz=16000000
SEQ_TRIAL trial=30 result=rejected stage=source reject_reason=duration_too_short source_selection=selected_reject source_reason=none dt=na duration_ms=11 contrast_class=unknown amp_class=unknown coverage_ms=7 island_max_ms=2 gap_max_ms=3 source_strength=2574.0 verdict_confidence=0.00 dup=0 src_total=1 src_acc=0 src_rej=1 buffer_overrun=0 profile=TonalPulseScalar

#31 ----------------
SEQ_HISTDBG trial=31 incomplete_total=0 new=0 out_of_order_total=4 i2s_backsteps=14 i2s_max_backstep_us=2605 i2s_overflows=0 clock_corrections=173 clock_max_correction_us=2626 emit_marker_seen=0 emit_marker_dt_ms=0 uptime_ms=94846 samples_read=1395200 us_per_sample=36.99 dropped_dma_buffers=0 clock_rate_mhz=16000000
SEQ_TRIAL trial=31 result=rejected stage=source reject_reason=duration_too_short source_selection=selected_reject source_reason=none dt=na contrast_class=unknown amp_class=unknown coverage_ms=0 island_max_ms=0 gap_max_ms=0 source_strength=2281.0 verdict_confidence=0.00 dup=0 src_total=1 src_acc=0 src_rej=1 buffer_overrun=0 profile=TonalPulseScalar

#32 ----------------
SEQ_HISTDBG trial=32 incomplete_total=0 new=0 out_of_order_total=4 i2s_backsteps=14 i2s_max_backstep_us=2605 i2s_overflows=0 clock_corrections=178 clock_max_correction_us=2626 emit_marker_seen=0 emit_marker_dt_ms=0 uptime_ms=97646 samples_read=1440000 us_per_sample=37.03 dropped_dma_buffers=0 clock_rate_mhz=16000000
SEQ_TRIAL trial=32 result=late stage=analyzer reject_reason=result_after_window source_selection=selected_occurrence source_reason=none dt=1031ms duration_ms=118 contrast_class=medium amp_class=medium coverage_ms=88 island_max_ms=22 gap_max_ms=2 source_strength=4527.0 verdict_confidence=1.00 dup=0 src_total=1 src_acc=1 src_rej=0 buffer_overrun=0 profile=TonalPulseScalar

#33 ----------------
SEQ_HISTDBG trial=33 incomplete_total=0 new=0 out_of_order_total=4 i2s_backsteps=14 i2s_max_backstep_us=2605 i2s_overflows=0 clock_corrections=184 clock_max_correction_us=2626 emit_marker_seen=0 emit_marker_dt_ms=0 uptime_ms=100446 samples_read=1484800 us_per_sample=37.07 dropped_dma_buffers=0 clock_rate_mhz=16000000
SEQ_TRIAL trial=33 result=rejected stage=source reject_reason=duration_too_short source_selection=selected_reject source_reason=none dt=na duration_ms=56 contrast_class=unknown amp_class=unknown coverage_ms=52 island_max_ms=22 gap_max_ms=1 source_strength=4018.0 verdict_confidence=0.00 dup=0 src_total=1 src_acc=0 src_rej=1 buffer_overrun=0 profile=TonalPulseScalar

#34 ----------------
SEQ_HISTDBG trial=34 incomplete_total=0 new=0 out_of_order_total=4 i2s_backsteps=14 i2s_max_backstep_us=2605 i2s_overflows=0 clock_corrections=189 clock_max_correction_us=2626 emit_marker_seen=0 emit_marker_dt_ms=0 uptime_ms=103246 samples_read=1529600 us_per_sample=37.09 dropped_dma_buffers=0 clock_rate_mhz=15999984
SEQ_TRIAL trial=34 result=rejected stage=source reject_reason=duration_too_short source_selection=selected_reject source_reason=none dt=na duration_ms=46 contrast_class=unknown amp_class=unknown coverage_ms=19 island_max_ms=3 gap_max_ms=7 source_strength=2773.0 verdict_confidence=0.00 dup=0 src_total=1 src_acc=0 src_rej=1 buffer_overrun=0 profile=TonalPulseScalar

#35 ----------------
SEQ_HISTDBG trial=35 incomplete_total=0 new=0 out_of_order_total=4 i2s_backsteps=14 i2s_max_backstep_us=2605 i2s_overflows=0 clock_corrections=195 clock_max_correction_us=2626 emit_marker_seen=0 emit_marker_dt_ms=0 uptime_ms=106046 samples_read=1574400 us_per_sample=37.12 dropped_dma_buffers=0 clock_rate_mhz=15999984
SEQ_TRIAL trial=35 result=rejected stage=source reject_reason=duration_too_short source_selection=selected_reject source_reason=none dt=na duration_ms=77 contrast_class=unknown amp_class=unknown coverage_ms=67 island_max_ms=22 gap_max_ms=3 source_strength=3023.0 verdict_confidence=0.00 dup=0 src_total=1 src_acc=0 src_rej=1 buffer_overrun=0 profile=TonalPulseScalar

#36 ----------------
SEQ_HISTDBG trial=36 incomplete_total=0 new=0 out_of_order_total=4 i2s_backsteps=14 i2s_max_backstep_us=2605 i2s_overflows=0 clock_corrections=200 clock_max_correction_us=2626 emit_marker_seen=0 emit_marker_dt_ms=0 uptime_ms=108846 samples_read=1619200 us_per_sample=37.14 dropped_dma_buffers=0 clock_rate_mhz=15999984
SEQ_TRIAL trial=36 result=rejected stage=evaluator reject_reason=pattern_rejected source_selection=selected_occurrence source_reason=none dt=na duration_ms=133 contrast_class=medium amp_class=weak coverage_ms=95 island_max_ms=20 gap_max_ms=7 source_strength=4139.0 verdict_confidence=0.00 dup=0 src_total=1 src_acc=1 src_rej=0 buffer_overrun=0 profile=TonalPulseScalar

#37 ----------------
SEQ_HISTDBG trial=37 incomplete_total=0 new=0 out_of_order_total=4 i2s_backsteps=14 i2s_max_backstep_us=2605 i2s_overflows=0 clock_corrections=206 clock_max_correction_us=2626 emit_marker_seen=0 emit_marker_dt_ms=0 uptime_ms=111646 samples_read=1664000 us_per_sample=37.17 dropped_dma_buffers=0 clock_rate_mhz=15999984
SEQ_TRIAL trial=37 result=rejected stage=source reject_reason=strength_too_low source_selection=selected_reject source_reason=none dt=na duration_ms=94 contrast_class=unknown amp_class=unknown coverage_ms=38 island_max_ms=11 gap_max_ms=8 source_strength=2873.0 verdict_confidence=0.00 dup=0 src_total=1 src_acc=0 src_rej=1 buffer_overrun=0 profile=TonalPulseScalar

#38 ----------------
SEQ_HISTDBG trial=38 incomplete_total=0 new=0 out_of_order_total=4 i2s_backsteps=14 i2s_max_backstep_us=2605 i2s_overflows=0 clock_corrections=211 clock_max_correction_us=2626 emit_marker_seen=0 emit_marker_dt_ms=0 uptime_ms=114446 samples_read=1708800 us_per_sample=37.19 dropped_dma_buffers=0 clock_rate_mhz=15999984
SEQ_TRIAL trial=38 result=rejected stage=source reject_reason=duration_too_short source_selection=selected_reject source_reason=none dt=na duration_ms=2 contrast_class=unknown amp_class=unknown coverage_ms=2 island_max_ms=2 gap_max_ms=0 source_strength=2100.0 verdict_confidence=0.00 dup=0 src_total=1 src_acc=0 src_rej=1 buffer_overrun=0 profile=TonalPulseScalar

#39 ----------------
SEQ_HISTDBG trial=39 incomplete_total=0 new=0 out_of_order_total=4 i2s_backsteps=14 i2s_max_backstep_us=2605 i2s_overflows=0 clock_corrections=217 clock_max_correction_us=2626 emit_marker_seen=0 emit_marker_dt_ms=0 uptime_ms=117246 samples_read=1753600 us_per_sample=37.21 dropped_dma_buffers=0 clock_rate_mhz=15999984
SEQ_TRIAL trial=39 result=rejected stage=source reject_reason=duration_too_short source_selection=selected_reject source_reason=none dt=na duration_ms=5 contrast_class=unknown amp_class=unknown coverage_ms=4 island_max_ms=1 gap_max_ms=0 source_strength=2139.0 verdict_confidence=0.00 dup=0 src_total=1 src_acc=0 src_rej=1 buffer_overrun=0 profile=TonalPulseScalar

#40 ----------------
SEQ_HISTDBG trial=40 incomplete_total=0 new=0 out_of_order_total=4 i2s_backsteps=14 i2s_max_backstep_us=2605 i2s_overflows=0 clock_corrections=223 clock_max_correction_us=2626 emit_marker_seen=0 emit_marker_dt_ms=0 uptime_ms=120046 samples_read=1798400 us_per_sample=37.23 dropped_dma_buffers=0 clock_rate_mhz=15999984
SEQ_TRIAL trial=40 result=late stage=analyzer reject_reason=result_after_window source_selection=selected_occurrence source_reason=none dt=1314ms duration_ms=99 contrast_class=medium amp_class=medium coverage_ms=88 island_max_ms=48 gap_max_ms=2 source_strength=4203.0 verdict_confidence=1.00 dup=0 src_total=1 src_acc=1 src_rej=0 buffer_overrun=0 profile=TonalPulseScalar

#41 ----------------
SEQ_HISTDBG trial=41 incomplete_total=0 new=0 out_of_order_total=4 i2s_backsteps=15 i2s_max_backstep_us=2605 i2s_overflows=0 clock_corrections=228 clock_max_correction_us=2626 emit_marker_seen=0 emit_marker_dt_ms=0 uptime_ms=122846 samples_read=1843200 us_per_sample=37.25 dropped_dma_buffers=0 clock_rate_mhz=16000015
SEQ_TRIAL trial=41 result=rejected stage=source reject_reason=duration_too_short source_selection=selected_reject source_reason=none dt=na duration_ms=18 contrast_class=unknown amp_class=unknown coverage_ms=7 island_max_ms=5 gap_max_ms=8 source_strength=2526.0 verdict_confidence=0.00 dup=0 src_total=1 src_acc=0 src_rej=1 buffer_overrun=0 profile=TonalPulseScalar

#42 ----------------
SEQ_HISTDBG trial=42 incomplete_total=0 new=0 out_of_order_total=4 i2s_backsteps=15 i2s_max_backstep_us=2605 i2s_overflows=0 clock_corrections=234 clock_max_correction_us=2626 emit_marker_seen=0 emit_marker_dt_ms=0 uptime_ms=125646 samples_read=1888000 us_per_sample=37.26 dropped_dma_buffers=0 clock_rate_mhz=16000000
SEQ_TRIAL trial=42 result=miss stage=source reject_reason=occurrence_seen_but_rejected source_selection=selected_reject source_reason=none dt=2240ms duration_ms=3 contrast_class=unknown amp_class=unknown coverage_ms=3 island_max_ms=3 gap_max_ms=0 source_strength=2882.0 verdict_confidence=0.00 dup=0 src_total=1 src_acc=0 src_rej=1 buffer_overrun=0 profile=TonalPulseScalar

#43 ----------------
SEQ_HISTDBG trial=43 incomplete_total=0 new=0 out_of_order_total=4 i2s_backsteps=15 i2s_max_backstep_us=2605 i2s_overflows=0 clock_corrections=239 clock_max_correction_us=2626 emit_marker_seen=0 emit_marker_dt_ms=0 uptime_ms=128446 samples_read=1932800 us_per_sample=37.28 dropped_dma_buffers=0 clock_rate_mhz=16000000
SEQ_TRIAL trial=43 result=rejected stage=source reject_reason=duration_too_short source_selection=selected_reject source_reason=none dt=na duration_ms=11 contrast_class=unknown amp_class=unknown coverage_ms=3 island_max_ms=1 gap_max_ms=6 source_strength=2058.0 verdict_confidence=0.00 dup=0 src_total=1 src_acc=0 src_rej=1 buffer_overrun=0 profile=TonalPulseScalar

#44 ----------------
SEQ_HISTDBG trial=44 incomplete_total=0 new=0 out_of_order_total=4 i2s_backsteps=15 i2s_max_backstep_us=2605 i2s_overflows=0 clock_corrections=245 clock_max_correction_us=2626 emit_marker_seen=0 emit_marker_dt_ms=0 uptime_ms=131246 samples_read=1977600 us_per_sample=37.29 dropped_dma_buffers=0 clock_rate_mhz=16000000
SEQ_TRIAL trial=44 result=rejected stage=source reject_reason=duration_too_short source_selection=selected_reject source_reason=none dt=na duration_ms=4 contrast_class=unknown amp_class=unknown coverage_ms=3 island_max_ms=4 gap_max_ms=0 source_strength=2203.0 verdict_confidence=0.00 dup=0 src_total=1 src_acc=0 src_rej=1 buffer_overrun=0 profile=TonalPulseScalar

#45 ----------------
SEQ_HISTDBG trial=45 incomplete_total=0 new=0 out_of_order_total=4 i2s_backsteps=15 i2s_max_backstep_us=2605 i2s_overflows=0 clock_corrections=250 clock_max_correction_us=2626 emit_marker_seen=0 emit_marker_dt_ms=0 uptime_ms=134046 samples_read=2022400 us_per_sample=37.30 dropped_dma_buffers=0 clock_rate_mhz=15999984
SEQ_TRIAL trial=45 result=miss stage=source reject_reason=missing_pipeline_result source_selection=none source_reason=none dt=-1ms contrast_class=unknown amp_class=unknown source_strength=0.0 verdict_confidence=0.00 dup=0 src_total=0 src_acc=0 src_rej=0 buffer_overrun=0 profile=TonalPulseScalar

#46 ----------------
SEQ_HISTDBG trial=46 incomplete_total=0 new=0 out_of_order_total=4 i2s_backsteps=15 i2s_max_backstep_us=2605 i2s_overflows=0 clock_corrections=256 clock_max_correction_us=2626 emit_marker_seen=0 emit_marker_dt_ms=0 uptime_ms=136846 samples_read=2067200 us_per_sample=37.32 dropped_dma_buffers=0 clock_rate_mhz=15999984
SEQ_TRIAL trial=46 result=miss stage=source reject_reason=missing_pipeline_result source_selection=none source_reason=none dt=-1ms contrast_class=unknown amp_class=unknown source_strength=0.0 verdict_confidence=0.00 dup=0 src_total=0 src_acc=0 src_rej=0 buffer_overrun=0 profile=TonalPulseScalar

#47 ----------------
SEQ_HISTDBG trial=47 incomplete_total=0 new=0 out_of_order_total=4 i2s_backsteps=15 i2s_max_backstep_us=2605 i2s_overflows=0 clock_corrections=261 clock_max_correction_us=2626 emit_marker_seen=0 emit_marker_dt_ms=0 uptime_ms=139646 samples_read=2112000 us_per_sample=37.33 dropped_dma_buffers=0 clock_rate_mhz=15999984
SEQ_TRIAL trial=47 result=rejected stage=source reject_reason=duration_too_short source_selection=selected_reject source_reason=none dt=na duration_ms=39 contrast_class=unknown amp_class=unknown coverage_ms=9 island_max_ms=2 gap_max_ms=6 source_strength=2374.0 verdict_confidence=0.00 dup=0 src_total=1 src_acc=0 src_rej=1 buffer_overrun=0 profile=TonalPulseScalar

#48 ----------------
SEQ_HISTDBG trial=48 incomplete_total=0 new=0 out_of_order_total=4 i2s_backsteps=15 i2s_max_backstep_us=2605 i2s_overflows=0 clock_corrections=267 clock_max_correction_us=2626 emit_marker_seen=0 emit_marker_dt_ms=0 uptime_ms=142446 samples_read=2156800 us_per_sample=37.34 dropped_dma_buffers=0 clock_rate_mhz=15999984
SEQ_TRIAL trial=48 result=rejected stage=source reject_reason=duration_too_short source_selection=selected_reject source_reason=none dt=na duration_ms=15 contrast_class=unknown amp_class=unknown coverage_ms=3 island_max_ms=2 gap_max_ms=8 source_strength=2279.0 verdict_confidence=0.00 dup=0 src_total=1 src_acc=0 src_rej=1 buffer_overrun=0 profile=TonalPulseScalar

#49 ----------------
SEQ_HISTDBG trial=49 incomplete_total=0 new=0 out_of_order_total=4 i2s_backsteps=15 i2s_max_backstep_us=2605 i2s_overflows=0 clock_corrections=273 clock_max_correction_us=2626 emit_marker_seen=0 emit_marker_dt_ms=0 uptime_ms=145246 samples_read=2201600 us_per_sample=37.35 dropped_dma_buffers=0 clock_rate_mhz=15999984
SEQ_TRIAL trial=49 result=rejected stage=source reject_reason=duration_too_short source_selection=selected_reject source_reason=none dt=na duration_ms=3 contrast_class=unknown amp_class=unknown coverage_ms=3 island_max_ms=2 gap_max_ms=0 source_strength=2258.0 verdict_confidence=0.00 dup=0 src_total=1 src_acc=0 src_rej=1 buffer_overrun=0 profile=TonalPulseScalar

#50 ----------------
SEQ_HISTDBG trial=50 incomplete_total=0 new=0 out_of_order_total=4 i2s_backsteps=15 i2s_max_backstep_us=2605 i2s_overflows=0 clock_corrections=278 clock_max_correction_us=2626 emit_marker_seen=0 emit_marker_dt_ms=0 uptime_ms=148046 samples_read=2246400 us_per_sample=37.36 dropped_dma_buffers=0 clock_rate_mhz=15999984
SEQ_TRIAL trial=50 result=miss stage=source reject_reason=missing_pipeline_result source_selection=none source_reason=none dt=-1ms contrast_class=unknown amp_class=unknown source_strength=0.0 verdict_confidence=0.00 dup=0 src_total=0 src_acc=0 src_rej=0 buffer_overrun=0 profile=TonalPulseScalar
SEQ_SUMMARY profile=TonalPulseScalar detector=scalar_transient trials=50 completed=50 expected_trials=0 early_trials=0 late_trials=2 miss_trials=9 duplicate_trials=0 unexpected_trials=1 rejected_trials=38 buffer_overrun_trials=0 ambiguous_trials=0 too_dense_trials=0 detector_accepted_trials=3 detector_reject_trials=42 pattern_valid_trials=2 pattern_rejected_trials=1 avg_dt_ms=1177 avg_strength=2944.2 avg_conf=1.00
