# run: OBS_silent
# firmware: role=analyzer git=965737a version=0.4.0 board=damp
# started: 2026-10-10T10:11:08
>> EMIT MODE REMOTE
OK EMIT MODE REMOTE
>> SEQ DIAG off
OK SEQ DIAG off
>> SEQ OBS start tries=50 period=2000 window=1800 profile=TonalPulseScalar mode=detail when=all verbose=1
OK SEQ
SEQ rebase: start=175439ms end=175539ms elapsed=100ms
AUDIO stats reset
SEQ start test=default startup_delay_ms=1000 report_settle_ms=500 loopDelayMs=0 logStress=0
SEQ start source=I2S probe=AMP profile=TonalPulseScalar source=ScalarTransient detector=ScalarTransient freq_min_duration_ms=60 freq_release_debounce_ms=30 freq_cooldown_ms=0 scalar_observed_stream=FrequencyTarget scalar_onset_threshold=2000.0 scalar_release_threshold=1500.0 scalar_cooldown_ms=50 scalar_min_duration_ms=85 scalar_max_duration_ms=200 scalar_min_peak_strength=3000.0 scalar_release_debounce_ms=10 scalar_require_carrier_quality=1 scalar_min_release_coverage_ms=80 scalar_min_longest_island_ms=20 scalar_max_gap_ms=20 history.bin_ms=1 history.capacity_bins=256 history.coverage_ms=256 history.stream=amp aggregation=mean_abs+rms+peak_abs history.stream=freq_target aggregation=fresh_only history.stream=freq_contrast aggregation=fresh_only mode=OBS test=default startup_delay_ms=1000 report_settle_ms=500 loopDelayMs=0 logStress=0 quiet=0 tries=50 period_ms=2000 window_start_ms=0 window_end_ms=1800 freq_hz=3200 dur_ms=100
SEQ scalar: observed_stream=FrequencyTarget onset_threshold=2000.0 release_threshold=1500.0 cooldown_ms=50 min_duration_ms=85 max_duration_ms=200 min_peak_strength=3000.0 release_debounce_ms=10 carrier_quality_required=1 min_strength_required=1 min_strength=0.0 min_release_coverage_ms=80 min_longest_island_ms=20 max_gap_ms=20
FREQBAND runtime: freq.window_samples=64 freq.window_ms=4.00 freq.update_every_samples=4 freq.update_period_ms=0.250 freq.target_hz=3200 freq.produced_fresh_packet=0 freq.packet_age_samples=0 freq.packet_age_ms=0.000
OBS running

#1 ----------------
SEQ_HISTDBG trial=1 incomplete_total=0 new=0 out_of_order_total=0 i2s_backsteps=2 i2s_max_backstep_us=497 i2s_overflows=0 clock_corrections=6 clock_max_correction_us=501 emit_marker_seen=0 emit_marker_dt_ms=0 uptime_ms=178742 samples_read=51200 us_per_sample=37.49 dropped_dma_buffers=0 clock_rate_mhz=15998968
SEQ_TRIAL trial=1 result=miss stage=source reject_reason=missing_pipeline_result source_selection=none source_reason=none dt=-1ms contrast_class=unknown amp_class=unknown source_strength=0.0 verdict_confidence=0.00 dup=0 src_total=0 src_acc=0 src_rej=0 buffer_overrun=0 profile=TonalPulseScalar

#2 ----------------
SEQ_HISTDBG trial=2 incomplete_total=0 new=0 out_of_order_total=0 i2s_backsteps=7 i2s_max_backstep_us=497 i2s_overflows=0 clock_corrections=11 clock_max_correction_us=501 emit_marker_seen=0 emit_marker_dt_ms=0 uptime_ms=181542 samples_read=96000 us_per_sample=37.50 dropped_dma_buffers=0 clock_rate_mhz=15999984
SEQ_TRIAL trial=2 result=miss stage=source reject_reason=missing_pipeline_result source_selection=none source_reason=none dt=-1ms contrast_class=unknown amp_class=unknown source_strength=0.0 verdict_confidence=0.00 dup=0 src_total=0 src_acc=0 src_rej=0 buffer_overrun=0 profile=TonalPulseScalar

#3 ----------------
SEQ_HISTDBG trial=3 incomplete_total=0 new=0 out_of_order_total=0 i2s_backsteps=7 i2s_max_backstep_us=497 i2s_overflows=0 clock_corrections=17 clock_max_correction_us=501 emit_marker_seen=0 emit_marker_dt_ms=0 uptime_ms=184342 samples_read=140800 us_per_sample=37.50 dropped_dma_buffers=0 clock_rate_mhz=15999984
SEQ_TRIAL trial=3 result=miss stage=source reject_reason=missing_pipeline_result source_selection=none source_reason=none dt=-1ms contrast_class=unknown amp_class=unknown source_strength=0.0 verdict_confidence=0.00 dup=0 src_total=0 src_acc=0 src_rej=0 buffer_overrun=0 profile=TonalPulseScalar

#4 ----------------
SEQ_HISTDBG trial=4 incomplete_total=0 new=0 out_of_order_total=0 i2s_backsteps=7 i2s_max_backstep_us=497 i2s_overflows=0 clock_corrections=23 clock_max_correction_us=501 emit_marker_seen=0 emit_marker_dt_ms=0 uptime_ms=187142 samples_read=185600 us_per_sample=37.51 dropped_dma_buffers=0 clock_rate_mhz=15999984
SEQ_TRIAL trial=4 result=miss stage=source reject_reason=missing_pipeline_result source_selection=none source_reason=none dt=-1ms contrast_class=unknown amp_class=unknown source_strength=0.0 verdict_confidence=0.00 dup=0 src_total=0 src_acc=0 src_rej=0 buffer_overrun=0 profile=TonalPulseScalar

#5 ----------------
SEQ_HISTDBG trial=5 incomplete_total=0 new=0 out_of_order_total=0 i2s_backsteps=7 i2s_max_backstep_us=497 i2s_overflows=0 clock_corrections=28 clock_max_correction_us=501 emit_marker_seen=0 emit_marker_dt_ms=0 uptime_ms=189942 samples_read=230400 us_per_sample=37.52 dropped_dma_buffers=0 clock_rate_mhz=15999984
SEQ_TRIAL trial=5 result=miss stage=source reject_reason=missing_pipeline_result source_selection=none source_reason=none dt=-1ms contrast_class=unknown amp_class=unknown source_strength=0.0 verdict_confidence=0.00 dup=0 src_total=0 src_acc=0 src_rej=0 buffer_overrun=0 profile=TonalPulseScalar

#6 ----------------
SEQ_HISTDBG trial=6 incomplete_total=0 new=0 out_of_order_total=0 i2s_backsteps=7 i2s_max_backstep_us=497 i2s_overflows=0 clock_corrections=34 clock_max_correction_us=501 emit_marker_seen=0 emit_marker_dt_ms=0 uptime_ms=192742 samples_read=275200 us_per_sample=37.52 dropped_dma_buffers=0 clock_rate_mhz=15999984
SEQ_TRIAL trial=6 result=miss stage=source reject_reason=missing_pipeline_result source_selection=none source_reason=none dt=-1ms contrast_class=unknown amp_class=unknown source_strength=0.0 verdict_confidence=0.00 dup=0 src_total=0 src_acc=0 src_rej=0 buffer_overrun=0 profile=TonalPulseScalar

#7 ----------------
SEQ_HISTDBG trial=7 incomplete_total=0 new=0 out_of_order_total=0 i2s_backsteps=7 i2s_max_backstep_us=497 i2s_overflows=0 clock_corrections=39 clock_max_correction_us=501 emit_marker_seen=0 emit_marker_dt_ms=0 uptime_ms=195542 samples_read=320000 us_per_sample=37.53 dropped_dma_buffers=0 clock_rate_mhz=15999984
SEQ_TRIAL trial=7 result=miss stage=source reject_reason=missing_pipeline_result source_selection=none source_reason=none dt=-1ms contrast_class=unknown amp_class=unknown source_strength=0.0 verdict_confidence=0.00 dup=0 src_total=0 src_acc=0 src_rej=0 buffer_overrun=0 profile=TonalPulseScalar

#8 ----------------
SEQ_HISTDBG trial=8 incomplete_total=0 new=0 out_of_order_total=0 i2s_backsteps=7 i2s_max_backstep_us=497 i2s_overflows=0 clock_corrections=45 clock_max_correction_us=501 emit_marker_seen=0 emit_marker_dt_ms=0 uptime_ms=198342 samples_read=364800 us_per_sample=37.53 dropped_dma_buffers=0 clock_rate_mhz=15999984
SEQ_TRIAL trial=8 result=miss stage=source reject_reason=missing_pipeline_result source_selection=none source_reason=none dt=-1ms contrast_class=unknown amp_class=unknown source_strength=0.0 verdict_confidence=0.00 dup=0 src_total=0 src_acc=0 src_rej=0 buffer_overrun=0 profile=TonalPulseScalar

#9 ----------------
SEQ_HISTDBG trial=9 incomplete_total=0 new=0 out_of_order_total=0 i2s_backsteps=7 i2s_max_backstep_us=497 i2s_overflows=0 clock_corrections=50 clock_max_correction_us=501 emit_marker_seen=0 emit_marker_dt_ms=0 uptime_ms=201142 samples_read=409600 us_per_sample=37.54 dropped_dma_buffers=0 clock_rate_mhz=15999984
SEQ_TRIAL trial=9 result=miss stage=source reject_reason=missing_pipeline_result source_selection=none source_reason=none dt=-1ms contrast_class=unknown amp_class=unknown source_strength=0.0 verdict_confidence=0.00 dup=0 src_total=0 src_acc=0 src_rej=0 buffer_overrun=0 profile=TonalPulseScalar

#10 ----------------
SEQ_HISTDBG trial=10 incomplete_total=0 new=0 out_of_order_total=0 i2s_backsteps=7 i2s_max_backstep_us=497 i2s_overflows=0 clock_corrections=56 clock_max_correction_us=501 emit_marker_seen=0 emit_marker_dt_ms=0 uptime_ms=203942 samples_read=454400 us_per_sample=37.54 dropped_dma_buffers=0 clock_rate_mhz=15999984
SEQ_TRIAL trial=10 result=miss stage=source reject_reason=missing_pipeline_result source_selection=none source_reason=none dt=-1ms contrast_class=unknown amp_class=unknown source_strength=0.0 verdict_confidence=0.00 dup=0 src_total=0 src_acc=0 src_rej=0 buffer_overrun=0 profile=TonalPulseScalar

#11 ----------------
SEQ_HISTDBG trial=11 incomplete_total=0 new=0 out_of_order_total=0 i2s_backsteps=7 i2s_max_backstep_us=497 i2s_overflows=0 clock_corrections=61 clock_max_correction_us=501 emit_marker_seen=0 emit_marker_dt_ms=0 uptime_ms=206742 samples_read=499200 us_per_sample=37.55 dropped_dma_buffers=0 clock_rate_mhz=15999984
SEQ_TRIAL trial=11 result=miss stage=source reject_reason=missing_pipeline_result source_selection=none source_reason=none dt=-1ms contrast_class=unknown amp_class=unknown source_strength=0.0 verdict_confidence=0.00 dup=0 src_total=0 src_acc=0 src_rej=0 buffer_overrun=0 profile=TonalPulseScalar

#12 ----------------
SEQ_HISTDBG trial=12 incomplete_total=0 new=0 out_of_order_total=0 i2s_backsteps=7 i2s_max_backstep_us=497 i2s_overflows=0 clock_corrections=67 clock_max_correction_us=501 emit_marker_seen=0 emit_marker_dt_ms=0 uptime_ms=209542 samples_read=544000 us_per_sample=37.55 dropped_dma_buffers=0 clock_rate_mhz=15999984
SEQ_TRIAL trial=12 result=miss stage=source reject_reason=missing_pipeline_result source_selection=none source_reason=none dt=-1ms contrast_class=unknown amp_class=unknown source_strength=0.0 verdict_confidence=0.00 dup=0 src_total=0 src_acc=0 src_rej=0 buffer_overrun=0 profile=TonalPulseScalar

#13 ----------------
SEQ_HISTDBG trial=13 incomplete_total=0 new=0 out_of_order_total=0 i2s_backsteps=7 i2s_max_backstep_us=497 i2s_overflows=0 clock_corrections=73 clock_max_correction_us=501 emit_marker_seen=0 emit_marker_dt_ms=0 uptime_ms=212342 samples_read=588800 us_per_sample=37.56 dropped_dma_buffers=0 clock_rate_mhz=15999984
SEQ_TRIAL trial=13 result=miss stage=source reject_reason=missing_pipeline_result source_selection=none source_reason=none dt=-1ms contrast_class=unknown amp_class=unknown source_strength=0.0 verdict_confidence=0.00 dup=0 src_total=0 src_acc=0 src_rej=0 buffer_overrun=0 profile=TonalPulseScalar

#14 ----------------
SEQ_HISTDBG trial=14 incomplete_total=0 new=0 out_of_order_total=0 i2s_backsteps=7 i2s_max_backstep_us=497 i2s_overflows=0 clock_corrections=78 clock_max_correction_us=501 emit_marker_seen=0 emit_marker_dt_ms=0 uptime_ms=215142 samples_read=633600 us_per_sample=37.56 dropped_dma_buffers=0 clock_rate_mhz=15999984
SEQ_TRIAL trial=14 result=miss stage=source reject_reason=missing_pipeline_result source_selection=none source_reason=none dt=-1ms contrast_class=unknown amp_class=unknown source_strength=0.0 verdict_confidence=0.00 dup=0 src_total=0 src_acc=0 src_rej=0 buffer_overrun=0 profile=TonalPulseScalar

#15 ----------------
SEQ_HISTDBG trial=15 incomplete_total=0 new=0 out_of_order_total=0 i2s_backsteps=7 i2s_max_backstep_us=497 i2s_overflows=0 clock_corrections=84 clock_max_correction_us=501 emit_marker_seen=0 emit_marker_dt_ms=0 uptime_ms=217942 samples_read=678400 us_per_sample=37.56 dropped_dma_buffers=0 clock_rate_mhz=15999984
SEQ_TRIAL trial=15 result=miss stage=source reject_reason=missing_pipeline_result source_selection=none source_reason=none dt=-1ms contrast_class=unknown amp_class=unknown source_strength=0.0 verdict_confidence=0.00 dup=0 src_total=0 src_acc=0 src_rej=0 buffer_overrun=0 profile=TonalPulseScalar

#16 ----------------
SEQ_HISTDBG trial=16 incomplete_total=0 new=0 out_of_order_total=0 i2s_backsteps=7 i2s_max_backstep_us=497 i2s_overflows=0 clock_corrections=89 clock_max_correction_us=501 emit_marker_seen=0 emit_marker_dt_ms=0 uptime_ms=220742 samples_read=723200 us_per_sample=37.57 dropped_dma_buffers=0 clock_rate_mhz=15999984
SEQ_TRIAL trial=16 result=miss stage=source reject_reason=missing_pipeline_result source_selection=none source_reason=none dt=-1ms contrast_class=unknown amp_class=unknown source_strength=0.0 verdict_confidence=0.00 dup=0 src_total=0 src_acc=0 src_rej=0 buffer_overrun=0 profile=TonalPulseScalar

#17 ----------------
SEQ_HISTDBG trial=17 incomplete_total=0 new=0 out_of_order_total=0 i2s_backsteps=7 i2s_max_backstep_us=497 i2s_overflows=0 clock_corrections=95 clock_max_correction_us=501 emit_marker_seen=0 emit_marker_dt_ms=0 uptime_ms=223542 samples_read=768000 us_per_sample=37.57 dropped_dma_buffers=0 clock_rate_mhz=15999984
SEQ_TRIAL trial=17 result=miss stage=source reject_reason=missing_pipeline_result source_selection=none source_reason=none dt=-1ms contrast_class=unknown amp_class=unknown source_strength=0.0 verdict_confidence=0.00 dup=0 src_total=0 src_acc=0 src_rej=0 buffer_overrun=0 profile=TonalPulseScalar

#18 ----------------
SEQ_HISTDBG trial=18 incomplete_total=0 new=0 out_of_order_total=0 i2s_backsteps=7 i2s_max_backstep_us=497 i2s_overflows=0 clock_corrections=100 clock_max_correction_us=501 emit_marker_seen=0 emit_marker_dt_ms=0 uptime_ms=226342 samples_read=812800 us_per_sample=37.58 dropped_dma_buffers=0 clock_rate_mhz=15999984
SEQ_TRIAL trial=18 result=miss stage=source reject_reason=missing_pipeline_result source_selection=none source_reason=none dt=-1ms contrast_class=unknown amp_class=unknown source_strength=0.0 verdict_confidence=0.00 dup=0 src_total=0 src_acc=0 src_rej=0 buffer_overrun=0 profile=TonalPulseScalar

#19 ----------------
SEQ_HISTDBG trial=19 incomplete_total=0 new=0 out_of_order_total=0 i2s_backsteps=7 i2s_max_backstep_us=497 i2s_overflows=0 clock_corrections=106 clock_max_correction_us=501 emit_marker_seen=0 emit_marker_dt_ms=0 uptime_ms=229142 samples_read=857600 us_per_sample=37.58 dropped_dma_buffers=0 clock_rate_mhz=15999984
SEQ_TRIAL trial=19 result=miss stage=source reject_reason=missing_pipeline_result source_selection=none source_reason=none dt=-1ms contrast_class=unknown amp_class=unknown source_strength=0.0 verdict_confidence=0.00 dup=0 src_total=0 src_acc=0 src_rej=0 buffer_overrun=0 profile=TonalPulseScalar

#20 ----------------
SEQ_HISTDBG trial=20 incomplete_total=0 new=0 out_of_order_total=0 i2s_backsteps=7 i2s_max_backstep_us=497 i2s_overflows=0 clock_corrections=111 clock_max_correction_us=501 emit_marker_seen=0 emit_marker_dt_ms=0 uptime_ms=231942 samples_read=902400 us_per_sample=37.58 dropped_dma_buffers=0 clock_rate_mhz=15999984
SEQ_TRIAL trial=20 result=miss stage=source reject_reason=missing_pipeline_result source_selection=none source_reason=none dt=-1ms contrast_class=unknown amp_class=unknown source_strength=0.0 verdict_confidence=0.00 dup=0 src_total=0 src_acc=0 src_rej=0 buffer_overrun=0 profile=TonalPulseScalar

#21 ----------------
SEQ_HISTDBG trial=21 incomplete_total=0 new=0 out_of_order_total=0 i2s_backsteps=7 i2s_max_backstep_us=497 i2s_overflows=0 clock_corrections=117 clock_max_correction_us=501 emit_marker_seen=0 emit_marker_dt_ms=0 uptime_ms=234742 samples_read=947200 us_per_sample=37.59 dropped_dma_buffers=0 clock_rate_mhz=15999984
SEQ_TRIAL trial=21 result=miss stage=source reject_reason=missing_pipeline_result source_selection=none source_reason=none dt=-1ms contrast_class=unknown amp_class=unknown source_strength=0.0 verdict_confidence=0.00 dup=0 src_total=0 src_acc=0 src_rej=0 buffer_overrun=0 profile=TonalPulseScalar

#22 ----------------
SEQ_HISTDBG trial=22 incomplete_total=0 new=0 out_of_order_total=0 i2s_backsteps=7 i2s_max_backstep_us=497 i2s_overflows=0 clock_corrections=123 clock_max_correction_us=501 emit_marker_seen=0 emit_marker_dt_ms=0 uptime_ms=237542 samples_read=992000 us_per_sample=37.59 dropped_dma_buffers=0 clock_rate_mhz=15999984
SEQ_TRIAL trial=22 result=miss stage=source reject_reason=missing_pipeline_result source_selection=none source_reason=none dt=-1ms contrast_class=unknown amp_class=unknown source_strength=0.0 verdict_confidence=0.00 dup=0 src_total=0 src_acc=0 src_rej=0 buffer_overrun=0 profile=TonalPulseScalar

#23 ----------------
SEQ_HISTDBG trial=23 incomplete_total=0 new=0 out_of_order_total=0 i2s_backsteps=7 i2s_max_backstep_us=497 i2s_overflows=0 clock_corrections=128 clock_max_correction_us=501 emit_marker_seen=0 emit_marker_dt_ms=0 uptime_ms=240342 samples_read=1036800 us_per_sample=37.60 dropped_dma_buffers=0 clock_rate_mhz=15999984
SEQ_TRIAL trial=23 result=miss stage=source reject_reason=missing_pipeline_result source_selection=none source_reason=none dt=-1ms contrast_class=unknown amp_class=unknown source_strength=0.0 verdict_confidence=0.00 dup=0 src_total=0 src_acc=0 src_rej=0 buffer_overrun=0 profile=TonalPulseScalar

#24 ----------------
SEQ_HISTDBG trial=24 incomplete_total=0 new=0 out_of_order_total=0 i2s_backsteps=7 i2s_max_backstep_us=497 i2s_overflows=0 clock_corrections=134 clock_max_correction_us=501 emit_marker_seen=0 emit_marker_dt_ms=0 uptime_ms=243142 samples_read=1081600 us_per_sample=37.60 dropped_dma_buffers=0 clock_rate_mhz=15999984
SEQ_TRIAL trial=24 result=miss stage=source reject_reason=missing_pipeline_result source_selection=none source_reason=none dt=-1ms contrast_class=unknown amp_class=unknown source_strength=0.0 verdict_confidence=0.00 dup=0 src_total=0 src_acc=0 src_rej=0 buffer_overrun=0 profile=TonalPulseScalar

#25 ----------------
SEQ_HISTDBG trial=25 incomplete_total=0 new=0 out_of_order_total=0 i2s_backsteps=7 i2s_max_backstep_us=497 i2s_overflows=0 clock_corrections=139 clock_max_correction_us=501 emit_marker_seen=0 emit_marker_dt_ms=0 uptime_ms=245942 samples_read=1126400 us_per_sample=37.60 dropped_dma_buffers=0 clock_rate_mhz=15999984
SEQ_TRIAL trial=25 result=miss stage=source reject_reason=missing_pipeline_result source_selection=none source_reason=none dt=-1ms contrast_class=unknown amp_class=unknown source_strength=0.0 verdict_confidence=0.00 dup=0 src_total=0 src_acc=0 src_rej=0 buffer_overrun=0 profile=TonalPulseScalar

#26 ----------------
SEQ_HISTDBG trial=26 incomplete_total=0 new=0 out_of_order_total=0 i2s_backsteps=7 i2s_max_backstep_us=497 i2s_overflows=0 clock_corrections=145 clock_max_correction_us=501 emit_marker_seen=0 emit_marker_dt_ms=0 uptime_ms=248742 samples_read=1171200 us_per_sample=37.61 dropped_dma_buffers=0 clock_rate_mhz=15999984
SEQ_TRIAL trial=26 result=miss stage=source reject_reason=missing_pipeline_result source_selection=none source_reason=none dt=-1ms contrast_class=unknown amp_class=unknown source_strength=0.0 verdict_confidence=0.00 dup=0 src_total=0 src_acc=0 src_rej=0 buffer_overrun=0 profile=TonalPulseScalar

#27 ----------------
SEQ_HISTDBG trial=27 incomplete_total=0 new=0 out_of_order_total=0 i2s_backsteps=7 i2s_max_backstep_us=497 i2s_overflows=0 clock_corrections=150 clock_max_correction_us=501 emit_marker_seen=0 emit_marker_dt_ms=0 uptime_ms=251542 samples_read=1216000 us_per_sample=37.61 dropped_dma_buffers=0 clock_rate_mhz=15999984
SEQ_TRIAL trial=27 result=miss stage=source reject_reason=missing_pipeline_result source_selection=none source_reason=none dt=-1ms contrast_class=unknown amp_class=unknown source_strength=0.0 verdict_confidence=0.00 dup=0 src_total=0 src_acc=0 src_rej=0 buffer_overrun=0 profile=TonalPulseScalar

#28 ----------------
SEQ_HISTDBG trial=28 incomplete_total=0 new=0 out_of_order_total=0 i2s_backsteps=7 i2s_max_backstep_us=497 i2s_overflows=0 clock_corrections=156 clock_max_correction_us=501 emit_marker_seen=0 emit_marker_dt_ms=0 uptime_ms=254342 samples_read=1260800 us_per_sample=37.61 dropped_dma_buffers=0 clock_rate_mhz=15999984
SEQ_TRIAL trial=28 result=miss stage=source reject_reason=missing_pipeline_result source_selection=none source_reason=none dt=-1ms contrast_class=unknown amp_class=unknown source_strength=0.0 verdict_confidence=0.00 dup=0 src_total=0 src_acc=0 src_rej=0 buffer_overrun=0 profile=TonalPulseScalar

#29 ----------------
SEQ_HISTDBG trial=29 incomplete_total=0 new=0 out_of_order_total=0 i2s_backsteps=7 i2s_max_backstep_us=497 i2s_overflows=0 clock_corrections=161 clock_max_correction_us=501 emit_marker_seen=0 emit_marker_dt_ms=0 uptime_ms=257142 samples_read=1305600 us_per_sample=37.61 dropped_dma_buffers=0 clock_rate_mhz=15999984
SEQ_TRIAL trial=29 result=miss stage=source reject_reason=missing_pipeline_result source_selection=none source_reason=none dt=-1ms contrast_class=unknown amp_class=unknown source_strength=0.0 verdict_confidence=0.00 dup=0 src_total=0 src_acc=0 src_rej=0 buffer_overrun=0 profile=TonalPulseScalar

#30 ----------------
SEQ_HISTDBG trial=30 incomplete_total=0 new=0 out_of_order_total=0 i2s_backsteps=7 i2s_max_backstep_us=497 i2s_overflows=0 clock_corrections=167 clock_max_correction_us=501 emit_marker_seen=0 emit_marker_dt_ms=0 uptime_ms=259942 samples_read=1350400 us_per_sample=37.62 dropped_dma_buffers=0 clock_rate_mhz=15999984
SEQ_TRIAL trial=30 result=miss stage=source reject_reason=missing_pipeline_result source_selection=none source_reason=none dt=-1ms contrast_class=unknown amp_class=unknown source_strength=0.0 verdict_confidence=0.00 dup=0 src_total=0 src_acc=0 src_rej=0 buffer_overrun=0 profile=TonalPulseScalar

#31 ----------------
SEQ_HISTDBG trial=31 incomplete_total=0 new=0 out_of_order_total=0 i2s_backsteps=7 i2s_max_backstep_us=497 i2s_overflows=0 clock_corrections=173 clock_max_correction_us=501 emit_marker_seen=0 emit_marker_dt_ms=0 uptime_ms=262742 samples_read=1395200 us_per_sample=37.62 dropped_dma_buffers=0 clock_rate_mhz=15999984
SEQ_TRIAL trial=31 result=miss stage=source reject_reason=missing_pipeline_result source_selection=none source_reason=none dt=-1ms contrast_class=unknown amp_class=unknown source_strength=0.0 verdict_confidence=0.00 dup=0 src_total=0 src_acc=0 src_rej=0 buffer_overrun=0 profile=TonalPulseScalar

#32 ----------------
SEQ_HISTDBG trial=32 incomplete_total=0 new=0 out_of_order_total=0 i2s_backsteps=7 i2s_max_backstep_us=497 i2s_overflows=0 clock_corrections=178 clock_max_correction_us=501 emit_marker_seen=0 emit_marker_dt_ms=0 uptime_ms=265542 samples_read=1440000 us_per_sample=37.62 dropped_dma_buffers=0 clock_rate_mhz=15999984
SEQ_TRIAL trial=32 result=miss stage=source reject_reason=missing_pipeline_result source_selection=none source_reason=none dt=-1ms contrast_class=unknown amp_class=unknown source_strength=0.0 verdict_confidence=0.00 dup=0 src_total=0 src_acc=0 src_rej=0 buffer_overrun=0 profile=TonalPulseScalar

#33 ----------------
SEQ_HISTDBG trial=33 incomplete_total=0 new=0 out_of_order_total=0 i2s_backsteps=7 i2s_max_backstep_us=497 i2s_overflows=0 clock_corrections=184 clock_max_correction_us=501 emit_marker_seen=0 emit_marker_dt_ms=0 uptime_ms=268342 samples_read=1484800 us_per_sample=37.63 dropped_dma_buffers=0 clock_rate_mhz=15999984
SEQ_TRIAL trial=33 result=miss stage=source reject_reason=missing_pipeline_result source_selection=none source_reason=none dt=-1ms contrast_class=unknown amp_class=unknown source_strength=0.0 verdict_confidence=0.00 dup=0 src_total=0 src_acc=0 src_rej=0 buffer_overrun=0 profile=TonalPulseScalar

#34 ----------------
SEQ_HISTDBG trial=34 incomplete_total=0 new=0 out_of_order_total=0 i2s_backsteps=8 i2s_max_backstep_us=497 i2s_overflows=0 clock_corrections=189 clock_max_correction_us=501 emit_marker_seen=0 emit_marker_dt_ms=0 uptime_ms=271142 samples_read=1529600 us_per_sample=37.63 dropped_dma_buffers=0 clock_rate_mhz=15999999
SEQ_TRIAL trial=34 result=miss stage=source reject_reason=missing_pipeline_result source_selection=none source_reason=none dt=-1ms contrast_class=unknown amp_class=unknown source_strength=0.0 verdict_confidence=0.00 dup=0 src_total=0 src_acc=0 src_rej=0 buffer_overrun=0 profile=TonalPulseScalar

#35 ----------------
SEQ_HISTDBG trial=35 incomplete_total=0 new=0 out_of_order_total=0 i2s_backsteps=9 i2s_max_backstep_us=497 i2s_overflows=0 clock_corrections=195 clock_max_correction_us=501 emit_marker_seen=0 emit_marker_dt_ms=0 uptime_ms=273942 samples_read=1574400 us_per_sample=37.63 dropped_dma_buffers=0 clock_rate_mhz=15999999
SEQ_TRIAL trial=35 result=miss stage=source reject_reason=missing_pipeline_result source_selection=none source_reason=none dt=-1ms contrast_class=unknown amp_class=unknown source_strength=0.0 verdict_confidence=0.00 dup=0 src_total=0 src_acc=0 src_rej=0 buffer_overrun=0 profile=TonalPulseScalar

#36 ----------------
SEQ_HISTDBG trial=36 incomplete_total=0 new=0 out_of_order_total=0 i2s_backsteps=9 i2s_max_backstep_us=497 i2s_overflows=0 clock_corrections=200 clock_max_correction_us=501 emit_marker_seen=0 emit_marker_dt_ms=0 uptime_ms=276742 samples_read=1619200 us_per_sample=37.63 dropped_dma_buffers=0 clock_rate_mhz=15999984
SEQ_TRIAL trial=36 result=miss stage=source reject_reason=missing_pipeline_result source_selection=none source_reason=none dt=-1ms contrast_class=unknown amp_class=unknown source_strength=0.0 verdict_confidence=0.00 dup=0 src_total=0 src_acc=0 src_rej=0 buffer_overrun=0 profile=TonalPulseScalar

#37 ----------------
SEQ_HISTDBG trial=37 incomplete_total=0 new=0 out_of_order_total=0 i2s_backsteps=10 i2s_max_backstep_us=497 i2s_overflows=0 clock_corrections=206 clock_max_correction_us=501 emit_marker_seen=0 emit_marker_dt_ms=0 uptime_ms=279542 samples_read=1664000 us_per_sample=37.64 dropped_dma_buffers=0 clock_rate_mhz=15999984
SEQ_TRIAL trial=37 result=miss stage=source reject_reason=missing_pipeline_result source_selection=none source_reason=none dt=-1ms contrast_class=unknown amp_class=unknown source_strength=0.0 verdict_confidence=0.00 dup=0 src_total=0 src_acc=0 src_rej=0 buffer_overrun=0 profile=TonalPulseScalar

#38 ----------------
SEQ_HISTDBG trial=38 incomplete_total=0 new=0 out_of_order_total=0 i2s_backsteps=11 i2s_max_backstep_us=497 i2s_overflows=0 clock_corrections=211 clock_max_correction_us=501 emit_marker_seen=0 emit_marker_dt_ms=0 uptime_ms=282342 samples_read=1708800 us_per_sample=37.64 dropped_dma_buffers=0 clock_rate_mhz=15999984
SEQ_TRIAL trial=38 result=miss stage=source reject_reason=missing_pipeline_result source_selection=none source_reason=none dt=-1ms contrast_class=unknown amp_class=unknown source_strength=0.0 verdict_confidence=0.00 dup=0 src_total=0 src_acc=0 src_rej=0 buffer_overrun=0 profile=TonalPulseScalar

#39 ----------------
SEQ_HISTDBG trial=39 incomplete_total=0 new=0 out_of_order_total=0 i2s_backsteps=11 i2s_max_backstep_us=497 i2s_overflows=0 clock_corrections=217 clock_max_correction_us=501 emit_marker_seen=0 emit_marker_dt_ms=0 uptime_ms=285142 samples_read=1753600 us_per_sample=37.64 dropped_dma_buffers=0 clock_rate_mhz=15999984
SEQ_TRIAL trial=39 result=miss stage=source reject_reason=missing_pipeline_result source_selection=none source_reason=none dt=-1ms contrast_class=unknown amp_class=unknown source_strength=0.0 verdict_confidence=0.00 dup=0 src_total=0 src_acc=0 src_rej=0 buffer_overrun=0 profile=TonalPulseScalar

#40 ----------------
SEQ_HISTDBG trial=40 incomplete_total=0 new=0 out_of_order_total=0 i2s_backsteps=12 i2s_max_backstep_us=497 i2s_overflows=0 clock_corrections=223 clock_max_correction_us=501 emit_marker_seen=0 emit_marker_dt_ms=0 uptime_ms=287942 samples_read=1798400 us_per_sample=37.65 dropped_dma_buffers=0 clock_rate_mhz=15999984
SEQ_TRIAL trial=40 result=miss stage=source reject_reason=missing_pipeline_result source_selection=none source_reason=none dt=-1ms contrast_class=unknown amp_class=unknown source_strength=0.0 verdict_confidence=0.00 dup=0 src_total=0 src_acc=0 src_rej=0 buffer_overrun=0 profile=TonalPulseScalar

#41 ----------------
SEQ_HISTDBG trial=41 incomplete_total=0 new=0 out_of_order_total=0 i2s_backsteps=14 i2s_max_backstep_us=497 i2s_overflows=0 clock_corrections=228 clock_max_correction_us=501 emit_marker_seen=0 emit_marker_dt_ms=0 uptime_ms=290742 samples_read=1843200 us_per_sample=37.65 dropped_dma_buffers=0 clock_rate_mhz=15999984
SEQ_TRIAL trial=41 result=miss stage=source reject_reason=missing_pipeline_result source_selection=none source_reason=none dt=-1ms contrast_class=unknown amp_class=unknown source_strength=0.0 verdict_confidence=0.00 dup=0 src_total=0 src_acc=0 src_rej=0 buffer_overrun=0 profile=TonalPulseScalar

#42 ----------------
SEQ_HISTDBG trial=42 incomplete_total=0 new=0 out_of_order_total=0 i2s_backsteps=16 i2s_max_backstep_us=497 i2s_overflows=0 clock_corrections=234 clock_max_correction_us=501 emit_marker_seen=0 emit_marker_dt_ms=0 uptime_ms=293542 samples_read=1888000 us_per_sample=37.65 dropped_dma_buffers=0 clock_rate_mhz=15999999
SEQ_TRIAL trial=42 result=miss stage=source reject_reason=missing_pipeline_result source_selection=none source_reason=none dt=-1ms contrast_class=unknown amp_class=unknown source_strength=0.0 verdict_confidence=0.00 dup=0 src_total=0 src_acc=0 src_rej=0 buffer_overrun=0 profile=TonalPulseScalar

#43 ----------------
SEQ_HISTDBG trial=43 incomplete_total=0 new=0 out_of_order_total=0 i2s_backsteps=17 i2s_max_backstep_us=497 i2s_overflows=0 clock_corrections=239 clock_max_correction_us=501 emit_marker_seen=0 emit_marker_dt_ms=0 uptime_ms=296342 samples_read=1932800 us_per_sample=37.65 dropped_dma_buffers=0 clock_rate_mhz=15999984
SEQ_TRIAL trial=43 result=miss stage=source reject_reason=missing_pipeline_result source_selection=none source_reason=none dt=-1ms contrast_class=unknown amp_class=unknown source_strength=0.0 verdict_confidence=0.00 dup=0 src_total=0 src_acc=0 src_rej=0 buffer_overrun=0 profile=TonalPulseScalar

#44 ----------------
SEQ_HISTDBG trial=44 incomplete_total=0 new=0 out_of_order_total=0 i2s_backsteps=18 i2s_max_backstep_us=497 i2s_overflows=0 clock_corrections=245 clock_max_correction_us=501 emit_marker_seen=0 emit_marker_dt_ms=0 uptime_ms=299142 samples_read=1977600 us_per_sample=37.66 dropped_dma_buffers=0 clock_rate_mhz=15999984
SEQ_TRIAL trial=44 result=miss stage=source reject_reason=missing_pipeline_result source_selection=none source_reason=none dt=-1ms contrast_class=unknown amp_class=unknown source_strength=0.0 verdict_confidence=0.00 dup=0 src_total=0 src_acc=0 src_rej=0 buffer_overrun=0 profile=TonalPulseScalar

#45 ----------------
SEQ_HISTDBG trial=45 incomplete_total=0 new=0 out_of_order_total=0 i2s_backsteps=19 i2s_max_backstep_us=497 i2s_overflows=0 clock_corrections=250 clock_max_correction_us=501 emit_marker_seen=0 emit_marker_dt_ms=0 uptime_ms=301942 samples_read=2022400 us_per_sample=37.66 dropped_dma_buffers=0 clock_rate_mhz=15999984
SEQ_TRIAL trial=45 result=miss stage=source reject_reason=missing_pipeline_result source_selection=none source_reason=none dt=-1ms contrast_class=unknown amp_class=unknown source_strength=0.0 verdict_confidence=0.00 dup=0 src_total=0 src_acc=0 src_rej=0 buffer_overrun=0 profile=TonalPulseScalar

#46 ----------------
SEQ_HISTDBG trial=46 incomplete_total=0 new=0 out_of_order_total=0 i2s_backsteps=21 i2s_max_backstep_us=497 i2s_overflows=0 clock_corrections=256 clock_max_correction_us=501 emit_marker_seen=0 emit_marker_dt_ms=0 uptime_ms=304742 samples_read=2067200 us_per_sample=37.66 dropped_dma_buffers=0 clock_rate_mhz=15999999
SEQ_TRIAL trial=46 result=miss stage=source reject_reason=missing_pipeline_result source_selection=none source_reason=none dt=-1ms contrast_class=unknown amp_class=unknown source_strength=0.0 verdict_confidence=0.00 dup=0 src_total=0 src_acc=0 src_rej=0 buffer_overrun=0 profile=TonalPulseScalar

#47 ----------------
SEQ_HISTDBG trial=47 incomplete_total=0 new=0 out_of_order_total=0 i2s_backsteps=22 i2s_max_backstep_us=497 i2s_overflows=0 clock_corrections=261 clock_max_correction_us=501 emit_marker_seen=0 emit_marker_dt_ms=0 uptime_ms=307542 samples_read=2112000 us_per_sample=37.66 dropped_dma_buffers=0 clock_rate_mhz=15999984
SEQ_TRIAL trial=47 result=miss stage=source reject_reason=missing_pipeline_result source_selection=none source_reason=none dt=-1ms contrast_class=unknown amp_class=unknown source_strength=0.0 verdict_confidence=0.00 dup=0 src_total=0 src_acc=0 src_rej=0 buffer_overrun=0 profile=TonalPulseScalar

#48 ----------------
SEQ_HISTDBG trial=48 incomplete_total=0 new=0 out_of_order_total=0 i2s_backsteps=25 i2s_max_backstep_us=497 i2s_overflows=0 clock_corrections=267 clock_max_correction_us=501 emit_marker_seen=0 emit_marker_dt_ms=0 uptime_ms=310342 samples_read=2156800 us_per_sample=37.67 dropped_dma_buffers=0 clock_rate_mhz=15999999
SEQ_TRIAL trial=48 result=miss stage=source reject_reason=missing_pipeline_result source_selection=none source_reason=none dt=-1ms contrast_class=unknown amp_class=unknown source_strength=0.0 verdict_confidence=0.00 dup=0 src_total=0 src_acc=0 src_rej=0 buffer_overrun=0 profile=TonalPulseScalar

#49 ----------------
SEQ_HISTDBG trial=49 incomplete_total=0 new=0 out_of_order_total=0 i2s_backsteps=26 i2s_max_backstep_us=497 i2s_overflows=0 clock_corrections=273 clock_max_correction_us=501 emit_marker_seen=0 emit_marker_dt_ms=0 uptime_ms=313142 samples_read=2201600 us_per_sample=37.67 dropped_dma_buffers=0 clock_rate_mhz=15999984
SEQ_TRIAL trial=49 result=miss stage=source reject_reason=missing_pipeline_result source_selection=none source_reason=none dt=-1ms contrast_class=unknown amp_class=unknown source_strength=0.0 verdict_confidence=0.00 dup=0 src_total=0 src_acc=0 src_rej=0 buffer_overrun=0 profile=TonalPulseScalar

#50 ----------------
SEQ_HISTDBG trial=50 incomplete_total=0 new=0 out_of_order_total=0 i2s_backsteps=28 i2s_max_backstep_us=497 i2s_overflows=0 clock_corrections=278 clock_max_correction_us=501 emit_marker_seen=0 emit_marker_dt_ms=0 uptime_ms=315942 samples_read=2246400 us_per_sample=37.67 dropped_dma_buffers=0 clock_rate_mhz=15999984
SEQ_TRIAL trial=50 result=miss stage=source reject_reason=missing_pipeline_result source_selection=none source_reason=none dt=-1ms contrast_class=unknown amp_class=unknown source_strength=0.0 verdict_confidence=0.00 dup=0 src_total=0 src_acc=0 src_rej=0 buffer_overrun=0 profile=TonalPulseScalar
SEQ_SUMMARY profile=TonalPulseScalar detector=scalar_transient trials=50 completed=50 expected_trials=0 early_trials=0 late_trials=0 miss_trials=50 duplicate_trials=0 unexpected_trials=0 rejected_trials=0 buffer_overrun_trials=0 ambiguous_trials=0 too_dense_trials=0 detector_accepted_trials=0 detector_reject_trials=0 pattern_valid_trials=0 pattern_rejected_trials=0 avg_dt_ms=-1 avg_strength=0.0 avg_conf=0.00
