# run: T3_scalar
# firmware: role=analyzer git=965737a version=0.4.0 board=damp
# started: 2026-10-10T10:08:21
>> EMIT MODE REMOTE
OK EMIT MODE REMOTE
>> SEQ DIAG off
OK SEQ DIAG off
>> SEQ start profile=TonalPulseScalar tries=50 mode=detail when=all verbose=1
OK SEQ
SEQ remote claim: send=7561ms ack=7567ms wait=6ms status=ok
SEQ rebase: start=7567ms end=7668ms elapsed=101ms
AUDIO stats reset
SEQ start test=default startup_delay_ms=1000 report_settle_ms=500 loopDelayMs=0 logStress=0
SEQ start source=I2S probe=AMP profile=TonalPulseScalar source=ScalarTransient detector=ScalarTransient freq_min_duration_ms=60 freq_release_debounce_ms=30 freq_cooldown_ms=0 scalar_observed_stream=FrequencyTarget scalar_onset_threshold=2000.0 scalar_release_threshold=1500.0 scalar_cooldown_ms=50 scalar_min_duration_ms=85 scalar_max_duration_ms=200 scalar_min_peak_strength=3000.0 scalar_release_debounce_ms=10 scalar_require_carrier_quality=1 scalar_min_release_coverage_ms=80 scalar_min_longest_island_ms=20 scalar_max_gap_ms=20 history.bin_ms=1 history.capacity_bins=256 history.coverage_ms=256 history.stream=amp aggregation=mean_abs+rms+peak_abs history.stream=freq_target aggregation=fresh_only history.stream=freq_contrast aggregation=fresh_only mode=SEQ test=default startup_delay_ms=1000 report_settle_ms=500 loopDelayMs=0 logStress=0 quiet=0 tries=50 period_ms=2500 window_start_ms=0 window_end_ms=2200 freq_hz=3200 dur_ms=100
SEQ scalar: observed_stream=FrequencyTarget onset_threshold=2000.0 release_threshold=1500.0 cooldown_ms=50 min_duration_ms=85 max_duration_ms=200 min_peak_strength=3000.0 release_debounce_ms=10 carrier_quality_required=1 min_strength_required=1 min_strength=0.0 min_release_coverage_ms=80 min_longest_island_ms=20 max_gap_ms=20
FREQBAND runtime: freq.window_samples=64 freq.window_ms=4.00 freq.update_every_samples=4 freq.update_period_ms=0.250 freq.target_hz=3200 freq.produced_fresh_packet=0 freq.packet_age_samples=0 freq.packet_age_ms=0.000
SEQ running

#1 ----------------
SEQ_HISTDBG trial=1 incomplete_total=0 new=0 out_of_order_total=2 i2s_backsteps=3 i2s_max_backstep_us=1511 i2s_overflows=0 clock_corrections=7 clock_max_correction_us=1524 emit_marker_seen=1 emit_marker_dt_ms=21 uptime_ms=11262 samples_read=57472 us_per_sample=28.46 dropped_dma_buffers=0 clock_rate_mhz=15998428
SEQ_TRIAL trial=1 result=expected stage=analyzer reject_reason=result_in_expected_window source_selection=selected_occurrence source_reason=none dt=21ms duration_ms=142 contrast_class=medium amp_class=strong coverage_ms=141 island_max_ms=141 gap_max_ms=0 source_strength=22048.0 verdict_confidence=1.00 dup=0 src_total=1 src_acc=1 src_rej=0 buffer_overrun=0 profile=TonalPulseScalar

#2 ----------------
SEQ_HISTDBG trial=2 incomplete_total=0 new=0 out_of_order_total=2 i2s_backsteps=8 i2s_max_backstep_us=1511 i2s_overflows=0 clock_corrections=13 clock_max_correction_us=1524 emit_marker_seen=1 emit_marker_dt_ms=21 uptime_ms=14462 samples_read=108672 us_per_sample=31.12 dropped_dma_buffers=0 clock_rate_mhz=15999968
SEQ_TRIAL trial=2 result=expected stage=analyzer reject_reason=result_in_expected_window source_selection=selected_occurrence source_reason=none dt=22ms duration_ms=143 contrast_class=medium amp_class=strong coverage_ms=142 island_max_ms=142 gap_max_ms=0 source_strength=21996.0 verdict_confidence=1.00 dup=0 src_total=1 src_acc=1 src_rej=0 buffer_overrun=0 profile=TonalPulseScalar

#3 ----------------
SEQ_HISTDBG trial=3 incomplete_total=0 new=0 out_of_order_total=2 i2s_backsteps=9 i2s_max_backstep_us=1511 i2s_overflows=0 clock_corrections=19 clock_max_correction_us=1524 emit_marker_seen=1 emit_marker_dt_ms=21 uptime_ms=17662 samples_read=159872 us_per_sample=32.62 dropped_dma_buffers=0 clock_rate_mhz=16000000
SEQ_TRIAL trial=3 result=expected stage=analyzer reject_reason=result_in_expected_window source_selection=selected_occurrence source_reason=none dt=22ms duration_ms=137 contrast_class=medium amp_class=strong coverage_ms=135 island_max_ms=120 gap_max_ms=1 source_strength=22444.0 verdict_confidence=1.00 dup=0 src_total=1 src_acc=1 src_rej=0 buffer_overrun=0 profile=TonalPulseScalar

#4 ----------------
SEQ_HISTDBG trial=4 incomplete_total=0 new=0 out_of_order_total=2 i2s_backsteps=10 i2s_max_backstep_us=1511 i2s_overflows=0 clock_corrections=26 clock_max_correction_us=1524 emit_marker_seen=1 emit_marker_dt_ms=21 uptime_ms=20862 samples_read=211072 us_per_sample=33.61 dropped_dma_buffers=0 clock_rate_mhz=16000000
SEQ_TRIAL trial=4 result=expected stage=analyzer reject_reason=result_in_expected_window source_selection=selected_occurrence source_reason=none dt=22ms duration_ms=137 contrast_class=medium amp_class=strong coverage_ms=133 island_max_ms=119 gap_max_ms=4 source_strength=22348.0 verdict_confidence=1.00 dup=0 src_total=1 src_acc=1 src_rej=0 buffer_overrun=0 profile=TonalPulseScalar

#5 ----------------
SEQ_HISTDBG trial=5 incomplete_total=0 new=0 out_of_order_total=2 i2s_backsteps=10 i2s_max_backstep_us=1511 i2s_overflows=0 clock_corrections=32 clock_max_correction_us=1524 emit_marker_seen=1 emit_marker_dt_ms=21 uptime_ms=24062 samples_read=262272 us_per_sample=34.33 dropped_dma_buffers=0 clock_rate_mhz=16000000
SEQ_TRIAL trial=5 result=expected stage=analyzer reject_reason=result_in_expected_window source_selection=selected_occurrence source_reason=none dt=22ms duration_ms=137 contrast_class=medium amp_class=strong coverage_ms=136 island_max_ms=121 gap_max_ms=0 source_strength=22472.0 verdict_confidence=1.00 dup=0 src_total=1 src_acc=1 src_rej=0 buffer_overrun=0 profile=TonalPulseScalar

#6 ----------------
SEQ_HISTDBG trial=6 incomplete_total=0 new=0 out_of_order_total=2 i2s_backsteps=10 i2s_max_backstep_us=1511 i2s_overflows=0 clock_corrections=38 clock_max_correction_us=1524 emit_marker_seen=1 emit_marker_dt_ms=21 uptime_ms=27262 samples_read=313472 us_per_sample=34.88 dropped_dma_buffers=0 clock_rate_mhz=16000000
SEQ_TRIAL trial=6 result=expected stage=analyzer reject_reason=result_in_expected_window source_selection=selected_occurrence source_reason=none dt=22ms duration_ms=136 contrast_class=medium amp_class=strong coverage_ms=129 island_max_ms=118 gap_max_ms=6 source_strength=22229.0 verdict_confidence=1.00 dup=0 src_total=1 src_acc=1 src_rej=0 buffer_overrun=0 profile=TonalPulseScalar

#7 ----------------
SEQ_HISTDBG trial=7 incomplete_total=0 new=0 out_of_order_total=2 i2s_backsteps=10 i2s_max_backstep_us=1511 i2s_overflows=0 clock_corrections=45 clock_max_correction_us=1524 emit_marker_seen=1 emit_marker_dt_ms=21 uptime_ms=30462 samples_read=364672 us_per_sample=35.31 dropped_dma_buffers=0 clock_rate_mhz=16000000
SEQ_TRIAL trial=7 result=expected stage=analyzer reject_reason=result_in_expected_window source_selection=selected_occurrence source_reason=none dt=22ms duration_ms=136 contrast_class=medium amp_class=strong coverage_ms=129 island_max_ms=118 gap_max_ms=6 source_strength=22496.0 verdict_confidence=1.00 dup=0 src_total=1 src_acc=1 src_rej=0 buffer_overrun=0 profile=TonalPulseScalar

#8 ----------------
SEQ_HISTDBG trial=8 incomplete_total=0 new=0 out_of_order_total=2 i2s_backsteps=10 i2s_max_backstep_us=1511 i2s_overflows=0 clock_corrections=51 clock_max_correction_us=1524 emit_marker_seen=1 emit_marker_dt_ms=21 uptime_ms=33662 samples_read=415872 us_per_sample=35.62 dropped_dma_buffers=0 clock_rate_mhz=16000000
SEQ_TRIAL trial=8 result=expected stage=analyzer reject_reason=result_in_expected_window source_selection=selected_occurrence source_reason=none dt=22ms duration_ms=135 contrast_class=medium amp_class=strong coverage_ms=128 island_max_ms=118 gap_max_ms=6 source_strength=22501.0 verdict_confidence=1.00 dup=0 src_total=1 src_acc=1 src_rej=0 buffer_overrun=0 profile=TonalPulseScalar

#9 ----------------
SEQ_HISTDBG trial=9 incomplete_total=0 new=0 out_of_order_total=2 i2s_backsteps=10 i2s_max_backstep_us=1511 i2s_overflows=0 clock_corrections=57 clock_max_correction_us=1524 emit_marker_seen=1 emit_marker_dt_ms=21 uptime_ms=36862 samples_read=467072 us_per_sample=35.88 dropped_dma_buffers=0 clock_rate_mhz=16000000
SEQ_TRIAL trial=9 result=expected stage=analyzer reject_reason=result_in_expected_window source_selection=selected_occurrence source_reason=none dt=22ms duration_ms=136 contrast_class=medium amp_class=strong coverage_ms=129 island_max_ms=118 gap_max_ms=6 source_strength=22527.0 verdict_confidence=1.00 dup=0 src_total=1 src_acc=1 src_rej=0 buffer_overrun=0 profile=TonalPulseScalar

#10 ----------------
SEQ_HISTDBG trial=10 incomplete_total=0 new=0 out_of_order_total=2 i2s_backsteps=10 i2s_max_backstep_us=1511 i2s_overflows=0 clock_corrections=64 clock_max_correction_us=1524 emit_marker_seen=1 emit_marker_dt_ms=21 uptime_ms=40062 samples_read=518272 us_per_sample=36.10 dropped_dma_buffers=0 clock_rate_mhz=16000000
SEQ_TRIAL trial=10 result=expected stage=analyzer reject_reason=result_in_expected_window source_selection=selected_occurrence source_reason=none dt=22ms duration_ms=136 contrast_class=medium amp_class=strong coverage_ms=128 island_max_ms=118 gap_max_ms=7 source_strength=22562.0 verdict_confidence=1.00 dup=0 src_total=1 src_acc=1 src_rej=0 buffer_overrun=0 profile=TonalPulseScalar

#11 ----------------
SEQ_HISTDBG trial=11 incomplete_total=0 new=0 out_of_order_total=2 i2s_backsteps=10 i2s_max_backstep_us=1511 i2s_overflows=0 clock_corrections=70 clock_max_correction_us=1524 emit_marker_seen=1 emit_marker_dt_ms=21 uptime_ms=43262 samples_read=569472 us_per_sample=36.30 dropped_dma_buffers=0 clock_rate_mhz=16000000
SEQ_TRIAL trial=11 result=expected stage=analyzer reject_reason=result_in_expected_window source_selection=selected_occurrence source_reason=none dt=22ms duration_ms=135 contrast_class=medium amp_class=strong coverage_ms=125 island_max_ms=116 gap_max_ms=10 source_strength=22427.0 verdict_confidence=1.00 dup=0 src_total=1 src_acc=1 src_rej=0 buffer_overrun=0 profile=TonalPulseScalar

#12 ----------------
SEQ_HISTDBG trial=12 incomplete_total=0 new=0 out_of_order_total=2 i2s_backsteps=10 i2s_max_backstep_us=1511 i2s_overflows=0 clock_corrections=76 clock_max_correction_us=1524 emit_marker_seen=1 emit_marker_dt_ms=21 uptime_ms=46462 samples_read=620672 us_per_sample=36.48 dropped_dma_buffers=0 clock_rate_mhz=16000000
SEQ_TRIAL trial=12 result=expected stage=analyzer reject_reason=result_in_expected_window source_selection=selected_occurrence source_reason=none dt=22ms duration_ms=136 contrast_class=medium amp_class=strong coverage_ms=126 island_max_ms=116 gap_max_ms=9 source_strength=22234.0 verdict_confidence=1.00 dup=0 src_total=1 src_acc=1 src_rej=0 buffer_overrun=0 profile=TonalPulseScalar

#13 ----------------
SEQ_HISTDBG trial=13 incomplete_total=0 new=0 out_of_order_total=2 i2s_backsteps=10 i2s_max_backstep_us=1511 i2s_overflows=0 clock_corrections=83 clock_max_correction_us=1524 emit_marker_seen=1 emit_marker_dt_ms=22 uptime_ms=49662 samples_read=671872 us_per_sample=36.60 dropped_dma_buffers=0 clock_rate_mhz=16000000
SEQ_TRIAL trial=13 result=expected stage=analyzer reject_reason=result_in_expected_window source_selection=selected_occurrence source_reason=none dt=21ms duration_ms=117 contrast_class=medium amp_class=strong coverage_ms=116 island_max_ms=116 gap_max_ms=0 source_strength=22344.0 verdict_confidence=1.00 dup=0 src_total=1 src_acc=1 src_rej=0 buffer_overrun=0 profile=TonalPulseScalar

#14 ----------------
SEQ_HISTDBG trial=14 incomplete_total=0 new=0 out_of_order_total=2 i2s_backsteps=10 i2s_max_backstep_us=1511 i2s_overflows=0 clock_corrections=89 clock_max_correction_us=1524 emit_marker_seen=1 emit_marker_dt_ms=21 uptime_ms=52862 samples_read=723072 us_per_sample=36.72 dropped_dma_buffers=0 clock_rate_mhz=16000000
SEQ_TRIAL trial=14 result=expected stage=analyzer reject_reason=result_in_expected_window source_selection=selected_occurrence source_reason=none dt=22ms duration_ms=136 contrast_class=medium amp_class=strong coverage_ms=128 island_max_ms=118 gap_max_ms=7 source_strength=22647.0 verdict_confidence=1.00 dup=0 src_total=1 src_acc=1 src_rej=0 buffer_overrun=0 profile=TonalPulseScalar

#15 ----------------
SEQ_HISTDBG trial=15 incomplete_total=0 new=0 out_of_order_total=2 i2s_backsteps=10 i2s_max_backstep_us=1511 i2s_overflows=0 clock_corrections=96 clock_max_correction_us=1524 emit_marker_seen=1 emit_marker_dt_ms=21 uptime_ms=56062 samples_read=774272 us_per_sample=36.83 dropped_dma_buffers=0 clock_rate_mhz=16000000
SEQ_TRIAL trial=15 result=expected stage=analyzer reject_reason=result_in_expected_window source_selection=selected_occurrence source_reason=none dt=22ms duration_ms=117 contrast_class=medium amp_class=strong coverage_ms=116 island_max_ms=116 gap_max_ms=0 source_strength=22455.0 verdict_confidence=1.00 dup=0 src_total=1 src_acc=1 src_rej=0 buffer_overrun=0 profile=TonalPulseScalar

#16 ----------------
SEQ_HISTDBG trial=16 incomplete_total=0 new=0 out_of_order_total=2 i2s_backsteps=10 i2s_max_backstep_us=1511 i2s_overflows=0 clock_corrections=102 clock_max_correction_us=1524 emit_marker_seen=1 emit_marker_dt_ms=21 uptime_ms=59262 samples_read=825472 us_per_sample=36.93 dropped_dma_buffers=0 clock_rate_mhz=16000000
SEQ_TRIAL trial=16 result=expected stage=analyzer reject_reason=result_in_expected_window source_selection=selected_occurrence source_reason=none dt=22ms duration_ms=135 contrast_class=medium amp_class=strong coverage_ms=130 island_max_ms=119 gap_max_ms=4 source_strength=22251.0 verdict_confidence=1.00 dup=0 src_total=1 src_acc=1 src_rej=0 buffer_overrun=0 profile=TonalPulseScalar

#17 ----------------
SEQ_HISTDBG trial=17 incomplete_total=0 new=0 out_of_order_total=2 i2s_backsteps=10 i2s_max_backstep_us=1511 i2s_overflows=0 clock_corrections=108 clock_max_correction_us=1524 emit_marker_seen=1 emit_marker_dt_ms=21 uptime_ms=62462 samples_read=876672 us_per_sample=37.02 dropped_dma_buffers=0 clock_rate_mhz=16000000
SEQ_TRIAL trial=17 result=expected stage=analyzer reject_reason=result_in_expected_window source_selection=selected_occurrence source_reason=none dt=22ms duration_ms=147 contrast_class=medium amp_class=strong coverage_ms=146 island_max_ms=147 gap_max_ms=0 source_strength=23205.0 verdict_confidence=1.00 dup=0 src_total=1 src_acc=1 src_rej=0 buffer_overrun=0 profile=TonalPulseScalar

#18 ----------------
SEQ_HISTDBG trial=18 incomplete_total=0 new=0 out_of_order_total=2 i2s_backsteps=10 i2s_max_backstep_us=1511 i2s_overflows=0 clock_corrections=115 clock_max_correction_us=1524 emit_marker_seen=1 emit_marker_dt_ms=22 uptime_ms=65662 samples_read=927872 us_per_sample=37.09 dropped_dma_buffers=0 clock_rate_mhz=16000000
SEQ_TRIAL trial=18 result=expected stage=analyzer reject_reason=result_in_expected_window source_selection=selected_occurrence source_reason=none dt=21ms duration_ms=135 contrast_class=medium amp_class=strong coverage_ms=135 island_max_ms=135 gap_max_ms=0 source_strength=22861.0 verdict_confidence=1.00 dup=0 src_total=1 src_acc=1 src_rej=0 buffer_overrun=0 profile=TonalPulseScalar

#19 ----------------
SEQ_HISTDBG trial=19 incomplete_total=0 new=0 out_of_order_total=2 i2s_backsteps=10 i2s_max_backstep_us=1511 i2s_overflows=0 clock_corrections=121 clock_max_correction_us=1524 emit_marker_seen=1 emit_marker_dt_ms=21 uptime_ms=68862 samples_read=979072 us_per_sample=37.16 dropped_dma_buffers=0 clock_rate_mhz=16000000
SEQ_TRIAL trial=19 result=expected stage=analyzer reject_reason=result_in_expected_window source_selection=selected_occurrence source_reason=none dt=22ms duration_ms=135 contrast_class=medium amp_class=strong coverage_ms=131 island_max_ms=119 gap_max_ms=4 source_strength=23256.0 verdict_confidence=1.00 dup=0 src_total=1 src_acc=1 src_rej=0 buffer_overrun=0 profile=TonalPulseScalar

#20 ----------------
SEQ_HISTDBG trial=20 incomplete_total=0 new=0 out_of_order_total=2 i2s_backsteps=10 i2s_max_backstep_us=1511 i2s_overflows=0 clock_corrections=127 clock_max_correction_us=1524 emit_marker_seen=1 emit_marker_dt_ms=21 uptime_ms=72062 samples_read=1030272 us_per_sample=37.22 dropped_dma_buffers=0 clock_rate_mhz=16000000
SEQ_TRIAL trial=20 result=expected stage=analyzer reject_reason=result_in_expected_window source_selection=selected_occurrence source_reason=none dt=22ms duration_ms=134 contrast_class=medium amp_class=strong coverage_ms=128 island_max_ms=119 gap_max_ms=5 source_strength=22378.0 verdict_confidence=1.00 dup=0 src_total=1 src_acc=1 src_rej=0 buffer_overrun=0 profile=TonalPulseScalar

#21 ----------------
SEQ_HISTDBG trial=21 incomplete_total=0 new=0 out_of_order_total=2 i2s_backsteps=10 i2s_max_backstep_us=1511 i2s_overflows=0 clock_corrections=134 clock_max_correction_us=1524 emit_marker_seen=1 emit_marker_dt_ms=21 uptime_ms=75262 samples_read=1081472 us_per_sample=37.28 dropped_dma_buffers=0 clock_rate_mhz=16000000
SEQ_TRIAL trial=21 result=expected stage=analyzer reject_reason=result_in_expected_window source_selection=selected_occurrence source_reason=none dt=22ms duration_ms=118 contrast_class=medium amp_class=strong coverage_ms=117 island_max_ms=118 gap_max_ms=0 source_strength=23942.0 verdict_confidence=1.00 dup=0 src_total=1 src_acc=1 src_rej=0 buffer_overrun=0 profile=TonalPulseScalar

#22 ----------------
SEQ_HISTDBG trial=22 incomplete_total=0 new=0 out_of_order_total=2 i2s_backsteps=10 i2s_max_backstep_us=1511 i2s_overflows=0 clock_corrections=140 clock_max_correction_us=1524 emit_marker_seen=1 emit_marker_dt_ms=21 uptime_ms=78462 samples_read=1132672 us_per_sample=37.34 dropped_dma_buffers=0 clock_rate_mhz=16000000
SEQ_TRIAL trial=22 result=expected stage=analyzer reject_reason=result_in_expected_window source_selection=selected_occurrence source_reason=none dt=22ms duration_ms=117 contrast_class=medium amp_class=strong coverage_ms=117 island_max_ms=117 gap_max_ms=0 source_strength=22975.0 verdict_confidence=1.00 dup=0 src_total=1 src_acc=1 src_rej=0 buffer_overrun=0 profile=TonalPulseScalar

#23 ----------------
SEQ_HISTDBG trial=23 incomplete_total=0 new=0 out_of_order_total=2 i2s_backsteps=10 i2s_max_backstep_us=1511 i2s_overflows=0 clock_corrections=146 clock_max_correction_us=1524 emit_marker_seen=1 emit_marker_dt_ms=22 uptime_ms=81662 samples_read=1183872 us_per_sample=37.38 dropped_dma_buffers=0 clock_rate_mhz=16000000
SEQ_TRIAL trial=23 result=expected stage=analyzer reject_reason=result_in_expected_window source_selection=selected_occurrence source_reason=none dt=21ms duration_ms=136 contrast_class=medium amp_class=strong coverage_ms=129 island_max_ms=118 gap_max_ms=7 source_strength=23345.0 verdict_confidence=1.00 dup=0 src_total=1 src_acc=1 src_rej=0 buffer_overrun=0 profile=TonalPulseScalar

#24 ----------------
SEQ_HISTDBG trial=24 incomplete_total=0 new=0 out_of_order_total=2 i2s_backsteps=10 i2s_max_backstep_us=1511 i2s_overflows=0 clock_corrections=153 clock_max_correction_us=1524 emit_marker_seen=1 emit_marker_dt_ms=21 uptime_ms=84862 samples_read=1235072 us_per_sample=37.42 dropped_dma_buffers=0 clock_rate_mhz=16000000
SEQ_TRIAL trial=24 result=expected stage=analyzer reject_reason=result_in_expected_window source_selection=selected_occurrence source_reason=none dt=22ms duration_ms=136 contrast_class=medium amp_class=strong coverage_ms=126 island_max_ms=116 gap_max_ms=9 source_strength=22945.0 verdict_confidence=1.00 dup=0 src_total=1 src_acc=1 src_rej=0 buffer_overrun=0 profile=TonalPulseScalar

#25 ----------------
SEQ_HISTDBG trial=25 incomplete_total=0 new=0 out_of_order_total=2 i2s_backsteps=10 i2s_max_backstep_us=1511 i2s_overflows=0 clock_corrections=159 clock_max_correction_us=1524 emit_marker_seen=1 emit_marker_dt_ms=21 uptime_ms=88062 samples_read=1286272 us_per_sample=37.47 dropped_dma_buffers=0 clock_rate_mhz=16000000
SEQ_TRIAL trial=25 result=expected stage=analyzer reject_reason=result_in_expected_window source_selection=selected_occurrence source_reason=none dt=22ms duration_ms=138 contrast_class=medium amp_class=strong coverage_ms=129 island_max_ms=116 gap_max_ms=8 source_strength=22616.0 verdict_confidence=1.00 dup=0 src_total=1 src_acc=1 src_rej=0 buffer_overrun=0 profile=TonalPulseScalar

#26 ----------------
SEQ_HISTDBG trial=26 incomplete_total=0 new=0 out_of_order_total=2 i2s_backsteps=10 i2s_max_backstep_us=1511 i2s_overflows=0 clock_corrections=165 clock_max_correction_us=1524 emit_marker_seen=1 emit_marker_dt_ms=22 uptime_ms=91262 samples_read=1337472 us_per_sample=37.51 dropped_dma_buffers=0 clock_rate_mhz=16000000
SEQ_TRIAL trial=26 result=expected stage=analyzer reject_reason=result_in_expected_window source_selection=selected_occurrence source_reason=none dt=21ms duration_ms=138 contrast_class=medium amp_class=strong coverage_ms=130 island_max_ms=117 gap_max_ms=8 source_strength=22587.0 verdict_confidence=1.00 dup=0 src_total=1 src_acc=1 src_rej=0 buffer_overrun=0 profile=TonalPulseScalar

#27 ----------------
SEQ_HISTDBG trial=27 incomplete_total=0 new=0 out_of_order_total=2 i2s_backsteps=10 i2s_max_backstep_us=1511 i2s_overflows=0 clock_corrections=172 clock_max_correction_us=1524 emit_marker_seen=1 emit_marker_dt_ms=21 uptime_ms=94462 samples_read=1388672 us_per_sample=37.55 dropped_dma_buffers=0 clock_rate_mhz=16000000
SEQ_TRIAL trial=27 result=expected stage=analyzer reject_reason=result_in_expected_window source_selection=selected_occurrence source_reason=none dt=22ms duration_ms=138 contrast_class=medium amp_class=strong coverage_ms=131 island_max_ms=117 gap_max_ms=7 source_strength=22132.0 verdict_confidence=1.00 dup=0 src_total=1 src_acc=1 src_rej=0 buffer_overrun=0 profile=TonalPulseScalar

#28 ----------------
SEQ_HISTDBG trial=28 incomplete_total=0 new=0 out_of_order_total=2 i2s_backsteps=10 i2s_max_backstep_us=1511 i2s_overflows=0 clock_corrections=178 clock_max_correction_us=1524 emit_marker_seen=1 emit_marker_dt_ms=22 uptime_ms=97662 samples_read=1439872 us_per_sample=37.58 dropped_dma_buffers=0 clock_rate_mhz=16000000
SEQ_TRIAL trial=28 result=expected stage=analyzer reject_reason=result_in_expected_window source_selection=selected_occurrence source_reason=none dt=21ms duration_ms=115 contrast_class=medium amp_class=strong coverage_ms=115 island_max_ms=115 gap_max_ms=0 source_strength=21905.0 verdict_confidence=1.00 dup=0 src_total=1 src_acc=1 src_rej=0 buffer_overrun=0 profile=TonalPulseScalar

#29 ----------------
SEQ_HISTDBG trial=29 incomplete_total=0 new=0 out_of_order_total=2 i2s_backsteps=10 i2s_max_backstep_us=1511 i2s_overflows=0 clock_corrections=184 clock_max_correction_us=1524 emit_marker_seen=1 emit_marker_dt_ms=22 uptime_ms=100862 samples_read=1491072 us_per_sample=37.60 dropped_dma_buffers=0 clock_rate_mhz=16000000
SEQ_TRIAL trial=29 result=expected stage=analyzer reject_reason=result_in_expected_window source_selection=selected_occurrence source_reason=none dt=21ms duration_ms=135 contrast_class=medium amp_class=strong coverage_ms=127 island_max_ms=117 gap_max_ms=8 source_strength=21981.0 verdict_confidence=1.00 dup=0 src_total=1 src_acc=1 src_rej=0 buffer_overrun=0 profile=TonalPulseScalar

#30 ----------------
SEQ_HISTDBG trial=30 incomplete_total=0 new=0 out_of_order_total=2 i2s_backsteps=11 i2s_max_backstep_us=1511 i2s_overflows=0 clock_corrections=191 clock_max_correction_us=1524 emit_marker_seen=1 emit_marker_dt_ms=22 uptime_ms=104062 samples_read=1542272 us_per_sample=37.63 dropped_dma_buffers=0 clock_rate_mhz=15999984
SEQ_TRIAL trial=30 result=expected stage=analyzer reject_reason=result_in_expected_window source_selection=selected_occurrence source_reason=none dt=21ms duration_ms=135 contrast_class=medium amp_class=strong coverage_ms=128 island_max_ms=118 gap_max_ms=6 source_strength=22233.0 verdict_confidence=1.00 dup=0 src_total=1 src_acc=1 src_rej=0 buffer_overrun=0 profile=TonalPulseScalar

#31 ----------------
SEQ_HISTDBG trial=31 incomplete_total=0 new=0 out_of_order_total=2 i2s_backsteps=11 i2s_max_backstep_us=1511 i2s_overflows=0 clock_corrections=197 clock_max_correction_us=1524 emit_marker_seen=1 emit_marker_dt_ms=22 uptime_ms=107262 samples_read=1593472 us_per_sample=37.66 dropped_dma_buffers=0 clock_rate_mhz=15999984
SEQ_TRIAL trial=31 result=expected stage=analyzer reject_reason=result_in_expected_window source_selection=selected_occurrence source_reason=none dt=21ms duration_ms=136 contrast_class=medium amp_class=strong coverage_ms=129 island_max_ms=118 gap_max_ms=6 source_strength=22218.0 verdict_confidence=1.00 dup=0 src_total=1 src_acc=1 src_rej=0 buffer_overrun=0 profile=TonalPulseScalar

#32 ----------------
SEQ_HISTDBG trial=32 incomplete_total=0 new=0 out_of_order_total=2 i2s_backsteps=11 i2s_max_backstep_us=1511 i2s_overflows=0 clock_corrections=203 clock_max_correction_us=1524 emit_marker_seen=1 emit_marker_dt_ms=22 uptime_ms=110462 samples_read=1644672 us_per_sample=37.69 dropped_dma_buffers=0 clock_rate_mhz=15999984
SEQ_TRIAL trial=32 result=expected stage=analyzer reject_reason=result_in_expected_window source_selection=selected_occurrence source_reason=none dt=21ms duration_ms=139 contrast_class=medium amp_class=strong coverage_ms=131 island_max_ms=117 gap_max_ms=7 source_strength=22254.0 verdict_confidence=1.00 dup=0 src_total=1 src_acc=1 src_rej=0 buffer_overrun=0 profile=TonalPulseScalar

#33 ----------------
SEQ_HISTDBG trial=33 incomplete_total=0 new=0 out_of_order_total=2 i2s_backsteps=11 i2s_max_backstep_us=1511 i2s_overflows=0 clock_corrections=210 clock_max_correction_us=1524 emit_marker_seen=1 emit_marker_dt_ms=22 uptime_ms=113662 samples_read=1695872 us_per_sample=37.71 dropped_dma_buffers=0 clock_rate_mhz=15999984
SEQ_TRIAL trial=33 result=expected stage=analyzer reject_reason=result_in_expected_window source_selection=selected_occurrence source_reason=none dt=21ms duration_ms=137 contrast_class=medium amp_class=strong coverage_ms=128 island_max_ms=117 gap_max_ms=8 source_strength=22471.0 verdict_confidence=1.00 dup=0 src_total=1 src_acc=1 src_rej=0 buffer_overrun=0 profile=TonalPulseScalar

#34 ----------------
SEQ_HISTDBG trial=34 incomplete_total=0 new=0 out_of_order_total=2 i2s_backsteps=11 i2s_max_backstep_us=1511 i2s_overflows=0 clock_corrections=216 clock_max_correction_us=1524 emit_marker_seen=1 emit_marker_dt_ms=22 uptime_ms=116862 samples_read=1747072 us_per_sample=37.73 dropped_dma_buffers=0 clock_rate_mhz=15999984
SEQ_TRIAL trial=34 result=expected stage=analyzer reject_reason=result_in_expected_window source_selection=selected_occurrence source_reason=none dt=21ms duration_ms=136 contrast_class=medium amp_class=strong coverage_ms=125 island_max_ms=117 gap_max_ms=10 source_strength=22680.0 verdict_confidence=1.00 dup=0 src_total=1 src_acc=1 src_rej=0 buffer_overrun=0 profile=TonalPulseScalar

#35 ----------------
SEQ_HISTDBG trial=35 incomplete_total=0 new=0 out_of_order_total=2 i2s_backsteps=11 i2s_max_backstep_us=1511 i2s_overflows=0 clock_corrections=223 clock_max_correction_us=1524 emit_marker_seen=1 emit_marker_dt_ms=22 uptime_ms=120062 samples_read=1798272 us_per_sample=37.76 dropped_dma_buffers=0 clock_rate_mhz=15999984
SEQ_TRIAL trial=35 result=expected stage=analyzer reject_reason=result_in_expected_window source_selection=selected_occurrence source_reason=none dt=21ms duration_ms=117 contrast_class=medium amp_class=strong coverage_ms=116 island_max_ms=117 gap_max_ms=0 source_strength=22932.0 verdict_confidence=1.00 dup=0 src_total=1 src_acc=1 src_rej=0 buffer_overrun=0 profile=TonalPulseScalar

#36 ----------------
SEQ_HISTDBG trial=36 incomplete_total=0 new=0 out_of_order_total=2 i2s_backsteps=11 i2s_max_backstep_us=1511 i2s_overflows=0 clock_corrections=229 clock_max_correction_us=1524 emit_marker_seen=1 emit_marker_dt_ms=22 uptime_ms=123262 samples_read=1849472 us_per_sample=37.78 dropped_dma_buffers=0 clock_rate_mhz=15999984
SEQ_TRIAL trial=36 result=expected stage=analyzer reject_reason=result_in_expected_window source_selection=selected_occurrence source_reason=none dt=20ms duration_ms=117 contrast_class=medium amp_class=strong coverage_ms=116 island_max_ms=116 gap_max_ms=0 source_strength=23048.0 verdict_confidence=1.00 dup=0 src_total=1 src_acc=1 src_rej=0 buffer_overrun=0 profile=TonalPulseScalar

#37 ----------------
SEQ_HISTDBG trial=37 incomplete_total=0 new=0 out_of_order_total=2 i2s_backsteps=11 i2s_max_backstep_us=1511 i2s_overflows=0 clock_corrections=235 clock_max_correction_us=1524 emit_marker_seen=1 emit_marker_dt_ms=21 uptime_ms=126462 samples_read=1900672 us_per_sample=37.80 dropped_dma_buffers=0 clock_rate_mhz=15999984
SEQ_TRIAL trial=37 result=expected stage=analyzer reject_reason=result_in_expected_window source_selection=selected_occurrence source_reason=none dt=21ms duration_ms=136 contrast_class=medium amp_class=strong coverage_ms=128 island_max_ms=118 gap_max_ms=6 source_strength=22888.0 verdict_confidence=1.00 dup=0 src_total=1 src_acc=1 src_rej=0 buffer_overrun=0 profile=TonalPulseScalar

#38 ----------------
SEQ_HISTDBG trial=38 incomplete_total=0 new=0 out_of_order_total=2 i2s_backsteps=12 i2s_max_backstep_us=1511 i2s_overflows=0 clock_corrections=242 clock_max_correction_us=1524 emit_marker_seen=1 emit_marker_dt_ms=22 uptime_ms=129662 samples_read=1951872 us_per_sample=37.82 dropped_dma_buffers=0 clock_rate_mhz=16000000
SEQ_TRIAL trial=38 result=expected stage=analyzer reject_reason=result_in_expected_window source_selection=selected_occurrence source_reason=none dt=20ms duration_ms=116 contrast_class=medium amp_class=strong coverage_ms=115 island_max_ms=115 gap_max_ms=0 source_strength=21908.0 verdict_confidence=1.00 dup=0 src_total=1 src_acc=1 src_rej=0 buffer_overrun=0 profile=TonalPulseScalar

#39 ----------------
SEQ_HISTDBG trial=39 incomplete_total=0 new=0 out_of_order_total=2 i2s_backsteps=12 i2s_max_backstep_us=1511 i2s_overflows=0 clock_corrections=248 clock_max_correction_us=1524 emit_marker_seen=1 emit_marker_dt_ms=22 uptime_ms=132862 samples_read=2003072 us_per_sample=37.83 dropped_dma_buffers=0 clock_rate_mhz=16000000
SEQ_TRIAL trial=39 result=expected stage=analyzer reject_reason=result_in_expected_window source_selection=selected_occurrence source_reason=none dt=20ms duration_ms=136 contrast_class=medium amp_class=strong coverage_ms=128 island_max_ms=118 gap_max_ms=7 source_strength=22381.0 verdict_confidence=1.00 dup=0 src_total=1 src_acc=1 src_rej=0 buffer_overrun=0 profile=TonalPulseScalar

#40 ----------------
SEQ_HISTDBG trial=40 incomplete_total=0 new=0 out_of_order_total=2 i2s_backsteps=12 i2s_max_backstep_us=1511 i2s_overflows=0 clock_corrections=254 clock_max_correction_us=1524 emit_marker_seen=1 emit_marker_dt_ms=21 uptime_ms=136062 samples_read=2054272 us_per_sample=37.85 dropped_dma_buffers=0 clock_rate_mhz=16000000
SEQ_TRIAL trial=40 result=expected stage=analyzer reject_reason=result_in_expected_window source_selection=selected_occurrence source_reason=none dt=21ms duration_ms=133 contrast_class=medium amp_class=strong coverage_ms=128 island_max_ms=120 gap_max_ms=4 source_strength=23165.0 verdict_confidence=1.00 dup=0 src_total=1 src_acc=1 src_rej=0 buffer_overrun=0 profile=TonalPulseScalar

#41 ----------------
SEQ_HISTDBG trial=41 incomplete_total=0 new=0 out_of_order_total=2 i2s_backsteps=12 i2s_max_backstep_us=1511 i2s_overflows=0 clock_corrections=261 clock_max_correction_us=1524 emit_marker_seen=1 emit_marker_dt_ms=22 uptime_ms=139262 samples_read=2105472 us_per_sample=37.87 dropped_dma_buffers=0 clock_rate_mhz=16000000
SEQ_TRIAL trial=41 result=expected stage=analyzer reject_reason=result_in_expected_window source_selection=selected_occurrence source_reason=none dt=20ms duration_ms=133 contrast_class=medium amp_class=strong coverage_ms=127 island_max_ms=119 gap_max_ms=5 source_strength=23012.0 verdict_confidence=1.00 dup=0 src_total=1 src_acc=1 src_rej=0 buffer_overrun=0 profile=TonalPulseScalar

#42 ----------------
SEQ_HISTDBG trial=42 incomplete_total=0 new=0 out_of_order_total=2 i2s_backsteps=12 i2s_max_backstep_us=1511 i2s_overflows=0 clock_corrections=267 clock_max_correction_us=1524 emit_marker_seen=1 emit_marker_dt_ms=22 uptime_ms=142462 samples_read=2156672 us_per_sample=37.89 dropped_dma_buffers=0 clock_rate_mhz=16000000
SEQ_TRIAL trial=42 result=expected stage=analyzer reject_reason=result_in_expected_window source_selection=selected_occurrence source_reason=none dt=20ms duration_ms=137 contrast_class=medium amp_class=strong coverage_ms=131 island_max_ms=119 gap_max_ms=4 source_strength=23158.0 verdict_confidence=1.00 dup=0 src_total=1 src_acc=1 src_rej=0 buffer_overrun=0 profile=TonalPulseScalar

#43 ----------------
SEQ_HISTDBG trial=43 incomplete_total=0 new=0 out_of_order_total=2 i2s_backsteps=12 i2s_max_backstep_us=1511 i2s_overflows=0 clock_corrections=273 clock_max_correction_us=1524 emit_marker_seen=1 emit_marker_dt_ms=22 uptime_ms=145662 samples_read=2207872 us_per_sample=37.90 dropped_dma_buffers=0 clock_rate_mhz=16000000
SEQ_TRIAL trial=43 result=expected stage=analyzer reject_reason=result_in_expected_window source_selection=selected_occurrence source_reason=none dt=20ms duration_ms=135 contrast_class=medium amp_class=strong coverage_ms=129 island_max_ms=118 gap_max_ms=5 source_strength=21763.0 verdict_confidence=1.00 dup=0 src_total=1 src_acc=1 src_rej=0 buffer_overrun=0 profile=TonalPulseScalar

#44 ----------------
SEQ_HISTDBG trial=44 incomplete_total=0 new=0 out_of_order_total=2 i2s_backsteps=12 i2s_max_backstep_us=1511 i2s_overflows=0 clock_corrections=280 clock_max_correction_us=1524 emit_marker_seen=1 emit_marker_dt_ms=22 uptime_ms=148862 samples_read=2259072 us_per_sample=37.91 dropped_dma_buffers=0 clock_rate_mhz=16000000
SEQ_TRIAL trial=44 result=expected stage=analyzer reject_reason=result_in_expected_window source_selection=selected_occurrence source_reason=none dt=20ms duration_ms=136 contrast_class=medium amp_class=strong coverage_ms=129 island_max_ms=119 gap_max_ms=5 source_strength=22051.0 verdict_confidence=1.00 dup=0 src_total=1 src_acc=1 src_rej=0 buffer_overrun=0 profile=TonalPulseScalar

#45 ----------------
SEQ_HISTDBG trial=45 incomplete_total=0 new=0 out_of_order_total=2 i2s_backsteps=12 i2s_max_backstep_us=1511 i2s_overflows=0 clock_corrections=286 clock_max_correction_us=1524 emit_marker_seen=1 emit_marker_dt_ms=22 uptime_ms=152062 samples_read=2310272 us_per_sample=37.92 dropped_dma_buffers=0 clock_rate_mhz=16000000
SEQ_TRIAL trial=45 result=expected stage=analyzer reject_reason=result_in_expected_window source_selection=selected_occurrence source_reason=none dt=20ms duration_ms=132 contrast_class=medium amp_class=strong coverage_ms=127 island_max_ms=119 gap_max_ms=4 source_strength=22323.0 verdict_confidence=1.00 dup=0 src_total=1 src_acc=1 src_rej=0 buffer_overrun=0 profile=TonalPulseScalar

#46 ----------------
SEQ_HISTDBG trial=46 incomplete_total=0 new=0 out_of_order_total=2 i2s_backsteps=12 i2s_max_backstep_us=1511 i2s_overflows=0 clock_corrections=292 clock_max_correction_us=1524 emit_marker_seen=1 emit_marker_dt_ms=21 uptime_ms=155262 samples_read=2361472 us_per_sample=37.94 dropped_dma_buffers=0 clock_rate_mhz=16000000
SEQ_TRIAL trial=46 result=expected stage=analyzer reject_reason=result_in_expected_window source_selection=selected_occurrence source_reason=none dt=21ms duration_ms=119 contrast_class=medium amp_class=strong coverage_ms=118 island_max_ms=118 gap_max_ms=0 source_strength=21985.0 verdict_confidence=1.00 dup=0 src_total=1 src_acc=1 src_rej=0 buffer_overrun=0 profile=TonalPulseScalar

#47 ----------------
SEQ_HISTDBG trial=47 incomplete_total=0 new=0 out_of_order_total=2 i2s_backsteps=12 i2s_max_backstep_us=1511 i2s_overflows=0 clock_corrections=299 clock_max_correction_us=1524 emit_marker_seen=1 emit_marker_dt_ms=22 uptime_ms=158462 samples_read=2412672 us_per_sample=37.95 dropped_dma_buffers=0 clock_rate_mhz=16000000
SEQ_TRIAL trial=47 result=expected stage=analyzer reject_reason=result_in_expected_window source_selection=selected_occurrence source_reason=none dt=20ms duration_ms=128 contrast_class=medium amp_class=strong coverage_ms=119 island_max_ms=118 gap_max_ms=7 source_strength=22074.0 verdict_confidence=1.00 dup=0 src_total=1 src_acc=1 src_rej=0 buffer_overrun=0 profile=TonalPulseScalar

#48 ----------------
SEQ_HISTDBG trial=48 incomplete_total=0 new=0 out_of_order_total=2 i2s_backsteps=12 i2s_max_backstep_us=1511 i2s_overflows=0 clock_corrections=305 clock_max_correction_us=1524 emit_marker_seen=1 emit_marker_dt_ms=22 uptime_ms=161662 samples_read=2463872 us_per_sample=37.96 dropped_dma_buffers=0 clock_rate_mhz=16000000
SEQ_TRIAL trial=48 result=expected stage=analyzer reject_reason=result_in_expected_window source_selection=selected_occurrence source_reason=none dt=20ms duration_ms=129 contrast_class=medium amp_class=strong coverage_ms=119 island_max_ms=118 gap_max_ms=8 source_strength=21604.0 verdict_confidence=1.00 dup=0 src_total=1 src_acc=1 src_rej=0 buffer_overrun=0 profile=TonalPulseScalar

#49 ----------------
SEQ_HISTDBG trial=49 incomplete_total=0 new=0 out_of_order_total=2 i2s_backsteps=12 i2s_max_backstep_us=1511 i2s_overflows=0 clock_corrections=311 clock_max_correction_us=1524 emit_marker_seen=1 emit_marker_dt_ms=22 uptime_ms=164862 samples_read=2515072 us_per_sample=37.97 dropped_dma_buffers=0 clock_rate_mhz=16000000
SEQ_TRIAL trial=49 result=expected stage=analyzer reject_reason=result_in_expected_window source_selection=selected_occurrence source_reason=none dt=20ms duration_ms=135 contrast_class=medium amp_class=strong coverage_ms=130 island_max_ms=119 gap_max_ms=4 source_strength=22024.0 verdict_confidence=1.00 dup=0 src_total=1 src_acc=1 src_rej=0 buffer_overrun=0 profile=TonalPulseScalar

#50 ----------------
SEQ_HISTDBG trial=50 incomplete_total=0 new=0 out_of_order_total=2 i2s_backsteps=12 i2s_max_backstep_us=1511 i2s_overflows=0 clock_corrections=318 clock_max_correction_us=1524 emit_marker_seen=1 emit_marker_dt_ms=22 uptime_ms=168062 samples_read=2566272 us_per_sample=37.98 dropped_dma_buffers=0 clock_rate_mhz=16000000
SEQ_TRIAL trial=50 result=expected stage=analyzer reject_reason=result_in_expected_window source_selection=selected_occurrence source_reason=none dt=20ms duration_ms=135 contrast_class=medium amp_class=strong coverage_ms=126 island_max_ms=118 gap_max_ms=7 source_strength=21746.0 verdict_confidence=1.00 dup=0 src_total=1 src_acc=1 src_rej=0 buffer_overrun=0 profile=TonalPulseScalar
SEQ_SUMMARY profile=TonalPulseScalar detector=scalar_transient trials=50 completed=50 expected_trials=50 early_trials=0 late_trials=0 miss_trials=0 duplicate_trials=0 unexpected_trials=0 rejected_trials=0 buffer_overrun_trials=0 ambiguous_trials=0 too_dense_trials=0 detector_accepted_trials=50 detector_reject_trials=0 pattern_valid_trials=50 pattern_rejected_trials=0 avg_dt_ms=21 avg_strength=22480.5 avg_conf=1.00
